
running 37 tests
test node_disk::census::tests::actual_initial_promise_overflow_removes_only_the_unpublished_registration ... ok
test node_disk::census::tests::cancellation_between_steps_closes_actual_stream_and_resets_partial_spare ... ok
test node_disk::census::tests::cancellation_retains_independent_native_close_error_without_retry ... ok
test node_disk::census::tests::checked_geometry_never_substitutes_step_work_for_namespace_capacity ... ok
test node_disk::census::tests::file_and_subdirectory_excess_fail_without_candidate_publication ... ok
test node_disk::census::tests::full_file_and_directory_geometry_progresses_without_reopening_streams ... ok
test node_disk::census::tests::ordinary_initial_failure_retires_descriptors_before_admission_credit ... ok
test node_disk::census::tests::original_tiny_file_population_reconciles_without_reducing_admission ... ok
test node_disk::census::tests::provisional_arc_allocation_retires_before_lease_on_error_and_unwind ... ok
test node_disk::census::tests::uncertain_initial_close_retains_registered_outcome_and_resources_through_error_or_unwind ... ok
test node_disk::census::tests::uncertain_reconcile_close_retains_old_ledger_promises_and_drain_fence ... ok
test node_disk::census::tests::unfinished_or_unwound_session_cannot_publish_partial_candidate ... ok
test node_disk::directory::cursor::tests::alias_denial_and_cancellation_preserve_exact_cursor_and_directory_lifetimes ... ok
test node_disk::directory::cursor::tests::an_unenrolled_actual_entry_fences_and_failed_cursor_cannot_report_later_eof ... ok
test node_disk::directory::cursor::tests::cancellation_preserves_independent_close_error_and_explicit_close_cannot_report_success ... ok
test node_disk::directory::cursor::tests::census_workspace_cursor_limit_does_not_reduce_independent_directory_handle_limit ... ok
test node_disk::directory::cursor::tests::configured_name_boundary_is_read_without_truncation_or_native_name_copy ... ok
test node_disk::directory::cursor::tests::explicit_failed_partial_page_close_cannot_advertise_later_eof ... ok
test node_disk::directory::cursor::tests::managed_same_extent_rename_invalidates_scan_without_fencing_healthy_storage ... ok
test node_disk::directory::cursor::tests::repeated_independent_streams_borrow_bounded_names_and_retire_without_allocating ... ok
test node_disk::directory::cursor::tests::same_length_raw_sparse_materialization_rejects_changed_settled_extent ... ok
test node_disk::directory::cursor::tests::stream_fd_and_buffer_close_before_cursor_credit_and_before_directory_owner_drain ... ok
test node_disk::directory::cursor::tests::uncertain_stream_close_retains_the_actual_installed_owner_after_all_external_arcs_drop ... ok
test node_disk::fixed_map::tests::absent_insertion_rebuilds_before_effect_without_any_new_allocation ... ok
test node_disk::fixed_map::tests::empty_tombstones_require_drain_not_clear_and_reset_does_not_allocate ... ok
test node_disk::fixed_map::tests::failed_and_cancelled_real_census_preserve_old_enrollment_then_publish_complete_candidate ... ok
test node_disk::fixed_map::tests::native_entry_geometry_preserves_original_million_entry_and_handle_policy ... inode_pair_size=112 inode_pair_align=8 live_pair_size=24 live_pair_align=8 inode_two_banks_requested=947912736 live_two_banks_requested=409632 cfg_test_owner=1332147996 physical_allocator_RSS_fit=UNQUALIFIED
ok
test node_disk::fixed_map::tests::occupied_replacement_at_zero_growth_does_not_call_hashmap_insert ... ok
test node_disk::fixed_map::tests::panic_during_spare_copy_preserves_complete_published_active_map ... ok
test node_disk::fixed_map::tests::pinned_requested_bytes_cover_exact_two_bank_allocations_without_growth_factor ... ok
test node_disk::fixed_map::tests::rebuilt_weak_registry_retires_duplicates_before_actual_last_weak_allocation_destruction ... ok
test node_disk::fixed_map::tests::repeated_churn_retains_every_logical_slot_without_allocating_or_reducing_limits ... ok
test node_disk::fixed_map::tests::smaller_census_stage_preserves_full_retained_quota_after_swap_and_cancel ... ok
test node_disk::ledger::tests::peak_cardinality_overflow_fails_before_allocation ... ok
test node_disk::ledger::tests::retained_and_replacement_bounds_preserve_independent_file_capacity ... ok
test node_disk::ledger::tests::typed_entries_never_reinterpret_another_inode_kind ... ok
test node_disk::ledger::tests::unified_identity_rejects_cross_kind_double_enrollment ... ok

test result: ok. 37 passed; 0 failed; 0 ignored; 0 measured; 5 filtered out; finished in 1.14s

