error[E0277]: the trait bound `uuid::Uuid: serde::Serialize` is not satisfied
    --> /Users/mtakemiya/dev/kasumi/target/installed-disk-validation/backup-namespace-admission/native-02/backup_sessions_scoped.rs:33:12
     |
  33 |     File { id: Uuid },
     |            ^^ the trait `Serialize` is not implemented for `uuid::Uuid`
     |
     = note: for local types consider adding `#[derive(serde::Serialize)]` to your `uuid::Uuid` type
     = note: for types from other crates check whether the crate offers a `serde` feature flag
     = help: the following other types implement trait `Serialize`:
               &'a T
               &'a mut T
               ()
               (T,)
               (T0, T1)
               (T0, T1, T2)
               (T0, T1, T2, T3)
               (T0, T1, T2, T3, T4)
             and 139 others
note: required by a bound in `node_disk::_::_serde::ser::SerializeStruct::serialize_field`
    --> /Users/mtakemiya/.cargo/registry/src/index.crates.io-1949cf8c6b5b557f/serde_core-1.0.229/src/ser/mod.rs:1917:21
     |
1915 |     fn serialize_field<T>(&mut self, key: &'static str, value: &T) -> Result<(), Self::Error>
     |        --------------- required by a bound in this associated function
1916 |     where
1917 |         T: ?Sized + Serialize;
     |                     ^^^^^^^^^ required by this bound in `SerializeStruct::serialize_field`

error[E0277]: the trait bound `uuid::Uuid: serde::Serialize` is not satisfied
    --> /Users/mtakemiya/dev/kasumi/target/installed-disk-validation/backup-namespace-admission/native-02/backup_sessions_scoped.rs:34:17
     |
  34 |     S3Version { id: Uuid, version_id: String },
     |                 ^^ the trait `Serialize` is not implemented for `uuid::Uuid`
     |
     = note: for local types consider adding `#[derive(serde::Serialize)]` to your `uuid::Uuid` type
     = note: for types from other crates check whether the crate offers a `serde` feature flag
     = help: the following other types implement trait `Serialize`:
               &'a T
               &'a mut T
               ()
               (T,)
               (T0, T1)
               (T0, T1, T2)
               (T0, T1, T2, T3)
               (T0, T1, T2, T3, T4)
             and 139 others
note: required by a bound in `node_disk::_::_serde::ser::SerializeStruct::serialize_field`
    --> /Users/mtakemiya/.cargo/registry/src/index.crates.io-1949cf8c6b5b557f/serde_core-1.0.229/src/ser/mod.rs:1917:21
     |
1915 |     fn serialize_field<T>(&mut self, key: &'static str, value: &T) -> Result<(), Self::Error>
     |        --------------- required by a bound in this associated function
1916 |     where
1917 |         T: ?Sized + Serialize;
     |                     ^^^^^^^^^ required by this bound in `SerializeStruct::serialize_field`

error[E0277]: the trait bound `uuid::Uuid: serde::Deserialize<'de>` is not satisfied
    --> /Users/mtakemiya/dev/kasumi/target/installed-disk-validation/backup-namespace-admission/native-02/backup_sessions_scoped.rs:33:16
     |
  33 |     File { id: Uuid },
     |                ^^^^ the trait `Deserialize<'_>` is not implemented for `uuid::Uuid`
     |
     = note: for local types consider adding `#[derive(serde::Deserialize)]` to your `uuid::Uuid` type
     = note: for types from other crates check whether the crate offers a `serde` feature flag
     = help: the following other types implement trait `Deserialize<'de>`:
               &'a Path
               &'a [u8]
               &'a str
               ()
               (T,)
               (T0, T1)
               (T0, T1, T2)
               (T0, T1, T2, T3)
             and 153 others
note: required by a bound in `next_element`
    --> /Users/mtakemiya/.cargo/registry/src/index.crates.io-1949cf8c6b5b557f/serde_core-1.0.229/src/de/mod.rs:1771:12
     |
1769 |     fn next_element<T>(&mut self) -> Result<Option<T>, Self::Error>
     |        ------------ required by a bound in this associated function
1770 |     where
1771 |         T: Deserialize<'de>,
     |            ^^^^^^^^^^^^^^^^ required by this bound in `SeqAccess::next_element`

error[E0277]: the trait bound `uuid::Uuid: serde::Deserialize<'de>` is not satisfied
    --> /Users/mtakemiya/dev/kasumi/target/installed-disk-validation/backup-namespace-admission/native-02/backup_sessions_scoped.rs:33:16
     |
  33 |     File { id: Uuid },
     |                ^^^^ the trait `Deserialize<'_>` is not implemented for `uuid::Uuid`
     |
     = note: for local types consider adding `#[derive(serde::Deserialize)]` to your `uuid::Uuid` type
     = note: for types from other crates check whether the crate offers a `serde` feature flag
     = help: the following other types implement trait `Deserialize<'de>`:
               &'a Path
               &'a [u8]
               &'a str
               ()
               (T,)
               (T0, T1)
               (T0, T1, T2)
               (T0, T1, T2, T3)
             and 153 others
note: required by a bound in `next_value`
    --> /Users/mtakemiya/.cargo/registry/src/index.crates.io-1949cf8c6b5b557f/serde_core-1.0.229/src/de/mod.rs:1916:12
     |
1914 |     fn next_value<V>(&mut self) -> Result<V, Self::Error>
     |        ---------- required by a bound in this associated function
1915 |     where
1916 |         V: Deserialize<'de>,
     |            ^^^^^^^^^^^^^^^^ required by this bound in `MapAccess::next_value`

error[E0277]: the trait bound `uuid::Uuid: serde::Deserialize<'de>` is not satisfied
  --> /Users/mtakemiya/dev/kasumi/target/installed-disk-validation/backup-namespace-admission/native-02/backup_sessions_scoped.rs:30:50
   |
30 | #[derive(Debug, Clone, PartialEq, Eq, Serialize, Deserialize)]
   |                                                  ^^^^^^^^^^^ the trait `Deserialize<'_>` is not implemented for `uuid::Uuid`
   |
   = note: for local types consider adding `#[derive(serde::Deserialize)]` to your `uuid::Uuid` type
   = note: for types from other crates check whether the crate offers a `serde` feature flag
   = help: the following other types implement trait `Deserialize<'de>`:
             &'a Path
             &'a [u8]
             &'a str
             ()
             (T,)
             (T0, T1)
             (T0, T1, T2)
             (T0, T1, T2, T3)
           and 153 others
note: required by a bound in `node_disk::_::_serde::__private229::de::missing_field`
  --> /Users/mtakemiya/.cargo/registry/src/index.crates.io-1949cf8c6b5b557f/serde-1.0.229/src/private/de.rs:26:8
   |
24 | pub fn missing_field<'de, V, E>(field: &'static str) -> Result<V, E>
   |        ------------- required by a bound in this function
25 | where
26 |     V: Deserialize<'de>,
   |        ^^^^^^^^^^^^^^^^ required by this bound in `missing_field`
   = note: this error originates in the derive macro `Deserialize` (in Nightly builds, run with -Z macro-backtrace for more info)

error[E0277]: the trait bound `uuid::Uuid: serde::Deserialize<'de>` is not satisfied
    --> /Users/mtakemiya/dev/kasumi/target/installed-disk-validation/backup-namespace-admission/native-02/backup_sessions_scoped.rs:34:21
     |
  34 |     S3Version { id: Uuid, version_id: String },
     |                     ^^^^ the trait `Deserialize<'_>` is not implemented for `uuid::Uuid`
     |
     = note: for local types consider adding `#[derive(serde::Deserialize)]` to your `uuid::Uuid` type
     = note: for types from other crates check whether the crate offers a `serde` feature flag
     = help: the following other types implement trait `Deserialize<'de>`:
               &'a Path
               &'a [u8]
               &'a str
               ()
               (T,)
               (T0, T1)
               (T0, T1, T2)
               (T0, T1, T2, T3)
             and 153 others
note: required by a bound in `next_element`
    --> /Users/mtakemiya/.cargo/registry/src/index.crates.io-1949cf8c6b5b557f/serde_core-1.0.229/src/de/mod.rs:1771:12
     |
1769 |     fn next_element<T>(&mut self) -> Result<Option<T>, Self::Error>
     |        ------------ required by a bound in this associated function
1770 |     where
1771 |         T: Deserialize<'de>,
     |            ^^^^^^^^^^^^^^^^ required by this bound in `SeqAccess::next_element`

error[E0277]: the trait bound `uuid::Uuid: serde::Deserialize<'de>` is not satisfied
    --> /Users/mtakemiya/dev/kasumi/target/installed-disk-validation/backup-namespace-admission/native-02/backup_sessions_scoped.rs:34:21
     |
  34 |     S3Version { id: Uuid, version_id: String },
     |                     ^^^^ the trait `Deserialize<'_>` is not implemented for `uuid::Uuid`
     |
     = note: for local types consider adding `#[derive(serde::Deserialize)]` to your `uuid::Uuid` type
     = note: for types from other crates check whether the crate offers a `serde` feature flag
     = help: the following other types implement trait `Deserialize<'de>`:
               &'a Path
               &'a [u8]
               &'a str
               ()
               (T,)
               (T0, T1)
               (T0, T1, T2)
               (T0, T1, T2, T3)
             and 153 others
note: required by a bound in `next_value`
    --> /Users/mtakemiya/.cargo/registry/src/index.crates.io-1949cf8c6b5b557f/serde_core-1.0.229/src/de/mod.rs:1916:12
     |
1914 |     fn next_value<V>(&mut self) -> Result<V, Self::Error>
     |        ---------- required by a bound in this associated function
1915 |     where
1916 |         V: Deserialize<'de>,
     |            ^^^^^^^^^^^^^^^^ required by this bound in `MapAccess::next_value`

error: aborting due to 7 previous errors

For more information about this error, try `rustc --explain E0277`.
