    Checking serde_json v1.0.151
    Checking h2 v0.4.19
    Checking bitmaps v3.2.1 (/private/tmp/kasumi-production-drain-validation/vendor/bitmaps-3.2.1)
    Checking imbl-sized-chunks v0.1.3
    Checking imbl v7.0.1
    Checking tower v0.5.3
    Checking hyper v1.11.1
    Checking kasumi-clock v0.1.0 (/private/tmp/kasumi-production-drain-validation/crates/kasumi-clock)
    Checking hyper-util v0.1.20
    Checking tokio-rustls v0.26.5
    Checking lindera-dictionary v5.3.0
    Checking hyper-timeout v0.5.2
    Checking kasumi-types v0.1.0 (/private/tmp/kasumi-production-drain-validation/crates/kasumi-types)
    Checking tokio-stream v0.1.19
    Checking tonic v0.14.6
    Checking hyper-rustls v0.27.9
    Checking lindera-ipadic v5.3.0
    Checking tower-http v0.6.11
    Checking lru v0.16.4 (/private/tmp/kasumi-production-drain-validation/vendor/lru-0.16.4)
    Checking tantivy-query-grammar v0.26.0
    Checking reqwest v0.12.28
    Checking lindera v5.3.0
    Checking kasumi-transport v0.1.0 (/private/tmp/kasumi-production-drain-validation/crates/kasumi-transport)
    Checking tantivy v0.26.1
    Checking kasumi-serving v0.1.0 (/private/tmp/kasumi-production-drain-validation/crates/kasumi-serving)
    Checking referencing v0.52.1
    Checking openraft v0.9.25
    Checking kasumi-store v0.1.0 (/private/tmp/kasumi-production-drain-validation/crates/kasumi-store)
    Checking lindera-analysis v5.3.0
    Checking jsonschema-value v0.52.1
    Checking kasumi-raft v0.1.0 (/private/tmp/kasumi-production-drain-validation/crates/kasumi-raft)
    Checking jsonschema v0.52.1
    Checking lindera-tantivy v5.0.1
    Checking kasumi-query v0.1.0 (/private/tmp/kasumi-production-drain-validation/crates/kasumi-query)
    Checking kasumi-authority v0.1.0 (/private/tmp/kasumi-production-drain-validation/crates/kasumi-authority)
    Checking kasumi-engine v0.1.0 (/private/tmp/kasumi-production-drain-validation/crates/kasumi-engine)
    Finished `dev` profile [unoptimized + debuginfo] target(s) in 1m 25s
