   Compiling ring v0.17.14
   Compiling serde_json v1.0.151
    Checking tinystr v0.8.4
    Checking indexmap v2.14.1
    Checking icu_locale_core v2.3.0
    Checking zerotrie v0.2.5
    Checking icu_collections v2.3.0
    Checking icu_provider v2.3.1
    Checking icu_properties v2.3.0
    Checking icu_normalizer v2.3.0
    Checking idna_adapter v1.2.2
    Checking idna v1.1.0
    Checking url v2.5.8
    Checking h2 v0.4.19
   Compiling rustls v0.23.43
    Checking tower v0.5.3
    Checking rustls-webpki v0.103.15
    Checking hyper v1.11.1
    Checking tokio-rustls v0.26.5
    Checking kasumi-types v0.1.0 (/private/tmp/kasumi-production-custody-tables/crates/kasumi-types)
    Checking hyper-util v0.1.20
    Checking hyper-timeout v0.5.2
    Checking tokio-stream v0.1.19
    Checking tonic v0.14.6
    Checking hyper-rustls v0.27.9
    Checking tower-http v0.6.11
   Compiling rustix v1.1.4
    Checking reqwest v0.12.28
    Checking kasumi-serving v0.1.0 (/private/tmp/kasumi-production-custody-tables/crates/kasumi-serving)
    Checking kasumi-transport v0.1.0 (/private/tmp/kasumi-production-custody-tables/crates/kasumi-transport)
   Compiling xattr v1.6.1
   Compiling rayon v1.12.0
   Compiling ureq v3.4.0
   Compiling tar v0.4.46
    Checking chrono v0.4.45
    Checking kasumi-store v0.1.0 (/private/tmp/kasumi-production-custody-tables/crates/kasumi-store)
   Compiling lindera-dictionary v5.3.0
    Checking openraft v0.9.25
   Compiling lindera-ipadic v5.3.0
    Checking kasumi-raft v0.1.0 (/private/tmp/kasumi-production-custody-tables/crates/kasumi-raft)
    Checking serde_yaml_ng v0.10.0
    Checking lindera v5.3.0
    Checking tantivy-query-grammar v0.26.0
    Checking lindera-analysis v5.3.0
    Checking jsonschema-value v0.52.1
    Checking referencing v0.52.1
    Checking tantivy v0.26.1
    Checking base64 v0.23.1
    Checking pem v4.0.0
    Checking jsonschema v0.52.1
    Checking axum v0.8.9
    Checking lindera-tantivy v5.0.1
    Checking kasumi-query v0.1.0 (/private/tmp/kasumi-production-custody-tables/crates/kasumi-query)
    Checking rcgen v0.14.10
    Checking kasumi-engine v0.1.0 (/private/tmp/kasumi-production-custody-tables/crates/kasumi-engine)
error[E0599]: no method named `replace_namespace` found for struct `std::sync::Arc<TenantStore>` in the current scope
    --> crates/kasumi-store/src/tests.rs:1001:11
     |
1001 |     store.replace_namespace("authority", &staged).unwrap();
     |           ^^^^^^^^^^^^^^^^^
     |
help: there is a method `replace_namespaces` with a similar name
     |
1001 |     store.replace_namespaces("authority", &staged).unwrap();
     |                            +

error[E0599]: no method named `replace_namespace` found for struct `std::sync::Arc<TenantStore>` in the current scope
    --> crates/kasumi-store/src/tests.rs:1016:19
     |
1016 |     assert!(store.replace_namespace("", &staged).is_err());
     |                   ^^^^^^^^^^^^^^^^^
     |
help: there is a method `replace_namespaces` with a similar name
     |
1016 |     assert!(store.replace_namespaces("", &staged).is_err());
     |                                    +

For more information about this error, try `rustc --explain E0599`.
error: could not compile `kasumi-store` (lib test) due to 2 previous errors
warning: build failed, waiting for other jobs to finish...
