warning: unused import: `Error`
  --> src/db.rs:11:37
   |
11 |     CompactionError, DatabaseError, Error, ReadOnlyTable, ReadableTable, SavepointError,
   |                                     ^^^^^
   |
   = note: `#[warn(unused_imports)]` (part of `#[warn(unused)]`) on by default

warning: `redb` (lib test) generated 1 warning (run `cargo fix --lib -p redb --tests` to apply 1 suggestion)
    Finished `test` profile [unoptimized + debuginfo] target(s) in 0.03s
     Running unittests src/lib.rs (/Users/mtakemiya/dev/kasumi-redb-admission-target/debug/deps/redb-3b041280eaede368)

running 1 test
test admission::tests::commit_metadata_denial_rolls_back_before_winning_header ... FAILED

failures:

---- admission::tests::commit_metadata_denial_rolls_back_before_winning_header stdout ----

thread 'admission::tests::commit_metadata_denial_rolls_back_before_winning_header' (2652162) panicked at src/tree_store/page_store/base.rs:331:17:
Page tracker is closed
stack backtrace:
   0: __rustc::rust_begin_unwind
             at /rustc/8bab26f4f68e0e26f0bb7960be334d5b520ea452/library/std/src/panicking.rs:689:5
   1: core::panicking::panic_fmt
             at /rustc/8bab26f4f68e0e26f0bb7960be334d5b520ea452/library/core/src/panicking.rs:80:14
   2: <redb::tree_store::page_store::base::PageTrackerPolicy>::close
             at ./src/tree_store/page_store/base.rs:331:17
   3: <redb::tree_store::page_store::base::PageTracker>::close
             at ./src/tree_store/page_store/base.rs:418:32
   4: <redb::tree_store::table_tree::TableTreeMut>::clear_root_updates_and_close
             at ./src/tree_store/table_tree.rs:327:30
   5: <redb::transactions::WriteTransaction>::abort_inner
             at ./src/transactions.rs:1919:14
   6: <redb::transactions::WriteTransaction>::commit_inner
             at ./src/transactions.rs:1671:18
   7: <redb::transactions::WriteTransaction>::commit
             at ./src/transactions.rs:1659:14
   8: redb::admission::tests::commit_metadata_denial_rolls_back_before_winning_header
             at ./src/admission/tests.rs:125:21
   9: redb::admission::tests::commit_metadata_denial_rolls_back_before_winning_header::{closure#0}
             at ./src/admission/tests.rs:112:61
  10: <redb::admission::tests::commit_metadata_denial_rolls_back_before_winning_header::{closure#0} as core::ops::function::FnOnce<()>>::call_once
             at /rustc/8bab26f4f68e0e26f0bb7960be334d5b520ea452/library/core/src/ops/function.rs:250:5
  11: <fn() -> core::result::Result<(), alloc::string::String> as core::ops::function::FnOnce<()>>::call_once
             at /rustc/8bab26f4f68e0e26f0bb7960be334d5b520ea452/library/core/src/ops/function.rs:250:5
note: Some details are omitted, run with `RUST_BACKTRACE=full` for a verbose backtrace.


failures:
    admission::tests::commit_metadata_denial_rolls_back_before_winning_header

test result: FAILED. 0 passed; 1 failed; 0 ignored; 0 measured; 89 filtered out; finished in 1.20s

error: test failed, to rerun pass `--lib`
