   Compiling redb v4.2.0 (/Users/mtakemiya/dev/kasumi-worktrees/redb-admission-20260920/vendor/redb-4.2.0)
warning: variant `None` is never constructed
   --> src/transactions.rs:385:5
    |
384 | enum InternalDurability {
    |      ------------------ variant in this enum
385 |     None,
    |     ^^^^
    |
    = note: `InternalDurability` has derived impls for the traits `Debug` and `Clone`, but these are intentionally ignored during dead code analysis
    = note: `#[warn(dead_code)]` (part of `#[warn(unused)]`) on by default

warning: method `has_created_or_deleted` is never used
   --> src/transactions.rs:828:8
    |
805 | impl SavepointTransactionState {
    | ------------------------------ method in this implementation
...
828 |     fn has_created_or_deleted(&self) -> bool {
    |        ^^^^^^^^^^^^^^^^^^^^^^

warning: `redb` (lib test) generated 2 warnings
    Finished `test` profile [unoptimized + debuginfo] target(s) in 1.83s
     Running unittests src/lib.rs (/Users/mtakemiya/dev/kasumi-redb-admission-target/debug/deps/redb-3b041280eaede368)

running 97 tests
test admission::tests::construction_denial_never_grows_or_fails_owner ... ok
test admission::tests::explicit_close_propagates_failure_and_never_closes_backend_twice ... ok
test admission::tests::explicit_close_returns_busy_owner_and_drop_does_not_reserve_checkpoint_growth ... ok
test admission::tests::winning_header_and_destructor_are_followed_by_no_heap_allocations ... ok
test admission::tests::caught_capacity_denial_aborts_all_tables_and_keeps_pinned_read_root ... ok
test db::test::open_empty_file ... ok
test admission::tests::persistent_savepoints_survive_explicit_close_but_borrowed_handles_block_it ... ok
test admission::tests::rollback_and_savepoint_publication_do_not_allocate_after_their_fallible_work ... ok
test db::test::open_missing_file ... ok
test db::test::create_new_db_in_empty_file ... ok
test db::test::crash_regression4 ... ok
test db::test::small_pages ... ok
test db::test::small_pages3 ... ok
test io::no_std::test::accepts_an_owned_message ... ok
test io::no_std::test::display_is_the_message ... ok
test sync::spin::test::condvar_wakes_waiter ... ok
test sync::spin::test::mutex_debug ... ok
test sync::spin::test::mutex_is_exclusive ... ok
test sync::spin::test::mutex_try_lock ... ok
test sync::spin::test::rwlock_readers_are_concurrent ... ok
test sync::spin::test::rwlock_writer_is_exclusive ... ok
test transaction_tracker::test::non_durable_commit_without_freed_pages_is_not_unprocessed ... ok
test db::test::small_pages4 ... ok
test db::test::transient_io_error ... ok
test tree_store::btree::tests::test_cycle_detection_in_btree ... ok
test tree_store::btree::tests::test_page_path_cycle_detection ... ok
test tree_store::btree::tests::test_verify_checksum_cycle_detection ... ok
test tree_store::btree_base::tests::branch_split_respects_max_keys_by_count ... ok
test tree_store::btree_base::tests::leaf_inplace_append_up_to_max_pairs ... ok
test transactions::test::transaction_id_persistence ... ok
test db::test::small_pages2 ... ok
test tree_store::btree_base::tests::leaf_inplace_insert_rejected_at_max_pairs ... ok
test transactions::test::committed_deletion_has_no_allocating_epilogue ... ok
test tree_store::btree_cursor::tests::cursor_mut_stays_parked_at_tree_edge ... ok
test tree_store::btree_cursor::tests::cursor_preserves_boundary_gap_after_failed_next ... ok
test tree_store::btree_cursor::tests::cursor_preserves_boundary_gap_after_failed_prev ... ok
test tree_store::btree_cursor::tests::poisoned_cursor_mut_re_raises ... ok
test tree_store::page_store::base::test::last_page ... ok
test tree_store::btree_base::tests::leaf_split_respects_max_pairs ... ok
test tree_store::page_store::base::test::reserved_bits ... ok
test tree_store::btree_base::tests::leaf_split_respects_max_pairs_by_count ... ok
test tree_store::page_store::bitmap::test::all_space_used ... ok
test admission::tests::commit_metadata_denial_rolls_back_before_winning_header ... ok
test tree_store::page_store::bitmap::test::alloc ... ok
test tree_store::page_store::bitmap::test::find_free ... ok
test tree_store::page_store::bitmap::test::free ... ok
test tree_store::page_store::bitmap::test::record_alloc ... ok
test tree_store::page_store::bitmap::test::resize_beyond_initial_capacity ... ok
test tree_store::page_store::bitmap::test::reuse_lowest ... ok
test tree_store::page_store::buddy_allocator::test::alloc_large ... ok
test tree_store::page_store::buddy_allocator::test::record_alloc_buddy ... ok
test tree_store::page_store::buddy_allocator::test::buddy_merge ... ok
test tree_store::page_store::cached_file::test::buffered_pages_spill_under_pressure ... ok
test tree_store::page_store::cached_file::test::discard_write_buffer_drops_buffered_pages ... ok
test tree_store::page_store::buddy_allocator::test::serialized_size ... ok
test tree_store::page_store::cached_file::test::cache_leak ... ok
test tree_store::page_store::cached_file::test::resize_preserves_cached_pages ... ok
test transactions::test::discarded_allocator_state_poisons_database ... ok
test tree_store::page_store::cached_file::test::write_barrier_issues_no_file_writes ... ok
test tree_store::page_store::cached_file::test::write_buffer_budget_enforced_across_stripes ... ok
test tree_store::page_store::cached_file::test::retained_pages_do_not_starve_read_cache ... ok
test tree_store::page_store::cached_file::test::zero_size_cache_stays_empty_after_reclaim ... ok
test tree_store::page_store::header::test::abort_repair ... ok
test tree_store::page_store::bitmap::test::random_pattern ... ok
test tree_store::page_store::header::test::magic_number ... ok
test tree_store::page_store::header::test::drop_releases_backend_without_clean_checkpoint ... ok
test tree_store::page_store::header::test::oversized_region_count_file_is_rejected ... ok
test tree_store::page_store::header::test::externally_extended_file_is_rejected ... ok
test tree_store::page_store::header::test::check_integrity_recomputes_root_lengths ... ok
test tree_store::page_store::header::test::recovery_does_not_launder_torn_slot ... ok
test tree_store::page_store::header::test::oversized_system_root_page_order_is_reported_as_corruption_read_only ... ok
test tree_store::page_store::header::test::oversized_root_page_order_is_reported_as_corruption ... ok
test admission::tests::publication_and_sync_uncertainty_fences_once_and_reopens_an_atomic_root ... ok
test tree_store::page_store::header::test::repair_allocator_checksums ... ok
test tree_store::page_store::header::test::repair_empty ... ok
test tree_store::page_store::header::test::repair_insert_reserve_regression ... ok
test tree_store::page_store::page_manager::test::invalidate_allocator_state_tolerates_poison ... ok
test tree_store::page_store::page_manager::test::free_merge_remarks_region_tracker ... ok
test tree_store::page_store::page_manager::test::mark_page_allocated_rejects_corrupt_page_numbers ... ok
test tree_store::page_store::header::test::repair_falls_back_to_secondary_on_invalid_primary_root ... ok
test tree_store::page_store::page_manager::test::oversized_page_order_is_rejected ... ok
test tree_store::page_store::savepoint::test::corrupted_record_errors ... ok
test tree_store::page_store::xxh3::test::test_empty ... ok
test tree_store::table_tree::test::round_trip ... ok
test tuple_types::test::width ... ok
test types::tests::builtin_composites_use_internal3_and_match_legacy ... ok
test tree_store::page_store::header::test::truncated_file_is_rejected ... ok
test types::tests::classification_is_readable_through_reconstruction ... ok
test types::tests::composite_of_user_type_no_longer_collides_with_builtin ... ok
test types::tests::legacy_matching_accepts_pre_bubbling_spelling ... ok
test tree_store::page_store::header::test::torn_layout_fields_recover_from_file_length ... ok
test tree_store::page_store::page_manager::test::panic ... ok
test tree_store::page_store::header::test::corrupt_header_layout_fields_are_rejected ... ok
test db::test::dynamic_shrink ... ok
test admission::tests::repeated_reopen_reclaims_deleted_pages_without_leaking_capacity ... ok
test admission::tests::both_abort_forms_retain_successful_growth_and_permit_later_writes ... ok
test tree_store::page_store::page_manager::test::out_of_regions ... ok

test result: ok. 97 passed; 0 failed; 0 ignored; 0 measured; 0 filtered out; finished in 17.68s

