 Downloading crates ...
  Downloaded quote v1.0.46
   Compiling proc-macro2 v1.0.106
   Compiling quote v1.0.46
   Compiling unicode-ident v1.0.24
   Compiling redb v4.2.0 (/Users/mtakemiya/dev/kasumi-worktrees/redb-admission-20260920/vendor/redb-4.2.0)
   Compiling syn v2.0.119
   Compiling redb-derive v0.1.0 (/Users/mtakemiya/dev/kasumi-worktrees/redb-admission-20260920/vendor/redb-4.2.0/crates/redb-derive)
warning: unused import: `warn`
  --> src/transactions.rs:41:18
   |
41 | use log::{debug, warn};
   |                  ^^^^
   |
   = note: `#[warn(unused_imports)]` (part of `#[warn(unused)]`) on by default

warning: variant `None` is never constructed
   --> src/transactions.rs:385:5
    |
384 | enum InternalDurability {
    |      ------------------ variant in this enum
385 |     None,
    |     ^^^^
    |
    = note: `InternalDurability` has derived impls for the traits `Debug` and `Clone`, but these are intentionally ignored during dead code analysis
    = note: `#[warn(dead_code)]` (part of `#[warn(unused)]`) on by default

warning: method `has_created_or_deleted` is never used
   --> src/transactions.rs:828:8
    |
805 | impl SavepointTransactionState {
    | ------------------------------ method in this implementation
...
828 |     fn has_created_or_deleted(&self) -> bool {
    |        ^^^^^^^^^^^^^^^^^^^^^^

warning: `redb` (lib) generated 3 warnings (run `cargo fix --lib -p redb` to apply 1 suggestion)
warning: unused `Result` that must be used
   --> tests/integration_tests.rs:982:5
    |
982 |     txn.set_quick_repair(quick_repair);
    |     ^^^^^^^^^^^^^^^^^^^^^^^^^^^^^^^^^^
    |
    = note: this `Result` may be an `Err` variant, which should be handled
    = note: `#[warn(unused_must_use)]` (part of `#[warn(unused)]`) on by default
help: use `let _ = ...` to ignore the resulting value
    |
982 |     let _ = txn.set_quick_repair(quick_repair);
    |     +++++++

warning: `redb` (test "integration_tests") generated 1 warning
error[E0599]: no method named `get` found for struct `ReadOnlyTable<K, V>` in the current scope
   --> src/admission/tests.rs:52:22
    |
 52 |     assert_eq!(table.get(0).unwrap().unwrap().value(), b"committed");
    |                      ^^^ method not found in `ReadOnlyTable<u64, &[u8]>`
    |
   ::: src/table.rs:627:8
    |
627 |     fn get<'a>(&self, key: impl Borrow<K::SelfType<'a>>) -> Result<Option<AccessGuard<'_, V>>>;
    |        --- the method is available for `ReadOnlyTable<u64, &[u8]>` here
...
857 | pub struct ReadOnlyTable<K: Key + 'static, V: Value + 'static> {
    | -------------------------------------------------------------- method `get` not found for this struct
    |
    = help: items from traits can only be used if the trait is in scope
help: trait `ReadableTable` which provides `get` is implemented but not in scope; perhaps you want to import it
    |
  1 + use crate::table::ReadableTable;
    |

error[E0599]: no method named `get` found for struct `ReadOnlyTable<K, V>` in the current scope
   --> src/admission/tests.rs:53:19
    |
 53 |     assert!(table.get(1).unwrap().is_none());
    |                   ^^^ method not found in `ReadOnlyTable<u64, &[u8]>`
    |
   ::: src/table.rs:627:8
    |
627 |     fn get<'a>(&self, key: impl Borrow<K::SelfType<'a>>) -> Result<Option<AccessGuard<'_, V>>>;
    |        --- the method is available for `ReadOnlyTable<u64, &[u8]>` here
...
857 | pub struct ReadOnlyTable<K: Key + 'static, V: Value + 'static> {
    | -------------------------------------------------------------- method `get` not found for this struct
    |
    = help: items from traits can only be used if the trait is in scope
help: trait `ReadableTable` which provides `get` is implemented but not in scope; perhaps you want to import it
    |
  1 + use crate::table::ReadableTable;
    |

error[E0599]: no method named `get` found for struct `ReadOnlyTable<K, V>` in the current scope
   --> src/admission/tests.rs:86:50
    |
 86 |     assert_eq!(pinned.open_table(TABLE).unwrap().get(0).unwrap().unwrap().value(), b"committed");
    |                                                  ^^^ method not found in `ReadOnlyTable<u64, &[u8]>`
    |
   ::: src/table.rs:627:8
    |
627 |     fn get<'a>(&self, key: impl Borrow<K::SelfType<'a>>) -> Result<Option<AccessGuard<'_, V>>>;
    |        --- the method is available for `ReadOnlyTable<u64, &[u8]>` here
...
857 | pub struct ReadOnlyTable<K: Key + 'static, V: Value + 'static> {
    | -------------------------------------------------------------- method `get` not found for this struct
    |
    = help: items from traits can only be used if the trait is in scope
help: trait `ReadableTable` which provides `get` is implemented but not in scope; perhaps you want to import it
    |
  1 + use crate::table::ReadableTable;
    |

error[E0599]: no method named `get` found for struct `ReadOnlyTable<K, V>` in the current scope
   --> src/admission/tests.rs:216:26
    |
216 |         assert_eq!(table.get(0).unwrap().unwrap().value(), b"committed");
    |                          ^^^ method not found in `ReadOnlyTable<u64, &[u8]>`
    |
   ::: src/table.rs:627:8
    |
627 |     fn get<'a>(&self, key: impl Borrow<K::SelfType<'a>>) -> Result<Option<AccessGuard<'_, V>>>;
    |        --- the method is available for `ReadOnlyTable<u64, &[u8]>` here
...
857 | pub struct ReadOnlyTable<K: Key + 'static, V: Value + 'static> {
    | -------------------------------------------------------------- method `get` not found for this struct
    |
    = help: items from traits can only be used if the trait is in scope
help: trait `ReadableTable` which provides `get` is implemented but not in scope; perhaps you want to import it
    |
  1 + use crate::table::ReadableTable;
    |

error[E0599]: no method named `get` found for struct `ReadOnlyTable<K, V>` in the current scope
   --> src/admission/tests.rs:217:36
    |
217 |         if let Some(value) = table.get(1).unwrap() { assert_eq!(value.value(), b"replacement"); }
    |                                    ^^^ method not found in `ReadOnlyTable<u64, &[u8]>`
    |
   ::: src/table.rs:627:8
    |
627 |     fn get<'a>(&self, key: impl Borrow<K::SelfType<'a>>) -> Result<Option<AccessGuard<'_, V>>>;
    |        --- the method is available for `ReadOnlyTable<u64, &[u8]>` here
...
857 | pub struct ReadOnlyTable<K: Key + 'static, V: Value + 'static> {
    | -------------------------------------------------------------- method `get` not found for this struct
    |
    = help: items from traits can only be used if the trait is in scope
help: trait `ReadableTable` which provides `get` is implemented but not in scope; perhaps you want to import it
    |
  1 + use crate::table::ReadableTable;
    |

For more information about this error, try `rustc --explain E0599`.
warning: `redb` (lib test) generated 1 warning (1 duplicate)
error: could not compile `redb` (lib test) due to 5 previous errors; 1 warning emitted
