   Compiling redb v4.2.0 (/Users/mtakemiya/dev/kasumi-worktrees/redb-admission-20260920/vendor/redb-4.2.0)
error[E0584]: found a documentation comment that doesn't document anything
   --> src/tree_store/page_store/page_manager.rs:158:5
    |
158 |     /// Drains every shard, returning all the pages recorded.
    |     ^^^^^^^^^^^^^^^^^^^^^^^^^^^^^^^^^^^^^^^^^^^^^^^^^^^^^^^^^ this doc comment doesn't document anything
    |
    = help: doc comments must come before what they document, if a comment was intended use `//`

warning: variable does not need to be mutable
    --> src/db.rs:1641:13
     |
1641 |         let mut tx = db.begin_write().unwrap();
     |             ----^^
     |             |
     |             help: remove this `mut`
     |
     = note: `#[warn(unused_mut)]` (part of `#[warn(unused)]`) on by default

warning: variable does not need to be mutable
    --> src/db.rs:1740:13
     |
1740 |         let mut tx = db.begin_write().unwrap();
     |             ----^^
     |             |
     |             help: remove this `mut`

For more information about this error, try `rustc --explain E0584`.
warning: `redb` (lib test) generated 2 warnings
error: could not compile `redb` (lib test) due to 1 previous error; 2 warnings emitted
