   Compiling redb v4.2.0 (/Users/mtakemiya/dev/kasumi-worktrees/redb-admission-20260920/vendor/redb-4.2.0)
warning: variable does not need to be mutable
   --> tests/integration_tests.rs:588:9
    |
588 |     let mut txn = db.begin_write().unwrap();
    |         ----^^^
    |         |
    |         help: remove this `mut`
    |
    = note: `#[warn(unused_mut)]` (part of `#[warn(unused)]`) on by default

warning: variable does not need to be mutable
   --> tests/integration_tests.rs:605:9
    |
605 |     let mut txn = db.begin_write().unwrap();
    |         ----^^^
    |         |
    |         help: remove this `mut`

warning: variable does not need to be mutable
   --> tests/integration_tests.rs:655:13
    |
655 |         let mut txn = db.begin_write().unwrap();
    |             ----^^^
    |             |
    |             help: remove this `mut`

warning: variable does not need to be mutable
   --> tests/integration_tests.rs:729:9
    |
729 |     let mut txn = db.begin_write().unwrap();
    |         ----^^^
    |         |
    |         help: remove this `mut`

warning: variable does not need to be mutable
   --> tests/integration_tests.rs:981:9
    |
981 |     let mut txn = db.begin_write().unwrap();
    |         ----^^^
    |         |
    |         help: remove this `mut`

warning: unused variable: `quick_repair`
   --> tests/integration_tests.rs:980:42
    |
980 | fn begin_page_reuse_write(db: &Database, quick_repair: bool) -> WriteTransaction {
    |                                          ^^^^^^^^^^^^ help: if this is intentional, prefix it with an underscore: `_quick_repair`
    |
    = note: `#[warn(unused_variables)]` (part of `#[warn(unused)]`) on by default

warning: variable does not need to be mutable
    --> tests/integration_tests.rs:1236:9
     |
1236 |     let mut txn = db.begin_write().unwrap();
     |         ----^^^
     |         |
     |         help: remove this `mut`

warning: variable does not need to be mutable
    --> tests/integration_tests.rs:1244:9
     |
1244 |     let mut txn = db.begin_write().unwrap();
     |         ----^^^
     |         |
     |         help: remove this `mut`

warning: variable does not need to be mutable
    --> tests/integration_tests.rs:1251:9
     |
1251 |     let mut txn = db.begin_write().unwrap();
     |         ----^^^
     |         |
     |         help: remove this `mut`

warning: variable does not need to be mutable
    --> tests/integration_tests.rs:1255:9
     |
1255 |     let mut txn = db.begin_write().unwrap();
     |         ----^^^
     |         |
     |         help: remove this `mut`

warning: variable does not need to be mutable
    --> tests/integration_tests.rs:1281:17
     |
1281 |             let mut txn = db.begin_write().unwrap();
     |                 ----^^^
     |                 |
     |                 help: remove this `mut`

warning: variable does not need to be mutable
    --> tests/integration_tests.rs:1296:9
     |
1296 |     let mut txn = db.begin_write().unwrap();
     |         ----^^^
     |         |
     |         help: remove this `mut`

warning: variable does not need to be mutable
    --> tests/integration_tests.rs:1299:9
     |
1299 |     let mut txn = db.begin_write().unwrap();
     |         ----^^^
     |         |
     |         help: remove this `mut`

warning: variable does not need to be mutable
    --> tests/integration_tests.rs:1302:9
     |
1302 |     let mut txn = db.begin_write().unwrap();
     |         ----^^^
     |         |
     |         help: remove this `mut`

warning: variable does not need to be mutable
    --> tests/integration_tests.rs:1333:9
     |
1333 |     let mut txn = db.begin_write().unwrap();
     |         ----^^^
     |         |
     |         help: remove this `mut`

warning: variable does not need to be mutable
    --> tests/integration_tests.rs:1343:13
     |
1343 |         let mut txn = db.begin_write().unwrap();
     |             ----^^^
     |             |
     |             help: remove this `mut`

warning: variable does not need to be mutable
    --> tests/integration_tests.rs:1358:9
     |
1358 |     let mut txn = db.begin_write().unwrap();
     |         ----^^^
     |         |
     |         help: remove this `mut`

warning: variable does not need to be mutable
    --> tests/integration_tests.rs:1366:9
     |
1366 |     let mut txn = db.begin_write().unwrap();
     |         ----^^^
     |         |
     |         help: remove this `mut`

warning: variable does not need to be mutable
    --> tests/integration_tests.rs:1851:9
     |
1851 |     let mut tx = db.begin_write().unwrap();
     |         ----^^
     |         |
     |         help: remove this `mut`

warning: variable does not need to be mutable
    --> tests/integration_tests.rs:1884:9
     |
1884 |     let mut tx = db.begin_write().unwrap();
     |         ----^^
     |         |
     |         help: remove this `mut`

warning: variable does not need to be mutable
    --> tests/integration_tests.rs:2041:9
     |
2041 |     let mut tx = db.begin_write().unwrap();
     |         ----^^
     |         |
     |         help: remove this `mut`

warning: variable does not need to be mutable
    --> tests/integration_tests.rs:2061:9
     |
2061 |     let mut tx = db.begin_write().unwrap();
     |         ----^^
     |         |
     |         help: remove this `mut`

warning: variable does not need to be mutable
    --> tests/integration_tests.rs:2070:9
     |
2070 |     let mut tx = db.begin_write().unwrap();
     |         ----^^
     |         |
     |         help: remove this `mut`

warning: variable does not need to be mutable
    --> tests/integration_tests.rs:2100:9
     |
2100 |     let mut tx = db.begin_write().unwrap();
     |         ----^^
     |         |
     |         help: remove this `mut`

warning: variable does not need to be mutable
    --> tests/integration_tests.rs:2923:9
     |
2923 |     let mut txn = db.begin_write().unwrap();
     |         ----^^^
     |         |
     |         help: remove this `mut`

warning: variable does not need to be mutable
    --> tests/integration_tests.rs:2985:9
     |
2985 |     let mut txn = db.begin_write().unwrap();
     |         ----^^^
     |         |
     |         help: remove this `mut`

warning: variable does not need to be mutable
    --> tests/integration_tests.rs:3046:13
     |
3046 |         let mut txn = db.begin_write().unwrap();
     |             ----^^^
     |             |
     |             help: remove this `mut`

warning: variable does not need to be mutable
    --> tests/integration_tests.rs:3120:9
     |
3120 |     let mut write_txn = db.begin_write().unwrap();
     |         ----^^^^^^^^^
     |         |
     |         help: remove this `mut`

warning: variable does not need to be mutable
    --> tests/integration_tests.rs:3132:9
     |
3132 |     let mut write_txn = db.begin_write().unwrap();
     |         ----^^^^^^^^^
     |         |
     |         help: remove this `mut`

warning: variable does not need to be mutable
    --> tests/integration_tests.rs:3773:9
     |
3773 |     let mut txn = db.begin_write().unwrap();
     |         ----^^^
     |         |
     |         help: remove this `mut`

warning: `redb` (test "integration_tests") generated 30 warnings (run `cargo fix --test "integration_tests" -p redb` to apply 30 suggestions)
warning: variable does not need to be mutable
   --> tests/check_integrity_nondurable.rs:129:13
    |
129 |         let mut txn = db.begin_write().unwrap();
    |             ----^^^
    |             |
    |             help: remove this `mut`
    |
    = note: `#[warn(unused_mut)]` (part of `#[warn(unused)]`) on by default

warning: variable does not need to be mutable
   --> tests/check_integrity_nondurable.rs:168:13
    |
168 |         let mut txn = db.begin_write().unwrap();
    |             ----^^^
    |             |
    |             help: remove this `mut`

warning: variable does not need to be mutable
   --> tests/check_integrity_nondurable.rs:206:13
    |
206 |         let mut txn = db.begin_write().unwrap();
    |             ----^^^
    |             |
    |             help: remove this `mut`

warning: variable does not need to be mutable
   --> tests/check_integrity_nondurable.rs:242:13
    |
242 |         let mut txn = db.begin_write().unwrap();
    |             ----^^^
    |             |
    |             help: remove this `mut`

warning: variable does not need to be mutable
   --> tests/check_integrity_nondurable.rs:288:13
    |
288 |         let mut txn = db.begin_write().unwrap();
    |             ----^^^
    |             |
    |             help: remove this `mut`

warning: `redb` (test "check_integrity_nondurable") generated 5 warnings (run `cargo fix --test "check_integrity_nondurable" -p redb` to apply 5 suggestions)
warning: variable does not need to be mutable
    --> src/db.rs:1641:13
     |
1641 |         let mut tx = db.begin_write().unwrap();
     |             ----^^
     |             |
     |             help: remove this `mut`
     |
     = note: `#[warn(unused_mut)]` (part of `#[warn(unused)]`) on by default

warning: variable does not need to be mutable
    --> src/db.rs:1740:13
     |
1740 |         let mut tx = db.begin_write().unwrap();
     |             ----^^
     |             |
     |             help: remove this `mut`

warning: `redb` (lib test) generated 2 warnings (run `cargo fix --lib -p redb --tests` to apply 2 suggestions)
    Finished `test` profile [unoptimized + debuginfo] target(s) in 44.88s
  Executable unittests src/lib.rs (/Users/mtakemiya/dev/kasumi-redb-admission-target/debug/deps/redb-1a01cd164be5367b)
  Executable tests/backward_compatibility.rs (/Users/mtakemiya/dev/kasumi-redb-admission-target/debug/deps/backward_compatibility-2473fb5ead1411a2)
  Executable tests/basic_tests.rs (/Users/mtakemiya/dev/kasumi-redb-admission-target/debug/deps/basic_tests-784157f2402afd9e)
  Executable tests/check_integrity_failure.rs (/Users/mtakemiya/dev/kasumi-redb-admission-target/debug/deps/check_integrity_failure-34dfc8fcf65ccf94)
  Executable tests/check_integrity_nondurable.rs (/Users/mtakemiya/dev/kasumi-redb-admission-target/debug/deps/check_integrity_nondurable-15302cea14afff7d)
  Executable tests/corrupted_btree_descent.rs (/Users/mtakemiya/dev/kasumi-redb-admission-target/debug/deps/corrupted_btree_descent-9eb5edc62a08264a)
  Executable tests/crash_consistency.rs (/Users/mtakemiya/dev/kasumi-redb-admission-target/debug/deps/crash_consistency-2588a2350de9d1ac)
  Executable tests/cursor_tests.rs (/Users/mtakemiya/dev/kasumi-redb-admission-target/debug/deps/cursor_tests-7413a67a2c513d96)
  Executable tests/integration_tests.rs (/Users/mtakemiya/dev/kasumi-redb-admission-target/debug/deps/integration_tests-9ceb70f775d44818)
  Executable tests/multimap_tests.rs (/Users/mtakemiya/dev/kasumi-redb-admission-target/debug/deps/multimap_tests-6b8ebce27655c368)
  Executable tests/multithreading_tests.rs (/Users/mtakemiya/dev/kasumi-redb-admission-target/debug/deps/multithreading_tests-3356301740fc61ee)
  Executable unittests examples/derive_value_impl.rs (/Users/mtakemiya/dev/kasumi-redb-admission-target/debug/examples/derive_value_impl-9c9b993c1951f756)
  Executable unittests examples/int_keys.rs (/Users/mtakemiya/dev/kasumi-redb-admission-target/debug/examples/int_keys-e130abf16300d70e)
  Executable unittests examples/multithread.rs (/Users/mtakemiya/dev/kasumi-redb-admission-target/debug/examples/multithread-47d33516fa7c6ef8)
  Executable unittests examples/special_values.rs (/Users/mtakemiya/dev/kasumi-redb-admission-target/debug/examples/special_values-4e99ad8fa4d39091)
