
running 132 tests
test backup_sessions::filesystem::ownership_tests::missing_enrolled_leaf_fences_both_read_and_cleanup_without_releasing_credit ... ok
test backup_sessions::filesystem::ownership_tests::missing_unknown_or_admitted_deleted_leaf_is_repeatably_absent ... ok
test backup_sessions::filesystem::session_admission_tests::new_session_denies_before_mkdir_when_both_terminal_inodes_cannot_fit ... ok
test backup_sessions::filesystem::session_admission_tests::permanent_terminal_capacity_survives_real_process_restart_at_full_file_and_byte_limits ... ok
test backup_sessions::filesystem::session_admission_tests::session_claim_acquires_or_rejects_without_owned_path_allocations ... ok
test backup_sessions::filesystem::session_admission_tests::terminal_publication_keeps_original_inode_full_extent_and_exact_ciphertext ... ok
test backup_sessions::filesystem::session_admission_tests::terminal_restart_worker ... ok
test backup_sessions::filesystem::session_admission_tests::two_wrappers_cannot_recreate_reserve_across_terminal_classification_and_rename ... ok
test backup_sessions::filesystem::terminal::tests::fixed_terminal_roundtrip_preserves_exact_ciphertext_and_full_extent ... ok
test backup_sessions::filesystem::terminal::tests::unknown_formats_legacy_bytes_and_every_noncanonical_field_reject ... ok
test node_disk::batch::tests::abandoned_or_partially_consumed_plan_stays_retained_until_complete_census ... ok
test node_disk::batch::tests::complete_plan_shortages_precede_every_namespace_effect ... ok
test node_disk::batch::tests::descendant_claim_uses_retained_prefix_and_exact_component_limits ... ok
test node_disk::batch::tests::permits_transfer_exactly_once_without_charging_extent_twice ... ok
test node_disk::batch::tests::physical_owner_excludes_a_second_reservation_writer_until_actual_retirement ... ok
test node_disk::batch::tests::pristine_cancel_retires_all_future_backing_and_returns_exact_credit ... ok
test node_disk::batch::tests::reserved_binding_and_parent_allowance_remain_unavailable_to_unrelated_creates ... ok
test node_disk::batch::tests::wrong_binding_duplicate_transfer_and_premature_finish_cannot_spend_permits ... ok
test node_disk::census::tests::actual_initial_promise_overflow_removes_only_the_unpublished_registration ... ok
test node_disk::census::tests::cancellation_between_steps_closes_actual_stream_and_resets_partial_spare ... ok
test node_disk::census::tests::cancellation_retains_independent_native_close_error_without_retry ... ok
test node_disk::census::tests::checked_geometry_never_substitutes_step_work_for_namespace_capacity ... ok
test node_disk::census::tests::file_and_subdirectory_excess_fail_without_candidate_publication ... ok
test node_disk::census::tests::full_file_and_directory_geometry_progresses_without_reopening_streams ... ok
test node_disk::census::tests::ordinary_initial_failure_retires_descriptors_before_admission_credit ... ok
test node_disk::census::tests::original_tiny_file_population_reconciles_without_reducing_admission ... ok
test node_disk::census::tests::provisional_arc_allocation_retires_before_lease_on_error_and_unwind ... ok
test node_disk::census::tests::uncertain_initial_close_retains_registered_outcome_and_resources_through_error_or_unwind ... ok
test node_disk::census::tests::uncertain_reconcile_close_retains_old_ledger_promises_and_drain_fence ... ok
test node_disk::census::tests::unfinished_or_unwound_session_cannot_publish_partial_candidate ... ok
test node_disk::directory::cursor::tests::alias_denial_and_cancellation_preserve_exact_cursor_and_directory_lifetimes ... ok
test node_disk::directory::cursor::tests::an_unenrolled_actual_entry_fences_and_failed_cursor_cannot_report_later_eof ... ok
test node_disk::directory::cursor::tests::cancellation_preserves_independent_close_error_and_explicit_close_cannot_report_success ... ok
test node_disk::directory::cursor::tests::census_workspace_cursor_limit_does_not_reduce_independent_directory_handle_limit ... ok
test node_disk::directory::cursor::tests::configured_name_boundary_is_read_without_truncation_or_native_name_copy ... ok
test node_disk::directory::cursor::tests::explicit_failed_partial_page_close_cannot_advertise_later_eof ... ok
test node_disk::directory::cursor::tests::managed_same_extent_rename_invalidates_scan_without_fencing_healthy_storage ... ok
test node_disk::directory::cursor::tests::repeated_independent_streams_borrow_bounded_names_and_retire_without_allocating ... ok
test node_disk::directory::cursor::tests::same_length_raw_sparse_materialization_rejects_changed_settled_extent ... ok
test node_disk::directory::cursor::tests::stream_fd_and_buffer_close_before_cursor_credit_and_before_directory_owner_drain ... ok
test node_disk::directory::cursor::tests::uncertain_stream_close_retains_the_actual_installed_owner_after_all_external_arcs_drop ... ok
test node_disk::directory::managed::tests::census_retires_actual_prepared_arc_backing_before_reopening_slot_admission ... ok
test node_disk::directory::managed::tests::generic_nonroot_open_retains_walk_close_failure_before_publication ... ok
test node_disk::directory::managed::tests::generic_nonroot_open_uses_retained_parent_walk_and_exact_identity ... ok
test node_disk::directory::managed::tests::managed_child_creation_open_and_removal_preserve_exact_enrollment_and_charge ... ok
test node_disk::directory::managed::tests::managed_child_names_depth_existing_identity_and_root_removal_are_exact ... ok
test node_disk::directory::managed::tests::managed_directory_cardinality_and_owner_capacity_deny_before_allocations_or_effects ... ok
test node_disk::directory::managed::tests::post_mkdir_error_retains_original_failure_and_allows_only_complete_census_resolution ... ok
test node_disk::directory::managed::tests::post_unlink_error_holds_actual_child_descriptor_and_extent_until_census ... ok
test node_disk::directory::managed::tests::preflight_ancestry_close_failure_keeps_new_descriptor_custody_before_mkdir ... ok
test node_disk::directory::managed::tests::retained_child_parent_prevents_removal_with_live_descendant_custody ... ok
test node_disk::directory::managed::tests::uncertain_native_close_is_sticky_and_preserves_primary_error_and_custody ... ok
test node_disk::directory::managed::tests::unknown_child_absence_retires_prepared_backing_and_descriptors_before_slot_reuse ... ok
test node_disk::fixed_map::tests::absent_insertion_rebuilds_before_effect_without_any_new_allocation ... ok
test node_disk::fixed_map::tests::empty_tombstones_require_drain_not_clear_and_reset_does_not_allocate ... ok
test node_disk::fixed_map::tests::failed_and_cancelled_real_census_preserve_old_enrollment_then_publish_complete_candidate ... ok
test node_disk::fixed_map::tests::native_entry_geometry_preserves_original_million_entry_and_handle_policy ... inode_pair_size=112 inode_pair_align=8 live_pair_size=24 live_pair_align=8 inode_two_banks_requested=947912736 live_two_banks_requested=409632 cfg_test_owner=1442945530 physical_allocator_RSS_fit=UNQUALIFIED
ok
test node_disk::fixed_map::tests::occupied_replacement_at_zero_growth_does_not_call_hashmap_insert ... ok
test node_disk::fixed_map::tests::panic_during_spare_copy_preserves_complete_published_active_map ... ok
test node_disk::fixed_map::tests::pinned_requested_bytes_cover_exact_two_bank_allocations_without_growth_factor ... ok
test node_disk::fixed_map::tests::rebuilt_weak_registry_retires_duplicates_before_actual_last_weak_allocation_destruction ... ok
test node_disk::fixed_map::tests::repeated_churn_retains_every_logical_slot_without_allocating_or_reducing_limits ... ok
test node_disk::fixed_map::tests::smaller_census_stage_preserves_full_retained_quota_after_swap_and_cancel ... ok
test node_disk::ledger::tests::peak_cardinality_overflow_fails_before_allocation ... ok
test node_disk::ledger::tests::retained_and_replacement_bounds_preserve_independent_file_capacity ... ok
test node_disk::ledger::tests::typed_entries_never_reinterpret_another_inode_kind ... ok
test node_disk::ledger::tests::unified_identity_rejects_cross_kind_double_enrollment ... ok
test node_disk::tests::a_retiring_predecessor_keeps_exclusive_registration_until_all_resources_close ... ok
test node_disk::tests::abandoned_namespace_preparation_releases_registration_without_deadlock ... ok
test node_disk::tests::abandoned_preparation_closes_target_descriptors_before_the_next_preparation ... ok
test node_disk::tests::admitted_publication_rebinds_name_and_reclaim_forgets_it ... ok
test node_disk::tests::cancelled_or_cardinality_exhausted_census_publishes_no_partial_owner ... ok
test node_disk::tests::census_counts_closed_files_and_repeated_cursors_start_at_the_beginning ... ok
test node_disk::tests::census_failure_closes_real_descriptors_before_releasing_metadata ... ok
test node_disk::tests::concurrent_final_file_clones_retire_exactly_one_registration ... ok
test node_disk::tests::disappeared_censused_and_closed_created_names_fence_without_credit ... ok
test node_disk::tests::dropped_unmaterialized_growth_is_retained_until_exclusive_reconciliation ... ok
test node_disk::tests::duplicate_live_inode_open_requires_explicit_owner_clone ... ok
test node_disk::tests::enrolled_extents_survive_all_physical_updates_and_descriptor_reopens ... ok
test node_disk::tests::enrolled_file_metadata_limit_rejects_before_creating_an_untracked_inode ... ok
test node_disk::tests::enrolled_target_conflict_accepts_only_actual_admitted_growth ... ok
test node_disk::tests::enrolled_target_unauthorized_growth_never_becomes_a_healthy_conflict ... ok
test node_disk::tests::envelope_identity_and_durability_retain_custody_until_the_last_handle_closes ... ok
test node_disk::tests::envelope_inspection_and_publication_reject_inode_and_parent_substitution ... ok
test node_disk::tests::explicit_settlement_returns_only_unused_promises_and_requires_exact_extent ... ok
test node_disk::tests::failed_creation_retains_provisional_enrollment_without_registered_drop ... ok
test node_disk::tests::failed_direct_handles_never_release_bytes_or_restart_sync ... ok
test node_disk::tests::failed_file_creation_keeps_original_outcome_backing_until_accepted_census ... ok
test node_disk::tests::failed_file_owner_rejects_before_verification_descriptor_acquisition ... ok
test node_disk::tests::file_preparation_unknown_native_close_retains_slot_and_never_retries_descriptor ... ok
test node_disk::tests::file_verification_walk_close_failure_keeps_registered_custody_after_owner_drop ... ok
test node_disk::tests::identity_failure_and_uncertain_file_drop_fence_without_allocating ... ok
test node_disk::tests::immutable_publication_preserves_the_inode_and_its_capacity_charge ... ok
test node_disk::tests::installed_metadata_reuse_keeps_one_exact_core_and_one_retained_envelope ... ok
test node_disk::tests::live_enrolled_target_conflicts_remain_healthy_and_preserve_content ... ok
test node_disk::tests::live_shrink_cannot_release_unmaterialized_or_unsynced_growth ... ok
test node_disk::tests::live_shrink_requires_the_only_mutable_file_owner ... ok
test node_disk::tests::live_shrink_retains_identity_and_lock_with_exact_reopen_accounting ... ok
test node_disk::tests::maintenance_has_reserved_capacity_and_denial_changes_no_extent_or_charge ... ok
test node_disk::tests::metadata_denial_precedes_root_open_and_retained_census_allocation ... ok
test node_disk::tests::metadata_planning_has_no_heap_or_filesystem_effect_and_checks_overflow ... ok
test node_disk::tests::missing_enrolled_target_cannot_be_recreated_or_published_over ... ok
test node_disk::tests::open_file_metadata_budget_is_bounded_and_close_returns_only_metadata_capacity ... ok
test node_disk::tests::partial_metadata_admission_never_leaves_unfunded_provisional_owners ... ok
test node_disk::tests::pause_seals_new_reservations_but_drains_reserved_io_and_retains_sparse_promises ... ok
test node_disk::tests::paused_direct_handles_can_finish_only_already_admitted_io ... ok
test node_disk::tests::physical_reclaim_requires_sole_owner_and_releases_only_verified_extent ... ok
test node_disk::tests::post_reclaim_failures_keep_credit_until_actual_drain_and_census_without_allocating ... ok
test node_disk::tests::post_rename_failures_keep_the_charge_and_return_without_allocating ... ok
test node_disk::tests::prepared_cross_directory_publication_and_physical_reclaim_do_not_allocate ... ok
test node_disk::tests::prepared_file_creation_registers_and_retires_without_allocating ... ok
test node_disk::tests::prepared_publication_abandonment_retires_old_weak_registration_once_without_allocation ... ok
test node_disk::tests::prepared_publication_conflict_returns_inline_without_fencing_or_replacing ... ok
test node_disk::tests::prepared_unknown_absence_revalidates_replaced_parent ... ok
test node_disk::tests::publication_conflict_keeps_both_files_and_the_owner_usable ... ok
test node_disk::tests::publication_preparation_missing_or_symlinked_ancestor_fences ... ok
test node_disk::tests::publication_preparation_replaced_root_fences_before_rename ... ok
test node_disk::tests::publication_replaced_private_source_ancestor_fences_before_rename ... ok
test node_disk::tests::publication_requires_actual_descriptor_clone_drain ... ok
test node_disk::tests::raw_created_file_is_not_adopted_after_the_installed_census ... ok
test node_disk::tests::raw_growth_of_a_closed_censused_inode_fences_without_rebasing_its_charge ... ok
test node_disk::tests::raw_rename_fences_both_missing_old_name_and_present_new_name ... ok
test node_disk::tests::reclaim_retires_parent_metadata_and_weak_backing_before_releasing_promises ... ok
test node_disk::tests::registry_busy_precedes_memory_acquisition_without_allocating ... ok
test node_disk::tests::replaced_parent_cannot_hide_enrolled_missing_leaf ... ok
test node_disk::tests::retained_file_io_settlement_shrink_and_drop_do_not_allocate ... ok
test node_disk::tests::retiring_file_cannot_lend_handle_or_metadata_credit_before_parent_and_backing_release ... ok
test node_disk::tests::substitution_closes_shared_admission_and_does_not_delete_the_replacement ... ok
test node_disk::tests::symlinks_hardlinks_and_overlapping_roots_cannot_duplicate_census_charge ... ok
test node_disk::tests::uncertain_envelope_parent_sync_preserves_charges_through_close_and_census ... FAILED
test node_disk::tests::unenrolled_missing_leaf_preserves_admission_without_allocating ... ok
test node_disk::tests::unwound_file_retirement_keeps_parent_and_weak_backing_until_census ... ok

failures:

failures:
    node_disk::tests::uncertain_envelope_parent_sync_preserves_charges_through_close_and_census

test result: FAILED. 131 passed; 1 failed; 0 ignored; 0 measured; 5 filtered out; finished in 10.22s

