    Checking libc v0.2.189
    Checking serde_core v1.0.229
    Checking cfg-if v1.0.4
    Checking memchr v2.8.3
   Compiling jobserver v0.1.35
    Checking serde v1.0.229
   Compiling cc v1.4.5
    Checking itoa v1.0.18
    Checking once_cell v1.21.4
    Checking smallvec v1.16.0
    Checking equivalent v1.0.2
    Checking pin-project-lite v0.2.17
    Checking getrandom v0.2.17
    Checking futures-core v0.3.34
    Checking stable_deref_trait v1.2.1
    Checking allocator-api2 v0.2.21
    Checking foldhash v0.2.0
    Checking errno v0.3.14
    Checking log v0.4.34
    Checking num-traits v0.2.19
    Checking zmij v1.0.23
    Checking bytes v1.12.1
    Checking scopeguard v1.2.0
    Checking futures-sink v0.3.34
    Checking lock_api v0.4.14
    Checking serde_json v1.0.151
    Checking parking_lot_core v0.9.12
    Checking hashbrown v0.17.1
    Checking parking_lot v0.12.5
    Checking slab v0.4.12
    Checking zerofrom v0.1.8
    Checking futures-channel v0.3.34
    Checking yoke v0.8.3
    Checking thiserror v2.0.20
    Checking futures-io v0.3.34
    Checking futures-task v0.3.34
    Checking percent-encoding v2.3.2
    Checking futures-util v0.3.34
    Checking zerovec v0.11.8
    Checking signal-hook-registry v1.4.8
    Checking rand_core v0.6.4
    Checking mio v1.2.3
    Checking socket2 v0.6.5
    Checking typenum v1.20.1
    Checking generic-array v0.14.7
    Checking tokio v1.53.1
    Checking tracing-core v0.1.36
    Checking subtle v2.6.1
    Checking indexmap v2.14.1
    Checking tinystr v0.8.4
    Checking writeable v0.6.4
    Checking litemap v0.8.3
    Checking icu_locale_core v2.3.0
    Checking tracing v0.1.44
    Checking crypto-common v0.1.7
    Checking potential_utf v0.1.6
    Checking zerotrie v0.2.5
    Checking http v1.5.0
   Compiling ring v0.17.14
   Compiling time-core v0.1.9
    Checking utf8_iter v1.0.4
   Compiling num-conv v0.2.2
   Compiling time-macros v0.2.32
    Checking icu_collections v2.3.0
    Checking icu_provider v2.3.1
    Checking form_urlencoded v1.2.2
    Checking deranged v0.5.8
    Checking ryu v1.0.23
    Checking powerfmt v0.2.0
    Checking fnv v1.0.7
    Checking zeroize v1.9.0
    Checking icu_properties_data v2.3.0
    Checking time v0.3.55
    Checking icu_normalizer_data v2.3.0
    Checking http-body v1.1.0
    Checking anyhow v1.0.104
    Checking rand_core v0.10.1
    Checking base64 v0.22.1
    Checking untrusted v0.9.0
    Checking icu_normalizer v2.3.0
    Checking icu_properties v2.3.0
    Checking tokio-util v0.7.19
    Checking getrandom v0.4.3
    Checking tower-service v0.3.3
    Checking rustls-pki-types v1.15.1
    Checking idna_adapter v1.2.2
    Checking block-buffer v0.10.4
    Checking idna v1.1.0
    Checking atomic-waker v1.1.2
    Checking try-lock v0.2.5
    Checking want v0.3.1
    Checking h2 v0.4.19
    Checking url v2.5.8
    Checking digest v0.10.7
    Checking httparse v1.10.1
    Checking httpdate v1.0.3
   Compiling either v1.18.0
    Checking uuid v1.26.0
    Checking http-body-util v0.1.5
    Checking sync_wrapper v1.0.2
    Checking cpufeatures v0.2.17
    Checking ipnet v2.12.1
    Checking bytemuck v1.25.2
    Checking tower-layer v0.3.3
   Compiling bitflags v2.13.1
    Checking safe_arch v0.7.4
    Checking sha2 v0.10.9
    Checking rustls-webpki v0.103.15
   Compiling rustls v0.23.43
    Checking rand_core v0.9.5
    Checking bitmaps v3.2.1 (/private/tmp/kasumi-functional-20260908-custody-signer/source/vendor/bitmaps-3.2.1)
    Checking imbl-sized-chunks v0.1.3
    Checking hyper v1.11.1
    Checking rand_xoshiro v0.7.0
    Checking hyper-util v0.1.20
    Checking wide v0.7.33
    Checking tower v0.5.3
    Checking archery v1.2.3
    Checking imbl v7.0.1
   Compiling rustix v1.1.4
    Checking pin-project v1.1.13
    Checking tokio-rustls v0.26.5
    Checking kasumi-clock v0.1.0 (/private/tmp/kasumi-functional-20260908-custody-signer/source/crates/kasumi-clock)
    Checking serde_urlencoded v0.7.1
    Checking num-integer v0.1.47
    Checking mime v0.3.17
    Checking axum-core v0.5.6
    Checking zerocopy v0.8.56
    Checking tokio-stream v0.1.19
    Checking serde_path_to_error v0.1.20
    Checking matchit v0.8.4
    Checking axum v0.8.9
    Checking getrandom v0.3.4
    Checking num-bigint v0.4.8
    Checking kasumi-types v0.1.0 (/private/tmp/kasumi-functional-20260908-custody-signer/source/crates/kasumi-types)
    Checking hyper-timeout v0.5.2
    Checking fastrand v2.5.0
    Checking tempfile v3.27.0
    Checking tonic v0.14.6
    Checking minimal-lexical v0.2.1
    Checking nom v7.1.3
    Checking hex v0.4.3
   Compiling ptr_meta v0.3.2
   Compiling crossbeam-utils v0.8.22
    Checking inout v0.1.4
    Checking byteorder v1.5.0
    Checking regex-syntax v0.8.11
    Checking cipher v0.4.4
   Compiling crossbeam-epoch v0.9.20
   Compiling rancor v0.1.3
    Checking kasumi-serving v0.1.0 (/private/tmp/kasumi-functional-20260908-custody-signer/source/crates/kasumi-serving)
    Checking kasumi-transport v0.1.0 (/private/tmp/kasumi-functional-20260908-custody-signer/source/crates/kasumi-transport)
    Checking webpki-roots v1.0.9
    Checking universal-hash v0.5.1
    Checking opaque-debug v0.3.1
   Compiling simdutf8 v0.1.5
    Checking utf8parse v0.2.2
    Checking core-foundation-sys v0.8.7
    Checking iana-time-zone v0.1.65
    Checking anstyle-parse v1.0.0
   Compiling bytecheck v0.8.3
   Compiling zstd-sys v2.1.0+zstd.1.5.7
    Checking poly1305 v0.8.0
    Checking hyper-rustls v0.27.9
   Compiling crossbeam-deque v0.8.7
    Checking chacha20 v0.9.1
    Checking tower-http v0.6.11
    Checking aead v0.5.2
    Checking anstyle-query v1.1.5
   Compiling strsim v0.11.1
    Checking is_terminal_polyfill v1.70.2
    Checking colorchoice v1.0.5
    Checking anstyle v1.0.14
    Checking anstream v1.0.0
   Compiling ureq-proto v0.6.1
   Compiling darling_core v0.24.1
    Checking chacha20poly1305 v0.10.1
    Checking reqwest v0.12.28
   Compiling rayon-core v1.13.0
    Checking redb v4.2.0
   Compiling rend v0.5.4
   Compiling crc32fast v1.5.1
    Checking chrono v0.4.45
   Compiling munge v0.4.7
    Checking ppv-lite86 v0.2.21
   Compiling xattr v1.6.1
   Compiling csv-core v0.1.13
    Checking hmac v0.12.1
   Compiling filetime v0.2.29
   Compiling encoding_rs v0.8.35
    Checking futures-executor v0.3.34
    Checking quick-xml v0.42.0
    Checking arrayvec v0.7.8
    Checking clap_lex v1.1.0
   Compiling ureq v3.4.0
   Compiling csv v1.4.0
    Checking clap_builder v4.6.6
    Checking rust_decimal v1.43.0
   Compiling rand v0.10.2
    Checking futures v0.3.34
   Compiling encoding_rs_io v0.1.8
   Compiling tar v0.4.46
    Checking rand_chacha v0.3.1
   Compiling rkyv v0.8.18
   Compiling flate2 v1.1.10
   Compiling rayon v1.12.0
   Compiling darling_macro v0.24.1
   Compiling strum v0.28.0
    Checking anyerror v0.1.13
    Checking aho-corasick v1.1.5
   Compiling memmap2 v0.9.11
   Compiling crawdad v0.3.0
   Compiling glob v0.3.4
   Compiling daachorse v4.0.0
    Checking utf8-width v0.1.9
    Checking byte-unit v5.2.5
   Compiling lindera-dictionary v5.3.0
   Compiling zstd-safe v7.3.0
    Checking regex-automata v0.4.18
   Compiling openraft-macros v0.9.25
    Checking thiserror v1.0.69
    Checking validit v0.2.6
    Checking clap v4.6.6
   Compiling darling v0.24.1
    Checking rand v0.8.8
    Checking crunchy v0.2.4
    Checking derive_more v1.0.0
    Checking kasumi-store v0.1.0 (/private/tmp/kasumi-functional-20260908-custody-signer/source/crates/kasumi-store)
    Checking tracing-futures v0.2.5
    Checking cobs v0.3.0
    Checking ownedbytes v0.9.0
    Checking data-encoding v2.11.1
    Checking maplit v1.0.2
    Checking openraft v0.9.25
    Checking ref-cast v1.0.27
    Checking tantivy-common v0.11.0
    Checking postcard v1.1.3
    Checking bitpacking v0.9.3
   Compiling lindera-ipadic v5.3.0
    Checking utf8-ranges v1.0.5
    Checking tantivy-fst v0.5.0
    Checking zstd v0.13.3
    Checking tantivy-bitpacker v0.10.0
    Checking typeid v1.0.3
    Checking regex v1.13.1
    Checking itertools v0.14.0
    Checking num-rational v0.4.2
    Checking num-iter v0.1.46
    Checking num-complex v0.4.6
    Checking tinyvec_macros v0.1.1
    Checking murmurhash32 v0.3.1
    Checking tantivy-stacker v0.7.0
    Checking tinyvec v1.13.2
    Checking num v0.4.3
    Checking tantivy-sstable v0.7.0
    Checking erased-serde v0.4.10
   Compiling bon-macros v3.10.0
    Checking kasumi-raft v0.1.0 (/private/tmp/kasumi-functional-20260908-custody-signer/source/crates/kasumi-raft)
    Checking ahash v0.8.12
    Checking ordered-float v5.5.0
    Checking hashbrown v0.16.1
    Checking fastdivide v0.4.2
    Checking inventory v0.3.24
    Checking unsafe-libyaml v0.2.11
    Checking bitflags v1.3.2
    Checking bit-vec v0.8.0
    Checking downcast-rs v2.0.2
    Checking borrow-or-share v0.2.4
    Checking tantivy-columnar v0.7.0
    Checking fluent-uri v0.4.1
    Checking serde_yaml_ng v0.10.0
    Checking bit-set v0.8.0
    Checking kanaria v0.2.0
    Checking typetag v0.2.23
    Checking lru v0.16.4 (/private/tmp/kasumi-functional-20260908-custody-signer/source/vendor/lru-0.16.4)
    Checking tantivy-query-grammar v0.26.0
    Checking arc-swap v1.9.2
    Checking lindera v5.3.0
    Checking bon v3.10.0
    Checking fraction v0.17.0
    Checking unicode-normalization v0.1.25
    Checking crossbeam-channel v0.5.16
    Checking fs4 v0.13.1
    Checking measure_time v0.9.0
    Checking sketches-ddsketch v0.4.1
    Checking rust-stemmers v1.2.0
    Checking tantivy-tokenizer-api v0.7.0
    Checking unicode-blocks v0.1.10
    Checking htmlescape v0.3.1
    Checking datasketches v0.2.0
    Checking census v0.4.2
    Checking levenshtein_automata v0.2.1
    Checking vsimd v0.8.0
    Checking rustc-hash v2.1.3
    Checking bytecount v0.6.9
    Checking unicode-segmentation v1.13.3
    Checking outref v0.5.2
    Checking num-cmp v0.1.0
    Checking lz4_flex v0.13.1
    Checking micromap v0.3.0
    Checking oneshot v0.1.13
    Checking tantivy v0.26.1
    Checking referencing v0.52.1
    Checking lindera-analysis v5.3.0
    Checking jsonschema-value v0.52.1
    Checking uuid-simd v0.8.0
    Checking fancy-regex v0.19.0
    Checking libm v0.2.16
    Checking unicode-general-category v1.1.0
    Checking jsonschema-regex v0.52.1
    Checking email_address v0.2.9
    Checking jsonschema v0.52.1
    Checking bigdecimal v0.4.10
    Checking lindera-tantivy v5.0.1
    Checking kasumi-query v0.1.0 (/private/tmp/kasumi-functional-20260908-custody-signer/source/crates/kasumi-query)
    Checking kasumi-engine v0.1.0 (/private/tmp/kasumi-functional-20260908-custody-signer/source/crates/kasumi-engine)
   Compiling prost-derive v0.14.4
    Checking rusticata-macros v4.1.0
   Compiling pulldown-cmark v0.13.4
    Checking asn1-rs v0.7.2
   Compiling prost v0.14.4
    Checking lazy_static v1.5.0
   Compiling petgraph v0.8.3
   Compiling prost-types v0.14.4
   Compiling pulldown-cmark-to-cmark v22.0.1
    Checking base64 v0.23.1
   Compiling prost-build v0.14.4
    Checking oid-registry v0.8.1
    Checking der-parser v10.0.0
    Checking x509-parser v0.18.1
   Compiling tonic-prost-build v0.14.6
    Checking pem v4.0.0
    Checking yasna v0.6.0
   Compiling kasumi-client v0.1.0 (/private/tmp/kasumi-functional-20260908-custody-signer/source/crates/kasumi-client)
    Checking rcgen v0.14.10
    Checking tonic-prost v0.14.6
    Checking chacha20 v0.10.2
    Checking dyn-clone v1.0.20
    Checking schemars v1.2.2
    Checking sharded-slab v0.1.7
   Compiling rmcp-macros v3.2.0
    Checking simple_asn1 v0.6.4
    Checking sse-stream v0.2.6
    Checking pem v3.0.6
    Checking tracing-serde v0.2.0
    Checking thread_local v1.1.10
    Checking tracing-subscriber v0.3.23
    Checking rmcp v3.2.0
    Checking jsonwebtoken v9.3.1
    Checking kasumi-authority v0.1.0 (/private/tmp/kasumi-functional-20260908-custody-signer/source/crates/kasumi-authority)
    Checking kasumi-server v0.1.0 (/private/tmp/kasumi-functional-20260908-custody-signer/source/crates/kasumi-server)
    Checking kasumi-bench v0.1.0 (/private/tmp/kasumi-functional-20260908-custody-signer/source/crates/kasumi-bench)
    Finished `dev` profile [unoptimized + debuginfo] target(s) in 4m 38s
