kasumi-server v0.1.0 (/private/tmp/kasumi-functional-20260908-custody-signer/source/crates/kasumi-server) 
anyhow v1.0.104 default,std
async-trait v0.1.92 (proc-macro) 
proc-macro2 v1.0.107 default,proc-macro
unicode-ident v1.0.24 
quote v1.0.47 default,proc-macro
proc-macro2 v1.0.107 default,proc-macro (*)
syn v3.0.5 clone-impls,default,derive,extra-traits,full,parsing,printing,proc-macro,visit,visit-mut
proc-macro2 v1.0.107 default,proc-macro (*)
quote v1.0.47 default,proc-macro (*)
unicode-ident v1.0.24 
axum v0.8.9 default,form,http1,json,matched-path,original-uri,query,tokio,tower-log,tracing
axum-core v0.5.6 tracing
bytes v1.12.1 default,std
futures-core v0.3.34 alloc,default,std
http v1.5.0 default,std
bytes v1.12.1 default,std
itoa v1.0.18 
http-body v1.1.0 
bytes v1.12.1 default,std
http v1.5.0 default,std (*)
http-body-util v0.1.5 default
bytes v1.12.1 default,std
futures-core v0.3.34 alloc,default,std
http v1.5.0 default,std (*)
http-body v1.1.0  (*)
pin-project-lite v0.2.17 
mime v0.3.17 
pin-project-lite v0.2.17 
sync_wrapper v1.0.2 futures,futures-core
futures-core v0.3.34 alloc,default,std
tower-layer v0.3.3 
tower-service v0.3.3 
tracing v0.1.44 attributes,default,log,std,tracing-attributes
log v0.4.34 
pin-project-lite v0.2.17 
tracing-attributes v0.1.31 (proc-macro) 
proc-macro2 v1.0.107 default,proc-macro (*)
quote v1.0.47 default,proc-macro (*)
syn v2.0.119 clone-impls,default,derive,extra-traits,fold,full,parsing,printing,proc-macro,visit,visit-mut
proc-macro2 v1.0.107 default,proc-macro (*)
quote v1.0.47 default,proc-macro (*)
unicode-ident v1.0.24 
tracing-core v0.1.36 default,once_cell,std
once_cell v1.21.4 alloc,default,race,std
bytes v1.12.1 default,std
form_urlencoded v1.2.2 alloc,default,std
percent-encoding v2.3.2 alloc,default,std
futures-util v0.3.34 alloc,async-await,async-await-macro,channel,default,futures-channel,futures-io,futures-macro,futures-sink,io,memchr,sink,slab,std
futures-channel v0.3.34 alloc,default,futures-sink,sink,std
futures-core v0.3.34 alloc,default,std
futures-sink v0.3.34 alloc,default,std
futures-core v0.3.34 alloc,default,std
futures-io v0.3.34 std
futures-macro v0.3.34 (proc-macro) 
proc-macro2 v1.0.107 default,proc-macro (*)
quote v1.0.47 default,proc-macro (*)
syn v3.0.5 clone-impls,default,derive,extra-traits,full,parsing,printing,proc-macro,visit,visit-mut (*)
futures-sink v0.3.34 alloc,default,std
futures-task v0.3.34 alloc,std
memchr v2.8.3 alloc,default,std
pin-project-lite v0.2.17 
slab v0.4.12 default,std
http v1.5.0 default,std (*)
http-body v1.1.0  (*)
http-body-util v0.1.5 default (*)
hyper v1.11.1 client,default,http1,http2,server
atomic-waker v1.1.2 
bytes v1.12.1 default,std
futures-channel v0.3.34 alloc,default,futures-sink,sink,std (*)
futures-core v0.3.34 alloc,default,std
h2 v0.4.19 
atomic-waker v1.1.2 
bytes v1.12.1 default,std
fnv v1.0.7 default,std
futures-core v0.3.34 alloc,default,std
futures-sink v0.3.34 alloc,default,std
http v1.5.0 default,std (*)
indexmap v2.14.1 default,serde,std
equivalent v1.0.2 
hashbrown v0.17.1 allocator-api2,default,default-hasher,equivalent,inline-more,raw-entry
allocator-api2 v0.2.21 alloc
equivalent v1.0.2 
foldhash v0.2.0 
serde_core v1.0.229 alloc,default,rc,result,std
slab v0.4.12 default,std
tokio v1.53.1 bytes,default,fs,full,io-std,io-util,libc,macros,mio,net,parking_lot,process,rt,rt-multi-thread,signal,signal-hook-registry,socket2,sync,time,tokio-macros
bytes v1.12.1 default,std
libc v0.2.189 default,std
mio v1.2.3 net,os-ext,os-poll
libc v0.2.189 default,std
parking_lot v0.12.5 default
lock_api v0.4.14 atomic_usize,default
scopeguard v1.2.0 
parking_lot_core v0.9.12 
cfg-if v1.0.4 
libc v0.2.189 default,std
smallvec v1.16.0 const_generics,const_new
pin-project-lite v0.2.17 
signal-hook-registry v1.4.8 
errno v0.3.14 default,std
libc v0.2.189 default,std
libc v0.2.189 default,std
socket2 v0.6.5 all
libc v0.2.189 default,std
tokio-macros v2.7.2 (proc-macro) 
proc-macro2 v1.0.107 default,proc-macro (*)
quote v1.0.47 default,proc-macro (*)
syn v3.0.5 clone-impls,default,derive,extra-traits,full,parsing,printing,proc-macro,visit,visit-mut (*)
tokio-util v0.7.19 codec,default,io,libc
bytes v1.12.1 default,std
futures-core v0.3.34 alloc,default,std
futures-sink v0.3.34 alloc,default,std
libc v0.2.189 default,std
pin-project-lite v0.2.17 
tokio v1.53.1 bytes,default,fs,full,io-std,io-util,libc,macros,mio,net,parking_lot,process,rt,rt-multi-thread,signal,signal-hook-registry,socket2,sync,time,tokio-macros (*)
tracing v0.1.44 attributes,default,log,std,tracing-attributes (*)
http v1.5.0 default,std (*)
http-body v1.1.0  (*)
httparse v1.10.1 default,std
httpdate v1.0.3 
itoa v1.0.18 
pin-project-lite v0.2.17 
smallvec v1.16.0 const_generics,const_new
tokio v1.53.1 bytes,default,fs,full,io-std,io-util,libc,macros,mio,net,parking_lot,process,rt,rt-multi-thread,signal,signal-hook-registry,socket2,sync,time,tokio-macros (*)
want v0.3.1 
try-lock v0.2.5 
hyper-util v0.1.20 client,client-legacy,client-proxy,default,http1,http2,server,server-auto,service,tokio
base64 v0.22.1 alloc,default,std
bytes v1.12.1 default,std
futures-channel v0.3.34 alloc,default,futures-sink,sink,std (*)
futures-util v0.3.34 alloc,async-await,async-await-macro,channel,default,futures-channel,futures-io,futures-macro,futures-sink,io,memchr,sink,slab,std (*)
http v1.5.0 default,std (*)
http-body v1.1.0  (*)
hyper v1.11.1 client,default,http1,http2,server (*)
ipnet v2.12.1 default,std
libc v0.2.189 default,std
percent-encoding v2.3.2 alloc,default,std
pin-project-lite v0.2.17 
socket2 v0.6.5 all (*)
tokio v1.53.1 bytes,default,fs,full,io-std,io-util,libc,macros,mio,net,parking_lot,process,rt,rt-multi-thread,signal,signal-hook-registry,socket2,sync,time,tokio-macros (*)
tower-service v0.3.3 
tracing v0.1.44 attributes,default,log,std,tracing-attributes (*)
itoa v1.0.18 
matchit v0.8.4 default
memchr v2.8.3 alloc,default,std
mime v0.3.17 
percent-encoding v2.3.2 alloc,default,std
pin-project-lite v0.2.17 
serde_core v1.0.229 alloc,default,rc,result,std
serde_json v1.0.151 alloc,arbitrary_precision,default,float_roundtrip,raw_value,std
itoa v1.0.18 
memchr v2.8.3 alloc,default,std
serde_core v1.0.229 alloc,default,rc,result,std
zmij v1.0.23 
serde_path_to_error v0.1.20 
itoa v1.0.18 
serde_core v1.0.229 alloc,default,rc,result,std
serde_urlencoded v0.7.1 
form_urlencoded v1.2.2 alloc,default,std (*)
itoa v1.0.18 
ryu v1.0.23 
serde v1.0.229 alloc,default,derive,rc,serde_derive,std
serde_core v1.0.229 alloc,default,rc,result,std
serde_derive v1.0.229 (proc-macro) default
proc-macro2 v1.0.107 default,proc-macro (*)
quote v1.0.47 default,proc-macro (*)
syn v3.0.5 clone-impls,default,derive,extra-traits,full,parsing,printing,proc-macro,visit,visit-mut (*)
sync_wrapper v1.0.2 futures,futures-core (*)
tokio v1.53.1 bytes,default,fs,full,io-std,io-util,libc,macros,mio,net,parking_lot,process,rt,rt-multi-thread,signal,signal-hook-registry,socket2,sync,time,tokio-macros (*)
tower v0.5.3 balance,buffer,discover,futures-core,futures-util,indexmap,limit,load,load-shed,log,make,pin-project-lite,ready-cache,retry,slab,sync_wrapper,timeout,tokio,tokio-util,tracing,util
futures-core v0.3.34 alloc,default,std
futures-util v0.3.34 alloc,async-await,async-await-macro,channel,default,futures-channel,futures-io,futures-macro,futures-sink,io,memchr,sink,slab,std (*)
indexmap v2.14.1 default,serde,std (*)
pin-project-lite v0.2.17 
slab v0.4.12 default,std
sync_wrapper v1.0.2 futures,futures-core (*)
tokio v1.53.1 bytes,default,fs,full,io-std,io-util,libc,macros,mio,net,parking_lot,process,rt,rt-multi-thread,signal,signal-hook-registry,socket2,sync,time,tokio-macros (*)
tokio-util v0.7.19 codec,default,io,libc (*)
tower-layer v0.3.3 
tower-service v0.3.3 
tracing v0.1.44 attributes,default,log,std,tracing-attributes (*)
tower-layer v0.3.3 
tower-service v0.3.3 
tracing v0.1.44 attributes,default,log,std,tracing-attributes (*)
base64 v0.22.1 alloc,default,std
hex v0.4.3 alloc,default,std
http-body-util v0.1.5 default (*)
hyper v1.11.1 client,default,http1,http2,server (*)
hyper-util v0.1.20 client,client-legacy,client-proxy,default,http1,http2,server,server-auto,service,tokio (*)
jsonwebtoken v9.3.1 default,pem,simple_asn1,use_pem
base64 v0.22.1 alloc,default,std
pem v3.0.6 default,std
base64 v0.22.1 alloc,default,std
ring v0.17.14 alloc,default,dev_urandom_fallback,std
cfg-if v1.0.4 
getrandom v0.2.17 std
cfg-if v1.0.4 
libc v0.2.189 default,std
libc v0.2.189 default,std
untrusted v0.9.0 
cc v1.4.5 parallel
find-msvc-tools v0.1.12 
jobserver v0.1.35 
libc v0.2.189 default,std
libc v0.2.189 default,std
shlex v2.0.1 default,std
serde v1.0.229 alloc,default,derive,rc,serde_derive,std (*)
serde_json v1.0.151 alloc,arbitrary_precision,default,float_roundtrip,raw_value,std (*)
simple_asn1 v0.6.4 
num-bigint v0.4.8 default,std
num-integer v0.1.47 i128,std
num-traits v0.2.19 default,i128,std
autocfg v1.5.1 
num-traits v0.2.19 default,i128,std (*)
num-traits v0.2.19 default,i128,std (*)
thiserror v2.0.20 default,std
thiserror-impl v2.0.20 (proc-macro) 
proc-macro2 v1.0.107 default,proc-macro (*)
quote v1.0.47 default,proc-macro (*)
syn v3.0.5 clone-impls,default,derive,extra-traits,full,parsing,printing,proc-macro,visit,visit-mut (*)
time v0.3.55 alloc,default,formatting,macros,parsing,serde,serde-well-known,std
deranged v0.5.8 default,serde
serde_core v1.0.229 alloc,default,rc,result,std
num-conv v0.2.2 
powerfmt v0.2.0 
serde_core v1.0.229 alloc,default,rc,result,std
time-core v0.1.9 
time-macros v0.2.32 (proc-macro) formatting,parsing,serde
num-conv v0.2.2 
time-core v0.1.9 
kasumi-authority v0.1.0 (/private/tmp/kasumi-functional-20260908-custody-signer/source/crates/kasumi-authority) 
anyhow v1.0.104 default,std
async-trait v0.1.92 (proc-macro)  (*)
hex v0.4.3 alloc,default,std
kasumi-clock v0.1.0 (/private/tmp/kasumi-functional-20260908-custody-signer/source/crates/kasumi-clock) 
anyhow v1.0.104 default,std
libc v0.2.189 default,std
kasumi-raft v0.1.0 (/private/tmp/kasumi-functional-20260908-custody-signer/source/crates/kasumi-raft) 
anyhow v1.0.104 default,std
async-trait v0.1.92 (proc-macro)  (*)
hex v0.4.3 alloc,default,std
kasumi-store v0.1.0 (/private/tmp/kasumi-functional-20260908-custody-signer/source/crates/kasumi-store) 
anyhow v1.0.104 default,std
async-trait v0.1.92 (proc-macro)  (*)
base64 v0.22.1 alloc,default,std
chacha20poly1305 v0.10.1 alloc,default,getrandom,rand_core
aead v0.5.2 alloc,getrandom,rand_core
crypto-common v0.1.7 getrandom,rand_core,std
generic-array v0.14.7 more_lengths
typenum v1.20.1 
version_check v0.9.5 
rand_core v0.6.4 alloc,getrandom,std
getrandom v0.2.17 std (*)
typenum v1.20.1 
generic-array v0.14.7 more_lengths (*)
chacha20 v0.9.1 zeroize
cfg-if v1.0.4 
cipher v0.4.4 zeroize
crypto-common v0.1.7 getrandom,rand_core,std (*)
inout v0.1.4 
generic-array v0.14.7 more_lengths (*)
zeroize v1.9.0 alloc,default,derive,zeroize_derive
zeroize_derive v1.5.0 (proc-macro) 
proc-macro2 v1.0.107 default,proc-macro (*)
quote v1.0.47 default,proc-macro (*)
syn v2.0.119 clone-impls,default,derive,extra-traits,fold,full,parsing,printing,proc-macro,visit,visit-mut (*)
cipher v0.4.4 zeroize (*)
poly1305 v0.8.0 
opaque-debug v0.3.1 
universal-hash v0.5.1 
crypto-common v0.1.7 getrandom,rand_core,std (*)
subtle v2.6.1 
zeroize v1.9.0 alloc,default,derive,zeroize_derive (*)
getrandom v0.3.4 
cfg-if v1.0.4 
libc v0.2.189 default,std
hex v0.4.3 alloc,default,std
hmac v0.12.1 
digest v0.10.7 alloc,block-buffer,core-api,default,mac,std,subtle
block-buffer v0.10.4 
generic-array v0.14.7 more_lengths (*)
crypto-common v0.1.7 getrandom,rand_core,std (*)
subtle v2.6.1 
kasumi-clock v0.1.0 (/private/tmp/kasumi-functional-20260908-custody-signer/source/crates/kasumi-clock)  (*)
kasumi-serving v0.1.0 (/private/tmp/kasumi-functional-20260908-custody-signer/source/crates/kasumi-serving) 
anyhow v1.0.104 default,std
hex v0.4.3 alloc,default,std
kasumi-clock v0.1.0 (/private/tmp/kasumi-functional-20260908-custody-signer/source/crates/kasumi-clock)  (*)
kasumi-types v0.1.0 (/private/tmp/kasumi-functional-20260908-custody-signer/source/crates/kasumi-types) 
imbl v7.0.1 serde
archery v1.2.3 
bitmaps v3.2.1 (/private/tmp/kasumi-functional-20260908-custody-signer/source/vendor/bitmaps-3.2.1) default,std
equivalent v1.0.2 
imbl-sized-chunks v0.1.3 default,std
bitmaps v3.2.1 (/private/tmp/kasumi-functional-20260908-custody-signer/source/vendor/bitmaps-3.2.1) default,std
rand_core v0.9.5 
rand_xoshiro v0.7.0 
rand_core v0.9.5 
serde_core v1.0.229 alloc,default,rc,result,std
wide v0.7.33 default,std
bytemuck v1.25.2 
safe_arch v0.7.4 bytemuck,default
bytemuck v1.25.2 
version_check v0.9.5 
kasumi-clock v0.1.0 (/private/tmp/kasumi-functional-20260908-custody-signer/source/crates/kasumi-clock)  (*)
serde v1.0.229 alloc,default,derive,rc,serde_derive,std (*)
serde_json v1.0.151 alloc,arbitrary_precision,default,float_roundtrip,raw_value,std (*)
sha2 v0.10.9 default,std
cfg-if v1.0.4 
cpufeatures v0.2.17 
libc v0.2.189 default,std
digest v0.10.7 alloc,block-buffer,core-api,default,mac,std,subtle (*)
thiserror v2.0.20 default,std (*)
uuid v1.26.0 default,rng,serde,std,v4
getrandom v0.4.3 std,sys_rng
cfg-if v1.0.4 
libc v0.2.189 default,std
rand_core v0.10.1 
serde_core v1.0.229 alloc,default,rc,result,std
ring v0.17.14 alloc,default,dev_urandom_fallback,std (*)
serde v1.0.229 alloc,default,derive,rc,serde_derive,std (*)
serde_json v1.0.151 alloc,arbitrary_precision,default,float_roundtrip,raw_value,std (*)
sha2 v0.10.9 default,std (*)
tokio v1.53.1 bytes,default,fs,full,io-std,io-util,libc,macros,mio,net,parking_lot,process,rt,rt-multi-thread,signal,signal-hook-registry,socket2,sync,time,tokio-macros (*)
url v2.5.8 default,std
form_urlencoded v1.2.2 alloc,default,std (*)
idna v1.1.0 alloc,compiled_data,std
idna_adapter v1.2.2 compiled_data
icu_normalizer v2.3.0 compiled_data
icu_collections v2.3.0 
displaydoc v0.2.7 (proc-macro) default,std
proc-macro2 v1.0.107 default,proc-macro (*)
quote v1.0.47 default,proc-macro (*)
syn v3.0.5 clone-impls,default,derive,extra-traits,full,parsing,printing,proc-macro,visit,visit-mut (*)
potential_utf v0.1.6 zerovec
zerovec v0.11.8 derive,yoke
yoke v0.8.3 derive,zerofrom
stable_deref_trait v1.2.1 alloc,default,std
yoke-derive v0.8.2 (proc-macro) 
proc-macro2 v1.0.107 default,proc-macro (*)
quote v1.0.47 default,proc-macro (*)
syn v2.0.119 clone-impls,default,derive,extra-traits,fold,full,parsing,printing,proc-macro,visit,visit-mut (*)
synstructure v0.13.2 default,proc-macro
proc-macro2 v1.0.107 default,proc-macro (*)
quote v1.0.47 default,proc-macro (*)
syn v2.0.119 clone-impls,default,derive,extra-traits,fold,full,parsing,printing,proc-macro,visit,visit-mut (*)
zerofrom v0.1.8 derive
zerofrom-derive v0.1.7 (proc-macro) 
proc-macro2 v1.0.107 default,proc-macro (*)
quote v1.0.47 default,proc-macro (*)
syn v2.0.119 clone-impls,default,derive,extra-traits,fold,full,parsing,printing,proc-macro,visit,visit-mut (*)
synstructure v0.13.2 default,proc-macro (*)
zerofrom v0.1.8 derive (*)
zerovec-derive v0.11.6 (proc-macro) 
proc-macro2 v1.0.107 default,proc-macro (*)
quote v1.0.47 default,proc-macro (*)
syn v3.0.5 clone-impls,default,derive,extra-traits,full,parsing,printing,proc-macro,visit,visit-mut (*)
utf8_iter v1.0.4 
yoke v0.8.3 derive,zerofrom (*)
zerofrom v0.1.8 derive (*)
zerovec v0.11.8 derive,yoke (*)
icu_normalizer_data v2.3.0 
icu_provider v2.3.1 baked
displaydoc v0.2.7 (proc-macro) default,std (*)
icu_locale_core v2.3.0 zerovec
displaydoc v0.2.7 (proc-macro) default,std (*)
litemap v0.8.3 
tinystr v0.8.4 zerovec
displaydoc v0.2.7 (proc-macro) default,std (*)
zerovec v0.11.8 derive,yoke (*)
writeable v0.6.4 
zerovec v0.11.8 derive,yoke (*)
writeable v0.6.4 
yoke v0.8.3 derive,zerofrom (*)
zerofrom v0.1.8 derive (*)
zerotrie v0.2.5 yoke,zerofrom
displaydoc v0.2.7 (proc-macro) default,std (*)
yoke v0.8.3 derive,zerofrom (*)
zerofrom v0.1.8 derive (*)
zerovec v0.11.8 derive,yoke (*)
smallvec v1.16.0 const_generics,const_new
zerovec v0.11.8 derive,yoke (*)
icu_properties v2.3.0 compiled_data
displaydoc v0.2.7 (proc-macro) default,std (*)
icu_collections v2.3.0  (*)
icu_locale_core v2.3.0 zerovec (*)
icu_properties_data v2.3.0 
icu_provider v2.3.1 baked (*)
zerotrie v0.2.5 yoke,zerofrom (*)
zerovec v0.11.8 derive,yoke (*)
smallvec v1.16.0 const_generics,const_new
utf8_iter v1.0.4 
percent-encoding v2.3.2 alloc,default,std
uuid v1.26.0 default,rng,serde,std,v4 (*)
kasumi-transport v0.1.0 (/private/tmp/kasumi-functional-20260908-custody-signer/source/crates/kasumi-transport) 
anyhow v1.0.104 default,std
http v1.5.0 default,std (*)
hyper-util v0.1.20 client,client-legacy,client-proxy,default,http1,http2,server,server-auto,service,tokio (*)
libc v0.2.189 default,std
rustls v0.23.43 log,logging,ring,std,tls12
log v0.4.34 
once_cell v1.21.4 alloc,default,race,std
ring v0.17.14 alloc,default,dev_urandom_fallback,std (*)
rustls-pki-types v1.15.1 alloc,default,std
zeroize v1.9.0 alloc,default,derive,zeroize_derive (*)
rustls-webpki v0.103.15 alloc,ring,std
ring v0.17.14 alloc,default,dev_urandom_fallback,std (*)
rustls-pki-types v1.15.1 alloc,default,std (*)
untrusted v0.9.0 
subtle v2.6.1 
zeroize v1.9.0 alloc,default,derive,zeroize_derive (*)
sha2 v0.10.9 default,std (*)
tokio v1.53.1 bytes,default,fs,full,io-std,io-util,libc,macros,mio,net,parking_lot,process,rt,rt-multi-thread,signal,signal-hook-registry,socket2,sync,time,tokio-macros (*)
tokio-rustls v0.26.5 logging,ring,tls12
rustls v0.23.43 log,logging,ring,std,tls12 (*)
tokio v1.53.1 bytes,default,fs,full,io-std,io-util,libc,macros,mio,net,parking_lot,process,rt,rt-multi-thread,signal,signal-hook-registry,socket2,sync,time,tokio-macros (*)
tonic v0.14.6 _tls-any,channel,codegen,router,server,tls-connect-info,tls-ring,transport
async-trait v0.1.92 (proc-macro)  (*)
axum v0.8.9 default,form,http1,json,matched-path,original-uri,query,tokio,tower-log,tracing (*)
base64 v0.22.1 alloc,default,std
bytes v1.12.1 default,std
h2 v0.4.19  (*)
http v1.5.0 default,std (*)
http-body v1.1.0  (*)
http-body-util v0.1.5 default (*)
hyper v1.11.1 client,default,http1,http2,server (*)
hyper-timeout v0.5.2 
hyper v1.11.1 client,default,http1,http2,server (*)
hyper-util v0.1.20 client,client-legacy,client-proxy,default,http1,http2,server,server-auto,service,tokio (*)
pin-project-lite v0.2.17 
tokio v1.53.1 bytes,default,fs,full,io-std,io-util,libc,macros,mio,net,parking_lot,process,rt,rt-multi-thread,signal,signal-hook-registry,socket2,sync,time,tokio-macros (*)
tower-service v0.3.3 
hyper-util v0.1.20 client,client-legacy,client-proxy,default,http1,http2,server,server-auto,service,tokio (*)
percent-encoding v2.3.2 alloc,default,std
pin-project v1.1.13 
pin-project-internal v1.1.13 (proc-macro) 
proc-macro2 v1.0.107 default,proc-macro (*)
quote v1.0.47 default,proc-macro (*)
syn v2.0.119 clone-impls,default,derive,extra-traits,fold,full,parsing,printing,proc-macro,visit,visit-mut (*)
socket2 v0.6.5 all (*)
sync_wrapper v1.0.2 futures,futures-core (*)
tokio v1.53.1 bytes,default,fs,full,io-std,io-util,libc,macros,mio,net,parking_lot,process,rt,rt-multi-thread,signal,signal-hook-registry,socket2,sync,time,tokio-macros (*)
tokio-rustls v0.26.5 logging,ring,tls12 (*)
tokio-stream v0.1.19 default,net,time
futures-core v0.3.34 alloc,default,std
pin-project-lite v0.2.17 
tokio v1.53.1 bytes,default,fs,full,io-std,io-util,libc,macros,mio,net,parking_lot,process,rt,rt-multi-thread,signal,signal-hook-registry,socket2,sync,time,tokio-macros (*)
tower v0.5.3 balance,buffer,discover,futures-core,futures-util,indexmap,limit,load,load-shed,log,make,pin-project-lite,ready-cache,retry,slab,sync_wrapper,timeout,tokio,tokio-util,tracing,util (*)
tower-layer v0.3.3 
tower-service v0.3.3 
tracing v0.1.44 attributes,default,log,std,tracing-attributes (*)
tower v0.5.3 balance,buffer,discover,futures-core,futures-util,indexmap,limit,load,load-shed,log,make,pin-project-lite,ready-cache,retry,slab,sync_wrapper,timeout,tokio,tokio-util,tracing,util (*)
url v2.5.8 default,std (*)
zeroize v1.9.0 alloc,default,derive,zeroize_derive (*)
kasumi-types v0.1.0 (/private/tmp/kasumi-functional-20260908-custody-signer/source/crates/kasumi-types)  (*)
libc v0.2.189 default,std
parking_lot v0.12.5 default (*)
quick-xml v0.42.0 default
memchr v2.8.3 alloc,default,std
redb v4.2.0 default,std
reqwest v0.12.28 __rustls,__rustls-ring,__tls,json,rustls-tls,rustls-tls-webpki-roots,rustls-tls-webpki-roots-no-provider
base64 v0.22.1 alloc,default,std
bytes v1.12.1 default,std
futures-core v0.3.34 alloc,default,std
http v1.5.0 default,std (*)
http-body v1.1.0  (*)
http-body-util v0.1.5 default (*)
hyper v1.11.1 client,default,http1,http2,server (*)
hyper-rustls v0.27.9 http1,ring,tls12,webpki-roots,webpki-tokio
http v1.5.0 default,std (*)
hyper v1.11.1 client,default,http1,http2,server (*)
hyper-util v0.1.20 client,client-legacy,client-proxy,default,http1,http2,server,server-auto,service,tokio (*)
rustls v0.23.43 log,logging,ring,std,tls12 (*)
tokio v1.53.1 bytes,default,fs,full,io-std,io-util,libc,macros,mio,net,parking_lot,process,rt,rt-multi-thread,signal,signal-hook-registry,socket2,sync,time,tokio-macros (*)
tokio-rustls v0.26.5 logging,ring,tls12 (*)
tower-service v0.3.3 
webpki-roots v1.0.9 
rustls-pki-types v1.15.1 alloc,default,std (*)
hyper-util v0.1.20 client,client-legacy,client-proxy,default,http1,http2,server,server-auto,service,tokio (*)
log v0.4.34 
percent-encoding v2.3.2 alloc,default,std
pin-project-lite v0.2.17 
rustls v0.23.43 log,logging,ring,std,tls12 (*)
rustls-pki-types v1.15.1 alloc,default,std (*)
serde v1.0.229 alloc,default,derive,rc,serde_derive,std (*)
serde_json v1.0.151 alloc,arbitrary_precision,default,float_roundtrip,raw_value,std (*)
serde_urlencoded v0.7.1  (*)
sync_wrapper v1.0.2 futures,futures-core (*)
tokio v1.53.1 bytes,default,fs,full,io-std,io-util,libc,macros,mio,net,parking_lot,process,rt,rt-multi-thread,signal,signal-hook-registry,socket2,sync,time,tokio-macros (*)
tokio-rustls v0.26.5 logging,ring,tls12 (*)
tower v0.5.3 balance,buffer,discover,futures-core,futures-util,indexmap,limit,load,load-shed,log,make,pin-project-lite,ready-cache,retry,slab,sync_wrapper,timeout,tokio,tokio-util,tracing,util (*)
tower-http v0.6.11 follow-redirect,futures-util,tower
bitflags v2.13.1 std
bytes v1.12.1 default,std
futures-util v0.3.34 alloc,async-await,async-await-macro,channel,default,futures-channel,futures-io,futures-macro,futures-sink,io,memchr,sink,slab,std (*)
http v1.5.0 default,std (*)
http-body v1.1.0  (*)
pin-project-lite v0.2.17 
tower v0.5.3 balance,buffer,discover,futures-core,futures-util,indexmap,limit,load,load-shed,log,make,pin-project-lite,ready-cache,retry,slab,sync_wrapper,timeout,tokio,tokio-util,tracing,util (*)
tower-layer v0.3.3 
tower-service v0.3.3 
url v2.5.8 default,std (*)
tower-service v0.3.3 
url v2.5.8 default,std (*)
webpki-roots v1.0.9  (*)
serde v1.0.229 alloc,default,derive,rc,serde_derive,std (*)
serde_json v1.0.151 alloc,arbitrary_precision,default,float_roundtrip,raw_value,std (*)
sha2 v0.10.9 default,std (*)
tempfile v3.27.0 default,getrandom
fastrand v2.5.0 alloc,default,std
getrandom v0.4.3 std,sys_rng (*)
once_cell v1.21.4 alloc,default,race,std
rustix v1.1.4 alloc,default,fs,std
bitflags v2.13.1 std
errno v0.3.14 default,std (*)
libc v0.2.189 default,std
time v0.3.55 alloc,default,formatting,macros,parsing,serde,serde-well-known,std (*)
tokio v1.53.1 bytes,default,fs,full,io-std,io-util,libc,macros,mio,net,parking_lot,process,rt,rt-multi-thread,signal,signal-hook-registry,socket2,sync,time,tokio-macros (*)
uuid v1.26.0 default,rng,serde,std,v4 (*)
zeroize v1.9.0 alloc,default,derive,zeroize_derive (*)
kasumi-types v0.1.0 (/private/tmp/kasumi-functional-20260908-custody-signer/source/crates/kasumi-types)  (*)
openraft v0.9.25 serde,storage-v2
anyerror v0.1.13 default
serde v1.0.229 alloc,default,derive,rc,serde_derive,std (*)
byte-unit v5.2.5 byte,default,rust_decimal,std
rust_decimal v1.43.0 std
arrayvec v0.7.8 std
num-traits v0.2.19 default,i128,std (*)
utf8-width v0.1.9 
chrono v0.4.45 alloc,clock,default,iana-time-zone,js-sys,now,oldtime,serde,std,wasm-bindgen,wasmbind,winapi,windows-link
iana-time-zone v0.1.65 fallback
core-foundation-sys v0.8.7 default,link
num-traits v0.2.19 default,i128,std (*)
serde v1.0.229 alloc,default,derive,rc,serde_derive,std (*)
clap v4.6.6 color,default,derive,env,error-context,help,std,suggestions,usage
clap_builder v4.6.6 color,env,error-context,help,std,suggestions,usage
anstream v1.0.0 auto,default,wincon
anstyle v1.0.14 default,std
anstyle-parse v1.0.0 default,utf8
utf8parse v0.2.2 default
anstyle-query v1.1.5 
colorchoice v1.0.5 
is_terminal_polyfill v1.70.2 default
utf8parse v0.2.2 default
anstyle v1.0.14 default,std
clap_lex v1.1.0 
strsim v0.11.1 
clap_derive v4.6.4 (proc-macro) default
heck v0.5.0 
proc-macro2 v1.0.107 default,proc-macro (*)
quote v1.0.47 default,proc-macro (*)
syn v3.0.5 clone-impls,default,derive,extra-traits,full,parsing,printing,proc-macro,visit,visit-mut (*)
derive_more v1.0.0 default,display,from,std,try_into
derive_more-impl v1.0.0 (proc-macro) default,display,from,try_into
proc-macro2 v1.0.107 default,proc-macro (*)
quote v1.0.47 default,proc-macro (*)
syn v2.0.119 clone-impls,default,derive,extra-traits,fold,full,parsing,printing,proc-macro,visit,visit-mut (*)
unicode-xid v0.2.6 default
futures v0.3.34 alloc,async-await,default,executor,futures-executor,std
futures-channel v0.3.34 alloc,default,futures-sink,sink,std (*)
futures-core v0.3.34 alloc,default,std
futures-executor v0.3.34 std
futures-core v0.3.34 alloc,default,std
futures-task v0.3.34 alloc,std
futures-util v0.3.34 alloc,async-await,async-await-macro,channel,default,futures-channel,futures-io,futures-macro,futures-sink,io,memchr,sink,slab,std (*)
futures-io v0.3.34 std
futures-sink v0.3.34 alloc,default,std
futures-task v0.3.34 alloc,std
futures-util v0.3.34 alloc,async-await,async-await-macro,channel,default,futures-channel,futures-io,futures-macro,futures-sink,io,memchr,sink,slab,std (*)
maplit v1.0.2 
openraft-macros v0.9.25 (proc-macro) 
chrono v0.4.45 alloc,clock,default,iana-time-zone,js-sys,now,oldtime,std,wasm-bindgen,wasmbind,winapi,windows-link
iana-time-zone v0.1.65 fallback (*)
num-traits v0.2.19 
autocfg v1.5.1 
proc-macro2 v1.0.107 default,proc-macro (*)
quote v1.0.47 default,proc-macro (*)
semver v1.0.28 default,std
syn v2.0.119 clone-impls,default,derive,extra-traits,fold,full,parsing,printing,proc-macro,visit,visit-mut (*)
rand v0.8.8 alloc,default,getrandom,libc,rand_chacha,std,std_rng
libc v0.2.189 default,std
rand_chacha v0.3.1 std
ppv-lite86 v0.2.21 simd,std
zerocopy v0.8.56 simd
rand_core v0.6.4 alloc,getrandom,std (*)
rand_core v0.6.4 alloc,getrandom,std (*)
serde v1.0.229 alloc,default,derive,rc,serde_derive,std (*)
thiserror v1.0.69 
thiserror-impl v1.0.69 (proc-macro) 
proc-macro2 v1.0.107 default,proc-macro (*)
quote v1.0.47 default,proc-macro (*)
syn v2.0.119 clone-impls,default,derive,extra-traits,fold,full,parsing,printing,proc-macro,visit,visit-mut (*)
tokio v1.53.1 bytes,default,fs,full,io-std,io-util,libc,macros,mio,net,parking_lot,process,rt,rt-multi-thread,signal,signal-hook-registry,socket2,sync,time,tokio-macros (*)
tracing v0.1.44 attributes,default,log,std,tracing-attributes (*)
tracing-futures v0.2.5 default,pin-project,std,std-future
pin-project v1.1.13  (*)
tracing v0.1.44 attributes,default,log,std,tracing-attributes (*)
validit v0.2.6 default,macros
anyerror v0.1.13 default (*)
postcard v1.1.3 alloc
cobs v0.3.0 
thiserror v2.0.20 default,std (*)
serde v1.0.229 alloc,default,derive,rc,serde_derive,std (*)
serde v1.0.229 alloc,default,derive,rc,serde_derive,std (*)
serde_json v1.0.151 alloc,arbitrary_precision,default,float_roundtrip,raw_value,std (*)
sha2 v0.10.9 default,std (*)
tokio v1.53.1 bytes,default,fs,full,io-std,io-util,libc,macros,mio,net,parking_lot,process,rt,rt-multi-thread,signal,signal-hook-registry,socket2,sync,time,tokio-macros (*)
uuid v1.26.0 default,rng,serde,std,v4 (*)
kasumi-serving v0.1.0 (/private/tmp/kasumi-functional-20260908-custody-signer/source/crates/kasumi-serving)  (*)
kasumi-store v0.1.0 (/private/tmp/kasumi-functional-20260908-custody-signer/source/crates/kasumi-store)  (*)
kasumi-types v0.1.0 (/private/tmp/kasumi-functional-20260908-custody-signer/source/crates/kasumi-types)  (*)
serde v1.0.229 alloc,default,derive,rc,serde_derive,std (*)
serde_json v1.0.151 alloc,arbitrary_precision,default,float_roundtrip,raw_value,std (*)
sha2 v0.10.9 default,std (*)
tokio v1.53.1 bytes,default,fs,full,io-std,io-util,libc,macros,mio,net,parking_lot,process,rt,rt-multi-thread,signal,signal-hook-registry,socket2,sync,time,tokio-macros (*)
uuid v1.26.0 default,rng,serde,std,v4 (*)
kasumi-client v0.1.0 (/private/tmp/kasumi-functional-20260908-custody-signer/source/crates/kasumi-client) 
anyhow v1.0.104 default,std
hex v0.4.3 alloc,default,std
kasumi-serving v0.1.0 (/private/tmp/kasumi-functional-20260908-custody-signer/source/crates/kasumi-serving)  (*)
kasumi-transport v0.1.0 (/private/tmp/kasumi-functional-20260908-custody-signer/source/crates/kasumi-transport)  (*)
kasumi-types v0.1.0 (/private/tmp/kasumi-functional-20260908-custody-signer/source/crates/kasumi-types)  (*)
prost v0.14.4 default,derive,std
bytes v1.12.1 default,std
prost-derive v0.14.4 (proc-macro) 
anyhow v1.0.104 default,std
itertools v0.14.0 default,use_alloc,use_std
either v1.18.0 std,use_std
proc-macro2 v1.0.107 default,proc-macro (*)
quote v1.0.47 default,proc-macro (*)
syn v2.0.119 clone-impls,default,derive,extra-traits,fold,full,parsing,printing,proc-macro,visit,visit-mut (*)
serde v1.0.229 alloc,default,derive,rc,serde_derive,std (*)
serde_json v1.0.151 alloc,arbitrary_precision,default,float_roundtrip,raw_value,std (*)
thiserror v2.0.20 default,std (*)
tokio v1.53.1 bytes,default,fs,full,io-std,io-util,libc,macros,mio,net,parking_lot,process,rt,rt-multi-thread,signal,signal-hook-registry,socket2,sync,time,tokio-macros (*)
tonic v0.14.6 _tls-any,channel,codegen,router,server,tls-connect-info,tls-ring,transport (*)
tonic-prost v0.14.6 
bytes v1.12.1 default,std
prost v0.14.4 default,derive,std (*)
tonic v0.14.6 _tls-any,channel,codegen,router,server,tls-connect-info,tls-ring,transport (*)
url v2.5.8 default,std (*)
uuid v1.26.0 default,rng,serde,std,v4 (*)
prost-build v0.14.4 cleanup-markdown,default,format
heck v0.5.0 
itertools v0.14.0 default,use_alloc,use_std (*)
log v0.4.34 
multimap v0.10.1 
petgraph v0.8.3 std
fixedbitset v0.5.7 
hashbrown v0.15.5 default-hasher,inline-more
foldhash v0.1.5 
indexmap v2.14.1 std
equivalent v1.0.2 
hashbrown v0.17.1 
prettyplease v0.2.37 
proc-macro2 v1.0.107 default,proc-macro (*)
syn v2.0.119 clone-impls,default,derive,extra-traits,fold,full,parsing,printing,proc-macro,visit,visit-mut (*)
prost v0.14.4 derive,std
bytes v1.12.1 default,std
prost-derive v0.14.4 (proc-macro)  (*)
prost-types v0.14.4 default,std
prost v0.14.4 derive,std (*)
pulldown-cmark v0.13.4 
bitflags v2.13.1 std
memchr v2.8.3 alloc,default,std
unicase v2.9.0 
pulldown-cmark-to-cmark v22.0.1 
pulldown-cmark v0.13.4  (*)
regex v1.13.1 std,unicode-bool
regex-automata v0.4.18 alloc,meta,nfa-pikevm,nfa-thompson,std,syntax,unicode-bool
regex-syntax v0.8.11 std,unicode-bool
regex-syntax v0.8.11 std,unicode-bool
syn v2.0.119 clone-impls,default,derive,extra-traits,fold,full,parsing,printing,proc-macro,visit,visit-mut (*)
tempfile v3.27.0 default,getrandom (*)
protoc-bin-vendored v3.2.0 
protoc-bin-vendored-linux-aarch_64 v3.2.0 
protoc-bin-vendored-linux-ppcle_64 v3.2.0 
protoc-bin-vendored-linux-s390_64 v3.2.0 
protoc-bin-vendored-linux-x86_32 v3.2.0 
protoc-bin-vendored-linux-x86_64 v3.2.0 
protoc-bin-vendored-macos-aarch_64 v3.2.0 
protoc-bin-vendored-macos-x86_64 v3.2.0 
protoc-bin-vendored-win32 v3.2.0 
tonic-prost-build v0.14.6 cleanup-markdown,default,transport
prettyplease v0.2.37  (*)
proc-macro2 v1.0.107 default,proc-macro (*)
prost-build v0.14.4 cleanup-markdown,default,format (*)
prost-types v0.14.4 default,std (*)
quote v1.0.47 default,proc-macro (*)
syn v2.0.119 clone-impls,default,derive,extra-traits,fold,full,parsing,printing,proc-macro,visit,visit-mut (*)
tempfile v3.27.0 default,getrandom (*)
tonic-build v0.14.6 transport
prettyplease v0.2.37  (*)
proc-macro2 v1.0.107 default,proc-macro (*)
quote v1.0.47 default,proc-macro (*)
syn v2.0.119 clone-impls,default,derive,extra-traits,fold,full,parsing,printing,proc-macro,visit,visit-mut (*)
kasumi-clock v0.1.0 (/private/tmp/kasumi-functional-20260908-custody-signer/source/crates/kasumi-clock)  (*)
kasumi-engine v0.1.0 (/private/tmp/kasumi-functional-20260908-custody-signer/source/crates/kasumi-engine) default
anyhow v1.0.104 default,std
arc-swap v1.9.2 
rustversion v1.0.23 (proc-macro) 
hex v0.4.3 alloc,default,std
imbl v7.0.1 serde (*)
kasumi-clock v0.1.0 (/private/tmp/kasumi-functional-20260908-custody-signer/source/crates/kasumi-clock)  (*)
kasumi-query v0.1.0 (/private/tmp/kasumi-functional-20260908-custody-signer/source/crates/kasumi-query) 
bigdecimal v0.4.10 default,std
libm v0.2.16 arch,default
num-bigint v0.4.8 default,std (*)
num-integer v0.1.47 i128,std (*)
num-traits v0.2.19 default,i128,std (*)
autocfg v1.5.1 
imbl v7.0.1 serde (*)
jsonschema v0.52.1 arbitrary-precision
ahash v0.8.12 default,getrandom,runtime-rng,serde,std
cfg-if v1.0.4 
getrandom v0.3.4  (*)
once_cell v1.21.4 alloc,default,race,std
serde v1.0.229 alloc,default,derive,rc,serde_derive,std (*)
zerocopy v0.8.56 simd
version_check v0.9.5 
bytecount v0.6.9 runtime-dispatch-simd
data-encoding v2.11.1 alloc,default,std
email_address v0.2.9 default,serde,serde_support
serde v1.0.229 alloc,default,derive,rc,serde_derive,std (*)
fancy-regex v0.19.0 default,perf,std,unicode,variable-lookbehinds
bit-set v0.8.0 std
bit-vec v0.8.0 std
regex-automata v0.4.18 alloc,dfa,dfa-build,dfa-onepass,dfa-search,hybrid,meta,nfa,nfa-backtrack,nfa-pikevm,nfa-thompson,perf,perf-inline,perf-literal,perf-literal-multisubstring,perf-literal-substring,std,syntax,unicode,unicode-age,unicode-bool,unicode-case,unicode-gencat,unicode-perl,unicode-script,unicode-segment,unicode-word-boundary
aho-corasick v1.1.5 default,perf-literal,std
memchr v2.8.3 alloc,default,std
memchr v2.8.3 alloc,default,std
regex-syntax v0.8.11 default,std,unicode,unicode-age,unicode-bool,unicode-case,unicode-gencat,unicode-perl,unicode-script,unicode-segment
regex-syntax v0.8.11 default,std,unicode,unicode-age,unicode-bool,unicode-case,unicode-gencat,unicode-perl,unicode-script,unicode-segment
fraction v0.17.0 num-bigint,with-bigint
num v0.4.3 num-bigint,std
num-bigint v0.4.8 default,std (*)
num-complex v0.4.6 std
num-traits v0.2.19 default,i128,std (*)
num-integer v0.1.47 i128,std (*)
num-iter v0.1.46 i128,std
num-integer v0.1.47 i128,std (*)
num-traits v0.2.19 default,i128,std (*)
num-rational v0.4.2 num-bigint,num-bigint-std,std
num-bigint v0.4.8 default,std (*)
num-integer v0.1.47 i128,std (*)
num-traits v0.2.19 default,i128,std (*)
num-traits v0.2.19 default,i128,std (*)
num-bigint v0.4.8 default,std (*)
itoa v1.0.18 
jsonschema-regex v0.52.1 
regex-syntax v0.8.11 default,std,unicode,unicode-age,unicode-bool,unicode-case,unicode-gencat,unicode-perl,unicode-script,unicode-segment
jsonschema-value v0.52.1 arbitrary-precision,default,serde_json
ahash v0.8.12 default,getrandom,runtime-rng,serde,std (*)
bytecount v0.6.9 runtime-dispatch-simd
fraction v0.17.0 num-bigint,with-bigint (*)
num-bigint v0.4.8 default,std (*)
num-cmp v0.1.0 
num-traits v0.2.19 default,i128,std (*)
serde_json v1.0.151 alloc,arbitrary_precision,default,float_roundtrip,raw_value,std (*)
zmij v1.0.23 
num-bigint v0.4.8 default,std (*)
num-cmp v0.1.0 
num-traits v0.2.19 default,i128,std (*)
percent-encoding v2.3.2 alloc,default,std
referencing v0.52.1 default
ahash v0.8.12 default,getrandom,runtime-rng,serde,std (*)
fluent-uri v0.4.1 alloc,default,impl-error,serde,std
borrow-or-share v0.2.4 alloc
ref-cast v1.0.27 
ref-cast-impl v1.0.27 (proc-macro) 
proc-macro2 v1.0.107 default,proc-macro (*)
quote v1.0.47 default,proc-macro (*)
syn v3.0.5 clone-impls,default,derive,extra-traits,full,parsing,printing,proc-macro,visit,visit-mut (*)
serde v1.0.229 alloc,default,derive,rc,serde_derive,std (*)
hashbrown v0.17.1 allocator-api2,default,default-hasher,equivalent,inline-more,raw-entry (*)
itoa v1.0.18 
micromap v0.3.0 default
parking_lot v0.12.5 default (*)
percent-encoding v2.3.2 alloc,default,std
serde_json v1.0.151 alloc,arbitrary_precision,default,float_roundtrip,raw_value,std (*)
regex v1.13.1 default,perf,perf-backtrack,perf-cache,perf-dfa,perf-inline,perf-literal,perf-onepass,std,unicode,unicode-age,unicode-bool,unicode-case,unicode-gencat,unicode-perl,unicode-script,unicode-segment
aho-corasick v1.1.5 default,perf-literal,std (*)
memchr v2.8.3 alloc,default,std
regex-automata v0.4.18 alloc,dfa,dfa-build,dfa-onepass,dfa-search,hybrid,meta,nfa,nfa-backtrack,nfa-pikevm,nfa-thompson,perf,perf-inline,perf-literal,perf-literal-multisubstring,perf-literal-substring,std,syntax,unicode,unicode-age,unicode-bool,unicode-case,unicode-gencat,unicode-perl,unicode-script,unicode-segment,unicode-word-boundary (*)
regex-syntax v0.8.11 default,std,unicode,unicode-age,unicode-bool,unicode-case,unicode-gencat,unicode-perl,unicode-script,unicode-segment
serde v1.0.229 alloc,default,derive,rc,serde_derive,std (*)
serde_json v1.0.151 alloc,arbitrary_precision,default,float_roundtrip,raw_value,std (*)
strum v0.28.0 default,derive,std,strum_macros
strum_macros v0.28.0 (proc-macro) 
heck v0.5.0 
proc-macro2 v1.0.107 default,proc-macro (*)
quote v1.0.47 default,proc-macro (*)
syn v2.0.119 clone-impls,default,derive,extra-traits,fold,full,parsing,printing,proc-macro,visit,visit-mut (*)
unicode-general-category v1.1.0 
uuid-simd v0.8.0 alloc,detect,std
outref v0.5.2 
vsimd v0.8.0 alloc,detect,std
kasumi-types v0.1.0 (/private/tmp/kasumi-functional-20260908-custody-signer/source/crates/kasumi-types)  (*)
levenshtein_automata v0.2.1 
lindera v5.3.0 default,embed-ipadic,lindera-ipadic,mmap
anyhow v1.0.104 default,std
lindera-dictionary v5.3.0 default,mmap
anyhow v1.0.104 default,std
byteorder v1.5.0 default,std
crawdad v0.3.0 alloc,default
csv v1.4.0 
csv-core v0.1.13 default
memchr v2.8.3 alloc,default,std
itoa v1.0.18 
ryu v1.0.23 
serde_core v1.0.229 alloc,default,rc,result,std
daachorse v4.0.0 alloc,default
encoding_rs v0.8.35 alloc,default
cfg-if v1.0.4 
encoding_rs_io v0.1.8 
encoding_rs v0.8.35 alloc,default (*)
glob v0.3.4 
log v0.4.34 
memchr v2.8.3 alloc,default,std
memmap2 v0.9.11 
libc v0.2.189 default,std
once_cell v1.21.4 alloc,default,race,std
rayon v1.12.0 
either v1.18.0 std,use_std
rayon-core v1.13.0 
crossbeam-deque v0.8.7 default,std
crossbeam-epoch v0.9.20 alloc,std
crossbeam-utils v0.8.22 default,std
crossbeam-utils v0.8.22 default,std
crossbeam-utils v0.8.22 default,std
rkyv v0.8.18 alloc,bytecheck,default,std
bytecheck v0.8.3 simdutf8
bytecheck_derive v0.8.3 (proc-macro) 
proc-macro2 v1.0.107 default,proc-macro (*)
quote v1.0.47 default,proc-macro (*)
syn v3.0.5 clone-impls,default,derive,extra-traits,full,parsing,printing,proc-macro,visit,visit-mut (*)
ptr_meta v0.3.2 derive,ptr_meta_derive,std
ptr_meta_derive v0.3.2 (proc-macro) 
proc-macro2 v1.0.107 default,proc-macro (*)
quote v1.0.47 default,proc-macro (*)
syn v3.0.5 clone-impls,default,derive,extra-traits,full,parsing,printing,proc-macro,visit,visit-mut (*)
rancor v0.1.3 alloc
ptr_meta v0.3.2 derive,ptr_meta_derive,std (*)
simdutf8 v0.1.5 
hashbrown v0.17.1 allocator-api2,default,default-hasher,equivalent,inline-more,raw-entry (*)
munge v0.4.7 
munge_macro v0.4.7 (proc-macro) 
proc-macro2 v1.0.107 default,proc-macro (*)
quote v1.0.47 default,proc-macro (*)
syn v2.0.119 clone-impls,default,derive,extra-traits,fold,full,parsing,printing,proc-macro,visit,visit-mut (*)
ptr_meta v0.3.2 derive,ptr_meta_derive,std (*)
rancor v0.1.3 alloc (*)
rend v0.5.4 bytecheck
bytecheck v0.8.3 simdutf8 (*)
rkyv_derive v0.8.18 (proc-macro) bytecheck
proc-macro2 v1.0.107 default,proc-macro (*)
quote v1.0.47 default,proc-macro (*)
syn v3.0.5 clone-impls,default,derive,extra-traits,full,parsing,printing,proc-macro,visit,visit-mut (*)
serde v1.0.229 alloc,default,derive,rc,serde_derive,std (*)
serde_json v1.0.151 alloc,arbitrary_precision,default,float_roundtrip,raw_value,std (*)
strum v0.28.0 default,derive,std,strum_macros (*)
strum_macros v0.28.0 (proc-macro)  (*)
thiserror v2.0.20 default,std (*)
lindera-ipadic v5.3.0 embed-ipadic
lindera-dictionary v5.3.0 default,mmap (*)
lindera-dictionary v5.3.0 build_rs,default,mmap
anyhow v1.0.104 default,std
byteorder v1.5.0 default,std
crawdad v0.3.0 alloc,default
csv v1.4.0  (*)
daachorse v4.0.0 alloc,default
encoding_rs v0.8.35 alloc,default (*)
encoding_rs_io v0.1.8  (*)
flate2 v1.1.10 any_impl,default,miniz_oxide,runtime_detection,rust_backend
crc32fast v1.5.1 std
cfg-if v1.0.4 
miniz_oxide v0.9.1 default,simd,simd-adler32,with-alloc
adler2 v2.0.1 
simd-adler32 v0.3.10 
glob v0.3.4 
log v0.4.34 
md5 v0.8.1 default,std
memchr v2.8.3 alloc,default,std
memmap2 v0.9.11  (*)
once_cell v1.21.4 alloc,default,race,std
rand v0.10.2 
rand_core v0.10.1 
rayon v1.12.0  (*)
rkyv v0.8.18 alloc,bytecheck,default,std (*)
serde v1.0.229 default,derive,serde_derive,std
serde_core v1.0.229 default,result,std
serde_derive v1.0.229 (proc-macro) default (*)
serde_json v1.0.151 default,std
itoa v1.0.18 
memchr v2.8.3 alloc,default,std
serde_core v1.0.229 default,result,std
zmij v1.0.23 
strum v0.28.0 default,derive,std,strum_macros (*)
strum_macros v0.28.0 (proc-macro)  (*)
tar v0.4.46 default,xattr
filetime v0.2.29 
cfg-if v1.0.4 
libc v0.2.189 default,std
libc v0.2.189 default,std
xattr v1.6.1 default,unsupported
rustix v1.1.4 alloc,default,fs,std (*)
thiserror v2.0.20 default,std (*)
ureq v3.4.0 _ring,_rustls,_tls,rustls,rustls-no-provider,rustls-webpki-roots
base64 v0.23.1 alloc,std
log v0.4.34 
percent-encoding v2.3.2 alloc,default,std
rustls v0.23.43 log,logging,ring,std,tls12 (*)
rustls-pki-types v1.15.1 alloc,default,std (*)
ureq-proto v0.6.1 client
base64 v0.23.1 alloc,std
http v1.5.0 std
bytes v1.12.1 default,std
itoa v1.0.18 
httparse v1.10.1 
log v0.4.34 
utf8-zero v0.8.1 default,std
webpki-roots v1.0.9  (*)
log v0.4.34 
percent-encoding v2.3.2 alloc,default,std
serde v1.0.229 alloc,default,derive,rc,serde_derive,std (*)
serde_json v1.0.151 alloc,arbitrary_precision,default,float_roundtrip,raw_value,std (*)
strum v0.28.0 default,derive,std,strum_macros (*)
strum_macros v0.28.0 (proc-macro)  (*)
url v2.5.8 default,std (*)
lindera-tantivy v5.0.1 default,embed-ipadic
lindera v5.3.0 default,embed-ipadic,lindera-ipadic,mmap (*)
lindera-analysis v5.3.0 default
anyhow v1.0.104 default,std
daachorse v4.0.0 alloc,default
kanaria v0.2.0 
bitflags v1.3.2 default
lindera v5.3.0 default,embed-ipadic,lindera-ipadic,mmap (*)
regex v1.13.1 default,perf,perf-backtrack,perf-cache,perf-dfa,perf-inline,perf-literal,perf-onepass,std,unicode,unicode-age,unicode-bool,unicode-case,unicode-gencat,unicode-perl,unicode-script,unicode-segment (*)
serde v1.0.229 alloc,default,derive,rc,serde_derive,std (*)
serde_json v1.0.151 alloc,arbitrary_precision,default,float_roundtrip,raw_value,std (*)
serde_yaml_ng v0.10.0 
indexmap v2.14.1 default,serde,std (*)
itoa v1.0.18 
ryu v1.0.23 
serde v1.0.229 alloc,default,derive,rc,serde_derive,std (*)
unsafe-libyaml v0.2.11 
unicode-blocks v0.1.10 
unicode-normalization v0.1.25 default,std
tinyvec v1.13.2 alloc,default,tinyvec_macros
tinyvec_macros v0.1.1 
unicode-segmentation v1.13.3 
tantivy v0.26.1 columnar-zstd-compression,default,fs4,lz4-compression,lz4_flex,memmap2,mmap,rust-stemmers,stemmer,stopwords,tempfile
aho-corasick v1.1.5 default,perf-literal,std (*)
arc-swap v1.9.2  (*)
base64 v0.22.1 alloc,default,std
bitpacking v0.9.3 bitpacker1x,bitpacker4x
crunchy v0.2.4 default,limit_128
bon v3.10.0 alloc,default,std
bon-macros v3.10.0 (proc-macro) alloc,default,std
darling v0.24.1 default,suggestions
darling_core v0.24.1 strsim,suggestions
ident_case v1.0.1 
proc-macro2 v1.0.107 default,proc-macro (*)
quote v1.0.47 default,proc-macro (*)
strsim v0.11.1 
syn v3.0.5 clone-impls,default,derive,extra-traits,full,parsing,printing,proc-macro,visit,visit-mut (*)
darling_macro v0.24.1 (proc-macro) 
darling_core v0.24.1 strsim,suggestions (*)
quote v1.0.47 default,proc-macro (*)
syn v3.0.5 clone-impls,default,derive,extra-traits,full,parsing,printing,proc-macro,visit,visit-mut (*)
ident_case v1.0.1 
prettyplease v0.3.0 
proc-macro2 v1.0.107 default,proc-macro (*)
syn v3.0.5 clone-impls,default,derive,extra-traits,full,parsing,printing,proc-macro,visit,visit-mut (*)
proc-macro2 v1.0.107 default,proc-macro (*)
quote v1.0.47 default,proc-macro (*)
syn v3.0.5 clone-impls,default,derive,extra-traits,full,parsing,printing,proc-macro,visit,visit-mut (*)
byteorder v1.5.0 default,std
census v0.4.2 
crc32fast v1.5.1 default,std
cfg-if v1.0.4 
crossbeam-channel v0.5.16 default,std
crossbeam-utils v0.8.22 default,std
datasketches v0.2.0 
downcast-rs v2.0.2 default,std,sync
fastdivide v0.4.2 
fnv v1.0.7 default,std
fs4 v0.13.1 default,sync
rustix v1.1.4 alloc,default,fs,std (*)
htmlescape v0.3.1 
itertools v0.14.0 default,use_alloc,use_std (*)
levenshtein_automata v0.2.1 
log v0.4.34 
lru v0.16.4 (/private/tmp/kasumi-functional-20260908-custody-signer/source/vendor/lru-0.16.4) default,hashbrown
hashbrown v0.16.1 allocator-api2,default,default-hasher,equivalent,inline-more,raw-entry
allocator-api2 v0.2.21 alloc
equivalent v1.0.2 
foldhash v0.2.0 
lz4_flex v0.13.1 
measure_time v0.9.0 
log v0.4.34 
memmap2 v0.9.11  (*)
once_cell v1.21.4 alloc,default,race,std
oneshot v0.1.13 async,default,std
rayon v1.12.0  (*)
regex v1.13.1 default,perf,perf-backtrack,perf-cache,perf-dfa,perf-inline,perf-literal,perf-onepass,std,unicode,unicode-age,unicode-bool,unicode-case,unicode-gencat,unicode-perl,unicode-script,unicode-segment (*)
rust-stemmers v1.2.0 
serde v1.0.229 alloc,default,derive,rc,serde_derive,std (*)
serde_derive v1.0.229 (proc-macro) default (*)
rustc-hash v2.1.3 default,std
serde v1.0.229 alloc,default,derive,rc,serde_derive,std (*)
serde_json v1.0.151 alloc,arbitrary_precision,default,float_roundtrip,raw_value,std (*)
sketches-ddsketch v0.4.1 serde,use_serde
serde v1.0.229 alloc,default,derive,rc,serde_derive,std (*)
smallvec v1.16.0 const_generics,const_new
tantivy-bitpacker v0.10.0 
bitpacking v0.9.3 bitpacker1x,bitpacker4x (*)
tantivy-columnar v0.7.0 zstd-compression
downcast-rs v2.0.2 default,std,sync
fastdivide v0.4.2 
itertools v0.14.0 default,use_alloc,use_std (*)
serde v1.0.229 alloc,default,derive,rc,serde_derive,std (*)
tantivy-bitpacker v0.10.0  (*)
tantivy-common v0.11.0 
async-trait v0.1.92 (proc-macro)  (*)
byteorder v1.5.0 default,std
ownedbytes v0.9.0 
stable_deref_trait v1.2.1 alloc,default,std
serde v1.0.229 alloc,default,derive,rc,serde_derive,std (*)
time v0.3.55 alloc,default,formatting,macros,parsing,serde,serde-well-known,std (*)
tantivy-sstable v0.7.0 zstd,zstd-compression
futures-util v0.3.34 alloc,async-await,async-await-macro,channel,default,futures-channel,futures-io,futures-macro,futures-sink,io,memchr,sink,slab,std (*)
itertools v0.14.0 default,use_alloc,use_std (*)
tantivy-bitpacker v0.10.0  (*)
tantivy-common v0.11.0  (*)
tantivy-fst v0.5.0 default,regex,regex-syntax
byteorder v1.5.0 default,std
regex-syntax v0.8.11 default,std,unicode,unicode-age,unicode-bool,unicode-case,unicode-gencat,unicode-perl,unicode-script,unicode-segment
utf8-ranges v1.0.5 
zstd v0.13.3 arrays,default,experimental,legacy,zdict_builder
zstd-safe v7.3.0 arrays,experimental,legacy,std,zdict_builder
zstd-sys v2.1.0+zstd.1.5.7 experimental,legacy,std,zdict_builder
cc v1.4.5 parallel (*)
pkg-config v0.3.34 
tantivy-stacker v0.7.0 
murmurhash32 v0.3.1 
tantivy-common v0.11.0  (*)
tantivy-common v0.11.0  (*)
tantivy-fst v0.5.0 default,regex,regex-syntax (*)
tantivy-query-grammar v0.26.0 
fnv v1.0.7 default,std
nom v7.1.3 alloc,default,std
memchr v2.8.3 alloc,default,std
minimal-lexical v0.2.1 std
ordered-float v5.5.0 default,std
num-traits v0.2.19 default,i128,std (*)
serde v1.0.229 alloc,default,derive,rc,serde_derive,std (*)
serde_json v1.0.151 alloc,arbitrary_precision,default,float_roundtrip,raw_value,std (*)
tantivy-stacker v0.7.0  (*)
tantivy-tokenizer-api v0.7.0 
serde v1.0.229 alloc,default,derive,rc,serde_derive,std (*)
tempfile v3.27.0 default,getrandom (*)
thiserror v2.0.20 default,std (*)
time v0.3.55 alloc,default,formatting,macros,parsing,serde,serde-well-known,std (*)
typetag v0.2.23 
erased-serde v0.4.10 alloc
serde_core v1.0.229 alloc,default,rc,result,std
typeid v1.0.3 
inventory v0.3.24 
once_cell v1.21.4 alloc,default,race,std
serde v1.0.229 alloc,default,derive,rc,serde_derive,std (*)
typetag-impl v0.2.23 (proc-macro) 
proc-macro2 v1.0.107 default,proc-macro (*)
quote v1.0.47 default,proc-macro (*)
syn v3.0.5 clone-impls,default,derive,extra-traits,full,parsing,printing,proc-macro,visit,visit-mut (*)
uuid v1.26.0 default,rng,serde,std,v4 (*)
tantivy-tokenizer-api v0.7.0  (*)
serde v1.0.229 alloc,default,derive,rc,serde_derive,std (*)
serde_json v1.0.151 alloc,arbitrary_precision,default,float_roundtrip,raw_value,std (*)
sha2 v0.10.9 default,std (*)
tantivy v0.26.1 columnar-zstd-compression,default,fs4,lz4-compression,lz4_flex,memmap2,mmap,rust-stemmers,stemmer,stopwords,tempfile (*)
tantivy-fst v0.5.0 default,regex,regex-syntax (*)
unicode-normalization v0.1.25 default,std (*)
kasumi-raft v0.1.0 (/private/tmp/kasumi-functional-20260908-custody-signer/source/crates/kasumi-raft)  (*)
kasumi-serving v0.1.0 (/private/tmp/kasumi-functional-20260908-custody-signer/source/crates/kasumi-serving)  (*)
kasumi-store v0.1.0 (/private/tmp/kasumi-functional-20260908-custody-signer/source/crates/kasumi-store)  (*)
kasumi-types v0.1.0 (/private/tmp/kasumi-functional-20260908-custody-signer/source/crates/kasumi-types)  (*)
libc v0.2.189 default,std
ring v0.17.14 alloc,default,dev_urandom_fallback,std (*)
serde v1.0.229 alloc,default,derive,rc,serde_derive,std (*)
serde_json v1.0.151 alloc,arbitrary_precision,default,float_roundtrip,raw_value,std (*)
sha2 v0.10.9 default,std (*)
tokio v1.53.1 bytes,default,fs,full,io-std,io-util,libc,macros,mio,net,parking_lot,process,rt,rt-multi-thread,signal,signal-hook-registry,socket2,sync,time,tokio-macros (*)
url v2.5.8 default,std (*)
uuid v1.26.0 default,rng,serde,std,v4 (*)
kasumi-raft v0.1.0 (/private/tmp/kasumi-functional-20260908-custody-signer/source/crates/kasumi-raft)  (*)
kasumi-serving v0.1.0 (/private/tmp/kasumi-functional-20260908-custody-signer/source/crates/kasumi-serving)  (*)
kasumi-store v0.1.0 (/private/tmp/kasumi-functional-20260908-custody-signer/source/crates/kasumi-store)  (*)
kasumi-transport v0.1.0 (/private/tmp/kasumi-functional-20260908-custody-signer/source/crates/kasumi-transport)  (*)
kasumi-types v0.1.0 (/private/tmp/kasumi-functional-20260908-custody-signer/source/crates/kasumi-types)  (*)
prost v0.14.4 default,derive,std (*)
rcgen v0.14.10 crypto,default,pem,ring,x509-parser
pem v4.0.0 default,std
base64 v0.23.1 alloc,default,simd-unsafe,std
ring v0.17.14 alloc,default,dev_urandom_fallback,std (*)
rustls-pki-types v1.15.1 alloc,default,std (*)
time v0.3.55 alloc,default,formatting,macros,parsing,serde,serde-well-known,std (*)
x509-parser v0.18.1 default,ring,verify
asn1-rs v0.7.2 datetime,default,std,time
asn1-rs-derive v0.6.0 (proc-macro) 
proc-macro2 v1.0.107 default,proc-macro (*)
quote v1.0.47 default,proc-macro (*)
syn v2.0.119 clone-impls,default,derive,extra-traits,fold,full,parsing,printing,proc-macro,visit,visit-mut (*)
synstructure v0.13.2 default,proc-macro (*)
asn1-rs-impl v0.2.0 (proc-macro) 
proc-macro2 v1.0.107 default,proc-macro (*)
quote v1.0.47 default,proc-macro (*)
syn v2.0.119 clone-impls,default,derive,extra-traits,fold,full,parsing,printing,proc-macro,visit,visit-mut (*)
displaydoc v0.2.7 (proc-macro) default,std (*)
nom v7.1.3 alloc,default,std (*)
num-traits v0.2.19 default,i128,std (*)
rusticata-macros v4.1.0 
nom v7.1.3 alloc,default,std (*)
thiserror v2.0.20 default,std (*)
time v0.3.55 alloc,default,formatting,macros,parsing,serde,serde-well-known,std (*)
data-encoding v2.11.1 alloc,default,std
der-parser v10.0.0 bigint,default,num-bigint,std
asn1-rs v0.7.2 datetime,default,std,time (*)
displaydoc v0.2.7 (proc-macro) default,std (*)
nom v7.1.3 alloc,default,std (*)
num-bigint v0.4.8 default,std (*)
num-traits v0.2.19 default,i128,std (*)
rusticata-macros v4.1.0  (*)
lazy_static v1.5.0 
nom v7.1.3 alloc,default,std (*)
oid-registry v0.8.1 crypto,default,kdf,nist_algs,pkcs1,pkcs12,pkcs7,pkcs9,registry,x509,x962
asn1-rs v0.7.2 datetime,default,std,time (*)
ring v0.17.14 alloc,default,dev_urandom_fallback,std (*)
rusticata-macros v4.1.0  (*)
thiserror v2.0.20 default,std (*)
time v0.3.55 alloc,default,formatting,macros,parsing,serde,serde-well-known,std (*)
yasna v0.6.0 default,std,time
time v0.3.55 alloc,default,formatting,macros,parsing,serde,serde-well-known,std (*)
reqwest v0.12.28 __rustls,__rustls-ring,__tls,json,rustls-tls,rustls-tls-webpki-roots,rustls-tls-webpki-roots-no-provider (*)
ring v0.17.14 alloc,default,dev_urandom_fallback,std (*)
rmcp v3.2.0 base64,default,macros,schemars,server,server-side-http,tower,transport-async-rw,transport-streamable-http-server,transport-streamable-http-server-session,transport-worker,uuid
async-trait v0.1.92 (proc-macro)  (*)
base64 v0.23.1 alloc,default,simd-unsafe,std
bytes v1.12.1 default,std
chrono v0.4.45 alloc,clock,default,iana-time-zone,js-sys,now,oldtime,serde,std,wasm-bindgen,wasmbind,winapi,windows-link (*)
futures v0.3.34 alloc,async-await,default,executor,futures-executor,std (*)
http v1.5.0 default,std (*)
http-body v1.1.0  (*)
http-body-util v0.1.5 default (*)
indexmap v2.14.1 default,serde,std (*)
pastey v0.2.3 (proc-macro) 
pin-project-lite v0.2.17 
rand v0.10.2 alloc,default,std,std_rng,sys_rng,thread_rng
chacha20 v0.10.2 rng
cfg-if v1.0.4 
rand_core v0.10.1 
getrandom v0.4.3 std,sys_rng (*)
rand_core v0.10.1 
rmcp-macros v3.2.0 (proc-macro) 
darling v0.24.1 default,suggestions (*)
proc-macro2 v1.0.107 default,proc-macro (*)
quote v1.0.47 default,proc-macro (*)
serde_json v1.0.151 default,std (*)
syn v3.0.5 clone-impls,default,derive,extra-traits,full,parsing,printing,proc-macro,visit,visit-mut (*)
schemars v1.2.2 chrono04,default,derive,schemars_derive,std
chrono v0.4.45 alloc,clock,default,iana-time-zone,js-sys,now,oldtime,serde,std,wasm-bindgen,wasmbind,winapi,windows-link (*)
dyn-clone v1.0.20 
ref-cast v1.0.27  (*)
schemars_derive v1.2.2 (proc-macro) 
proc-macro2 v1.0.107 default,proc-macro (*)
quote v1.0.47 default,proc-macro (*)
serde_derive_internals v0.30.0 
proc-macro2 v1.0.107 default,proc-macro (*)
quote v1.0.47 default,proc-macro (*)
syn v3.0.5 clone-impls,default,derive,extra-traits,full,parsing,printing,proc-macro,visit,visit-mut (*)
syn v3.0.5 clone-impls,default,derive,extra-traits,full,parsing,printing,proc-macro,visit,visit-mut (*)
serde v1.0.229 alloc,default,derive,rc,serde_derive,std (*)
serde_json v1.0.151 alloc,arbitrary_precision,default,float_roundtrip,raw_value,std (*)
serde v1.0.229 alloc,default,derive,rc,serde_derive,std (*)
serde_json v1.0.151 alloc,arbitrary_precision,default,float_roundtrip,raw_value,std (*)
sse-stream v0.2.6 default
bytes v1.12.1 default,std
futures-util v0.3.34 alloc,async-await,async-await-macro,channel,default,futures-channel,futures-io,futures-macro,futures-sink,io,memchr,sink,slab,std (*)
http-body v1.1.0  (*)
http-body-util v0.1.5 default (*)
pin-project-lite v0.2.17 
thiserror v2.0.20 default,std (*)
tokio v1.53.1 bytes,default,fs,full,io-std,io-util,libc,macros,mio,net,parking_lot,process,rt,rt-multi-thread,signal,signal-hook-registry,socket2,sync,time,tokio-macros (*)
tokio-stream v0.1.19 default,net,time (*)
tokio-util v0.7.19 codec,default,io,libc (*)
tower-service v0.3.3 
tracing v0.1.44 attributes,default,log,std,tracing-attributes (*)
uuid v1.26.0 default,rng,serde,std,v4 (*)
rustls v0.23.43 log,logging,ring,std,tls12 (*)
schemars v1.2.2 chrono04,default,derive,schemars_derive,std (*)
serde v1.0.229 alloc,default,derive,rc,serde_derive,std (*)
serde_json v1.0.151 alloc,arbitrary_precision,default,float_roundtrip,raw_value,std (*)
sha2 v0.10.9 default,std (*)
time v0.3.55 alloc,default,formatting,macros,parsing,serde,serde-well-known,std (*)
tokio v1.53.1 bytes,default,fs,full,io-std,io-util,libc,macros,mio,net,parking_lot,process,rt,rt-multi-thread,signal,signal-hook-registry,socket2,sync,time,tokio-macros (*)
tokio-rustls v0.26.5 logging,ring,tls12 (*)
tonic v0.14.6 _tls-any,channel,codegen,router,server,tls-connect-info,tls-ring,transport (*)
tonic-prost v0.14.6  (*)
tower v0.5.3 balance,buffer,discover,futures-core,futures-util,indexmap,limit,load,load-shed,log,make,pin-project-lite,ready-cache,retry,slab,sync_wrapper,timeout,tokio,tokio-util,tracing,util (*)
tracing v0.1.44 attributes,default,log,std,tracing-attributes (*)
tracing-subscriber v0.3.23 alloc,fmt,json,registry,serde,serde_json,sharded-slab,std,thread_local,tracing-serde
serde v1.0.229 alloc,default,derive,rc,serde_derive,std (*)
serde_json v1.0.151 alloc,arbitrary_precision,default,float_roundtrip,raw_value,std (*)
sharded-slab v0.1.7 
lazy_static v1.5.0 
thread_local v1.1.10 
cfg-if v1.0.4 
tracing-core v0.1.36 default,once_cell,std (*)
tracing-serde v0.2.0 
serde v1.0.229 alloc,default,derive,rc,serde_derive,std (*)
tracing-core v0.1.36 default,once_cell,std (*)
url v2.5.8 default,std (*)
uuid v1.26.0 default,rng,serde,std,v4 (*)
zeroize v1.9.0 alloc,default,derive,zeroize_derive (*)
