test_failed_reopen_preserves_pre_shutdown_observations (test_benchmark_matrix.CapacityLifecycleTests.test_failed_reopen_preserves_pre_shutdown_observations) ... ok
test_network_cleanup_failure_keeps_separate_completed_lifecycle_times (test_benchmark_matrix.CapacityLifecycleTests.test_network_cleanup_failure_keeps_separate_completed_lifecycle_times) ... ok
test_node_audit_stores_are_distinct_from_raft_groups_and_legacy_results (test_benchmark_matrix.CapacityLifecycleTests.test_node_audit_stores_are_distinct_from_raft_groups_and_legacy_results) ... ok
test_failed_case_preserves_exit_hash_and_runs_other_cases (test_benchmark_matrix.MatrixFailureTests.test_failed_case_preserves_exit_hash_and_runs_other_cases) ... running raw-1
running local-1
running replicated-1
running text-1
running network-1
/private/var/folders/dt/80zwnvxn61l7nc0ttr4tgtf80000gn/T/kasumi-matrix-test-ez6covei/results/capacity.json
ok
test_low_disk_remains_fatal_when_host_load_is_allowed (test_benchmark_matrix.MatrixFailureTests.test_low_disk_remains_fatal_when_host_load_is_allowed) ... ok
test_source_change_still_aborts_before_cases (test_benchmark_matrix.MatrixFailureTests.test_source_change_still_aborts_before_cases) ... ok
test_archive_refuses_escape_and_links_without_writing_outside_source (test_release_gate.ReleaseGateTests.test_archive_refuses_escape_and_links_without_writing_outside_source) ... ok
test_artifact_outside_owned_target_is_rejected (test_release_gate.ReleaseGateTests.test_artifact_outside_owned_target_is_rejected) ... ok
test_content_and_new_inputs_change_inventory_without_relying_on_mtime (test_release_gate.ReleaseGateTests.test_content_and_new_inputs_change_inventory_without_relying_on_mtime) ... ok
test_failed_gate_retains_log_and_exact_executable_hash (test_release_gate.ReleaseGateTests.test_failed_gate_retains_log_and_exact_executable_hash) ... ok

----------------------------------------------------------------------
Ran 10 tests in 1.952s

OK
/private/var/folders/dt/80zwnvxn61l7nc0ttr4tgtf80000gn/T/kasumi-matrix-test-ez6covei/results/matrix.json
