    Checking kasumi-engine v0.1.0 (/Users/mtakemiya/dev/kasumi/crates/kasumi-engine)
    Checking rcgen v0.14.10
    Checking kasumi-client v0.1.0 (/Users/mtakemiya/dev/kasumi/crates/kasumi-client)
   Compiling rmcp v3.2.0 (/Users/mtakemiya/dev/kasumi/vendor/rmcp-3.2.0)
    Checking schemars v1.2.2
    Checking sharded-slab v0.1.7
   Compiling rmcp-macros v3.2.0
    Checking tracing-serde v0.2.0
    Checking thread_local v1.1.10
    Checking tracing-subscriber v0.3.23
    Checking jsonwebtoken v9.3.1
    Checking kasumi-authority v0.1.0 (/Users/mtakemiya/dev/kasumi/crates/kasumi-authority)
warning: method `matches_response_id` is never used
   --> vendor/rmcp-3.2.0/src/model.rs:251:19
    |
236 | impl NumberOrString {
    | ------------------- method in this implementation
...
251 |     pub(crate) fn matches_response_id(&self, response_id: &Self) -> bool {
    |                   ^^^^^^^^^^^^^^^^^^^
    |
    = note: `#[warn(dead_code)]` (part of `#[warn(unused)]`) on by default

warning: method `set_client_request_metadata` is never used
    --> vendor/rmcp-3.2.0/src/service.rs:1032:19
     |
 806 | impl<R: ServiceRole> Peer<R> {
     | ---------------------------- method in this implementation
...
1032 |     pub(crate) fn set_client_request_metadata(&self, metadata: ClientRequestMetadata) {
     |                   ^^^^^^^^^^^^^^^^^^^^^^^^^^^

warning: method `is_authorization_required` is never used
   --> vendor/rmcp-3.2.0/src/transport.rs:275:19
    |
249 | impl DynamicTransportError {
    | -------------------------- method in this implementation
...
275 |     pub(crate) fn is_authorization_required(&self) -> bool {
    |                   ^^^^^^^^^^^^^^^^^^^^^^^^^

warning: `rmcp` (lib) generated 3 warnings
    Checking kasumi-server v0.1.0 (/Users/mtakemiya/dev/kasumi/crates/kasumi-server)
warning: unused import: `super::*`
   --> crates/kasumi-server/src/persistent_disk.rs:148:9
    |
148 |     use super::*;
    |         ^^^^^^^^
    |
    = note: `#[warn(unused_imports)]` (part of `#[warn(unused)]`) on by default

error[E0382]: the type `Arc` does not implement `Copy`
   --> crates/kasumi-server/src/authority_runtime.rs:412:17
    |
306 |             let node = NodeStore::open_existing(
    |                 ---- this move could be avoided by cloning the original `Arc`, which is inexpensive
...
335 |                 node,
    |                 ---- value moved here
...
412 |                 node,
    |                 ^^^^ value used here after move
    |
    = note: consider using `Arc::clone`
help: clone the value to increment its reference count
    |
335 |                 node.clone(),
    |                     ++++++++

error[E0063]: missing field `journal_node` in initializer of `target_runtime::TargetRecoveryRuntime`
   --> crates/kasumi-server/src/target_runtime_shutdown_tests.rs:111:32
    |
111 |         let runtime = Arc::new(TargetRecoveryRuntime {
    |                                ^^^^^^^^^^^^^^^^^^^^^ missing `journal_node`

error[E0061]: this function takes 3 arguments but 4 arguments were supplied
   --> crates/kasumi-server/src/signer_runtime_tests.rs:634:20
    |
634 |         let node = NodeStore::open_existing_fixture(
    |                    ^^^^^^^^^^^^^^^^^^^^^^^^^^^^^^^^
...
637 |             crate::persistent_disk::open(&fixture.input.persistent_disk).unwrap(),
    |             --------------------------------------------------------------------- unexpected argument #3 of type `std::sync::Arc<NodeDisk>`
    |
note: associated function defined here
   --> crates/kasumi-store/src/test_utils.rs:40:12
    |
 40 |     pub fn open_existing_fixture(
    |            ^^^^^^^^^^^^^^^^^^^^^
help: remove the extra argument
    |
636 -             id,
637 -             crate::persistent_disk::open(&fixture.input.persistent_disk).unwrap(),
636 +             id,
    |

error[E0061]: this function takes 3 arguments but 4 arguments were supplied
   --> crates/kasumi-server/src/signer_runtime_tests.rs:707:13
    |
707 |             NodeStore::open_existing_fixture(
    |             ^^^^^^^^^^^^^^^^^^^^^^^^^^^^^^^^
...
710 |                 crate::persistent_disk::open(&fixture.input.persistent_disk).unwrap(),
    |                 --------------------------------------------------------------------- unexpected argument #3 of type `std::sync::Arc<NodeDisk>`
    |
note: associated function defined here
   --> crates/kasumi-store/src/test_utils.rs:40:12
    |
 40 |     pub fn open_existing_fixture(
    |            ^^^^^^^^^^^^^^^^^^^^^
help: remove the extra argument
    |
709 -                 id,
710 -                 crate::persistent_disk::open(&fixture.input.persistent_disk).unwrap(),
709 +                 id,
    |

For more information about this error, try `rustc --explain E0382`.
error: could not compile `kasumi-server` (lib) due to 1 previous error
warning: build failed, waiting for other jobs to finish...
Some errors have detailed explanations: E0061, E0063, E0382.
For more information about an error, try `rustc --explain E0061`.
warning: `kasumi-server` (lib test) generated 1 warning
error: could not compile `kasumi-server` (lib test) due to 4 previous errors; 1 warning emitted
