    Blocking waiting for file lock on package cache
   Compiling libc v0.2.186
   Compiling proc-macro2 v1.0.106
   Compiling quote v1.0.46
   Compiling getrandom v0.4.3
   Compiling errno v0.3.14
   Compiling redb v2.6.0
   Compiling syn v2.0.119
   Compiling rustix v1.1.4
   Compiling chacha20 v0.10.1
   Compiling fastrand v2.4.1
   Compiling redb v4.2.0 (/Users/mtakemiya/dev/kasumi/vendor/redb-4.2.0)
   Compiling once_cell v1.21.4
   Compiling tempfile v3.27.0
   Compiling redb-derive v0.1.0 (/Users/mtakemiya/dev/kasumi/vendor/redb-4.2.0/crates/redb-derive)
   Compiling rand v0.10.2
   Compiling uuid v1.24.0
    Finished `test` profile [unoptimized + debuginfo] target(s) in 14.77s
     Running unittests src/lib.rs (target/debug/deps/redb-d6b0aa4b225b4335)

running 8 tests
test transactions::retained_transaction::tests::actual_capacity_refusal_keeps_primary_error_and_successful_rollback ... ok
test transactions::retained_transaction::tests::capacity_rollback_panic_keeps_primary_refusal_and_actual_panic_payload ... 
thread 'transactions::retained_transaction::tests::capacity_rollback_panic_keeps_primary_refusal_and_actual_panic_payload' (4198589) panicked at src/retained_transaction_tests.rs:53:18:
Box<dyn Any>
note: run with `RUST_BACKTRACE=1` environment variable to display a backtrace
ok
test transactions::retained_transaction::tests::commit_sync_failure_retains_exact_transaction_and_original_io_object ... 
thread 'transactions::retained_transaction::tests::commit_sync_failure_retains_exact_transaction_and_original_io_object' (4198590) panicked at src/retained_transaction_tests.rs:420:9:
original commit I/O error missing
FAILED
test transactions::retained_transaction::tests::failed_abort_settlement_is_retained_and_never_reclassified_as_capacity ... ok
test transactions::retained_transaction::tests::failed_capacity_rollback_preserves_both_original_outcomes ... ok
test transactions::retained_transaction::tests::panic_after_actual_winning_header_sync_retains_payload_and_never_replays ... 
thread 'transactions::retained_transaction::tests::panic_after_actual_winning_header_sync_retains_payload_and_never_replays' (4198595) panicked at src/retained_transaction_tests.rs:103:17:
Box<dyn Any>

thread 'transactions::retained_transaction::tests::panic_after_actual_winning_header_sync_retains_payload_and_never_replays' (4198595) panicked at src/retained_transaction_tests.rs:511:75:
called `Result::unwrap()` on an `Err` value: Storage(Corrupted("Database page size 512 does not match expected 4096"))
FAILED
test transactions::retained_transaction::tests::poisoned_transaction_keeps_refusal_after_actual_callback_panic_and_rollback ... 
thread 'transactions::retained_transaction::tests::poisoned_transaction_keeps_refusal_after_actual_callback_panic_and_rollback' (4198599) panicked at src/retained_transaction_tests.rs:343:28:
Box<dyn Any>
ok
test transactions::retained_transaction::tests::successful_terminal_calls_are_never_replayed_and_disposal_precedes_close ... 
thread 'transactions::retained_transaction::tests::successful_terminal_calls_are_never_replayed_and_disposal_precedes_close' (4198600) panicked at src/retained_transaction_tests.rs:307:71:
called `Result::unwrap()` on an `Err` value: Storage(Corrupted("Database page size 512 does not match expected 4096"))
FAILED

failures:

failures:
    transactions::retained_transaction::tests::commit_sync_failure_retains_exact_transaction_and_original_io_object
    transactions::retained_transaction::tests::panic_after_actual_winning_header_sync_retains_payload_and_never_replays
    transactions::retained_transaction::tests::successful_terminal_calls_are_never_replayed_and_disposal_precedes_close

test result: FAILED. 5 passed; 3 failed; 0 ignored; 0 measured; 104 filtered out; finished in 0.91s

error: test failed, to rerun pass `--lib`
