    Blocking waiting for file lock on package cache
    Blocking waiting for file lock on package cache
    Blocking waiting for file lock on package cache
    Blocking waiting for file lock on package cache
   Compiling redb v4.2.0 (/Users/mtakemiya/dev/kasumi/vendor/redb-4.2.0)
    Finished `test` profile [unoptimized + debuginfo] target(s) in 4.34s
     Running unittests src/lib.rs (target/debug/deps/redb-d6b0aa4b225b4335)

running 120 tests
test admission::tests::both_abort_forms_retain_successful_growth_and_permit_later_writes ... ok
test admission::tests::caught_capacity_denial_aborts_all_tables_and_keeps_pinned_read_root ... ok
test admission::tests::commit_metadata_denial_rolls_back_before_winning_header ... ok
test admission::tests::compaction_respects_relocation_allowance_and_retry_physically_shrinks ... ok
test admission::tests::construction_denial_never_grows_or_fails_owner ... ok
test admission::tests::deferred_close_and_empty_transaction_drop_do_not_allocate ... ok
test admission::tests::explicit_close_propagates_failure_and_never_closes_backend_twice ... ok
test admission::tests::explicit_close_returns_busy_owner_and_drop_does_not_reserve_checkpoint_growth ... ok
test admission::tests::full_repair_publishes_its_allocator_snapshot_before_returning ... ok
test admission::tests::persistent_savepoints_survive_explicit_close_but_borrowed_handles_block_it ... ok
test admission::tests::publication_and_sync_uncertainty_fences_once_and_reopens_an_atomic_root ... ok
test admission::tests::read_only_close_retains_busy_database_until_handles_drain ... ok
test admission::tests::repair_at_capacity_respects_admission_and_keeps_committed_root ... ok
test admission::tests::repeated_reopen_reclaims_deleted_pages_without_leaking_capacity ... ok
test admission::tests::rollback_and_savepoint_publication_do_not_allocate_after_their_fallible_work ... ok
test admission::tests::uncertain_winning_header_failure_is_nonallocating_and_fences_once ... ok
test admission::tests::winning_header_and_destructor_are_followed_by_no_heap_allocations ... ok
test db::retained_database::tests::backend_unwind_retains_database_payload_and_actual_locked_file_without_retry ... 
thread 'db::retained_database::tests::backend_unwind_retains_database_payload_and_actual_locked_file_without_retry' (4239428) panicked at src/retained_database_tests.rs:70:18:
Box<dyn Any>
note: run with `RUST_BACKTRACE=1` environment variable to display a backtrace
ok
test db::retained_database::tests::both_original_errors_and_actual_locked_file_survive_repeated_close ... ok
test db::retained_database::tests::existing_reader_keeps_close_waiting_then_actual_success_is_never_replayed ... ok
test db::retained_database::tests::original_shutdown_error_survives_successful_backend_release ... ok
test db::retained_database::tests::shutdown_unwind_retains_original_payload_even_after_backend_release ... 
thread 'db::retained_database::tests::shutdown_unwind_retains_original_payload_even_after_backend_release' (4239434) panicked at src/retained_database_tests.rs:60:18:
Box<dyn Any>
ok
test db::test::crash_regression4 ... ok
test db::test::create_new_db_in_empty_file ... ok
test db::test::dynamic_shrink ... ok
test db::test::open_empty_file ... ok
test db::test::open_missing_file ... ok
test db::test::small_pages ... ok
test db::test::small_pages2 ... ok
test db::test::small_pages3 ... ok
test db::test::small_pages4 ... ok
test db::test::transient_io_error ... ok
test io::no_std::test::accepts_an_owned_message ... ok
test io::no_std::test::display_is_the_message ... ok
test sync::spin::test::condvar_wakes_waiter ... ok
test sync::spin::test::mutex_debug ... ok
test sync::spin::test::mutex_is_exclusive ... ok
test sync::spin::test::mutex_try_lock ... ok
test sync::spin::test::rwlock_readers_are_concurrent ... ok
test sync::spin::test::rwlock_writer_is_exclusive ... ok
test transactions::retained_transaction::tests::actual_capacity_refusal_keeps_primary_error_and_successful_rollback ... ok
test transactions::retained_transaction::tests::capacity_rollback_panic_keeps_primary_refusal_and_actual_panic_payload ... 
thread 'transactions::retained_transaction::tests::capacity_rollback_panic_keeps_primary_refusal_and_actual_panic_payload' (4239471) panicked at src/retained_transaction_tests.rs:53:18:
Box<dyn Any>
ok
test transactions::retained_transaction::tests::commit_sync_failure_retains_exact_transaction_and_original_io_object ... ok
test transactions::retained_transaction::tests::failed_abort_settlement_is_retained_and_never_reclassified_as_capacity ... ok
test transactions::retained_transaction::tests::failed_capacity_rollback_preserves_both_original_outcomes ... ok
test transactions::retained_transaction::tests::panic_after_actual_winning_header_sync_retains_payload_and_never_replays ... 
thread 'transactions::retained_transaction::tests::panic_after_actual_winning_header_sync_retains_payload_and_never_replays' (4239480) panicked at src/retained_transaction_tests.rs:103:17:
Box<dyn Any>
ok
test transactions::retained_transaction::tests::poisoned_transaction_keeps_refusal_after_actual_callback_panic_and_rollback ... 
thread 'transactions::retained_transaction::tests::poisoned_transaction_keeps_refusal_after_actual_callback_panic_and_rollback' (4239482) panicked at src/retained_transaction_tests.rs:347:28:
Box<dyn Any>
ok
test transactions::retained_transaction::tests::successful_terminal_calls_are_never_replayed_and_disposal_precedes_close ... ok
test transactions::test::committed_deletion_has_no_allocating_epilogue ... ok
test transactions::test::discarded_allocator_state_poisons_database ... ok
test transactions::test::transaction_id_persistence ... ok
test tree_store::btree::tests::test_cycle_detection_in_btree ... ok
test tree_store::btree::tests::test_page_path_cycle_detection ... ok
test tree_store::btree::tests::test_verify_checksum_cycle_detection ... ok
test tree_store::btree_base::tests::branch_split_respects_max_keys_by_count ... ok
test tree_store::btree_base::tests::leaf_inplace_append_up_to_max_pairs ... ok
test tree_store::btree_base::tests::leaf_inplace_insert_rejected_at_max_pairs ... ok
test tree_store::btree_base::tests::leaf_split_respects_max_pairs ... ok
test tree_store::btree_base::tests::leaf_split_respects_max_pairs_by_count ... ok
test tree_store::btree_cursor::tests::cursor_mut_stays_parked_at_tree_edge ... ok
test tree_store::btree_cursor::tests::cursor_preserves_boundary_gap_after_failed_next ... ok
test tree_store::btree_cursor::tests::cursor_preserves_boundary_gap_after_failed_prev ... ok
test tree_store::btree_cursor::tests::poisoned_cursor_mut_re_raises ... ok
test tree_store::page_store::base::test::last_page ... ok
test tree_store::page_store::base::test::reserved_bits ... ok
test tree_store::page_store::bitmap::test::all_space_used ... ok
test tree_store::page_store::bitmap::test::alloc ... ok
test tree_store::page_store::bitmap::test::find_free ... ok
test tree_store::page_store::bitmap::test::free ... ok
test tree_store::page_store::bitmap::test::random_pattern ... seed=16412822464123996498
ok
test tree_store::page_store::bitmap::test::record_alloc ... ok
test tree_store::page_store::bitmap::test::resize_beyond_initial_capacity ... ok
test tree_store::page_store::bitmap::test::reuse_lowest ... ok
test tree_store::page_store::buddy_allocator::test::alloc_large ... ok
test tree_store::page_store::buddy_allocator::test::buddy_merge ... ok
test tree_store::page_store::buddy_allocator::test::record_alloc_buddy ... ok
test tree_store::page_store::buddy_allocator::test::serialized_size ... ok
test tree_store::page_store::cached_file::checked_backend_tests::every_backend_io_failure_preserves_original_object_and_fences_later_access ... ok
test tree_store::page_store::cached_file::test::buffered_pages_spill_under_pressure ... ok
test tree_store::page_store::cached_file::test::cache_leak ... ok
test tree_store::page_store::cached_file::test::discard_write_buffer_drops_buffered_pages ... ok
test tree_store::page_store::cached_file::test::resize_preserves_cached_pages ... ok
test tree_store::page_store::cached_file::test::retained_pages_do_not_starve_read_cache ... ok
test tree_store::page_store::cached_file::test::write_barrier_issues_no_file_writes ... ok
test tree_store::page_store::cached_file::test::write_buffer_budget_enforced_across_stripes ... ok
test tree_store::page_store::cached_file::test::zero_size_cache_stays_empty_after_reclaim ... ok
test tree_store::page_store::header::test::abort_repair ... ok
test tree_store::page_store::header::test::check_integrity_recomputes_root_lengths ... ok
test tree_store::page_store::header::test::corrupt_header_layout_fields_are_rejected ... ok
test tree_store::page_store::header::test::drop_releases_backend_without_clean_checkpoint ... ok
test tree_store::page_store::header::test::externally_extended_file_is_rejected ... ok
test tree_store::page_store::header::test::magic_number ... ok
test tree_store::page_store::header::test::oversized_region_count_file_is_rejected ... ok
test tree_store::page_store::header::test::oversized_root_page_order_is_reported_as_corruption ... ok
test tree_store::page_store::header::test::oversized_system_root_page_order_is_reported_as_corruption_read_only ... ok
test tree_store::page_store::header::test::recovery_does_not_launder_torn_slot ... ok
test tree_store::page_store::header::test::repair_empty ... ok
test tree_store::page_store::header::test::repair_insert_reserve_regression ... ok
test tree_store::page_store::header::test::repair_rejects_invalid_primary_root_without_legacy_rollback ... ok
test tree_store::page_store::header::test::torn_layout_fields_recover_from_file_length ... ok
test tree_store::page_store::header::test::truncated_file_is_rejected ... ok
test tree_store::page_store::header::test::winning_checksum_corruption_fails_closed_after_io_error ... ok
test tree_store::page_store::lru_cache::tests::invalidation_preserves_other_pages_priority_and_second_chance ... ok
test tree_store::page_store::lru_cache::tests::repeated_same_key_invalidation_keeps_one_queue_registration_per_live_page ... live_pages=3 queue_entries=3 queue_capacity=4
ok
test tree_store::page_store::page_manager::test::free_merge_remarks_region_tracker ... ok
test tree_store::page_store::page_manager::test::invalidate_allocator_state_tolerates_poison ... 
thread '<unnamed>' (4239822) panicked at src/tree_store/page_store/page_manager.rs:1404:21:
poison the state mutex
ok
test tree_store::page_store::page_manager::test::mark_page_allocated_rejects_corrupt_page_numbers ... ok
test tree_store::page_store::page_manager::test::out_of_regions ... ok
test tree_store::page_store::page_manager::test::oversized_page_order_is_rejected ... ok
test tree_store::page_store::page_manager::test::panic ... 
thread 'tree_store::page_store::page_manager::test::panic' (4240047) panicked at src/tree_store/page_store/page_manager.rs:1372:13:
explicit panic
ok
test tree_store::page_store::savepoint::test::corrupted_record_errors ... ok
test tree_store::page_store::xxh3::test::test_empty ... ok
test tree_store::table_tree::test::round_trip ... ok
test tree_store::table_tree_base::canonical_identity_tests::stored_legacy_composite_cannot_select_the_current_value_decoder ... ok
test tree_store::table_tree_base::canonical_identity_tests::unsupported_type_marker_is_rejected_even_by_untyped_open ... ok
test tuple_types::test::width ... ok
test types::tests::builtin_composites_use_only_canonical_classification ... ok
test types::tests::classification_is_readable_through_reconstruction ... ok
test types::tests::composite_of_user_type_no_longer_collides_with_builtin ... ok
test types::tests::legacy_composite_names_never_match_canonical_types ... ok

test result: ok. 120 passed; 0 failed; 0 ignored; 0 measured; 0 filtered out; finished in 32.22s

