    Blocking waiting for file lock on package cache
    Blocking waiting for file lock on package cache
    Blocking waiting for file lock on package cache
    Blocking waiting for file lock on package cache
    Blocking waiting for file lock on build directory
   Compiling kasumi-store v0.1.0 (/Users/mtakemiya/dev/kasumi/crates/kasumi-store)
   Compiling kasumi-query v0.1.0 (/Users/mtakemiya/dev/kasumi/crates/kasumi-query)
   Compiling kasumi-raft v0.1.0 (/Users/mtakemiya/dev/kasumi/crates/kasumi-raft)
   Compiling kasumi-engine v0.1.0 (/Users/mtakemiya/dev/kasumi/crates/kasumi-engine)
   Compiling kasumi-authority v0.1.0 (/Users/mtakemiya/dev/kasumi/crates/kasumi-authority)
    Finished `test` profile [unoptimized + debuginfo] target(s) in 3m 33s
     Running unittests src/lib.rs (target/debug/deps/kasumi_authority-c9f40d981df0df58)

running 63 tests
test service::tests::actual_authority_quorum_loss_rejects_lease_and_activation_without_source_fallback ... AUTHORITY_UNAVAILABLE at /rustc/8bab26f4f68e0e26f0bb7960be334d5b520ea452/library/core/src/ops/function.rs:250:5: read quorum deadline exceeded
AUTHORITY_UNAVAILABLE at /rustc/8bab26f4f68e0e26f0bb7960be334d5b520ea452/library/core/src/ops/function.rs:250:5: read quorum deadline exceeded
ok
test service::tests::actual_encrypted_source_materialization_is_fenced_but_independent_custody_stays_available ... ok
test service::tests::authority_signer_cannot_substitute_another_physical_verifier_with_the_same_node_id ... ok
test service::tests::bootstrap_open_tests::strict_authority_binds_immutable_installation_and_physical_verifier ... ok
test service::tests::bootstrap_open_tests::strict_authority_rejects_corrupt_and_unsupported_genesis_without_replacement ... ok
test service::tests::bootstrap_open_tests::strict_authority_reopens_original_genesis_after_complete_owner_drain ... ok
test service::tests::bootstrap_open_tests::strict_authority_requires_every_published_head_without_recreating_it ... ok
test service::tests::completed_drain_witness_eviction_preserves_active_waits_and_restarts_evicted_identity ... ok
test service::tests::coverage_dispatch_precedes_permission_and_survives_exact_encrypted_restart ... AUTHORITY_UNAVAILABLE at crates/kasumi-authority/src/signer_coverage_service.rs:88:32: installed signer publication transport unavailable
AUTHORITY_UNKNOWN at /rustc/8bab26f4f68e0e26f0bb7960be334d5b520ea452/library/core/src/ops/function.rs:250:5: injected publication connection failure
ok
test service::tests::current_admin_self_revocation_yields_unknown_and_new_custodian_recovers_exact_identity ... AUTHORITY_UNKNOWN at /rustc/8bab26f4f68e0e26f0bb7960be334d5b520ea452/library/core/src/ops/function.rs:250:5: Forbidden: current independent authority Admin required
ok
test service::tests::encrypted_restart_restarts_full_drain_and_never_reuses_an_old_incarnation ... AUTHORITY_UNKNOWN at crates/kasumi-authority/src/service.rs:441:32: authority proposal leader changed
ok
test service::tests::exact_stop_defeats_delayed_activation_and_committed_activation_wins_resolution ... ok
test service::tests::exact_target_preparation_cannot_serve_and_needs_a_fresh_active_lease_after_drain ... ok
test service::tests::frozen_signer_roster_cannot_be_bypassed_by_source_unavailable_activation ... ok
test service::tests::independent_quorum_fence_drains_original_lease_and_competing_activations_cannot_overlap ... ok
test service::tests::issuer_permission_retains_original_policy_while_current_admin_can_read_its_receipt ... AUTHORITY_UNKNOWN at /rustc/8bab26f4f68e0e26f0bb7960be334d5b520ea452/library/core/src/ops/function.rs:250:5: Conflict: authority policy changed before acknowledgement
AUTHORITY_UNAVAILABLE at crates/kasumi-authority/src/signer_administration.rs:37:24: current authority administrative observation changed
AUTHORITY_UNAVAILABLE at /rustc/8bab26f4f68e0e26f0bb7960be334d5b520ea452/library/core/src/ops/function.rs:250:5: historical signer permission cannot grant a new local effect
ok
test service::tests::issuer_tests::activation_gate_tests::committed_activation_rejects_raw_bypass_preserves_exact_winner_and_encrypted_recovery ... AUTHORITY_UNKNOWN at crates/kasumi-authority/src/service.rs:441:32: authority proposal leader changed
ok
test service::tests::issuer_tests::activation_gate_tests::resolved_completion_activates_only_with_its_distinct_positive_inspection_signature ... AUTHORITY_UNAVAILABLE at /rustc/8bab26f4f68e0e26f0bb7960be334d5b520ea452/library/core/src/ops/function.rs:250:5: has to forward request to: None, None
ok
test service::tests::issuer_tests::activation_gate_tests::stopped_control_epoch_and_queued_original_expiry_defeat_new_activation_effects ... ok
test service::tests::issuer_tests::activation_gate_tests::target_storage_retains_original_phase_and_cannot_install_late_renewal_or_new_gate ... ok
test service::tests::issuer_tests::control_epoch_stop_preserves_exact_identity_replay_and_restarts_full_drain ... AUTHORITY_UNAVAILABLE at /rustc/8bab26f4f68e0e26f0bb7960be334d5b520ea452/library/core/src/ops/function.rs:250:5: control intent differs or epoch stopped
AUTHORITY_UNKNOWN at crates/kasumi-authority/src/service.rs:441:32: authority proposal leader changed

thread 'service::tests::issuer_tests::control_epoch_stop_preserves_exact_identity_replay_and_restarts_full_drain' (4250574) panicked at crates/kasumi-authority/src/issuer_tests.rs:301:5:
assertion `left == right` failed
  left: UnknownOutcome
 right: Conflict
note: run with `RUST_BACKTRACE=1` environment variable to display a backtrace
FAILED
test service::tests::issuer_tests::control_signer_tests::remote_control_directives_bind_physical_receiver_and_forward_winner_across_restart ... AUTHORITY_UNKNOWN at /rustc/8bab26f4f68e0e26f0bb7960be334d5b520ea452/library/core/src/ops/function.rs:250:5: deadline has elapsed
AUTHORITY_UNAVAILABLE at /rustc/8bab26f4f68e0e26f0bb7960be334d5b520ea452/library/core/src/ops/function.rs:250:5: elapsed deadline expired or clock regressed
AUTHORITY_UNAVAILABLE at crates/kasumi-authority/src/control_signer_service.rs:46:24: remote observation closed
AUTHORITY_UNAVAILABLE at crates/kasumi-authority/src/control_signer_service.rs:20:24: remote observation closed
AUTHORITY_UNAVAILABLE at crates/kasumi-authority/src/control_signer_service.rs:37:28: current remote directive observation changed
AUTHORITY_UNAVAILABLE at crates/kasumi-authority/src/control_signer_service.rs:46:24: remote observation closed
AUTHORITY_UNAVAILABLE at crates/kasumi-authority/src/service.rs:472:24: operational signer differs from replicated current generation
AUTHORITY_UNAVAILABLE at /rustc/8bab26f4f68e0e26f0bb7960be334d5b520ea452/library/core/src/ops/function.rs:250:5: has to forward request to: None, None
ok
test service::tests::issuer_tests::control_stop_before_intent_and_reserved_capacity_defeat_late_publication ... ok
test service::tests::issuer_tests::lifecycle_byte_exhaustion_preserves_reserved_epoch_stop_and_exact_snapshot_history ... ok
test service::tests::issuer_tests::lifecycle_original_deadline_survives_queued_acceptance_delayed_reply_and_clock_regression ... ok
test service::tests::issuer_tests::signer_roster_covers_control_and_prepared_targets_and_freezes_exact_admissions ... AUTHORITY_UNKNOWN at /rustc/8bab26f4f68e0e26f0bb7960be334d5b520ea452/library/core/src/ops/function.rs:250:5: deadline has elapsed
AUTHORITY_UNAVAILABLE at crates/kasumi-authority/src/service.rs:487:24: signer rotation froze new old-generation lease admissions
AUTHORITY_UNAVAILABLE at crates/kasumi-authority/src/service.rs:487:24: signer rotation froze new old-generation lease admissions
AUTHORITY_UNAVAILABLE at crates/kasumi-authority/src/service.rs:487:24: signer rotation froze new old-generation lease admissions
AUTHORITY_UNAVAILABLE at crates/kasumi-authority/src/service.rs:487:24: signer rotation froze new old-generation lease admissions
ok
test service::tests::issuer_tests::target_materialization_tests::activated_target_keeps_operational_suspension_and_membership_across_restart ... target owners drained with their original access-fenced outcome: DrainFailure { completion: Complete, issues: [DrainIssue { component: "OpenRaft runtime", instance: 0, error: raft shutdown failed (core: None, core join: None, ticker join: None, state machine: Some(Storage(IO { source: StorageIOError { subject: Store, verb: Write, source: std::io::error::Error: domain transaction committed; access expired before acknowledgment; outcome unknown, backtrace: None } })), snapshot builder: None, replications: [], auxiliary: [], incoming snapshot: None) }] }
TARGET_ACTIVATION_DENIED at /rustc/8bab26f4f68e0e26f0bb7960be334d5b520ea452/library/core/src/ops/function.rs:250:5: installed target attestation signature invalid
TARGET_ACTIVATION_DENIED at /rustc/8bab26f4f68e0e26f0bb7960be334d5b520ea452/library/core/src/ops/function.rs:250:5: installed target attestation signature invalid
ok
test service::tests::issuer_tests::target_materialization_tests::actual_target_materialization_preserves_image_and_original_operation_fence ... ok
test service::tests::issuer_tests::target_materialization_tests::dropping_target_on_non_runtime_thread_retains_shutdown_work_until_real_drain ... ok
test service::tests::issuer_tests::target_materialization_tests::exact_actual_completion_is_required_for_issuer_and_target_activation ... TARGET_ACTIVATION_DENIED at /rustc/8bab26f4f68e0e26f0bb7960be334d5b520ea452/library/core/src/ops/function.rs:250:5: installed target attestation signature invalid
TARGET_ACTIVATION_DENIED at /rustc/8bab26f4f68e0e26f0bb7960be334d5b520ea452/library/core/src/ops/function.rs:250:5: installed target attestation signature invalid
target owners drained with their original access-fenced outcome: DrainFailure { completion: Complete, issues: [DrainIssue { component: "OpenRaft runtime", instance: 0, error: raft shutdown failed (core: None, core join: None, ticker join: None, state machine: None, snapshot builder: None, replications: [ReplicationShutdownError { owner_id: 1, target: 3, stream: Some(Storage(IO { source: StorageIOError { subject: Store, verb: Write, source: std::io::error::Error: tenant is sealed: key-access lease unavailable or expired, backtrace: None } })), snapshot: None }], auxiliary: [], incoming snapshot: None) }] }
ok
test service::tests::issuer_tests::target_materialization_tests::expired_completion_with_missing_journal_recovers_only_exact_inspection_facts ... target owners drained with their original access-fenced outcome: DrainFailure { completion: Complete, issues: [DrainIssue { component: "OpenRaft runtime", instance: 0, error: raft shutdown failed (core: None, core join: None, ticker join: None, state machine: Some(Storage(IO { source: StorageIOError { subject: Store, verb: Write, source: std::io::error::Error: domain transaction committed; access expired before acknowledgment; outcome unknown, backtrace: None } })), snapshot builder: None, replications: [], auxiliary: [], incoming snapshot: None) }] }
ok
test service::tests::issuer_tests::target_materialization_tests::followup_request_keeps_both_original_credential_fences_and_cannot_reopen_phase ... ok
test service::tests::issuer_tests::target_materialization_tests::fresh_materialization_admission_preserves_expired_origin_and_exact_published_image ... ok
test service::tests::issuer_tests::target_materialization_tests::independent_target_journal_reserves_stop_after_normal_quota_and_recovers_encrypted ... ok
test service::tests::issuer_tests::target_materialization_tests::materialization_rejects_authenticated_backup_purpose_substitution_before_publication ... ok
test service::tests::issuer_tests::target_materialization_tests::target_close_diagnostic_rejects_unrelated_storage_failures ... ok
test service::tests::issuer_tests::target_materialization_tests::target_close_replication_diagnostic_preserves_child_failure_boundaries ... ok
test service::tests::issuer_tests::target_materialization_tests::target_file_creation_outcome_distinguishes_original_creation_from_strict_replay ... ok
test service::tests::issuer_tests::target_materialization_tests::three_actual_materializations_initialize_and_commit_completion_with_restart_proof ... target owners drained with their original access-fenced outcome: DrainFailure { completion: Complete, issues: [DrainIssue { component: "OpenRaft runtime", instance: 0, error: raft shutdown failed (core: None, core join: None, ticker join: None, state machine: None, snapshot builder: None, replications: [ReplicationShutdownError { owner_id: 1, target: 3, stream: Some(Storage(IO { source: StorageIOError { subject: Store, verb: Write, source: std::io::error::Error: tenant is sealed: key-access lease unavailable or expired, backtrace: None } })), snapshot: None }], auxiliary: [], incoming snapshot: None) }] }
ok
test service::tests::maintenance_byte_budget_expands_after_exhaustion_and_preserves_exact_history ... ok
test service::tests::maintenance_learner_must_fit_current_capacity_after_bootstrap_growth ... AUTHORITY_UNAVAILABLE at /rustc/8bab26f4f68e0e26f0bb7960be334d5b520ea452/library/core/src/ops/function.rs:250:5: authority member cannot fit required operational state
ok
test service::tests::maintenance_prepared_stop_and_dispatched_restart_are_exact ... ok
test service::tests::maintenance_removing_the_leader_resumes_the_same_committed_operation ... AUTHORITY_UNKNOWN at /rustc/8bab26f4f68e0e26f0bb7960be334d5b520ea452/library/core/src/ops/function.rs:250:5: deadline has elapsed
ok
test service::tests::maintenance_replaces_voter_then_permanently_revokes_and_restarts_full_drain ... ok
test service::tests::maintenance_requires_every_installed_peer_before_admission ... AUTHORITY_UNAVAILABLE at /rustc/8bab26f4f68e0e26f0bb7960be334d5b520ea452/library/core/src/ops/function.rs:250:5: test member offline
ok
test service::tests::maintenance_resource_acknowledgement_survives_lost_reply_before_admission ... ok
test service::tests::maintenance_store_cannot_reopen_as_another_member_identity ... ok
test service::tests::permanent_target_stop_defeats_missing_and_prepared_generations_then_reopens_after_full_drain ... ok
test service::tests::replicated_signer_head_fences_unchanged_local_keys_and_rejects_snapshot_regression ... AUTHORITY_UNAVAILABLE at crates/kasumi-authority/src/service.rs:472:24: operational signer differs from replicated current generation
AUTHORITY_UNAVAILABLE at crates/kasumi-authority/src/service.rs:472:24: operational signer differs from replicated current generation
AUTHORITY_UNAVAILABLE at crates/kasumi-authority/src/service.rs:472:24: operational signer differs from replicated current generation
AUTHORITY_UNAVAILABLE at crates/kasumi-authority/src/signing_administration.rs:21:24: current authority signing observation changed
AUTHORITY_UNAVAILABLE at crates/kasumi-authority/src/service.rs:472:24: operational signer differs from replicated current generation
AUTHORITY_UNKNOWN at crates/kasumi-authority/src/service.rs:441:32: authority proposal leader changed
AUTHORITY_UNAVAILABLE at /rustc/8bab26f4f68e0e26f0bb7960be334d5b520ea452/library/core/src/ops/function.rs:250:5: has to forward request to: None, None

thread 'service::tests::replicated_signer_head_fences_unchanged_local_keys_and_rejects_snapshot_regression' (4258363) panicked at crates/kasumi-authority/src/signer_directive_tests.rs:325:169:
called `Result::unwrap()` on an `Err` value: Error { code: Unavailable, message: "independent authority is unavailable" }
FAILED
test service::tests::request_drain_tests::acknowledgement_timeout_keeps_original_command_owner_and_actual_completion ... AUTHORITY_UNKNOWN at /rustc/8bab26f4f68e0e26f0bb7960be334d5b520ea452/library/core/src/ops/function.rs:250:5: deadline has elapsed
AUTHORITY_UNKNOWN at /rustc/8bab26f4f68e0e26f0bb7960be334d5b520ea452/library/core/src/ops/function.rs:250:5: Conflict: authority policy changed before acknowledgement
ok
test service::tests::request_drain_tests::actual_child_panic_fences_admission_and_cancelled_drain_keeps_original_join_error ... 
thread 'service::tests::request_drain_tests::actual_child_panic_fences_admission_and_cancelled_drain_keeps_original_join_error' (4258813) panicked at crates/kasumi-authority/src/request_drain_tests.rs:152:13:
original accepted authority child panic
ok
test service::tests::request_drain_tests::authority_shutdown_retains_admitted_jobs_and_returned_fences_after_waiter_cancellation ... AUTHORITY_UNAVAILABLE at crates/kasumi-authority/src/service.rs:373:24: independent authority is shutting down
AUTHORITY_UNAVAILABLE at crates/kasumi-authority/src/service.rs:373:24: independent authority is shutting down
AUTHORITY_UNAVAILABLE at crates/kasumi-authority/src/service.rs:373:24: independent authority is shutting down
AUTHORITY_UNAVAILABLE at crates/kasumi-authority/src/service.rs:373:24: independent authority is shutting down
AUTHORITY_UNAVAILABLE at crates/kasumi-authority/src/service.rs:373:24: independent authority is shutting down
AUTHORITY_UNAVAILABLE at crates/kasumi-authority/src/service.rs:373:24: independent authority is shutting down
ok
test service::tests::request_drain_tests::cancelled_public_command_waiter_keeps_actual_child_until_its_receipt_commits ... AUTHORITY_UNKNOWN at /rustc/8bab26f4f68e0e26f0bb7960be334d5b520ea452/library/core/src/ops/function.rs:250:5: Conflict: authority policy changed before acknowledgement
ok
test service::tests::request_drain_tests::ordinary_command_rejection_is_preserved_without_fencing_or_failed_drain ... ok
test service::tests::request_drain_tests::original_signer_authorization_is_reused_when_all_native_slots_are_occupied ... ok
test service::tests::request_drain_tests::request_child_inventory_is_bounded_and_capacity_denial_does_not_fence_owner ... ok
test service::tests::request_drain_tests::request_registry_metadata_charge_outlives_cancelled_waiters_and_dropped_facade ... ok
test service::tests::signer_directive_is_ordered_exact_finite_and_preserved_in_encrypted_snapshots ... AUTHORITY_UNAVAILABLE at crates/kasumi-authority/src/service.rs:373:24: independent authority is shutting down
AUTHORITY_UNKNOWN at crates/kasumi-authority/src/service.rs:441:32: authority proposal leader changed
ok
test service::tests::signer_replacement_requires_current_authorization_and_exact_live_owner ... AUTHORITY_UNAVAILABLE at /rustc/8bab26f4f68e0e26f0bb7960be334d5b520ea452/library/core/src/ops/function.rs:250:5: elapsed deadline expired or clock regressed
AUTHORITY_UNAVAILABLE at /rustc/8bab26f4f68e0e26f0bb7960be334d5b520ea452/library/core/src/ops/function.rs:250:5: elapsed deadline expired or clock regressed
ok
test service::tests::target_stop_and_activation_ordering_preserves_committed_winner_and_current_admin_release ... AUTHORITY_UNKNOWN at /rustc/8bab26f4f68e0e26f0bb7960be334d5b520ea452/library/core/src/ops/function.rs:250:5: Forbidden: current independent authority Admin required
ok
test service::tests::target_stop_history_exceeds_former_record_ceiling_and_current_fences_are_explicit ... AUTHORITY_UNAVAILABLE at /rustc/8bab26f4f68e0e26f0bb7960be334d5b520ea452/library/core/src/ops/function.rs:250:5: read quorum deadline exceeded
AUTHORITY_UNAVAILABLE at /rustc/8bab26f4f68e0e26f0bb7960be334d5b520ea452/library/core/src/ops/function.rs:250:5: read quorum deadline exceeded
ok
test service::tests::target_stop_queued_past_original_credential_expiry_accepts_no_tombstone ... ok
test state::activation::tests::activation_cannot_substitute_a_physical_verifier_behind_the_same_node_and_certificate ... ok

failures:

failures:
    service::tests::issuer_tests::control_epoch_stop_preserves_exact_identity_replay_and_restarts_full_drain
    service::tests::replicated_signer_head_fences_unchanged_local_keys_and_rejects_snapshot_regression

test result: FAILED. 61 passed; 2 failed; 0 ignored; 0 measured; 0 filtered out; finished in 681.79s

error: test failed, to rerun pass `-p kasumi-authority --lib`
   Doc-tests kasumi_authority

running 0 tests

test result: ok. 0 passed; 0 failed; 0 ignored; 0 measured; 0 filtered out; finished in 0.00s

error: 1 target failed:
    `-p kasumi-authority --lib`
