    Finished `test` profile [unoptimized + debuginfo] target(s) in 0.49s
     Running tests/lifecycle.rs (target/debug/deps/lifecycle-377b80b89ca111b0)

running 14 tests
test control_administration::current_control_administration_cannot_release_through_a_cached_leader_after_quorum_loss ... kasumi-engine read quorum unavailable: cause=read quorum deadline exceeded: deadline has elapsed; metrics=Ref { inner: RwLockReadGuard(PhantomData<std::sync::poison::rwlock::RwLockReadGuard<'_, openraft::metrics::raft_metrics::RaftMetrics<u64, openraft::node::BasicNode>>>, RaftMetrics { running_state: Ok(()), id: 1, current_term: 1, vote: Vote { leader_id: LeaderId { term: 1, node_id: 1 }, committed: true }, last_log_index: Some(3), last_applied: Some(LogId { leader_id: LeaderId { term: 1, node_id: 1 }, index: 3 }), snapshot: None, purged: None, state: Leader, current_leader: Some(1), millis_since_quorum_ack: Some(4996), membership_config: StoredMembership { log_id: Some(LogId { leader_id: LeaderId { term: 0, node_id: 0 }, index: 0 }), membership: Membership { configs: [{1, 2, 3}], nodes: {1: BasicNode { addr: "https://node-1.example" }, 2: BasicNode { addr: "https://node-2.example" }, 3: BasicNode { addr: "https://node-3.example" }} } }, replication: Some({1: Some(LogId { leader_id: LeaderId { term: 1, node_id: 1 }, index: 3 }), 2: Some(LogId { leader_id: LeaderId { term: 1, node_id: 1 }, index: 3 }), 3: Some(LogId { leader_id: LeaderId { term: 1, node_id: 1 }, index: 3 })}) }), has_changed: true }
ok
test control_administration::current_control_administration_pins_actual_membership_and_pending_policy_across_restart ... ok
test control_administration::current_control_administration_retains_exact_resource_revocation_and_original_lifetime ... ok
test control_completion_audit_reservation_survives_denials_and_current_admin_status_recovery ... ok
test control_rejects_unfinishable_byte_budget_and_substituted_authenticated_history ... kasumi-engine read quorum unavailable: cause=read quorum deadline exceeded: deadline has elapsed; metrics=Ref { inner: RwLockReadGuard(PhantomData<std::sync::poison::rwlock::RwLockReadGuard<'_, openraft::metrics::raft_metrics::RaftMetrics<u64, openraft::node::BasicNode>>>, RaftMetrics { running_state: Ok(()), id: 1, current_term: 1, vote: Vote { leader_id: LeaderId { term: 1, node_id: 1 }, committed: true }, last_log_index: Some(5), last_applied: Some(LogId { leader_id: LeaderId { term: 1, node_id: 1 }, index: 5 }), snapshot: None, purged: None, state: Leader, current_leader: Some(1), millis_since_quorum_ack: Some(5002), membership_config: StoredMembership { log_id: Some(LogId { leader_id: LeaderId { term: 0, node_id: 0 }, index: 0 }), membership: Membership { configs: [{1, 2, 3}], nodes: {1: BasicNode { addr: "https://node-1.example" }, 2: BasicNode { addr: "https://node-2.example" }, 3: BasicNode { addr: "https://node-3.example" }} } }, replication: Some({1: Some(LogId { leader_id: LeaderId { term: 1, node_id: 1 }, index: 5 }), 2: Some(LogId { leader_id: LeaderId { term: 1, node_id: 1 }, index: 5 }), 3: Some(LogId { leader_id: LeaderId { term: 1, node_id: 1 }, index: 5 })}) }), has_changed: true }
ok
test fresh_control_materialization_requires_exact_retained_original_after_expiry_and_reopen ... ok
test recovery_control::recovery_expired_completion_resolves_its_exact_positive_fact_before_activation ... ok
test recovery_control::recovery_expired_target_requires_fresh_control_admission_and_fences_revoked_observations ... ok
test recovery_control::recovery_journal_persists_before_dispatch_rejects_substitution_and_recovers_ambiguous_control_commit ... ok
test recovery_control::recovery_planned_retirement_freezes_its_exact_request_only_after_target_completion ... kasumi-engine recovery unknown: stage=release after recovery proposal; cause=Unavailable: recovery response quorum term changed
ok
test recovery_control::recovery_uncertain_activation_requires_permanent_stop_before_target_cleanup ... kasumi-engine read quorum unavailable: cause=has to forward request to: None, None; metrics=Ref { inner: RwLockReadGuard(PhantomData<std::sync::poison::rwlock::RwLockReadGuard<'_, openraft::metrics::raft_metrics::RaftMetrics<u64, openraft::node::BasicNode>>>, RaftMetrics { running_state: Ok(()), id: 1, current_term: 5, vote: Vote { leader_id: LeaderId { term: 5, node_id: 3 }, committed: false }, last_log_index: Some(6), last_applied: Some(LogId { leader_id: LeaderId { term: 2, node_id: 1 }, index: 6 }), snapshot: None, purged: None, state: Follower, current_leader: None, millis_since_quorum_ack: None, membership_config: StoredMembership { log_id: Some(LogId { leader_id: LeaderId { term: 0, node_id: 0 }, index: 0 }), membership: Membership { configs: [{1, 2, 3}], nodes: {1: BasicNode { addr: "https://node-1.example" }, 2: BasicNode { addr: "https://node-2.example" }, 3: BasicNode { addr: "https://node-3.example" }} } }, replication: None }), has_changed: true }

thread 'recovery_control::recovery_uncertain_activation_requires_permanent_stop_before_target_cleanup' (4480660) panicked at crates/kasumi-engine/tests/common/recovery_control.rs:253:10:
called `Result::unwrap()` on an `Err` value: Error { code: Unavailable, message: "read quorum unavailable" }
stack backtrace:
   0: __rustc::rust_begin_unwind
             at /rustc/8bab26f4f68e0e26f0bb7960be334d5b520ea452/library/std/src/panicking.rs:689:5
   1: core::panicking::panic_fmt
             at /rustc/8bab26f4f68e0e26f0bb7960be334d5b520ea452/library/core/src/panicking.rs:80:14
   2: core::result::unwrap_failed
             at /rustc/8bab26f4f68e0e26f0bb7960be334d5b520ea452/library/core/src/result.rs:1867:5
   3: <core::result::Result<core::option::Option<kasumi_types::recovery::RecoveryDispatch>, kasumi_types::Error>>::unwrap
             at /rustc/8bab26f4f68e0e26f0bb7960be334d5b520ea452/library/core/src/result.rs:1233:23
   4: lifecycle::recovery_control::prepare_completion::{closure#0}
             at ./tests/common/recovery_control.rs:253:10
   5: <core::pin::Pin<alloc::boxed::Box<lifecycle::recovery_control::prepare_completion::{closure#0}>> as core::future::future::Future>::poll
             at /rustc/8bab26f4f68e0e26f0bb7960be334d5b520ea452/library/core/src/future/future.rs:133:9
   6: lifecycle::recovery_control::exercise_completed_recovery::{closure#0}
             at ./tests/common/recovery_control.rs:137:18
   7: lifecycle::recovery_control::recovery_uncertain_activation_requires_permanent_stop_before_target_cleanup::{closure#0}
             at ./tests/common/recovery_control.rs:105:60
   8: <core::pin::Pin<&mut dyn core::future::future::Future<Output = ()>> as core::future::future::Future>::poll
             at /rustc/8bab26f4f68e0e26f0bb7960be334d5b520ea452/library/core/src/future/future.rs:133:9
   9: <tokio::runtime::park::CachedParkThread>::block_on::<core::pin::Pin<&mut dyn core::future::future::Future<Output = ()>>>::{closure#0}
             at /Users/mtakemiya/.cargo/registry/src/index.crates.io-1949cf8c6b5b557f/tokio-1.53.1/src/runtime/park.rs:284:71
  10: tokio::task::coop::with_budget::<core::task::poll::Poll<()>, <tokio::runtime::park::CachedParkThread>::block_on<core::pin::Pin<&mut dyn core::future::future::Future<Output = ()>>>::{closure#0}>
             at /Users/mtakemiya/.cargo/registry/src/index.crates.io-1949cf8c6b5b557f/tokio-1.53.1/src/task/coop/mod.rs:167:5
  11: tokio::task::coop::budget::<core::task::poll::Poll<()>, <tokio::runtime::park::CachedParkThread>::block_on<core::pin::Pin<&mut dyn core::future::future::Future<Output = ()>>>::{closure#0}>
             at /Users/mtakemiya/.cargo/registry/src/index.crates.io-1949cf8c6b5b557f/tokio-1.53.1/src/task/coop/mod.rs:133:5
  12: <tokio::runtime::park::CachedParkThread>::block_on::<core::pin::Pin<&mut dyn core::future::future::Future<Output = ()>>>
             at /Users/mtakemiya/.cargo/registry/src/index.crates.io-1949cf8c6b5b557f/tokio-1.53.1/src/runtime/park.rs:284:31
  13: <tokio::runtime::context::blocking::BlockingRegionGuard>::block_on::<core::pin::Pin<&mut dyn core::future::future::Future<Output = ()>>>
             at /Users/mtakemiya/.cargo/registry/src/index.crates.io-1949cf8c6b5b557f/tokio-1.53.1/src/runtime/context/blocking.rs:66:14
  14: <tokio::runtime::scheduler::multi_thread::MultiThread>::block_on::<core::pin::Pin<&mut dyn core::future::future::Future<Output = ()>>>::{closure#0}
             at /Users/mtakemiya/.cargo/registry/src/index.crates.io-1949cf8c6b5b557f/tokio-1.53.1/src/runtime/scheduler/multi_thread/mod.rs:92:22
  15: tokio::runtime::context::runtime::enter_runtime::<<tokio::runtime::scheduler::multi_thread::MultiThread>::block_on<core::pin::Pin<&mut dyn core::future::future::Future<Output = ()>>>::{closure#0}, ()>
             at /Users/mtakemiya/.cargo/registry/src/index.crates.io-1949cf8c6b5b557f/tokio-1.53.1/src/runtime/context/runtime.rs:65:16
  16: <tokio::runtime::scheduler::multi_thread::MultiThread>::block_on::<core::pin::Pin<&mut dyn core::future::future::Future<Output = ()>>>
             at /Users/mtakemiya/.cargo/registry/src/index.crates.io-1949cf8c6b5b557f/tokio-1.53.1/src/runtime/scheduler/multi_thread/mod.rs:91:9
  17: <tokio::runtime::runtime::Runtime>::block_on_inner::<core::pin::Pin<&mut dyn core::future::future::Future<Output = ()>>>
             at /Users/mtakemiya/.cargo/registry/src/index.crates.io-1949cf8c6b5b557f/tokio-1.53.1/src/runtime/runtime.rs:376:50
  18: <tokio::runtime::runtime::Runtime>::block_on::<core::pin::Pin<&mut dyn core::future::future::Future<Output = ()>>>
             at /Users/mtakemiya/.cargo/registry/src/index.crates.io-1949cf8c6b5b557f/tokio-1.53.1/src/runtime/runtime.rs:343:18
  19: lifecycle::recovery_control::recovery_uncertain_activation_requires_permanent_stop_before_target_cleanup
             at ./tests/common/recovery_control.rs:105:65
  20: lifecycle::recovery_control::recovery_uncertain_activation_requires_permanent_stop_before_target_cleanup::{closure#0}
             at ./tests/common/recovery_control.rs:104:87
  21: <lifecycle::recovery_control::recovery_uncertain_activation_requires_permanent_stop_before_target_cleanup::{closure#0} as core::ops::function::FnOnce<()>>::call_once
             at /rustc/8bab26f4f68e0e26f0bb7960be334d5b520ea452/library/core/src/ops/function.rs:250:5
  22: <fn() -> core::result::Result<(), alloc::string::String> as core::ops::function::FnOnce<()>>::call_once
             at /rustc/8bab26f4f68e0e26f0bb7960be334d5b520ea452/library/core/src/ops/function.rs:250:5
note: Some details are omitted, run with `RUST_BACKTRACE=full` for a verbose backtrace.
FAILED
test recovery_control::recovery_uncertain_activation_resolves_original_winner_and_confirms_every_voter_forward ... 
thread 'recovery_control::recovery_uncertain_activation_resolves_original_winner_and_confirms_every_voter_forward' (4482568) panicked at crates/kasumi-engine/tests/common/recovery_control.rs:1776:10:
called `Result::unwrap()` on an `Err` value: Error { code: UnknownOutcome, message: "write deadline exceeded; resolve or retry with the same idempotency key" }
stack backtrace:
   0: __rustc::rust_begin_unwind
             at /rustc/8bab26f4f68e0e26f0bb7960be334d5b520ea452/library/std/src/panicking.rs:689:5
   1: core::panicking::panic_fmt
             at /rustc/8bab26f4f68e0e26f0bb7960be334d5b520ea452/library/core/src/panicking.rs:80:14
   2: core::result::unwrap_failed
             at /rustc/8bab26f4f68e0e26f0bb7960be334d5b520ea452/library/core/src/result.rs:1867:5
   3: <core::result::Result<kasumi_types::WriteReceipt, kasumi_types::Error>>::unwrap
             at /rustc/8bab26f4f68e0e26f0bb7960be334d5b520ea452/library/core/src/result.rs:1233:23
   4: lifecycle::recovery_control::commit_next_intent::{closure#0}
             at ./tests/common/recovery_control.rs:1776:10
   5: lifecycle::recovery_control::complete_recovery::{closure#0}
             at ./tests/common/recovery_control.rs:997:65
   6: <core::pin::Pin<alloc::boxed::Box<lifecycle::recovery_control::complete_recovery::{closure#0}>> as core::future::future::Future>::poll
             at /rustc/8bab26f4f68e0e26f0bb7960be334d5b520ea452/library/core/src/future/future.rs:133:9
   7: lifecycle::recovery_control::exercise_completed_recovery::{closure#0}
             at ./tests/common/recovery_control.rs:166:19
   8: lifecycle::recovery_control::recovery_uncertain_activation_resolves_original_winner_and_confirms_every_voter_forward::{closure#0}
             at ./tests/common/recovery_control.rs:101:59
   9: <core::pin::Pin<&mut dyn core::future::future::Future<Output = ()>> as core::future::future::Future>::poll
             at /rustc/8bab26f4f68e0e26f0bb7960be334d5b520ea452/library/core/src/future/future.rs:133:9
  10: <tokio::runtime::park::CachedParkThread>::block_on::<core::pin::Pin<&mut dyn core::future::future::Future<Output = ()>>>::{closure#0}
             at /Users/mtakemiya/.cargo/registry/src/index.crates.io-1949cf8c6b5b557f/tokio-1.53.1/src/runtime/park.rs:284:71
  11: tokio::task::coop::with_budget::<core::task::poll::Poll<()>, <tokio::runtime::park::CachedParkThread>::block_on<core::pin::Pin<&mut dyn core::future::future::Future<Output = ()>>>::{closure#0}>
             at /Users/mtakemiya/.cargo/registry/src/index.crates.io-1949cf8c6b5b557f/tokio-1.53.1/src/task/coop/mod.rs:167:5
  12: tokio::task::coop::budget::<core::task::poll::Poll<()>, <tokio::runtime::park::CachedParkThread>::block_on<core::pin::Pin<&mut dyn core::future::future::Future<Output = ()>>>::{closure#0}>
             at /Users/mtakemiya/.cargo/registry/src/index.crates.io-1949cf8c6b5b557f/tokio-1.53.1/src/task/coop/mod.rs:133:5
  13: <tokio::runtime::park::CachedParkThread>::block_on::<core::pin::Pin<&mut dyn core::future::future::Future<Output = ()>>>
             at /Users/mtakemiya/.cargo/registry/src/index.crates.io-1949cf8c6b5b557f/tokio-1.53.1/src/runtime/park.rs:284:31
  14: <tokio::runtime::context::blocking::BlockingRegionGuard>::block_on::<core::pin::Pin<&mut dyn core::future::future::Future<Output = ()>>>
             at /Users/mtakemiya/.cargo/registry/src/index.crates.io-1949cf8c6b5b557f/tokio-1.53.1/src/runtime/context/blocking.rs:66:14
  15: <tokio::runtime::scheduler::multi_thread::MultiThread>::block_on::<core::pin::Pin<&mut dyn core::future::future::Future<Output = ()>>>::{closure#0}
             at /Users/mtakemiya/.cargo/registry/src/index.crates.io-1949cf8c6b5b557f/tokio-1.53.1/src/runtime/scheduler/multi_thread/mod.rs:92:22
  16: tokio::runtime::context::runtime::enter_runtime::<<tokio::runtime::scheduler::multi_thread::MultiThread>::block_on<core::pin::Pin<&mut dyn core::future::future::Future<Output = ()>>>::{closure#0}, ()>
             at /Users/mtakemiya/.cargo/registry/src/index.crates.io-1949cf8c6b5b557f/tokio-1.53.1/src/runtime/context/runtime.rs:65:16
  17: <tokio::runtime::scheduler::multi_thread::MultiThread>::block_on::<core::pin::Pin<&mut dyn core::future::future::Future<Output = ()>>>
             at /Users/mtakemiya/.cargo/registry/src/index.crates.io-1949cf8c6b5b557f/tokio-1.53.1/src/runtime/scheduler/multi_thread/mod.rs:91:9
  18: <tokio::runtime::runtime::Runtime>::block_on_inner::<core::pin::Pin<&mut dyn core::future::future::Future<Output = ()>>>
             at /Users/mtakemiya/.cargo/registry/src/index.crates.io-1949cf8c6b5b557f/tokio-1.53.1/src/runtime/runtime.rs:376:50
  19: <tokio::runtime::runtime::Runtime>::block_on::<core::pin::Pin<&mut dyn core::future::future::Future<Output = ()>>>
             at /Users/mtakemiya/.cargo/registry/src/index.crates.io-1949cf8c6b5b557f/tokio-1.53.1/src/runtime/runtime.rs:343:18
  20: lifecycle::recovery_control::recovery_uncertain_activation_resolves_original_winner_and_confirms_every_voter_forward
             at ./tests/common/recovery_control.rs:101:64
  21: lifecycle::recovery_control::recovery_uncertain_activation_resolves_original_winner_and_confirms_every_voter_forward::{closure#0}
             at ./tests/common/recovery_control.rs:100:99
  22: <lifecycle::recovery_control::recovery_uncertain_activation_resolves_original_winner_and_confirms_every_voter_forward::{closure#0} as core::ops::function::FnOnce<()>>::call_once
             at /rustc/8bab26f4f68e0e26f0bb7960be334d5b520ea452/library/core/src/ops/function.rs:250:5
  23: <fn() -> core::result::Result<(), alloc::string::String> as core::ops::function::FnOnce<()>>::call_once
             at /rustc/8bab26f4f68e0e26f0bb7960be334d5b520ea452/library/core/src/ops/function.rs:250:5
note: Some details are omitted, run with `RUST_BACKTRACE=full` for a verbose backtrace.
FAILED
test replicated_control_change_pins_all_partitions_freezes_issuance_and_recovers_self_revocation ... ok
test replicated_control_intent_is_exact_original_expiry_bound_current_quorum_and_permanent_after_reopen ... ok

failures:

failures:
    recovery_control::recovery_uncertain_activation_requires_permanent_stop_before_target_cleanup
    recovery_control::recovery_uncertain_activation_resolves_original_winner_and_confirms_every_voter_forward

test result: FAILED. 12 passed; 2 failed; 0 ignored; 0 measured; 0 filtered out; finished in 400.04s

error: test failed, to rerun pass `-p kasumi-engine --test lifecycle`
