    Finished `test` profile [unoptimized + debuginfo] target(s) in 0.24s
     Running tests/lifecycle.rs (target/debug/deps/lifecycle-377b80b89ca111b0)

running 2 tests
test recovery_control::recovery_uncertain_activation_requires_permanent_stop_before_target_cleanup ... 
thread 'recovery_control::recovery_uncertain_activation_requires_permanent_stop_before_target_cleanup' (4535851) panicked at crates/kasumi-engine/tests/lifecycle.rs:222:14:
called `Result::unwrap()` on an `Err` value: operation would block

Stack backtrace:
   0: std::backtrace_rs::backtrace::libunwind::trace
             at /rustc/8bab26f4f68e0e26f0bb7960be334d5b520ea452/library/std/src/../../backtrace/src/backtrace/libunwind.rs:117:9
   1: std::backtrace_rs::backtrace::trace_unsynchronized::<<std::backtrace::Backtrace>::create::{closure#0}>
             at /rustc/8bab26f4f68e0e26f0bb7960be334d5b520ea452/library/std/src/../../backtrace/src/backtrace/mod.rs:66:14
   2: <std::backtrace::Backtrace>::create
             at /rustc/8bab26f4f68e0e26f0bb7960be334d5b520ea452/library/std/src/backtrace.rs:331:13
   3: <anyhow::Error as core::convert::From<std::io::error::Error>>::from
             at /Users/mtakemiya/.cargo/registry/src/index.crates.io-1949cf8c6b5b557f/anyhow-1.0.104/src/backtrace.rs:10:14
   4: <core::result::Result<alloc::sync::Arc<kasumi_store::node_file::NodeFile>, anyhow::Error> as core::ops::try_trait::FromResidual<core::result::Result<core::convert::Infallible, std::io::error::Error>>>::from_residual
             at /rustc/8bab26f4f68e0e26f0bb7960be334d5b520ea452/library/core/src/result.rs:2189:27
   5: <kasumi_store::node_file::NodeFile>::open_existing
             at /Users/mtakemiya/dev/kasumi/crates/kasumi-store/src/node_file.rs:109:37
   6: <kasumi_store::NodeStore>::open_existing::<std::path::PathBuf>
             at /Users/mtakemiya/dev/kasumi/crates/kasumi-store/src/lib.rs:266:20
   7: <kasumi_engine::test_utils::FixtureStorage>::open_existing::<std::path::PathBuf>
             at ./src/test_utils.rs:190:9
   8: <lifecycle::Fixture>::open::{closure#0}
             at ./tests/lifecycle.rs:217:44
   9: lifecycle::recovery_control::prepare_completion::{closure#0}
             at ./tests/common/recovery_control.rs:342:19
  10: <core::pin::Pin<alloc::boxed::Box<lifecycle::recovery_control::prepare_completion::{closure#0}>> as core::future::future::Future>::poll
             at /rustc/8bab26f4f68e0e26f0bb7960be334d5b520ea452/library/core/src/future/future.rs:133:9
  11: lifecycle::recovery_control::exercise_completed_recovery::{closure#0}
             at ./tests/common/recovery_control.rs:137:18
  12: lifecycle::recovery_control::recovery_uncertain_activation_requires_permanent_stop_before_target_cleanup::{closure#0}
             at ./tests/common/recovery_control.rs:105:60
  13: <core::pin::Pin<&mut dyn core::future::future::Future<Output = ()>> as core::future::future::Future>::poll
             at /rustc/8bab26f4f68e0e26f0bb7960be334d5b520ea452/library/core/src/future/future.rs:133:9
  14: <tokio::runtime::park::CachedParkThread>::block_on::<core::pin::Pin<&mut dyn core::future::future::Future<Output = ()>>>::{closure#0}
             at /Users/mtakemiya/.cargo/registry/src/index.crates.io-1949cf8c6b5b557f/tokio-1.53.1/src/runtime/park.rs:284:71
  15: tokio::task::coop::with_budget::<core::task::poll::Poll<()>, <tokio::runtime::park::CachedParkThread>::block_on<core::pin::Pin<&mut dyn core::future::future::Future<Output = ()>>>::{closure#0}>
             at /Users/mtakemiya/.cargo/registry/src/index.crates.io-1949cf8c6b5b557f/tokio-1.53.1/src/task/coop/mod.rs:167:5
  16: tokio::task::coop::budget::<core::task::poll::Poll<()>, <tokio::runtime::park::CachedParkThread>::block_on<core::pin::Pin<&mut dyn core::future::future::Future<Output = ()>>>::{closure#0}>
             at /Users/mtakemiya/.cargo/registry/src/index.crates.io-1949cf8c6b5b557f/tokio-1.53.1/src/task/coop/mod.rs:133:5
  17: <tokio::runtime::park::CachedParkThread>::block_on::<core::pin::Pin<&mut dyn core::future::future::Future<Output = ()>>>
             at /Users/mtakemiya/.cargo/registry/src/index.crates.io-1949cf8c6b5b557f/tokio-1.53.1/src/runtime/park.rs:284:31
  18: <tokio::runtime::context::blocking::BlockingRegionGuard>::block_on::<core::pin::Pin<&mut dyn core::future::future::Future<Output = ()>>>
             at /Users/mtakemiya/.cargo/registry/src/index.crates.io-1949cf8c6b5b557f/tokio-1.53.1/src/runtime/context/blocking.rs:66:14
  19: <tokio::runtime::scheduler::multi_thread::MultiThread>::block_on::<core::pin::Pin<&mut dyn core::future::future::Future<Output = ()>>>::{closure#0}
             at /Users/mtakemiya/.cargo/registry/src/index.crates.io-1949cf8c6b5b557f/tokio-1.53.1/src/runtime/scheduler/multi_thread/mod.rs:92:22
  20: tokio::runtime::context::runtime::enter_runtime::<<tokio::runtime::scheduler::multi_thread::MultiThread>::block_on<core::pin::Pin<&mut dyn core::future::future::Future<Output = ()>>>::{closure#0}, ()>
             at /Users/mtakemiya/.cargo/registry/src/index.crates.io-1949cf8c6b5b557f/tokio-1.53.1/src/runtime/context/runtime.rs:65:16
  21: <tokio::runtime::scheduler::multi_thread::MultiThread>::block_on::<core::pin::Pin<&mut dyn core::future::future::Future<Output = ()>>>
             at /Users/mtakemiya/.cargo/registry/src/index.crates.io-1949cf8c6b5b557f/tokio-1.53.1/src/runtime/scheduler/multi_thread/mod.rs:91:9
  22: <tokio::runtime::runtime::Runtime>::block_on_inner::<core::pin::Pin<&mut dyn core::future::future::Future<Output = ()>>>
             at /Users/mtakemiya/.cargo/registry/src/index.crates.io-1949cf8c6b5b557f/tokio-1.53.1/src/runtime/runtime.rs:376:50
  23: <tokio::runtime::runtime::Runtime>::block_on::<core::pin::Pin<&mut dyn core::future::future::Future<Output = ()>>>
             at /Users/mtakemiya/.cargo/registry/src/index.crates.io-1949cf8c6b5b557f/tokio-1.53.1/src/runtime/runtime.rs:343:18
  24: lifecycle::recovery_control::recovery_uncertain_activation_requires_permanent_stop_before_target_cleanup
             at ./tests/common/recovery_control.rs:105:65
  25: lifecycle::recovery_control::recovery_uncertain_activation_requires_permanent_stop_before_target_cleanup::{closure#0}
             at ./tests/common/recovery_control.rs:104:87
  26: <lifecycle::recovery_control::recovery_uncertain_activation_requires_permanent_stop_before_target_cleanup::{closure#0} as core::ops::function::FnOnce<()>>::call_once
             at /rustc/8bab26f4f68e0e26f0bb7960be334d5b520ea452/library/core/src/ops/function.rs:250:5
  27: <fn() -> core::result::Result<(), alloc::string::String> as core::ops::function::FnOnce<()>>::call_once
             at /rustc/8bab26f4f68e0e26f0bb7960be334d5b520ea452/library/core/src/ops/function.rs:250:5
  28: test::__rust_begin_short_backtrace::<core::result::Result<(), alloc::string::String>, fn() -> core::result::Result<(), alloc::string::String>>
             at /rustc/8bab26f4f68e0e26f0bb7960be334d5b520ea452/library/test/src/lib.rs:724:18
  29: test::run_test_in_process::{closure#0}
             at /rustc/8bab26f4f68e0e26f0bb7960be334d5b520ea452/library/test/src/lib.rs:747:74
  30: <core::panic::unwind_safe::AssertUnwindSafe<test::run_test_in_process::{closure#0}> as core::ops::function::FnOnce<()>>::call_once
             at /rustc/8bab26f4f68e0e26f0bb7960be334d5b520ea452/library/core/src/panic/unwind_safe.rs:275:9
  31: std::panicking::catch_unwind::do_call::<core::panic::unwind_safe::AssertUnwindSafe<test::run_test_in_process::{closure#0}>, core::result::Result<(), alloc::string::String>>
             at /rustc/8bab26f4f68e0e26f0bb7960be334d5b520ea452/library/std/src/panicking.rs:581:40
  32: std::panicking::catch_unwind::<core::result::Result<(), alloc::string::String>, core::panic::unwind_safe::AssertUnwindSafe<test::run_test_in_process::{closure#0}>>
             at /rustc/8bab26f4f68e0e26f0bb7960be334d5b520ea452/library/std/src/panicking.rs:544:19
  33: std::panic::catch_unwind::<core::panic::unwind_safe::AssertUnwindSafe<test::run_test_in_process::{closure#0}>, core::result::Result<(), alloc::string::String>>
             at /rustc/8bab26f4f68e0e26f0bb7960be334d5b520ea452/library/std/src/panic.rs:359:14
  34: test::run_test_in_process
             at /rustc/8bab26f4f68e0e26f0bb7960be334d5b520ea452/library/test/src/lib.rs:747:27
  35: test::run_test::{closure#0}
             at /rustc/8bab26f4f68e0e26f0bb7960be334d5b520ea452/library/test/src/lib.rs:668:43
  36: test::run_test::{closure#1}
             at /rustc/8bab26f4f68e0e26f0bb7960be334d5b520ea452/library/test/src/lib.rs:698:41
  37: std::sys::backtrace::__rust_begin_short_backtrace::<test::run_test::{closure#1}, ()>
             at /rustc/8bab26f4f68e0e26f0bb7960be334d5b520ea452/library/std/src/sys/backtrace.rs:166:18
  38: std::thread::lifecycle::spawn_unchecked::<test::run_test::{closure#1}, ()>::{closure#1}::{closure#0}
             at /rustc/8bab26f4f68e0e26f0bb7960be334d5b520ea452/library/std/src/thread/lifecycle.rs:70:13
  39: <core::panic::unwind_safe::AssertUnwindSafe<std::thread::lifecycle::spawn_unchecked<test::run_test::{closure#1}, ()>::{closure#1}::{closure#0}> as core::ops::function::FnOnce<()>>::call_once
             at /rustc/8bab26f4f68e0e26f0bb7960be334d5b520ea452/library/core/src/panic/unwind_safe.rs:275:9
  40: std::panicking::catch_unwind::do_call::<core::panic::unwind_safe::AssertUnwindSafe<std::thread::lifecycle::spawn_unchecked<test::run_test::{closure#1}, ()>::{closure#1}::{closure#0}>, ()>
             at /rustc/8bab26f4f68e0e26f0bb7960be334d5b520ea452/library/std/src/panicking.rs:581:40
  41: std::panicking::catch_unwind::<(), core::panic::unwind_safe::AssertUnwindSafe<std::thread::lifecycle::spawn_unchecked<test::run_test::{closure#1}, ()>::{closure#1}::{closure#0}>>
             at /rustc/8bab26f4f68e0e26f0bb7960be334d5b520ea452/library/std/src/panicking.rs:544:19
  42: std::panic::catch_unwind::<core::panic::unwind_safe::AssertUnwindSafe<std::thread::lifecycle::spawn_unchecked<test::run_test::{closure#1}, ()>::{closure#1}::{closure#0}>, ()>
             at /rustc/8bab26f4f68e0e26f0bb7960be334d5b520ea452/library/std/src/panic.rs:359:14
  43: std::thread::lifecycle::spawn_unchecked::<test::run_test::{closure#1}, ()>::{closure#1}
             at /rustc/8bab26f4f68e0e26f0bb7960be334d5b520ea452/library/std/src/thread/lifecycle.rs:68:26
  44: <std::thread::lifecycle::spawn_unchecked<test::run_test::{closure#1}, ()>::{closure#1} as core::ops::function::FnOnce<()>>::call_once::{shim:vtable#0}
             at /rustc/8bab26f4f68e0e26f0bb7960be334d5b520ea452/library/core/src/ops/function.rs:250:5
  45: <alloc::boxed::Box<dyn core::ops::function::FnOnce<(), Output = ()> + core::marker::Send> as core::ops::function::FnOnce<()>>::call_once
             at /rustc/8bab26f4f68e0e26f0bb7960be334d5b520ea452/library/alloc/src/boxed.rs:2275:9
  46: <std::sys::thread::unix::Thread>::new::thread_start
             at /rustc/8bab26f4f68e0e26f0bb7960be334d5b520ea452/library/std/src/sys/thread/unix.rs:118:17
  47: __pthread_exit
stack backtrace:
   0: __rustc::rust_begin_unwind
             at /rustc/8bab26f4f68e0e26f0bb7960be334d5b520ea452/library/std/src/panicking.rs:689:5
   1: core::panicking::panic_fmt
             at /rustc/8bab26f4f68e0e26f0bb7960be334d5b520ea452/library/core/src/panicking.rs:80:14
   2: core::result::unwrap_failed
             at /rustc/8bab26f4f68e0e26f0bb7960be334d5b520ea452/library/core/src/result.rs:1867:5
   3: <core::result::Result<alloc::sync::Arc<kasumi_store::NodeStore>, anyhow::Error>>::unwrap
             at /rustc/8bab26f4f68e0e26f0bb7960be334d5b520ea452/library/core/src/result.rs:1233:23
   4: <lifecycle::Fixture>::open::{closure#0}
             at ./tests/lifecycle.rs:222:14
   5: lifecycle::recovery_control::prepare_completion::{closure#0}
             at ./tests/common/recovery_control.rs:342:19
   6: <core::pin::Pin<alloc::boxed::Box<lifecycle::recovery_control::prepare_completion::{closure#0}>> as core::future::future::Future>::poll
             at /rustc/8bab26f4f68e0e26f0bb7960be334d5b520ea452/library/core/src/future/future.rs:133:9
   7: lifecycle::recovery_control::exercise_completed_recovery::{closure#0}
             at ./tests/common/recovery_control.rs:137:18
   8: lifecycle::recovery_control::recovery_uncertain_activation_requires_permanent_stop_before_target_cleanup::{closure#0}
             at ./tests/common/recovery_control.rs:105:60
   9: <core::pin::Pin<&mut dyn core::future::future::Future<Output = ()>> as core::future::future::Future>::poll
             at /rustc/8bab26f4f68e0e26f0bb7960be334d5b520ea452/library/core/src/future/future.rs:133:9
  10: <tokio::runtime::park::CachedParkThread>::block_on::<core::pin::Pin<&mut dyn core::future::future::Future<Output = ()>>>::{closure#0}
             at /Users/mtakemiya/.cargo/registry/src/index.crates.io-1949cf8c6b5b557f/tokio-1.53.1/src/runtime/park.rs:284:71
  11: tokio::task::coop::with_budget::<core::task::poll::Poll<()>, <tokio::runtime::park::CachedParkThread>::block_on<core::pin::Pin<&mut dyn core::future::future::Future<Output = ()>>>::{closure#0}>
             at /Users/mtakemiya/.cargo/registry/src/index.crates.io-1949cf8c6b5b557f/tokio-1.53.1/src/task/coop/mod.rs:167:5
  12: tokio::task::coop::budget::<core::task::poll::Poll<()>, <tokio::runtime::park::CachedParkThread>::block_on<core::pin::Pin<&mut dyn core::future::future::Future<Output = ()>>>::{closure#0}>
             at /Users/mtakemiya/.cargo/registry/src/index.crates.io-1949cf8c6b5b557f/tokio-1.53.1/src/task/coop/mod.rs:133:5
  13: <tokio::runtime::park::CachedParkThread>::block_on::<core::pin::Pin<&mut dyn core::future::future::Future<Output = ()>>>
             at /Users/mtakemiya/.cargo/registry/src/index.crates.io-1949cf8c6b5b557f/tokio-1.53.1/src/runtime/park.rs:284:31
  14: <tokio::runtime::context::blocking::BlockingRegionGuard>::block_on::<core::pin::Pin<&mut dyn core::future::future::Future<Output = ()>>>
             at /Users/mtakemiya/.cargo/registry/src/index.crates.io-1949cf8c6b5b557f/tokio-1.53.1/src/runtime/context/blocking.rs:66:14
  15: <tokio::runtime::scheduler::multi_thread::MultiThread>::block_on::<core::pin::Pin<&mut dyn core::future::future::Future<Output = ()>>>::{closure#0}
             at /Users/mtakemiya/.cargo/registry/src/index.crates.io-1949cf8c6b5b557f/tokio-1.53.1/src/runtime/scheduler/multi_thread/mod.rs:92:22
  16: tokio::runtime::context::runtime::enter_runtime::<<tokio::runtime::scheduler::multi_thread::MultiThread>::block_on<core::pin::Pin<&mut dyn core::future::future::Future<Output = ()>>>::{closure#0}, ()>
             at /Users/mtakemiya/.cargo/registry/src/index.crates.io-1949cf8c6b5b557f/tokio-1.53.1/src/runtime/context/runtime.rs:65:16
  17: <tokio::runtime::scheduler::multi_thread::MultiThread>::block_on::<core::pin::Pin<&mut dyn core::future::future::Future<Output = ()>>>
             at /Users/mtakemiya/.cargo/registry/src/index.crates.io-1949cf8c6b5b557f/tokio-1.53.1/src/runtime/scheduler/multi_thread/mod.rs:91:9
  18: <tokio::runtime::runtime::Runtime>::block_on_inner::<core::pin::Pin<&mut dyn core::future::future::Future<Output = ()>>>
             at /Users/mtakemiya/.cargo/registry/src/index.crates.io-1949cf8c6b5b557f/tokio-1.53.1/src/runtime/runtime.rs:376:50
  19: <tokio::runtime::runtime::Runtime>::block_on::<core::pin::Pin<&mut dyn core::future::future::Future<Output = ()>>>
             at /Users/mtakemiya/.cargo/registry/src/index.crates.io-1949cf8c6b5b557f/tokio-1.53.1/src/runtime/runtime.rs:343:18
  20: lifecycle::recovery_control::recovery_uncertain_activation_requires_permanent_stop_before_target_cleanup
             at ./tests/common/recovery_control.rs:105:65
  21: lifecycle::recovery_control::recovery_uncertain_activation_requires_permanent_stop_before_target_cleanup::{closure#0}
             at ./tests/common/recovery_control.rs:104:87
  22: <lifecycle::recovery_control::recovery_uncertain_activation_requires_permanent_stop_before_target_cleanup::{closure#0} as core::ops::function::FnOnce<()>>::call_once
             at /rustc/8bab26f4f68e0e26f0bb7960be334d5b520ea452/library/core/src/ops/function.rs:250:5
  23: <fn() -> core::result::Result<(), alloc::string::String> as core::ops::function::FnOnce<()>>::call_once
             at /rustc/8bab26f4f68e0e26f0bb7960be334d5b520ea452/library/core/src/ops/function.rs:250:5
note: Some details are omitted, run with `RUST_BACKTRACE=full` for a verbose backtrace.
FAILED
test recovery_control::recovery_uncertain_activation_resolves_original_winner_and_confirms_every_voter_forward ... 
thread 'recovery_control::recovery_uncertain_activation_resolves_original_winner_and_confirms_every_voter_forward' (4535961) panicked at crates/kasumi-engine/tests/lifecycle.rs:222:14:
called `Result::unwrap()` on an `Err` value: operation would block

Stack backtrace:
   0: std::backtrace_rs::backtrace::libunwind::trace
             at /rustc/8bab26f4f68e0e26f0bb7960be334d5b520ea452/library/std/src/../../backtrace/src/backtrace/libunwind.rs:117:9
   1: std::backtrace_rs::backtrace::trace_unsynchronized::<<std::backtrace::Backtrace>::create::{closure#0}>
             at /rustc/8bab26f4f68e0e26f0bb7960be334d5b520ea452/library/std/src/../../backtrace/src/backtrace/mod.rs:66:14
   2: <std::backtrace::Backtrace>::create
             at /rustc/8bab26f4f68e0e26f0bb7960be334d5b520ea452/library/std/src/backtrace.rs:331:13
   3: <anyhow::Error as core::convert::From<std::io::error::Error>>::from
             at /Users/mtakemiya/.cargo/registry/src/index.crates.io-1949cf8c6b5b557f/anyhow-1.0.104/src/backtrace.rs:10:14
   4: <core::result::Result<alloc::sync::Arc<kasumi_store::node_file::NodeFile>, anyhow::Error> as core::ops::try_trait::FromResidual<core::result::Result<core::convert::Infallible, std::io::error::Error>>>::from_residual
             at /rustc/8bab26f4f68e0e26f0bb7960be334d5b520ea452/library/core/src/result.rs:2189:27
   5: <kasumi_store::node_file::NodeFile>::open_existing
             at /Users/mtakemiya/dev/kasumi/crates/kasumi-store/src/node_file.rs:109:37
   6: <kasumi_store::NodeStore>::open_existing::<std::path::PathBuf>
             at /Users/mtakemiya/dev/kasumi/crates/kasumi-store/src/lib.rs:266:20
   7: <kasumi_engine::test_utils::FixtureStorage>::open_existing::<std::path::PathBuf>
             at ./src/test_utils.rs:190:9
   8: <lifecycle::Fixture>::open::{closure#0}
             at ./tests/lifecycle.rs:217:44
   9: lifecycle::recovery_control::prepare_completion::{closure#0}
             at ./tests/common/recovery_control.rs:342:19
  10: <core::pin::Pin<alloc::boxed::Box<lifecycle::recovery_control::prepare_completion::{closure#0}>> as core::future::future::Future>::poll
             at /rustc/8bab26f4f68e0e26f0bb7960be334d5b520ea452/library/core/src/future/future.rs:133:9
  11: lifecycle::recovery_control::exercise_completed_recovery::{closure#0}
             at ./tests/common/recovery_control.rs:137:18
  12: lifecycle::recovery_control::recovery_uncertain_activation_resolves_original_winner_and_confirms_every_voter_forward::{closure#0}
             at ./tests/common/recovery_control.rs:101:59
  13: <core::pin::Pin<&mut dyn core::future::future::Future<Output = ()>> as core::future::future::Future>::poll
             at /rustc/8bab26f4f68e0e26f0bb7960be334d5b520ea452/library/core/src/future/future.rs:133:9
  14: <tokio::runtime::park::CachedParkThread>::block_on::<core::pin::Pin<&mut dyn core::future::future::Future<Output = ()>>>::{closure#0}
             at /Users/mtakemiya/.cargo/registry/src/index.crates.io-1949cf8c6b5b557f/tokio-1.53.1/src/runtime/park.rs:284:71
  15: tokio::task::coop::with_budget::<core::task::poll::Poll<()>, <tokio::runtime::park::CachedParkThread>::block_on<core::pin::Pin<&mut dyn core::future::future::Future<Output = ()>>>::{closure#0}>
             at /Users/mtakemiya/.cargo/registry/src/index.crates.io-1949cf8c6b5b557f/tokio-1.53.1/src/task/coop/mod.rs:167:5
  16: tokio::task::coop::budget::<core::task::poll::Poll<()>, <tokio::runtime::park::CachedParkThread>::block_on<core::pin::Pin<&mut dyn core::future::future::Future<Output = ()>>>::{closure#0}>
             at /Users/mtakemiya/.cargo/registry/src/index.crates.io-1949cf8c6b5b557f/tokio-1.53.1/src/task/coop/mod.rs:133:5
  17: <tokio::runtime::park::CachedParkThread>::block_on::<core::pin::Pin<&mut dyn core::future::future::Future<Output = ()>>>
             at /Users/mtakemiya/.cargo/registry/src/index.crates.io-1949cf8c6b5b557f/tokio-1.53.1/src/runtime/park.rs:284:31
  18: <tokio::runtime::context::blocking::BlockingRegionGuard>::block_on::<core::pin::Pin<&mut dyn core::future::future::Future<Output = ()>>>
             at /Users/mtakemiya/.cargo/registry/src/index.crates.io-1949cf8c6b5b557f/tokio-1.53.1/src/runtime/context/blocking.rs:66:14
  19: <tokio::runtime::scheduler::multi_thread::MultiThread>::block_on::<core::pin::Pin<&mut dyn core::future::future::Future<Output = ()>>>::{closure#0}
             at /Users/mtakemiya/.cargo/registry/src/index.crates.io-1949cf8c6b5b557f/tokio-1.53.1/src/runtime/scheduler/multi_thread/mod.rs:92:22
  20: tokio::runtime::context::runtime::enter_runtime::<<tokio::runtime::scheduler::multi_thread::MultiThread>::block_on<core::pin::Pin<&mut dyn core::future::future::Future<Output = ()>>>::{closure#0}, ()>
             at /Users/mtakemiya/.cargo/registry/src/index.crates.io-1949cf8c6b5b557f/tokio-1.53.1/src/runtime/context/runtime.rs:65:16
  21: <tokio::runtime::scheduler::multi_thread::MultiThread>::block_on::<core::pin::Pin<&mut dyn core::future::future::Future<Output = ()>>>
             at /Users/mtakemiya/.cargo/registry/src/index.crates.io-1949cf8c6b5b557f/tokio-1.53.1/src/runtime/scheduler/multi_thread/mod.rs:91:9
  22: <tokio::runtime::runtime::Runtime>::block_on_inner::<core::pin::Pin<&mut dyn core::future::future::Future<Output = ()>>>
             at /Users/mtakemiya/.cargo/registry/src/index.crates.io-1949cf8c6b5b557f/tokio-1.53.1/src/runtime/runtime.rs:376:50
  23: <tokio::runtime::runtime::Runtime>::block_on::<core::pin::Pin<&mut dyn core::future::future::Future<Output = ()>>>
             at /Users/mtakemiya/.cargo/registry/src/index.crates.io-1949cf8c6b5b557f/tokio-1.53.1/src/runtime/runtime.rs:343:18
  24: lifecycle::recovery_control::recovery_uncertain_activation_resolves_original_winner_and_confirms_every_voter_forward
             at ./tests/common/recovery_control.rs:101:64
  25: lifecycle::recovery_control::recovery_uncertain_activation_resolves_original_winner_and_confirms_every_voter_forward::{closure#0}
             at ./tests/common/recovery_control.rs:100:99
  26: <lifecycle::recovery_control::recovery_uncertain_activation_resolves_original_winner_and_confirms_every_voter_forward::{closure#0} as core::ops::function::FnOnce<()>>::call_once
             at /rustc/8bab26f4f68e0e26f0bb7960be334d5b520ea452/library/core/src/ops/function.rs:250:5
  27: <fn() -> core::result::Result<(), alloc::string::String> as core::ops::function::FnOnce<()>>::call_once
             at /rustc/8bab26f4f68e0e26f0bb7960be334d5b520ea452/library/core/src/ops/function.rs:250:5
  28: test::__rust_begin_short_backtrace::<core::result::Result<(), alloc::string::String>, fn() -> core::result::Result<(), alloc::string::String>>
             at /rustc/8bab26f4f68e0e26f0bb7960be334d5b520ea452/library/test/src/lib.rs:724:18
  29: test::run_test_in_process::{closure#0}
             at /rustc/8bab26f4f68e0e26f0bb7960be334d5b520ea452/library/test/src/lib.rs:747:74
  30: <core::panic::unwind_safe::AssertUnwindSafe<test::run_test_in_process::{closure#0}> as core::ops::function::FnOnce<()>>::call_once
             at /rustc/8bab26f4f68e0e26f0bb7960be334d5b520ea452/library/core/src/panic/unwind_safe.rs:275:9
  31: std::panicking::catch_unwind::do_call::<core::panic::unwind_safe::AssertUnwindSafe<test::run_test_in_process::{closure#0}>, core::result::Result<(), alloc::string::String>>
             at /rustc/8bab26f4f68e0e26f0bb7960be334d5b520ea452/library/std/src/panicking.rs:581:40
  32: std::panicking::catch_unwind::<core::result::Result<(), alloc::string::String>, core::panic::unwind_safe::AssertUnwindSafe<test::run_test_in_process::{closure#0}>>
             at /rustc/8bab26f4f68e0e26f0bb7960be334d5b520ea452/library/std/src/panicking.rs:544:19
  33: std::panic::catch_unwind::<core::panic::unwind_safe::AssertUnwindSafe<test::run_test_in_process::{closure#0}>, core::result::Result<(), alloc::string::String>>
             at /rustc/8bab26f4f68e0e26f0bb7960be334d5b520ea452/library/std/src/panic.rs:359:14
  34: test::run_test_in_process
             at /rustc/8bab26f4f68e0e26f0bb7960be334d5b520ea452/library/test/src/lib.rs:747:27
  35: test::run_test::{closure#0}
             at /rustc/8bab26f4f68e0e26f0bb7960be334d5b520ea452/library/test/src/lib.rs:668:43
  36: test::run_test::{closure#1}
             at /rustc/8bab26f4f68e0e26f0bb7960be334d5b520ea452/library/test/src/lib.rs:698:41
  37: std::sys::backtrace::__rust_begin_short_backtrace::<test::run_test::{closure#1}, ()>
             at /rustc/8bab26f4f68e0e26f0bb7960be334d5b520ea452/library/std/src/sys/backtrace.rs:166:18
  38: std::thread::lifecycle::spawn_unchecked::<test::run_test::{closure#1}, ()>::{closure#1}::{closure#0}
             at /rustc/8bab26f4f68e0e26f0bb7960be334d5b520ea452/library/std/src/thread/lifecycle.rs:70:13
  39: <core::panic::unwind_safe::AssertUnwindSafe<std::thread::lifecycle::spawn_unchecked<test::run_test::{closure#1}, ()>::{closure#1}::{closure#0}> as core::ops::function::FnOnce<()>>::call_once
             at /rustc/8bab26f4f68e0e26f0bb7960be334d5b520ea452/library/core/src/panic/unwind_safe.rs:275:9
  40: std::panicking::catch_unwind::do_call::<core::panic::unwind_safe::AssertUnwindSafe<std::thread::lifecycle::spawn_unchecked<test::run_test::{closure#1}, ()>::{closure#1}::{closure#0}>, ()>
             at /rustc/8bab26f4f68e0e26f0bb7960be334d5b520ea452/library/std/src/panicking.rs:581:40
  41: std::panicking::catch_unwind::<(), core::panic::unwind_safe::AssertUnwindSafe<std::thread::lifecycle::spawn_unchecked<test::run_test::{closure#1}, ()>::{closure#1}::{closure#0}>>
             at /rustc/8bab26f4f68e0e26f0bb7960be334d5b520ea452/library/std/src/panicking.rs:544:19
  42: std::panic::catch_unwind::<core::panic::unwind_safe::AssertUnwindSafe<std::thread::lifecycle::spawn_unchecked<test::run_test::{closure#1}, ()>::{closure#1}::{closure#0}>, ()>
             at /rustc/8bab26f4f68e0e26f0bb7960be334d5b520ea452/library/std/src/panic.rs:359:14
  43: std::thread::lifecycle::spawn_unchecked::<test::run_test::{closure#1}, ()>::{closure#1}
             at /rustc/8bab26f4f68e0e26f0bb7960be334d5b520ea452/library/std/src/thread/lifecycle.rs:68:26
  44: <std::thread::lifecycle::spawn_unchecked<test::run_test::{closure#1}, ()>::{closure#1} as core::ops::function::FnOnce<()>>::call_once::{shim:vtable#0}
             at /rustc/8bab26f4f68e0e26f0bb7960be334d5b520ea452/library/core/src/ops/function.rs:250:5
  45: <alloc::boxed::Box<dyn core::ops::function::FnOnce<(), Output = ()> + core::marker::Send> as core::ops::function::FnOnce<()>>::call_once
             at /rustc/8bab26f4f68e0e26f0bb7960be334d5b520ea452/library/alloc/src/boxed.rs:2275:9
  46: <std::sys::thread::unix::Thread>::new::thread_start
             at /rustc/8bab26f4f68e0e26f0bb7960be334d5b520ea452/library/std/src/sys/thread/unix.rs:118:17
  47: __pthread_exit
stack backtrace:
   0: __rustc::rust_begin_unwind
             at /rustc/8bab26f4f68e0e26f0bb7960be334d5b520ea452/library/std/src/panicking.rs:689:5
   1: core::panicking::panic_fmt
             at /rustc/8bab26f4f68e0e26f0bb7960be334d5b520ea452/library/core/src/panicking.rs:80:14
   2: core::result::unwrap_failed
             at /rustc/8bab26f4f68e0e26f0bb7960be334d5b520ea452/library/core/src/result.rs:1867:5
   3: <core::result::Result<alloc::sync::Arc<kasumi_store::NodeStore>, anyhow::Error>>::unwrap
             at /rustc/8bab26f4f68e0e26f0bb7960be334d5b520ea452/library/core/src/result.rs:1233:23
   4: <lifecycle::Fixture>::open::{closure#0}
             at ./tests/lifecycle.rs:222:14
   5: lifecycle::recovery_control::prepare_completion::{closure#0}
             at ./tests/common/recovery_control.rs:342:19
   6: <core::pin::Pin<alloc::boxed::Box<lifecycle::recovery_control::prepare_completion::{closure#0}>> as core::future::future::Future>::poll
             at /rustc/8bab26f4f68e0e26f0bb7960be334d5b520ea452/library/core/src/future/future.rs:133:9
   7: lifecycle::recovery_control::exercise_completed_recovery::{closure#0}
             at ./tests/common/recovery_control.rs:137:18
   8: lifecycle::recovery_control::recovery_uncertain_activation_resolves_original_winner_and_confirms_every_voter_forward::{closure#0}
             at ./tests/common/recovery_control.rs:101:59
   9: <core::pin::Pin<&mut dyn core::future::future::Future<Output = ()>> as core::future::future::Future>::poll
             at /rustc/8bab26f4f68e0e26f0bb7960be334d5b520ea452/library/core/src/future/future.rs:133:9
  10: <tokio::runtime::park::CachedParkThread>::block_on::<core::pin::Pin<&mut dyn core::future::future::Future<Output = ()>>>::{closure#0}
             at /Users/mtakemiya/.cargo/registry/src/index.crates.io-1949cf8c6b5b557f/tokio-1.53.1/src/runtime/park.rs:284:71
  11: tokio::task::coop::with_budget::<core::task::poll::Poll<()>, <tokio::runtime::park::CachedParkThread>::block_on<core::pin::Pin<&mut dyn core::future::future::Future<Output = ()>>>::{closure#0}>
             at /Users/mtakemiya/.cargo/registry/src/index.crates.io-1949cf8c6b5b557f/tokio-1.53.1/src/task/coop/mod.rs:167:5
  12: tokio::task::coop::budget::<core::task::poll::Poll<()>, <tokio::runtime::park::CachedParkThread>::block_on<core::pin::Pin<&mut dyn core::future::future::Future<Output = ()>>>::{closure#0}>
             at /Users/mtakemiya/.cargo/registry/src/index.crates.io-1949cf8c6b5b557f/tokio-1.53.1/src/task/coop/mod.rs:133:5
  13: <tokio::runtime::park::CachedParkThread>::block_on::<core::pin::Pin<&mut dyn core::future::future::Future<Output = ()>>>
             at /Users/mtakemiya/.cargo/registry/src/index.crates.io-1949cf8c6b5b557f/tokio-1.53.1/src/runtime/park.rs:284:31
  14: <tokio::runtime::context::blocking::BlockingRegionGuard>::block_on::<core::pin::Pin<&mut dyn core::future::future::Future<Output = ()>>>
             at /Users/mtakemiya/.cargo/registry/src/index.crates.io-1949cf8c6b5b557f/tokio-1.53.1/src/runtime/context/blocking.rs:66:14
  15: <tokio::runtime::scheduler::multi_thread::MultiThread>::block_on::<core::pin::Pin<&mut dyn core::future::future::Future<Output = ()>>>::{closure#0}
             at /Users/mtakemiya/.cargo/registry/src/index.crates.io-1949cf8c6b5b557f/tokio-1.53.1/src/runtime/scheduler/multi_thread/mod.rs:92:22
  16: tokio::runtime::context::runtime::enter_runtime::<<tokio::runtime::scheduler::multi_thread::MultiThread>::block_on<core::pin::Pin<&mut dyn core::future::future::Future<Output = ()>>>::{closure#0}, ()>
             at /Users/mtakemiya/.cargo/registry/src/index.crates.io-1949cf8c6b5b557f/tokio-1.53.1/src/runtime/context/runtime.rs:65:16
  17: <tokio::runtime::scheduler::multi_thread::MultiThread>::block_on::<core::pin::Pin<&mut dyn core::future::future::Future<Output = ()>>>
             at /Users/mtakemiya/.cargo/registry/src/index.crates.io-1949cf8c6b5b557f/tokio-1.53.1/src/runtime/scheduler/multi_thread/mod.rs:91:9
  18: <tokio::runtime::runtime::Runtime>::block_on_inner::<core::pin::Pin<&mut dyn core::future::future::Future<Output = ()>>>
             at /Users/mtakemiya/.cargo/registry/src/index.crates.io-1949cf8c6b5b557f/tokio-1.53.1/src/runtime/runtime.rs:376:50
  19: <tokio::runtime::runtime::Runtime>::block_on::<core::pin::Pin<&mut dyn core::future::future::Future<Output = ()>>>
             at /Users/mtakemiya/.cargo/registry/src/index.crates.io-1949cf8c6b5b557f/tokio-1.53.1/src/runtime/runtime.rs:343:18
  20: lifecycle::recovery_control::recovery_uncertain_activation_resolves_original_winner_and_confirms_every_voter_forward
             at ./tests/common/recovery_control.rs:101:64
  21: lifecycle::recovery_control::recovery_uncertain_activation_resolves_original_winner_and_confirms_every_voter_forward::{closure#0}
             at ./tests/common/recovery_control.rs:100:99
  22: <lifecycle::recovery_control::recovery_uncertain_activation_resolves_original_winner_and_confirms_every_voter_forward::{closure#0} as core::ops::function::FnOnce<()>>::call_once
             at /rustc/8bab26f4f68e0e26f0bb7960be334d5b520ea452/library/core/src/ops/function.rs:250:5
  23: <fn() -> core::result::Result<(), alloc::string::String> as core::ops::function::FnOnce<()>>::call_once
             at /rustc/8bab26f4f68e0e26f0bb7960be334d5b520ea452/library/core/src/ops/function.rs:250:5
note: Some details are omitted, run with `RUST_BACKTRACE=full` for a verbose backtrace.
FAILED

failures:

failures:
    recovery_control::recovery_uncertain_activation_requires_permanent_stop_before_target_cleanup
    recovery_control::recovery_uncertain_activation_resolves_original_winner_and_confirms_every_voter_forward

test result: FAILED. 0 passed; 2 failed; 0 ignored; 0 measured; 12 filtered out; finished in 20.12s

error: test failed, to rerun pass `-p kasumi-engine --test lifecycle`
