    Checking kasumi-types v0.1.0 (/Users/mtakemiya/dev/kasumi/crates/kasumi-types)
    Checking kasumi-transport v0.1.0 (/Users/mtakemiya/dev/kasumi/crates/kasumi-transport)
   Compiling kasumi-client v0.1.0 (/Users/mtakemiya/dev/kasumi/crates/kasumi-client)
warning: method `matches_response_id` is never used
   --> vendor/rmcp-3.2.0/src/model.rs:251:19
    |
236 | impl NumberOrString {
    | ------------------- method in this implementation
...
251 |     pub(crate) fn matches_response_id(&self, response_id: &Self) -> bool {
    |                   ^^^^^^^^^^^^^^^^^^^
    |
    = note: `#[warn(dead_code)]` (part of `#[warn(unused)]`) on by default

warning: method `set_client_request_metadata` is never used
    --> vendor/rmcp-3.2.0/src/service.rs:1032:19
     |
 806 | impl<R: ServiceRole> Peer<R> {
     | ---------------------------- method in this implementation
...
1032 |     pub(crate) fn set_client_request_metadata(&self, metadata: ClientRequestMetadata) {
     |                   ^^^^^^^^^^^^^^^^^^^^^^^^^^^

warning: method `is_authorization_required` is never used
   --> vendor/rmcp-3.2.0/src/transport.rs:275:19
    |
249 | impl DynamicTransportError {
    | -------------------------- method in this implementation
...
275 |     pub(crate) fn is_authorization_required(&self) -> bool {
    |                   ^^^^^^^^^^^^^^^^^^^^^^^^^

warning: `rmcp` (lib) generated 3 warnings
    Checking kasumi-serving v0.1.0 (/Users/mtakemiya/dev/kasumi/crates/kasumi-serving)
    Checking kasumi-store v0.1.0 (/Users/mtakemiya/dev/kasumi/crates/kasumi-store)
    Checking kasumi-query v0.1.0 (/Users/mtakemiya/dev/kasumi/crates/kasumi-query)
    Checking kasumi-raft v0.1.0 (/Users/mtakemiya/dev/kasumi/crates/kasumi-raft)
error: large size difference between variants
  --> crates/kasumi-raft/src/snapshot_buffer.rs:26:1
   |
26 | / enum Backing {
27 | |     Receiving(EncryptedSpool),
   | |     ------------------------- the largest variant contains at least 280 bytes
28 | |     Captured(SnapshotImage),
   | |     ----------------------- the second-largest variant contains at least 48 bytes
29 | | }
   | |_^ the entire enum is at least 280 bytes
   |
   = help: for further information visit https://rust-lang.github.io/rust-clippy/rust-1.97.0/index.html#large_enum_variant
   = note: `-D clippy::large-enum-variant` implied by `-D warnings`
   = help: to override `-D warnings` add `#[allow(clippy::large_enum_variant)]`
help: consider boxing the large fields or introducing indirection in some other way to reduce the total size of the enum
   |
27 -     Receiving(EncryptedSpool),
27 +     Receiving(Box<EncryptedSpool>),
   |

error: very complex type used. Consider factoring parts into `type` definitions
   --> crates/kasumi-raft/src/lib.rs:107:9
    |
107 |         Box<dyn Fn(&SnapshotRestoreContext) -> Result<Vec<kasumi_store::WriteOp>> + Send + Sync>,
    |         ^^^^^^^^^^^^^^^^^^^^^^^^^^^^^^^^^^^^^^^^^^^^^^^^^^^^^^^^^^^^^^^^^^^^^^^^^^^^^^^^^^^^^^^^
    |
    = help: for further information visit https://rust-lang.github.io/rust-clippy/rust-1.97.0/index.html#type_complexity
    = note: `-D clippy::type-complexity` implied by `-D warnings`
    = help: to override `-D warnings` add `#[allow(clippy::type_complexity)]`

error: this function has too many arguments (8/7)
   --> crates/kasumi-raft/src/lib.rs:322:5
    |
322 | /     pub async fn open_with_limits(
323 | |         id: u64,
324 | |         group: String,
325 | |         store: Arc<TenantStorageSet>,
...   |
330 | |         snapshot_buffers: Arc<SnapshotBufferOwner>,
331 | |     ) -> Result<Self> {
    | |_____________________^
    |
    = help: for further information visit https://rust-lang.github.io/rust-clippy/rust-1.97.0/index.html#too_many_arguments
    = note: `-D clippy::too-many-arguments` implied by `-D warnings`
    = help: to override `-D warnings` add `#[allow(clippy::too_many_arguments)]`

error: this function has too many arguments (8/7)
   --> crates/kasumi-raft/src/lib.rs:355:5
    |
355 | /     async fn open_inner(
356 | |         id: u64,
357 | |         group: String,
358 | |         store: Arc<TenantStorageSet>,
...   |
363 | |         snapshot_buffers: Arc<SnapshotBufferOwner>,
364 | |     ) -> Result<Self> {
    | |_____________________^
    |
    = help: for further information visit https://rust-lang.github.io/rust-clippy/rust-1.97.0/index.html#too_many_arguments

error: could not compile `kasumi-raft` (lib) due to 4 previous errors
warning: build failed, waiting for other jobs to finish...
