    Checking kasumi-raft v0.1.0 (/Users/mtakemiya/dev/kasumi/crates/kasumi-raft)
warning: method `matches_response_id` is never used
   --> vendor/rmcp-3.2.0/src/model.rs:251:19
    |
236 | impl NumberOrString {
    | ------------------- method in this implementation
...
251 |     pub(crate) fn matches_response_id(&self, response_id: &Self) -> bool {
    |                   ^^^^^^^^^^^^^^^^^^^
    |
    = note: `#[warn(dead_code)]` (part of `#[warn(unused)]`) on by default

warning: method `set_client_request_metadata` is never used
    --> vendor/rmcp-3.2.0/src/service.rs:1032:19
     |
 806 | impl<R: ServiceRole> Peer<R> {
     | ---------------------------- method in this implementation
...
1032 |     pub(crate) fn set_client_request_metadata(&self, metadata: ClientRequestMetadata) {
     |                   ^^^^^^^^^^^^^^^^^^^^^^^^^^^

warning: method `is_authorization_required` is never used
   --> vendor/rmcp-3.2.0/src/transport.rs:275:19
    |
249 | impl DynamicTransportError {
    | -------------------------- method in this implementation
...
275 |     pub(crate) fn is_authorization_required(&self) -> bool {
    |                   ^^^^^^^^^^^^^^^^^^^^^^^^^

warning: `rmcp` (lib) generated 3 warnings
    Checking kasumi-store v0.1.0 (/Users/mtakemiya/dev/kasumi/crates/kasumi-store)
    Checking kasumi-engine v0.1.0 (/Users/mtakemiya/dev/kasumi/crates/kasumi-engine)
    Checking kasumi-authority v0.1.0 (/Users/mtakemiya/dev/kasumi/crates/kasumi-authority)
error: this `if` statement can be collapsed
   --> crates/kasumi-authority/src/signer_coverage_state.rs:415:17
    |
415 | /                 if let Some(Record::Maintenance(permission)) =
416 | |                     self.record(&maintenance_state::operation_key(
417 | |                         dispatch.command.publication.command().operation_id,
418 | |                     ))?
...   |
429 | |                 }
    | |_________________^
    |
    = help: for further information visit https://rust-lang.github.io/rust-clippy/rust-1.97.0/index.html#collapsible_if
    = note: `-D clippy::collapsible-if` implied by `-D warnings`
    = help: to override `-D warnings` add `#[allow(clippy::collapsible_if)]`
help: collapse nested if block
    |
418 ~                     ))?
419 ~                     && let Err(error) = Self::retain_coverage_permission(
420 |                         &mut meta,
...
426 |                         return Ok(Err(conflict(&error.to_string())));
427 ~                     }
    |

error: could not compile `kasumi-authority` (lib) due to 1 previous error
warning: build failed, waiting for other jobs to finish...
error: this `if` statement can be collapsed
  --> crates/kasumi-engine/src/ordered_seek_service.rs:51:5
   |
51 | /     if let Some(cursor) = &request.continuation {
52 | |         if cursor.revision == 0
53 | |             || cursor.revision > state.revision
54 | |             || cursor.tenant != state.tenant
...  |
64 | |     }
   | |_____^
   |
   = help: for further information visit https://rust-lang.github.io/rust-clippy/rust-1.97.0/index.html#collapsible_if
   = note: `-D clippy::collapsible-if` implied by `-D warnings`
   = help: to override `-D warnings` add `#[allow(clippy::collapsible_if)]`
help: collapse nested if block
   |
51 ~     if let Some(cursor) = &request.continuation
52 ~         && (cursor.revision == 0
53 |             || cursor.revision > state.revision
...
59 |             || cursor.index_sha256 != index_sha256
60 ~             || cursor.request_sha256 != request_sha256)
61 |         {
62 |             return Err(conflict("ordered seek continuation source changed"));
63 ~         }
   |

error: this `if` statement can be collapsed
   --> crates/kasumi-engine/src/service.rs:465:9
    |
465 | /         if !self.completed {
466 | |             if let Some(database) = self.database.upgrade() {
467 | |                 database.closing.store(true, Ordering::Release);
468 | |                 database.work.seal();
...   |
472 | |         }
    | |_________^
    |
    = help: for further information visit https://rust-lang.github.io/rust-clippy/rust-1.97.0/index.html#collapsible_if
help: collapse nested if block
    |
465 ~         if !self.completed
466 ~             && let Some(database) = self.database.upgrade() {
467 |                 database.closing.store(true, Ordering::Release);
...
470 |                 database.background_stop.send_replace(true);
471 ~             }
    |

error: this `if` statement can be collapsed
   --> crates/kasumi-engine/src/service.rs:938:9
    |
938 | /         if !self.custody_detached.load(Ordering::Acquire) {
939 | |             if let Err(failure) = self
940 | |                 .group
941 | |                 .storage_domains()
...   |
952 | |         }
    | |_________^
    |
    = help: for further information visit https://rust-lang.github.io/rust-clippy/rust-1.97.0/index.html#collapsible_if
help: collapse nested if block
    |
938 ~         if !self.custody_detached.load(Ordering::Acquire)
939 ~             && let Err(failure) = self
940 |                 .group
...
950 |                 }
951 ~             }
    |

error: this `if` statement can be collapsed
   --> crates/kasumi-engine/src/recovery_attempts.rs:427:5
    |
427 | /     if let Some(id) = new.completion_intent {
428 | |         if phase(incoming, new, id)?.completion_scope != scope(new) {
429 | |             return Err(conflict(
430 | |                 "snapshot current completion scope differs from its committed birth",
...   |
433 | |     }
    | |_____^
    |
    = help: for further information visit https://rust-lang.github.io/rust-clippy/rust-1.97.0/index.html#collapsible_if
help: collapse nested if block
    |
427 ~     if let Some(id) = new.completion_intent
428 ~         && phase(incoming, new, id)?.completion_scope != scope(new) {
429 |             return Err(conflict(
430 |                 "snapshot current completion scope differs from its committed birth",
431 |             ));
432 ~         }
    |

error: this function has too many arguments (8/7)
    --> crates/kasumi-engine/src/state.rs:1241:5
     |
1241 | /     fn reject_resource_budget(
1242 | |         &self,
1243 | |         previous: &Generation,
1244 | |         next: TenantState,
...    |
1249 | |         terminal_owner: &crate::staged_terminal::View,
1250 | |     ) -> Result<Result<WriteReceipt>> {
     | |_____________________________________^
     |
     = help: for further information visit https://rust-lang.github.io/rust-clippy/rust-1.97.0/index.html#too_many_arguments
     = note: `-D clippy::too-many-arguments` implied by `-D warnings`
     = help: to override `-D warnings` add `#[allow(clippy::too_many_arguments)]`

error: the borrowed expression implements the required traits
   --> crates/kasumi-engine/src/target_resolution.rs:961:30
    |
961 |                 WriteOp::put(&storage.binding.namespace(), id, bytes),
    |                              ^^^^^^^^^^^^^^^^^^^^^^^^^^^^ help: change this to: `storage.binding.namespace()`
    |
    = help: for further information visit https://rust-lang.github.io/rust-clippy/rust-1.97.0/index.html#needless_borrows_for_generic_args
    = note: `-D clippy::needless-borrows-for-generic-args` implied by `-D warnings`
    = help: to override `-D warnings` add `#[allow(clippy::needless_borrows_for_generic_args)]`

error: the borrowed expression implements the required traits
   --> crates/kasumi-engine/src/target_resolution.rs:962:30
    |
962 |                 WriteOp::put(&storage.binding.namespace(), ordinal, index),
    |                              ^^^^^^^^^^^^^^^^^^^^^^^^^^^^ help: change this to: `storage.binding.namespace()`
    |
    = help: for further information visit https://rust-lang.github.io/rust-clippy/rust-1.97.0/index.html#needless_borrows_for_generic_args

error: this `if` statement can be collapsed
  --> crates/kasumi-engine/src/test_utils.rs:91:9
   |
91 | /         if kind == 5 {
92 | |             if let Some(receipts) = receipts {
93 | |                 for row in receipts.records() {
94 | |                     encoder.record(crate::snapshot_codec::Record::Receipt(Box::new(row?)))?;
...  |
97 | |         }
   | |_________^
   |
   = help: for further information visit https://rust-lang.github.io/rust-clippy/rust-1.97.0/index.html#collapsible_if
help: collapse nested if block
   |
91 ~         if kind == 5
92 ~             && let Some(receipts) = receipts {
93 |                 for row in receipts.records() {
94 |                     encoder.record(crate::snapshot_codec::Record::Receipt(Box::new(row?)))?;
95 |                 }
96 ~             }
   |

error: could not compile `kasumi-engine` (lib) due to 8 previous errors
