warning: method `matches_response_id` is never used
   --> vendor/rmcp-3.2.0/src/model.rs:251:19
    |
236 | impl NumberOrString {
    | ------------------- method in this implementation
...
251 |     pub(crate) fn matches_response_id(&self, response_id: &Self) -> bool {
    |                   ^^^^^^^^^^^^^^^^^^^
    |
    = note: `#[warn(dead_code)]` (part of `#[warn(unused)]`) on by default

warning: method `set_client_request_metadata` is never used
    --> vendor/rmcp-3.2.0/src/service.rs:1032:19
     |
 806 | impl<R: ServiceRole> Peer<R> {
     | ---------------------------- method in this implementation
...
1032 |     pub(crate) fn set_client_request_metadata(&self, metadata: ClientRequestMetadata) {
     |                   ^^^^^^^^^^^^^^^^^^^^^^^^^^^

warning: method `is_authorization_required` is never used
   --> vendor/rmcp-3.2.0/src/transport.rs:275:19
    |
249 | impl DynamicTransportError {
    | -------------------------- method in this implementation
...
275 |     pub(crate) fn is_authorization_required(&self) -> bool {
    |                   ^^^^^^^^^^^^^^^^^^^^^^^^^

warning: `rmcp` (lib) generated 3 warnings
    Checking kasumi-server v0.1.0 (/Users/mtakemiya/dev/kasumi/crates/kasumi-server)
    Checking kasumi-bench v0.1.0 (/Users/mtakemiya/dev/kasumi/crates/kasumi-bench)
error: the borrowed expression implements the required traits
   --> crates/kasumi-server/src/standalone_operator_tests.rs:173:42
    |
173 |     physical_reopen(&RuntimeConfig::load(&directory.join("kasumi.json"))?)?;
    |                                          ^^^^^^^^^^^^^^^^^^^^^^^^^^^^^^ help: change this to: `directory.join("kasumi.json")`
    |
    = help: for further information visit https://rust-lang.github.io/rust-clippy/rust-1.97.0/index.html#needless_borrows_for_generic_args
    = note: `-D clippy::needless-borrows-for-generic-args` implied by `-D warnings`
    = help: to override `-D warnings` add `#[allow(clippy::needless_borrows_for_generic_args)]`

error: items after a test module
   --> crates/kasumi-server/src/startup_preparation.rs:50:1
    |
 50 | mod tests {
    | ^^^^^^^^^
...
154 | pub(crate) use tests::{checkpoint, failure_checkpoint, install, pause_failure};
    |                ^^^^^   ^^^^^^^^^^  ^^^^^^^^^^^^^^^^^^  ^^^^^^^  ^^^^^^^^^^^^^
    |
    = help: for further information visit https://rust-lang.github.io/rust-clippy/rust-1.97.0/index.html#items_after_test_module
    = note: `-D clippy::items-after-test-module` implied by `-D warnings`
    = help: to override `-D warnings` add `#[allow(clippy::items_after_test_module)]`
    = help: move the items to before the test module was defined

error: could not compile `kasumi-server` (lib test) due to 2 previous errors
warning: build failed, waiting for other jobs to finish...
