   Compiling kasumi-raft v0.1.0 (/Users/mtakemiya/dev/kasumi/crates/kasumi-raft)
warning: method `matches_response_id` is never used
   --> vendor/rmcp-3.2.0/src/model.rs:251:19
    |
236 | impl NumberOrString {
    | ------------------- method in this implementation
...
251 |     pub(crate) fn matches_response_id(&self, response_id: &Self) -> bool {
    |                   ^^^^^^^^^^^^^^^^^^^
    |
    = note: `#[warn(dead_code)]` (part of `#[warn(unused)]`) on by default

warning: method `set_client_request_metadata` is never used
    --> vendor/rmcp-3.2.0/src/service.rs:1032:19
     |
 806 | impl<R: ServiceRole> Peer<R> {
     | ---------------------------- method in this implementation
...
1032 |     pub(crate) fn set_client_request_metadata(&self, metadata: ClientRequestMetadata) {
     |                   ^^^^^^^^^^^^^^^^^^^^^^^^^^^

warning: method `is_authorization_required` is never used
   --> vendor/rmcp-3.2.0/src/transport.rs:275:19
    |
249 | impl DynamicTransportError {
    | -------------------------- method in this implementation
...
275 |     pub(crate) fn is_authorization_required(&self) -> bool {
    |                   ^^^^^^^^^^^^^^^^^^^^^^^^^

warning: `rmcp` (lib) generated 3 warnings
   Compiling kasumi-engine v0.1.0 (/Users/mtakemiya/dev/kasumi/crates/kasumi-engine)
   Compiling kasumi-authority v0.1.0 (/Users/mtakemiya/dev/kasumi/crates/kasumi-authority)
   Compiling kasumi-server v0.1.0 (/Users/mtakemiya/dev/kasumi/crates/kasumi-server)
warning: linker stderr: ld: __eh_frame section too large (max 16MB) to encode dwarf unwind offsets in compact unwind table, performance of exception handling might be affected
  |
  = note: `#[warn(linker_messages)]` on by default

warning: `kasumi-server` (lib test) generated 1 warning
    Finished `test` profile [unoptimized + debuginfo] target(s) in 2m 18s
     Running unittests src/lib.rs (target/debug/deps/kasumi_server-350e3232320ee659)

running 4 tests
test tls::lifecycle_tests::accept_io_failure_drains_active_tls_request_before_releasing_node ... ok
test tls::lifecycle_tests::reset_queued_before_listener_start_is_audited_and_next_tls_request_succeeds ... ok
test tls::lifecycle_tests::socket_setup_failure_is_audited_and_does_not_stop_listener ... ok
test tls::lifecycle_tests::unsupported_listener_capacity_returns_error_without_spawning_owners ... ok

test result: ok. 4 passed; 0 failed; 0 ignored; 0 measured; 187 filtered out; finished in 0.37s

