    Checking kasumi-engine v0.1.0 (/Users/mtakemiya/dev/kasumi/crates/kasumi-engine)
warning: method `matches_response_id` is never used
   --> vendor/rmcp-3.2.0/src/model.rs:251:19
    |
236 | impl NumberOrString {
    | ------------------- method in this implementation
...
251 |     pub(crate) fn matches_response_id(&self, response_id: &Self) -> bool {
    |                   ^^^^^^^^^^^^^^^^^^^
    |
    = note: `#[warn(dead_code)]` (part of `#[warn(unused)]`) on by default

warning: method `set_client_request_metadata` is never used
    --> vendor/rmcp-3.2.0/src/service.rs:1032:19
     |
 806 | impl<R: ServiceRole> Peer<R> {
     | ---------------------------- method in this implementation
...
1032 |     pub(crate) fn set_client_request_metadata(&self, metadata: ClientRequestMetadata) {
     |                   ^^^^^^^^^^^^^^^^^^^^^^^^^^^

warning: method `is_authorization_required` is never used
   --> vendor/rmcp-3.2.0/src/transport.rs:275:19
    |
249 | impl DynamicTransportError {
    | -------------------------- method in this implementation
...
275 |     pub(crate) fn is_authorization_required(&self) -> bool {
    |                   ^^^^^^^^^^^^^^^^^^^^^^^^^

warning: `rmcp` (lib) generated 3 warnings
    Checking kasumi-raft v0.1.0 (/Users/mtakemiya/dev/kasumi/crates/kasumi-raft)
    Checking kasumi-server v0.1.0 (/Users/mtakemiya/dev/kasumi/crates/kasumi-server)
error: the borrowed expression implements the required traits
   --> crates/kasumi-raft/src/startup_owner_tests.rs:235:13
    |
235 |             &directory.path().join("startup.redb"),
    |             ^^^^^^^^^^^^^^^^^^^^^^^^^^^^^^^^^^^^^^ help: change this to: `directory.path().join("startup.redb")`
    |
    = help: for further information visit https://rust-lang.github.io/rust-clippy/rust-1.97.0/index.html#needless_borrows_for_generic_args
    = note: `-D clippy::needless-borrows-for-generic-args` implied by `-D warnings`
    = help: to override `-D warnings` add `#[allow(clippy::needless_borrows_for_generic_args)]`

error: this `MutexGuard` is held across an await point
   --> crates/kasumi-raft/src/startup_owner_tests.rs:433:9
    |
433 |     let payload = error.payload.lock().unwrap();
    |         ^^^^^^^
    |
    = help: consider using an async-aware `Mutex` type or ensuring the `MutexGuard` is dropped before calling `await`
note: these are all the await points this lock is held through
   --> crates/kasumi-raft/src/startup_owner_tests.rs:439:46
    |
439 |         let repeated = owner.drain_startup().await.unwrap_err();
    |                                              ^^^^^
...
448 |     let all_resources = owner.drain().await.unwrap_err();
    |                                       ^^^^^
    = help: for further information visit https://rust-lang.github.io/rust-clippy/rust-1.97.0/index.html#await_holding_lock
    = note: `-D clippy::await-holding-lock` implied by `-D warnings`
    = help: to override `-D warnings` add `#[allow(clippy::await_holding_lock)]`

error: could not compile `kasumi-raft` (lib test) due to 2 previous errors
warning: build failed, waiting for other jobs to finish...
    Checking kasumi-bench v0.1.0 (/Users/mtakemiya/dev/kasumi/crates/kasumi-bench)
error: variable does not need to be mutable
   --> crates/kasumi-engine/src/snapshot_record_work.rs:155:13
    |
155 |         let mut overflow = Meter {
    |             ----^^^^^^^^
    |             |
    |             help: remove this `mut`
    |
    = note: `-D unused-mut` implied by `-D warnings`
    = help: to override `-D warnings` add `#[allow(unused_mut)]`

error: could not compile `kasumi-engine` (lib test) due to 1 previous error
    Checking kasumi-authority v0.1.0 (/Users/mtakemiya/dev/kasumi/crates/kasumi-authority)
    Checking kasumi-serving v0.1.0 (/Users/mtakemiya/dev/kasumi/crates/kasumi-serving)
    Checking kasumi-types v0.1.0 (/Users/mtakemiya/dev/kasumi/crates/kasumi-types)
    Checking kasumi-clock v0.1.0 (/Users/mtakemiya/dev/kasumi/crates/kasumi-clock)
