   Compiling kasumi-engine v0.1.0 (/Users/mtakemiya/dev/kasumi/crates/kasumi-engine)
    Finished `test` profile [unoptimized + debuginfo] target(s) in 16.89s
     Running tests/admission.rs (target/debug/deps/admission-b7447b7e36f4da92)

running 2 tests
test explicit_local_bootstrap_reads_the_complete_committed_generation ... ok
test reserved_capacity_rejects_proposals_and_queries_but_committed_raft_work_still_applies ... ok

test result: ok. 2 passed; 0 failed; 0 ignored; 0 measured; 0 filtered out; finished in 3.39s

     Running tests/backup_checkpoint.rs (target/debug/deps/backup_checkpoint-194e93de2bf85283)

running 12 tests
test abort_resolves_published_root_before_considering_cleanup ... ok
test aborted_session_cleanup_is_bounded_and_catches_late_uploads ... ok
test archived_audit_backup_is_self_contained_and_source_unavailable_restore_preserves_exact_chain ... FAILED
test cancelled_restore_publication_keeps_storage_and_workspace_until_write_drains ... ok
test captured_and_historical_backup_verification_fit_fixed_production_workspace ... ok
test checkpoint_binds_actual_generation_complete_graph_keys_and_encrypted_restart ... ok
test durable_session_resolves_lost_ack_and_never_reclaims_completed_graph ... ok
test local_restore_binds_exact_source_purpose_even_without_cold_archives ... ok
test missing_corrupt_resident_or_cold_dependency_and_history_subset_never_yield_proof ... FAILED
test restore_hands_off_verified_workspace_with_production_and_destination_reserves ... FAILED
test shutdown_cancels_pending_checkpoint_read_and_releases_database_work ... ok
test verification_requires_current_global_admin_and_rechecks_policy_during_readback ... ok

failures:

---- archived_audit_backup_is_self_contained_and_source_unavailable_restore_preserves_exact_chain stdout ----

thread 'archived_audit_backup_is_self_contained_and_source_unavailable_restore_preserves_exact_chain' (3606173) panicked at crates/kasumi-engine/tests/backup_checkpoint.rs:1502:10:
called `Result::unwrap()` on an `Err` value: other error
note: run with `RUST_BACKTRACE=1` environment variable to display a backtrace

---- missing_corrupt_resident_or_cold_dependency_and_history_subset_never_yield_proof stdout ----

thread 'missing_corrupt_resident_or_cold_dependency_and_history_subset_never_yield_proof' (3614652) panicked at crates/kasumi-engine/tests/backup_checkpoint.rs:706:9:
assertion `left == right` failed
  left: Unavailable
 right: Corruption

---- restore_hands_off_verified_workspace_with_production_and_destination_reserves stdout ----

thread 'restore_hands_off_verified_workspace_with_production_and_destination_reserves' (3614740) panicked at crates/kasumi-engine/tests/backup_checkpoint.rs:152:5:
assertion `left == right` failed
  left: 354870784
 right: 354211328


failures:
    archived_audit_backup_is_self_contained_and_source_unavailable_restore_preserves_exact_chain
    missing_corrupt_resident_or_cold_dependency_and_history_subset_never_yield_proof
    restore_hands_off_verified_workspace_with_production_and_destination_reserves

test result: FAILED. 9 passed; 3 failed; 0 ignored; 0 measured; 0 filtered out; finished in 401.11s

error: test failed, to rerun pass `-p kasumi-engine --test backup_checkpoint`
