
running 9 tests
test bootstrap::existing_tests::existing_local_reopens_the_same_committed_standalone_after_complete_shutdown ... Error: service audit initialization requires empty audit namespaces
FAILED
test security_audit::retention::tests::uncertain_publication_survives_restart_and_repeated_hot_budget_crossings_preserve_complete_history ... 
thread 'security_audit::retention::tests::uncertain_publication_survives_restart_and_repeated_hot_budget_crossings_preserve_complete_history' (3568635) panicked at crates/kasumi-engine/src/security_audit_retention.rs:713:14:
called `Result::unwrap()` on an `Err` value: persistent storage ownership unavailable

Caused by:
    Resource temporarily unavailable (os error 35)
note: run with `RUST_BACKTRACE=1` environment variable to display a backtrace
FAILED
test security_audit::tests::uncertain_audit_commit_fences_queued_writers_until_sequence_recovery ... 
thread 'security_audit::tests::uncertain_audit_commit_fences_queued_writers_until_sequence_recovery' (3568637) panicked at crates/kasumi-engine/src/security_audit.rs:957:32:
called `Result::unwrap()` on an `Err` value: DrainFailure { completion: Complete, issues: [DrainIssue { component: "audit persistence", instance: 0, error: batch committed but key access was lost before acknowledgment; outcome unknown

Caused by:
    tenant is sealed: key-access lease unavailable or expired }] }
FAILED
test service::tests::custody_observations_preserve_mutation_capacity_and_exhaustion_can_expand ... 
thread 'service::tests::custody_observations_preserve_mutation_capacity_and_exhaustion_can_expand' (3568641) panicked at crates/kasumi-engine/src/service_credential_tests.rs:84:37:
called `Result::unwrap()` on an `Err` value: DrainFailure { completion: Complete, issues: [DrainIssue { component: "audit persistence", instance: 0, error: tenant is sealed: key-access lease unavailable or expired }] }
FAILED
test service::tests::guarded_stop_queued_deadline_and_cancellation_leave_only_actual_durable_outcomes ... 
thread 'service::tests::guarded_stop_queued_deadline_and_cancellation_leave_only_actual_durable_outcomes' (3568737) panicked at crates/kasumi-engine/src/service_staged_stop_tests.rs:92:24:
called `Result::unwrap()` on an `Err` value: Error { code: NotFound, message: "staged transaction not found" }
FAILED
test service::tests::queued_staged_finalize_checks_fresh_time_and_canceled_callers_keep_durable_outcomes ... 
thread 'service::tests::queued_staged_finalize_checks_fresh_time_and_canceled_callers_keep_durable_outcomes' (3568768) panicked at crates/kasumi-engine/src/service_staging_tests.rs:137:53:
called `Option::unwrap()` on a `None` value
FAILED
test service::tests::serving_expiry_rejects_queued_effect_and_late_read_or_committed_ack_then_reopens_exactly ... 
thread 'service::tests::serving_expiry_rejects_queued_effect_and_late_read_or_committed_ack_then_reopens_exactly' (3568791) panicked at crates/kasumi-engine/src/service_serving_tests.rs:258:33:
called `Result::unwrap()` on an `Err` value: DrainFailure { completion: Retained, issues: [DrainIssue { component: "database raft", instance: 0, error: drain Complete; OpenRaft runtime[0]: raft shutdown failed (core: Some(StorageError(IO { source: StorageIOError { subject: Store, verb: Write, source: std::io::error::Error: domain transaction committed; access expired before acknowledgment; outcome unknown, backtrace: None } })), core join: None, ticker join: None, state machine: Some(Storage(IO { source: StorageIOError { subject: Store, verb: Write, source: std::io::error::Error: domain transaction committed; access expired before acknowledgment; outcome unknown, backtrace: None } })), snapshot builder: None, replications: [], auxiliary: [], incoming snapshot: None)

Caused by:
    raft shutdown failed (core: Some(StorageError(IO { source: StorageIOError { subject: Store, verb: Write, source: std::io::error::Error: domain transaction committed; access expired before acknowledgment; outcome unknown, backtrace: None } })), core join: None, ticker join: None, state machine: Some(Storage(IO { source: StorageIOError { subject: Store, verb: Write, source: std::io::error::Error: domain transaction committed; access expired before acknowledgment; outcome unknown, backtrace: None } })), snapshot builder: None, replications: [], auxiliary: [], incoming snapshot: None) }] }
FAILED
test state::restore_budget_tests::restored_identity_metadata_is_validated_before_bootstrap_persistence ... 
thread 'state::restore_budget_tests::restored_identity_metadata_is_validated_before_bootstrap_persistence' (3568863) panicked at crates/kasumi-engine/src/state.rs:2636:42:
called `Result::unwrap()` on an `Err` value: Error { code: Corruption, message: "invalid tenant snapshot" }
FAILED
test state::snapshot_bundle::tests::control_archive_transfer_uses_exact_reserved_domain_without_application_authority ... 
thread 'state::snapshot_bundle::tests::control_archive_transfer_uses_exact_reserved_domain_without_application_authority' (3568887) panicked at crates/kasumi-engine/src/snapshot_bundle.rs:560:47:
called `Result::unwrap()` on an `Err` value: Error { code: Corruption, message: "authenticated bootstrap image identity missing" }
FAILED

failures:

failures:
    bootstrap::existing_tests::existing_local_reopens_the_same_committed_standalone_after_complete_shutdown
    security_audit::retention::tests::uncertain_publication_survives_restart_and_repeated_hot_budget_crossings_preserve_complete_history
    security_audit::tests::uncertain_audit_commit_fences_queued_writers_until_sequence_recovery
    service::tests::custody_observations_preserve_mutation_capacity_and_exhaustion_can_expand
    service::tests::guarded_stop_queued_deadline_and_cancellation_leave_only_actual_durable_outcomes
    service::tests::queued_staged_finalize_checks_fresh_time_and_canceled_callers_keep_durable_outcomes
    service::tests::serving_expiry_rejects_queued_effect_and_late_read_or_committed_ack_then_reopens_exactly
    state::restore_budget_tests::restored_identity_metadata_is_validated_before_bootstrap_persistence
    state::snapshot_bundle::tests::control_archive_transfer_uses_exact_reserved_domain_without_application_authority

test result: FAILED. 0 passed; 9 failed; 0 ignored; 0 measured; 189 filtered out; finished in 29.79s

