    Checking kasumi-store v0.1.0 (/Users/mtakemiya/dev/kasumi/crates/kasumi-store)
warning: method `matches_response_id` is never used
   --> vendor/rmcp-3.2.0/src/model.rs:251:19
    |
236 | impl NumberOrString {
    | ------------------- method in this implementation
...
251 |     pub(crate) fn matches_response_id(&self, response_id: &Self) -> bool {
    |                   ^^^^^^^^^^^^^^^^^^^
    |
    = note: `#[warn(dead_code)]` (part of `#[warn(unused)]`) on by default

warning: method `set_client_request_metadata` is never used
    --> vendor/rmcp-3.2.0/src/service.rs:1032:19
     |
 806 | impl<R: ServiceRole> Peer<R> {
     | ---------------------------- method in this implementation
...
1032 |     pub(crate) fn set_client_request_metadata(&self, metadata: ClientRequestMetadata) {
     |                   ^^^^^^^^^^^^^^^^^^^^^^^^^^^

warning: method `is_authorization_required` is never used
   --> vendor/rmcp-3.2.0/src/transport.rs:275:19
    |
249 | impl DynamicTransportError {
    | -------------------------- method in this implementation
...
275 |     pub(crate) fn is_authorization_required(&self) -> bool {
    |                   ^^^^^^^^^^^^^^^^^^^^^^^^^

warning: `rmcp` (lib) generated 3 warnings
error: using `map_err` over `inspect_err`
   --> crates/kasumi-store/src/backup_sessions_fs.rs:131:31
    |
131 |             self.0.sync_all().map_err(|error| {
    |                               ^^^^^^^
    |
    = help: for further information visit https://rust-lang.github.io/rust-clippy/rust-1.97.0/index.html#manual_inspect
    = note: `-D clippy::manual-inspect` implied by `-D warnings`
    = help: to override `-D warnings` add `#[allow(clippy::manual_inspect)]`
help: try
    |
131 ~             self.0.sync_all().inspect_err(|error| {
132 ~                 self.1.fail();
    |

error: could not compile `kasumi-store` (lib) due to 1 previous error
warning: build failed, waiting for other jobs to finish...
error: could not compile `kasumi-store` (lib test) due to 1 previous error
