   Compiling kasumi-store v0.1.0 (/Users/mtakemiya/dev/kasumi/crates/kasumi-store)
   Compiling kasumi-raft v0.1.0 (/Users/mtakemiya/dev/kasumi/crates/kasumi-raft)
   Compiling kasumi-engine v0.1.0 (/Users/mtakemiya/dev/kasumi/crates/kasumi-engine)
    Finished `test` profile [unoptimized + debuginfo] target(s) in 22.21s
     Running tests/backup_checkpoint.rs (target/debug/deps/backup_checkpoint-ea818e52aefee501)

running 12 tests
test abort_resolves_published_root_before_considering_cleanup ... ok
test aborted_session_cleanup_is_bounded_and_catches_late_uploads ... ok
test archived_audit_backup_is_self_contained_and_source_unavailable_restore_preserves_exact_chain ... ok
test cancelled_restore_publication_keeps_storage_and_workspace_until_write_drains ... ok
test captured_and_historical_backup_verification_fit_fixed_production_workspace ... ok
test checkpoint_binds_actual_generation_complete_graph_keys_and_encrypted_restart ... ok
test durable_session_resolves_lost_ack_and_never_reclaims_completed_graph ... ok
test local_restore_binds_exact_source_purpose_even_without_cold_archives ... ok
test missing_corrupt_resident_or_cold_dependency_and_history_subset_never_yield_proof ... ok
test restore_hands_off_verified_workspace_with_production_and_destination_reserves ... FAILED
test shutdown_cancels_pending_checkpoint_read_and_releases_database_work ... ok
test verification_requires_current_global_admin_and_rechecks_policy_during_readback ... ok

failures:

---- restore_hands_off_verified_workspace_with_production_and_destination_reserves stdout ----

thread 'restore_hands_off_verified_workspace_with_production_and_destination_reserves' (3653639) panicked at crates/kasumi-engine/tests/backup_checkpoint.rs:181:6:
called `Result::unwrap()` on an `Err` value: catalog already initialized
note: run with `RUST_BACKTRACE=1` environment variable to display a backtrace


failures:
    restore_hands_off_verified_workspace_with_production_and_destination_reserves

test result: FAILED. 11 passed; 1 failed; 0 ignored; 0 measured; 0 filtered out; finished in 427.14s

error: test failed, to rerun pass `-p kasumi-engine --test backup_checkpoint`
