   Compiling kasumi-store v0.1.0 (/Users/mtakemiya/dev/kasumi/crates/kasumi-store)
   Compiling kasumi-raft v0.1.0 (/Users/mtakemiya/dev/kasumi/crates/kasumi-raft)
    Finished `test` profile [unoptimized + debuginfo] target(s) in 51.16s
     Running unittests src/lib.rs (target/debug/deps/kasumi_raft-2f98ca7f4e0b7718)

running 72 tests
test control::tests::accepted_boundary_and_exact_applied_position_publish_atomically_before_retained_purge ... ok
test control::tests::committed_seed_reopens_before_any_projection_without_application_key_access ... ok
test control::tests::exhausted_seed_completion_budget_cannot_promote_a_committed_candidate ... ok
test control::tests::failed_or_already_applied_without_boundary_cannot_be_reinterpreted_as_retired ... ok
test control::tests::interrupted_raft_append_never_persists_seed_without_matching_body_and_header ... ok
test control::tests::ordinary_purge_deletes_bodies_and_nonretirement_overwrite_cannot_leave_a_seed ... ok
test control::tests::reserved_committed_retirement_recovers_atomic_custody_after_crash_without_app_key ... ok
test control::tests::retirement_recovery_crosses_former_seed_count_ceiling_without_promoting_a_tail ... ok
test control::tests::retirement_recovery_never_selects_between_multiple_committed_successes ... ok
test control::tests::retirement_reserves_full_width_audit_bytes_before_commitment ... ok
test control::tests::retirement_reserves_permanent_bytes_before_a_positive_seed_can_commit ... ok
test control::tests::substituted_seed_bootstrap_or_command_and_uncovered_commit_fail_closed ... ok
test control::tests::truncation_permanently_removes_uncommitted_seed_before_overwrite_and_restart ... ok
test custody_machine::tests::canonical_custody_stream_authenticates_counts_digest_and_record_order ... ok
test custody_machine::tests::closed_custody_requires_fresh_existing_quorum_after_isolation ... ok
test custody_machine::tests::closed_snapshot_rejects_prior_format_without_rewriting_permanent_storage ... ok
test custody_machine::tests::custody_point_head_receipt_audit_and_applied_cursor_survive_each_write_failure ... ok
test custody_machine::tests::existing_quorum_runs_closed_commands_after_application_key_revocation ... ok
test custody_machine::tests::same_entry_position_snapshot_cannot_substitute_rotated_custody_state ... ok
test custody_machine::tests::streamed_custody_tables_and_snapshot_coverage_publish_at_one_crash_boundary ... ok
test custody_state::tests::closed_request_rejects_payload_fields_and_cross_source_observations ... ok
test custody_state::tests::custody_point_policy_preserves_large_administrator_sets_and_rejects_old_heads ... ok
test custody_state::tests::exhausted_byte_budget_publishes_no_partial_policy ... ok
test custody_state::tests::full_byte_budget_expands_without_discarding_retained_history ... ok
test custody_state::tests::point_reducer_matches_full_history_through_replay_conflicts_and_budget_expansion ... ok
test custody_state::tests::rotation_replay_requires_current_admin_and_preserves_exact_original_actor ... ok
test custody_state::tests::stale_policy_is_a_permanent_exact_failure_and_changed_identity_conflicts ... ok
test lifetime::tests::drain_is_not_released_until_the_last_resource_is_dropped ... ok
test snapshot_buffer::tests::abandoned_facade_and_cancelled_owner_drain_keep_actual_panic_and_charge ... ok
test snapshot_buffer::tests::cancelled_close_retains_the_actual_flush_child ... ok
test snapshot_buffer::tests::cancelled_write_and_shutdown_join_actual_child_before_freezing ... ok
test snapshot_buffer::tests::failed_startup_keeps_original_error_while_actual_child_drains ... ok
test snapshot_buffer::tests::original_io_failure_survives_io_bridge_and_repeated_typed_drain ... ok
test snapshot_buffer::tests::pending_child_holds_its_fixed_slot_until_actual_join ... ok
test snapshot_buffer::tests::pending_read_is_joined_by_shutdown_and_cancelled_read_keeps_unread_bytes ... ok
test snapshot_buffer::tests::unused_owner_releases_its_reservation_without_a_drain ... ok
test startup_owner_tests::cancelled_local_initialization_drains_real_group_and_breaks_router_cycle ... ok
test startup_owner_tests::cancelled_startup_and_drain_keep_actual_child_panic_and_charge ... ok
test startup_owner_tests::cancelled_unclaimed_group_cleanup_keeps_same_actual_child ... ok
test startup_owner_tests::cleanup_retained_result_cannot_be_promoted_to_complete_or_release_custody ... ok
test startup_owner_tests::delivered_startup_is_not_closed_by_node_startup_census ... ok
test startup_owner_tests::direct_abandoned_opening_poll_panic_is_never_repolled_by_drain ... ok
test startup_owner_tests::direct_claim_poll_panic_keeps_original_payload_future_and_registry ... ok
test startup_owner_tests::direct_cleanup_poll_panic_keeps_original_payload_and_exact_cleanup_future ... ok
test startup_owner_tests::oversized_startup_is_rejected_before_polling_or_global_publication ... ok
test startup_owner_tests::startup_census_closes_delivery_before_waiting_for_active_caller ... ok
test startup_owner_tests::synchronous_enrollment_allows_census_before_the_claimant_is_polled ... ok
test storage::tests::applied_metadata_does_not_block_runtime_while_snapshot_capture_holds_state_lock ... ok
test storage::tests::cancelled_log_future_retains_drain_lease_until_blocking_persistence_finishes ... ok
test storage::tests::eight_mib_command_uses_compact_log_record_and_replays_after_reopen ... ok
test storage::tests::invalid_backend_snapshot_never_replaces_durable_recoverable_state ... ok
test storage::tests::joint_publication_tests::cancelled_joint_table_publication_seals_and_reopens_exact_committed_prefix ... ok
test storage::tests::joint_publication_tests::joint_immutable_table_snapshot_power_loss_selects_complete_old_or_new_prefix ... ok
test storage::tests::snapshot_custody_tests::accepted_snapshot_supersedes_uncommitted_candidate_and_survives_late_truncation ... ok
test storage::tests::snapshot_custody_tests::equal_index_different_term_log_and_snapshot_coverage_is_rejected ... ok
test storage::tests::snapshot_custody_tests::nonretired_snapshot_discards_stale_candidate_coverage_without_retirement_projection ... ok
test storage::tests::snapshot_custody_tests::old_snapshot_capture_cannot_regress_newer_accepted_cursor ... ok
test storage::tests::snapshot_custody_tests::published_retirement_projection_substitution_fails_closed_after_reopen ... ok
test storage::tests::snapshot_custody_tests::retired_snapshot_installs_without_original_log_and_recovers_with_only_custody_key ... ok
test storage::tests::snapshot_custody_tests::retired_snapshot_power_loss_never_tears_image_seed_boundary_or_applied_cursor ... ok
test storage::tests::snapshot_custody_tests::same_position_cannot_substitute_matching_backend_and_custody_policy ... ok
test storage::tests::snapshot_custody_tests::same_position_reencoding_preserves_custody_and_reuses_verified_current_image ... ok
test storage::tests::snapshot_custody_tests::snapshot_rejects_missing_substituted_stale_and_payload_custody_before_publication ... ok
test storage::tests::snapshot_install_power_loss_at_every_storage_operation_keeps_whole_old_or_new_snapshot ... ok
test storage::tests::snapshot_materialization_releases_applied_lock_and_keeps_captured_root ... ok
test storage::tests::snapshots_larger_than_store_record_limit_are_chunked_and_recovered ... ok
test storage::tests::worker_failure_tests::cancelled_snapshot_waiter_cannot_hide_failure_after_durable_publication ... ok
test storage::tests::worker_failure_tests::cancelled_snapshot_waiter_cannot_hide_panic_after_durable_publication ... ok
test timing::tests::replicated_timing_profile_satisfies_openraft_and_retains_safety_features ... ok
test write_errors::tests::application_capacity_denial_recognizes_only_the_pre_log_api_error ... ok
test write_errors::tests::application_redirect_never_reclassifies_fatal_or_other_api_errors ... ok
test write_errors::tests::application_redirect_recognizes_exact_type_through_anyhow_context ... ok

test result: ok. 72 passed; 0 failed; 0 ignored; 0 measured; 1 filtered out; finished in 340.34s

     Running tests/cluster.rs (target/debug/deps/cluster-dd2981958edc8bd9)

running 7 tests
test acknowledged_one_voter_write_survives_sigkill_without_graceful_shutdown ... ok
test fatal_snapshot_capture_blocks_even_local_generation_access ... ok
test one_voter_acknowledgment_recovers_without_a_snapshot ... ok
test oversized_replication_backlog_shrinks_and_catches_up_without_changing_membership ... ok
test partition_rejects_minority_reads_and_writes_and_recovers_after_full_restart ... ok
test raft_crash_worker ... ok
test snapshot_catches_up_partitioned_follower_and_replaces_a_voter ... ok

test result: ok. 7 passed; 0 failed; 0 ignored; 0 measured; 0 filtered out; finished in 48.56s

     Running tests/read_barrier.rs (target/debug/deps/read_barrier-e0add124461c3b52)

running 5 tests
test custody_key_seal_interrupts_pending_probe_and_denies_new_writes ... ok
test fresh_quorum_round_recovers_after_a_600ms_stall_within_original_deadline ... ok
test higher_term_stops_retry_and_never_releases_a_stale_read ... ok
test key_seal_interrupts_pending_quorum_probe_without_waiting_for_deadline ... ok
test permanent_partition_exhausts_five_seconds_without_reducing_membership ... ok

test result: ok. 5 passed; 0 failed; 0 ignored; 0 measured; 0 filtered out; finished in 19.40s

     Running tests/shutdown.rs (target/debug/deps/shutdown-e247e032549f48e6)

running 1 test
test shutdown_drains_snapshot_worker_before_releasing_group_or_file_ownership ... ok

test result: ok. 1 passed; 0 failed; 0 ignored; 0 measured; 0 filtered out; finished in 1.72s

     Running tests/storage_conformance.rs (target/debug/deps/storage_conformance-46b92ceed2b6a8b8)

running 5 tests
test committed_log_replay_survives_every_append_and_commit_io_failure ... ok
test log_vote_and_committed_cursor_survive_full_reopen ... ok
test openraft_storage_conformance_suite ... ok
test snapshot_buffer_caps_total_size_and_sparse_seeks ... ok
test snapshot_survives_reopen_and_failed_apply_makes_replica_unavailable ... ok

test result: ok. 5 passed; 0 failed; 0 ignored; 0 measured; 0 filtered out; finished in 45.38s

