    Blocking waiting for file lock on package cache
    Blocking waiting for file lock on package cache
    Blocking waiting for file lock on package cache
    Blocking waiting for file lock on package cache
    Blocking waiting for file lock on build directory
   Compiling kasumi-engine v0.1.0 (/Users/mtakemiya/dev/kasumi/crates/kasumi-engine)
   Compiling kasumi-authority v0.1.0 (/Users/mtakemiya/dev/kasumi/crates/kasumi-authority)
    Finished `test` profile [unoptimized + debuginfo] target(s) in 1m 36s
     Running unittests src/lib.rs (target/debug/deps/kasumi_authority-c9f40d981df0df58)

running 5 tests
test service::tests::issuer_tests::target_materialization_tests::activated_target_keeps_operational_suspension_and_membership_across_restart ... target owners drained with their original access-fenced outcome: DrainFailure { completion: Complete, issues: [DrainIssue { component: "OpenRaft runtime", instance: 0, error: raft shutdown failed (core: None, core join: None, ticker join: None, state machine: Some(Storage(IO { source: StorageIOError { subject: Store, verb: Write, source: std::io::error::Error: domain transaction committed; access expired before acknowledgment; outcome unknown, backtrace: None } })), snapshot builder: None, replications: [], auxiliary: [], incoming snapshot: None) }] }

thread 'service::tests::issuer_tests::target_materialization_tests::activated_target_keeps_operational_suspension_and_membership_across_restart' (4144124) panicked at crates/kasumi-authority/src/target_materialization_tests.rs:1261:10:
called `Result::unwrap()` on an `Err` value: UnknownOutcome: target activation acknowledgement unresolved; recover exact issuer winner and phase
note: run with `RUST_BACKTRACE=1` environment variable to display a backtrace
FAILED
test service::tests::issuer_tests::target_materialization_tests::exact_actual_completion_is_required_for_issuer_and_target_activation ... 
thread 'service::tests::issuer_tests::target_materialization_tests::exact_actual_completion_is_required_for_issuer_and_target_activation' (4149200) panicked at crates/kasumi-authority/src/target_materialization_tests.rs:62:5:
ShutdownError { core: None, core_join_error: None, ticker: None, state_machine: None, snapshot_builder: None, replications: [ReplicationShutdownError { owner_id: 1, target: 3, stream: Some(Storage(IO { source: StorageIOError { subject: Store, verb: Write, source: std::io::error::Error: tenant is sealed: key-access lease unavailable or expired, backtrace: None } })), snapshot: None }], auxiliary: [], incoming_snapshot: None }
FAILED
test service::tests::issuer_tests::target_materialization_tests::expired_completion_with_missing_journal_recovers_only_exact_inspection_facts ... target owners drained with their original access-fenced outcome: DrainFailure { completion: Complete, issues: [DrainIssue { component: "OpenRaft runtime", instance: 0, error: raft shutdown failed (core: None, core join: None, ticker join: None, state machine: Some(Storage(IO { source: StorageIOError { subject: Store, verb: Write, source: std::io::error::Error: domain transaction committed; access expired before acknowledgment; outcome unknown, backtrace: None } })), snapshot builder: None, replications: [], auxiliary: [], incoming snapshot: None) }] }
ok
test service::tests::issuer_tests::target_materialization_tests::target_close_diagnostic_rejects_unrelated_storage_failures ... ok
test service::tests::issuer_tests::target_materialization_tests::three_actual_materializations_initialize_and_commit_completion_with_restart_proof ... target owners drained with their original access-fenced outcome: DrainFailure { completion: Complete, issues: [DrainIssue { component: "OpenRaft runtime", instance: 0, error: raft shutdown failed (core: None, core join: None, ticker join: None, state machine: Some(Storage(IO { source: StorageIOError { subject: Store, verb: Write, source: std::io::error::Error: domain transaction committed; access expired before acknowledgment; outcome unknown, backtrace: None } })), snapshot builder: None, replications: [], auxiliary: [], incoming snapshot: None) }] }
target owners drained with their original access-fenced outcome: DrainFailure { completion: Complete, issues: [DrainIssue { component: "OpenRaft runtime", instance: 0, error: raft shutdown failed (core: None, core join: None, ticker join: None, state machine: Some(Storage(IO { source: StorageIOError { subject: Store, verb: Write, source: std::io::error::Error: domain transaction committed; access expired before acknowledgment; outcome unknown, backtrace: None } })), snapshot builder: None, replications: [], auxiliary: [], incoming snapshot: None) }] }
ok

failures:

failures:
    service::tests::issuer_tests::target_materialization_tests::activated_target_keeps_operational_suspension_and_membership_across_restart
    service::tests::issuer_tests::target_materialization_tests::exact_actual_completion_is_required_for_issuer_and_target_activation

test result: FAILED. 3 passed; 2 failed; 0 ignored; 0 measured; 57 filtered out; finished in 272.44s

error: test failed, to rerun pass `-p kasumi-authority --lib`
