    Checking kasumi-store v0.1.0 (/Users/takemiyamakoto/dev/kasumi/crates/kasumi-store)
    Checking openraft v0.9.25 (/Users/takemiyamakoto/dev/kasumi/vendor/openraft-0.9.25/openraft)
    Checking kasumi-client v0.1.0 (/Users/takemiyamakoto/dev/kasumi/crates/kasumi-client)
warning: method `matches_response_id` is never used
   --> vendor/rmcp-3.2.0/src/model.rs:251:19
    |
236 | impl NumberOrString {
    | ------------------- method in this implementation
...
251 |     pub(crate) fn matches_response_id(&self, response_id: &Self) -> bool {
    |                   ^^^^^^^^^^^^^^^^^^^
    |
    = note: `#[warn(dead_code)]` (part of `#[warn(unused)]`) on by default

warning: method `set_client_request_metadata` is never used
    --> vendor/rmcp-3.2.0/src/service.rs:1032:19
     |
 806 | impl<R: ServiceRole> Peer<R> {
     | ---------------------------- method in this implementation
...
1032 |     pub(crate) fn set_client_request_metadata(&self, metadata: ClientRequestMetadata) {
     |                   ^^^^^^^^^^^^^^^^^^^^^^^^^^^

warning: method `is_authorization_required` is never used
   --> vendor/rmcp-3.2.0/src/transport.rs:275:19
    |
249 | impl DynamicTransportError {
    | -------------------------- method in this implementation
...
275 |     pub(crate) fn is_authorization_required(&self) -> bool {
    |                   ^^^^^^^^^^^^^^^^^^^^^^^^^

warning: `rmcp` (lib) generated 3 warnings
    Checking kasumi-raft v0.1.0 (/Users/takemiyamakoto/dev/kasumi/crates/kasumi-raft)
error[E0753]: expected outer doc comment
 --> crates/kasumi-raft/src/control.rs:2:1
  |
2 | //! Independently encrypted consensus metadata. A durable local commit cursor is
  | ^^^^^^^^^^^^^^^^^^^^^^^^^^^^^^^^^^^^^^^^^^^^^^^^^^^^^^^^^^^^^^^^^^^^^^^^^^^^^^^^
  |
  = note: inner doc comments like this (starting with `//!` or `/*!`) can only appear before items
help: you might have meant to write a regular comment
  |
2 - //! Independently encrypted consensus metadata. A durable local commit cursor is
2 + // Independently encrypted consensus metadata. A durable local commit cursor is
  |

error[E0753]: expected outer doc comment
 --> crates/kasumi-raft/src/control.rs:3:1
  |
3 | //! recovery input, not fresh quorum or administrative release authority.
  | ^^^^^^^^^^^^^^^^^^^^^^^^^^^^^^^^^^^^^^^^^^^^^^^^^^^^^^^^^^^^^^^^^^^^^^^^^
4 | use crate::{BasicNode, LogId, RetirementLogSeed, TypeConfig, command::sha256};
  | ------------------------------------------------------------------------------ the inner doc comment doesn't annotate this `use` import
  |
help: to annotate the `use` import, change the doc comment from inner to outer style
  |
3 - //! recovery input, not fresh quorum or administrative release authority.
3 + /// recovery input, not fresh quorum or administrative release authority.
  |

error[E0753]: expected outer doc comment
 --> crates/kasumi-raft/src/custody_machine.rs:2:1
  |
2 | //! Closed state machine for the existing retired source quorum. It owns only the
  | ^^^^^^^^^^^^^^^^^^^^^^^^^^^^^^^^^^^^^^^^^^^^^^^^^^^^^^^^^^^^^^^^^^^^^^^^^^^^^^^^^
  |
  = note: inner doc comments like this (starting with `//!` or `/*!`) can only appear before items
help: you might have meant to write a regular comment
  |
2 - //! Closed state machine for the existing retired source quorum. It owns only the
2 + // Closed state machine for the existing retired source quorum. It owns only the
  |

error[E0753]: expected outer doc comment
 --> crates/kasumi-raft/src/custody_machine.rs:3:1
  |
3 | //! independently keyed custody store and never constructs an application backend.
  | ^^^^^^^^^^^^^^^^^^^^^^^^^^^^^^^^^^^^^^^^^^^^^^^^^^^^^^^^^^^^^^^^^^^^^^^^^^^^^^^^^^
4 | use crate::control::{self, AppliedCursor, AppliedEntryContext, META, load};
  | --------------------------------------------------------------------------- the inner doc comment doesn't annotate this `use` import
  |
help: to annotate the `use` import, change the doc comment from inner to outer style
  |
3 - //! independently keyed custody store and never constructs an application backend.
3 + /// independently keyed custody store and never constructs an application backend.
  |

error[E0753]: expected outer doc comment
 --> crates/kasumi-raft/src/snapshot_custody.rs:2:1
  |
2 | //! Portable closed retirement input carried by Raft snapshots. Publication
  | ^^^^^^^^^^^^^^^^^^^^^^^^^^^^^^^^^^^^^^^^^^^^^^^^^^^^^^^^^^^^^^^^^^^^^^^^^^^
  |
  = note: inner doc comments like this (starting with `//!` or `/*!`) can only appear before items
help: you might have meant to write a regular comment
  |
2 - //! Portable closed retirement input carried by Raft snapshots. Publication
2 + // Portable closed retirement input carried by Raft snapshots. Publication
  |

error[E0753]: expected outer doc comment
 --> crates/kasumi-raft/src/snapshot_custody.rs:3:1
  |
3 | //! rebinds it to the receiver's custody catalog; it never copies another node's
  | ^^^^^^^^^^^^^^^^^^^^^^^^^^^^^^^^^^^^^^^^^^^^^^^^^^^^^^^^^^^^^^^^^^^^^^^^^^^^^^^^
  |
  = note: inner doc comments like this (starting with `//!` or `/*!`) can only appear before items
help: you might have meant to write a regular comment
  |
3 - //! rebinds it to the receiver's custody catalog; it never copies another node's
3 + // rebinds it to the receiver's custody catalog; it never copies another node's
  |

error[E0753]: expected outer doc comment
 --> crates/kasumi-raft/src/snapshot_custody.rs:4:1
  |
4 |   //! key authority or grants current administrative access.
  |   ^^^^^^^^^^^^^^^^^^^^^^^^^^^^^^^^^^^^^^^^^^^^^^^^^^^^^^^^^^
5 | / use crate::control::{
6 | |     self, AppliedCursor, LogHeader, META, RetainedSeed, RetiredBoundary, SEEDS, load,
7 | | };
  | |__- the inner doc comment doesn't annotate this `use` import
  |
help: to annotate the `use` import, change the doc comment from inner to outer style
  |
4 - //! key authority or grants current administrative access.
4 + /// key authority or grants current administrative access.
  |

For more information about this error, try `rustc --explain E0753`.
error: could not compile `kasumi-raft` (lib) due to 7 previous errors
