Diff in /Users/takemiyamakoto/dev/kasumi/crates/kasumi-raft/src/entry.rs:182:
         assert!(serde_json::from_value::<Entry<crate::TypeConfig>>(json.clone()).is_ok());
         json.as_object_mut().unwrap().remove("initialization");
         assert!(serde_json::from_value::<Entry<crate::TypeConfig>>(json).is_err());
-        assert!(serde_json::from_value::<crate::RaftCommand>(
-            serde_json::json!({"InitializationAssociation": []})).is_err());
+        assert!(
+            serde_json::from_value::<crate::RaftCommand>(
+                serde_json::json!({"InitializationAssociation": []})
+            )
+            .is_err()
+        );
     }
 }
 
Diff in /Users/takemiyamakoto/dev/kasumi/crates/kasumi-engine/src/target_journal_open_tests.rs:1731:
     let f = Fixture::new().await?;
     let journal = f.create()?;
     let (lifecycle, phase, request) = signed_initial_dispatch(&f, false)?;
-    let Decision::NewlyAccepted(candidate) = journal.reserve_initial_dispatch(
-        &f.installed.root, &phase, &lifecycle, &request)? else { anyhow::bail!("candidate absent") };
+    let Decision::NewlyAccepted(candidate) =
+        journal.reserve_initial_dispatch(&f.installed.root, &phase, &lifecycle, &request)?
+    else {
+        anyhow::bail!("candidate absent")
+    };
     let candidate = candidate.verify_initial_membership(1, LifecyclePhase::Initialize)?;
     let (stores, _) = target_prebind_stores(&f, &lifecycle, candidate.bootstrap_sha256()).await?;
     let expected = candidate.persist_target_raft_prebind(&journal, &stores)?;
Diff in /Users/takemiyamakoto/dev/kasumi/crates/kasumi-engine/src/target_journal_open_tests.rs:1742:
     let mut replaced = valid.clone();
     replaced.association.start.phase_id = Uuid::new_v4();
     replaced.signature = crate::target_completion_machine::tests::sign(
-        &replaced.association, "kasumi.target-initialization-association.v1", 1);
+        &replaced.association,
+        "kasumi.target-initialization-association.v1",
+        1,
+    );
     replaced.association.validate()?;
     for cause in [None, Some(&bad_signature), Some(&replaced)] {
         let before = stores.custody().store().scan("raft.meta")?;
Diff in /Users/takemiyamakoto/dev/kasumi/crates/kasumi-engine/src/target_journal_open_tests.rs:1749:
-        assert!(kasumi_raft::historical_test_utils::publish_committed_first_membership(
-            stores.clone(), &expected, cause).await.is_err(), "invalid first cause admitted");
+        assert!(
+            kasumi_raft::historical_test_utils::publish_committed_first_membership(
+                stores.clone(),
+                &expected,
+                cause
+            )
+            .await
+            .is_err(),
+            "invalid first cause admitted"
+        );
         assert_eq!(stores.custody().store().scan("raft.meta")?, before);
         assert!(stores.custody().store().scan("raft.headers")?.is_empty());
         assert!(kasumi_raft::read_initialization_association(&stores)?.is_none());
Diff in /Users/takemiyamakoto/dev/kasumi/crates/kasumi-engine/src/target_journal_open_tests.rs:1754:
     }
     let first = kasumi_raft::historical_test_utils::publish_committed_first_membership(
-        stores.clone(), &expected, Some(&valid)).await?;
+        stores.clone(),
+        &expected,
+        Some(&valid),
+    )
+    .await?;
     let retained = kasumi_raft::read_initialization_association(&stores)?.unwrap();
     assert_eq!(retained.signed, valid);
     assert_eq!(first.index, retained.position.index);
