    Checking kasumi-clock v0.1.0 (/private/tmp/kasumi-target-recovery/crates/kasumi-clock)
    Checking kasumi-types v0.1.0 (/private/tmp/kasumi-target-recovery/crates/kasumi-types)
    Checking kasumi-serving v0.1.0 (/private/tmp/kasumi-target-recovery/crates/kasumi-serving)
    Checking kasumi-store v0.1.0 (/private/tmp/kasumi-target-recovery/crates/kasumi-store)
    Checking kasumi-raft v0.1.0 (/private/tmp/kasumi-target-recovery/crates/kasumi-raft)
    Checking kasumi-query v0.1.0 (/private/tmp/kasumi-target-recovery/crates/kasumi-query)
    Checking kasumi-engine v0.1.0 (/private/tmp/kasumi-target-recovery/crates/kasumi-engine)
error: large size difference between variants
   --> crates/kasumi-engine/src/retirement_service.rs:249:1
    |
249 | / pub enum RetirementResponseFence<'a> {
250 | |     Application(ResponseFence<'a>),
    | |     ------------------------------ the second-largest variant contains at least 216 bytes
251 | |     Custody(CustodyResponseFence),
    | |     ----------------------------- the largest variant contains at least 704 bytes
252 | | }
    | |_^ the entire enum is at least 704 bytes
    |
    = help: for further information visit https://rust-lang.github.io/rust-clippy/rust-1.97.0/index.html#large_enum_variant
    = note: `-D clippy::large-enum-variant` implied by `-D warnings`
    = help: to override `-D warnings` add `#[allow(clippy::large_enum_variant)]`
help: consider boxing the large fields or introducing indirection in some other way to reduce the total size of the enum
    |
251 -     Custody(CustodyResponseFence),
251 +     Custody(Box<CustodyResponseFence>),
    |

error: could not compile `kasumi-engine` (lib) due to 1 previous error
