   Compiling kasumi-clock v0.1.0 (/private/tmp/kasumi-production-runtime/crates/kasumi-clock)
   Compiling kasumi-client v0.1.0 (/private/tmp/kasumi-production-runtime/crates/kasumi-client)
   Compiling kasumi-types v0.1.0 (/private/tmp/kasumi-production-runtime/crates/kasumi-types)
   Compiling kasumi-serving v0.1.0 (/private/tmp/kasumi-production-runtime/crates/kasumi-serving)
   Compiling kasumi-query v0.1.0 (/private/tmp/kasumi-production-runtime/crates/kasumi-query)
   Compiling kasumi-store v0.1.0 (/private/tmp/kasumi-production-runtime/crates/kasumi-store)
   Compiling kasumi-raft v0.1.0 (/private/tmp/kasumi-production-runtime/crates/kasumi-raft)
   Compiling kasumi-engine v0.1.0 (/private/tmp/kasumi-production-runtime/crates/kasumi-engine)
   Compiling kasumi-authority v0.1.0 (/private/tmp/kasumi-production-runtime/crates/kasumi-authority)
   Compiling kasumi-server v0.1.0 (/private/tmp/kasumi-production-runtime/crates/kasumi-server)
warning: linker stderr: ld: __eh_frame section too large (max 16MB) to encode dwarf unwind offsets in compact unwind table, performance of exception handling might be affected
  |
  = note: `#[warn(linker_messages)]` on by default

warning: `kasumi-server` (lib test) generated 1 warning
    Finished `test` profile [unoptimized + debuginfo] target(s) in 5m 15s
     Running unittests src/lib.rs (/tmp/kasumi-production-runtime-target/debug/deps/kasumi_server-8b9768f86cabe832)

running 2 tests
test serving_runtime::partition_credential_tests::partition_file_decoder_rejects_aliases_duplicates_and_overflow ... ok
test serving_runtime::partition_credential_tests::credential_files_cover_exact_installed_partitions_without_shared_or_implicit_source ... ok

test result: ok. 2 passed; 0 failed; 0 ignored; 0 measured; 80 filtered out; finished in 0.02s

