   Compiling kasumi-engine v0.1.0 (/private/tmp/kasumi-production-standalone/crates/kasumi-engine)
    Finished `test` profile [unoptimized + debuginfo] target(s) in 2.78s
     Running tests/lifecycle.rs (/tmp/kasumi-production-standalone-target/debug/deps/lifecycle-c70bbb2e0c4a0ca5)

running 14 tests
test control_administration::current_control_administration_pins_actual_membership_and_pending_policy_across_restart ... ok
test control_administration::current_control_administration_retains_exact_resource_revocation_and_original_lifetime ... ok
test control_administration::current_control_administration_cannot_release_through_a_cached_leader_after_quorum_loss ... ok
test control_rejects_unfinishable_byte_budget_and_substituted_authenticated_history ... ok
test control_completion_audit_reservation_survives_denials_and_current_admin_status_recovery ... ok
test fresh_control_materialization_requires_exact_retained_original_after_expiry_and_reopen ... ok
test recovery_control::recovery_expired_target_requires_fresh_control_admission_and_fences_revoked_observations ... ok
test recovery_control::recovery_journal_persists_before_dispatch_rejects_substitution_and_recovers_ambiguous_control_commit ... ok

thread 'recovery_control::recovery_planned_retirement_freezes_its_exact_request_only_after_target_completion' (21356045) panicked at crates/kasumi-engine/tests/common/recovery_control.rs:1616:10:
called `Result::unwrap()` on an `Err` value: Error { code: Unavailable, message: "read quorum unavailable" }
note: run with `RUST_BACKTRACE=1` environment variable to display a backtrace
test recovery_control::recovery_planned_retirement_freezes_its_exact_request_only_after_target_completion ... FAILED
test recovery_control::recovery_expired_completion_resolves_its_exact_positive_fact_before_activation has been running for over 60 seconds
test recovery_control::recovery_expired_completion_resolves_its_exact_positive_fact_before_activation ... ok
test recovery_control::recovery_uncertain_activation_requires_permanent_stop_before_target_cleanup ... ok
test replicated_control_change_pins_all_partitions_freezes_issuance_and_recovers_self_revocation ... ok
test replicated_control_intent_is_exact_original_expiry_bound_current_quorum_and_permanent_after_reopen ... ok
test recovery_control::recovery_uncertain_activation_resolves_original_winner_and_confirms_every_voter_forward ... ok

failures:

failures:
    recovery_control::recovery_planned_retirement_freezes_its_exact_request_only_after_target_completion

test result: FAILED. 13 passed; 1 failed; 0 ignored; 0 measured; 0 filtered out; finished in 123.25s

error: test failed, to rerun pass `-p kasumi-engine --test lifecycle`
