    Checking kasumi-types v0.1.0 (/private/tmp/kasumi-production-standalone/crates/kasumi-types)
   Compiling kasumi-client v0.1.0 (/private/tmp/kasumi-production-standalone/crates/kasumi-client)
    Checking kasumi-serving v0.1.0 (/private/tmp/kasumi-production-standalone/crates/kasumi-serving)
    Checking kasumi-query v0.1.0 (/private/tmp/kasumi-production-standalone/crates/kasumi-query)
    Checking kasumi-store v0.1.0 (/private/tmp/kasumi-production-standalone/crates/kasumi-store)
    Checking kasumi-raft v0.1.0 (/private/tmp/kasumi-production-standalone/crates/kasumi-raft)
    Checking kasumi-engine v0.1.0 (/private/tmp/kasumi-production-standalone/crates/kasumi-engine)
error[E0425]: cannot find value `kind` in this scope
   --> crates/kasumi-engine/src/recovery_service.rs:524:28
    |
524 |                         if kind == LifecyclePhase::Complete
    |                            ^^^^ not found in this scope

    Checking kasumi-authority v0.1.0 (/private/tmp/kasumi-production-standalone/crates/kasumi-authority)
warning: unreachable pattern
   --> crates/kasumi-engine/src/recovery_state.rs:730:9
    |
730 |         _ => return Err(conflict("coordinator phase dispatch is not installed")),
    |         ^ no value can reach this
    |
note: multiple earlier patterns match some of the same values
   --> crates/kasumi-engine/src/recovery_state.rs:730:9
    |
704 |         LifecyclePhase::Materialize => (original.materialization.digest()?, None),
    |         --------------------------- matches some of the same values
705 |         LifecyclePhase::ResumeMaterialize => {
    |         --------------------------------- matches some of the same values
...
709 |         LifecyclePhase::Initialize | LifecyclePhase::Complete => {
    |         ----------------------------------------------------- matches some of the same values
...
712 |         LifecyclePhase::InspectTarget => (
    |         ----------------------------- matches some of the same values
...
730 |         _ => return Err(conflict("coordinator phase dispatch is not installed")),
    |         ^ ...and 2 other patterns collectively make this unreachable
    = note: `#[warn(unreachable_patterns)]` (part of `#[warn(unused)]`) on by default

warning: unreachable pattern
    --> crates/kasumi-engine/src/recovery_state.rs:1484:17
     |
1484 |                 _ => return Err(conflict("unsupported recovery progress outcome")),
     |                 ^ no value can reach this
     |
note: multiple earlier patterns match some of the same values
    --> crates/kasumi-engine/src/recovery_state.rs:1484:17
     |
1412 |                 TargetRuntimeOutcome::Materialized(_) => {
     |                 ------------------------------------- matches some of the same values
...
1452 |                 TargetRuntimeOutcome::Started { .. } => {
     |                 ------------------------------------ matches some of the same values
...
1455 |                 TargetRuntimeOutcome::Initialized { .. } => {
     |                 ---------------------------------------- matches some of the same values
...
1460 |                 TargetRuntimeOutcome::Completed(_) | TargetRuntimeOutcome::Inspected(_) => {
     |                 ----------------------------------------------------------------------- matches some of the same values
...
1484 |                 _ => return Err(conflict("unsupported recovery progress outcome")),
     |                 ^ ...and 2 other patterns collectively make this unreachable

For more information about this error, try `rustc --explain E0425`.
warning: `kasumi-engine` (lib) generated 2 warnings
error: could not compile `kasumi-engine` (lib) due to 1 previous error; 2 warnings emitted
warning: build failed, waiting for other jobs to finish...
