   Compiling kasumi-types v0.1.0 (/private/tmp/kasumi-production-runtime/crates/kasumi-types)
   Compiling kasumi-serving v0.1.0 (/private/tmp/kasumi-production-runtime/crates/kasumi-serving)
   Compiling kasumi-query v0.1.0 (/private/tmp/kasumi-production-runtime/crates/kasumi-query)
   Compiling kasumi-store v0.1.0 (/private/tmp/kasumi-production-runtime/crates/kasumi-store)
   Compiling kasumi-raft v0.1.0 (/private/tmp/kasumi-production-runtime/crates/kasumi-raft)
   Compiling kasumi-engine v0.1.0 (/private/tmp/kasumi-production-runtime/crates/kasumi-engine)
   Compiling kasumi-authority v0.1.0 (/private/tmp/kasumi-production-runtime/crates/kasumi-authority)
    Finished `test` profile [unoptimized + debuginfo] target(s) in 1m 39s
     Running unittests src/lib.rs (/tmp/kasumi-production-runtime-target/debug/deps/kasumi_authority-481ba410417b8d16)

running 7 tests
test service::tests::authority_signer_cannot_substitute_another_physical_verifier_with_the_same_node_id ... ok
test service::tests::frozen_signer_roster_cannot_be_bypassed_by_source_unavailable_activation ... ok
test service::tests::issuer_tests::control_signer_tests::remote_control_directives_bind_physical_receiver_and_forward_winner_across_restart ... ok
test service::tests::replicated_signer_head_fences_unchanged_local_keys_and_rejects_snapshot_regression ... ok
test service::tests::issuer_tests::signer_roster_covers_control_and_prepared_targets_and_freezes_exact_admissions ... ok
test service::tests::signer_replacement_requires_current_authorization_and_exact_live_owner ... ok
test service::tests::signer_directive_is_ordered_exact_finite_and_preserved_in_encrypted_snapshots ... FAILED

failures:

---- service::tests::signer_directive_is_ordered_exact_finite_and_preserved_in_encrypted_snapshots stdout ----

thread 'service::tests::signer_directive_is_ordered_exact_finite_and_preserved_in_encrypted_snapshots' (21092734) panicked at crates/kasumi-authority/src/signer_directive_tests.rs:64:100:
called `Result::unwrap()` on an `Err` value: Error { code: Unavailable, message: "independent authority is unavailable" }
note: run with `RUST_BACKTRACE=1` environment variable to display a backtrace


failures:
    service::tests::signer_directive_is_ordered_exact_finite_and_preserved_in_encrypted_snapshots

test result: FAILED. 6 passed; 1 failed; 0 ignored; 0 measured; 38 filtered out; finished in 29.87s

error: test failed, to rerun pass `-p kasumi-authority --lib`
