    Checking pin-project-lite v0.2.17
    Checking libc v0.2.189
    Checking serde_core v1.0.229
    Checking utf8parse v0.2.2
    Checking cfg-if v1.0.5
    Checking futures-core v0.3.34
    Checking memchr v2.8.3
    Checking futures-sink v0.3.34
    Checking futures-channel v0.3.34
    Checking getrandom v0.2.17
    Checking anstyle-parse v1.0.0
    Checking num-traits v0.2.19
    Checking zerocopy v0.8.57
    Checking anstyle v1.0.14
    Checking slab v0.4.12
    Checking once_cell v1.21.4
    Checking colorchoice v1.0.5
    Checking anstyle-query v1.1.5
    Checking futures-io v0.3.34
    Checking is_terminal_polyfill v1.70.2
   Compiling core-foundation-sys v0.8.7
    Checking futures-task v0.3.34
    Checking futures-util v0.3.34
    Checking ppv-lite86 v0.2.21
   Compiling iana-time-zone v0.1.65
    Checking anstream v1.0.0
    Checking tracing-core v0.1.36
    Checking serde v1.0.229
    Checking rand_core v0.6.4
    Checking arrayvec v0.7.8
    Checking clap_lex v1.1.1
    Checking strsim v0.11.1
    Checking rust_decimal v1.43.0
    Checking clap_builder v4.6.7
    Checking anyerror v0.1.13
    Checking pin-project v1.1.13
    Checking tracing v0.1.44
    Checking rand_chacha v0.3.1
   Compiling chrono v0.4.45
    Checking futures-executor v0.3.34
    Checking utf8-width v0.1.9
    Checking bytes v1.12.1
    Checking tokio v1.53.1
   Compiling openraft-macros v0.9.25 (/Users/mtakemiya/dev/kasumi/vendor/openraft-0.9.25/macros)
    Checking byte-unit v5.2.6
    Checking thiserror v1.0.69
    Checking futures v0.3.34
    Checking clap v4.6.7
    Checking rand v0.8.8
    Checking tracing-futures v0.2.5
    Checking derive_more v1.0.0
    Checking validit v0.2.6
    Checking zmij v1.0.23
    Checking yansi v1.0.1
    Checking diff v0.1.13
    Checking itoa v1.0.18
    Checking maplit v1.0.2
    Checking serde_json v1.0.151
    Checking pretty_assertions v1.4.1
    Checking anyhow v1.0.104
    Checking openraft v0.9.25 (/Users/mtakemiya/dev/kasumi/vendor/openraft-0.9.25/openraft)
    Finished `dev` profile [unoptimized + debuginfo] target(s) in 12.16s
