DEPRECATED: The legacy builder is deprecated and will be removed in a future release.
            Install the buildx component to build images with BuildKit:
            https://docs.docker.com/go/buildx/

Sending build context to Docker daemon  130.4MB
Step 1/9 : FROM debian:bookworm-slim@sha256:88200866dfff7ea7f5cbcb6ec7c8a701889efe6fe859fe64d6990e4b07ea4171
docker.io/library/debian:bookworm-slim@sha256:88200866dfff7ea7f5cbcb6ec7c8a701889efe6fe859fe64d6990e4b07ea4171: Pulling from library/debian
75782e20ea1f: Pulling fs layer
75782e20ea1f: Verifying Checksum
75782e20ea1f: Download complete
75782e20ea1f: Pull complete
Digest: sha256:88200866dfff7ea7f5cbcb6ec7c8a701889efe6fe859fe64d6990e4b07ea4171
Status: Downloaded newer image for debian:bookworm-slim@sha256:88200866dfff7ea7f5cbcb6ec7c8a701889efe6fe859fe64d6990e4b07ea4171
 ---> 32d322b19846
Step 2/9 : COPY package /opt/kasumi
 ---> 2cbbcc77dd2a
Step 3/9 : COPY binary-sha256 /opt/kasumi/binary-sha256
 ---> 3537f0d1e590
Step 4/9 : RUN cd /opt/kasumi && sha256sum --check binary-sha256     && case "$(dpkg --print-architecture)" in arm64) elf_machine=183;; amd64) elf_machine=62;; *) exit 1;; esac     && for binary in bin/kasumid bin/kasumictl bin/kasumi-authority; do          test "$(od -An -tx1 -N6 "$binary" | tr -d ' \n')" = 7f454c460201          && test "$(od -An -tu2 -j18 -N2 "$binary" | tr -d ' \n')" = "$elf_machine" || exit 1;        done     && groupadd --gid 65532 kasumi     && useradd --uid 65532 --gid 65532 --no-create-home --home-dir /var/lib/kasumi        --shell /usr/sbin/nologin kasumi     && install -d -m 0700 -o 65532 -g 65532 /var/lib/kasumi
 ---> Running in 2ec9f3225355
bin/kasumid: OK
bin/kasumictl: OK
bin/kasumi-authority: OK
[91museradd warning: kasumi's uid 65532 outside of the UID_MIN 1000 and UID_MAX 60000 range.
[0m ---> Removed intermediate container 2ec9f3225355
 ---> bf1f15040d3e
Step 5/9 : USER 65532:65532
 ---> Running in c8ee6c29c6e5
 ---> Removed intermediate container c8ee6c29c6e5
 ---> 1b6363ad063c
Step 6/9 : WORKDIR /var/lib/kasumi
 ---> Running in 6369480118c0
 ---> Removed intermediate container 6369480118c0
 ---> 3717f218ab03
Step 7/9 : STOPSIGNAL SIGTERM
 ---> Running in d530991aeb9f
 ---> Removed intermediate container d530991aeb9f
 ---> df95a768f9fd
Step 8/9 : ENTRYPOINT ["/opt/kasumi/bin/kasumid"]
 ---> Running in c4df6b968e67
 ---> Removed intermediate container c4df6b968e67
 ---> 8133814bdb1e
Step 9/9 : CMD ["serve", "/var/lib/kasumi/installation/kasumi.json"]
 ---> Running in 13ededb2880e
 ---> Removed intermediate container 13ededb2880e
 ---> 0aca03044326
Successfully built 0aca03044326
