test_changed_frozen_input_and_diagnostic_fallback_are_rejected (test_package_metadata.MetadataCustodyTests.test_changed_frozen_input_and_diagnostic_fallback_are_rejected) ... ok
test_copied_json_and_asserted_status_without_process_custody_are_rejected (test_package_metadata.MetadataCustodyTests.test_copied_json_and_asserted_status_without_process_custody_are_rejected) ... ok
test_failed_actual_child_and_partial_files_are_preserved_without_retry_overwrite (test_package_metadata.MetadataCustodyTests.test_failed_actual_child_and_partial_files_are_preserved_without_retry_overwrite) ... ok
test_metadata_primitive_does_not_register_a_final_acceptance_domain (test_package_metadata.MetadataCustodyTests.test_metadata_primitive_does_not_register_a_final_acceptance_domain) ... ok
test_real_command_retains_separate_outputs_executable_inputs_and_drained_group (test_package_metadata.MetadataCustodyTests.test_real_command_retains_separate_outputs_executable_inputs_and_drained_group) ... ok
test_rehashed_substituted_output_is_not_the_original_process_output (test_package_metadata.MetadataCustodyTests.test_rehashed_substituted_output_is_not_the_original_process_output) ... ok
test_symlink_substitution_of_equal_bytes_is_rejected (test_package_metadata.MetadataCustodyTests.test_symlink_substitution_of_equal_bytes_is_rejected) ... ok
test_wrong_command_cwd_executable_or_missing_drain_never_consumes_metadata (test_package_metadata.MetadataCustodyTests.test_wrong_command_cwd_executable_or_missing_drain_never_consumes_metadata) ... ok
test_archive_refuses_escape_and_links_without_writing_outside_source (test_release_gate.ReleaseGateTests.test_archive_refuses_escape_and_links_without_writing_outside_source) ... ok
test_artifact_outside_owned_target_is_rejected (test_release_gate.ReleaseGateTests.test_artifact_outside_owned_target_is_rejected) ... ok
test_build_inventory_includes_fresh_non_executable_dependencies (test_release_gate.ReleaseGateTests.test_build_inventory_includes_fresh_non_executable_dependencies) ... ok
test_child_oom_counters_survive_failed_gate_without_claiming_private_peak (test_release_gate.ReleaseGateTests.test_child_oom_counters_survive_failed_gate_without_claiming_private_peak) ... ok
test_child_path_is_resolved_once_from_its_working_directory (test_release_gate.ReleaseGateTests.test_child_path_is_resolved_once_from_its_working_directory) ... ok
test_compiled_fixture_or_test_artifact_cannot_pass_production_driver (test_release_gate.ReleaseGateTests.test_compiled_fixture_or_test_artifact_cannot_pass_production_driver) ... ok
test_content_and_new_inputs_change_inventory_without_relying_on_mtime (test_release_gate.ReleaseGateTests.test_content_and_new_inputs_change_inventory_without_relying_on_mtime) ... ok
test_delayed_observation_cannot_accept_a_completion_after_original_deadline (test_release_gate.ReleaseGateTests.test_delayed_observation_cannot_accept_a_completion_after_original_deadline) ... ok
test_dispatch_retains_selected_executable_and_its_hash (test_release_gate.ReleaseGateTests.test_dispatch_retains_selected_executable_and_its_hash) ... ok
test_executable_substitution_after_dispatch_cannot_pass (test_release_gate.ReleaseGateTests.test_executable_substitution_after_dispatch_cannot_pass) ... ok
test_executing_runner_and_helper_must_match_the_frozen_repository (test_release_gate.ReleaseGateTests.test_executing_runner_and_helper_must_match_the_frozen_repository) ... ok
test_failed_gate_retains_log_and_exact_executable_hash (test_release_gate.ReleaseGateTests.test_failed_gate_retains_log_and_exact_executable_hash) ... ok
test_missing_process_inventory_still_terminates_live_owned_group (test_release_gate.ReleaseGateTests.test_missing_process_inventory_still_terminates_live_owned_group) ... ok
test_repeated_signals_drain_before_restoring_original_handlers (test_release_gate.ReleaseGateTests.test_repeated_signals_drain_before_restoring_original_handlers) ... ok
test_signal_before_popen_returns_cannot_lose_the_new_process_owner (test_release_gate.ReleaseGateTests.test_signal_before_popen_returns_cannot_lose_the_new_process_owner) ... ok
test_silent_command_times_out_and_retains_exact_owned_cleanup (test_release_gate.ReleaseGateTests.test_silent_command_times_out_and_retains_exact_owned_cleanup) ... ok
test_successful_leader_cannot_hide_a_surviving_child (test_release_gate.ReleaseGateTests.test_successful_leader_cannot_hide_a_surviving_child) ... ok
test_uncertain_cleanup_stops_before_parsing_or_hashing_artifacts (test_release_gate.ReleaseGateTests.test_uncertain_cleanup_stops_before_parsing_or_hashing_artifacts) ... ok
test_absent_changed_or_uncertain_process_receipt_cannot_be_packaged (test_package_release.PackageReleaseTests.test_absent_changed_or_uncertain_process_receipt_cannot_be_packaged) ... ok
test_architecture_cannot_be_relabeled (test_package_release.PackageReleaseTests.test_architecture_cannot_be_relabeled) ... ok
test_archive_is_identical_across_paths_mtimes_and_creation_order (test_package_release.PackageReleaseTests.test_archive_is_identical_across_paths_mtimes_and_creation_order) ... ok
test_cached_notice_must_match_locked_archive_and_cannot_follow_symlink (test_package_release.PackageReleaseTests.test_cached_notice_must_match_locked_archive_and_cannot_follow_symlink) ... ok
test_changed_binary_log_source_and_failed_gate_cannot_be_packaged (test_package_release.PackageReleaseTests.test_changed_binary_log_source_and_failed_gate_cannot_be_packaged) ... ok
test_python_evidence_cannot_replace_or_omit_the_dispatched_interpreter (test_package_release.PackageReleaseTests.test_python_evidence_cannot_replace_or_omit_the_dispatched_interpreter) ... ok
test_remote_python_identity_survives_verification_on_another_host (test_package_release.PackageReleaseTests.test_remote_python_identity_survives_verification_on_another_host) ... ok
test_archives_reject_duplicate_traversal_and_link_members (test_verify_release_acceptance.AcceptanceTests.test_archives_reject_duplicate_traversal_and_link_members) ... ok
test_capacity_must_exceed_three_gib_and_cover_every_operation (test_verify_release_acceptance.AcceptanceTests.test_capacity_must_exceed_three_gib_and_cover_every_operation) ... ok
test_failure_history_is_preserved_and_cannot_be_selected_as_success (test_verify_release_acceptance.AcceptanceTests.test_failure_history_is_preserved_and_cannot_be_selected_as_success) ... ok
test_final_source_identity_is_rechecked_and_manifest_hash_is_bound_to_parsed_bytes (test_verify_release_acceptance.AcceptanceTests.test_final_source_identity_is_rechecked_and_manifest_hash_is_bound_to_parsed_bytes) ... ok
test_fixed_benchmark_roster_cannot_reduce_documents_tenants_or_protocols (test_verify_release_acceptance.AcceptanceTests.test_fixed_benchmark_roster_cannot_reduce_documents_tenants_or_protocols) ... ok
test_ha_topology_needs_nine_distinct_owned_processes_and_certificates (test_verify_release_acceptance.AcceptanceTests.test_ha_topology_needs_nine_distinct_owned_processes_and_certificates) ... ok
test_independent_compilation_can_share_host_but_not_build_root_or_environment (test_verify_release_acceptance.AcceptanceTests.test_independent_compilation_can_share_host_but_not_build_root_or_environment) ... ok
test_json_parsing_uses_the_exact_previously_hashed_bytes (test_verify_release_acceptance.AcceptanceTests.test_json_parsing_uses_the_exact_previously_hashed_bytes) ... ok
test_json_rejects_duplicate_keys_and_nonfinite_values (test_verify_release_acceptance.AcceptanceTests.test_json_rejects_duplicate_keys_and_nonfinite_values) ... ok
test_manifest_and_transitive_inputs_cannot_change_during_verification (test_verify_release_acceptance.AcceptanceTests.test_manifest_and_transitive_inputs_cannot_change_during_verification) ... ok
test_manifest_cannot_omit_platform_or_gate_or_duplicate_identifier (test_verify_release_acceptance.AcceptanceTests.test_manifest_cannot_omit_platform_or_gate_or_duplicate_identifier) ... ok
test_native_host_requires_real_architecture_and_covering_reservation (test_verify_release_acceptance.AcceptanceTests.test_native_host_requires_real_architecture_and_covering_reservation) ... ok
test_process_requires_actual_executable_command_binding_and_clean_drain (test_verify_release_acceptance.AcceptanceTests.test_process_requires_actual_executable_command_binding_and_clean_drain) ... ok
test_references_reject_aliases_escape_symlinks_and_changed_content (test_verify_release_acceptance.AcceptanceTests.test_references_reject_aliases_escape_symlinks_and_changed_content) ... ok
test_sample_stream_is_complete_contiguous_and_successful (test_verify_release_acceptance.AcceptanceTests.test_sample_stream_is_complete_contiguous_and_successful) ... ok
test_soak_requires_real_full_interval_unbroken_workload_and_maintenance (test_verify_release_acceptance.AcceptanceTests.test_soak_requires_real_full_interval_unbroken_workload_and_maintenance) ... ok
test_unimplemented_domain_adapters_reject_frozen_readme_and_opaque_passes (test_verify_release_acceptance.AcceptanceTests.test_unimplemented_domain_adapters_reject_frozen_readme_and_opaque_passes) ... ok

----------------------------------------------------------------------
Ran 50 tests in 6.771s

OK
