   Compiling serde_json v1.0.151
   Compiling rand_core v0.10.1
   Compiling indexmap v2.14.1
   Compiling tracing v0.1.44
   Compiling tinystr v0.8.4
   Compiling ring v0.17.14
   Compiling icu_locale_core v2.3.0
   Compiling zerotrie v0.2.5
   Compiling icu_collections v2.3.0
   Compiling icu_provider v2.3.1
   Compiling rustix v1.1.4
   Compiling icu_normalizer v2.3.0
   Compiling icu_properties v2.3.0
   Compiling idna_adapter v1.2.2
   Compiling h2 v0.4.19
   Compiling idna v1.1.0
   Compiling getrandom v0.4.3
   Compiling hyper v1.11.1
   Compiling url v2.5.8
   Compiling hyper-util v0.1.20
   Compiling rustls-webpki v0.103.15
   Compiling rustls v0.23.43
   Compiling tower v0.5.3
   Compiling uuid v1.26.0
   Compiling tokio-rustls v0.26.5
   Compiling xattr v1.6.1
   Compiling mime v0.3.17
   Compiling ureq v3.4.0
   Compiling axum-core v0.5.6
   Compiling tar v0.4.46
   Compiling prost-derive v0.14.4
   Compiling rand v0.10.2
   Compiling tokio-stream v0.1.19
   Compiling serde_path_to_error v0.1.20
   Compiling matchit v0.8.4
   Compiling lindera-dictionary v5.3.0
   Compiling axum v0.8.9
   Compiling hyper-timeout v0.5.2
   Compiling kasumi-types v0.1.0 (/private/tmp/kasumi-production-archive-worker-validation/crates/kasumi-types)
   Compiling tonic v0.14.6
   Compiling lindera-ipadic v5.3.0
   Compiling tempfile v3.27.0
   Compiling pulldown-cmark v0.13.4
   Compiling prost v0.14.4
   Compiling chrono v0.4.45
   Compiling kasumi-serving v0.1.0 (/private/tmp/kasumi-production-archive-worker-validation/crates/kasumi-serving)
   Compiling petgraph v0.8.3
   Compiling hyper-rustls v0.27.9
   Compiling prost-types v0.14.4
   Compiling pulldown-cmark-to-cmark v22.0.1
   Compiling kasumi-transport v0.1.0 (/private/tmp/kasumi-production-archive-worker-validation/crates/kasumi-transport)
   Compiling tower-http v0.6.11
   Compiling rusticata-macros v4.1.0
   Compiling openraft-macros v0.9.25
   Compiling prost-build v0.14.4
   Compiling serde_yaml_ng v0.10.0
   Compiling asn1-rs v0.7.2
   Compiling tantivy-query-grammar v0.26.0
   Compiling reqwest v0.12.28
   Compiling lindera v5.3.0
   Compiling tracing-futures v0.2.5
   Compiling lindera-analysis v5.3.0
   Compiling referencing v0.52.1
   Compiling tantivy v0.26.1
   Compiling jsonschema-value v0.52.1
   Compiling openraft v0.9.25
   Compiling kasumi-store v0.1.0 (/private/tmp/kasumi-production-archive-worker-validation/crates/kasumi-store)
   Compiling tonic-prost-build v0.14.6
   Compiling base64 v0.23.1
   Compiling jsonschema v0.52.1
   Compiling kasumi-client v0.1.0 (/private/tmp/kasumi-production-archive-worker-validation/crates/kasumi-client)
   Compiling kasumi-raft v0.1.0 (/private/tmp/kasumi-production-archive-worker-validation/crates/kasumi-raft)
   Compiling oid-registry v0.8.1
   Compiling lindera-tantivy v5.0.1
   Compiling der-parser v10.0.0
   Compiling chacha20 v0.10.2
   Compiling lazy_static v1.5.0
   Compiling dyn-clone v1.0.20
   Compiling schemars v1.2.2
   Compiling x509-parser v0.18.1
   Compiling tonic-prost v0.14.6
   Compiling kasumi-query v0.1.0 (/private/tmp/kasumi-production-archive-worker-validation/crates/kasumi-query)
   Compiling pem v4.0.0
   Compiling rmcp-macros v3.2.0
   Compiling sse-stream v0.2.6
   Compiling simple_asn1 v0.6.4
   Compiling pem v3.0.6
   Compiling yasna v0.6.0
   Compiling rmcp v3.2.0
   Compiling rcgen v0.14.10
   Compiling jsonwebtoken v9.3.1
   Compiling kasumi-engine v0.1.0 (/private/tmp/kasumi-production-archive-worker-validation/crates/kasumi-engine)
   Compiling kasumi-authority v0.1.0 (/private/tmp/kasumi-production-archive-worker-validation/crates/kasumi-authority)
   Compiling kasumi-server v0.1.0 (/private/tmp/kasumi-production-archive-worker-validation/crates/kasumi-server)
    Finished `test` profile [unoptimized + debuginfo] target(s) in 4m 18s
     Running unittests src/lib.rs (/tmp/kasumi-production-root-target/debug/deps/kasumi_server-c8f7be8e4163eca4)

running 1 test
test api::tests::private_native_control_route_can_raise_a_full_audit_budget has been running for over 60 seconds
test api::tests::private_native_control_route_can_raise_a_full_audit_budget ... ok

test result: ok. 1 passed; 0 failed; 0 ignored; 0 measured; 70 filtered out; finished in 81.56s

