   Compiling proc-macro2 v1.0.107
   Compiling unicode-ident v1.0.24
   Compiling quote v1.0.47
   Compiling libc v0.2.189
   Compiling syn v3.0.5
   Compiling cfg-if v1.0.4
   Compiling syn v2.0.119
   Compiling memchr v2.8.3
   Compiling serde_core v1.0.229
   Compiling itoa v1.0.18
   Compiling serde_derive v1.0.229
   Compiling jobserver v0.1.35
   Compiling find-msvc-tools v0.1.12
   Compiling shlex v2.0.1
   Compiling once_cell v1.21.4
   Compiling cc v1.4.5
   Compiling serde v1.0.229
   Compiling bytes v1.12.1
   Compiling smallvec v1.16.0
   Compiling autocfg v1.5.1
   Compiling equivalent v1.0.2
   Compiling stable_deref_trait v1.2.1
   Compiling pin-project-lite v0.2.17
   Compiling allocator-api2 v0.2.21
   Compiling foldhash v0.2.0
   Compiling version_check v0.9.5
   Compiling synstructure v0.13.2
   Compiling getrandom v0.2.17
   Compiling futures-core v0.3.34
   Compiling ring v0.17.14
   Compiling errno v0.3.14
   Compiling subtle v2.6.1
   Compiling zerofrom-derive v0.1.7
   Compiling parking_lot_core v0.9.12
   Compiling percent-encoding v2.3.2
   Compiling zerofrom v0.1.8
   Compiling yoke-derive v0.8.2
   Compiling hashbrown v0.17.1
   Compiling futures-sink v0.3.34
   Compiling zmij v1.0.23
   Compiling scopeguard v1.2.0
   Compiling lock_api v0.4.14
   Compiling yoke v0.8.3
   Compiling num-traits v0.2.19
   Compiling untrusted v0.9.0
   Compiling parking_lot v0.12.5
   Compiling zerovec-derive v0.11.6
   Compiling slab v0.4.12
   Compiling futures-channel v0.3.34
   Compiling zerovec v0.11.8
   Compiling generic-array v0.14.7
   Compiling displaydoc v0.2.7
   Compiling rand_core v0.6.4
   Compiling futures-macro v0.3.34
   Compiling futures-io v0.3.34
   Compiling futures-task v0.3.34
   Compiling typenum v1.20.1
   Compiling bitflags v2.13.1
   Compiling futures-util v0.3.34
   Compiling signal-hook-registry v1.4.8
   Compiling tokio-macros v2.7.2
   Compiling socket2 v0.6.5
   Compiling mio v1.2.3
   Compiling serde_json v1.0.151
   Compiling crossbeam-utils v0.8.22
   Compiling thiserror v2.0.20
   Compiling tokio v1.53.1
   Compiling tinystr v0.8.4
   Compiling thiserror-impl v2.0.20
   Compiling log v0.4.34
   Compiling writeable v0.6.4
   Compiling litemap v0.8.3
   Compiling anyhow v1.0.104
   Compiling icu_locale_core v2.3.0
   Compiling zerotrie v0.2.5
   Compiling potential_utf v0.1.6
   Compiling indexmap v2.14.1
   Compiling heck v0.5.0
   Compiling ryu v1.0.23
   Compiling icu_normalizer_data v2.3.0
   Compiling utf8_iter v1.0.4
   Compiling icu_properties_data v2.3.0
   Compiling crossbeam-epoch v0.9.20
   Compiling icu_collections v2.3.0
   Compiling icu_provider v2.3.1
   Compiling crypto-common v0.1.7
   Compiling tracing-core v0.1.36
   Compiling tracing-attributes v0.1.31
   Compiling ptr_meta_derive v0.3.2
   Compiling crossbeam-deque v0.8.7
   Compiling byteorder v1.5.0
   Compiling ptr_meta v0.3.2
   Compiling tracing v0.1.44
   Compiling zeroize_derive v1.5.0
   Compiling fnv v1.0.7
   Compiling rayon-core v1.13.0
   Compiling zeroize v1.9.0
   Compiling icu_properties v2.3.0
   Compiling icu_normalizer v2.3.0
   Compiling rancor v0.1.3
   Compiling http v1.5.0
   Compiling bytecheck_derive v0.8.3
   Compiling simdutf8 v0.1.5
   Compiling bytecheck v0.8.3
   Compiling rustls-pki-types v1.15.1
   Compiling idna_adapter v1.2.2
   Compiling tokio-util v0.7.19
   Compiling form_urlencoded v1.2.2
   Compiling munge_macro v0.4.7
   Compiling strsim v0.11.1
   Compiling zerocopy v0.8.56
   Compiling rustix v1.1.4
   Compiling regex-syntax v0.8.11
   Compiling httparse v1.10.1
   Compiling munge v0.4.7
   Compiling idna v1.1.0
   Compiling rend v0.5.4
   Compiling http-body v1.1.0
   Compiling strum_macros v0.28.0
   Compiling csv-core v0.1.13
   Compiling async-trait v0.1.92
   Compiling rkyv_derive v0.8.18
   Compiling time-core v0.1.9
   Compiling getrandom v0.4.3
   Compiling pkg-config v0.3.34
   Compiling rustls v0.23.43
   Compiling base64 v0.22.1
   Compiling crc32fast v1.5.1
   Compiling either v1.18.0
   Compiling num-conv v0.2.2
   Compiling time-macros v0.2.32
   Compiling zstd-sys v2.1.0+zstd.1.5.7
   Compiling strum v0.28.0
   Compiling rustls-webpki v0.103.15
   Compiling url v2.5.8
   Compiling deranged v0.5.8
   Compiling encoding_rs v0.8.35
   Compiling memmap2 v0.9.11
   Compiling atomic-waker v1.1.2
   Compiling simd-adler32 v0.3.10
   Compiling tower-service v0.3.3
   Compiling try-lock v0.2.5
   Compiling powerfmt v0.2.0
   Compiling base64 v0.23.1
   Compiling adler2 v2.0.1
   Compiling miniz_oxide v0.9.1
   Compiling ureq-proto v0.6.1
   Compiling time v0.3.55
   Compiling want v0.3.1
   Compiling h2 v0.4.19
   Compiling encoding_rs_io v0.1.8
   Compiling xattr v1.6.1
   Compiling webpki-roots v1.0.9
   Compiling block-buffer v0.10.4
   Compiling num-integer v0.1.47
   Compiling filetime v0.2.29
   Compiling daachorse v4.0.0
   Compiling crawdad v0.3.0
   Compiling httpdate v1.0.3
   Compiling getrandom v0.3.4
   Compiling crunchy v0.2.4
   Compiling rand_core v0.10.1
   Compiling utf8-zero v0.8.1
   Compiling glob v0.3.4
   Compiling ureq v3.4.0
   Compiling rayon v1.12.0
   Compiling rand v0.10.2
   Compiling hyper v1.11.1
   Compiling rkyv v0.8.18
   Compiling tar v0.4.46
   Compiling digest v0.10.7
   Compiling flate2 v1.1.10
   Compiling csv v1.4.0
   Compiling aho-corasick v1.1.5
   Compiling bytemuck v1.25.2
   Compiling zstd-safe v7.3.0
   Compiling ipnet v2.12.1
   Compiling md5 v0.8.1
   Compiling ident_case v1.0.1
   Compiling darling_core v0.24.1
   Compiling lindera-dictionary v5.3.0
   Compiling hyper-util v0.1.20
   Compiling regex-automata v0.4.18
   Compiling safe_arch v0.7.4
   Compiling num-bigint v0.4.8
   Compiling uuid v1.26.0
   Compiling sync_wrapper v1.0.2
   Compiling ownedbytes v0.9.0
   Compiling pin-project-internal v1.1.13
   Compiling cpufeatures v0.2.17
   Compiling prettyplease v0.3.0
   Compiling bitmaps v3.2.1 (/private/tmp/kasumi-production-byte-budget-validation/vendor/bitmaps-3.2.1)
   Compiling typeid v1.0.3
   Compiling rand_core v0.9.5
   Compiling tower-layer v0.3.3
   Compiling tower v0.5.3
   Compiling imbl-sized-chunks v0.1.3
   Compiling rand_xoshiro v0.7.0
   Compiling pin-project v1.1.13
   Compiling sha2 v0.10.9
   Compiling tantivy-common v0.11.0
   Compiling bitpacking v0.9.3
   Compiling wide v0.7.33
   Compiling lindera-ipadic v5.3.0
   Compiling darling_macro v0.24.1
   Compiling ahash v0.8.12
   Compiling ref-cast v1.0.27
   Compiling archery v1.2.3
   Compiling erased-serde v0.4.10
   Compiling utf8parse v0.2.2
   Compiling fastrand v2.5.0
   Compiling utf8-ranges v1.0.5
   Compiling rustversion v1.0.23
   Compiling core-foundation-sys v0.8.7
   Compiling iana-time-zone v0.1.65
   Compiling tempfile v3.27.0
   Compiling tantivy-fst v0.5.0
   Compiling anstyle-parse v1.0.0
   Compiling imbl v7.0.1
   Compiling darling v0.24.1
   Compiling tokio-rustls v0.26.5
   Compiling tantivy-bitpacker v0.10.0
   Compiling zstd v0.13.3
   Compiling num-rational v0.4.2
   Compiling regex v1.13.1
   Compiling num-iter v0.1.46
   Compiling itertools v0.14.0
   Compiling http-body-util v0.1.5
   Compiling kasumi-clock v0.1.0 (/private/tmp/kasumi-production-byte-budget-validation/crates/kasumi-clock)
   Compiling inout v0.1.4
   Compiling num-complex v0.4.6
   Compiling ref-cast-impl v1.0.27
   Compiling typetag v0.2.23
   Compiling tinyvec_macros v0.1.1
   Compiling is_terminal_polyfill v1.70.2
   Compiling minimal-lexical v0.2.1
   Compiling anstyle-query v1.1.5
   Compiling colorchoice v1.0.5
   Compiling murmurhash32 v0.3.1
   Compiling anstyle v1.0.14
   Compiling rust_decimal v1.43.0
   Compiling anstream v1.0.0
   Compiling tantivy-stacker v0.7.0
   Compiling nom v7.1.3
   Compiling tinyvec v1.13.2
   Compiling num v0.4.3
   Compiling cipher v0.4.4
   Compiling kasumi-types v0.1.0 (/private/tmp/kasumi-production-byte-budget-validation/crates/kasumi-types)
   Compiling tantivy-sstable v0.7.0
   Compiling bon-macros v3.10.0
   Compiling hyper-timeout v0.5.2
   Compiling ppv-lite86 v0.2.21
   Compiling universal-hash v0.5.1
   Compiling tokio-stream v0.1.19
   Compiling ordered-float v5.5.0
   Compiling hashbrown v0.16.1
   Compiling typetag-impl v0.2.23
   Compiling unsafe-libyaml v0.2.11
   Compiling clap_lex v1.1.0
   Compiling opaque-debug v0.3.1
   Compiling downcast-rs v2.0.2
   Compiling inventory v0.3.24
   Compiling bitflags v1.3.2
   Compiling bit-vec v0.8.0
   Compiling thiserror v1.0.69
   Compiling fastdivide v0.4.2
   Compiling borrow-or-share v0.2.4
   Compiling unicode-general-category v1.1.0
   Compiling redb v4.2.0
   Compiling arrayvec v0.7.8
   Compiling libm v0.2.16
   Compiling unicode-xid v0.2.6
   Compiling derive_more-impl v1.0.0
   Compiling fluent-uri v0.4.1
   Compiling tantivy-columnar v0.7.0
   Compiling bit-set v0.8.0
   Compiling kanaria v0.2.0
   Compiling poly1305 v0.8.0
   Compiling clap_builder v4.6.6
   Compiling serde_yaml_ng v0.10.0
   Compiling lru v0.16.4 (/private/tmp/kasumi-production-byte-budget-validation/vendor/lru-0.16.4)
   Compiling tantivy-query-grammar v0.26.0
   Compiling tonic v0.14.6
   Compiling rand_chacha v0.3.1
   Compiling hyper-rustls v0.27.9
   Compiling arc-swap v1.9.2
   Compiling chrono v0.4.45
   Compiling bon v3.10.0
   Compiling lindera v5.3.0
   Compiling chacha20 v0.9.1
   Compiling fraction v0.17.0
   Compiling unicode-normalization v0.1.25
   Compiling tower-http v0.6.11
   Compiling fs4 v0.13.1
   Compiling serde_urlencoded v0.7.1
   Compiling aead v0.5.2
   Compiling clap_derive v4.6.4
   Compiling crossbeam-channel v0.5.16
   Compiling measure_time v0.9.0
   Compiling futures-executor v0.3.34
   Compiling bigdecimal v0.4.10
   Compiling sketches-ddsketch v0.4.1
   Compiling tantivy-tokenizer-api v0.7.0
   Compiling rust-stemmers v1.2.0
   Compiling anyerror v0.1.13
   Compiling thiserror-impl v1.0.69
   Compiling lz4_flex v0.13.1
   Compiling census v0.4.2
   Compiling levenshtein_automata v0.2.1
   Compiling num-cmp v0.1.0
   Compiling vsimd v0.8.0
   Compiling utf8-width v0.1.9
   Compiling unicode-blocks v0.1.10
   Compiling oneshot v0.1.13
   Compiling unicode-segmentation v1.13.3
   Compiling bytecount v0.6.9
   Compiling micromap v0.3.0
   Compiling htmlescape v0.3.1
   Compiling datasketches v0.2.0
   Compiling rustc-hash v2.1.3
   Compiling outref v0.5.2
   Compiling hex v0.4.3
   Compiling semver v1.0.28
   Compiling openraft-macros v0.9.25
   Compiling kasumi-serving v0.1.0 (/private/tmp/kasumi-production-byte-budget-validation/crates/kasumi-serving)
   Compiling tantivy v0.26.1
   Compiling uuid-simd v0.8.0
   Compiling referencing v0.52.1
   Compiling jsonschema-value v0.52.1
   Compiling lindera-analysis v5.3.0
   Compiling byte-unit v5.2.5
   Compiling validit v0.2.6
   Compiling clap v4.6.6
   Compiling futures v0.3.34
   Compiling reqwest v0.12.28
   Compiling chacha20poly1305 v0.10.1
   Compiling kasumi-transport v0.1.0 (/private/tmp/kasumi-production-byte-budget-validation/crates/kasumi-transport)
   Compiling rand v0.8.8
   Compiling fancy-regex v0.19.0
   Compiling derive_more v1.0.0
   Compiling tracing-futures v0.2.5
   Compiling hmac v0.12.1
   Compiling jsonschema-regex v0.52.1
   Compiling cobs v0.3.0
   Compiling email_address v0.2.9
   Compiling quick-xml v0.42.0
   Compiling data-encoding v2.11.1
   Compiling maplit v1.0.2
   Compiling kasumi-store v0.1.0 (/private/tmp/kasumi-production-byte-budget-validation/crates/kasumi-store)
   Compiling openraft v0.9.25
   Compiling jsonschema v0.52.1
   Compiling postcard v1.1.3
   Compiling lindera-tantivy v5.0.1
   Compiling kasumi-raft v0.1.0 (/private/tmp/kasumi-production-byte-budget-validation/crates/kasumi-raft)
   Compiling kasumi-query v0.1.0 (/private/tmp/kasumi-production-byte-budget-validation/crates/kasumi-query)
   Compiling kasumi-engine v0.1.0 (/private/tmp/kasumi-production-byte-budget-validation/crates/kasumi-engine)
    Finished `test` profile [unoptimized + debuginfo] target(s) in 6m 15s
     Running tests/contracts.rs (/tmp/kasumi-production-root-target/debug/deps/contracts-2e122a64f5650d28)

running 1 test
test audit_budget_blocks_effects_and_can_be_increased_without_losing_records ... ok

test result: ok. 1 passed; 0 failed; 0 ignored; 0 measured; 22 filtered out; finished in 0.26s

