    Checking tracing-core v0.1.36
    Checking tokio v1.53.1
    Checking tracing v0.1.44
    Checking bitmaps v3.2.1 (/private/tmp/kasumi-production-archive-placement-validation/vendor/bitmaps-3.2.1)
    Checking imbl-sized-chunks v0.1.3
    Checking axum-core v0.5.6
    Checking tokio-util v0.7.19
    Checking tokio-rustls v0.26.5
    Checking h2 v0.4.19
    Checking tower v0.5.3
    Checking tokio-stream v0.1.19
    Checking imbl v7.0.1
    Checking kasumi-clock v0.1.0 (/private/tmp/kasumi-production-archive-placement-validation/crates/kasumi-clock)
    Checking hyper v1.11.1
    Checking kasumi-types v0.1.0 (/private/tmp/kasumi-production-archive-placement-validation/crates/kasumi-types)
    Checking hyper-util v0.1.20
    Checking hyper-timeout v0.5.2
    Checking axum v0.8.9
    Checking tonic v0.14.6
    Checking hyper-rustls v0.27.9
    Checking kasumi-transport v0.1.0 (/private/tmp/kasumi-production-archive-placement-validation/crates/kasumi-transport)
    Checking tower-http v0.6.11
    Checking lru v0.16.4 (/private/tmp/kasumi-production-archive-placement-validation/vendor/lru-0.16.4)
    Checking kasumi-serving v0.1.0 (/private/tmp/kasumi-production-archive-placement-validation/crates/kasumi-serving)
    Checking reqwest v0.12.28
    Checking tracing-futures v0.2.5
    Checking tantivy v0.26.1
    Checking kasumi-store v0.1.0 (/private/tmp/kasumi-production-archive-placement-validation/crates/kasumi-store)
    Checking openraft v0.9.25
   Compiling kasumi-client v0.1.0 (/private/tmp/kasumi-production-archive-placement-validation/crates/kasumi-client)
    Checking lindera-tantivy v5.0.1
    Checking tonic-prost v0.14.6
    Checking kasumi-query v0.1.0 (/private/tmp/kasumi-production-archive-placement-validation/crates/kasumi-query)
    Checking sharded-slab v0.1.7
    Checking tracing-serde v0.2.0
    Checking thread_local v1.1.10
    Checking rmcp v3.2.0
    Checking kasumi-raft v0.1.0 (/private/tmp/kasumi-production-archive-placement-validation/crates/kasumi-raft)
    Checking kasumi-engine v0.1.0 (/private/tmp/kasumi-production-archive-placement-validation/crates/kasumi-engine)
    Checking kasumi-authority v0.1.0 (/private/tmp/kasumi-production-archive-placement-validation/crates/kasumi-authority)
    Checking tracing-subscriber v0.3.23
    Checking kasumi-server v0.1.0 (/private/tmp/kasumi-production-archive-placement-validation/crates/kasumi-server)
    Finished `dev` profile [unoptimized + debuginfo] target(s) in 51.16s
