
running 6 tests
test storage_opening::tests::abandoned_failed_open_keeps_original_after_positive_close_until_explicit_report_release ... ok
test storage_opening::tests::actual_body_error_is_retained_before_abort_and_disposal_without_replay ... 
thread 'storage_opening::tests::actual_body_error_is_retained_before_abort_and_disposal_without_replay' (5933176) panicked at crates/kasumi-store/src/storage_opening_tests.rs:200:5:
assertion `left == right` failed
  left: Retained
 right: Retired
stack backtrace:
   0: __rustc::rust_begin_unwind
             at /rustc/8bab26f4f68e0e26f0bb7960be334d5b520ea452/library/std/src/panicking.rs:689:5
   1: core::panicking::panic_fmt
             at /rustc/8bab26f4f68e0e26f0bb7960be334d5b520ea452/library/core/src/panicking.rs:80:14
   2: core::panicking::assert_failed_inner
   3: core::panicking::assert_failed::<kasumi_store::storage_census::StorageCensusDisposition, kasumi_store::storage_census::StorageCensusDisposition>
             at /rustc/8bab26f4f68e0e26f0bb7960be334d5b520ea452/library/core/src/panicking.rs:394:5
   4: kasumi_store::storage_opening::tests::actual_body_error_is_retained_before_abort_and_disposal_without_replay
             at /Users/mtakemiya/dev/kasumi/target/installed-disk-validation/storage-census-adoption/native-01/assembly/crates/kasumi-store/src/storage_opening_tests.rs:200:5
   5: kasumi_store::storage_opening::tests::actual_body_error_is_retained_before_abort_and_disposal_without_replay::{closure#0}
             at /Users/mtakemiya/dev/kasumi/target/installed-disk-validation/storage-census-adoption/native-01/assembly/crates/kasumi-store/src/storage_opening_tests.rs:159:76
   6: <kasumi_store::storage_opening::tests::actual_body_error_is_retained_before_abort_and_disposal_without_replay::{closure#0} as core::ops::function::FnOnce<()>>::call_once
             at /rustc/8bab26f4f68e0e26f0bb7960be334d5b520ea452/library/core/src/ops/function.rs:250:5
   7: <fn() -> core::result::Result<(), alloc::string::String> as core::ops::function::FnOnce<()>>::call_once
             at /rustc/8bab26f4f68e0e26f0bb7960be334d5b520ea452/library/core/src/ops/function.rs:250:5
note: Some details are omitted, run with `RUST_BACKTRACE=full` for a verbose backtrace.
FAILED
test storage_opening::tests::actual_queued_worker_keeps_request_without_blocking_close_and_cancels_after_seal ... ok
test storage_opening::tests::real_commit_and_abort_failures_keep_actual_request_after_all_facades_cancel ... ok
test storage_opening::tests::registered_node_tables_retains_actual_transaction_and_reports_through_physical_close ... 
thread 'storage_opening::tests::registered_node_tables_retains_actual_transaction_and_reports_through_physical_close' (5933212) panicked at crates/kasumi-store/src/storage_opening_tests.rs:103:5:
assertion `left == right` failed
  left: Retained
 right: Retired
stack backtrace:
   0: __rustc::rust_begin_unwind
             at /rustc/8bab26f4f68e0e26f0bb7960be334d5b520ea452/library/std/src/panicking.rs:689:5
   1: core::panicking::panic_fmt
             at /rustc/8bab26f4f68e0e26f0bb7960be334d5b520ea452/library/core/src/panicking.rs:80:14
   2: core::panicking::assert_failed_inner
   3: core::panicking::assert_failed::<kasumi_store::storage_census::StorageCensusDisposition, kasumi_store::storage_census::StorageCensusDisposition>
             at /rustc/8bab26f4f68e0e26f0bb7960be334d5b520ea452/library/core/src/panicking.rs:394:5
   4: kasumi_store::storage_opening::tests::registered_node_tables_retains_actual_transaction_and_reports_through_physical_close
             at /Users/mtakemiya/dev/kasumi/target/installed-disk-validation/storage-census-adoption/native-01/assembly/crates/kasumi-store/src/storage_opening_tests.rs:103:5
   5: kasumi_store::storage_opening::tests::registered_node_tables_retains_actual_transaction_and_reports_through_physical_close::{closure#0}
             at /Users/mtakemiya/dev/kasumi/target/installed-disk-validation/storage-census-adoption/native-01/assembly/crates/kasumi-store/src/storage_opening_tests.rs:40:90
   6: <kasumi_store::storage_opening::tests::registered_node_tables_retains_actual_transaction_and_reports_through_physical_close::{closure#0} as core::ops::function::FnOnce<()>>::call_once
             at /rustc/8bab26f4f68e0e26f0bb7960be334d5b520ea452/library/core/src/ops/function.rs:250:5
   7: <fn() -> core::result::Result<(), alloc::string::String> as core::ops::function::FnOnce<()>>::call_once
             at /rustc/8bab26f4f68e0e26f0bb7960be334d5b520ea452/library/core/src/ops/function.rs:250:5
note: Some details are omitted, run with `RUST_BACKTRACE=full` for a verbose backtrace.
FAILED
test storage_opening::tests::registered_opening_exists_before_actual_creation_and_abandoned_prepare_has_no_file_effect ... ok

failures:

failures:
    storage_opening::tests::actual_body_error_is_retained_before_abort_and_disposal_without_replay
    storage_opening::tests::registered_node_tables_retains_actual_transaction_and_reports_through_physical_close

test result: FAILED. 4 passed; 2 failed; 0 ignored; 0 measured; 236 filtered out; finished in 1.43s

