   Compiling kasumi-clock v0.1.0 (/private/tmp/kasumi-production-streaming/crates/kasumi-clock)
   Compiling kasumi-client v0.1.0 (/private/tmp/kasumi-production-streaming/crates/kasumi-client)
   Compiling kasumi-types v0.1.0 (/private/tmp/kasumi-production-streaming/crates/kasumi-types)
   Compiling kasumi-serving v0.1.0 (/private/tmp/kasumi-production-streaming/crates/kasumi-serving)
   Compiling kasumi-query v0.1.0 (/private/tmp/kasumi-production-streaming/crates/kasumi-query)
   Compiling kasumi-store v0.1.0 (/private/tmp/kasumi-production-streaming/crates/kasumi-store)
   Compiling kasumi-raft v0.1.0 (/private/tmp/kasumi-production-streaming/crates/kasumi-raft)
   Compiling kasumi-engine v0.1.0 (/private/tmp/kasumi-production-streaming/crates/kasumi-engine)
   Compiling kasumi-authority v0.1.0 (/private/tmp/kasumi-production-streaming/crates/kasumi-authority)
   Compiling kasumi-server v0.1.0 (/private/tmp/kasumi-production-streaming/crates/kasumi-server)
    Finished `test` profile [unoptimized + debuginfo] target(s) in 2m 25s
     Running unittests src/lib.rs (/tmp/kasumi-production-streaming-target/debug/deps/kasumi_server-3ef3c426e5743964)

running 1 test

thread 'api::tests::native_staged_original_scope_cannot_be_reinterpreted_by_another_authorized_principal' (20597742) panicked at crates/kasumi-server/src/api_guarded_staging_tests.rs:274:5:
foreign authorized principal acknowledged a stop while the original writer still committed: Ok(Response { metadata: MetadataMap { headers: {} }, message: StagedTransactionStatusResponse { response_json: [123, 34, 116, 114, 97, 110, 115, 97, 99, 116, 105, 111, 110, 34, 58, 123, 34, 116, 114, 97, 110, 115, 97, 99, 116, 105, 111, 110, 95, 105, 100, 34, 58, 34, 111, 114, 105, 103, 105, 110, 97, 108, 45, 105, 100, 101, 110, 116, 105, 116, 121, 34, 44, 34, 109, 97, 110, 105, 102, 101, 115, 116, 95, 100, 105, 103, 101, 115, 116, 34, 58, 34, 102, 57, 52, 50, 52, 48, 53, 56, 48, 50, 56, 54, 102, 56, 57, 53, 57, 101, 100, 57, 99, 56, 52, 50, 49, 102, 53, 98, 100, 99, 97, 99, 51, 101, 101, 98, 53, 52, 102, 52, 51, 51, 56, 52, 51, 102, 56, 55, 54, 101, 53, 99, 56, 52, 53, 98, 52, 54, 54, 57, 50, 49, 97, 57, 34, 125, 44, 34, 109, 97, 110, 105, 102, 101, 115, 116, 34, 58, 123, 34, 99, 104, 117, 110, 107, 95, 100, 105, 103, 101, 115, 116, 115, 34, 58, 91, 34, 52, 57, 55, 52, 102, 53, 49, 49, 56, 51, 98, 98, 54, 52, 97, 54, 53, 52, 101, 102, 98, 52, 100, 57, 49, 55, 52, 48, 51, 52, 49, 53, 53, 98, 97, 99, 98, 55, 99, 57, 50, 55, 55, 56, 97, 97, 53, 56, 52, 100, 49, 99, 99, 53, 50, 100, 52, 52, 100, 48, 102, 97, 57, 98, 34, 93, 44, 34, 101, 110, 99, 111, 100, 101, 100, 95, 99, 104, 117, 110, 107, 95, 98, 121, 116, 101, 115, 34, 58, 49, 51, 56, 44, 34, 111, 112, 101, 114, 97, 116, 105, 111, 110, 95, 99, 111, 117, 110, 116, 34, 58, 49, 44, 34, 114, 101, 97, 100, 95, 97, 115, 115, 101, 114, 116, 105, 111, 110, 95, 99, 111, 117, 110, 116, 34, 58, 48, 44, 34, 114, 101, 97, 100, 95, 99, 111, 108, 108, 101, 99, 116, 105, 111, 110, 115, 34, 58, 91, 93, 44, 34, 119, 114, 105, 116, 101, 95, 99, 111, 108, 108, 101, 99, 116, 105, 111, 110, 115, 34, 58, 91, 34, 100, 111, 99, 115, 34, 93, 125, 44, 34, 114, 101, 99, 101, 105, 118, 101, 100, 95, 99, 104, 117, 110, 107, 115, 34, 58, 91, 93, 44, 34, 101, 120, 112, 105, 114, 101, 115, 95, 97, 116, 95, 109, 115, 34, 58, 110, 117, 108, 108, 44, 34, 111, 117, 116, 99, 111, 109, 101, 34, 58, 123, 34, 115, 116, 97, 116, 101, 34, 58, 34, 97, 98, 111, 114, 116, 101, 100, 34, 44, 34, 114, 101, 99, 101, 105, 112, 116, 34, 58, 123, 34, 114, 101, 118, 105, 115, 105, 111, 110, 34, 58, 53, 44, 34, 118, 101, 114, 115, 105, 111, 110, 115, 34, 58, 123, 125, 125, 125, 125] }, extensions: {} })
note: run with `RUST_BACKTRACE=1` environment variable to display a backtrace
test api::tests::native_staged_original_scope_cannot_be_reinterpreted_by_another_authorized_principal ... FAILED

failures:

failures:
    api::tests::native_staged_original_scope_cannot_be_reinterpreted_by_another_authorized_principal

test result: FAILED. 0 passed; 1 failed; 0 ignored; 0 measured; 80 filtered out; finished in 0.96s

error: test failed, to rerun pass `-p kasumi-server --lib`
