   Compiling serde_core v1.0.229
   Compiling libc v0.2.189
   Compiling prost-derive v0.14.4
   Compiling zeroize v1.9.0
   Compiling rustix v1.1.4
   Compiling errno v0.3.14
   Compiling rustls-pki-types v1.15.1
   Compiling bytes v1.12.1
   Compiling sync_wrapper v1.0.2
   Compiling hyper v1.11.1
   Compiling prost v0.14.4
   Compiling pulldown-cmark v0.13.4
   Compiling rustls-webpki v0.103.15
   Compiling rustls v0.23.43
   Compiling getrandom v0.4.3
   Compiling crypto-common v0.1.7
   Compiling indexmap v2.14.1
   Compiling once_cell v1.21.4
   Compiling tempfile v3.27.0
   Compiling petgraph v0.8.3
   Compiling axum-core v0.5.6
   Compiling digest v0.10.7
   Compiling pulldown-cmark-to-cmark v22.0.1
   Compiling hyper-util v0.1.20
   Compiling prost-types v0.14.4
   Compiling tower v0.5.3
   Compiling prost-build v0.14.4
   Compiling axum v0.8.9
   Compiling sha2 v0.10.9
   Compiling hyper-timeout v0.5.2
   Compiling tokio-rustls v0.26.5
   Compiling form_urlencoded v1.2.2
   Compiling imbl v7.0.1
   Compiling tonic v0.14.6
   Compiling serde v1.0.229
   Compiling uuid v1.26.0
   Compiling url v2.5.8
   Compiling tonic-prost-build v0.14.6
   Compiling serde_json v1.0.151
   Compiling kasumi-client v0.1.0 (/private/tmp/kasumi-production-streaming/crates/kasumi-client)
   Compiling kasumi-types v0.1.0 (/private/tmp/kasumi-production-streaming/crates/kasumi-types)
   Compiling tonic-prost v0.14.6
   Compiling kasumi-transport v0.1.0 (/private/tmp/kasumi-production-streaming/crates/kasumi-transport)
   Compiling kasumi-serving v0.1.0 (/private/tmp/kasumi-production-streaming/crates/kasumi-serving)
    Finished `test` profile [unoptimized + debuginfo] target(s) in 1m 13s
     Running unittests src/lib.rs (/tmp/kasumi-production-streaming-target/debug/deps/kasumi_client-816752ab2dc63cbf)

running 3 tests
test authority_pool::tests::authorization_and_proof_errors_are_not_failover_signals ... ok
test security_audit::tests::rejects_historical_restart_holes_empty_progress_and_oversize ... ok
test staged_status::tests::rejects_foreign_status_scope_and_missing_original_identity ... ok

test result: ok. 3 passed; 0 failed; 0 ignored; 0 measured; 0 filtered out; finished in 0.01s

