Preparing a sysroot for Miri (target: aarch64-apple-darwin)... done
   Compiling libc v0.2.189
   Compiling cfg-if v1.0.4
   Compiling getrandom v0.3.4
   Compiling rustix v1.1.4
   Compiling zerocopy v0.8.56
   Compiling getrandom v0.4.3
   Compiling proc-macro2 v1.0.107
   Compiling unicode-ident v1.0.24
   Compiling quote v1.0.47
   Compiling autocfg v1.5.1
   Compiling bitflags v2.13.1
   Compiling once_cell v1.21.4
   Compiling fastrand v2.5.0
   Compiling syn v1.0.109
   Compiling quick-error v1.2.3
   Compiling fnv v1.0.7
   Compiling num-traits v0.2.19
   Compiling bit-vec v0.8.0
   Compiling regex-syntax v0.8.11
   Compiling unarray v0.1.4
   Compiling bit-set v0.8.0
   Compiling errno v0.3.14
   Compiling wait-timeout v0.2.1
   Compiling rand_core v0.9.5
   Compiling rand v0.9.5
   Compiling rand_xorshift v0.4.0
   Compiling tempfile v3.27.0
   Compiling rusty-fork v0.3.1
   Compiling ppv-lite86 v0.2.21
   Compiling rand_chacha v0.9.0
   Compiling proptest v1.11.0
   Compiling proptest-derive v0.4.0
   Compiling bitmaps v3.2.1 (/Users/mtakemiya/dev/kasumi/vendor/bitmaps-3.2.1)
    Finished `test` profile [unoptimized + debuginfo] target(s) in 15.54s
     Running unittests src/lib.rs (/tmp/kasumi-production-bitmaps-miri/miri/aarch64-apple-darwin/debug/build/bitmaps/bc444efad2e6c5c1/out/bitmaps-bc444efad2e6c5c1)

running 1 test
test bitmap::test::one_bit_decode_rejects_all_invalid_bool_representations ... ok

test result: ok. 1 passed; 0 failed; 0 ignored; 0 measured; 6 filtered out; finished in 0.31s

