    Checking kasumi-types v0.1.0 (/private/tmp/kasumi-target-runner/crates/kasumi-types)
    Checking kasumi-serving v0.1.0 (/private/tmp/kasumi-target-runner/crates/kasumi-serving)
    Checking kasumi-store v0.1.0 (/private/tmp/kasumi-target-runner/crates/kasumi-store)
    Checking kasumi-transport v0.1.0 (/private/tmp/kasumi-target-runner/crates/kasumi-transport)
   Compiling kasumi-client v0.1.0 (/private/tmp/kasumi-target-runner/crates/kasumi-client)
    Checking kasumi-raft v0.1.0 (/private/tmp/kasumi-target-runner/crates/kasumi-raft)
    Checking kasumi-query v0.1.0 (/private/tmp/kasumi-target-runner/crates/kasumi-query)
    Checking kasumi-engine v0.1.0 (/private/tmp/kasumi-target-runner/crates/kasumi-engine)
    Checking kasumi-authority v0.1.0 (/private/tmp/kasumi-target-runner/crates/kasumi-authority)
    Checking kasumi-server v0.1.0 (/private/tmp/kasumi-target-runner/crates/kasumi-server)
error: large size difference between variants
  --> crates/kasumi-server/src/target_runtime.rs:69:1
   |
69 | / enum ResponseEvidence {
70 | |     Materialized(kasumi_engine::VerifiedTargetMaterialization),
71 | |     Completed(kasumi_engine::VerifiedTargetCompletion),
72 | |     Activated(kasumi_engine::VerifiedTargetActivation),
   | |     -------------------------------------------------- the second-largest variant contains at least 1672 bytes
73 | |     Inspected(kasumi_engine::VerifiedTargetInspection),
   | |     -------------------------------------------------- the largest variant contains at least 2576 bytes
74 | |     Started(Arc<TenantStorageSet>),
75 | |     Stopped(VerifiedTargetStop, GenerationKey),
76 | | }
   | |_^ the entire enum is at least 2576 bytes
   |
   = help: for further information visit https://rust-lang.github.io/rust-clippy/rust-1.97.0/index.html#large_enum_variant
   = note: `-D clippy::large-enum-variant` implied by `-D warnings`
   = help: to override `-D warnings` add `#[allow(clippy::large_enum_variant)]`
help: consider boxing the large fields or introducing indirection in some other way to reduce the total size of the enum
   |
73 -     Inspected(kasumi_engine::VerifiedTargetInspection),
73 +     Inspected(Box<kasumi_engine::VerifiedTargetInspection>),
   |

error: could not compile `kasumi-server` (lib) due to 1 previous error
