    Checking kasumi-engine v0.1.0 (/private/tmp/kasumi-target-runner/crates/kasumi-engine)
warning: method `prepare` is never used
  --> crates/kasumi-engine/src/target_invocation.rs:73:19
   |
13 | impl TargetLifecycleInvocation {
   | ------------------------------ method in this implementation
...
73 |     pub(crate) fn prepare(
   |                   ^^^^^^^
   |
   = note: `#[warn(dead_code)]` (part of `#[warn(unused)]`) on by default

warning: struct `PreparedTargetAuthorization` is never constructed
   --> crates/kasumi-engine/src/target_invocation.rs:104:19
    |
104 | pub(crate) struct PreparedTargetAuthorization {
    |                   ^^^^^^^^^^^^^^^^^^^^^^^^^^^

warning: method `verify` is never used
   --> crates/kasumi-engine/src/target_invocation.rs:110:12
    |
109 | impl PreparedTargetAuthorization {
    | -------------------------------- method in this implementation
110 |     pub fn verify(
    |            ^^^^^^

warning: method `context` is never used
  --> crates/kasumi-engine/src/target_restore_authorization.rs:13:12
   |
12 | impl RestoreAuthorization<'_> {
   | ----------------------------- method in this implementation
13 |     pub fn context(&self) -> &RequestContext {
   |            ^^^^^^^

warning: `kasumi-engine` (lib) generated 4 warnings
warning: `kasumi-engine` (lib test) generated 4 warnings (4 duplicates)
    Finished `dev` profile [unoptimized + debuginfo] target(s) in 9.75s
