    Checking kasumi-serving v0.1.0 (/private/tmp/kasumi-target-runner/crates/kasumi-serving)
    Checking kasumi-store v0.1.0 (/private/tmp/kasumi-target-runner/crates/kasumi-store)
    Checking kasumi-raft v0.1.0 (/private/tmp/kasumi-target-runner/crates/kasumi-raft)
    Checking kasumi-engine v0.1.0 (/private/tmp/kasumi-target-runner/crates/kasumi-engine)
error[E0369]: binary operation `==` cannot be applied to type `SignedLifecycleLease`
   --> crates/kasumi-engine/src/target_projection.rs:44:5
    |
 39 | #[derive(Clone, Debug, PartialEq, Eq, Serialize, Deserialize)]
    |                        --------- in this derive macro expansion
...
 44 |     original_lease: SignedLifecycleLease,
    |     ^^^^^^^^^^^^^^^^^^^^^^^^^^^^^^^^^^^^
    |
note: `SignedLifecycleLease` does not implement `PartialEq`
   --> crates/kasumi-serving/src/lifecycle.rs:161:1
    |
161 | pub struct SignedLifecycleLease {
    | ^^^^^^^^^^^^^^^^^^^^^^^^^^^^^^^ `SignedLifecycleLease` is defined in another crate

error[E0277]: the trait bound `SignedLifecycleLease: std::cmp::Eq` is not satisfied
  --> crates/kasumi-engine/src/target_projection.rs:44:5
   |
39 | #[derive(Clone, Debug, PartialEq, Eq, Serialize, Deserialize)]
   |                                   -- in this derive macro expansion
...
44 |     original_lease: SignedLifecycleLease,
   |     ^^^^^^^^^^^^^^^^^^^^^^^^^^^^^^^^^^^^ the trait `std::cmp::Eq` is not implemented for `SignedLifecycleLease`
   |
note: required by a bound in `std::cmp::AssertParamIsEq`
  --> /rustc/8bab26f4f68e0e26f0bb7960be334d5b520ea452/library/core/src/cmp.rs:380:0

error[E0277]: the trait bound `&Vec<u8>: Into<Vec<u8>>` is not satisfied
   --> crates/kasumi-engine/src/target_projection.rs:238:49
    |
238 |                 .write_batch(&[WriteOp::put(NS, &key, bytes)])
    |                                ------------     ^^^^ the trait `From<&Vec<u8>>` is not implemented for `Vec<u8>`
    |                                |
    |                                required by a bound introduced by this call
    |
    = note: required for `&Vec<u8>` to implement `Into<Vec<u8>>`
note: required by a bound in `kasumi_store::WriteOp::put`
   --> crates/kasumi-store/src/lib.rs:81:19
    |
 79 |     pub fn put(
    |            --- required by a bound in this associated function
 80 |         namespace: impl Into<String>,
 81 |         key: impl Into<Vec<u8>>,
    |                   ^^^^^^^^^^^^^ required by this bound in `WriteOp::put`
help: consider dereferencing here
    |
238 |                 .write_batch(&[WriteOp::put(NS, &*key, bytes)])
    |                                                  +

Some errors have detailed explanations: E0277, E0369.
For more information about an error, try `rustc --explain E0277`.
error: could not compile `kasumi-engine` (lib) due to 3 previous errors
