    Checking kasumi-types v0.1.0 (/private/tmp/kasumi-target-runner/crates/kasumi-types)
    Checking kasumi-serving v0.1.0 (/private/tmp/kasumi-target-runner/crates/kasumi-serving)
    Checking kasumi-store v0.1.0 (/private/tmp/kasumi-target-runner/crates/kasumi-store)
    Checking kasumi-raft v0.1.0 (/private/tmp/kasumi-target-runner/crates/kasumi-raft)
    Checking kasumi-transport v0.1.0 (/private/tmp/kasumi-target-runner/crates/kasumi-transport)
    Checking kasumi-query v0.1.0 (/private/tmp/kasumi-target-runner/crates/kasumi-query)
    Checking kasumi-client v0.1.0 (/private/tmp/kasumi-target-runner/crates/kasumi-client)
    Checking kasumi-engine v0.1.0 (/private/tmp/kasumi-target-runner/crates/kasumi-engine)
    Checking kasumi-authority v0.1.0 (/private/tmp/kasumi-target-runner/crates/kasumi-authority)
    Checking kasumi-server v0.1.0 (/private/tmp/kasumi-target-runner/crates/kasumi-server)
warning: method `gate` is never used
  --> crates/kasumi-server/src/serving_runtime.rs:99:19
   |
98 | impl RuntimeLease {
   | ----------------- method in this implementation
99 |     pub(crate) fn gate(&self) -> &Arc<ServingGate> {
   |                   ^^^^
   |
   = note: `#[warn(dead_code)]` (part of `#[warn(unused)]`) on by default

warning: struct `RuntimeTargetPhase` is never constructed
  --> crates/kasumi-server/src/target_phase_runtime.rs:24:19
   |
24 | pub(crate) struct RuntimeTargetPhase {
   |                   ^^^^^^^^^^^^^^^^^^

warning: multiple associated items are never used
   --> crates/kasumi-server/src/target_phase_runtime.rs:48:25
    |
 46 | impl RuntimeTargetPhase {
    | ----------------------- associated items in this implementation
 47 |     #[allow(clippy::too_many_arguments)]
 48 |     pub(crate) async fn acquire(
    |                         ^^^^^^^
...
212 |     pub(crate) fn scope(&self) -> &Arc<TargetOperationScope> {
    |                   ^^^^^
...
215 |     pub(crate) fn original(&self) -> &VerifiedControlIntent {
    |                   ^^^^^^^^
...
218 |     pub(crate) fn access(&self) -> Result<kasumi_store::StorageAccess> {
    |                   ^^^^^^
...
231 |     pub(crate) async fn check_current(&self) -> Result<()> {
    |                         ^^^^^^^^^^^^^
...
250 |     pub(crate) async fn check_request(
    |                         ^^^^^^^^^^^^^
...
276 |     pub(crate) async fn check_operation(
    |                         ^^^^^^^^^^^^^^^
...
293 |     async fn observe_with(&self, bearer: &str) -> Result<()> {
    |              ^^^^^^^^^^^^
...
310 |     async fn renew(&self) -> Result<()> {
    |              ^^^^^

warning: method `control_connection` is never used
   --> crates/kasumi-server/src/target_runtime_config.rs:192:19
    |
 68 | impl TargetRecoveryConfig {
    | ------------------------- method in this implementation
...
192 |     pub(crate) fn control_connection(&self) -> Result<KasumiClientConfig> {
    |                   ^^^^^^^^^^^^^^^^^^

warning: `kasumi-server` (lib) generated 4 warnings
warning: `kasumi-server` (lib test) generated 4 warnings (4 duplicates)
    Finished `dev` profile [unoptimized + debuginfo] target(s) in 1m 08s
