    Checking kasumi-types v0.1.0 (/private/tmp/kasumi-target-runner/crates/kasumi-types)
    Checking kasumi-serving v0.1.0 (/private/tmp/kasumi-target-runner/crates/kasumi-serving)
    Checking kasumi-store v0.1.0 (/private/tmp/kasumi-target-runner/crates/kasumi-store)
    Checking kasumi-query v0.1.0 (/private/tmp/kasumi-target-runner/crates/kasumi-query)
    Checking kasumi-raft v0.1.0 (/private/tmp/kasumi-target-runner/crates/kasumi-raft)
    Checking kasumi-engine v0.1.0 (/private/tmp/kasumi-target-runner/crates/kasumi-engine)
error[E0308]: mismatched types
   --> crates/kasumi-engine/src/target_state.rs:192:21
    |
192 |             != Some(origin.input.backup_id)
    |                ---- ^^^^^^^^^^^^^^^^^^^^^^ expected `String`, found `Uuid`
    |                |
    |                arguments to this enum variant are incorrect
    |
help: the type constructed contains `Uuid` due to the type of the argument passed
   --> crates/kasumi-engine/src/target_state.rs:192:16
    |
192 |             != Some(origin.input.backup_id)
    |                ^^^^^----------------------^
    |                     |
    |                     this argument influences the type of `Some`
note: tuple variant defined here
   --> /rustc/8bab26f4f68e0e26f0bb7960be334d5b520ea452/library/core/src/option.rs:605:4
help: try using a conversion method
    |
192 |             != Some(origin.input.backup_id.to_string())
    |                                           ++++++++++++

For more information about this error, try `rustc --explain E0308`.
error: could not compile `kasumi-engine` (lib) due to 1 previous error
