    Checking kasumi-types v0.1.0 (/private/tmp/kasumi-target-runner/crates/kasumi-types)
    Checking kasumi-serving v0.1.0 (/private/tmp/kasumi-target-runner/crates/kasumi-serving)
    Checking kasumi-store v0.1.0 (/private/tmp/kasumi-target-runner/crates/kasumi-store)
    Checking kasumi-raft v0.1.0 (/private/tmp/kasumi-target-runner/crates/kasumi-raft)
    Checking kasumi-query v0.1.0 (/private/tmp/kasumi-target-runner/crates/kasumi-query)
    Checking kasumi-engine v0.1.0 (/private/tmp/kasumi-target-runner/crates/kasumi-engine)
   Compiling kasumi-client v0.1.0 (/private/tmp/kasumi-target-runner/crates/kasumi-client)
    Checking kasumi-transport v0.1.0 (/private/tmp/kasumi-target-runner/crates/kasumi-transport)
    Checking kasumi-authority v0.1.0 (/private/tmp/kasumi-target-runner/crates/kasumi-authority)
    Checking kasumi-server v0.1.0 (/private/tmp/kasumi-target-runner/crates/kasumi-server)
    Checking kasumi-bench v0.1.0 (/private/tmp/kasumi-target-runner/crates/kasumi-bench)
error: the `Err`-variant returned from this closure is very large
   --> crates/kasumi-authority/src/tests.rs:157:26
    |
157 |                     .map(|s| s.group.raft().metrics().borrow().running_state.clone())
    |                          ^^^^^^^^^^^^^^^^^^^^^^^^^^^^^^^^^^^^^^^^^^^^^^^^^^^^^^^^^^^ the `Err`-variant is at least 224 bytes
    |
    = help: try reducing the size of `openraft::error::Fatal<u64>`, for example by boxing large elements or replacing it with `Box<openraft::error::Fatal<u64>>`
    = help: for further information visit https://rust-lang.github.io/rust-clippy/rust-1.97.0/index.html#result_large_err
    = note: `-D clippy::result-large-err` implied by `-D warnings`
    = help: to override `-D warnings` add `#[allow(clippy::result_large_err)]`

error: could not compile `kasumi-authority` (lib test) due to 1 previous error
