    Checking kasumi-types v0.1.0 (/private/tmp/kasumi-target-runner/crates/kasumi-types)
    Checking kasumi-serving v0.1.0 (/private/tmp/kasumi-target-runner/crates/kasumi-serving)
warning: unused import: `crate::*`
 --> crates/kasumi-serving/src/target.rs:3:5
  |
3 | use crate::*;
  |     ^^^^^^^^
  |
  = note: `#[warn(unused_imports)]` (part of `#[warn(unused)]`) on by default

warning: `kasumi-serving` (lib) generated 1 warning (run `cargo fix --lib -p kasumi-serving` to apply 1 suggestion)
    Checking kasumi-store v0.1.0 (/private/tmp/kasumi-target-runner/crates/kasumi-store)
    Checking kasumi-raft v0.1.0 (/private/tmp/kasumi-target-runner/crates/kasumi-raft)
    Checking kasumi-query v0.1.0 (/private/tmp/kasumi-target-runner/crates/kasumi-query)
    Checking kasumi-engine v0.1.0 (/private/tmp/kasumi-target-runner/crates/kasumi-engine)
    Checking kasumi-client v0.1.0 (/private/tmp/kasumi-target-runner/crates/kasumi-client)
    Checking kasumi-authority v0.1.0 (/private/tmp/kasumi-target-runner/crates/kasumi-authority)
    Checking kasumi-server v0.1.0 (/private/tmp/kasumi-target-runner/crates/kasumi-server)
    Checking kasumi-bench v0.1.0 (/private/tmp/kasumi-target-runner/crates/kasumi-bench)
warning: `kasumi-serving` (lib test) generated 1 warning (1 duplicate)
    Finished `dev` profile [unoptimized + debuginfo] target(s) in 1m 31s
