    Checking kasumi-types v0.1.0 (/private/tmp/kasumi-target-runner/crates/kasumi-types)
    Checking kasumi-serving v0.1.0 (/private/tmp/kasumi-target-runner/crates/kasumi-serving)
    Checking kasumi-store v0.1.0 (/private/tmp/kasumi-target-runner/crates/kasumi-store)
    Checking kasumi-query v0.1.0 (/private/tmp/kasumi-target-runner/crates/kasumi-query)
    Checking kasumi-raft v0.1.0 (/private/tmp/kasumi-target-runner/crates/kasumi-raft)
    Checking kasumi-engine v0.1.0 (/private/tmp/kasumi-target-runner/crates/kasumi-engine)
error[E0308]: mismatched types
   --> crates/kasumi-engine/src/bootstrap_target_quorum.rs:163:38
    |
163 |             recovery_workspace_bytes(manifest.bytes as u64)?,
    |             ------------------------ ^^^^^^^^^^^^^^^^^^^^^ expected `&TenantStorageSet`, found `u64`
    |             |
    |             arguments to this function are incorrect
    |
note: function defined here
   --> crates/kasumi-engine/src/bootstrap.rs:710:8
    |
710 | pub fn recovery_workspace_bytes(stores: &TenantStorageSet) -> anyhow::Result<u64> {
    |        ^^^^^^^^^^^^^^^^^^^^^^^^ -------------------------

For more information about this error, try `rustc --explain E0308`.
error: could not compile `kasumi-engine` (lib) due to 1 previous error
