Command: cargo +1.97.1 test --manifest-path vendor/openraft-0.9.25/openraft/Cargo.toml --locked --offline --target-dir /Users/takemiyamakoto/dev/kasumi/target/disk-backed-cache --features serde,storage-v2 --lib
ISOLATED_SOURCE=/tmp/kasumi-source-cohort-validation-v1
CARGO_TARGET_DIR=/Users/takemiyamakoto/dev/kasumi/target/disk-backed-cache
    Finished `test` profile [unoptimized + debuginfo] target(s) in 0.15s
     Running unittests src/lib.rs (/Users/takemiyamakoto/dev/kasumi/target/disk-backed-cache/debug/deps/openraft-5e17d9bd08c72f35)

running 251 tests
test core::replication_state::test::test_replication_lag ... ok
test core::sm::bounded_apply_tests::actual_commit_handoff_coalesces_without_channel_nodes_and_rejects_disconnected_ranges ... ok
test config::config_test::test_build ... ok
test config::config_test::test_config_defaults ... ok
test config::config_test::test_invalid_election_timeout_config_produces_expected_error ... ok
test core::sm::pending_snapshot::funding_tests::actual_snapshot_and_signal_allocations_retire_before_last_observer_or_waker_charge ... ok
test config::config_test::test_config_enable_elect ... ok
test core::sm::pending_snapshot::funding_tests::actual_snapshot_constructor_fits_quote_and_first_decision_needs_no_allocation ... ok
test config::config_test::test_config_enable_tick ... ok
test core::sm::bounded_apply_tests::pending_snapshot_keeps_source_and_permit_after_waiter_cancel_until_safe_acceptance ... ok
test config::config_test::test_config_snapshot_policy ... ok
test config::config_test::retained_replication_capacity_requires_a_finite_nonzero_bound ... ok
test config::config_test::test_config_enable_heartbeat ... ok
test core::auxiliary::tests::actual_abort_wakes_live_core_and_preserves_original_id ... ok
test display_ext::display_slice::tests::test_display_slice ... ok
test core::tick::tests::runtime_cancelled_ticker_is_never_reported_as_normal_shutdown ... ok
test core::sm::bounded_apply_tests::closed_core_before_notification_retains_the_actual_response_batch ... ok
test config::config_test::retained_auxiliary_owner_limit_is_validated ... ok
test core::sm::bounded_apply_tests::dropped_core_notification_retains_the_actual_opaque_responses_and_original_worker_error ... ok
test display_ext::display_instant::tests::test_display_instant ... ok
test core::auxiliary::tests::successful_rounds_reuse_fixed_capacity_and_unspawned_reservation_drains ... ok
test core::sm::bounded_apply_tests::queued_command_and_pending_take_race_preserves_one_exact_preceding_obligation ... ok
test engine::handler::following_handler::commit_entries_test::test_following_handler_commit_entries_le_accepted ... ok
test engine::handler::following_handler::commit_entries_test::test_following_handler_commit_entries_ge_accepted ... ok
test engine::handler::following_handler::append_entries_test::test_follower_append_entries_update_accepted ... ok
test engine::handler::following_handler::do_append_entries_test::test_follower_do_append_entries_empty ... ok
test engine::handler::following_handler::do_append_entries_test::test_follower_do_append_entries_no_membership_entries ... ok
test engine::handler::following_handler::do_append_entries_test::test_follower_do_append_entries_one_membership_entry ... ok
test engine::handler::following_handler::commit_entries_test::test_following_handler_commit_entries_empty ... ok
test engine::handler::following_handler::install_snapshot_test::test_install_snapshot_lt_committed ... ok
test engine::handler::following_handler::do_append_entries_test::test_follower_do_append_entries_three_membership_entries ... ok
test engine::handler::following_handler::install_snapshot_test::test_install_snapshot_lt_last_snapshot ... ok
test engine::handler::following_handler::install_snapshot_test::test_install_snapshot_conflict ... ok
test engine::handler::following_handler::install_snapshot_test::test_install_snapshot_advance_last_log_id ... ok
test engine::handler::following_handler::install_snapshot_test::test_install_snapshot_update_accepted ... ok
test engine::handler::following_handler::install_snapshot_test::test_install_snapshot_resets_purged_effective_membership ... ok
test engine::handler::following_handler::truncate_logs_test::test_truncate_logs_revert_effective_membership ... ok
test engine::handler::following_handler::install_snapshot_test::test_install_snapshot_not_conflict ... ok
test engine::handler::following_handler::truncate_logs_test::test_truncate_logs_since_3 ... ok
test engine::handler::following_handler::truncate_logs_test::test_truncate_logs_since_4 ... ok
test engine::handler::following_handler::truncate_logs_test::test_truncate_logs_since_5 ... ok
test engine::handler::following_handler::truncate_logs_test::test_truncate_logs_since_6 ... ok
test engine::handler::following_handler::truncate_logs_test::test_truncate_logs_since_7 ... ok
test engine::handler::following_handler::install_snapshot_test::test_install_snapshot_resets_purged_effective_without_truncating ... ok
test engine::handler::following_handler::truncate_logs_test::test_truncate_logs_since_8 ... ok
test engine::handler::leader_handler::append_entries_test::test_leader_append_entries_empty ... ok
test engine::handler::following_handler::update_committed_membership_test::test_update_committed_membership_at_index_4 ... ok
test engine::handler::leader_handler::append_entries_test::source_capacity_refusal_does_not_consume_log_ids_and_explicit_retry_recovers ... ok
test engine::handler::log_handler::purge_log_test::test_purge_log_already_purged ... ok
test engine::handler::leader_handler::append_entries_test::test_leader_append_entries_single_node_leader ... ok
test engine::handler::leader_handler::send_heartbeat_test::test_leader_send_heartbeat ... ok
test engine::handler::log_handler::purge_log_test::test_purge_log_equal_prev_last_purged ... ok
test engine::handler::log_handler::calc_purge_upto_test::test_calc_purge_upto ... ok
test engine::handler::log_handler::purge_log_test::test_purge_log_go_pass_last_key_log ... ok
test engine::handler::log_handler::purge_log_test::test_purge_log_same_leader_as_prev_last_purged ... ok
test engine::handler::leader_handler::append_entries_test::test_leader_append_entries_normal ... ok
test engine::handler::log_handler::purge_log_test::test_purge_log_go_pass_last_log_id ... ok
test engine::handler::log_handler::purge_log_test::test_purge_log_to_higher_leader_lgo ... ok
test engine::handler::log_handler::purge_log_test::test_purge_log_to_last_key_log ... ok
test engine::handler::log_handler::purge_log_test::test_purge_log_to_last_log_id ... ok
test engine::handler::replication_handler::update_matching_test::test_update_matching ... ok
test engine::handler::leader_handler::append_entries_test::test_leader_append_entries_with_membership_log ... ok
test engine::handler::snapshot_handler::trigger_snapshot_test::test_trigger_snapshot ... ok
test engine::handler::replication_handler::append_membership_test::test_leader_append_membership_for_leader ... ok
test engine::handler::replication_handler::append_membership_test::test_leader_append_membership_update_learner_process ... ok
test engine::handler::server_state_handler::update_server_state_test::test_update_server_state_if_changed ... ok
test engine::handler::snapshot_handler::update_snapshot_test::test_update_snapshot_updated ... ok
test engine::handler::vote_handler::accept_vote_test::test_accept_vote_granted_greater_vote ... ok
test engine::handler::vote_handler::handle_message_vote_test::test_handle_message_vote_committed_vote ... ok
test engine::handler::snapshot_handler::update_snapshot_test::test_update_snapshot_no_update ... ok
test engine::handler::vote_handler::accept_vote_test::test_accept_vote_reject_smaller_vote ... ok
test engine::handler::vote_handler::handle_message_vote_test::test_handle_message_vote_granted_equal_vote ... ok
test engine::handler::vote_handler::handle_message_vote_test::test_handle_message_vote_granted_greater_vote ... ok
test engine::handler::vote_handler::handle_message_vote_test::test_handle_message_vote_reject_smaller_vote ... ok
test engine::handler::vote_handler::handle_message_vote_test::test_handle_message_vote_granted_follower_learner_does_not_emit_update_server_state_cmd ... ok
test engine::tests::append_entries_test::test_append_entries_conflict ... ok
test engine::tests::append_entries_test::test_append_entries_prev_log_id_is_applied ... ok
test engine::tests::append_entries_test::test_append_entries_prev_log_id_conflict ... ok
test engine::tests::append_entries_test::test_append_entries_prev_log_id_not_exists ... ok
test engine::tests::append_entries_test::test_append_entries_vote_is_rejected ... ok
test engine::tests::append_entries_test::test_append_entries_prev_log_id_is_committed ... ok
test engine::tests::handle_vote_req_test::test_handle_vote_req_granted_greater_vote ... ok
test engine::tests::handle_vote_req_test::test_handle_vote_req_granted_equal_vote_and_last_log_id ... ok
test engine::tests::handle_vote_req_test::test_handle_vote_req_granted_follower_learner_does_not_emit_update_server_state_cmd ... ok
test engine::tests::handle_vote_req_test::test_handle_vote_req_reject_smaller_vote ... ok
test engine::tests::elect_test::test_elect_multi_node_enter_candidate ... ok
test engine::tests::handle_vote_req_test::test_handle_vote_req_rejected_by_leader_lease ... ok
test engine::tests::handle_vote_req_test::test_handle_vote_req_reject_smaller_last_log_id ... ok
test engine::tests::elect_test::test_elect_again_overrides_previous_campaign ... ok
test engine::tests::elect_test::test_elect_single_node ... ok
test engine::tests::handle_vote_resp_test::test_handle_vote_resp ... ok
test engine::handler::replication_handler::update_matching_test::test_update_matching_no_leader ... ok
test engine::tests::initialize_test::test_initialize_single_node ... ok
test engine::tests::log_id_list_test::test_log_id_list_append ... ok
test engine::tests::handle_vote_resp_test::test_handle_vote_resp_equal_vote ... ok
test engine::tests::log_id_list_test::test_log_id_list_extend ... ok
test engine::tests::log_id_list_test::test_log_id_list_by_last_leader ... ok
test engine::tests::install_full_snapshot_test::test_handle_install_full_snapshot_no_conflict ... ok
test engine::tests::install_full_snapshot_test::test_handle_install_full_snapshot_lt_last_snapshot ... ok
test engine::tests::log_id_list_test::test_log_id_list_extend_from_same_leader ... ok
test engine::tests::initialize_test::test_initialize ... ok
test engine::tests::log_id_list_test::test_log_id_list_get_log_id ... ok
test engine::tests::log_id_list_test::test_log_id_list_purge ... ok
test engine::tests::log_id_list_test::test_log_id_list_truncate ... ok
test engine::tests::startup_test::test_startup_as_follower ... ok
test engine::tests::startup_test::test_startup_as_leader_not_voter_issue_920 ... ok
test core::tick::tests::cancelled_ticker_shutdown_retains_task_and_terminal_outcome ... ok
test engine::tests::startup_test::test_startup_as_leader_with_proposed_logs ... ok
test core::sm::bounded_apply_tests::unknown_response_delivery_unwind_retains_remaining_originals_and_a_delivery_marker ... ok
test engine::tests::startup_test::test_startup_as_learner ... ok
test engine::tests::startup_test::test_startup_as_leader_without_logs ... ok
test engine::tests::trigger_purge_log_test::test_trigger_purge_log_already_scheduled ... ok
test engine::tests::startup_test::test_startup_candidate_becomes_follower ... ok
test engine::tests::trigger_purge_log_test::test_trigger_purge_log_delete_only_in_snapshot_logs ... ok
test engine::tests::trigger_purge_log_test::test_trigger_purge_log_no_snapshot ... ok
test error::tests::test_append_too_large ... ok
test feature_serde_test::serde_enabled::test_app_data_response_serde_enabled ... ok
test feature_serde_test::serde_enabled::test_app_data_serde_enabled ... ok
test feature_serde_test::serde_enabled::test_optional_serde_enabled ... ok
test engine::tests::trigger_purge_log_test::test_trigger_purge_log_in_used_wont_be_delete ... ok
test membership::membership::tests::test_membership_ensure_voter_nodes ... ok
test membership::membership_test::test_membership ... ok
test membership::effective_membership_test::test_effective_membership_majority ... ok
test membership::membership_test::test_membership_add_learner ... ok
test membership::membership_test::test_membership_extend_nodes ... ok
test membership::membership_test::test_membership_next_coherent_with_nodes ... ok
test membership::membership_test::test_membership_update_nodes ... ok
test membership::membership::tests::test_membership_change ... ok
test log_id_range::tests::test_log_id_range_validate ... ok
test membership::membership_test::test_membership_with_nodes ... ok
test membership::membership_test::test_membership_next_coherent ... ok
test membership::membership_test::test_membership_with_learners ... ok
test progress::entry::tests::test_is_log_range_inflight ... ok
test progress::entry::tests::test_next_send ... ok
test membership::membership_test::test_membership_summary ... ok
test progress::entry::tests::test_update_conflicting ... ok
test progress::entry::tests::test_update_matching ... ok
test progress::inflight::tests::test_inflight_ack_inherit_request_id ... ok
test progress::inflight::tests::test_inflight_ack_with_invalid_request_id ... ok
test progress::inflight::tests::test_inflight_conflict_invalid_request_id ... ok
test progress::inflight::tests::test_inflight_is_xxx ... ok
test progress::inflight::tests::test_inflight_create ... ok
test progress::t::vec_progress_is_voter ... ok
test progress::inflight::tests::test_inflight_validate ... ok
test progress::t::vec_progress_move_up ... ok
test progress::t::vec_progress_get ... ok
test progress::t::vec_progress_new ... ok
test progress::t::vec_progress_iter ... ok
test progress::t::vec_progress_update ... ok
test progress::t::vec_progress_update_does_not_move_learner_elt ... ok
test progress::t::vec_progress_update_moves_up_above_granted ... ok
test progress::t::vec_progress_update_struct_value ... ok
test progress::t::vec_progress_upgrade_quorum_set ... ok
test proposer::leader::tests::test_1_entry_none_last_log_id ... ok
test proposer::leader::tests::test_leader_established ... ok
test progress::inflight::tests::test_inflight_conflict ... ok
test progress::inflight::tests::test_inflight_ack ... ok
test proposer::leader::tests::test_multiple_entries ... ok
test proposer::leader::tests::test_no_entries_provided ... ok
test proposer::leader::tests::test_leading_last_quorum_acked_time_leader_is_voter ... ok
test proposer::leader::tests::test_leader_new_with_proposed_log_id ... ok
test proposer::leader::tests::test_leading_last_quorum_acked_time_leader_is_not_member ... ok
test proposer::leader::tests::test_leading_last_quorum_acked_time_leader_is_learner ... ok
test quorum::coherent_test::test_find_coherent_joint ... ok
test quorum::coherent_test::test_is_coherent_slice ... ok
test quorum::coherent_test::test_is_coherent_vec ... ok
test quorum::quorum_set_test::test_ids ... ok
test quorum::quorum_set_test::test_simple_quorum_set_impl ... ok
test quorum::quorum_set_test::test_joint_quorum_set_impl ... ok
test raft::incoming_snapshot_test::failed_stream_cannot_be_overwritten_by_replacement ... ok
test raft::bounded_apply_test::actual_internal_noop_refusal_joins_and_closes_without_accepting_noop ... ok
test raft::bounded_apply_test::joined_shutdown_positively_cancels_unaccepted_prepared_snapshot ... ok
test raft::incoming_snapshot_test::retained_failure_notifies_live_core_exactly_once ... ok
test raft::bounded_apply_test::cancelled_shutdown_retains_pending_snapshot_and_unconsumed_real_apply_owner ... ok
test raft::bounded_apply_test::actual_source_wake_retries_same_snapshot_with_ticks_disabled ... ok
test raft::bounded_apply_test::blocked_committed_read_keeps_votes_and_appends_live_and_cancelled_snapshot_behind_exact_apply ... ok
test raft::shutdown_test::aborted_core_still_drains_ticker_and_retains_distinct_cancellation ... ok
test raft_state::membership_state::change_handler_test::test_apply_empty_voters ... ok
test raft_state::membership_state::change_handler_test::test_apply_learner_not_found ... ok
test raft_state::membership_state::change_handler_test::test_apply_not_committed ... ok
test raft::incoming_snapshot_test::unwound_incoming_rpc_notifies_live_core_and_preserves_owner ... ok
test raft_state::membership_state::change_handler_test::test_apply_retain_learner ... ok
test raft_state::membership_state::membership_state_test::test_membership_state_append ... ok
test raft::incoming_snapshot_test::unwound_data_poll_retains_uncertain_owner_without_polling_it_again ... ok
test raft_state::membership_state::membership_state_test::test_membership_state_is_member ... ok
test raft_state::membership_state::membership_state_test::test_membership_state_truncate ... ok
test raft_state::membership_state::membership_state_test::test_membership_state_commit ... ok
test raft_state::membership_state::membership_state_test::test_update_committed_resets_effective_at_purge_boundary ... ok
test raft_state::membership_state::membership_state_test::test_update_committed_keeps_uncovered_effective ... ok
test raft_state::membership_state::membership_state_test::test_membership_state_update_committed ... ok
test raft_state::membership_state::membership_state_test::test_update_committed_resets_purged_effective ... ok
test raft_state::membership_state::observer_test::observer_slot_is_shared_and_replacement_is_rejected ... ok
test raft_state::membership_state::observer_test::unchanged_membership_does_not_invalidate_for_ordinary_commits ... ok
test raft_state::tests::accepted_test::test_accepted ... ok
test raft_state::tests::forward_to_leader_test::test_forward_to_leader_has_leader ... ok
test raft_state::tests::forward_to_leader_test::test_forward_to_leader_not_a_member ... ok
test raft_state::membership_state::observer_test::callbacks_precede_append_commit_truncate_and_both_snapshot_updates ... ok
test raft_state::tests::forward_to_leader_test::test_forward_to_leader_vote_not_committed ... ok
test raft_state::tests::is_initialized_test::test_is_initialized ... ok
test raft_state::tests::log_state_reader_test::test_raft_state_has_log_id_committed_gets_true ... ok
test raft_state::tests::log_state_reader_test::test_raft_state_has_log_id_empty ... ok
test raft_state::tests::log_state_reader_test::test_raft_state_has_log_id_in_log_id_list ... ok
test raft_state::tests::log_state_reader_test::test_raft_state_last_purged_log_id ... ok
test raft_state::tests::log_state_reader_test::test_raft_state_last_log_id ... ok
test raft_state::tests::log_state_reader_test::test_raft_state_prev_log_id ... ok
test raft_state::tests::log_state_reader_test::test_raft_state_purge_upto ... ok
test raft_state::tests::validate_test::test_raft_state_validate_snapshot_is_none ... ok
test replication::response::tests::test_replication_result_display ... ok
test raft::shutdown_test::cancelled_shutdown_after_core_join_retains_ticker_and_both_failures ... ok
test replication::tasks_test::sender_failure_wakes_live_owner_and_preserves_runtime_abort ... ok
test replication::tasks_test::unspawned_reservation_is_released_only_after_producer_join ... ok
test storage::capacity::tests::a_reused_slots_retirement_panic_does_not_change_the_previous_obligations_outcome ... ok
test storage::capacity::tests::accepted_cancel_and_either_unknown_producer_keep_actual_tokens ... ok
test storage::capacity::tests::both_original_failures_stay_inspectable_without_retiring_obligation ... ok
test storage::capacity::tests::concurrent_real_completions_cannot_retire_twice ... ok
test storage::capacity::tests::explicit_close_returns_same_owner_while_actual_report_is_borrowed ... ok
test storage::capacity::tests::explicit_funding_close_preserves_payload_in_outer_preowned_shutdown_state ... ok
test storage::capacity::tests::known_internal_refusal_closes_slot_and_preserves_original_in_funded_diagnostic ... ok
test storage::capacity::tests::outer_shutdown_cell_retires_funding_without_its_mutex_and_marks_in_progress ... ok
test storage::capacity::tests::positive_unaccepted_snapshot_cleanup_retires_original_once ... ok
test storage::capacity::tests::raw_final_drop_during_existing_unwind_never_invokes_second_funding_callback ... ok
test storage::capacity::tests::refused_slot_returns_the_exact_unaccepted_owner_and_prepared_cancel_releases ... ok
test storage::capacity::tests::separate_append_and_flush_success_release_once_in_either_order ... ok
test storage::capacity::tests::snapshot_has_one_actual_durable_publisher_and_no_log_flush ... ok
test replication::tasks_test::joined_success_reuses_one_slot_without_history_growth ... ok
test storage::capacity::tests::snapshot_unknown_publisher_keeps_original_capacity_and_funding ... ok
test storage::capacity::tests::unknown_unaccepted_snapshot_cleanup_keeps_original_token ... ok
test storage::capacity::tests::successful_publication_retirement_panic_keeps_actual_payload_not_consumed_token ... ok
test storage::sm_custody_test::live_worker_observes_snapshot_failure_without_detached_monitor ... ok
test storage::sm_custody_test::cancelled_worker_join_retains_actual_panic_and_storage_failure ... ok
test storage::sm_custody_test::successful_snapshot_history_reuses_one_joined_builder_cell ... ok
test summary::tests::test_display ... ok
test storage::sm_custody_test::worker_completion_never_discards_held_snapshot_or_either_failure ... ok
test vote::leader_id::leader_id_adv::tests::test_committed_leader_id_serde ... ok
test vote::leader_id::leader_id_adv::tests::test_leader_id_partial_order ... ok
test vote::vote::tests::feature_no_single_term_leader::test_vote_serde ... ok
test vote::vote::tests::feature_no_single_term_leader::test_vote_total_order ... ok
test metrics::wait_test::test_wait_purged ... ok
test metrics::wait_test::test_wait_vote ... ok
test metrics::wait_test::test_wait_log_index ... ok
test core::auxiliary::tests::cancelled_drain_retains_independent_collector_panics_and_election_capacity ... ok
test raft::incoming_snapshot_test::cancelled_final_chunk_keeps_stream_until_successful_close_then_transfers_data ... ok
test raft::incoming_snapshot_test::cancelled_raft_shutdown_keeps_incoming_owner_until_actual_child_joins ... ok
test raft::incoming_snapshot_test::premature_data_transfer_returns_same_pending_owner_without_unwinding ... ok
test raft::incoming_snapshot_test::receive_and_close_failures_retain_independent_original_errors_and_owner ... ok
test replication::tasks_test::cancelled_drain_retains_both_original_errors_and_capacity ... ok
test core::sm::bounded_apply_tests::actual_worker_waits_for_each_consumed_prefix_before_reading_or_building_snapshot ... ok
test raft_state::membership_state::observer_test::installation_waits_for_an_unobserved_mutation_guard ... ok
test raft::bounded_apply_test::higher_vote_during_snapshot_preparation_cancels_before_conflict_acceptance ... ok
test metrics::wait_test::test_wait ... ok
test core::tick::tests::test_shutdown ... ok

test result: ok. 251 passed; 0 failed; 0 ignored; 0 measured; 0 filtered out; finished in 1.02s

Runner: 1.24s; exit=0; matching=1757/1757
