    Blocking waiting for file lock on package cache
   Compiling kasumi-kv v0.1.0 (/Users/takemiyamakoto/dev/kasumi/crates/kasumi-kv)
error[E0308]: arguments to this function are incorrect
    --> crates/kasumi-kv/src/cache.rs:1583:17
     |
1583 |         assert!(Arc::ptr_eq(
     |                 ^^^^^^^^^^^
     |
note: expected `&Arc<_, _>`, found `&CachedBytes`
    --> crates/kasumi-kv/src/cache.rs:1584:13
     |
1584 |             &cache.peek(0).unwrap(),
     |             ^^^^^^^^^^^^^^^^^^^^^^^
     = note: expected reference `&std::sync::Arc<_, _>`
                found reference `&cache::CachedBytes`
note: expected `&Arc<_, _>`, found `&CachedBytes`
    --> crates/kasumi-kv/src/cache.rs:1585:13
     |
1585 |             &cache.peek(99).unwrap()
     |             ^^^^^^^^^^^^^^^^^^^^^^^^
     = note: expected reference `&std::sync::Arc<_, _>`
                found reference `&cache::CachedBytes`
note: associated function defined here
    --> /rustc/8bab26f4f68e0e26f0bb7960be334d5b520ea452/library/alloc/src/sync.rs:2166:11

error[E0308]: arguments to this function are incorrect
    --> crates/kasumi-kv/src/cache.rs:2156:21
     |
2156 |             assert!(Arc::ptr_eq(
     |                     ^^^^^^^^^^^
     |
note: expected `&Arc<_, _>`, found `&CachedBytes`
    --> crates/kasumi-kv/src/cache.rs:2157:17
     |
2157 |                 &original,
     |                 ^^^^^^^^^
     = note: expected reference `&std::sync::Arc<_, _>`
                found reference `&cache::CachedBytes`
note: expected `&Arc<_, _>`, found `&CachedBytes`
    --> crates/kasumi-kv/src/cache.rs:2158:17
     |
2158 | /                 &cache
2159 | |                     .load(key, 64 << 10, |_| Err::<(), _>("alias missed"))
2160 | |                     .unwrap()
     | |_____________________________^
     = note: expected reference `&std::sync::Arc<_, _>`
                found reference `&cache::CachedBytes`
note: associated function defined here
    --> /rustc/8bab26f4f68e0e26f0bb7960be334d5b520ea452/library/alloc/src/sync.rs:2166:11

error[E0308]: arguments to this function are incorrect
    --> crates/kasumi-kv/src/cache.rs:2471:21
     |
2471 |             assert!(Arc::ptr_eq(
     |                     ^^^^^^^^^^^
     |
note: expected `&Arc<_, _>`, found `&CachedBytes`
    --> crates/kasumi-kv/src/cache.rs:2472:17
     |
2472 |                 &cache.peek(3).unwrap(),
     |                 ^^^^^^^^^^^^^^^^^^^^^^^
     = note: expected reference `&std::sync::Arc<_, _>`
                found reference `&cache::CachedBytes`
note: expected `&Arc<_, _>`, found `&CachedBytes`
    --> crates/kasumi-kv/src/cache.rs:2473:17
     |
2473 |                 &cache.peek(100).unwrap()
     |                 ^^^^^^^^^^^^^^^^^^^^^^^^^
     = note: expected reference `&std::sync::Arc<_, _>`
                found reference `&cache::CachedBytes`
note: associated function defined here
    --> /rustc/8bab26f4f68e0e26f0bb7960be334d5b520ea452/library/alloc/src/sync.rs:2166:11

For more information about this error, try `rustc --explain E0308`.
error: could not compile `kasumi-kv` (lib test) due to 3 previous errors
