   Compiling kasumi-store v0.1.0 (/Users/takemiyamakoto/dev/kasumi/crates/kasumi-store)
warning: method `matches_response_id` is never used
   --> vendor/rmcp-3.2.0/src/model.rs:251:19
    |
236 | impl NumberOrString {
    | ------------------- method in this implementation
...
251 |     pub(crate) fn matches_response_id(&self, response_id: &Self) -> bool {
    |                   ^^^^^^^^^^^^^^^^^^^
    |
    = note: `#[warn(dead_code)]` (part of `#[warn(unused)]`) on by default

warning: method `set_client_request_metadata` is never used
    --> vendor/rmcp-3.2.0/src/service.rs:1032:19
     |
 806 | impl<R: ServiceRole> Peer<R> {
     | ---------------------------- method in this implementation
...
1032 |     pub(crate) fn set_client_request_metadata(&self, metadata: ClientRequestMetadata) {
     |                   ^^^^^^^^^^^^^^^^^^^^^^^^^^^

warning: method `is_authorization_required` is never used
   --> vendor/rmcp-3.2.0/src/transport.rs:275:19
    |
249 | impl DynamicTransportError {
    | -------------------------- method in this implementation
...
275 |     pub(crate) fn is_authorization_required(&self) -> bool {
    |                   ^^^^^^^^^^^^^^^^^^^^^^^^^

warning: `rmcp` (lib) generated 3 warnings
   Compiling kasumi-raft v0.1.0 (/Users/takemiyamakoto/dev/kasumi/crates/kasumi-raft)
   Compiling kasumi-authority v0.1.0 (/Users/takemiyamakoto/dev/kasumi/crates/kasumi-authority)
   Compiling kasumi-engine v0.1.0 (/Users/takemiyamakoto/dev/kasumi/crates/kasumi-engine)
warning: variant `Mutation` is never constructed
  --> crates/kasumi-engine/src/security_audit_jobs.rs:26:5
   |
24 | enum JobEffect {
   |      --------- variant in this enum
25 |     Read,
26 |     Mutation(&'static str),
   |     ^^^^^^^^
   |
   = note: `JobEffect` has a derived impl for the trait `Clone`, but this is intentionally ignored during dead code analysis
   = note: `#[warn(dead_code)]` (part of `#[warn(unused)]`) on by default

warning: struct `ReadPause` is never constructed
  --> crates/kasumi-engine/src/security_audit_jobs.rs:57:19
   |
57 | pub(super) struct ReadPause {
   |                   ^^^^^^^^^

warning: method `run_mutation` is never used
   --> crates/kasumi-engine/src/security_audit_jobs.rs:120:25
    |
 62 | impl SecurityAudit {
    | ------------------ method in this implementation
...
120 |     pub(super) async fn run_mutation<T, F, R>(&self, component: &'static str, run: R) -> Result<T>
    |                         ^^^^^^^^^^^^

warning: `kasumi-engine` (lib) generated 3 warnings
   Compiling kasumi-server v0.1.0 (/Users/takemiyamakoto/dev/kasumi/crates/kasumi-server)
warning: linker stderr: ld: __eh_frame section too large (max 16MB) to encode dwarf unwind offsets in compact unwind table, performance of exception handling might be affected
  |
  = note: `#[warn(linker_messages)]` on by default

warning: `kasumi-server` (lib test) generated 1 warning
    Finished `test` profile [unoptimized + debuginfo] target(s) in 37.39s
     Running unittests src/lib.rs (target/disk-backed-cache/debug/deps/kasumi_server-34d1dc4bf0b94ee0)

running 1 test
cache worker handoff fixture: initializing standalone
standalone initialization: preparing installation
standalone initialization: creating security catalog
standalone initialization: initializing security audit
standalone initialization: provisioning databases
standalone provision __kasumi_control: creating catalogs
standalone provision __kasumi_control: opening local database
domain commit original error: CommitError(
    Io(
        Kind(
            InvalidData,
        ),
    ),
)
standalone provision __kasumi_control: original configuration error: DrainFailure {
    completion: Complete,
    issues: [
        DrainIssue {
            component: "Raft startup",
            instance: 0,
            error: Error {
                context: "initialize raft membership",
                source: Fatal(
                    StorageError(
                        IO {
                            source: StorageIOError {
                                subject: Store,
                                verb: Write,
                                source: std::io::error::Error: durable domain transaction failed; outcome may be unknown,
                                backtrace: None,
                            },
                        },
                    ),
                ),
            },
        },
        DrainIssue {
            component: "OpenRaft runtime",
            instance: 0,
            error: ShutdownError {
                core: Some(
                    StorageError(
                        IO {
                            source: StorageIOError {
                                subject: Store,
                                verb: Write,
                                source: std::io::error::Error: durable domain transaction failed; outcome may be unknown,
                                backtrace: None,
                            },
                        },
                    ),
                ),
                core_join_error: None,
                ticker: None,
                state_machine: None,
                snapshot_builder: None,
                replications: [],
                auxiliary: [],
                incoming_snapshot: None,
            },
        },
    ],
}
standalone provision __kasumi_control: draining (configured_ok=false)
standalone provision __kasumi_control: drained
standalone initialization: draining resources (prepared_ok=false)
node close diagnostic shutdown: Core(
    OwnerFailed,
)
node close diagnostic backend: Io(
    Kind(
        Other,
    ),
)
startup owner drain: DrainFailure { completion: Retained, issues: [DrainIssue { component: "node database", instance: 0, error: registered node opening StorageOwnerId { index: 0, generation: 1 } close settled DrainedWithFailure }] }
startup owner drain: DrainFailure { completion: Retained, issues: [DrainIssue { component: "node database", instance: 0, error: registered node opening StorageOwnerId { index: 0, generation: 1 } close settled DrainedWithFailure }] }
startup owner drain: DrainFailure { completion: Retained, issues: [DrainIssue { component: "node database", instance: 0, error: registered node opening StorageOwnerId { index: 0, generation: 1 } close settled DrainedWithFailure }] }
startup owner drain: DrainFailure { completion: Retained, issues: [DrainIssue { component: "node database", instance: 0, error: registered node opening StorageOwnerId { index: 0, generation: 1 } close settled DrainedWithFailure }] }
startup owner drain: DrainFailure { completion: Retained, issues: [DrainIssue { component: "node database", instance: 0, error: registered node opening StorageOwnerId { index: 0, generation: 1 } close settled DrainedWithFailure }] }
Error: cache worker handoff fixture: standalone initialization timed out

Caused by:
    deadline has elapsed
test runtime::lifecycle_tests::node_cache_workers_wait_for_runtime_handoff_and_drain_if_unclaimed ... FAILED

failures:

failures:
    runtime::lifecycle_tests::node_cache_workers_wait_for_runtime_handoff_and_drain_if_unclaimed

test result: FAILED. 0 passed; 1 failed; 0 ignored; 0 measured; 273 filtered out; finished in 30.01s

error: test failed, to rerun pass `-p kasumi-server --lib`
