   Compiling kasumi-store v0.1.0 (/Users/takemiyamakoto/dev/kasumi/crates/kasumi-store)
   Compiling kasumi-raft v0.1.0 (/Users/takemiyamakoto/dev/kasumi/crates/kasumi-raft)
   Compiling kasumi-engine v0.1.0 (/Users/takemiyamakoto/dev/kasumi/crates/kasumi-engine)
warning: variant `Mutation` is never constructed
  --> crates/kasumi-engine/src/security_audit_jobs.rs:26:5
   |
24 | enum JobEffect {
   |      --------- variant in this enum
25 |     Read,
26 |     Mutation(&'static str),
   |     ^^^^^^^^
   |
   = note: `JobEffect` has a derived impl for the trait `Clone`, but this is intentionally ignored during dead code analysis
   = note: `#[warn(dead_code)]` (part of `#[warn(unused)]`) on by default

warning: struct `ReadPause` is never constructed
  --> crates/kasumi-engine/src/security_audit_jobs.rs:57:19
   |
57 | pub(super) struct ReadPause {
   |                   ^^^^^^^^^

warning: method `run_mutation` is never used
   --> crates/kasumi-engine/src/security_audit_jobs.rs:120:25
    |
 62 | impl SecurityAudit {
    | ------------------ method in this implementation
...
120 |     pub(super) async fn run_mutation<T, F, R>(&self, component: &'static str, run: R) -> Result<T>
    |                         ^^^^^^^^^^^^

warning: `kasumi-engine` (lib) generated 3 warnings
warning: field `panic` is never read
  --> crates/kasumi-engine/src/security_audit_jobs.rs:52:9
   |
48 | pub(super) struct RecordFault {
   |                   ----------- field in this struct
...
52 |     pub panic: bool,
   |         ^^^^^

warning: `kasumi-engine` (lib test) generated 4 warnings (3 duplicates)
    Finished `test` profile [unoptimized + debuginfo] target(s) in 1m 43s
     Running unittests src/lib.rs (target/disk-backed-cache/debug/deps/kasumi_engine-3656345440c90b6a)

running 8 tests
test state::mutation_apply::tests::verified_point_history_crosses_former_count_limit_before_a_real_new_mutation ... ignored, explicit permanent-receipt capacity cohort; streams 100,000 encrypted point rows
test state::mutation_apply::tests::terminal_reservation_covers_error_codes_escaped_versions_and_counter_widths ... ok

thread 'state::mutation_apply::tests::recovery_seal_two_writes_three_reads_are_atomic_and_replay_original_receipts' (4250790) panicked at crates/kasumi-engine/src/mutation_apply_tests.rs:99:10:
called `Result::unwrap()` on an `Err` value: Error { code: Corruption, message: "scratch table setup failed: storage capacity denied" }
note: run with `RUST_BACKTRACE=1` environment variable to display a backtrace

thread 'state::mutation_apply::tests::admitted_failure_survives_byte_exhaustion_expansion_and_snapshot_replay' (4250787) panicked at crates/kasumi-engine/src/mutation_apply_tests.rs:99:10:
called `Result::unwrap()` on an `Err` value: Error { code: Corruption, message: "scratch table setup failed: storage capacity denied" }

thread 'state::mutation_apply::tests::snapshot_quota_rejection_preserves_text_writer_and_original_receipts' (4250791) panicked at crates/kasumi-engine/src/mutation_apply_tests.rs:99:10:
called `Result::unwrap()` on an `Err` value: Error { code: Corruption, message: "scratch table setup failed: storage capacity denied" }

thread 'state::mutation_apply::tests::invalid_index_inputs_remain_deterministic_rejections_before_text_materialization' (4250789) panicked at crates/kasumi-engine/src/mutation_apply_tests.rs:99:10:
called `Result::unwrap()` on an `Err` value: Error { code: Corruption, message: "scratch table setup failed: storage capacity denied" }
test state::mutation_apply::tests::recovery_seal_two_writes_three_reads_are_atomic_and_replay_original_receipts ... FAILED
test state::mutation_apply::tests::snapshot_quota_rejection_preserves_text_writer_and_original_receipts ... FAILED

thread 'state::mutation_apply::tests::hot_audit_exhaustion_cannot_rewrite_original_or_admit_a_new_identity' (4250788) panicked at crates/kasumi-engine/src/mutation_apply_tests.rs:99:10:
called `Result::unwrap()` on an `Err` value: Error { code: Corruption, message: "scratch table setup failed: storage capacity denied" }
test state::mutation_apply::tests::admitted_failure_survives_byte_exhaustion_expansion_and_snapshot_replay ... FAILED

thread 'state::mutation_apply::tests::text_materialization_failure_is_outer_and_does_not_select_a_receipt' (4250793) panicked at crates/kasumi-engine/src/mutation_apply_tests.rs:99:10:
called `Result::unwrap()` on an `Err` value: Error { code: Corruption, message: "scratch table setup failed: storage capacity denied" }
test state::mutation_apply::tests::invalid_index_inputs_remain_deterministic_rejections_before_text_materialization ... FAILED
test state::mutation_apply::tests::hot_audit_exhaustion_cannot_rewrite_original_or_admit_a_new_identity ... FAILED
test state::mutation_apply::tests::text_materialization_failure_is_outer_and_does_not_select_a_receipt ... FAILED

failures:

failures:
    state::mutation_apply::tests::admitted_failure_survives_byte_exhaustion_expansion_and_snapshot_replay
    state::mutation_apply::tests::hot_audit_exhaustion_cannot_rewrite_original_or_admit_a_new_identity
    state::mutation_apply::tests::invalid_index_inputs_remain_deterministic_rejections_before_text_materialization
    state::mutation_apply::tests::recovery_seal_two_writes_three_reads_are_atomic_and_replay_original_receipts
    state::mutation_apply::tests::snapshot_quota_rejection_preserves_text_writer_and_original_receipts
    state::mutation_apply::tests::text_materialization_failure_is_outer_and_does_not_select_a_receipt

test result: FAILED. 1 passed; 6 failed; 1 ignored; 0 measured; 333 filtered out; finished in 0.99s

error: test failed, to rerun pass `-p kasumi-engine --lib`
