
running 13 tests
test signer_runtime::tests::runtime_verifier_rejects_legacy_file_and_symlink_before_worker_admission ... ok

thread 'signer_runtime::tests::cancelled_verifier_initialization_retains_physical_owner_and_unclaimed_panic' (4613876) panicked at crates/kasumi-server/src/startup_preparation.rs:78:13:
verifier-storage-catalog
note: run with `RUST_BACKTRACE=1` environment variable to display a backtrace

thread 'signer_runtime::tests::panicked_verifier_initialization_drains_each_acquired_encrypted_owner' (4613884) panicked at crates/kasumi-server/src/startup_preparation.rs:78:13:
verifier-storage-node
node close diagnostic shutdown: Core(
    OwnerFailed,
)
node close diagnostic backend: Io(
    Kind(
        Other,
    ),
)

thread 'signer_runtime::tests::partial_verifier_is_never_adopted_and_corrupt_complete_head_is_never_reseeded' (4613885) panicked at crates/kasumi-server/src/signer_runtime_tests.rs:654:10:
called `Result::unwrap()` on an `Err` value: local signer trust commit outcome may be unknown

Caused by:
    0: invalid data
    1: invalid data
    2: invalid data
startup owner drain: DrainFailure { completion: Retained, issues: [DrainIssue { component: "node database", instance: 0, error: registered node opening StorageOwnerId { index: 0, generation: 1 } close settled DrainedWithFailure }] }
node close diagnostic shutdown: Core(
    OwnerFailed,
)
node close diagnostic backend: Io(
    Kind(
        Other,
    ),
)
startup owner drain: DrainFailure { completion: Retained, issues: [DrainIssue { component: "node database", instance: 0, error: registered node opening StorageOwnerId { index: 0, generation: 1 } close settled DrainedWithFailure }] }
test signer_runtime::tests::partial_verifier_is_never_adopted_and_corrupt_complete_head_is_never_reseeded ... FAILED
node close diagnostic shutdown: Core(
    OwnerFailed,
)
node close diagnostic backend: Io(
    Kind(
        Other,
    ),
)
startup owner drain: DrainFailure { completion: Retained, issues: [DrainIssue { component: "node database", instance: 0, error: registered node opening StorageOwnerId { index: 0, generation: 1 } close settled DrainedWithFailure }] }
node close diagnostic shutdown: Core(
    OwnerFailed,
)
node close diagnostic backend: Io(
    Kind(
        Other,
    ),
)
startup owner drain: DrainFailure { completion: Retained, issues: [DrainIssue { component: "node database", instance: 0, error: registered node opening StorageOwnerId { index: 0, generation: 1 } close settled DrainedWithFailure }] }
node close diagnostic shutdown: Core(
    OwnerFailed,
)
node close diagnostic backend: Io(
    Kind(
        Other,
    ),
)
startup owner drain: DrainFailure { completion: Retained, issues: [DrainIssue { component: "node database", instance: 0, error: registered node opening StorageOwnerId { index: 0, generation: 1 } close settled DrainedWithFailure }] }
node close diagnostic shutdown: Core(
    OwnerFailed,
)
node close diagnostic backend: Io(
    Kind(
        Other,
    ),
)
startup owner drain: DrainFailure { completion: Retained, issues: [DrainIssue { component: "node database", instance: 0, error: registered node opening StorageOwnerId { index: 0, generation: 1 } close settled DrainedWithFailure }] }
node close diagnostic shutdown: Core(
    OwnerFailed,
)
node close diagnostic backend: Io(
    Kind(
        Other,
    ),
)
startup owner drain: DrainFailure { completion: Retained, issues: [DrainIssue { component: "node database", instance: 0, error: registered node opening StorageOwnerId { index: 0, generation: 1 } close settled DrainedWithFailure }] }
node close diagnostic shutdown: Core(
    OwnerFailed,
)
node close diagnostic backend: Io(
    Kind(
        Other,
    ),
)
startup owner drain: DrainFailure { completion: Retained, issues: [DrainIssue { component: "node database", instance: 0, error: registered node opening StorageOwnerId { index: 0, generation: 1 } close settled DrainedWithFailure }] }
node close diagnostic shutdown: Core(
    OwnerFailed,
)
node close diagnostic backend: Io(
    Kind(
        Other,
    ),
)
startup owner drain: DrainFailure { completion: Retained, issues: [DrainIssue { component: "node database", instance: 0, error: registered node opening StorageOwnerId { index: 0, generation: 1 } close settled DrainedWithFailure }] }

thread 'signer_runtime::tests::panicked_verifier_initialization_drains_each_acquired_encrypted_owner' (4613884) panicked at crates/kasumi-server/src/startup_preparation.rs:78:13:
verifier-storage-catalog
startup owner drain: DrainFailure { completion: Retained, issues: [DrainIssue { component: "node database", instance: 0, error: registered node opening StorageOwnerId { index: 0, generation: 1 } close settled DrainedWithFailure }] }
startup owner drain: DrainFailure { completion: Retained, issues: [DrainIssue { component: "node database", instance: 0, error: registered node opening StorageOwnerId { index: 0, generation: 1 } close settled DrainedWithFailure }] }

thread 'signer_runtime::tests::cancelled_verifier_initialization_retains_physical_owner_and_unclaimed_panic' (4613876) panicked at crates/kasumi-server/src/startup_preparation.rs:78:13:
verifier-installation-complete
startup owner drain: DrainFailure { completion: Retained, issues: [DrainIssue { component: "node database", instance: 0, error: registered node opening StorageOwnerId { index: 0, generation: 1 } close settled DrainedWithFailure }] }
startup owner drain: DrainFailure { completion: Retained, issues: [DrainIssue { component: "node database", instance: 0, error: registered node opening StorageOwnerId { index: 0, generation: 1 } close settled DrainedWithFailure }] }
startup owner drain: DrainFailure { completion: Retained, issues: [DrainIssue { component: "node database", instance: 0, error: registered node opening StorageOwnerId { index: 0, generation: 1 } close settled DrainedWithFailure }] }
startup owner drain: DrainFailure { completion: Retained, issues: [DrainIssue { component: "node database", instance: 0, error: registered node opening StorageOwnerId { index: 0, generation: 1 } close settled DrainedWithFailure }] }
startup owner drain: DrainFailure { completion: Retained, issues: [DrainIssue { component: "node database", instance: 0, error: registered node opening StorageOwnerId { index: 0, generation: 1 } close settled DrainedWithFailure }] }
test signer_runtime::tests::cancelled_verifier_initialization_retains_physical_owner_and_unclaimed_panic ... ok
startup owner drain: DrainFailure { completion: Retained, issues: [DrainIssue { component: "node database", instance: 0, error: registered node opening StorageOwnerId { index: 0, generation: 1 } close settled DrainedWithFailure }] }
startup owner drain: DrainFailure { completion: Retained, issues: [DrainIssue { component: "node database", instance: 0, error: registered node opening StorageOwnerId { index: 0, generation: 1 } close settled DrainedWithFailure }] }

thread 'signer_runtime::tests::panicked_verifier_initialization_drains_each_acquired_encrypted_owner' (4613884) panicked at crates/kasumi-server/src/startup_preparation.rs:78:13:
verifier-installation-store

thread 'signer_runtime::tests::panicked_verifier_initialization_drains_each_acquired_encrypted_owner' (4613884) panicked at crates/kasumi-server/src/startup_preparation.rs:78:13:
verifier-installation-domains

thread 'signer_runtime::tests::panicked_verifier_initialization_drains_each_acquired_encrypted_owner' (4613884) panicked at crates/kasumi-server/src/startup_preparation.rs:78:13:
verifier-installation-complete
startup owner drain: DrainFailure { completion: Retained, issues: [DrainIssue { component: "node database", instance: 0, error: registered node opening StorageOwnerId { index: 0, generation: 1 } close settled DrainedWithFailure }] }
startup owner drain: DrainFailure { completion: Retained, issues: [DrainIssue { component: "node database", instance: 0, error: registered node opening StorageOwnerId { index: 0, generation: 1 } close settled DrainedWithFailure }] }
test signer_runtime::tests::panicked_verifier_initialization_drains_each_acquired_encrypted_owner ... ok
startup owner drain: DrainFailure { completion: Retained, issues: [DrainIssue { component: "node database", instance: 0, error: registered node opening StorageOwnerId { index: 0, generation: 1 } close settled DrainedWithFailure }] }
startup owner drain: DrainFailure { completion: Retained, issues: [DrainIssue { component: "node database", instance: 0, error: registered node opening StorageOwnerId { index: 0, generation: 1 } close settled DrainedWithFailure }] }
startup owner drain: DrainFailure { completion: Retained, issues: [DrainIssue { component: "node database", instance: 0, error: registered node opening StorageOwnerId { index: 0, generation: 1 } close settled DrainedWithFailure }] }
startup owner drain: DrainFailure { completion: Retained, issues: [DrainIssue { component: "node database", instance: 0, error: registered node opening StorageOwnerId { index: 0, generation: 1 } close settled DrainedWithFailure }] }
startup owner drain: DrainFailure { completion: Retained, issues: [DrainIssue { component: "node database", instance: 0, error: registered node opening StorageOwnerId { index: 0, generation: 1 } close settled DrainedWithFailure }] }
startup owner drain: DrainFailure { completion: Retained, issues: [DrainIssue { component: "node database", instance: 0, error: registered node opening StorageOwnerId { index: 0, generation: 1 } close settled DrainedWithFailure }] }
startup owner drain: DrainFailure { completion: Retained, issues: [DrainIssue { component: "node database", instance: 0, error: registered node opening StorageOwnerId { index: 0, generation: 1 } close settled DrainedWithFailure }] }
startup owner drain: DrainFailure { completion: Retained, issues: [DrainIssue { component: "node database", instance: 0, error: registered node opening StorageOwnerId { index: 0, generation: 1 } close settled DrainedWithFailure }] }
startup owner drain: DrainFailure { completion: Retained, issues: [DrainIssue { component: "node database", instance: 0, error: registered node opening StorageOwnerId { index: 0, generation: 1 } close settled DrainedWithFailure }] }
startup owner drain: DrainFailure { completion: Retained, issues: [DrainIssue { component: "node database", instance: 0, error: registered node opening StorageOwnerId { index: 0, generation: 1 } close settled DrainedWithFailure }] }
startup owner drain: DrainFailure { completion: Retained, issues: [DrainIssue { component: "node database", instance: 0, error: registered node opening StorageOwnerId { index: 0, generation: 1 } close settled DrainedWithFailure }] }
startup owner drain: DrainFailure { completion: Retained, issues: [DrainIssue { component: "node database", instance: 0, error: registered node opening StorageOwnerId { index: 0, generation: 1 } close settled DrainedWithFailure }] }
startup owner drain: DrainFailure { completion: Retained, issues: [DrainIssue { component: "node database", instance: 0, error: registered node opening StorageOwnerId { index: 0, generation: 1 } close settled DrainedWithFailure }] }
startup owner drain: DrainFailure { completion: Retained, issues: [DrainIssue { component: "node database", instance: 0, error: registered node opening StorageOwnerId { index: 0, generation: 1 } close settled DrainedWithFailure }] }
startup owner drain: DrainFailure { completion: Retained, issues: [DrainIssue { component: "node database", instance: 0, error: registered node opening StorageOwnerId { index: 0, generation: 1 } close settled DrainedWithFailure }] }
startup owner drain: DrainFailure { completion: Retained, issues: [DrainIssue { component: "node database", instance: 0, error: registered node opening StorageOwnerId { index: 0, generation: 1 } close settled DrainedWithFailure }] }

thread 'signer_runtime::tests::verifier_shutdown_joins_renewal_after_setup_owner_is_dropped' (4613888) panicked at crates/kasumi-server/src/signer_runtime_tests.rs:490:6:
shutdown ownership fixture timed out: Elapsed(())

thread 'signer_runtime::tests::renewal_shutdown_keeps_its_handle_through_cancelled_join_and_verifier_reopen' (4613886) panicked at crates/kasumi-server/src/signer_runtime_tests.rs:444:6:
shutdown ownership fixture timed out: Elapsed(())
test signer_runtime::tests::verifier_shutdown_joins_renewal_after_setup_owner_is_dropped ... FAILED
test signer_runtime::tests::renewal_shutdown_keeps_its_handle_through_cancelled_join_and_verifier_reopen ... FAILED
startup owner drain: DrainFailure { completion: Retained, issues: [DrainIssue { component: "node database", instance: 0, error: registered node opening StorageOwnerId { index: 0, generation: 1 } close settled DrainedWithFailure }] }
startup owner drain: DrainFailure { completion: Retained, issues: [DrainIssue { component: "node database", instance: 0, error: registered node opening StorageOwnerId { index: 0, generation: 1 } close settled DrainedWithFailure }] }
startup owner drain: DrainFailure { completion: Retained, issues: [DrainIssue { component: "node database", instance: 0, error: registered node opening StorageOwnerId { index: 0, generation: 1 } close settled DrainedWithFailure }] }
startup owner drain: DrainFailure { completion: Retained, issues: [DrainIssue { component: "node database", instance: 0, error: registered node opening StorageOwnerId { index: 0, generation: 1 } close settled DrainedWithFailure }] }
startup owner drain: DrainFailure { completion: Retained, issues: [DrainIssue { component: "node database", instance: 0, error: registered node opening StorageOwnerId { index: 0, generation: 1 } close settled DrainedWithFailure }] }
startup owner drain: DrainFailure { completion: Retained, issues: [DrainIssue { component: "node database", instance: 0, error: registered node opening StorageOwnerId { index: 0, generation: 1 } close settled DrainedWithFailure }] }
startup owner drain: DrainFailure { completion: Retained, issues: [DrainIssue { component: "node database", instance: 0, error: registered node opening StorageOwnerId { index: 0, generation: 1 } close settled DrainedWithFailure }] }
startup owner drain: DrainFailure { completion: Retained, issues: [DrainIssue { component: "node database", instance: 0, error: registered node opening StorageOwnerId { index: 0, generation: 1 } close settled DrainedWithFailure }] }
startup owner drain: DrainFailure { completion: Retained, issues: [DrainIssue { component: "node database", instance: 0, error: registered node opening StorageOwnerId { index: 0, generation: 1 } close settled DrainedWithFailure }] }
startup owner drain: DrainFailure { completion: Retained, issues: [DrainIssue { component: "node database", instance: 0, error: registered node opening StorageOwnerId { index: 0, generation: 1 } close settled DrainedWithFailure }] }
startup owner drain: DrainFailure { completion: Retained, issues: [DrainIssue { component: "node database", instance: 0, error: registered node opening StorageOwnerId { index: 0, generation: 1 } close settled DrainedWithFailure }] }
startup owner drain: DrainFailure { completion: Retained, issues: [DrainIssue { component: "node database", instance: 0, error: registered node opening StorageOwnerId { index: 0, generation: 1 } close settled DrainedWithFailure }] }
startup owner drain: DrainFailure { completion: Retained, issues: [DrainIssue { component: "node database", instance: 0, error: registered node opening StorageOwnerId { index: 0, generation: 1 } close settled DrainedWithFailure }] }
startup owner drain: DrainFailure { completion: Retained, issues: [DrainIssue { component: "node database", instance: 0, error: registered node opening StorageOwnerId { index: 0, generation: 1 } close settled DrainedWithFailure }] }
test signer_runtime::tests::checked_replicated_installation_identity_requires_its_live_exact_disk has been running for over 60 seconds
test signer_runtime::tests::complete_domain_worker_budget_is_reserved_before_verifier_storage_open has been running for over 60 seconds
test signer_runtime::tests::completed_verifier_installation_requires_current_writer_bytes_without_repair has been running for over 60 seconds
test signer_runtime::tests::explicit_encrypted_verifier_initialization_never_bootstraps_runtime_trust has been running for over 60 seconds
test signer_runtime::tests::filesystem_backup_open_requires_original_encrypted_verifier_owner has been running for over 60 seconds
test signer_runtime::tests::initialization_rejects_noninitial_and_mismatched_domains_without_publishing has been running for over 60 seconds
test signer_runtime::tests::operational_source_is_private_bounded_and_cannot_substitute_installed_trust has been running for over 60 seconds
startup owner drain: DrainFailure { completion: Retained, issues: [DrainIssue { component: "node database", instance: 0, error: registered node opening StorageOwnerId { index: 0, generation: 1 } close settled DrainedWithFailure }] }
startup owner drain: DrainFailure { completion: Retained, issues: [DrainIssue { component: "node database", instance: 0, error: registered node opening StorageOwnerId { index: 0, generation: 1 } close settled DrainedWithFailure }] }
startup owner drain: DrainFailure { completion: Retained, issues: [DrainIssue { component: "node database", instance: 0, error: registered node opening StorageOwnerId { index: 0, generation: 1 } close settled DrainedWithFailure }] }
startup owner drain: DrainFailure { completion: Retained, issues: [DrainIssue { component: "node database", instance: 0, error: registered node opening StorageOwnerId { index: 0, generation: 1 } close settled DrainedWithFailure }] }
startup owner drain: DrainFailure { completion: Retained, issues: [DrainIssue { component: "node database", instance: 0, error: registered node opening StorageOwnerId { index: 0, generation: 1 } close settled DrainedWithFailure }] }
startup owner drain: DrainFailure { completion: Retained, issues: [DrainIssue { component: "node database", instance: 0, error: registered node opening StorageOwnerId { index: 0, generation: 1 } close settled DrainedWithFailure }] }
startup owner drain: DrainFailure { completion: Retained, issues: [DrainIssue { component: "node database", instance: 0, error: registered node opening StorageOwnerId { index: 0, generation: 1 } close settled DrainedWithFailure }] }
