
running 8 tests
test target_runtime::shutdown_tests::target_absence_requires_a_successful_filesystem_observation ... ok
test target_runtime::shutdown_tests::never_enrolled_target_leaf_has_a_managed_absence_proof ... ok
test target_runtime::shutdown_tests::transient_root_swap_during_path_probe_cannot_prove_target_absence ... ok
test target_runtime::shutdown_tests::missing_previously_enrolled_target_leaf_is_not_an_absence_proof ... ok
test target_runtime::shutdown_tests::target_generation_close_joins_cancelled_catalog_initializers_before_file_cleanup ... ok
test target_runtime::shutdown_tests::stop_local_generation_root_substitution_fences_before_cleanup_claim ... ok

thread 'target_runtime::shutdown_tests::target_cache_workers_wait_for_parent_handoff_and_drain_late_generation' (4585745) panicked at crates/kasumi-server/src/target_runtime_shutdown_tests.rs:86:91:
called `Result::unwrap()` on an `Err` value: durable encrypted batch commit failed; outcome may be unknown

Caused by:
    0: invalid data
    1: invalid data
    2: invalid data
note: run with `RUST_BACKTRACE=1` environment variable to display a backtrace

thread 'target_runtime::shutdown_tests::target_monitor_and_outer_owner_survive_cancelled_shutdown_until_journal_reopens' (4585747) panicked at crates/kasumi-server/src/target_runtime_shutdown_tests.rs:86:91:
called `Result::unwrap()` on an `Err` value: durable encrypted batch commit failed; outcome may be unknown

Caused by:
    0: invalid data
    1: invalid data
    2: invalid data
test target_runtime::shutdown_tests::target_monitor_and_outer_owner_survive_cancelled_shutdown_until_journal_reopens ... FAILED
test target_runtime::shutdown_tests::target_cache_workers_wait_for_parent_handoff_and_drain_late_generation ... FAILED

failures:

failures:
    target_runtime::shutdown_tests::target_cache_workers_wait_for_parent_handoff_and_drain_late_generation
    target_runtime::shutdown_tests::target_monitor_and_outer_owner_survive_cancelled_shutdown_until_journal_reopens

test result: FAILED. 6 passed; 2 failed; 0 ignored; 0 measured; 266 filtered out; finished in 1.86s

