    Checking kasumi-kv v0.1.0 (/Users/takemiyamakoto/dev/kasumi/crates/kasumi-kv)
warning: unused import: `AtomicU64`
  --> crates/kasumi-kv/src/cache.rs:15:25
   |
15 | use std::sync::atomic::{AtomicU64, AtomicUsize, Ordering};
   |                         ^^^^^^^^^
   |
   = note: `#[warn(unused_imports)]` (part of `#[warn(unused)]`) on by default

error[E0499]: cannot borrow `*self` as mutable more than once at a time
    --> crates/kasumi-kv/src/cache.rs:1258:42
     |
1251 |               let exchange = self
     |  ____________________________-
1252 | |                 .slots_lease
     | |____________________________- first mutable borrow occurs here
...
1258 |                   Err(error) => return Err(self.map_pool_error(error, maintenance)),
     |                                            ^^^^ second mutable borrow occurs here
...
1264 |           } else {
     |           - first borrow might be used here, when `exchange` is dropped and runs the destructor for type `Result<Exchange<'_>, pool::BorrowError>`

For more information about this error, try `rustc --explain E0499`.
warning: `kasumi-kv` (lib) generated 1 warning
error: could not compile `kasumi-kv` (lib) due to 1 previous error; 1 warning emitted
