   Compiling serde_json v1.0.151 (/Users/takemiyamakoto/dev/kasumi/vendor/serde_json-1.0.151)
   Compiling tracing-core v0.1.36
   Compiling rand_core v0.10.1
   Compiling indexmap v2.14.1
   Compiling ring v0.17.14
   Compiling rustix v1.1.4
   Compiling prost-derive v0.14.4
   Compiling tokio-stream v0.1.19
   Compiling pulldown-cmark v0.13.4
   Compiling getrandom v0.4.3
   Compiling chrono v0.4.45
   Compiling base64 v0.23.1
   Compiling dyn-clone v1.0.20
   Compiling rand v0.10.2
   Compiling chacha20 v0.10.2
   Compiling uuid v1.26.0
   Compiling tempfile v3.27.0
   Compiling pem v4.0.0
   Compiling tracing v0.1.44
   Compiling serde_yaml_ng v0.10.0
   Compiling tracing-serde v0.2.0
   Compiling petgraph v0.8.3
   Compiling rmcp-macros v3.2.0
   Compiling sharded-slab v0.1.7
   Compiling sse-stream v0.2.6
   Compiling prost v0.14.4
   Compiling h2 v0.4.19
   Compiling tower v0.5.3
   Compiling axum-core v0.5.6
   Compiling kasumi-types v0.1.0 (/Users/takemiyamakoto/dev/kasumi/crates/kasumi-types)
   Compiling pulldown-cmark-to-cmark v22.0.1
   Compiling prost-types v0.14.4
   Compiling xattr v1.6.1
   Compiling lindera-dictionary v5.3.0
   Compiling tantivy-query-grammar v0.26.0
   Compiling openraft-macros v0.9.25 (/Users/takemiyamakoto/dev/kasumi/vendor/openraft-0.9.25/macros)
   Compiling tar v0.4.46
   Compiling tracing-futures v0.2.5
   Compiling referencing v0.52.1
   Compiling jsonschema-value v0.52.1
   Compiling schemars v1.2.2
   Compiling pem v3.0.6
   Compiling openraft v0.9.25 (/Users/takemiyamakoto/dev/kasumi/vendor/openraft-0.9.25/openraft)
   Compiling tower-http v0.6.11
   Compiling simple_asn1 v0.6.4
   Compiling yasna v0.6.0
   Compiling prost-build v0.14.4
   Compiling thread_local v1.1.10
   Compiling rustls v0.23.43
   Compiling tracing-subscriber v0.3.23
   Compiling jsonschema v0.52.1
   Compiling tantivy v0.26.1
   Compiling rmcp v3.2.0 (/Users/takemiyamakoto/dev/kasumi/vendor/rmcp-3.2.0)
   Compiling tonic-prost-build v0.14.6
   Compiling kasumi-client v0.1.0 (/Users/takemiyamakoto/dev/kasumi/crates/kasumi-client)
   Compiling rustls-webpki v0.103.15
   Compiling x509-parser v0.18.1
   Compiling jsonwebtoken v9.3.1
   Compiling hyper v1.11.1
   Compiling rcgen v0.14.10
   Compiling hyper-util v0.1.20
   Compiling hyper-timeout v0.5.2
   Compiling axum v0.8.9
   Compiling ureq v3.4.0
   Compiling tokio-rustls v0.26.5
   Compiling hyper-rustls v0.27.9
   Compiling reqwest v0.12.28
   Compiling tonic v0.14.6
   Compiling lindera-ipadic v5.3.0
   Compiling kasumi-serving v0.1.0 (/Users/takemiyamakoto/dev/kasumi/crates/kasumi-serving)
warning: method `matches_response_id` is never used
   --> vendor/rmcp-3.2.0/src/model.rs:251:19
    |
236 | impl NumberOrString {
    | ------------------- method in this implementation
...
251 |     pub(crate) fn matches_response_id(&self, response_id: &Self) -> bool {
    |                   ^^^^^^^^^^^^^^^^^^^
    |
    = note: `#[warn(dead_code)]` (part of `#[warn(unused)]`) on by default

warning: method `set_client_request_metadata` is never used
    --> vendor/rmcp-3.2.0/src/service.rs:1032:19
     |
 806 | impl<R: ServiceRole> Peer<R> {
     | ---------------------------- method in this implementation
...
1032 |     pub(crate) fn set_client_request_metadata(&self, metadata: ClientRequestMetadata) {
     |                   ^^^^^^^^^^^^^^^^^^^^^^^^^^^

warning: method `is_authorization_required` is never used
   --> vendor/rmcp-3.2.0/src/transport.rs:275:19
    |
249 | impl DynamicTransportError {
    | -------------------------- method in this implementation
...
275 |     pub(crate) fn is_authorization_required(&self) -> bool {
    |                   ^^^^^^^^^^^^^^^^^^^^^^^^^

   Compiling kasumi-transport v0.1.0 (/Users/takemiyamakoto/dev/kasumi/crates/kasumi-transport)
   Compiling tonic-prost v0.14.6
   Compiling kasumi-store v0.1.0 (/Users/takemiyamakoto/dev/kasumi/crates/kasumi-store)
warning: `rmcp` (lib) generated 3 warnings
   Compiling kasumi-raft v0.1.0 (/Users/takemiyamakoto/dev/kasumi/crates/kasumi-raft)
   Compiling lindera v5.3.0
   Compiling lindera-analysis v5.3.0
   Compiling lindera-tantivy v5.0.1
   Compiling kasumi-query v0.1.0 (/Users/takemiyamakoto/dev/kasumi/crates/kasumi-query)
   Compiling kasumi-authority v0.1.0 (/Users/takemiyamakoto/dev/kasumi/crates/kasumi-authority)
   Compiling kasumi-engine v0.1.0 (/Users/takemiyamakoto/dev/kasumi/crates/kasumi-engine)
warning: variant `Mutation` is never constructed
  --> crates/kasumi-engine/src/security_audit_jobs.rs:26:5
   |
24 | enum JobEffect {
   |      --------- variant in this enum
25 |     Read,
26 |     Mutation(&'static str),
   |     ^^^^^^^^
   |
   = note: `JobEffect` has a derived impl for the trait `Clone`, but this is intentionally ignored during dead code analysis
   = note: `#[warn(dead_code)]` (part of `#[warn(unused)]`) on by default

warning: struct `ReadPause` is never constructed
  --> crates/kasumi-engine/src/security_audit_jobs.rs:57:19
   |
57 | pub(super) struct ReadPause {
   |                   ^^^^^^^^^

warning: method `run_mutation` is never used
   --> crates/kasumi-engine/src/security_audit_jobs.rs:120:25
    |
 62 | impl SecurityAudit {
    | ------------------ method in this implementation
...
120 |     pub(super) async fn run_mutation<T, F, R>(&self, component: &'static str, run: R) -> Result<T>
    |                         ^^^^^^^^^^^^

warning: `kasumi-engine` (lib) generated 3 warnings
   Compiling kasumi-server v0.1.0 (/Users/takemiyamakoto/dev/kasumi/crates/kasumi-server)
warning: linker stderr: ld: __eh_frame section too large (max 16MB) to encode dwarf unwind offsets in compact unwind table, performance of exception handling might be affected
  |
  = note: `#[warn(linker_messages)]` on by default

warning: `kasumi-server` (lib test) generated 1 warning
    Finished `test` profile [unoptimized + debuginfo] target(s) in 7m 44s
     Running unittests src/lib.rs (target/disk-backed-cache/debug/deps/kasumi_server-34d1dc4bf0b94ee0)

running 2 tests
test target_runtime::shutdown_tests::target_cache_workers_wait_for_parent_handoff_and_drain_late_generation ... ok
test runtime::lifecycle_tests::node_cache_workers_wait_for_runtime_handoff_and_drain_if_unclaimed has been running for over 60 seconds
error: test failed, to rerun pass `-p kasumi-server --lib`

Caused by:
  process didn't exit successfully: `/Users/takemiyamakoto/dev/kasumi/target/disk-backed-cache/debug/deps/kasumi_server-34d1dc4bf0b94ee0 cache_workers --nocapture` (signal: 2, SIGINT: terminal interrupt signal)
