   Compiling stable_deref_trait v1.2.1
   Compiling allocator-api2 v0.2.21
   Compiling foldhash v0.2.0
   Compiling jobserver v0.1.35
   Compiling getrandom v0.2.17
   Compiling futures-channel v0.3.34
   Compiling futures-io v0.3.34
   Compiling serde v1.0.229
   Compiling thiserror v2.0.20
   Compiling futures-task v0.3.34
   Compiling serde_json v1.0.151 (/Users/takemiyamakoto/dev/kasumi/vendor/serde_json-1.0.151)
   Compiling tokio v1.53.1
   Compiling crossbeam-utils v0.8.22
   Compiling time-macros v0.2.32
   Compiling deranged v0.5.8
   Compiling byteorder v1.5.0
   Compiling yoke v0.8.3
   Compiling tracing v0.1.44
   Compiling ptr_meta v0.3.2
   Compiling simdutf8 v0.1.5
   Compiling rustls-pki-types v1.15.1
   Compiling rand_core v0.6.4
   Compiling futures-util v0.3.34
   Compiling cc v1.4.5
   Compiling hashbrown v0.17.1
   Compiling zerovec v0.11.8
   Compiling zerotrie v0.2.5
   Compiling rancor v0.1.3
   Compiling rustix v1.1.4
   Compiling crossbeam-epoch v0.9.20
   Compiling crypto-common v0.1.7
   Compiling strsim v0.11.1
   Compiling regex-syntax v0.8.11
   Compiling munge v0.4.7
   Compiling bytecheck v0.8.3
   Compiling errno v0.3.14
   Compiling csv-core v0.1.13
   Compiling crossbeam-deque v0.8.7
   Compiling either v1.18.0
   Compiling strum v0.28.0
   Compiling zerocopy v0.8.56
   Compiling rend v0.5.4
   Compiling memmap2 v0.9.11
   Compiling tinystr v0.8.4
   Compiling potential_utf v0.1.6
   Compiling indexmap v2.14.1
   Compiling http v1.5.0
   Compiling time v0.3.55
   Compiling rayon-core v1.13.0
   Compiling encoding_rs v0.8.35
   Compiling icu_collections v2.3.0
   Compiling icu_locale_core v2.3.0
   Compiling digest v0.10.7
   Compiling ring v0.17.14
   Compiling zstd-sys v2.1.0+zstd.1.5.7
   Compiling crc32fast v1.5.1
   Compiling webpki-roots v1.0.9
   Compiling filetime v0.2.29
   Compiling daachorse v4.0.0
   Compiling ureq-proto v0.6.1
   Compiling crawdad v0.3.0
   Compiling glob v0.3.4
   Compiling xattr v1.6.1
   Compiling rayon v1.12.0
   Compiling tar v0.4.46
   Compiling flate2 v1.1.10
   Compiling csv v1.4.0
   Compiling aho-corasick v1.1.5
   Compiling icu_provider v2.3.1
   Compiling darling_core v0.24.1
   Compiling sha2 v0.10.9
   Compiling encoding_rs_io v0.1.8
   Compiling crunchy v0.2.4
   Compiling icu_properties v2.3.0
   Compiling icu_normalizer v2.3.0
   Compiling ownedbytes v0.9.0
   Compiling bitpacking v0.9.3
   Compiling utf8parse v0.2.2
   Compiling utf8-ranges v1.0.5
   Compiling asn1-rs v0.7.2
   Compiling tantivy-common v0.11.0
   Compiling core-foundation-sys v0.8.7
   Compiling tantivy-fst v0.5.0
   Compiling anstyle-parse v1.0.0
   Compiling tantivy-bitpacker v0.10.0
   Compiling regex-automata v0.4.18
   Compiling iana-time-zone v0.1.65
   Compiling typeid v1.0.3
   Compiling rustls v0.23.43
   Compiling itertools v0.14.0
   Compiling num-rational v0.4.2
   Compiling num-iter v0.1.46
   Compiling num-complex v0.4.6
   Compiling rkyv v0.8.18
   Compiling idna_adapter v1.2.2
   Compiling murmurhash32 v0.3.1
   Compiling colorchoice v1.0.5
   Compiling idna v1.1.0
   Compiling is_terminal_polyfill v1.70.2
   Compiling anstyle-query v1.1.5
   Compiling darling_macro v0.24.1
   Compiling anstyle v1.0.14
   Compiling tinyvec_macros v0.1.1
   Compiling oid-registry v0.8.1
   Compiling der-parser v10.0.0
   Compiling num v0.4.3
   Compiling tantivy-stacker v0.7.0
   Compiling darling v0.24.1
   Compiling tinyvec v1.13.2
   Compiling anstream v1.0.0
   Compiling ppv-lite86 v0.2.21
   Compiling bon-macros v3.10.0
   Compiling ahash v0.8.12
   Compiling url v2.5.8
   Compiling ref-cast v1.0.27
   Compiling cipher v0.4.4
   Compiling erased-serde v0.4.10
   Compiling universal-hash v0.5.1
   Compiling hashbrown v0.16.1
   Compiling ordered-float v5.5.0
   Compiling tokio-util v0.7.19
   Compiling tokio-stream v0.1.19
   Compiling borrow-or-share v0.2.4
   Compiling downcast-rs v2.0.2
   Compiling rustls-webpki v0.103.15
   Compiling fastdivide v0.4.2
   Compiling clap_lex v1.1.0
   Compiling zstd-safe v7.3.0
   Compiling unsafe-libyaml v0.2.11
   Compiling inventory v0.3.24
   Compiling bit-vec v0.8.0
   Compiling arrayvec v0.7.8
   Compiling kasumi-types v0.1.0 (/Users/takemiyamakoto/dev/kasumi/crates/kasumi-types)
   Compiling bitflags v1.3.2
   Compiling lru v0.16.4 (/Users/takemiyamakoto/dev/kasumi/vendor/lru-0.16.4)
   Compiling h2 v0.4.19
   Compiling tower v0.5.3
   Compiling typetag v0.2.23
   Compiling kanaria v0.2.0
   Compiling bit-set v0.8.0
   Compiling rust_decimal v1.43.0
   Compiling clap_builder v4.6.6
   Compiling tantivy-query-grammar v0.26.0
   Compiling poly1305 v0.8.0
   Compiling zstd v0.13.3
   Compiling serde_yaml_ng v0.10.0
   Compiling fluent-uri v0.4.1
   Compiling x509-parser v0.18.1
   Compiling chacha20 v0.9.1
   Compiling unicode-normalization v0.1.25
   Compiling tantivy-sstable v0.7.0
   Compiling lindera-dictionary v5.3.0
   Compiling tower-http v0.6.11
   Compiling arc-swap v1.9.2
   Compiling chrono v0.4.45
   Compiling rand_chacha v0.3.1
   Compiling bon v3.10.0
   Compiling tantivy-columnar v0.7.0
   Compiling fraction v0.17.0
   Compiling fs4 v0.13.1
   Compiling futures-executor v0.3.34
   Compiling regex v1.13.1
   Compiling aead v0.5.2
   Compiling rust-stemmers v1.2.0
   Compiling serde_urlencoded v0.7.1
   Compiling sketches-ddsketch v0.4.1
   Compiling anyerror v0.1.13
   Compiling tantivy-tokenizer-api v0.7.0
   Compiling crossbeam-channel v0.5.16
   Compiling measure_time v0.9.0
   Compiling outref v0.5.2
   Compiling census v0.4.2
   Compiling rustc-hash v2.1.3
   Compiling vsimd v0.8.0
   Compiling levenshtein_automata v0.2.1
   Compiling utf8-width v0.1.9
   Compiling lz4_flex v0.13.1
   Compiling oneshot v0.1.13
   Compiling htmlescape v0.3.1
   Compiling num-cmp v0.1.0
   Compiling datasketches v0.2.0
   Compiling micromap v0.3.0
   Compiling bytecount v0.6.9
   Compiling unicode-segmentation v1.13.3
   Compiling unicode-blocks v0.1.10
   Compiling openraft-macros v0.9.25 (/Users/takemiyamakoto/dev/kasumi/vendor/openraft-0.9.25/macros)
   Compiling uuid-simd v0.8.0
   Compiling byte-unit v5.2.5
   Compiling jsonschema-value v0.52.1
   Compiling validit v0.2.6
   Compiling hyper v1.11.1
   Compiling thiserror v1.0.69
   Compiling clap v4.6.6
   Compiling referencing v0.52.1
   Compiling chacha20poly1305 v0.10.1
   Compiling futures v0.3.34
   Compiling rand v0.8.8
   Compiling fancy-regex v0.19.0
   Compiling derive_more v1.0.0
   Compiling libm v0.2.16
   Compiling unicode-general-category v1.1.0
   Compiling tracing-futures v0.2.5
   Compiling kasumi-kv v0.1.0 (/Users/takemiyamakoto/dev/kasumi/crates/kasumi-kv)
   Compiling jsonschema-regex v0.52.1
   Compiling hmac v0.12.1
   Compiling email_address v0.2.9
   Compiling tantivy v0.26.1
   Compiling ureq v3.4.0
   Compiling cobs v0.3.0
   Compiling maplit v1.0.2
   Compiling postcard v1.1.3
   Compiling bigdecimal v0.4.10
   Compiling tokio-rustls v0.26.5
   Compiling jsonschema v0.52.1
   Compiling openraft v0.9.25 (/Users/takemiyamakoto/dev/kasumi/vendor/openraft-0.9.25/openraft)
   Compiling hyper-util v0.1.20
   Compiling hyper-timeout v0.5.2
   Compiling hyper-rustls v0.27.9
   Compiling tonic v0.14.6
   Compiling reqwest v0.12.28
   Compiling lindera-ipadic v5.3.0
   Compiling kasumi-transport v0.1.0 (/Users/takemiyamakoto/dev/kasumi/crates/kasumi-transport)
   Compiling kasumi-serving v0.1.0 (/Users/takemiyamakoto/dev/kasumi/crates/kasumi-serving)
   Compiling kasumi-store v0.1.0 (/Users/takemiyamakoto/dev/kasumi/crates/kasumi-store)
warning: unused import: `FailedFileWitness`
  --> crates/kasumi-store/src/node_disk.rs:46:44
   |
46 |     FailedCloseReport, FailedFileTransfer, FailedFileWitness, NodeDiskCloseOutcome,
   |                                            ^^^^^^^^^^^^^^^^^
   |
   = note: `#[warn(unused_imports)]` (part of `#[warn(unused)]`) on by default

warning: associated function `register` is never used
   --> crates/kasumi-store/src/node_file/segment_group.rs:510:19
    |
432 | impl NodeSegmentGroup {
    | --------------------- associated function in this implementation
...
510 |     pub(crate) fn register(
    |                   ^^^^^^^^
    |
    = note: `#[warn(dead_code)]` (part of `#[warn(unused)]`) on by default

warning: field `close_entered` is never read
  --> crates/kasumi-store/src/spool.rs:52:5
   |
49 | pub struct EncryptedSpool {
   |            -------------- field in this struct
...
52 |     close_entered: bool,
   |     ^^^^^^^^^^^^^

warning: methods `settle_growth`, `close_once`, and `close_once_with` are never used
   --> crates/kasumi-store/src/spool.rs:149:19
    |
 78 | impl EncryptedSpool {
    | ------------------- methods in this implementation
...
149 |     pub(crate) fn settle_growth(&mut self, actual: u64) -> io::Result<()> {
    |                   ^^^^^^^^^^^^^
...
168 |     pub(crate) fn close_once(&mut self) -> BackendCloseOutcome {
    |                   ^^^^^^^^^^
...
172 |     fn close_once_with(
    |        ^^^^^^^^^^^^^^^

   Compiling lindera v5.3.0
   Compiling lindera-analysis v5.3.0
   Compiling lindera-tantivy v5.0.1
   Compiling kasumi-raft v0.1.0 (/Users/takemiyamakoto/dev/kasumi/crates/kasumi-raft)
   Compiling kasumi-query v0.1.0 (/Users/takemiyamakoto/dev/kasumi/crates/kasumi-query)
warning: `kasumi-store` (lib) generated 4 warnings (run `cargo fix --lib -p kasumi-store` to apply 1 suggestion)
   Compiling kasumi-engine v0.1.0 (/Users/takemiyamakoto/dev/kasumi/crates/kasumi-engine)
warning: variant `Mutation` is never constructed
  --> crates/kasumi-engine/src/security_audit_jobs.rs:26:5
   |
24 | enum JobEffect {
   |      --------- variant in this enum
25 |     Read,
26 |     Mutation(&'static str),
   |     ^^^^^^^^
   |
   = note: `JobEffect` has a derived impl for the trait `Clone`, but this is intentionally ignored during dead code analysis
   = note: `#[warn(dead_code)]` (part of `#[warn(unused)]`) on by default

warning: struct `ReadPause` is never constructed
  --> crates/kasumi-engine/src/security_audit_jobs.rs:57:19
   |
57 | pub(super) struct ReadPause {
   |                   ^^^^^^^^^

warning: method `run_mutation` is never used
   --> crates/kasumi-engine/src/security_audit_jobs.rs:120:25
    |
 62 | impl SecurityAudit {
    | ------------------ method in this implementation
...
120 |     pub(super) async fn run_mutation<T, F, R>(&self, component: &'static str, run: R) -> Result<T>
    |                         ^^^^^^^^^^^^

warning: `kasumi-engine` (lib) generated 3 warnings
warning: field `panic` is never read
  --> crates/kasumi-engine/src/security_audit_jobs.rs:52:9
   |
48 | pub(super) struct RecordFault {
   |                   ----------- field in this struct
...
52 |     pub panic: bool,
   |         ^^^^^

warning: `kasumi-engine` (lib test) generated 4 warnings (3 duplicates)
    Finished `test` profile [unoptimized + debuginfo] target(s) in 5m 33s
     Running unittests src/lib.rs (target/disk-backed-cache/debug/deps/kasumi_engine-0276ad5ef12e19fc)

running 13 tests
test admission::disk_memory::tests::full_byte_work_reserve_disables_cache_but_preserves_required_capacity ... ok
test admission::disk_memory::tests::headroom_may_disable_caching_without_disabling_required_work ... ok
test admission::disk_memory::tests::cache_credit_grows_in_one_slot_and_retains_its_exact_core ... ok
test admission::disk_memory::tests::cache_growth_leaves_byte_headroom_and_cleanup_never_readmits ... ok
test admission::disk_memory::tests::cache_work_reserves_reject_zero_and_values_above_installed_capacity ... ok
test admission::disk_memory::tests::cache_preserves_audit_protection_and_never_uses_scoped_escrow ... ok
test admission::disk_memory::tests::installed_storage_census_is_fixed_precharged_and_matches_the_exact_core ... ok
test admission::disk_memory::tests::lease_overhead_is_admitted_before_boxing_and_denial_preserves_counters ... ok
test admission::disk_memory::tests::cache_respects_slot_headroom_on_acquisition_and_growth ... ok
test admission::disk_memory::tests::default_cache_work_reserves_follow_resolved_capacity_and_caps ... ok
test admission::disk_memory::native_cache_admission_tests::installed_cache_credit_survives_clear_and_cross_thread_final_reader_release ... ok
test admission::disk_memory::tests::installed_box_stays_charged_after_facade_drop_with_operation_slots_full ... ok
test admission::disk_memory::native_cache_admission_tests::sixteen_thousand_rows_fit_with_one_hundred_twenty_eight_governor_slots has been running for over 60 seconds
error: test failed, to rerun pass `-p kasumi-engine --lib`

Caused by:
  process didn't exit successfully: `/Users/takemiyamakoto/dev/kasumi/target/disk-backed-cache/debug/deps/kasumi_engine-0276ad5ef12e19fc 'admission::disk_memory::' --nocapture` (signal: 2, SIGINT: terminal interrupt signal)
