   Compiling serde v1.0.229
    Checking allocator-api2 v0.2.21
    Checking foldhash v0.2.0
    Checking stable_deref_trait v1.2.1
    Checking serde_core v1.0.229
   Compiling libc v0.2.189
   Compiling serde_json v1.0.151 (/Users/takemiyamakoto/dev/kasumi/vendor/serde_json-1.0.151)
   Compiling syn v3.0.5
    Checking getrandom v0.2.17
   Compiling cfg-if v1.0.4
    Checking futures-channel v0.3.34
    Checking futures-task v0.3.34
    Checking futures-io v0.3.34
    Checking tracing-core v0.1.36
   Compiling rustls v0.23.43
   Compiling heck v0.5.0
   Compiling crossbeam-utils v0.8.22
   Compiling time-macros v0.2.32
   Compiling either v1.18.0
   Compiling memchr v2.8.3
   Compiling bitflags v2.13.1
    Checking yoke v0.8.3
   Compiling anyhow v1.0.104
   Compiling bytes v1.12.1
    Checking rand_core v0.6.4
   Compiling crossbeam-epoch v0.9.20
   Compiling once_cell v1.21.4
    Checking hashbrown v0.17.1
    Checking tracing v0.1.44
   Compiling log v0.4.34
   Compiling crossbeam-deque v0.8.7
   Compiling itoa v1.0.18
    Checking rand_core v0.10.1
   Compiling jobserver v0.1.35
   Compiling errno v0.3.14
    Checking crypto-common v0.1.7
   Compiling rayon-core v1.13.0
   Compiling getrandom v0.4.3
   Compiling munge_macro v0.4.7
   Compiling zeroize v1.9.0
   Compiling zerocopy v0.8.56
   Compiling strum_macros v0.28.0
   Compiling rustix v1.1.4
   Compiling cc v1.4.5
   Compiling httparse v1.10.1
   Compiling rustls-pki-types v1.15.1
    Checking byteorder v1.5.0
   Compiling untrusted v0.9.0
    Checking regex-syntax v0.8.11
    Checking digest v0.10.7
   Compiling zmij v1.0.23
   Compiling crc32fast v1.5.1
   Compiling simdutf8 v0.1.5
   Compiling pkg-config v0.3.34
    Checking deranged v0.5.8
    Checking indexmap v2.14.1
    Checking uuid v1.26.0
   Compiling http v1.5.0
   Compiling itertools v0.14.0
   Compiling base64 v0.23.1
   Compiling simd-adler32 v0.3.10
   Compiling strsim v0.11.1
   Compiling ring v0.17.14
   Compiling zstd-sys v2.1.0+zstd.1.5.7
   Compiling ident_case v1.0.1
   Compiling adler2 v2.0.1
   Compiling subtle v2.6.1
   Compiling xattr v1.6.1
    Checking sha2 v0.10.9
   Compiling miniz_oxide v0.9.1
    Checking time v0.3.55
   Compiling ureq-proto v0.6.1
   Compiling webpki-roots v1.0.9
   Compiling munge v0.4.7
   Compiling csv-core v0.1.13
   Compiling filetime v0.2.29
   Compiling encoding_rs v0.8.35
   Compiling percent-encoding v2.3.2
    Checking mime v0.3.17
   Compiling ryu v1.0.23
   Compiling crunchy v0.2.4
   Compiling utf8-zero v0.8.1
   Compiling serde_derive v1.0.229
   Compiling thiserror-impl v2.0.20
   Compiling displaydoc v0.2.7
   Compiling futures-macro v0.3.34
   Compiling zerovec-derive v0.11.6
   Compiling tokio-macros v2.7.2
   Compiling ptr_meta_derive v0.3.2
   Compiling async-trait v0.1.92
   Compiling bytecheck_derive v0.8.3
   Compiling ptr_meta v0.3.2
    Checking zerotrie v0.2.5
    Checking tokio v1.53.1
    Checking futures-util v0.3.34
    Checking zerovec v0.11.8
   Compiling rkyv_derive v0.8.18
   Compiling rancor v0.1.3
    Checking thiserror v2.0.20
   Compiling prost-derive v0.14.4
   Compiling darling_core v0.24.1
   Compiling encoding_rs_io v0.1.8
    Checking asn1-rs v0.7.2
   Compiling bytecheck v0.8.3
    Checking tinystr v0.8.4
    Checking potential_utf v0.1.6
   Compiling rand v0.10.2
   Compiling rend v0.5.4
   Compiling csv v1.4.0
    Checking icu_locale_core v2.3.0
    Checking axum-core v0.5.6
    Checking icu_collections v2.3.0
   Compiling tar v0.4.46
   Compiling flate2 v1.1.10
   Compiling rayon v1.12.0
    Checking serde_urlencoded v0.7.1
   Compiling strum v0.28.0
    Checking serde_path_to_error v0.1.20
    Checking icu_provider v2.3.1
   Compiling memmap2 v0.9.11
    Checking aho-corasick v1.1.5
   Compiling md5 v0.8.1
    Checking matchit v0.8.4
   Compiling pulldown-cmark v0.13.4
    Checking icu_properties v2.3.0
    Checking icu_normalizer v2.3.0
   Compiling crawdad v0.3.0
   Compiling glob v0.3.4
   Compiling ref-cast v1.0.27
   Compiling daachorse v4.0.0
   Compiling prettyplease v0.2.37
   Compiling zstd-safe v7.3.0
   Compiling darling_macro v0.24.1
    Checking imbl v7.0.1
    Checking der-parser v10.0.0
    Checking oid-registry v0.8.1
    Checking regex-automata v0.4.18
   Compiling darling v0.24.1
   Compiling ref-cast-impl v1.0.27
    Checking ownedbytes v0.9.0
    Checking idna_adapter v1.2.2
   Compiling num-traits v0.2.19
    Checking rustls-webpki v0.103.15
   Compiling typeid v1.0.3
    Checking idna v1.1.0
   Compiling equivalent v1.0.2
   Compiling unicase v2.9.0
    Checking utf8parse v0.2.2
    Checking core-foundation-sys v0.8.7
   Compiling prettyplease v0.3.0
    Checking tokio-util v0.7.19
    Checking tokio-stream v0.1.19
   Compiling foldhash v0.1.5
    Checking url v2.5.8
    Checking anstyle-parse v1.0.0
   Compiling hashbrown v0.15.5
    Checking iana-time-zone v0.1.65
    Checking h2 v0.4.19
    Checking tower v0.5.3
    Checking kasumi-types v0.1.0 (/Users/takemiyamakoto/dev/kasumi/crates/kasumi-types)
    Checking tempfile v3.27.0
   Compiling rkyv v0.8.18
    Checking x509-parser v0.18.1
    Checking tantivy-common v0.11.0
    Checking bitpacking v0.9.3
   Compiling prost v0.14.4
   Compiling ahash v0.8.12
   Compiling rustversion v1.0.23
   Compiling erased-serde v0.4.10
    Checking anstyle v1.0.14
   Compiling rust_decimal v1.43.0
    Checking colorchoice v1.0.5
   Compiling fixedbitset v0.5.7
    Checking anstyle-query v1.1.5
   Compiling fastrand v2.5.0
    Checking is_terminal_polyfill v1.70.2
    Checking utf8-ranges v1.0.5
   Compiling prost-types v0.14.4
   Compiling petgraph v0.8.3
   Compiling pulldown-cmark-to-cmark v22.0.1
    Checking tantivy-fst v0.5.0
    Checking tantivy-bitpacker v0.10.0
    Checking anstream v1.0.0
    Checking cipher v0.4.4
    Checking regex v1.13.1
    Checking zstd v0.13.3
    Checking chrono v0.4.45
    Checking tokio-rustls v0.26.5
    Checking futures-executor v0.3.34
    Checking ppv-lite86 v0.2.21
    Checking universal-hash v0.5.1
    Checking num-rational v0.4.2
    Checking num-iter v0.1.46
    Checking num-complex v0.4.6
   Compiling multimap v0.10.1
   Compiling thiserror v1.0.69
    Checking arrayvec v0.7.8
    Checking tinyvec_macros v0.1.1
   Compiling typetag v0.2.23
    Checking murmurhash32 v0.3.1
    Checking clap_lex v1.1.0
   Compiling unicode-xid v0.2.6
    Checking num v0.4.3
    Checking poly1305 v0.8.0
    Checking tinyvec v1.13.2
   Compiling bon-macros v3.10.0
    Checking rand_chacha v0.3.1
   Compiling prost-build v0.14.4
    Checking tantivy-stacker v0.7.0
    Checking clap_builder v4.6.6
    Checking futures v0.3.34
   Compiling derive_more-impl v1.0.0
    Checking chacha20 v0.9.1
    Checking hyper v1.11.1
   Compiling tonic-build v0.14.6
    Checking tower-http v0.6.11
    Checking tantivy-sstable v0.7.0
    Checking anyerror v0.1.13
    Checking lindera-dictionary v5.3.0
   Compiling clap_derive v4.6.4
   Compiling typetag-impl v0.2.23
    Checking aead v0.5.2
   Compiling ureq v3.4.0
    Checking hashbrown v0.16.1
    Checking ordered-float v5.5.0
   Compiling thiserror-impl v1.0.69
   Compiling protoc-bin-vendored-linux-ppcle_64 v3.2.0
    Checking unsafe-libyaml v0.2.11
   Compiling protoc-bin-vendored-win32 v3.2.0
    Checking utf8-width v0.1.9
    Checking fastdivide v0.4.2
   Compiling protoc-bin-vendored-linux-x86_64 v3.2.0
    Checking downcast-rs v2.0.2
    Checking borrow-or-share v0.2.4
   Compiling semver v1.0.28
    Checking hyper-util v0.1.20
    Checking bit-vec v0.8.0
   Compiling protoc-bin-vendored-macos-aarch_64 v3.2.0
    Checking bitflags v1.3.2
   Compiling protoc-bin-vendored-macos-x86_64 v3.2.0
   Compiling protoc-bin-vendored-linux-s390_64 v3.2.0
   Compiling protoc-bin-vendored-linux-x86_32 v3.2.0
    Checking inventory v0.3.24
   Compiling protoc-bin-vendored-linux-aarch_64 v3.2.0
   Compiling unicode-general-category v1.1.0
   Compiling libm v0.2.16
    Checking derive_more v1.0.0
    Checking clap v4.6.6
    Checking kanaria v0.2.0
    Checking serde_yaml_ng v0.10.0
   Compiling openraft-macros v0.9.25 (/Users/takemiyamakoto/dev/kasumi/vendor/openraft-0.9.25/macros)
    Checking fluent-uri v0.4.1
    Checking bit-set v0.8.0
   Compiling protoc-bin-vendored v3.2.0
    Checking tantivy-columnar v0.7.0
    Checking byte-unit v5.2.5
    Checking lru v0.16.4 (/Users/takemiyamakoto/dev/kasumi/vendor/lru-0.16.4)
    Checking tantivy-query-grammar v0.26.0
   Compiling tonic-prost-build v0.14.6
    Checking chacha20poly1305 v0.10.1
    Checking validit v0.2.6
    Checking arc-swap v1.9.2
    Checking unicode-normalization v0.1.25
    Checking rand v0.8.8
    Checking fraction v0.17.0
    Checking fs4 v0.13.1
    Checking tantivy-tokenizer-api v0.7.0
    Checking rust-stemmers v1.2.0
    Checking sketches-ddsketch v0.4.1
    Checking cobs v0.3.0
    Checking bon v3.10.0
    Checking kasumi-kv v0.1.0 (/Users/takemiyamakoto/dev/kasumi/crates/kasumi-kv)
    Checking tracing-futures v0.2.5
    Checking hmac v0.12.1
    Checking crossbeam-channel v0.5.16
    Checking measure_time v0.9.0
   Compiling bigdecimal v0.4.10
    Checking census v0.4.2
    Checking bytecount v0.6.9
    Checking htmlescape v0.3.1
    Checking hyper-timeout v0.5.2
    Checking axum v0.8.9
    Checking hyper-rustls v0.27.9
    Checking lz4_flex v0.13.1
    Checking micromap v0.3.0
    Checking rustc-hash v2.1.3
    Checking levenshtein_automata v0.2.1
    Checking datasketches v0.2.0
    Checking unicode-blocks v0.1.10
    Checking num-cmp v0.1.0
    Checking outref v0.5.2
    Checking unicode-segmentation v1.13.3
    Checking vsimd v0.8.0
    Checking reqwest v0.12.28
    Checking maplit v1.0.2
    Checking oneshot v0.1.13
    Checking referencing v0.52.1
    Checking postcard v1.1.3
   Compiling kasumi-client v0.1.0 (/Users/takemiyamakoto/dev/kasumi/crates/kasumi-client)
    Checking openraft v0.9.25 (/Users/takemiyamakoto/dev/kasumi/vendor/openraft-0.9.25/openraft)
    Checking jsonschema-value v0.52.1
    Checking fancy-regex v0.19.0
    Checking uuid-simd v0.8.0
    Checking email_address v0.2.9
    Checking tantivy v0.26.1
   Compiling serde_derive_internals v0.30.0
    Checking jsonschema-regex v0.52.1
    Checking chacha20 v0.10.2
    Checking dyn-clone v1.0.20
   Compiling rmcp v3.2.0 (/Users/takemiyamakoto/dev/kasumi/vendor/rmcp-3.2.0)
   Compiling rmcp-macros v3.2.0
    Checking sse-stream v0.2.6
    Checking tracing-serde v0.2.0
    Checking pem v4.0.0
    Checking jsonschema v0.52.1
   Compiling schemars_derive v1.2.2
    Checking yasna v0.6.0
    Checking simple_asn1 v0.6.4
    Checking sharded-slab v0.1.7
    Checking pem v3.0.6
    Checking thread_local v1.1.10
   Compiling pastey v0.2.3
   Compiling lindera-ipadic v5.3.0
    Checking jsonwebtoken v9.3.1
    Checking rcgen v0.14.10
    Checking tracing-subscriber v0.3.23
    Checking schemars v1.2.2
    Checking tonic v0.14.6
    Checking kasumi-serving v0.1.0 (/Users/takemiyamakoto/dev/kasumi/crates/kasumi-serving)
    Checking kasumi-transport v0.1.0 (/Users/takemiyamakoto/dev/kasumi/crates/kasumi-transport)
    Checking tonic-prost v0.14.6
    Checking kasumi-store v0.1.0 (/Users/takemiyamakoto/dev/kasumi/crates/kasumi-store)
warning: unused import: `FailedFileWitness`
  --> crates/kasumi-store/src/node_disk.rs:46:44
   |
46 |     FailedCloseReport, FailedFileTransfer, FailedFileWitness, NodeDiskCloseOutcome,
   |                                            ^^^^^^^^^^^^^^^^^
   |
   = note: `#[warn(unused_imports)]` (part of `#[warn(unused)]`) on by default

warning: method `matches_response_id` is never used
   --> vendor/rmcp-3.2.0/src/model.rs:251:19
    |
236 | impl NumberOrString {
    | ------------------- method in this implementation
...
251 |     pub(crate) fn matches_response_id(&self, response_id: &Self) -> bool {
    |                   ^^^^^^^^^^^^^^^^^^^
    |
    = note: `#[warn(dead_code)]` (part of `#[warn(unused)]`) on by default

warning: method `set_client_request_metadata` is never used
    --> vendor/rmcp-3.2.0/src/service.rs:1032:19
     |
 806 | impl<R: ServiceRole> Peer<R> {
     | ---------------------------- method in this implementation
...
1032 |     pub(crate) fn set_client_request_metadata(&self, metadata: ClientRequestMetadata) {
     |                   ^^^^^^^^^^^^^^^^^^^^^^^^^^^

warning: method `is_authorization_required` is never used
   --> vendor/rmcp-3.2.0/src/transport.rs:275:19
    |
249 | impl DynamicTransportError {
    | -------------------------- method in this implementation
...
275 |     pub(crate) fn is_authorization_required(&self) -> bool {
    |                   ^^^^^^^^^^^^^^^^^^^^^^^^^

warning: `rmcp` (lib) generated 3 warnings
warning: associated function `register` is never used
   --> crates/kasumi-store/src/node_file/segment_group.rs:510:19
    |
432 | impl NodeSegmentGroup {
    | --------------------- associated function in this implementation
...
510 |     pub(crate) fn register(
    |                   ^^^^^^^^
    |
    = note: `#[warn(dead_code)]` (part of `#[warn(unused)]`) on by default

warning: field `close_entered` is never read
  --> crates/kasumi-store/src/spool.rs:52:5
   |
49 | pub struct EncryptedSpool {
   |            -------------- field in this struct
...
52 |     close_entered: bool,
   |     ^^^^^^^^^^^^^

warning: methods `settle_growth`, `close_once`, and `close_once_with` are never used
   --> crates/kasumi-store/src/spool.rs:149:19
    |
 78 | impl EncryptedSpool {
    | ------------------- methods in this implementation
...
149 |     pub(crate) fn settle_growth(&mut self, actual: u64) -> io::Result<()> {
    |                   ^^^^^^^^^^^^^
...
168 |     pub(crate) fn close_once(&mut self) -> BackendCloseOutcome {
    |                   ^^^^^^^^^^
...
172 |     fn close_once_with(
    |        ^^^^^^^^^^^^^^^

warning: `kasumi-store` (lib) generated 4 warnings (run `cargo fix --lib -p kasumi-store` to apply 1 suggestion)
    Checking kasumi-raft v0.1.0 (/Users/takemiyamakoto/dev/kasumi/crates/kasumi-raft)
    Checking lindera v5.3.0
    Checking lindera-analysis v5.3.0
    Checking lindera-tantivy v5.0.1
    Checking kasumi-query v0.1.0 (/Users/takemiyamakoto/dev/kasumi/crates/kasumi-query)
    Checking kasumi-authority v0.1.0 (/Users/takemiyamakoto/dev/kasumi/crates/kasumi-authority)
    Checking kasumi-engine v0.1.0 (/Users/takemiyamakoto/dev/kasumi/crates/kasumi-engine)
error[E0061]: this function takes 5 arguments but 4 arguments were supplied
   --> crates/kasumi-engine/src/target_journal.rs:141:13
    |
141 |               kasumi_store::NodeStore::create_new(
    |  _____________^^^^^^^^^^^^^^^^^^^^^^^^^^^^^^^^^^^-
142 | |                 path,
143 | |                 self.node_store_id,
144 | |                 self.persistent_disk.clone(),
145 | |                 scratch,
146 | |             )
    | |_____________- argument #5 of type `NodeStorageConfig` is missing
    |
note: associated function defined here
   --> crates/kasumi-store/src/lib.rs:816:12
    |
816 |     pub fn create_new(
    |            ^^^^^^^^^^
help: provide the argument
    |
141 |             kasumi_store::NodeStore::create_new(
...
145 |                 scratch,
146 ~                 /* NodeStorageConfig */,
147 ~             )
    |

error[E0061]: this function takes 5 arguments but 4 arguments were supplied
   --> crates/kasumi-engine/src/target_journal.rs:148:13
    |
148 |               kasumi_store::NodeStore::open_existing(
    |  _____________^^^^^^^^^^^^^^^^^^^^^^^^^^^^^^^^^^^^^^-
149 | |                 path,
150 | |                 self.node_store_id,
151 | |                 self.persistent_disk.clone(),
152 | |                 scratch,
153 | |             )
    | |_____________- argument #5 of type `NodeStorageConfig` is missing
    |
note: associated function defined here
   --> crates/kasumi-store/src/lib.rs:855:12
    |
855 |     pub fn open_existing(
    |            ^^^^^^^^^^^^^
help: provide the argument
    |
148 |             kasumi_store::NodeStore::open_existing(
...
152 |                 scratch,
153 ~                 /* NodeStorageConfig */,
154 ~             )
    |

For more information about this error, try `rustc --explain E0061`.
error: could not compile `kasumi-engine` (lib) due to 2 previous errors
