   Compiling kasumi-kv v0.1.0 (/Users/takemiyamakoto/dev/kasumi/crates/kasumi-kv)
   Compiling kasumi-store v0.1.0 (/Users/takemiyamakoto/dev/kasumi/crates/kasumi-store)
    Finished `test` profile [unoptimized + debuginfo] target(s) in 38.85s
     Running unittests src/lib.rs (target/disk-backed-cache/debug/deps/kasumi_store-9e76b1ecb60de376)

running 9 tests
test cache_warmer::tests::automatic_warmer_retains_original_native_failure_through_shutdown ... ok
test cache_warmer::tests::automatic_warmer_shutdown_cancellation_retains_blocked_child_and_charge ... ok
test cache_warmer::tests::automatic_warmer_rejects_a_runtime_lost_before_handoff ... ok
test cache_warmer::tests::automatic_warmer_stays_dormant_until_acknowledged_activation ... ok
test cache_warmer::tests::automatic_warmer_start_denial_spawns_nothing_and_can_retry ... ok
test cache_warmer::tests::automatic_warmer_recovers_pressure_released_inside_the_denied_step ... ok
test cache_warmer::tests::automatic_warmer_fills_cold_reopen_without_foreground_reads ... ok
test cache_warmer::tests::automatic_warmer_retries_blocked_item_after_shared_pressure_releases ... ok
test cache_warmer::tests::automatic_warmer_parks_cache_limited_pass_and_resumes_after_budget_growth ... ok

successes:

successes:
    cache_warmer::tests::automatic_warmer_fills_cold_reopen_without_foreground_reads
    cache_warmer::tests::automatic_warmer_parks_cache_limited_pass_and_resumes_after_budget_growth
    cache_warmer::tests::automatic_warmer_recovers_pressure_released_inside_the_denied_step
    cache_warmer::tests::automatic_warmer_rejects_a_runtime_lost_before_handoff
    cache_warmer::tests::automatic_warmer_retains_original_native_failure_through_shutdown
    cache_warmer::tests::automatic_warmer_retries_blocked_item_after_shared_pressure_releases
    cache_warmer::tests::automatic_warmer_shutdown_cancellation_retains_blocked_child_and_charge
    cache_warmer::tests::automatic_warmer_start_denial_spawns_nothing_and_can_retry
    cache_warmer::tests::automatic_warmer_stays_dormant_until_acknowledged_activation

test result: ok. 9 passed; 0 failed; 0 ignored; 0 measured; 595 filtered out; finished in 1.79s

