Command: cargo test --locked --offline --config profile.test.package.kasumi-kv.opt-level=3 --config profile.test.package.sha2.opt-level=3 -p kasumi-kv --lib -- --nocapture read_into public_output_fits_one_buffer_and_retains_its_charge_after_native_close
CARGO_TARGET_DIR=target/disk-backed-cache
   Compiling kasumi-kv v0.1.0 (/Users/takemiyamakoto/dev/kasumi/crates/kasumi-kv)
    Finished `test` profile [unoptimized + debuginfo] target(s) in 9.37s
     Running unittests src/lib.rs (target/disk-backed-cache/debug/deps/kasumi_kv-7c66dd9ab067962c)

running 11 tests
test cache::tests::read_into::read_into_disabled_retention_allocates_no_second_value_owner ... ok
test cache::tests::read_into::read_into_loader_original_and_capacity_are_never_retried_or_counted_successful ... ok
test cache::tests::read_into::read_into_owner_failures_and_postload_expiry_never_become_optional_misses ... ok
test cache::tests::read_into::read_into_local_and_provider_capacity_refusal_fill_only_existing_destination ... ok

thread 'cache::tests::read_into::read_into_panicking_loader_releases_optional_payload_credit_without_retry' (17716967) panicked at crates/kasumi-kv/src/cache_read_into_tests.rs:240:17:
Box<dyn Any>
note: run with `RUST_BACKTRACE=1` environment variable to display a backtrace

thread 'cache::tests::read_into::read_into_panicking_loader_releases_optional_payload_credit_without_retry' (17716967) panicked at crates/kasumi-kv/src/cache_read_into_tests.rs:240:17:
Box<dyn Any>
test cache::tests::read_into::read_into_panicking_loader_releases_optional_payload_credit_without_retry ... 
thread 'cache::tests::read_into::read_into_retains_fitting_miss_and_trains_hit_without_touching_destination' (17716969) panicked at crates/kasumi-kv/src/cache_read_into_tests.rs:81:5:
assertion `left == right` failed
  left: 65616
 right: 0
ok
test cache::tests::read_into::read_into_publication_refusal_does_not_train_policy_or_enter_loader ... ok
test cache::tests::read_into::read_into_retains_fitting_miss_and_trains_hit_without_touching_destination ... FAILED
test disk_state::tests::admitted_read_into::admitted_cached_length_and_checksum_mismatches_are_typed_corruption_before_copy ... ok
test disk_state::tests::admitted_read_into::admitted_reads_preserve_fitting_retention_and_existing_zero_copy_owner ... ok
test disk_state::tests::admitted_read_into::admitted_point_and_successor_never_request_a_temporary_value_payload ... ok
test core::tests::public_output_fits_one_buffer_and_retains_its_charge_after_native_close ... ok

failures:

failures:
    cache::tests::read_into::read_into_retains_fitting_miss_and_trains_hit_without_touching_destination

test result: FAILED. 10 passed; 1 failed; 0 ignored; 0 measured; 523 filtered out; finished in 0.02s

error: test failed, to rerun pass `-p kasumi-kv --lib`
Runner: 9.44s; exit=101; matching=839/839
