Command: cargo test --locked --offline --config profile.test.package.kasumi-kv.opt-level=3 --config profile.test.package.sha2.opt-level=3 -p kasumi-store --all-features --lib -- --nocapture source_census_ storage_domains::read_memory_quote
CARGO_TARGET_DIR=target/disk-backed-cache
   Compiling kasumi-store v0.1.0 (/Users/takemiyamakoto/dev/kasumi/crates/kasumi-store)
error[E0364]: `drain_source_owners` is private, and cannot be re-exported
 --> crates/kasumi-store/src/storage_opening/reads.rs:9:16
  |
9 | pub(super) use source_pool::drain_source_owners;
  |                ^^^^^^^^^^^^^^^^^^^^^^^^^^^^^^^^
  |
note: consider marking `drain_source_owners` as `pub` in the imported module
 --> crates/kasumi-store/src/storage_opening/reads.rs:9:16
  |
9 | pub(super) use source_pool::drain_source_owners;
  |                ^^^^^^^^^^^^^^^^^^^^^^^^^^^^^^^^

error[E0603]: function import `drain_source_owners` is private
    --> crates/kasumi-store/src/storage_opening.rs:363:20
     |
 363 |             reads::drain_source_owners(&self.provider, id);
     |                    ^^^^^^^^^^^^^^^^^^^ private function import
     |
note: the function import `drain_source_owners` is defined here...
    --> crates/kasumi-store/src/storage_opening/reads.rs:9:16
     |
   9 | pub(super) use source_pool::drain_source_owners;
     |                ^^^^^^^^^^^^^^^^^^^^^^^^^^^^^^^^
note: ...and refers to the function `drain_source_owners` which is defined here
    --> crates/kasumi-store/src/storage_opening/reads/source_pool.rs:1213:1
     |
1213 | / pub(super) fn drain_source_owners(
1214 | |     provider: &Arc<dyn NodeDiskMemoryAdmission>,
1215 | |     opening_id: StorageOwnerId,
1216 | | ) {
...    |
1253 | |     census.drain_disposed_children(opening_id);
1254 | | }
     | |_^
help: import `drain_source_owners` directly
     |
 363 -             reads::drain_source_owners(&self.provider, id);
 363 +             source_pool::drain_source_owners(&self.provider, id);
     |

error[E0603]: function import `drain_source_owners` is private
    --> crates/kasumi-store/src/storage_opening.rs:526:16
     |
 526 |         reads::drain_source_owners(&provider, self.registration.id());
     |                ^^^^^^^^^^^^^^^^^^^ private function import
     |
note: the function import `drain_source_owners` is defined here...
    --> crates/kasumi-store/src/storage_opening/reads.rs:9:16
     |
   9 | pub(super) use source_pool::drain_source_owners;
     |                ^^^^^^^^^^^^^^^^^^^^^^^^^^^^^^^^
note: ...and refers to the function `drain_source_owners` which is defined here
    --> crates/kasumi-store/src/storage_opening/reads/source_pool.rs:1213:1
     |
1213 | / pub(super) fn drain_source_owners(
1214 | |     provider: &Arc<dyn NodeDiskMemoryAdmission>,
1215 | |     opening_id: StorageOwnerId,
1216 | | ) {
...    |
1253 | |     census.drain_disposed_children(opening_id);
1254 | | }
     | |_^
help: import `drain_source_owners` directly
     |
 526 -         reads::drain_source_owners(&provider, self.registration.id());
 526 +         source_pool::drain_source_owners(&provider, self.registration.id());
     |

error[E0603]: function import `drain_source_owners` is private
    --> crates/kasumi-store/src/storage_opening.rs:537:20
     |
 537 |             reads::drain_source_owners(&provider, self.registration.id());
     |                    ^^^^^^^^^^^^^^^^^^^ private function import
     |
note: the function import `drain_source_owners` is defined here...
    --> crates/kasumi-store/src/storage_opening/reads.rs:9:16
     |
   9 | pub(super) use source_pool::drain_source_owners;
     |                ^^^^^^^^^^^^^^^^^^^^^^^^^^^^^^^^
note: ...and refers to the function `drain_source_owners` which is defined here
    --> crates/kasumi-store/src/storage_opening/reads/source_pool.rs:1213:1
     |
1213 | / pub(super) fn drain_source_owners(
1214 | |     provider: &Arc<dyn NodeDiskMemoryAdmission>,
1215 | |     opening_id: StorageOwnerId,
1216 | | ) {
...    |
1253 | |     census.drain_disposed_children(opening_id);
1254 | | }
     | |_^
help: import `drain_source_owners` directly
     |
 537 -             reads::drain_source_owners(&provider, self.registration.id());
 537 +             source_pool::drain_source_owners(&provider, self.registration.id());
     |

warning: unused import: `SourceControlClaim`
  --> crates/kasumi-store/src/storage_census.rs:22:64
   |
22 | pub(crate) use source::{SourceCellClaim, SourceCensusExchange, SourceControlClaim};
   |                                                                ^^^^^^^^^^^^^^^^^^
   |
   = note: `#[warn(unused_imports)]` (part of `#[warn(unused)]`) on by default

error[E0624]: method `advance_source_exchange` is private
   --> crates/kasumi-store/src/storage_census_source.rs:66:16
    |
 66 |           census.advance_source_exchange(self, CLAIMED, NATIVE_ENTERED)
    |                  ^^^^^^^^^^^^^^^^^^^^^^^ private method
    |
   ::: crates/kasumi-store/src/storage_census_exchange.rs:154:5
    |
154 | /     fn advance_source_exchange(
155 | |         &self,
156 | |         exchange: &SourceCensusExchange,
157 | |         expected: u8,
158 | |         next: u8,
159 | |     ) -> io::Result<()> {
    | |_______________________- private method defined here

error[E0624]: method `advance_source_exchange` is private
   --> crates/kasumi-store/src/storage_census_source.rs:69:16
    |
 69 |           census.advance_source_exchange(self, NATIVE_ENTERED, NATIVE_COMMITTED)
    |                  ^^^^^^^^^^^^^^^^^^^^^^^ private method
    |
   ::: crates/kasumi-store/src/storage_census_exchange.rs:154:5
    |
154 | /     fn advance_source_exchange(
155 | |         &self,
156 | |         exchange: &SourceCensusExchange,
157 | |         expected: u8,
158 | |         next: u8,
159 | |     ) -> io::Result<()> {
    | |_______________________- private method defined here

error[E0499]: cannot borrow `state` as mutable more than once at a time
   --> crates/kasumi-store/src/storage_opening/reads/source_pool.rs:734:13
    |
729 |         let source = state.source.as_mut().unwrap();
    |                      ----- first mutable borrow occurs here
...
734 |             state.phase = NodeReadPhase::Retained;
    |             ^^^^^ second mutable borrow occurs here
...
757 |     }
    |     - first borrow might be used here, when `pool_state` is dropped and runs the `Drop` code for type `parking_lot::lock_api::MutexGuard`

error[E0499]: cannot borrow `state` as mutable more than once at a time
   --> crates/kasumi-store/src/storage_opening/reads/source_pool.rs:740:13
    |
729 |         let source = state.source.as_mut().unwrap();
    |                      ----- first mutable borrow occurs here
...
740 |             state.phase = NodeReadPhase::Failed;
    |             ^^^^^ second mutable borrow occurs here
...
757 |     }
    |     - first borrow might be used here, when `pool_state` is dropped and runs the `Drop` code for type `parking_lot::lock_api::MutexGuard`

Some errors have detailed explanations: E0364, E0499, E0603, E0624.
For more information about an error, try `rustc --explain E0364`.
warning: `kasumi-store` (lib test) generated 1 warning
error: could not compile `kasumi-store` (lib test) due to 8 previous errors; 1 warning emitted
Runner: 31.13s; exit=101; matching=830/830
