Command: cargo clippy --locked --offline -p kasumi-store --all-features --all-targets -- -D warnings
CARGO_TARGET_DIR=target/disk-backed-cache
    Checking kasumi-types v0.1.0 (/Users/takemiyamakoto/dev/kasumi/crates/kasumi-types)
    Checking kasumi-serving v0.1.0 (/Users/takemiyamakoto/dev/kasumi/crates/kasumi-serving)
    Checking kasumi-store v0.1.0 (/Users/takemiyamakoto/dev/kasumi/crates/kasumi-store)
error: call to `std::mem::drop` with a value that does not implement `Drop`. Dropping such a type only extends its contained lifetimes
   --> crates/kasumi-store/src/storage_census_source_tests.rs:246:9
    |
246 |         drop(claim);
    |         ^^^^^^^^^^^
    |
note: argument has type `storage_census::source::control::SourceControlClaim`
   --> crates/kasumi-store/src/storage_census_source_tests.rs:246:14
    |
246 |         drop(claim);
    |              ^^^^^
    = help: for further information visit https://rust-lang.github.io/rust-clippy/rust-1.97.0/index.html#drop_non_drop
    = note: `-D clippy::drop-non-drop` implied by `-D warnings`
    = help: to override `-D warnings` add `#[allow(clippy::drop_non_drop)]`

error: call to `std::mem::drop` with a value that does not implement `Drop`. Dropping such a type only extends its contained lifetimes
   --> crates/kasumi-store/src/storage_census_source_tests.rs:293:5
    |
293 |     drop(claim);
    |     ^^^^^^^^^^^
    |
note: argument has type `storage_census::source::control::SourceControlClaim`
   --> crates/kasumi-store/src/storage_census_source_tests.rs:293:10
    |
293 |     drop(claim);
    |          ^^^^^
    = help: for further information visit https://rust-lang.github.io/rust-clippy/rust-1.97.0/index.html#drop_non_drop

error: could not compile `kasumi-store` (lib test) due to 2 previous errors
Runner: 82.39s; exit=101; matching=831/831
