Command: cargo test --locked --offline --config profile.test.package.kasumi-kv.opt-level=3 --config profile.test.package.sha2.opt-level=3 -p kasumi-store --all-features --lib -- --nocapture storage_census:: storage_opening:: read_view::fork_tests:: routine_read_ routine_early_ storage_domains::read_memory_quote
CARGO_TARGET_DIR=target/disk-backed-cache
   Compiling kasumi-store v0.1.0 (/Users/takemiyamakoto/dev/kasumi/crates/kasumi-store)
    Finished `test` profile [unoptimized + debuginfo] target(s) in 48.60s
     Running unittests src/lib.rs (target/disk-backed-cache/debug/deps/kasumi_store-98be0c6afb7030c8)

running 129 tests

thread 'storage_census::source_tests::source_census_control_cleanup_panic_preserves_provider_original_and_parent' (17029961) panicked at crates/kasumi-store/src/storage_census_source_tests.rs:38:13:
Box<dyn Any>
note: run with `RUST_BACKTRACE=1` environment variable to display a backtrace

thread 'storage_census::source_tests::source_census_control_originals_survive_no_facade_cleanup_and_are_never_retried' (17029962) panicked at crates/kasumi-store/src/storage_census_source_tests.rs:146:13:
Box<dyn Any>
test storage_census::source_tests::source_census_control_cancel_pristine_and_capacity_refusal_never_dispatch_provider ... ok
test storage_census::source_tests::source_census_control_preclaims_identity_before_provider_and_retires_successful_report ... ok
test storage_census::source_tests::source_census_foreign_holds_never_consume_capacity_or_parent_counts ... ok
test storage_census::source_tests::source_census_partial_right_claim_is_real_capacity_and_release_returns_parent_once ... ok

thread 'storage_census::source_tests::source_census_poisoned_control_report_cannot_mint_a_later_claim' (17029966) panicked at crates/kasumi-store/src/storage_census_source_tests.rs:440:13:
poison actual vacant control report
test storage_census::source_tests::source_census_recorded_release_survives_async_drain_and_slot_reuse ... ok
test storage_census::tests::denied_child_registration_never_increments_parent_count ... ok
test storage_census::tests::facade_cancellation_preserves_actual_owner_and_census_drives_later_retirement ... ok
test storage_census::tests::fixed_census_is_precharged_and_bound_to_the_exact_provider ... ok
test storage_census::tests::constructor_unwind_is_classified_before_dispatch_and_keeps_exact_payload ... ok
test storage_census::tests::hard_capacity_and_byte_denial_precede_owner_construction ... ok

thread 'storage_census::tests::panicked_child_constructor_retains_parent_and_both_leases' (17029975) panicked at crates/kasumi-store/src/storage_census_tests.rs:153:17:
Box<dyn Any>
test storage_census::source_tests::source_census_poisoned_control_report_cannot_mint_a_later_claim ... ok
test storage_census::tests::panicked_child_constructor_retains_parent_and_both_leases ... ok

thread 'storage_census::tests::poisoned_parent_metadata_fences_child_registration' (17029977) panicked at crates/kasumi-store/src/storage_census_tests.rs:124:9:
poison parent census metadata

thread 'storage_census::tests::payload_destructor_panic_keeps_original_and_charge_and_never_replays' (17029976) panicked at crates/kasumi-store/src/storage_census_tests.rs:323:9:
Box<dyn Any>

thread 'storage_census::source_tests::source_census_control_originals_survive_no_facade_cleanup_and_are_never_retried' (17029962) panicked at crates/kasumi-store/src/storage_census_source_tests.rs:165:13:
Box<dyn Any>
test storage_census::source_tests::source_census_control_cleanup_panic_preserves_provider_original_and_parent ... ok
test storage_census::source_tests::source_census_control_originals_survive_no_facade_cleanup_and_are_never_retried ... ok

thread 'storage_census::tests::retained_original_observation_never_holds_metadata_or_stalls_another_owner' (17029979) panicked at crates/kasumi-store/src/storage_census_tests.rs:323:9:
Box<dyn Any>
test storage_census::tests::payload_destructor_panic_keeps_original_and_charge_and_never_replays ... ok
test storage_census::tests::poisoned_parent_metadata_fences_child_registration ... ok
test storage_census::tests::retained_original_observation_never_holds_metadata_or_stalls_another_owner ... ok
test storage_census::tests::settlement_unwind_keeps_the_actual_owner_and_exact_original_payload ... ok
test storage_census::tests::post_drive_metadata_contention_keeps_completion_in_fixed_slot_without_waiting ... ok
test storage_domains::read_memory_quote::tests::provider_without_own_quote_refuses_without_guessing_or_allocating ... ok
test storage_opening::catalog_put::tests::catalog_capacity_child ... ignored, subprocess helper; invoked with an owned temporary path
test storage_census::tests::child_registration_waits_for_parent_metadata_observation ... ok
test storage_opening::catalog_put::tests::catalog_terminal_refusal_keeps_exact_child_and_never_replays_commit ... ok
test storage_opening::catalog_put::tests::clean_catalog_writer_releases_busy_report_on_exact_retirement_retry ... ok
test storage_domains::read_memory_quote::tests::paired_read_quote_has_no_allocations_or_admission_and_matches_reader_retention ... ok
test storage_domains::read_memory_quote::tests::paired_read_quote_key_id_ceiling_is_owned_and_stale_growth_is_rejected ... ok
test read_view::fork_tests::prepared_pair_denial_happens_before_registration_and_keeps_original_value ... ok
test read_view::fork_tests::prepared_pair_cancel_and_drop_retire_unbegun_actual_children ... ok
test storage_domains::read_memory_quote::tests::paired_read_quote_covers_real_encrypted_get_requested_allocations ... ok
test read_view::fork_tests::selected_view_fork_preserves_single_domain_point_and_range_after_parent_drop ... ok
test storage_opening::catalog_put::tests::paired_catalog_terminal_refusal_retains_one_child_and_original_outcome ... ok
test read_view::fork_tests::prepared_pair_owns_one_census_child_before_selecting_the_published_root ... ok
test read_view::fork_tests::selected_view_fork_rejects_foreign_database_even_with_same_provider_and_uuid ... ok
test storage_opening::catalog_put::tests::installed_catalog_capacity_denial_keeps_opening_open_and_reopens_old_catalog ... ok
test storage_opening::reads::read_report::tests::routine_report_concurrent_last_drop_releases_original_payload_before_credit ... ok
test storage_opening::reads::read_report::tests::routine_report_one_byte_admission_boundary_funds_both_actual_arcs ... ok
test read_view::fork_tests::prepared_pair_rejects_recovered_begin_before_application_publication ... ok
test storage_opening::catalog_put::tests::fresh_catalog_writer_aborts_existing_and_orphan_rows_without_replacing_them ... ok
test storage_opening::reads::retirement_tests::finished_reader_retries_a_transient_busy_census_owner ... ok
test storage_opening::catalog_put::tests::production_catalog_save_uses_registered_writer_and_reopens_value ... ok
test storage_opening::reads::fork_tests::selected_fork_parent_close_before_install_retains_original_begin_failure ... ok
test storage_opening::reads::fork_tests::routine_early_missing_or_wrong_typed_table_stays_retained_after_real_disposal ... ok
test read_view::fork_tests::prepared_pair_unknown_cancellation_keeps_exact_payload_and_census_custody ... ok
test storage_opening::catalog_put::tests::paired_catalog_rejects_foreign_owner_and_identity_before_registration ... ok
test storage_opening::reads::fork_tests::selected_fork_read_failure_is_local_and_survives_explicit_close ... ok
test storage_opening::startup::tests::rejected_existing_envelope_transfers_the_original_failed_opening_for_close ... ok
test storage_opening::reads::retirement_tests::close_postpass_drains_routine_reader_dropped_inside_first_close ... ok
test storage_opening::reads::retirement_tests::parent_shutdown_waits_for_disposed_child_cell_and_exact_lease ... ok
test storage_opening::startup::tests::failed_custody_parts_keep_consumed_child_id_and_disposition ... ok
test storage_opening::tests::abandoned_failed_open_keeps_original_after_positive_close_until_explicit_report_release ... ok
test storage_opening::reads::fork_tests::selected_fork_recovered_begin_cannot_select_current_root ... ok
test storage_opening::reads::retirement_tests::node_database_retirement_retry_drains_metadata_skipped_routine_child ... ok
test storage_opening::tests::a_new_close_error_is_not_relinquished_by_the_call_that_first_starts_close ... ok
test storage_opening::tests::actual_queued_worker_keeps_request_without_blocking_close_and_cancels_after_seal ... ok
test read_view::fork_tests::prepared_pair_rechecks_each_domain_before_native_begin_and_retires_queue ... ok
test storage_opening::reads::retirement_tests::routine_failure_retires_after_a_facade_reconstitutes_during_last_drop ... ok
test storage_opening::tests::close_during_table_registration_returns_the_exact_cancelled_request ... ok
test storage_opening::reads::fork_tests::selected_fork_metadata_and_native_backing_denials_preserve_parent_and_exact_child ... ok
test storage_opening::startup::tests::startup_uses_one_registered_owner_for_create_and_reopen ... ok
test storage_opening::tests::disposed_failed_owner_resumes_after_actual_transfer_contention_without_replaying_disposal ... ok
test storage_opening::tests::explicit_close_seals_admission_without_waiting_for_a_held_report ... ok
test storage_opening::tests::explicit_close_waits_for_the_actual_reader_then_retries_without_consuming_the_facade ... ok
test storage_opening::reads::retirement_tests::routine_permission_never_acknowledges_recovered_unknown_after_its_state_transition ... ok
test storage_opening::reads::retirement_tests::routine_reader_dropped_during_close_retry_drains_on_next_close ... ok
test storage_opening::tests::actual_body_error_is_retained_before_abort_and_disposal_without_replay ... ok
test storage_opening::tests::failed_existing_name_acquisition_retires_the_registered_opening ... ok
test storage_opening::tests::aborted_table_body_is_not_a_ready_publication_proof ... ok
test storage_opening::tests::native_storage_policy_is_explicit_and_preserves_large_cache_limits ... ok
test storage_opening::tests::explicit_failed_close_requires_original_acknowledgement_then_accepted_disk_census_before_retirement ... ok
test storage_opening::tests::busy_worker_cannot_acknowledge_the_body_error_that_it_has_not_produced_yet ... ok
test storage_opening::tests::active_reader_finish_waits_for_opening_lock_before_reporting_completion ... ok
test storage_opening::tests::failed_pre_descriptor_acquisition_retires_the_registered_opening ... ok
test storage_opening::reads::retirement_tests::close_drains_only_its_released_routine_reader_after_opening_lock_contention ... ok
test read_view::fork_tests::selected_view_fork_keeps_both_encrypted_domains_on_one_old_root ... ok
test storage_opening::reads::fork_tests::selected_fork_recovered_finish_or_retire_wins_without_installing_transaction ... ok
test storage_opening::reads::fork_tests::selected_fork_keeps_old_root_and_closes_independently_in_both_orders ... ok
test storage_opening::tests::close_during_read_registration_returns_the_exact_cancelled_request ... ok
test storage_opening::tests::private_opening_arc_is_admitted_before_any_prepared_owner_allocation ... ok
test storage_opening::tests::failed_acknowledgement_cannot_cross_memory_cores_with_equal_public_owner_ids ... ok
test storage_opening::tests::production_node_post_open_failure_retains_exact_registered_custody ... ok
test storage_opening::tests::failed_ready_attempt_is_one_shot_and_keeps_the_original_registered_owner ... ok
test storage_opening::tests::production_catalog_output_capacity_failure_retires_when_error_is_dropped ... ok
test storage_opening::tests::inspected_reader_failure_retires_directly_after_successful_close ... ok
test storage_opening::tests::production_node_create_reopen_and_shutdown_use_registered_owner ... ok
physical acquisition failed: stage=existing-root-verify
test storage_opening::tests::production_catalog_read_registers_child_and_retains_original_table_failure ... ok
test storage_opening::tests::installed_native_cache_and_descriptor_ceilings_precede_allocation_and_effects ... ok
test storage_opening::tests::production_node_rejects_wrong_identity_with_recoverable_failed_opening_id ... ok
test storage_opening::tests::production_catalog_bounded_failure_retires_when_error_is_dropped ... ok
test storage_opening::tests::owned_reader_point_and_range_bytes_keep_exact_credit_after_close ... ok
test storage_opening::tests::production_long_lived_view_returns_exact_native_report_after_drop ... ok
test storage_opening::tests::production_catalog_decode_failure_retires_its_clean_registered_reader ... ok
test storage_opening::tests::production_paired_deployment_reads_one_registered_snapshot ... ok

thread 'storage_opening::tests::production_scoped_body_panic_cannot_auto_retire' (17030336) panicked at crates/kasumi-store/src/storage_opening_tests.rs:2864:41:
scoped body panic
test storage_opening::tests::production_scoped_body_panic_cannot_auto_retire ... ok
test storage_opening::tests::production_paired_view_keeps_one_registered_generation_until_close ... ok
test storage_opening::tests::production_pristine_probe_classifies_large_orphan_without_value_admission ... ok
test storage_opening::tests::production_paired_view_returns_exact_native_report_after_drop ... ok
test storage_opening::tests::queued_relinquishment_seals_the_request_before_another_facade_can_run ... ok
test storage_opening::tests::production_tenant_get_missing_and_tiny_rows_fit_low_headroom ... ok
test storage_opening::tests::production_present_point_row_uses_native_credit_without_duplicate_outer_charge ... ok

thread 'storage_opening::tests::production_view_drop_during_unwind_keeps_interrupted_child' (17030356) panicked at crates/kasumi-store/src/storage_opening_tests.rs:2930:9:
external view unwind
test storage_opening::tests::registered_opening_exists_before_actual_creation_and_abandoned_prepare_has_no_file_effect ... ok
test storage_opening::tests::production_read_view_keeps_exact_child_until_explicit_close ... ok
test storage_opening::tests::production_view_drop_during_unwind_keeps_interrupted_child ... ok
test storage_opening::tests::production_tenant_point_read_retires_routine_failures_and_keeps_cancelled_child ... ok
test storage_opening::tests::queued_production_catalog_reader_is_cancelled_with_registered_custody ... ok
test storage_opening::tests::production_visit_failure_retains_original_registered_report ... ok
test read_view::fork_tests::selected_view_fork_rechecks_expiry_and_settles_post_fork_denial ... ok

thread 'storage_opening::tests::reader_output_admission_panic_is_reported_and_seals_new_work' (17030381) panicked at crates/kasumi-store/src/storage_opening_tests.rs:573:13:
reader output admission panic
test storage_opening::tests::queued_store_writer_does_not_hold_opening_lock_against_close ... ok
test storage_opening::tests::reader_output_admission_panic_is_reported_and_seals_new_work ... ok
test storage_opening::tests::production_record_writer_denies_before_output_allocation ... ok
test storage_opening::tests::real_commit_and_abort_failures_keep_actual_request_after_all_facades_cancel ... ok
test storage_opening::write_plan::tests::catalog_input_is_admitted_before_its_fixed_serialized_buffer ... ok
test storage_opening::tests::ready_publication_requires_the_exact_committed_disposed_tables_request_once ... ok
test storage_opening::write_plan::tests::paired_catalog_input_releases_first_buffer_when_second_admission_is_denied ... ok
test storage_opening::write_plan::tests::refused_input_reservation_creates_no_plan_or_engine_effect ... ok
test storage_opening::tests::unknown_native_opening_close_vetoes_acknowledgement_and_never_retries_the_handle ... ok
test storage_opening::tests::registered_node_tables_retains_actual_transaction_and_reports_through_physical_close ... ok
test storage_opening::tests::routine_read_diagnostics::routine_early_capacity_recovered_unknown_revokes_both_retirement_paths ... ok
test storage_opening::write_plan::tests::exact_catalog_limit_fits_fixed_buffer_and_one_extra_byte_is_rejected ... ok
test storage_opening::tests::production_record_writer_refuses_unadmitted_live_envelope_peak ... ok
test storage_opening::tests::routine_read_diagnostics::routine_read_known_clean_retirement_is_positive_after_another_exact_drainer ... ok
test storage_opening::tests::retained_reader_keeps_one_snapshot_and_admitted_bytes_through_close ... ok
test storage_opening::tests::routine_read_diagnostics::routine_read_two_original_aliases_outlive_native_and_database_retirement ... ok
test storage_opening::tests::routine_read_diagnostics::routine_early_capacity_last_facade_never_blocks_on_retained_report ... ok

thread 'storage_opening::tests::routine_read_diagnostics::routine_early_unknown_and_native_panic_never_gain_clean_acquisition_permission' (17030402) panicked at crates/kasumi-store/src/storage_opening_tests.rs:573:13:
reader output admission panic
test storage_opening::tests::routine_read_diagnostics::routine_early_unknown_and_native_panic_never_gain_clean_acquisition_permission ... ok

thread 'storage_opening::tests::routine_read_diagnostics::routine_read_unknown_io_and_original_body_panic_keep_native_custody' (17030417) panicked at crates/kasumi-store/src/routine_read_diagnostics_tests.rs:235:21:
Box<dyn Any>
test storage_opening::tests::routine_read_diagnostics::routine_read_unknown_io_and_original_body_panic_keep_native_custody ... ok
test storage_opening::tests::routine_read_diagnostics::routine_read_native_and_outer_capacity_keep_exact_errors_without_cleanup_admission ... ok
test storage_opening::tests::routine_read_diagnostics::routine_early_capacity_keeps_original_after_real_native_and_database_retirement ... ok
test storage_opening::tests::production_delete_needs_no_prior_ciphertext_headroom_and_survives_reopen ... ok
test storage_opening::tests::production_tenant_get_accepts_maximum_writer_value ... ok

test result: ok. 128 passed; 0 failed; 1 ignored; 0 measured; 556 filtered out; finished in 35.28s

Runner: 84.01s; exit=0; matching=831/831
