Command: cargo test --locked --offline --config profile.test.package.kasumi-kv.opt-level=3 --config profile.test.package.sha2.opt-level=3 -p kasumi-store --all-features --lib -- --nocapture source_census_ storage_domains::read_memory_quote
CARGO_TARGET_DIR=target/disk-backed-cache
   Compiling kasumi-store v0.1.0 (/Users/takemiyamakoto/dev/kasumi/crates/kasumi-store)
    Finished `test` profile [unoptimized + debuginfo] target(s) in 50.91s
     Running unittests src/lib.rs (target/disk-backed-cache/debug/deps/kasumi_store-98be0c6afb7030c8)

running 12 tests

thread 'storage_census::source_tests::source_census_poisoned_control_report_cannot_mint_a_later_claim' (16768994) panicked at crates/kasumi-store/src/storage_census_source_tests.rs:436:13:
poison actual vacant control report
note: run with `RUST_BACKTRACE=1` environment variable to display a backtrace

thread 'storage_census::source_tests::source_census_control_cleanup_panic_preserves_provider_original_and_parent' (16768989) panicked at crates/kasumi-store/src/storage_census_source_tests.rs:38:13:
Box<dyn Any>
test storage_domains::read_memory_quote::tests::provider_without_own_quote_refuses_without_guessing_or_allocating ... ok
test storage_census::source_tests::source_census_control_preclaims_identity_before_provider_and_retires_successful_report ... ok
test storage_census::source_tests::source_census_control_cancel_pristine_and_capacity_refusal_never_dispatch_provider ... ok

thread 'storage_census::source_tests::source_census_control_originals_survive_no_facade_cleanup_and_are_never_retried' (16768990) panicked at crates/kasumi-store/src/storage_census_source_tests.rs:146:13:
Box<dyn Any>
test storage_census::source_tests::source_census_partial_right_claim_is_real_capacity_and_release_returns_parent_once ... ok
test storage_census::source_tests::source_census_recorded_release_survives_async_drain_and_slot_reuse ... ok
test storage_census::source_tests::source_census_foreign_holds_never_consume_capacity_or_parent_counts ... ok
test storage_census::source_tests::source_census_poisoned_control_report_cannot_mint_a_later_claim ... ok
test storage_census::source_tests::source_census_control_cleanup_panic_preserves_provider_original_and_parent ... ok

thread 'storage_census::source_tests::source_census_control_originals_survive_no_facade_cleanup_and_are_never_retried' (16768990) panicked at crates/kasumi-store/src/storage_census_source_tests.rs:165:13:
Box<dyn Any>
test storage_census::source_tests::source_census_control_originals_survive_no_facade_cleanup_and_are_never_retried ... ok
test storage_domains::read_memory_quote::tests::paired_read_quote_key_id_ceiling_is_owned_and_stale_growth_is_rejected ... ok
test storage_domains::read_memory_quote::tests::paired_read_quote_has_no_allocations_or_admission_and_matches_reader_retention ... ok
test storage_domains::read_memory_quote::tests::paired_read_quote_covers_real_encrypted_get_requested_allocations ... ok

test result: ok. 12 passed; 0 failed; 0 ignored; 0 measured; 673 filtered out; finished in 1.24s

Runner: 52.22s; exit=0; matching=830/830
