Command: cargo test -p kasumi-engine --all-features --lib --locked --offline --config profile.test.package.kasumi-kv.opt-level=3 --config profile.test.package.sha2.opt-level=3 -- --test-threads=1 selected_sources_ application_sources::tests::allocation_tails:: primary_stage_
CARGO_TARGET_DIR=target/disk-backed-cache
   Compiling kasumi-engine v0.1.0 (/Users/takemiyamakoto/dev/kasumi/crates/kasumi-engine)
warning: variant `Mutation` is never constructed
  --> crates/kasumi-engine/src/security_audit_jobs.rs:26:5
   |
24 | enum JobEffect {
   |      --------- variant in this enum
25 |     Read,
26 |     Mutation(&'static str),
   |     ^^^^^^^^
   |
   = note: `JobEffect` has a derived impl for the trait `Clone`, but this is intentionally ignored during dead code analysis
   = note: `#[warn(dead_code)]` (part of `#[warn(unused)]`) on by default

warning: struct `ReadPause` is never constructed
  --> crates/kasumi-engine/src/security_audit_jobs.rs:57:19
   |
57 | pub(super) struct ReadPause {
   |                   ^^^^^^^^^

warning: method `run_mutation` is never used
   --> crates/kasumi-engine/src/security_audit_jobs.rs:120:25
    |
 62 | impl SecurityAudit {
    | ------------------ method in this implementation
...
120 |     pub(super) async fn run_mutation<T, F, R>(&self, component: &'static str, run: R) -> Result<T>
    |                         ^^^^^^^^^^^^

warning: `kasumi-engine` (lib) generated 3 warnings
error[E0433]: cannot find type `Arc` in this scope
   --> crates/kasumi-engine/src/security_audit_jobs.rs:227:24
    |
227 |         let provider = Arc::new(LocalKeyProvider::new([74; 32]));
    |                        ^^^ use of undeclared type `Arc`
    |
help: consider importing one of these structs
    |
197 +     use crate::security_audit::Arc;
    |
197 +     use std::sync::Arc;
    |

error[E0433]: cannot find type `Arc` in this scope
   --> crates/kasumi-engine/src/security_audit_jobs.rs:231:20
    |
231 |         let weak = Arc::downgrade(&node);
    |                    ^^^ use of undeclared type `Arc`
    |
help: consider importing one of these structs
    |
197 +     use crate::security_audit::Arc;
    |
197 +     use std::sync::Arc;
    |

error[E0433]: cannot find type `Arc` in this scope
   --> crates/kasumi-engine/src/security_audit_jobs.rs:342:24
    |
342 |         let provider = Arc::new(LocalKeyProvider::new([75; 32]));
    |                        ^^^ use of undeclared type `Arc`
    |
help: consider importing one of these structs
    |
197 +     use crate::security_audit::Arc;
    |
197 +     use std::sync::Arc;
    |

error[E0433]: cannot find type `Arc` in this scope
   --> crates/kasumi-engine/src/security_audit_jobs.rs:346:20
    |
346 |         let weak = Arc::downgrade(&node);
    |                    ^^^ use of undeclared type `Arc`
    |
help: consider importing one of these structs
    |
197 +     use crate::security_audit::Arc;
    |
197 +     use std::sync::Arc;
    |

error[E0433]: cannot find type `Arc` in this scope
   --> crates/kasumi-engine/src/security_audit_jobs.rs:354:23
    |
354 |         let archive = Arc::new(PanickingArchive {
    |                       ^^^ use of undeclared type `Arc`
    |
help: consider importing one of these structs
    |
197 +     use crate::security_audit::Arc;
    |
197 +     use std::sync::Arc;
    |

error[E0433]: cannot find type `Arc` in this scope
   --> crates/kasumi-engine/src/security_audit_jobs.rs:375:21
    |
375 |         let pause = Arc::new(crate::security_audit::retention::WorkerPause::default());
    |                     ^^^ use of undeclared type `Arc`
    |
help: consider importing one of these structs
    |
197 +     use crate::security_audit::Arc;
    |
197 +     use std::sync::Arc;
    |

For more information about this error, try `rustc --explain E0433`.
error: could not compile `kasumi-engine` (lib test) due to 6 previous errors
Runner: 75.91s; exit=101; matching=768/768
