Command: cargo test -p kasumi-engine --all-features --lib --locked --offline --config profile.test.package.kasumi-kv.opt-level=3 --config profile.test.package.sha2.opt-level=3 -- --test-threads=1 selected_sources_ application_sources::tests::allocation_tails:: primary_stage_
CARGO_TARGET_DIR=target/disk-backed-cache
   Compiling kasumi-types v0.1.0 (/Users/takemiyamakoto/dev/kasumi/crates/kasumi-types)
   Compiling kasumi-serving v0.1.0 (/Users/takemiyamakoto/dev/kasumi/crates/kasumi-serving)
   Compiling kasumi-query v0.1.0 (/Users/takemiyamakoto/dev/kasumi/crates/kasumi-query)
   Compiling kasumi-store v0.1.0 (/Users/takemiyamakoto/dev/kasumi/crates/kasumi-store)
   Compiling kasumi-raft v0.1.0 (/Users/takemiyamakoto/dev/kasumi/crates/kasumi-raft)
   Compiling kasumi-engine v0.1.0 (/Users/takemiyamakoto/dev/kasumi/crates/kasumi-engine)
warning: unused import: `sync::Arc`
 --> crates/kasumi-engine/src/security_audit_jobs.rs:5:27
  |
5 | use std::{future::Future, sync::Arc};
  |                           ^^^^^^^^^
  |
  = note: `#[warn(unused_imports)]` (part of `#[warn(unused)]`) on by default

warning: method `ptr_eq` is never used
  --> crates/kasumi-engine/src/application_source_ownership.rs:51:19
   |
38 | impl<T> Strong<T> {
   | ----------------- method in this implementation
...
51 |     pub(super) fn ptr_eq(&self, other: &Self) -> bool {
   |                   ^^^^^^
   |
   = note: `#[warn(dead_code)]` (part of `#[warn(unused)]`) on by default

warning: variant `Mutation` is never constructed
  --> crates/kasumi-engine/src/security_audit_jobs.rs:26:5
   |
24 | enum JobEffect {
   |      --------- variant in this enum
25 |     Read,
26 |     Mutation(&'static str),
   |     ^^^^^^^^
   |
   = note: `JobEffect` has a derived impl for the trait `Clone`, but this is intentionally ignored during dead code analysis

warning: struct `ReadPause` is never constructed
  --> crates/kasumi-engine/src/security_audit_jobs.rs:57:19
   |
57 | pub(super) struct ReadPause {
   |                   ^^^^^^^^^

warning: method `run_mutation` is never used
   --> crates/kasumi-engine/src/security_audit_jobs.rs:120:25
    |
 62 | impl SecurityAudit {
    | ------------------ method in this implementation
...
120 |     pub(super) async fn run_mutation<T, F, R>(&self, component: &'static str, run: R) -> Result<T>
    |                         ^^^^^^^^^^^^

warning: `kasumi-engine` (lib) generated 5 warnings (run `cargo fix --lib -p kasumi-engine` to apply 1 suggestion)
error[E0308]: arguments to this function are incorrect
   --> crates/kasumi-engine/src/application_sources_tests.rs:281:14
    |
281 |     assert!(!Arc::ptr_eq(&initial, &current));
    |              ^^^^^^^^^^^
    |
note: expected `&Arc<_, _>`, found `&Strong<Cell>`
   --> crates/kasumi-engine/src/application_sources_tests.rs:281:26
    |
281 |     assert!(!Arc::ptr_eq(&initial, &current));
    |                          ^^^^^^^^
    = note: expected reference `&std::sync::Arc<_, _>`
               found reference `&Strong<application_sources::Cell>`
note: expected `&Arc<_, _>`, found `&Strong<Cell>`
   --> crates/kasumi-engine/src/application_sources_tests.rs:281:36
    |
281 |     assert!(!Arc::ptr_eq(&initial, &current));
    |                                    ^^^^^^^^
    = note: expected reference `&std::sync::Arc<_, _>`
               found reference `&Strong<application_sources::Cell>`
note: associated function defined here
   --> /rustc/8bab26f4f68e0e26f0bb7960be334d5b520ea452/library/alloc/src/sync.rs:2166:11

For more information about this error, try `rustc --explain E0308`.
error: could not compile `kasumi-engine` (lib test) due to 1 previous error
Runner: 191.37s; exit=101; matching=768/768
