Command: cargo clippy --locked --offline --config profile.test.package.kasumi-kv.opt-level=3 --config profile.test.package.sha2.opt-level=3 -p kasumi-kv -p kasumi-store --all-features --all-targets --no-deps -- -D warnings
CARGO_TARGET_DIR=target/disk-backed-cache
    Checking stable_deref_trait v1.2.1
    Checking hashbrown v0.17.1
    Checking getrandom v0.2.17
    Checking futures-task v0.3.34
    Checking tokio v1.53.1
    Checking tracing v0.1.44
   Compiling time-macros v0.2.32
    Checking futures-channel v0.3.34
    Checking deranged v0.5.8
    Checking thiserror v2.0.20
    Checking serde v1.0.229
    Checking serde_json v1.0.151 (/Users/takemiyamakoto/dev/kasumi/vendor/serde_json-1.0.151)
    Checking kasumi-clock v0.1.0 (/Users/takemiyamakoto/dev/kasumi/crates/kasumi-clock)
    Checking mime v0.3.17
    Checking base64 v0.23.1
    Checking serde_path_to_error v0.1.20
    Checking matchit v0.8.4
    Checking pem v4.0.0
    Checking serde_urlencoded v0.7.1
    Checking rand_core v0.6.4
    Checking ring v0.17.14
    Checking yoke v0.8.3
    Checking tokio-util v0.7.19
    Checking tokio-stream v0.1.19
    Checking futures-util v0.3.34
    Checking axum-core v0.5.6
    Checking indexmap v2.14.1
    Checking time v0.3.55
    Checking crypto-common v0.1.7
    Checking zerovec v0.11.8
    Checking zerotrie v0.2.5
    Checking h2 v0.4.19
    Checking rustls-webpki v0.103.15
    Checking digest v0.10.7
    Checking cipher v0.4.4
    Checking universal-hash v0.5.1
    Checking aead v0.5.2
    Checking tower v0.5.3
    Checking tinystr v0.8.4
    Checking potential_utf v0.1.6
    Checking hyper v1.11.1
    Checking rustls v0.23.43
    Checking poly1305 v0.8.0
    Checking chacha20 v0.9.1
    Checking asn1-rs v0.7.2
    Checking yasna v0.6.0
    Checking sha2 v0.10.9
    Checking hmac v0.12.1
    Checking icu_collections v2.3.0
    Checking icu_locale_core v2.3.0
    Checking hyper-util v0.1.20
    Checking rcgen v0.14.10
    Checking chacha20poly1305 v0.10.1
    Checking kasumi-kv v0.1.0 (/Users/takemiyamakoto/dev/kasumi/crates/kasumi-kv)
    Checking hyper-timeout v0.5.2
    Checking axum v0.8.9
    Checking der-parser v10.0.0
    Checking oid-registry v0.8.1
    Checking icu_provider v2.3.1
    Checking tonic v0.14.6
    Checking tokio-rustls v0.26.5
    Checking icu_normalizer v2.3.0
    Checking icu_properties v2.3.0
    Checking x509-parser v0.18.1
    Checking hyper-rustls v0.27.9
error: this expression creates a reference which is immediately dereferenced by the compiler
   --> crates/kasumi-kv/src/directory_pack.rs:556:17
    |
556 |                 &mut self.input,
    |                 ^^^^^^^^^^^^^^^ help: change this to: `self.input`
    |
    = help: for further information visit https://rust-lang.github.io/rust-clippy/rust-1.97.0/index.html#needless_borrow
    = note: `-D clippy::needless-borrow` implied by `-D warnings`
    = help: to override `-D warnings` add `#[allow(clippy::needless_borrow)]`

error: this expression creates a reference which is immediately dereferenced by the compiler
   --> crates/kasumi-kv/src/directory_pack.rs:566:25
    |
566 |             reader.load(&mut self.input, root, child, &bounds)?;
    |                         ^^^^^^^^^^^^^^^ help: change this to: `self.input`
    |
    = help: for further information visit https://rust-lang.github.io/rust-clippy/rust-1.97.0/index.html#needless_borrow

error: this expression creates a reference which is immediately dereferenced by the compiler
   --> crates/kasumi-kv/src/directory_pack.rs:581:13
    |
581 |             &mut self.input,
    |             ^^^^^^^^^^^^^^^ help: change this to: `self.input`
    |
    = help: for further information visit https://rust-lang.github.io/rust-clippy/rust-1.97.0/index.html#needless_borrow

error: this expression creates a reference which is immediately dereferenced by the compiler
   --> crates/kasumi-kv/src/directory_pack.rs:648:47
    |
648 |             plan.left.validate(&reader, root, &mut context.input)?;
    |                                               ^^^^^^^^^^^^^^^^^^ help: change this to: `context.input`
    |
    = help: for further information visit https://rust-lang.github.io/rust-clippy/rust-1.97.0/index.html#needless_borrow

error: this expression creates a reference which is immediately dereferenced by the compiler
   --> crates/kasumi-kv/src/directory_pack.rs:650:47
    |
650 |                 right.validate(&reader, root, &mut context.input)?;
    |                                               ^^^^^^^^^^^^^^^^^^ help: change this to: `context.input`
    |
    = help: for further information visit https://rust-lang.github.io/rust-clippy/rust-1.97.0/index.html#needless_borrow

error: could not compile `kasumi-kv` (lib) due to 5 previous errors
warning: build failed, waiting for other jobs to finish...
error: call to `std::mem::drop` with a value that does not implement `Drop`. Dropping such a type only extends its contained lifetimes
   --> crates/kasumi-kv/src/directory_pack_tests.rs:625:5
    |
625 |     drop(mutator);
    |     ^^^^^^^^^^^^^
    |
note: argument has type `directory::update::DirectoryMutator<'_>`
   --> crates/kasumi-kv/src/directory_pack_tests.rs:625:10
    |
625 |     drop(mutator);
    |          ^^^^^^^
    = help: for further information visit https://rust-lang.github.io/rust-clippy/rust-1.97.0/index.html#drop_non_drop
    = note: `-D clippy::drop-non-drop` implied by `-D warnings`
    = help: to override `-D warnings` add `#[allow(clippy::drop_non_drop)]`

error: call to `std::mem::drop` with a value that does not implement `Drop`. Dropping such a type only extends its contained lifetimes
   --> crates/kasumi-kv/src/directory_pack_tests.rs:972:5
    |
972 |     drop(mutator);
    |     ^^^^^^^^^^^^^
    |
note: argument has type `directory::update::DirectoryMutator<'_>`
   --> crates/kasumi-kv/src/directory_pack_tests.rs:972:10
    |
972 |     drop(mutator);
    |          ^^^^^^^
    = help: for further information visit https://rust-lang.github.io/rust-clippy/rust-1.97.0/index.html#drop_non_drop

error: call to `std::mem::drop` with a value that does not implement `Drop`. Dropping such a type only extends its contained lifetimes
    --> crates/kasumi-kv/src/directory_pack_tests.rs:1078:5
     |
1078 |     drop(mutator);
     |     ^^^^^^^^^^^^^
     |
note: argument has type `directory::update::DirectoryMutator<'_>`
    --> crates/kasumi-kv/src/directory_pack_tests.rs:1078:10
     |
1078 |     drop(mutator);
     |          ^^^^^^^
     = help: for further information visit https://rust-lang.github.io/rust-clippy/rust-1.97.0/index.html#drop_non_drop

error: call to `std::mem::drop` with a value that does not implement `Drop`. Dropping such a type only extends its contained lifetimes
   --> crates/kasumi-kv/src/directory_reachability_tests.rs:139:5
    |
139 |     drop(mutator);
    |     ^^^^^^^^^^^^^
    |
note: argument has type `directory::update::DirectoryMutator<'_>`
   --> crates/kasumi-kv/src/directory_reachability_tests.rs:139:10
    |
139 |     drop(mutator);
    |          ^^^^^^^
    = help: for further information visit https://rust-lang.github.io/rust-clippy/rust-1.97.0/index.html#drop_non_drop

error: call to `std::mem::drop` with a value that does not implement `Drop`. Dropping such a type only extends its contained lifetimes
   --> crates/kasumi-kv/src/directory_workspace_tests.rs:465:5
    |
465 |     drop(mutator);
    |     ^^^^^^^^^^^^^
    |
note: argument has type `directory::update::DirectoryMutator<'_>`
   --> crates/kasumi-kv/src/directory_workspace_tests.rs:465:10
    |
465 |     drop(mutator);
    |          ^^^^^^^
    = help: for further information visit https://rust-lang.github.io/rust-clippy/rust-1.97.0/index.html#drop_non_drop

error: call to `std::mem::drop` with a value that does not implement `Drop`. Dropping such a type only extends its contained lifetimes
   --> crates/kasumi-kv/src/directory_workspace_tests.rs:495:5
    |
495 |     drop(mutator);
    |     ^^^^^^^^^^^^^
    |
note: argument has type `directory::update::DirectoryMutator<'_>`
   --> crates/kasumi-kv/src/directory_workspace_tests.rs:495:10
    |
495 |     drop(mutator);
    |          ^^^^^^^
    = help: for further information visit https://rust-lang.github.io/rust-clippy/rust-1.97.0/index.html#drop_non_drop

error: call to `std::mem::drop` with a value that does not implement `Drop`. Dropping such a type only extends its contained lifetimes
   --> crates/kasumi-kv/src/directory_batch_tests.rs:147:9
    |
147 |         drop(mutator);
    |         ^^^^^^^^^^^^^
    |
note: argument has type `directory::update::DirectoryMutator<'_>`
   --> crates/kasumi-kv/src/directory_batch_tests.rs:147:14
    |
147 |         drop(mutator);
    |              ^^^^^^^
    = help: for further information visit https://rust-lang.github.io/rust-clippy/rust-1.97.0/index.html#drop_non_drop

error: call to `std::mem::drop` with a value that does not implement `Drop`. Dropping such a type only extends its contained lifetimes
   --> crates/kasumi-kv/src/directory_batch_tests.rs:216:5
    |
216 |     drop(mutator);
    |     ^^^^^^^^^^^^^
    |
note: argument has type `directory::update::DirectoryMutator<'_>`
   --> crates/kasumi-kv/src/directory_batch_tests.rs:216:10
    |
216 |     drop(mutator);
    |          ^^^^^^^
    = help: for further information visit https://rust-lang.github.io/rust-clippy/rust-1.97.0/index.html#drop_non_drop

error: call to `std::mem::drop` with a value that does not implement `Drop`. Dropping such a type only extends its contained lifetimes
   --> crates/kasumi-kv/src/directory_batch_tests.rs:246:5
    |
246 |     drop(mutator);
    |     ^^^^^^^^^^^^^
    |
note: argument has type `directory::update::DirectoryMutator<'_>`
   --> crates/kasumi-kv/src/directory_batch_tests.rs:246:10
    |
246 |     drop(mutator);
    |          ^^^^^^^
    = help: for further information visit https://rust-lang.github.io/rust-clippy/rust-1.97.0/index.html#drop_non_drop

error: call to `std::mem::drop` with a value that does not implement `Drop`. Dropping such a type only extends its contained lifetimes
   --> crates/kasumi-kv/src/directory_batch_tests.rs:306:5
    |
306 |     drop(mutator);
    |     ^^^^^^^^^^^^^
    |
note: argument has type `directory::update::DirectoryMutator<'_>`
   --> crates/kasumi-kv/src/directory_batch_tests.rs:306:10
    |
306 |     drop(mutator);
    |          ^^^^^^^
    = help: for further information visit https://rust-lang.github.io/rust-clippy/rust-1.97.0/index.html#drop_non_drop

error: call to `std::mem::drop` with a value that does not implement `Drop`. Dropping such a type only extends its contained lifetimes
   --> crates/kasumi-kv/src/directory_batch_tests.rs:387:5
    |
387 |     drop(mutator);
    |     ^^^^^^^^^^^^^
    |
note: argument has type `directory::update::DirectoryMutator<'_>`
   --> crates/kasumi-kv/src/directory_batch_tests.rs:387:10
    |
387 |     drop(mutator);
    |          ^^^^^^^
    = help: for further information visit https://rust-lang.github.io/rust-clippy/rust-1.97.0/index.html#drop_non_drop

error: call to `std::mem::drop` with a value that does not implement `Drop`. Dropping such a type only extends its contained lifetimes
   --> crates/kasumi-kv/src/directory_batch_tests.rs:475:5
    |
475 |     drop(mutator);
    |     ^^^^^^^^^^^^^
    |
note: argument has type `directory::update::DirectoryMutator<'_>`
   --> crates/kasumi-kv/src/directory_batch_tests.rs:475:10
    |
475 |     drop(mutator);
    |          ^^^^^^^
    = help: for further information visit https://rust-lang.github.io/rust-clippy/rust-1.97.0/index.html#drop_non_drop

error: call to `std::mem::drop` with a value that does not implement `Drop`. Dropping such a type only extends its contained lifetimes
   --> crates/kasumi-kv/src/directory_batch_tests.rs:535:5
    |
535 |     drop(mutator);
    |     ^^^^^^^^^^^^^
    |
note: argument has type `directory::update::DirectoryMutator<'_>`
   --> crates/kasumi-kv/src/directory_batch_tests.rs:535:10
    |
535 |     drop(mutator);
    |          ^^^^^^^
    = help: for further information visit https://rust-lang.github.io/rust-clippy/rust-1.97.0/index.html#drop_non_drop

error: call to `std::mem::drop` with a value that does not implement `Drop`. Dropping such a type only extends its contained lifetimes
   --> crates/kasumi-kv/src/directory_batch_tests.rs:629:5
    |
629 |     drop(mutator);
    |     ^^^^^^^^^^^^^
    |
note: argument has type `directory::update::DirectoryMutator<'_>`
   --> crates/kasumi-kv/src/directory_batch_tests.rs:629:10
    |
629 |     drop(mutator);
    |          ^^^^^^^
    = help: for further information visit https://rust-lang.github.io/rust-clippy/rust-1.97.0/index.html#drop_non_drop

error: call to `std::mem::drop` with a value that does not implement `Drop`. Dropping such a type only extends its contained lifetimes
   --> crates/kasumi-kv/src/directory_batch_tests.rs:665:5
    |
665 |     drop(mutator);
    |     ^^^^^^^^^^^^^
    |
note: argument has type `directory::update::DirectoryMutator<'_>`
   --> crates/kasumi-kv/src/directory_batch_tests.rs:665:10
    |
665 |     drop(mutator);
    |          ^^^^^^^
    = help: for further information visit https://rust-lang.github.io/rust-clippy/rust-1.97.0/index.html#drop_non_drop

error: call to `std::mem::drop` with a value that does not implement `Drop`. Dropping such a type only extends its contained lifetimes
   --> crates/kasumi-kv/src/directory_batch_tests.rs:694:9
    |
694 |         drop(mutator);
    |         ^^^^^^^^^^^^^
    |
note: argument has type `directory::update::DirectoryMutator<'_>`
   --> crates/kasumi-kv/src/directory_batch_tests.rs:694:14
    |
694 |         drop(mutator);
    |              ^^^^^^^
    = help: for further information visit https://rust-lang.github.io/rust-clippy/rust-1.97.0/index.html#drop_non_drop

error: call to `std::mem::drop` with a value that does not implement `Drop`. Dropping such a type only extends its contained lifetimes
   --> crates/kasumi-kv/src/directory_batch_tests.rs:737:9
    |
737 |         drop(mutator);
    |         ^^^^^^^^^^^^^
    |
note: argument has type `directory::update::DirectoryMutator<'_>`
   --> crates/kasumi-kv/src/directory_batch_tests.rs:737:14
    |
737 |         drop(mutator);
    |              ^^^^^^^
    = help: for further information visit https://rust-lang.github.io/rust-clippy/rust-1.97.0/index.html#drop_non_drop

error: call to `std::mem::drop` with a value that does not implement `Drop`. Dropping such a type only extends its contained lifetimes
   --> crates/kasumi-kv/src/directory_batch_tests.rs:816:13
    |
816 |             drop(mutator);
    |             ^^^^^^^^^^^^^
    |
note: argument has type `directory::update::DirectoryMutator<'_>`
   --> crates/kasumi-kv/src/directory_batch_tests.rs:816:18
    |
816 |             drop(mutator);
    |                  ^^^^^^^
    = help: for further information visit https://rust-lang.github.io/rust-clippy/rust-1.97.0/index.html#drop_non_drop

error: call to `std::mem::drop` with a value that does not implement `Drop`. Dropping such a type only extends its contained lifetimes
  --> crates/kasumi-kv/src/directory_split_tests.rs:77:5
   |
77 |     drop(mutator);
   |     ^^^^^^^^^^^^^
   |
note: argument has type `directory::update::DirectoryMutator<'_>`
  --> crates/kasumi-kv/src/directory_split_tests.rs:77:10
   |
77 |     drop(mutator);
   |          ^^^^^^^
   = help: for further information visit https://rust-lang.github.io/rust-clippy/rust-1.97.0/index.html#drop_non_drop

error: call to `std::mem::drop` with a value that does not implement `Drop`. Dropping such a type only extends its contained lifetimes
   --> crates/kasumi-kv/src/directory_split_tests.rs:123:5
    |
123 |     drop(mutator);
    |     ^^^^^^^^^^^^^
    |
note: argument has type `directory::update::DirectoryMutator<'_>`
   --> crates/kasumi-kv/src/directory_split_tests.rs:123:10
    |
123 |     drop(mutator);
    |          ^^^^^^^
    = help: for further information visit https://rust-lang.github.io/rust-clippy/rust-1.97.0/index.html#drop_non_drop

error: call to `std::mem::drop` with a value that does not implement `Drop`. Dropping such a type only extends its contained lifetimes
   --> crates/kasumi-kv/src/directory_split_tests.rs:227:5
    |
227 |     drop(mutator);
    |     ^^^^^^^^^^^^^
    |
note: argument has type `directory::update::DirectoryMutator<'_>`
   --> crates/kasumi-kv/src/directory_split_tests.rs:227:10
    |
227 |     drop(mutator);
    |          ^^^^^^^
    = help: for further information visit https://rust-lang.github.io/rust-clippy/rust-1.97.0/index.html#drop_non_drop

error: call to `std::mem::drop` with a value that does not implement `Drop`. Dropping such a type only extends its contained lifetimes
    --> crates/kasumi-kv/src/directory.rs:1811:9
     |
1811 |         drop(mutator);
     |         ^^^^^^^^^^^^^
     |
note: argument has type `directory::update::DirectoryMutator<'_>`
    --> crates/kasumi-kv/src/directory.rs:1811:14
     |
1811 |         drop(mutator);
     |              ^^^^^^^
     = help: for further information visit https://rust-lang.github.io/rust-clippy/rust-1.97.0/index.html#drop_non_drop

error: call to `std::mem::drop` with a value that does not implement `Drop`. Dropping such a type only extends its contained lifetimes
    --> crates/kasumi-kv/src/directory.rs:2632:9
     |
2632 |         drop(mutator);
     |         ^^^^^^^^^^^^^
     |
note: argument has type `directory::update::DirectoryMutator<'_>`
    --> crates/kasumi-kv/src/directory.rs:2632:14
     |
2632 |         drop(mutator);
     |              ^^^^^^^
     = help: for further information visit https://rust-lang.github.io/rust-clippy/rust-1.97.0/index.html#drop_non_drop

error: call to `std::mem::drop` with a value that does not implement `Drop`. Dropping such a type only extends its contained lifetimes
    --> crates/kasumi-kv/src/directory.rs:2699:9
     |
2699 |         drop(mutator);
     |         ^^^^^^^^^^^^^
     |
note: argument has type `directory::update::DirectoryMutator<'_>`
    --> crates/kasumi-kv/src/directory.rs:2699:14
     |
2699 |         drop(mutator);
     |              ^^^^^^^
     = help: for further information visit https://rust-lang.github.io/rust-clippy/rust-1.97.0/index.html#drop_non_drop

error: call to `std::mem::drop` with a value that does not implement `Drop`. Dropping such a type only extends its contained lifetimes
    --> crates/kasumi-kv/src/directory.rs:2833:13
     |
2833 |             drop(mutator);
     |             ^^^^^^^^^^^^^
     |
note: argument has type `directory::update::DirectoryMutator<'_>`
    --> crates/kasumi-kv/src/directory.rs:2833:18
     |
2833 |             drop(mutator);
     |                  ^^^^^^^
     = help: for further information visit https://rust-lang.github.io/rust-clippy/rust-1.97.0/index.html#drop_non_drop

error: call to `std::mem::drop` with a value that does not implement `Drop`. Dropping such a type only extends its contained lifetimes
    --> crates/kasumi-kv/src/directory.rs:2936:13
     |
2936 |             drop(mutator);
     |             ^^^^^^^^^^^^^
     |
note: argument has type `directory::update::DirectoryMutator<'_>`
    --> crates/kasumi-kv/src/directory.rs:2936:18
     |
2936 |             drop(mutator);
     |                  ^^^^^^^
     = help: for further information visit https://rust-lang.github.io/rust-clippy/rust-1.97.0/index.html#drop_non_drop

error: call to `std::mem::drop` with a value that does not implement `Drop`. Dropping such a type only extends its contained lifetimes
    --> crates/kasumi-kv/src/directory.rs:2974:9
     |
2974 |         drop(mutator);
     |         ^^^^^^^^^^^^^
     |
note: argument has type `directory::update::DirectoryMutator<'_>`
    --> crates/kasumi-kv/src/directory.rs:2974:14
     |
2974 |         drop(mutator);
     |              ^^^^^^^
     = help: for further information visit https://rust-lang.github.io/rust-clippy/rust-1.97.0/index.html#drop_non_drop

error: call to `std::mem::drop` with a value that does not implement `Drop`. Dropping such a type only extends its contained lifetimes
    --> crates/kasumi-kv/src/directory.rs:3034:9
     |
3034 |         drop(mutator);
     |         ^^^^^^^^^^^^^
     |
note: argument has type `directory::update::DirectoryMutator<'_>`
    --> crates/kasumi-kv/src/directory.rs:3034:14
     |
3034 |         drop(mutator);
     |              ^^^^^^^
     = help: for further information visit https://rust-lang.github.io/rust-clippy/rust-1.97.0/index.html#drop_non_drop

error: call to `std::mem::drop` with a value that does not implement `Drop`. Dropping such a type only extends its contained lifetimes
    --> crates/kasumi-kv/src/directory.rs:3178:13
     |
3178 |             drop(mutator);
     |             ^^^^^^^^^^^^^
     |
note: argument has type `directory::update::DirectoryMutator<'_>`
    --> crates/kasumi-kv/src/directory.rs:3178:18
     |
3178 |             drop(mutator);
     |                  ^^^^^^^
     = help: for further information visit https://rust-lang.github.io/rust-clippy/rust-1.97.0/index.html#drop_non_drop

error: call to `std::mem::drop` with a value that does not implement `Drop`. Dropping such a type only extends its contained lifetimes
    --> crates/kasumi-kv/src/directory.rs:3331:13
     |
3331 |             drop(mutator);
     |             ^^^^^^^^^^^^^
     |
note: argument has type `directory::update::DirectoryMutator<'_>`
    --> crates/kasumi-kv/src/directory.rs:3331:18
     |
3331 |             drop(mutator);
     |                  ^^^^^^^
     = help: for further information visit https://rust-lang.github.io/rust-clippy/rust-1.97.0/index.html#drop_non_drop

error: call to `std::mem::drop` with a value that does not implement `Drop`. Dropping such a type only extends its contained lifetimes
   --> crates/kasumi-kv/src/disk_state_tests.rs:685:5
    |
685 |     drop(mutator);
    |     ^^^^^^^^^^^^^
    |
note: argument has type `directory::update::DirectoryMutator<'_>`
   --> crates/kasumi-kv/src/disk_state_tests.rs:685:10
    |
685 |     drop(mutator);
    |          ^^^^^^^
    = help: for further information visit https://rust-lang.github.io/rust-clippy/rust-1.97.0/index.html#drop_non_drop

error: could not compile `kasumi-kv` (lib test) due to 36 previous errors
Runner: 10.72s; exit=101; matching=1560/1560
