Command: cargo test -p kasumi-engine --lib --all-features --locked --offline -- --nocapture memory_text_ admission::tests:: admission::disk_memory:: primary_index_text_journal_ primary_index_text_producer_actual_baseline primary_index_sparse_manifest_ primary_index_span_ primary_index_carried_ --skip primary_index_span_actual_rebuild_proves_aliases_branch_owners_and_every_released_ordinal
ISOLATED_SOURCE=/tmp/kasumi-source-cohort-validation-v1
CARGO_TARGET_DIR=/Users/takemiyamakoto/dev/kasumi/target/disk-backed-cache
warning: method `last_sm_seq` is never used
  --> vendor/openraft-0.9.25/openraft/src/engine/engine_output.rs:35:19
   |
24 | / impl<C> EngineOutput<C>
25 | | where
26 | |     C: RaftTypeConfig,
   | |______________________- method in this implementation
...
35 |       pub(crate) fn last_sm_seq(&self) -> CommandSeq {
   |                     ^^^^^^^^^^^
   |
   = note: `#[warn(dead_code)]` (part of `#[warn(unused)]`) on by default

warning: method `accept_vote` is never used
  --> vendor/openraft-0.9.25/openraft/src/engine/handler/vote_handler/mod.rs:58:19
   |
45 | / impl<C> VoteHandler<'_, C>
46 | | where
47 | |     C: RaftTypeConfig,
   | |______________________- method in this implementation
...
58 |       pub(crate) fn accept_vote<T, E, F>(
   |                     ^^^^^^^^^^^

warning: field `database` is never read
  --> crates/kasumi-store/src/storage_opening/publication.rs:59:5
   |
56 | struct PublicationRequest {
   |        ------------------ field in this struct
...
59 |     database: StorageRegistration<DatabaseOwner>,
   |     ^^^^^^^^
   |
   = note: `#[warn(dead_code)]` (part of `#[warn(unused)]`) on by default

warning: `openraft` (lib) generated 2 warnings
warning: `kasumi-store` (lib) generated 1 warning
warning: method `get` is never used
  --> crates/kasumi-query/src/text_runtime_slot.rs:25:8
   |
19 | impl<T, W> Slot<T, W> {
   | --------------------- method in this implementation
...
25 |     fn get(&self) -> Option<Strong<T, W>> {
   |        ^^^
   |
   = note: `#[warn(dead_code)]` (part of `#[warn(unused)]`) on by default

warning: field `0` is never read
  --> crates/kasumi-raft/src/owned_prepared_restore.rs:25:33
   |
25 | struct CandidateRetirementPanic(std::sync::Mutex<Box<dyn std::any::Any + Send>>);
   |        ------------------------ ^^^^^^^^^^^^^^^^^^^^^^^^^^^^^^^^^^^^^^^^^^^^^^^
   |        |
   |        field in this struct
   |
   = help: consider removing this field
   = note: `#[warn(dead_code)]` (part of `#[warn(unused)]`) on by default

warning: method `prepared_snapshot_publication` is never used
   --> crates/kasumi-raft/src/custody_machine.rs:235:19
    |
135 | impl CustodyMachine {
    | ------------------- method in this implementation
...
235 |     pub(crate) fn prepared_snapshot_publication(
    |                   ^^^^^^^^^^^^^^^^^^^^^^^^^^^^^

warning: method `publish` is never used
   --> crates/kasumi-raft/src/custody_snapshot_preparation.rs:298:19
    |
188 | impl PreparedCustodySnapshotPublication {
    | --------------------------------------- method in this implementation
...
298 |     pub(crate) fn publish(&mut self, control: &OwnedControlGuard) -> Result<()> {
    |                   ^^^^^^^

warning: field `0` is never read
   --> crates/kasumi-raft/src/custody_snapshot_preparation.rs:382:32
    |
382 | struct SnapshotRetirementPanic(std::sync::Mutex<Box<dyn std::any::Any + Send>>);
    |        ----------------------- ^^^^^^^^^^^^^^^^^^^^^^^^^^^^^^^^^^^^^^^^^^^^^^^
    |        |
    |        field in this struct
    |
    = help: consider removing this field

warning: field `0` is never read
   --> crates/kasumi-raft/src/lifetime.rs:249:17
    |
249 |     Application(StorageHandle<kasumi_store::TenantStorageSet>),
    |     ----------- ^^^^^^^^^^^^^^^^^^^^^^^^^^^^^^^^^^^^^^^^^^^^^
    |     |
    |     field in this variant
    |
help: consider changing the field to be of unit type to suppress this warning while preserving the field numbering, or remove the field
    |
249 -     Application(StorageHandle<kasumi_store::TenantStorageSet>),
249 +     Application(()),
    |

warning: field `0` is never read
   --> crates/kasumi-raft/src/lifetime.rs:250:13
    |
250 |     Custody(StorageHandle<kasumi_store::CustodyStore>),
    |     ------- ^^^^^^^^^^^^^^^^^^^^^^^^^^^^^^^^^^^^^^^^^
    |     |
    |     field in this variant
    |
help: consider changing the field to be of unit type to suppress this warning while preserving the field numbering, or remove the field
    |
250 -     Custody(StorageHandle<kasumi_store::CustodyStore>),
250 +     Custody(()),
    |

warning: associated function `new` is never used
  --> crates/kasumi-raft/src/snapshot_buffer/prepared_child.rs:84:8
   |
83 | impl PreparedChild {
   | ------------------ associated function in this implementation
84 |     fn new(body: PreparedSnapshotBody) -> Self {
   |        ^^^

warning: field `0` is never read
   --> crates/kasumi-raft/src/snapshot_buffer/prepared_child.rs:307:19
    |
307 | struct ChildPanic(Mutex<Box<dyn std::any::Any + Send>>);
    |        ---------- ^^^^^^^^^^^^^^^^^^^^^^^^^^^^^^^^^^^^
    |        |
    |        field in this struct
    |
    = help: consider removing this field

warning: methods `begin_prepared_body` and `cancel_body` are never used
   --> crates/kasumi-raft/src/snapshot_buffer/prepared_child.rs:406:19
    |
320 | impl SnapshotBuffer {
    | ------------------- methods in this implementation
...
406 |     pub(crate) fn begin_prepared_body(
    |                   ^^^^^^^^^^^^^^^^^^^
...
470 |     pub(crate) async fn cancel_body(&mut self) -> DrainResult {
    |                         ^^^^^^^^^^^

warning: method `prepare_engine_publication` is never used
    --> crates/kasumi-raft/src/storage.rs:1121:19
     |
1083 | impl PendingSnapshot {
     | -------------------- method in this implementation
...
1121 |     pub(crate) fn prepare_engine_publication<'backend>(
     |                   ^^^^^^^^^^^^^^^^^^^^^^^^^^

warning: enum `SnapshotPublicationPhase` is never used
    --> crates/kasumi-raft/src/storage.rs:1175:6
     |
1175 | enum SnapshotPublicationPhase {
     |      ^^^^^^^^^^^^^^^^^^^^^^^^

warning: struct `PreparedEngineSnapshotPublication` is never constructed
    --> crates/kasumi-raft/src/storage.rs:1181:19
     |
1181 | pub(crate) struct PreparedEngineSnapshotPublication<'backend> {
     |                   ^^^^^^^^^^^^^^^^^^^^^^^^^^^^^^^^^

warning: methods `source` and `publish` are never used
    --> crates/kasumi-raft/src/storage.rs:1191:19
     |
1190 | impl PreparedEngineSnapshotPublication<'_> {
     | ------------------------------------------ methods in this implementation
1191 |     pub(crate) fn source(&self) -> &crate::PreparedSnapshotSourceEnvelope {
     |                   ^^^^^^
...
1194 |     pub(crate) fn publish(&mut self, domains: &TenantStorageSet) -> Result<()> {
     |                   ^^^^^^^

warning: method `context` is never used
   --> crates/kasumi-raft/src/storage/snapshot_conflict.rs:403:19
    |
134 | impl PreparedSnapshotConflict {
    | ----------------------------- method in this implementation
...
403 |     pub(crate) fn context(&self) -> &SnapshotAcceptanceContext<u64> {
    |                   ^^^^^^^

warning: method `source` is never used
   --> crates/kasumi-raft/src/storage/owned_snapshot_body.rs:328:19
    |
 59 | impl PreparedApplicationSnapshot {
    | -------------------------------- method in this implementation
...
328 |     pub(crate) fn source(&self) -> Option<&crate::PreparedSnapshotSourceEnvelope> {
    |                   ^^^^^^

warning: field `0` is never read
   --> crates/kasumi-raft/src/storage/owned_snapshot_body.rs:770:32
    |
770 | struct SnapshotRetirementPanic(std::sync::Mutex<Box<dyn std::any::Any + Send>>);
    |        ----------------------- ^^^^^^^^^^^^^^^^^^^^^^^^^^^^^^^^^^^^^^^^^^^^^^^
    |        |
    |        field in this struct
    |
    = help: consider removing this field

warning: methods `log` and `expected` are never used
   --> crates/kasumi-raft/src/storage/snapshot_seed.rs:461:19
    |
132 | impl SnapshotSeed {
    | ----------------- methods in this implementation
...
461 |     pub(crate) fn log(&self) -> &LogStore {
    |                   ^^^
...
464 |     pub(crate) fn expected(&self) -> &SnapshotMeta<u64, BasicNode> {
    |                   ^^^^^^^^

warning: `kasumi-query` (lib) generated 1 warning
warning: `kasumi-raft` (lib) generated 17 warnings
   Compiling kasumi-engine v0.1.0 (/private/tmp/kasumi-source-cohort-validation-v1/crates/kasumi-engine)
warning: methods `prepare` and `prepare_kind` are never used
   --> crates/kasumi-engine/src/application_sources.rs:760:19
    |
652 | impl SourceRootsRef {
    | ------------------- methods in this implementation
...
760 |     pub(crate) fn prepare(&self) -> Result<RootPreparation> {
    |                   ^^^^^^^
...
799 |     fn prepare_kind(&self, canonical: bool) -> Result<RootPreparation> {
    |        ^^^^^^^^^^^^
    |
    = note: `#[warn(dead_code)]` (part of `#[warn(unused)]`) on by default

warning: method `ptr_eq` is never used
   --> crates/kasumi-engine/src/application_source_ownership.rs:121:19
    |
104 | impl<T> Strong<T> {
    | ----------------- method in this implementation
...
121 |     pub(crate) fn ptr_eq(&self, other: &Self) -> bool {
    |                   ^^^^^^

warning: field `idle_text_runtime` is never read
    --> crates/kasumi-engine/src/admission.rs:1032:5
     |
1028 | pub struct NodeAdmission {
     |            ------------- field in this struct
...
1032 |     idle_text_runtime: text_runtime::IdleCache,
     |     ^^^^^^^^^^^^^^^^^

warning: method `require_governor` is never used
    --> crates/kasumi-engine/src/admission.rs:1353:19
     |
1350 | impl Reservation {
     | ---------------- method in this implementation
...
1353 |     pub(crate) fn require_governor(&self, node: &Arc<NodeAdmission>) -> Result<()> {
     |                   ^^^^^^^^^^^^^^^^

warning: struct `CacheHeadroom` is never constructed
    --> crates/kasumi-engine/src/admission.rs:2485:19
     |
2485 | pub(crate) struct CacheHeadroom {
     |                   ^^^^^^^^^^^^^

warning: method `improves` is never used
    --> crates/kasumi-engine/src/admission.rs:2492:19
     |
2491 | impl CacheHeadroom {
     | ------------------ method in this implementation
2492 |     pub(crate) fn improves(self, prior: Self) -> bool {
     |                   ^^^^^^^^

warning: methods `cache_retention_ceiling_bytes`, `cache_headroom`, and `cache_relief_after` are never used
    --> crates/kasumi-engine/src/admission.rs:2504:19
     |
2500 | impl MemoryCore {
     | --------------- methods in this implementation
...
2504 |     pub(crate) fn cache_retention_ceiling_bytes(&self) -> u64 {
     |                   ^^^^^^^^^^^^^^^^^^^^^^^^^^^^^
...
2511 |     pub(crate) fn cache_headroom(&self) -> CacheHeadroom {
     |                   ^^^^^^^^^^^^^^
...
2555 |     pub(crate) async fn cache_relief_after(&self, prior: CacheHeadroom) -> CacheHeadroom {
     |                         ^^^^^^^^^^^^^^^^^^

warning: trait `ExistingGrantOperation` is never used
   --> crates/kasumi-engine/src/admission/snapshot_work.rs:122:18
    |
122 | pub(crate) trait ExistingGrantOperation: SnapshotOperation {
    |                  ^^^^^^^^^^^^^^^^^^^^^^

warning: enum `SnapshotPreparationFailure` is never used
   --> crates/kasumi-engine/src/admission/snapshot_work.rs:129:17
    |
129 | pub(crate) enum SnapshotPreparationFailure {
    |                 ^^^^^^^^^^^^^^^^^^^^^^^^^^

warning: method `error` is never used
   --> crates/kasumi-engine/src/admission/snapshot_work.rs:140:19
    |
139 | impl SnapshotPreparationFailure {
    | ------------------------------- method in this implementation
140 |     pub(crate) fn error(&self) -> Option<&Error> {
    |                   ^^^^^

warning: struct `SnapshotWorkRejected` is never constructed
   --> crates/kasumi-engine/src/admission/snapshot_work.rs:149:19
    |
149 | pub(crate) struct SnapshotWorkRejected<P> {
    |                   ^^^^^^^^^^^^^^^^^^^^

warning: methods `failure`, `error`, and `into_parts` are never used
   --> crates/kasumi-engine/src/admission/snapshot_work.rs:154:19
    |
153 | impl<P> SnapshotWorkRejected<P> {
    | ------------------------------- methods in this implementation
154 |     pub(crate) fn failure(&self) -> &SnapshotPreparationFailure {
    |                   ^^^^^^^
...
157 |     pub(crate) fn error(&self) -> Option<&Error> {
    |                   ^^^^^
...
160 |     pub(crate) fn into_parts(self) -> (P, SnapshotPreparationFailure) {
    |                   ^^^^^^^^^^

warning: variants `Running`, `Ready`, and `Failed` are never constructed
   --> crates/kasumi-engine/src/admission/snapshot_work.rs:192:5
    |
190 | enum PreparationPhase {
    |      ---------------- variants in this enum
191 |     Unused,
192 |     Running(std::thread::ThreadId),
    |     ^^^^^^^
193 |     Ready,
    |     ^^^^^
194 |     Failed,
    |     ^^^^^^
    |
    = note: `PreparationPhase` has a derived impl for the trait `Clone`, but this is intentionally ignored during dead code analysis

warning: method `prepare_inputs` is never used
   --> crates/kasumi-engine/src/admission/snapshot_work.rs:471:8
    |
455 | impl<O: SnapshotOperation> Owner<O> {
    | ----------------------------------- method in this implementation
...
471 |     fn prepare_inputs(&self)
    |        ^^^^^^^^^^^^^^

warning: methods `require_memory` and `wait_ready` are never used
   --> crates/kasumi-engine/src/admission/snapshot_work.rs:904:19
    |
903 | impl SnapshotWorkReport {
    | ----------------------- methods in this implementation
904 |     pub(crate) fn require_memory(&self, core: &Arc<MemoryCore>) -> Result<()> {
    |                   ^^^^^^^^^^^^^^
...
924 |     pub(crate) async fn wait_ready(&self) {
    |                         ^^^^^^^^^^

warning: method `prepare_snapshot_work_from_existing` is never used
    --> crates/kasumi-engine/src/admission/snapshot_work.rs:1105:19
     |
1096 | impl NodeAdmission {
     | ------------------ method in this implementation
...
1105 |     pub(crate) fn prepare_snapshot_work_from_existing<O: ExistingGrantOperation>(
     |                   ^^^^^^^^^^^^^^^^^^^^^^^^^^^^^^^^^^^

warning: trait `ScopedSnapshotOperation` is never used
  --> crates/kasumi-engine/src/admission/snapshot_work_scope.rs:10:18
   |
10 | pub(crate) trait ScopedSnapshotOperation: ExistingGrantOperation {
   |                  ^^^^^^^^^^^^^^^^^^^^^^^

warning: trait `ProspectiveSnapshotOperation` is never used
  --> crates/kasumi-engine/src/admission/snapshot_work_scope.rs:18:18
   |
18 | pub(crate) trait ProspectiveSnapshotOperation: ScopedSnapshotOperation {
   |                  ^^^^^^^^^^^^^^^^^^^^^^^^^^^^

warning: variants `Preparing` and `Work` are never constructed
  --> crates/kasumi-engine/src/admission/snapshot_work_scope.rs:24:5
   |
22 | enum Slot {
   |      ---- variants in this enum
23 |     Empty,
24 |     Preparing {
   |     ^^^^^^^^^
...
28 |     Work(SnapshotWorkReport),
   |     ^^^^

warning: field `next` is never read
  --> crates/kasumi-engine/src/admission/snapshot_work_scope.rs:32:5
   |
30 | struct State {
   |        ----- field in this struct
31 |     sealed: bool,
32 |     next: u64,
   |     ^^^^

warning: field `admission` is never read
  --> crates/kasumi-engine/src/admission/snapshot_work_scope.rs:43:5
   |
40 | struct Inner {
   |        ----- field in this struct
...
43 |     admission: Arc<NodeAdmission>,
   |     ^^^^^^^^^

warning: struct `Preparation` is never constructed
  --> crates/kasumi-engine/src/admission/snapshot_work_scope.rs:46:8
   |
46 | struct Preparation<'a> {
   |        ^^^^^^^^^^^

warning: multiple methods are never used
   --> crates/kasumi-engine/src/admission/snapshot_work_scope.rs:136:8
    |
 81 | impl SnapshotWorkScope {
    | ---------------------- methods in this implementation
...
136 |     fn begin(&self) -> Result<Preparation<'_>> {
    |        ^^^^^
...
169 |     pub(crate) fn prepare<O: ScopedSnapshotOperation>(
    |                   ^^^^^^^
...
221 |     pub(crate) fn prepare_prospective<O: ProspectiveSnapshotOperation>(
    |                   ^^^^^^^^^^^^^^^^^^^
...
229 |     pub(crate) fn require_open_memory(&self, core: &Arc<MemoryCore>) -> Result<()> {
    |                   ^^^^^^^^^^^^^^^^^^^
...
247 |     pub(crate) async fn when_sealed(&self) {
    |                         ^^^^^^^^^^^
...
290 |     pub(crate) fn take_completed(&self, report: &SnapshotWorkReport) -> Result<SnapshotWorkReport> {
    |                   ^^^^^^^^^^^^^^
...
321 |     pub(crate) fn visit(&self, mut visit: impl FnMut(SnapshotWorkId, SnapshotObservation<'_>)) {
    |                   ^^^^^

warning: variants `Preparing` and `Failed` are never constructed
  --> crates/kasumi-engine/src/admission/text_runtime.rs:25:5
   |
23 | enum Phase {
   |      ----- variants in this enum
24 |     Idle,
25 |     Preparing,
   |     ^^^^^^^^^
26 |     Failed,
   |     ^^^^^^
   |
   = note: `Phase` has a derived impl for the trait `Clone`, but this is intentionally ignored during dead code analysis

warning: fields `slot`, `phase`, `serial`, `next`, `thread`, and `report` are never read
  --> crates/kasumi-engine/src/admission/text_runtime.rs:29:5
   |
28 | struct RegistryState {
   |        ------------- fields in this struct
29 |     slot: TextRuntimeSlot<Reservation>,
   |     ^^^^
30 |     idle: idle::Slot,
31 |     phase: Phase,
   |     ^^^^^
32 |     serial: u64,
   |     ^^^^^^
33 |     next: u64,
   |     ^^^^
34 |     thread: Option<std::thread::ThreadId>,
   |     ^^^^^^
...
37 |     report: Option<SnapshotWorkReport>,
   |     ^^^^^^

warning: field `changed` is never read
  --> crates/kasumi-engine/src/admission/text_runtime.rs:41:5
   |
39 | pub(super) struct Registry {
   |                   -------- field in this struct
40 |     state: Mutex<RegistryState>,
41 |     changed: tokio::sync::Notify,
   |     ^^^^^^^

warning: method `fail` is never used
  --> crates/kasumi-engine/src/admission/text_runtime.rs:69:8
   |
43 | impl Registry {
   | ------------- method in this implementation
...
69 |     fn fail(&self, serial: u64) {
   |        ^^^^

warning: struct `Ticket` is never constructed
  --> crates/kasumi-engine/src/admission/text_runtime.rs:81:8
   |
81 | struct Ticket {
   |        ^^^^^^

warning: methods `entered`, `failed`, and `publish` are never used
   --> crates/kasumi-engine/src/admission/text_runtime.rs:87:8
    |
 86 | impl Ticket {
    | ----------- methods in this implementation
 87 |     fn entered(&self) {
    |        ^^^^^^^
...
101 |     fn failed(&mut self) {
    |        ^^^^^^
...
105 |     fn publish(&mut self, runtime: &Runtime, idle: &IdleCache) -> Result<()> {
    |        ^^^^^^^

warning: function `require_operation_grant` is never used
   --> crates/kasumi-engine/src/admission/text_runtime.rs:185:4
    |
185 | fn require_operation_grant(grant: &Reservation, core: &Arc<MemoryCore>) -> Result<()> {
    |    ^^^^^^^^^^^^^^^^^^^^^^^

warning: function `require_runtime` is never used
   --> crates/kasumi-engine/src/admission/text_runtime.rs:214:4
    |
214 | fn require_runtime(runtime: &Runtime, core: &Arc<MemoryCore>) -> Result<()> {
    |    ^^^^^^^^^^^^^^^

warning: enum `Acquisition` is never used
   --> crates/kasumi-engine/src/admission/text_runtime.rs:221:17
    |
221 | pub(crate) enum Acquisition {
    |                 ^^^^^^^^^^^

warning: enum `RequestFailure` is never used
   --> crates/kasumi-engine/src/admission/text_runtime.rs:227:17
    |
227 | pub(crate) enum RequestFailure {
    |                 ^^^^^^^^^^^^^^

warning: methods `preparation_failure` and `visit_diagnostics` are never used
   --> crates/kasumi-engine/src/admission/text_runtime.rs:232:19
    |
231 | impl RequestFailure {
    | ------------------- methods in this implementation
232 |     pub(crate) fn preparation_failure(&self) -> Option<&snapshot_work::SnapshotPreparationFailure> {
    |                   ^^^^^^^^^^^^^^^^^^^
...
238 |     pub(crate) fn visit_diagnostics(&self, visit: &mut dyn FnMut(&(dyn StdError + 'static))) {
    |                   ^^^^^^^^^^^^^^^^^

warning: struct `Wait` is never constructed
   --> crates/kasumi-engine/src/admission/text_runtime.rs:259:19
    |
259 | pub(crate) struct Wait {
    |                   ^^^^

warning: method `changed` is never used
   --> crates/kasumi-engine/src/admission/text_runtime.rs:267:25
    |
263 | impl Wait {
    | --------- method in this implementation
...
267 |     pub(crate) async fn changed(&self, scope: &SnapshotWorkScope) -> Result<()> {
    |                         ^^^^^^^

warning: struct `Plan` is never constructed
   --> crates/kasumi-engine/src/admission/text_runtime.rs:315:19
    |
315 | pub(crate) struct Plan {
    |                   ^^^^

warning: struct `Initialize` is never constructed
   --> crates/kasumi-engine/src/admission/text_runtime.rs:322:19
    |
322 | pub(crate) struct Initialize {
    |                   ^^^^^^^^^^

warning: enum `Failure` is never used
   --> crates/kasumi-engine/src/admission/text_runtime.rs:332:17
    |
332 | pub(crate) enum Failure {
    |                 ^^^^^^^

warning: struct `FailureWake` is never constructed
   --> crates/kasumi-engine/src/admission/text_runtime.rs:341:8
    |
341 | struct FailureWake {
    |        ^^^^^^^^^^^

warning: methods `request_text_runtime` and `request_text_runtime_inner` are never used
   --> crates/kasumi-engine/src/admission/text_runtime.rs:474:19
    |
473 | impl NodeAdmission {
    | ------------------ methods in this implementation
474 |     pub(crate) fn request_text_runtime(
    |                   ^^^^^^^^^^^^^^^^^^^^
...
486 |     fn request_text_runtime_inner(
    |        ^^^^^^^^^^^^^^^^^^^^^^^^^^

warning: methods `text_runtime_report` and `acknowledge_text_runtime_failure` are never used
   --> crates/kasumi-engine/src/admission/text_runtime.rs:624:19
    |
623 | impl MemoryCore {
    | --------------- methods in this implementation
624 |     pub(crate) fn text_runtime_report(&self) -> Option<SnapshotWorkReport> {
    |                   ^^^^^^^^^^^^^^^^^^^
...
634 |     pub(crate) fn acknowledge_text_runtime_failure(
    |                   ^^^^^^^^^^^^^^^^^^^^^^^^^^^^^^^^

warning: method `retain_hit` is never used
   --> crates/kasumi-engine/src/admission/text_runtime_idle.rs:168:19
    |
104 | impl Cache {
    | ---------- method in this implementation
...
168 |     pub(super) fn retain_hit(&self, runtime: &Runtime, core: &Arc<MemoryCore>) -> Result<()> {
    |                   ^^^^^^^^^^

warning: `kasumi-engine` (lib) generated 43 warnings
warning: unused import: `Retire`
  --> crates/kasumi-engine/src/primary_stage_cow.rs:12:78
   |
12 | use records::{CatalogEntry, CatalogId, CatalogMember, Manifest, ManifestRef, Retire, Root};
   |                                                                              ^^^^^^
   |
   = note: `#[warn(unused_imports)]` (part of `#[warn(unused)]`) on by default

warning: unused imports: `EditedCollection`, `OrderedEditFailure`, `PrimaryPublicationInventory`, and `VerifiedOrderedEdits`
   --> crates/kasumi-engine/src/primary_stage_cow.rs:460:5
    |
460 |     EditedCollection, OrderedEditFailure, PendingOrderedEdits, PrimaryPublicationInventory,
    |     ^^^^^^^^^^^^^^^^  ^^^^^^^^^^^^^^^^^^                       ^^^^^^^^^^^^^^^^^^^^^^^^^^^
461 |     VerifiedOrderedEdits,
    |     ^^^^^^^^^^^^^^^^^^^^

warning: unused import: `QueryWorkspace`
   --> crates/kasumi-engine/src/query_source_work.rs:235:37
    |
235 |     use kasumi_query::{QueryMemory, QueryWorkspace};
    |                                     ^^^^^^^^^^^^^^

warning: unused import: `stage::index as staged`
 --> crates/kasumi-engine/src/primary_stage_index_span_tests.rs:7:5
  |
7 |     stage::index as staged,
  |     ^^^^^^^^^^^^^^^^^^^^^^

warning: unused import: `AcceptedPublicationInventory`
   --> crates/kasumi-engine/src/primary_projection.rs:208:5
    |
208 |     AcceptedPublicationInventory, CollectionAction, CollectionPublication, DocumentChange,
    |     ^^^^^^^^^^^^^^^^^^^^^^^^^^^^

warning: unused import: `AcceptedIndexEdits`
   --> crates/kasumi-engine/src/primary_projection.rs:212:5
    |
212 |     AcceptedIndexEdits, FieldSlot, IndexChange, IndexInputFailure, IndexOperation, IndexRole,
    |     ^^^^^^^^^^^^^^^^^^

warning: field `grant` is never read
  --> crates/kasumi-engine/src/primary_stage_collection.rs:27:16
   |
13 | pub(crate) struct AcceptedPrimaryDraft {
   |                   -------------------- field in this struct
...
27 |     pub(super) grant: Reservation,
   |                ^^^^^
   |
   = note: `#[warn(dead_code)]` (part of `#[warn(unused)]`) on by default

warning: method `check_draft_graph` is never used
   --> crates/kasumi-engine/src/primary_stage_collection_verify.rs:328:19
    |
323 | impl PrimaryStage<'_, '_> {
    | ------------------------- method in this implementation
...
328 |     pub(crate) fn check_draft_graph(
    |                   ^^^^^^^^^^^^^^^^^

warning: method `proposed` is never used
  --> crates/kasumi-engine/src/primary_stage_ordered.rs:54:19
   |
38 | impl EditedCollection {
   | --------------------- method in this implementation
...
54 |     pub(crate) fn proposed(&self) -> Option<(Manifest, ManifestRef)> {
   |                   ^^^^^^^^

warning: field `resources` is never read
   --> crates/kasumi-engine/src/primary_stage_ordered.rs:146:5
    |
144 | pub(crate) struct OrderedEditFailure<'guard, 'engine> {
    |                   ------------------ field in this struct
145 |     original: anyhow::Error,
146 |     resources: OrderedResources<'guard, 'engine>,
    |     ^^^^^^^^^

warning: field `grant` is never read
  --> crates/kasumi-engine/src/primary_stage_index_rebuild.rs:72:16
   |
62 | pub(super) struct Parts {
   |                   ----- field in this struct
...
72 |     pub(super) grant: Reservation,
   |                ^^^^^

warning: field `source` is never read
  --> crates/kasumi-engine/src/primary_stage_index_span.rs:92:5
   |
83 | pub(crate) struct VerifiedIndexSpan {
   |                   ----------------- field in this struct
...
92 |     source: SourceReader,
   |     ^^^^^^

warning: field `grant` is never read
  --> crates/kasumi-engine/src/primary_stage_index_text_import.rs:51:5
   |
47 | struct Work {
   |        ---- field in this struct
...
51 |     grant: Reservation,
   |     ^^^^^

warning: method `reader` is never used
   --> crates/kasumi-engine/src/primary_stage_index_text_journal.rs:732:19
    |
721 | impl UnverifiedJournalSegment {
    | ----------------------------- method in this implementation
...
732 |     pub(crate) fn reader(&self) -> Result<&SegmentReader> {
    |                   ^^^^^^

warning: field `owner` is never read
   --> crates/kasumi-engine/src/primary_stage_index_text_journal.rs:784:5
    |
782 | struct OpenFailure {
    |        ----------- field in this struct
783 |     original: anyhow::Error,
784 |     owner: Mutex<UnverifiedJournalSegment>,
    |     ^^^^^

warning: function `close_failed_open` is never used
   --> crates/kasumi-engine/src/primary_stage_index_text_journal.rs:803:15
    |
803 | pub(crate) fn close_failed_open(error: &anyhow::Error) -> Result<bool> {
    |               ^^^^^^^^^^^^^^^^^

warning: field `grant` is never read
  --> crates/kasumi-engine/src/primary_stage_index_text_producer.rs:57:16
   |
48 | pub(super) struct TextParts {
   |                   --------- field in this struct
...
57 |     pub(super) grant: Reservation,
   |                ^^^^^

warning: method `request_cache_refill` is never used
  --> crates/kasumi-engine/src/primary_cache_warm.rs:45:19
   |
30 | impl SelectedPrimary {
   | -------------------- method in this implementation
...
45 |     pub(crate) fn request_cache_refill(self) -> std::result::Result<Self, ReadFailure> {
   |                   ^^^^^^^^^^^^^^^^^^^^

warning: method `request_cache_refill` is never used
   --> crates/kasumi-engine/src/primary_document_source.rs:177:19
    |
 88 | impl PrimaryDocumentSource {
    | -------------------------- method in this implementation
...
177 |     pub(crate) fn request_cache_refill(&self) -> ReadResult<(), ReadFailure> {
    |                   ^^^^^^^^^^^^^^^^^^^^

warning: field `plan` is never read
   --> crates/kasumi-engine/src/admission/text_runtime.rs:228:15
    |
228 |     Refused { plan: Plan, original: Error },
    |     -------   ^^^^
    |     |
    |     field in this variant

warning: method `preparation_failure` is never used
   --> crates/kasumi-engine/src/admission/text_runtime.rs:232:19
    |
231 | impl RequestFailure {
    | ------------------- method in this implementation
232 |     pub(crate) fn preparation_failure(&self) -> Option<&snapshot_work::SnapshotPreparationFailure> {
    |                   ^^^^^^^^^^^^^^^^^^^

warning: method `prepare_primary_document_source` is never used
    --> crates/kasumi-engine/src/service.rs:3196:8
     |
3192 | impl Database {
     | ------------- method in this implementation
...
3196 |     fn prepare_primary_document_source(
     |        ^^^^^^^^^^^^^^^^^^^^^^^^^^^^^^^

warning: `kasumi-engine` (lib test) generated 22 warnings (run `cargo fix --lib -p kasumi-engine --tests` to apply 6 suggestions)
    Finished `test` profile [unoptimized + debuginfo] target(s) in 1m 22s
     Running unittests src/lib.rs (/Users/takemiyamakoto/dev/kasumi/target/disk-backed-cache/debug/deps/kasumi_engine-fe8ede86cb1fd23f)

running 68 tests
test admission::disk_memory::tests::cache_work_reserves_reject_zero_and_values_above_installed_capacity ... ok
test admission::disk_memory::tests::cache_growth_leaves_byte_headroom_and_cleanup_never_readmits ... ok
test admission::disk_memory::tests::cache_credit_grows_in_one_slot_and_retains_its_exact_core ... ok
test admission::disk_memory::tests::full_byte_work_reserve_disables_cache_but_preserves_required_capacity ... ok
test admission::disk_memory::tests::cache_respects_slot_headroom_on_acquisition_and_growth ... ok
test admission::disk_memory::tests::headroom_may_disable_caching_without_disabling_required_work ... ok
test admission::tests::fixed_bookkeeping_is_denied_before_its_allocation_when_budget_is_too_small ... ok
test admission::disk_memory::tests::installed_storage_census_is_fixed_precharged_and_matches_the_exact_core ... ok
test admission::tests::explicit_high_water_cannot_bypass_detected_memory_capacity ... ok
test admission::disk_memory::tests::lease_overhead_is_admitted_before_boxing_and_denial_preserves_counters ... ok
test admission::tests::identifier_exhaustion_preserves_existing_charge_and_free_slot ... ok
test admission::tests::fixed_charge_slots_reuse_capacity_without_forgetting_live_owners ... ok
test admission::tests::real_process_rss_and_physical_capacity_are_measured ... ok
test admission::tests::queued_rebuild_expands_its_existing_slot_and_rejects_growth_without_losing_charge ... ok
test admission::tests::pressure_cancels_queries_but_never_changes_write_work_and_uses_hysteresis ... ok
test admission::disk_memory::native_cache_admission_tests::installed_cache_credit_survives_clear_and_cross_thread_final_reader_release ... ok
test admission::disk_memory::tests::cache_preserves_audit_protection_and_never_uses_scoped_escrow ... ok
test admission::tests::initial_bookkeeping_obeys_the_existing_low_water_startup_fence ... ok
test admission::disk_memory::tests::installed_box_stays_charged_after_facade_drop_with_operation_slots_full ... ok
test admission::tests::empty_inventory_capacity_is_charged_until_actual_sealed_drain ... ok
test admission::tests::resident_admission_never_consumes_an_operation_slot ... ok
test admission::tests::result_release_rechecks_pressure_after_suspend_even_for_completed_work ... ok
test admission::tests::completed_failure_keeps_original_report_and_inventory_charge_until_facade_drop ... ok
test admission::tests::retained_cursor_releases_operation_slot_but_keeps_bytes_until_last_owner ... ok
test admission::tests::suspend_invalidates_old_measurement_and_slow_or_failed_probe_denies ... ok
test admission::tests::workspace_handoff_preserves_slot_owner_and_checks_only_replacement_growth ... ok
test admission::tests::shutdown_drain_waits_for_detached_work_to_release_its_registration ... ok
test admission::text_runtime::idle::tests::memory_text_idle_constructor_quotes_shared_owner_and_preserves_exact_capacity ... ok
test admission::tests::new_inventory_policies_are_required_without_legacy_aliases ... ok
test admission::disk_memory::tests::default_cache_work_reserves_follow_resolved_capacity_and_caps ... ok
test admission::tests::exhausted_startup_inventory_denies_before_charging_another_owner ... ok
test admission::tests::reserved_audit_workspace_remains_usable_under_rss_pressure ... ok
test admission::tests::replacement_facade_preserves_resident_charge_and_has_fresh_startup_fence ... ok
test admission::text_runtime::idle::tests::memory_text_idle_failed_upgrade_defers_actual_reservation_relief_until_unlock ... ok
test admission::text_runtime::tests::memory_text_runtime_registry_attaches_same_report_after_prestart_shutdown_race ... ok
test admission::tests::snapshot_startup_inventory_is_charged_without_a_governor_cycle ... ok
test admission::tests::retained_reservation_governor_check_is_exact_and_never_resizes_credit ... ok
test admission::tests::fixture_total_resolution_preserves_the_original_runtime_payload_boundary ... ok
test admission::text_runtime::tests::memory_text_runtime_registry_prequotes_before_loader_under_actual_budget ... ok

thread 'kasumi-rss' (30139119) panicked at crates/kasumi-engine/src/admission.rs:2428:21:
Box<dyn Any>
note: run with `RUST_BACKTRACE=1` environment variable to display a backtrace
test admission::text_runtime::tests::memory_text_runtime_registry_refuses_foreign_and_sealed_scope_without_preparation ... ok
test admission::tests::sampler_panic_fences_fresh_admission_and_preserves_original_join_outcome ... ok
test admission::tests::cancelled_detached_worker_keeps_semaphore_and_reservation_until_exit ... ok
test primary_tree::stage::index::text_journal::ownership_tests::primary_index_text_journal_byte_views_keep_original_owner_for_close_retry ... ok
test primary_tree::stage::index::text_journal::ownership_tests::primary_index_text_journal_handle_registry_requires_positive_unwrap ... ok
test primary_tree::stage::index::text_journal::ownership_tests::primary_index_text_journal_original_diagnostic_retains_credit_after_close ... ok
test primary_tree::stage::index::text_journal::ownership_tests::primary_index_text_journal_simultaneous_visitor_and_access_errors_remain_original ... ok
test admission::tests::last_reservation_waits_for_paused_sampler_and_actual_source_destruction ... ok
test admission::text_runtime::tests::memory_text_runtime_registry_rechecks_original_cancellation_for_idle_busy_and_ready ... ok
test admission::text_runtime::tests::memory_text_runtime_registry_last_drop_and_upgrade_keep_exact_live_credit ... ok

thread 'admission::text_runtime::idle::tests::memory_text_idle_fixed_slot_and_operation_caps_do_not_evict_fitting_bytes' (30139118) panicked at crates/kasumi-engine/src/admission/text_runtime_idle_tests.rs:152:5:
assertion `left == right` failed
  left: None
 right: Some((6, 6))
test admission::text_runtime::idle::tests::memory_text_idle_fixed_slot_and_operation_caps_do_not_evict_fitting_bytes ... FAILED
test admission::text_runtime::idle::tests::memory_text_idle_active_runtime_keeps_original_credit_during_pressure ... ok
test admission::text_runtime::tests::memory_text_runtime_registry_broadcasts_to_every_waiter_and_seal_wakes_locally ... ok

thread 'admission::text_runtime::idle::tests::memory_text_idle_actual_byte_refusal_reclaims_only_idle_credit_and_can_fill_again' (30139114) panicked at crates/kasumi-engine/src/admission/text_runtime_idle_tests.rs:92:10:
actual byte pressure should release idle dictionary then retry exact request: Error { code: ResourceExhausted, message: "node memory or work admission budget exhausted" }
test admission::text_runtime::idle::tests::memory_text_idle_actual_byte_refusal_reclaims_only_idle_credit_and_can_fill_again ... FAILED
test admission::text_runtime::tests::memory_text_runtime_registry_reentrant_initializer_cannot_wait_on_itself ... ok
test admission::text_runtime::tests::memory_text_runtime_registry_keeps_original_typed_failure_until_exact_acknowledgement ... ok

thread 'admission::text_runtime::idle::tests::memory_text_idle_retains_all_fitting_runtime_across_queries_and_facades' (30139120) panicked at crates/kasumi-engine/src/admission/text_runtime_idle_tests.rs:48:5:
assertion `left == right` failed
  left: None
 right: Some((6, 6))
test admission::text_runtime::idle::tests::memory_text_idle_retains_all_fitting_runtime_across_queries_and_facades ... FAILED

thread 'tokio-rt-worker' (30139148) panicked at crates/kasumi-engine/src/admission/text_runtime_tests.rs:317:46:
Box<dyn Any>
test admission::text_runtime::tests::memory_text_runtime_registry_retains_loaded_dictionary_grant_and_original_panic_in_census ... ok

thread 'admission::text_runtime::idle::tests::memory_text_idle_stale_byte_refusal_does_not_evict_after_actual_release' (30139121) panicked at crates/kasumi-engine/src/admission/text_runtime_idle_tests.rs:338:5:
assertion `left == right` failed
  left: None
 right: Some((7, 7))
test admission::text_runtime::idle::tests::memory_text_idle_stale_byte_refusal_does_not_evict_after_actual_release ... FAILED
test admission::text_runtime::tests::memory_text_runtime_registry_shares_original_credit_and_releases_core ... ok

thread 'admission::text_runtime::idle::tests::memory_text_idle_actual_rss_pressure_reclaims_without_an_idle_reload_loop' (30139115) panicked at crates/kasumi-engine/src/admission/text_runtime_idle_tests.rs:309:5:
assertion `left == right` failed
  left: None
 right: Some((4, 10))
test admission::text_runtime::idle::tests::memory_text_idle_actual_rss_pressure_reclaims_without_an_idle_reload_loop ... FAILED
test state::primary_projection::tests::index_span_tests::primary_index_span_pending_text_is_refused_before_catalog_or_marking ... ok
test state::primary_projection::tests::index_span_tests::primary_index_span_empty_actual_definition_still_requires_real_catalog ... ok
test state::primary_projection::tests::index_span_tests::primary_index_span_rejects_interposed_unreachable_object_without_ordinal_skipping ... ok
test state::primary_projection::tests::index_span_tests::primary_index_span_rejects_preexisting_owner_and_abort_retains_exact_release_accounting ... ok
test state::primary_projection::tests::carried_index_auth_tests::primary_index_carried_auth_binds_posting_scalar_and_physical_key_role_on_original_source ... ok
test admission::disk_memory::native_cache_admission_tests::sixteen_thousand_rows_fit_with_one_hundred_twenty_eight_governor_slots has been running for over 60 seconds
test state::primary_projection::tests::accepted_sparse_index_edit_tests::complete_sparse_join::primary_index_sparse_manifest_actual_ordered_swap_closes_all_roles_and_rechecks_final_catalog has been running for over 60 seconds
test state::primary_projection::tests::index_text_producer_tests::primary_index_text_producer_actual_baseline_rows_and_global_physical_statistics has been running for over 60 seconds
test state::primary_projection::tests::index_text_producer_tests::primary_index_text_producer_actual_baseline_rows_and_global_physical_statistics ... ok
rows=16513 cache_limit=67108864 hot=CacheStats { hits: 0, misses: 0, loads: 0, uncached_loads: 0, evictions: 0, entries: 16604, resident_bytes: 20779032, cached_bytes: 9183552, pinned_bytes: 0, metadata_bytes: 11537272, allocated_bytes: 20720824, admitted_credit_bytes: 20774912, unused_credit_bytes: 54088, provider_overhead_bytes: 4120 } cold_slots=8 hot_slots=10 warm_segment_reads=16513 warm_directory_reads=182
test admission::disk_memory::native_cache_admission_tests::sixteen_thousand_rows_fit_with_one_hundred_twenty_eight_governor_slots ... ok
test state::primary_projection::tests::accepted_sparse_index_edit_tests::complete_sparse_join::primary_index_sparse_manifest_actual_ordered_swap_closes_all_roles_and_rechecks_final_catalog ... ok

failures:

failures:
    admission::text_runtime::idle::tests::memory_text_idle_actual_byte_refusal_reclaims_only_idle_credit_and_can_fill_again
    admission::text_runtime::idle::tests::memory_text_idle_actual_rss_pressure_reclaims_without_an_idle_reload_loop
    admission::text_runtime::idle::tests::memory_text_idle_fixed_slot_and_operation_caps_do_not_evict_fitting_bytes
    admission::text_runtime::idle::tests::memory_text_idle_retains_all_fitting_runtime_across_queries_and_facades
    admission::text_runtime::idle::tests::memory_text_idle_stale_byte_refusal_does_not_evict_after_actual_release

test result: FAILED. 63 passed; 5 failed; 0 ignored; 0 measured; 799 filtered out; finished in 1488.97s

error: test failed, to rerun pass `-p kasumi-engine --lib`
Runner: 1571.12s; exit=101; matching=1757/1757
