   Compiling kasumi-raft v0.1.0 (/Users/takemiyamakoto/dev/kasumi/crates/kasumi-raft)
   Compiling kasumi-engine v0.1.0 (/Users/takemiyamakoto/dev/kasumi/crates/kasumi-engine)
warning: variant `Mutation` is never constructed
  --> crates/kasumi-engine/src/security_audit_jobs.rs:26:5
   |
24 | enum JobEffect {
   |      --------- variant in this enum
25 |     Read,
26 |     Mutation(&'static str),
   |     ^^^^^^^^
   |
   = note: `JobEffect` has a derived impl for the trait `Clone`, but this is intentionally ignored during dead code analysis
   = note: `#[warn(dead_code)]` (part of `#[warn(unused)]`) on by default

warning: struct `ReadPause` is never constructed
  --> crates/kasumi-engine/src/security_audit_jobs.rs:57:19
   |
57 | pub(super) struct ReadPause {
   |                   ^^^^^^^^^

warning: method `run_mutation` is never used
   --> crates/kasumi-engine/src/security_audit_jobs.rs:120:25
    |
 62 | impl SecurityAudit {
    | ------------------ method in this implementation
...
120 |     pub(super) async fn run_mutation<T, F, R>(&self, component: &'static str, run: R) -> Result<T>
    |                         ^^^^^^^^^^^^

warning: `kasumi-engine` (lib) generated 3 warnings
   Compiling kasumi-authority v0.1.0 (/Users/takemiyamakoto/dev/kasumi/crates/kasumi-authority)
    Finished `test` profile [unoptimized + debuginfo] target(s) in 1m 02s
     Running unittests src/lib.rs (target/disk-backed-cache/debug/deps/kasumi_authority-1aa4395f2a3293d8)

running 11 tests
test service::tests::actual_authority_quorum_loss_rejects_lease_and_activation_without_source_fallback ... ok
test service::tests::exact_target_preparation_cannot_serve_and_needs_a_fresh_active_lease_after_drain ... ok
test service::tests::issuer_tests::target_materialization_tests::three_actual_materializations_initialize_and_commit_completion_with_restart_proof ... ok
test service::tests::maintenance_requires_every_installed_peer_before_admission ... ok
test service::tests::request_drain_tests::ordinary_command_rejection_is_preserved_without_fencing_or_failed_drain ... ok
test service::tests::signer_directive_is_ordered_exact_finite_and_preserved_in_encrypted_snapshots ... FAILED
test state::apply_publication_tests::command_response_and_writes_are_prepared_before_single_guarded_publication ... ok
test state::apply_publication_tests::effect_and_maintenance_record_decode_failures_never_publish_a_rejection ... ok
test state::apply_publication_tests::maintenance_publication_refusal_preserves_original_capacity_and_receipt_absence ... ok
test state::apply_publication_tests::metadata_publishes_once_for_future_and_covered_positions ... ok
test state::apply_publication_tests::private_partial_writes_are_discarded_when_final_quota_rejects ... ok

failures:

---- service::tests::signer_directive_is_ordered_exact_finite_and_preserved_in_encrypted_snapshots stdout ----
AUTHORITY_UNKNOWN at /rustc/8bab26f4f68e0e26f0bb7960be334d5b520ea452/library/core/src/ops/function.rs:250:5: deadline has elapsed

thread 'service::tests::signer_directive_is_ordered_exact_finite_and_preserved_in_encrypted_snapshots' (5826631) panicked at crates/kasumi-authority/src/signer_directive_tests.rs:25:100:
called `Result::unwrap()` on an `Err` value: Error { code: UnknownOutcome, message: "authority acknowledgement unavailable; resolve the exact permanent command identity" }
note: run with `RUST_BACKTRACE=1` environment variable to display a backtrace


failures:
    service::tests::signer_directive_is_ordered_exact_finite_and_preserved_in_encrypted_snapshots

test result: FAILED. 10 passed; 1 failed; 0 ignored; 0 measured; 63 filtered out; finished in 289.30s

error: test failed, to rerun pass `-p kasumi-authority --lib`
