Command: cargo test -p kasumi-engine --all-features --lib --locked --offline --config profile.test.package.kasumi-kv.opt-level=3 --config profile.test.package.sha2.opt-level=3 -- --test-threads=1 bootstrap_manifest_rejects_alternate_and_oversized_rows_without_repair existing_local_rejects_corrupt_manifest_body_and_custody_commitment_without_repair existing_local_reopens_the_same_committed_standalone_after_complete_shutdown installed_raft_identity_uses_the_bootstrap_view_generation existing_replica_rejects_corrupt_manifest_body_and_authenticated_incarnation paired_bootstrap_guard_rejects_orphan_divergence_and_reader_rejects_alternate_bytes target_deployment_requires_paired_current_writer_bytes
CARGO_TARGET_DIR=target/disk-backed-cache
    Blocking waiting for file lock on package cache
    Blocking waiting for file lock on package cache
   Compiling kasumi-types v0.1.0 (/Users/takemiyamakoto/dev/kasumi/crates/kasumi-types)
   Compiling kasumi-serving v0.1.0 (/Users/takemiyamakoto/dev/kasumi/crates/kasumi-serving)
   Compiling kasumi-query v0.1.0 (/Users/takemiyamakoto/dev/kasumi/crates/kasumi-query)
   Compiling kasumi-store v0.1.0 (/Users/takemiyamakoto/dev/kasumi/crates/kasumi-store)
   Compiling kasumi-raft v0.1.0 (/Users/takemiyamakoto/dev/kasumi/crates/kasumi-raft)
   Compiling kasumi-engine v0.1.0 (/Users/takemiyamakoto/dev/kasumi/crates/kasumi-engine)
warning: variant `Mutation` is never constructed
  --> crates/kasumi-engine/src/security_audit_jobs.rs:26:5
   |
24 | enum JobEffect {
   |      --------- variant in this enum
25 |     Read,
26 |     Mutation(&'static str),
   |     ^^^^^^^^
   |
   = note: `JobEffect` has a derived impl for the trait `Clone`, but this is intentionally ignored during dead code analysis
   = note: `#[warn(dead_code)]` (part of `#[warn(unused)]`) on by default

warning: struct `ReadPause` is never constructed
  --> crates/kasumi-engine/src/security_audit_jobs.rs:57:19
   |
57 | pub(super) struct ReadPause {
   |                   ^^^^^^^^^

warning: method `run_mutation` is never used
   --> crates/kasumi-engine/src/security_audit_jobs.rs:120:25
    |
 62 | impl SecurityAudit {
    | ------------------ method in this implementation
...
120 |     pub(super) async fn run_mutation<T, F, R>(&self, component: &'static str, run: R) -> Result<T>
    |                         ^^^^^^^^^^^^

warning: `kasumi-engine` (lib) generated 3 warnings
warning: field `panic` is never read
  --> crates/kasumi-engine/src/security_audit_jobs.rs:52:9
   |
48 | pub(super) struct RecordFault {
   |                   ----------- field in this struct
...
52 |     pub panic: bool,
   |         ^^^^^

warning: `kasumi-engine` (lib test) generated 4 warnings (3 duplicates)
    Finished `test` profile [unoptimized + debuginfo] target(s) in 1m 44s
     Running unittests src/lib.rs (target/disk-backed-cache/debug/deps/kasumi_engine-b15d1192089511a8)

running 7 tests
test bootstrap::existing_replicated_tests::existing_replica_rejects_corrupt_manifest_body_and_authenticated_incarnation ... ok
test bootstrap::existing_replicated_tests::installed_raft_identity_uses_the_bootstrap_view_generation ... ok
test bootstrap::existing_replicated_tests::paired_bootstrap_guard_rejects_orphan_divergence_and_reader_rejects_alternate_bytes ... ok
test bootstrap::existing_replicated_tests::target_deployment_requires_paired_current_writer_bytes ... ok
test bootstrap::existing_tests::bootstrap_manifest_rejects_alternate_and_oversized_rows_without_repair ... ok
test bootstrap::existing_tests::existing_local_rejects_corrupt_manifest_body_and_custody_commitment_without_repair ... ok
test bootstrap::existing_tests::existing_local_reopens_the_same_committed_standalone_after_complete_shutdown ... ok

test result: ok. 7 passed; 0 failed; 0 ignored; 0 measured; 432 filtered out; finished in 35.25s

Runner: 139.80s; exit=0; matching=728/728
