Command: cargo test -p kasumi-query -p kasumi-engine -p kasumi-store --lib --all-features --locked --offline -- text_runtime_ japanese_profile_ text_kernel_footprint_ shared_text_query_ primary_full_index_join_ primary_index_baseline_ primary_index_retire_ primary_index_edit_ primary_index_carried_auth_ primary_index_point_text_row_map collection_protection_ protected_primary_ primary_index_text_producer_ spool_clean_sync_
ISOLATED_SOURCE=/tmp/kasumi-source-cohort-validation-v1
CARGO_TARGET_DIR=/Users/takemiyamakoto/dev/kasumi/target/disk-backed-cache
warning: field `database` is never read
  --> crates/kasumi-store/src/storage_opening/publication.rs:59:5
   |
56 | struct PublicationRequest {
   |        ------------------ field in this struct
...
59 |     database: StorageRegistration<DatabaseOwner>,
   |     ^^^^^^^^
   |
   = note: `#[warn(dead_code)]` (part of `#[warn(unused)]`) on by default

   Compiling kasumi-query v0.1.0 (/private/tmp/kasumi-source-cohort-validation-v1/crates/kasumi-query)
warning: `kasumi-store` (lib) generated 1 warning
warning: method `last_sm_seq` is never used
  --> vendor/openraft-0.9.25/openraft/src/engine/engine_output.rs:35:19
   |
24 | / impl<C> EngineOutput<C>
25 | | where
26 | |     C: RaftTypeConfig,
   | |______________________- method in this implementation
...
35 |       pub(crate) fn last_sm_seq(&self) -> CommandSeq {
   |                     ^^^^^^^^^^^
   |
   = note: `#[warn(dead_code)]` (part of `#[warn(unused)]`) on by default

warning: method `accept_vote` is never used
  --> vendor/openraft-0.9.25/openraft/src/engine/handler/vote_handler/mod.rs:58:19
   |
45 | / impl<C> VoteHandler<'_, C>
46 | | where
47 | |     C: RaftTypeConfig,
   | |______________________- method in this implementation
...
58 |       pub(crate) fn accept_vote<T, E, F>(
   |                     ^^^^^^^^^^^

warning: `openraft` (lib) generated 2 warnings
warning: field `0` is never read
  --> crates/kasumi-raft/src/owned_prepared_restore.rs:25:33
   |
25 | struct CandidateRetirementPanic(std::sync::Mutex<Box<dyn std::any::Any + Send>>);
   |        ------------------------ ^^^^^^^^^^^^^^^^^^^^^^^^^^^^^^^^^^^^^^^^^^^^^^^
   |        |
   |        field in this struct
   |
   = help: consider removing this field
   = note: `#[warn(dead_code)]` (part of `#[warn(unused)]`) on by default

warning: method `prepared_snapshot_publication` is never used
   --> crates/kasumi-raft/src/custody_machine.rs:235:19
    |
135 | impl CustodyMachine {
    | ------------------- method in this implementation
...
235 |     pub(crate) fn prepared_snapshot_publication(
    |                   ^^^^^^^^^^^^^^^^^^^^^^^^^^^^^

warning: method `publish` is never used
   --> crates/kasumi-raft/src/custody_snapshot_preparation.rs:298:19
    |
188 | impl PreparedCustodySnapshotPublication {
    | --------------------------------------- method in this implementation
...
298 |     pub(crate) fn publish(&mut self, control: &OwnedControlGuard) -> Result<()> {
    |                   ^^^^^^^

warning: field `0` is never read
   --> crates/kasumi-raft/src/custody_snapshot_preparation.rs:382:32
    |
382 | struct SnapshotRetirementPanic(std::sync::Mutex<Box<dyn std::any::Any + Send>>);
    |        ----------------------- ^^^^^^^^^^^^^^^^^^^^^^^^^^^^^^^^^^^^^^^^^^^^^^^
    |        |
    |        field in this struct
    |
    = help: consider removing this field

warning: field `0` is never read
   --> crates/kasumi-raft/src/lifetime.rs:249:17
    |
249 |     Application(StorageHandle<kasumi_store::TenantStorageSet>),
    |     ----------- ^^^^^^^^^^^^^^^^^^^^^^^^^^^^^^^^^^^^^^^^^^^^^
    |     |
    |     field in this variant
    |
help: consider changing the field to be of unit type to suppress this warning while preserving the field numbering, or remove the field
    |
249 -     Application(StorageHandle<kasumi_store::TenantStorageSet>),
249 +     Application(()),
    |

warning: field `0` is never read
   --> crates/kasumi-raft/src/lifetime.rs:250:13
    |
250 |     Custody(StorageHandle<kasumi_store::CustodyStore>),
    |     ------- ^^^^^^^^^^^^^^^^^^^^^^^^^^^^^^^^^^^^^^^^^
    |     |
    |     field in this variant
    |
help: consider changing the field to be of unit type to suppress this warning while preserving the field numbering, or remove the field
    |
250 -     Custody(StorageHandle<kasumi_store::CustodyStore>),
250 +     Custody(()),
    |

warning: associated function `new` is never used
  --> crates/kasumi-raft/src/snapshot_buffer/prepared_child.rs:84:8
   |
83 | impl PreparedChild {
   | ------------------ associated function in this implementation
84 |     fn new(body: PreparedSnapshotBody) -> Self {
   |        ^^^

warning: field `0` is never read
   --> crates/kasumi-raft/src/snapshot_buffer/prepared_child.rs:307:19
    |
307 | struct ChildPanic(Mutex<Box<dyn std::any::Any + Send>>);
    |        ---------- ^^^^^^^^^^^^^^^^^^^^^^^^^^^^^^^^^^^^
    |        |
    |        field in this struct
    |
    = help: consider removing this field

warning: methods `begin_prepared_body` and `cancel_body` are never used
   --> crates/kasumi-raft/src/snapshot_buffer/prepared_child.rs:406:19
    |
320 | impl SnapshotBuffer {
    | ------------------- methods in this implementation
...
406 |     pub(crate) fn begin_prepared_body(
    |                   ^^^^^^^^^^^^^^^^^^^
...
470 |     pub(crate) async fn cancel_body(&mut self) -> DrainResult {
    |                         ^^^^^^^^^^^

warning: method `prepare_engine_publication` is never used
    --> crates/kasumi-raft/src/storage.rs:1121:19
     |
1083 | impl PendingSnapshot {
     | -------------------- method in this implementation
...
1121 |     pub(crate) fn prepare_engine_publication<'backend>(
     |                   ^^^^^^^^^^^^^^^^^^^^^^^^^^

warning: enum `SnapshotPublicationPhase` is never used
    --> crates/kasumi-raft/src/storage.rs:1175:6
     |
1175 | enum SnapshotPublicationPhase {
     |      ^^^^^^^^^^^^^^^^^^^^^^^^

warning: struct `PreparedEngineSnapshotPublication` is never constructed
    --> crates/kasumi-raft/src/storage.rs:1181:19
     |
1181 | pub(crate) struct PreparedEngineSnapshotPublication<'backend> {
     |                   ^^^^^^^^^^^^^^^^^^^^^^^^^^^^^^^^^

warning: methods `source` and `publish` are never used
    --> crates/kasumi-raft/src/storage.rs:1191:19
     |
1190 | impl PreparedEngineSnapshotPublication<'_> {
     | ------------------------------------------ methods in this implementation
1191 |     pub(crate) fn source(&self) -> &crate::PreparedSnapshotSourceEnvelope {
     |                   ^^^^^^
...
1194 |     pub(crate) fn publish(&mut self, domains: &TenantStorageSet) -> Result<()> {
     |                   ^^^^^^^

warning: method `context` is never used
   --> crates/kasumi-raft/src/storage/snapshot_conflict.rs:403:19
    |
134 | impl PreparedSnapshotConflict {
    | ----------------------------- method in this implementation
...
403 |     pub(crate) fn context(&self) -> &SnapshotAcceptanceContext<u64> {
    |                   ^^^^^^^

warning: method `source` is never used
   --> crates/kasumi-raft/src/storage/owned_snapshot_body.rs:328:19
    |
 59 | impl PreparedApplicationSnapshot {
    | -------------------------------- method in this implementation
...
328 |     pub(crate) fn source(&self) -> Option<&crate::PreparedSnapshotSourceEnvelope> {
    |                   ^^^^^^

warning: field `0` is never read
   --> crates/kasumi-raft/src/storage/owned_snapshot_body.rs:770:32
    |
770 | struct SnapshotRetirementPanic(std::sync::Mutex<Box<dyn std::any::Any + Send>>);
    |        ----------------------- ^^^^^^^^^^^^^^^^^^^^^^^^^^^^^^^^^^^^^^^^^^^^^^^
    |        |
    |        field in this struct
    |
    = help: consider removing this field

warning: methods `log` and `expected` are never used
   --> crates/kasumi-raft/src/storage/snapshot_seed.rs:461:19
    |
132 | impl SnapshotSeed {
    | ----------------- methods in this implementation
...
461 |     pub(crate) fn log(&self) -> &LogStore {
    |                   ^^^
...
464 |     pub(crate) fn expected(&self) -> &SnapshotMeta<u64, BasicNode> {
    |                   ^^^^^^^^

warning: `kasumi-raft` (lib) generated 17 warnings
warning: `kasumi-store` (lib test) generated 1 warning (1 duplicate)
   Compiling kasumi-engine v0.1.0 (/private/tmp/kasumi-source-cohort-validation-v1/crates/kasumi-engine)
warning: methods `prepare` and `prepare_kind` are never used
   --> crates/kasumi-engine/src/application_sources.rs:760:19
    |
652 | impl SourceRootsRef {
    | ------------------- methods in this implementation
...
760 |     pub(crate) fn prepare(&self) -> Result<RootPreparation> {
    |                   ^^^^^^^
...
799 |     fn prepare_kind(&self, canonical: bool) -> Result<RootPreparation> {
    |        ^^^^^^^^^^^^
    |
    = note: `#[warn(dead_code)]` (part of `#[warn(unused)]`) on by default

warning: method `ptr_eq` is never used
   --> crates/kasumi-engine/src/application_source_ownership.rs:121:19
    |
104 | impl<T> Strong<T> {
    | ----------------- method in this implementation
...
121 |     pub(crate) fn ptr_eq(&self, other: &Self) -> bool {
    |                   ^^^^^^

warning: method `require_governor` is never used
    --> crates/kasumi-engine/src/admission.rs:1280:19
     |
1277 | impl Reservation {
     | ---------------- method in this implementation
...
1280 |     pub(crate) fn require_governor(&self, node: &Arc<NodeAdmission>) -> Result<()> {
     |                   ^^^^^^^^^^^^^^^^

warning: struct `CacheHeadroom` is never constructed
    --> crates/kasumi-engine/src/admission.rs:2374:19
     |
2374 | pub(crate) struct CacheHeadroom {
     |                   ^^^^^^^^^^^^^

warning: method `improves` is never used
    --> crates/kasumi-engine/src/admission.rs:2381:19
     |
2380 | impl CacheHeadroom {
     | ------------------ method in this implementation
2381 |     pub(crate) fn improves(self, prior: Self) -> bool {
     |                   ^^^^^^^^

warning: methods `cache_retention_ceiling_bytes`, `cache_headroom`, and `cache_relief_after` are never used
    --> crates/kasumi-engine/src/admission.rs:2393:19
     |
2389 | impl MemoryCore {
     | --------------- methods in this implementation
...
2393 |     pub(crate) fn cache_retention_ceiling_bytes(&self) -> u64 {
     |                   ^^^^^^^^^^^^^^^^^^^^^^^^^^^^^
...
2400 |     pub(crate) fn cache_headroom(&self) -> CacheHeadroom {
     |                   ^^^^^^^^^^^^^^
...
2444 |     pub(crate) async fn cache_relief_after(&self, prior: CacheHeadroom) -> CacheHeadroom {
     |                         ^^^^^^^^^^^^^^^^^^

warning: trait `ExistingGrantOperation` is never used
   --> crates/kasumi-engine/src/admission/snapshot_work.rs:122:18
    |
122 | pub(crate) trait ExistingGrantOperation: SnapshotOperation {
    |                  ^^^^^^^^^^^^^^^^^^^^^^

warning: enum `SnapshotPreparationFailure` is never used
   --> crates/kasumi-engine/src/admission/snapshot_work.rs:129:17
    |
129 | pub(crate) enum SnapshotPreparationFailure {
    |                 ^^^^^^^^^^^^^^^^^^^^^^^^^^

warning: method `error` is never used
   --> crates/kasumi-engine/src/admission/snapshot_work.rs:140:19
    |
139 | impl SnapshotPreparationFailure {
    | ------------------------------- method in this implementation
140 |     pub(crate) fn error(&self) -> Option<&Error> {
    |                   ^^^^^

warning: struct `SnapshotWorkRejected` is never constructed
   --> crates/kasumi-engine/src/admission/snapshot_work.rs:149:19
    |
149 | pub(crate) struct SnapshotWorkRejected<P> {
    |                   ^^^^^^^^^^^^^^^^^^^^

warning: methods `failure`, `error`, and `into_parts` are never used
   --> crates/kasumi-engine/src/admission/snapshot_work.rs:154:19
    |
153 | impl<P> SnapshotWorkRejected<P> {
    | ------------------------------- methods in this implementation
154 |     pub(crate) fn failure(&self) -> &SnapshotPreparationFailure {
    |                   ^^^^^^^
...
157 |     pub(crate) fn error(&self) -> Option<&Error> {
    |                   ^^^^^
...
160 |     pub(crate) fn into_parts(self) -> (P, SnapshotPreparationFailure) {
    |                   ^^^^^^^^^^

warning: variants `Running`, `Ready`, and `Failed` are never constructed
   --> crates/kasumi-engine/src/admission/snapshot_work.rs:192:5
    |
190 | enum PreparationPhase {
    |      ---------------- variants in this enum
191 |     Unused,
192 |     Running(std::thread::ThreadId),
    |     ^^^^^^^
193 |     Ready,
    |     ^^^^^
194 |     Failed,
    |     ^^^^^^
    |
    = note: `PreparationPhase` has a derived impl for the trait `Clone`, but this is intentionally ignored during dead code analysis

warning: method `prepare_inputs` is never used
   --> crates/kasumi-engine/src/admission/snapshot_work.rs:471:8
    |
455 | impl<O: SnapshotOperation> Owner<O> {
    | ----------------------------------- method in this implementation
...
471 |     fn prepare_inputs(&self)
    |        ^^^^^^^^^^^^^^

warning: methods `require_memory` and `wait_ready` are never used
   --> crates/kasumi-engine/src/admission/snapshot_work.rs:904:19
    |
903 | impl SnapshotWorkReport {
    | ----------------------- methods in this implementation
904 |     pub(crate) fn require_memory(&self, core: &Arc<MemoryCore>) -> Result<()> {
    |                   ^^^^^^^^^^^^^^
...
924 |     pub(crate) async fn wait_ready(&self) {
    |                         ^^^^^^^^^^

warning: method `prepare_snapshot_work_from_existing` is never used
    --> crates/kasumi-engine/src/admission/snapshot_work.rs:1105:19
     |
1096 | impl NodeAdmission {
     | ------------------ method in this implementation
...
1105 |     pub(crate) fn prepare_snapshot_work_from_existing<O: ExistingGrantOperation>(
     |                   ^^^^^^^^^^^^^^^^^^^^^^^^^^^^^^^^^^^

warning: trait `ScopedSnapshotOperation` is never used
  --> crates/kasumi-engine/src/admission/snapshot_work_scope.rs:10:18
   |
10 | pub(crate) trait ScopedSnapshotOperation: ExistingGrantOperation {
   |                  ^^^^^^^^^^^^^^^^^^^^^^^

warning: trait `ProspectiveSnapshotOperation` is never used
  --> crates/kasumi-engine/src/admission/snapshot_work_scope.rs:18:18
   |
18 | pub(crate) trait ProspectiveSnapshotOperation: ScopedSnapshotOperation {
   |                  ^^^^^^^^^^^^^^^^^^^^^^^^^^^^

warning: variants `Preparing` and `Work` are never constructed
  --> crates/kasumi-engine/src/admission/snapshot_work_scope.rs:24:5
   |
22 | enum Slot {
   |      ---- variants in this enum
23 |     Empty,
24 |     Preparing {
   |     ^^^^^^^^^
...
28 |     Work(SnapshotWorkReport),
   |     ^^^^

warning: field `next` is never read
  --> crates/kasumi-engine/src/admission/snapshot_work_scope.rs:32:5
   |
30 | struct State {
   |        ----- field in this struct
31 |     sealed: bool,
32 |     next: u64,
   |     ^^^^

warning: field `admission` is never read
  --> crates/kasumi-engine/src/admission/snapshot_work_scope.rs:43:5
   |
40 | struct Inner {
   |        ----- field in this struct
...
43 |     admission: Arc<NodeAdmission>,
   |     ^^^^^^^^^

warning: struct `Preparation` is never constructed
  --> crates/kasumi-engine/src/admission/snapshot_work_scope.rs:46:8
   |
46 | struct Preparation<'a> {
   |        ^^^^^^^^^^^

warning: multiple methods are never used
   --> crates/kasumi-engine/src/admission/snapshot_work_scope.rs:136:8
    |
 81 | impl SnapshotWorkScope {
    | ---------------------- methods in this implementation
...
136 |     fn begin(&self) -> Result<Preparation<'_>> {
    |        ^^^^^
...
169 |     pub(crate) fn prepare<O: ScopedSnapshotOperation>(
    |                   ^^^^^^^
...
221 |     pub(crate) fn prepare_prospective<O: ProspectiveSnapshotOperation>(
    |                   ^^^^^^^^^^^^^^^^^^^
...
229 |     pub(crate) fn require_open_memory(&self, core: &Arc<MemoryCore>) -> Result<()> {
    |                   ^^^^^^^^^^^^^^^^^^^
...
247 |     pub(crate) async fn when_sealed(&self) {
    |                         ^^^^^^^^^^^
...
290 |     pub(crate) fn take_completed(&self, report: &SnapshotWorkReport) -> Result<SnapshotWorkReport> {
    |                   ^^^^^^^^^^^^^^
...
321 |     pub(crate) fn visit(&self, mut visit: impl FnMut(SnapshotWorkId, SnapshotObservation<'_>)) {
    |                   ^^^^^

warning: type alias `Runtime` is never used
  --> crates/kasumi-engine/src/admission/text_runtime.rs:16:17
   |
16 | pub(crate) type Runtime = TextRuntime<Reservation>;
   |                 ^^^^^^^

warning: variants `Preparing` and `Failed` are never constructed
  --> crates/kasumi-engine/src/admission/text_runtime.rs:20:5
   |
18 | enum Phase {
   |      ----- variants in this enum
19 |     Idle,
20 |     Preparing,
   |     ^^^^^^^^^
21 |     Failed,
   |     ^^^^^^
   |
   = note: `Phase` has a derived impl for the trait `Clone`, but this is intentionally ignored during dead code analysis

warning: fields `slot`, `phase`, `serial`, `next`, `thread`, and `report` are never read
  --> crates/kasumi-engine/src/admission/text_runtime.rs:24:5
   |
23 | struct RegistryState {
   |        ------------- fields in this struct
24 |     slot: TextRuntimeSlot<Reservation>,
   |     ^^^^
25 |     phase: Phase,
   |     ^^^^^
26 |     serial: u64,
   |     ^^^^^^
27 |     next: u64,
   |     ^^^^
28 |     thread: Option<std::thread::ThreadId>,
   |     ^^^^^^
...
31 |     report: Option<SnapshotWorkReport>,
   |     ^^^^^^

warning: field `changed` is never read
  --> crates/kasumi-engine/src/admission/text_runtime.rs:35:5
   |
33 | pub(super) struct Registry {
   |                   -------- field in this struct
34 |     state: Mutex<RegistryState>,
35 |     changed: tokio::sync::Notify,
   |     ^^^^^^^

warning: method `fail` is never used
  --> crates/kasumi-engine/src/admission/text_runtime.rs:61:8
   |
37 | impl Registry {
   | ------------- method in this implementation
...
61 |     fn fail(&self, serial: u64) {
   |        ^^^^

warning: struct `Ticket` is never constructed
  --> crates/kasumi-engine/src/admission/text_runtime.rs:73:8
   |
73 | struct Ticket {
   |        ^^^^^^

warning: methods `entered`, `failed`, and `publish` are never used
  --> crates/kasumi-engine/src/admission/text_runtime.rs:79:8
   |
78 | impl Ticket {
   | ----------- methods in this implementation
79 |     fn entered(&self) {
   |        ^^^^^^^
...
93 |     fn failed(&mut self) {
   |        ^^^^^^
...
97 |     fn publish(&mut self, runtime: &Runtime) -> Result<()> {
   |        ^^^^^^^

warning: function `require_grant` is never used
   --> crates/kasumi-engine/src/admission/text_runtime.rs:157:4
    |
157 | fn require_grant(grant: &Reservation, core: &Arc<MemoryCore>) -> Result<()> {
    |    ^^^^^^^^^^^^^

warning: function `require_operation_grant` is never used
   --> crates/kasumi-engine/src/admission/text_runtime.rs:160:4
    |
160 | fn require_operation_grant(grant: &Reservation, core: &Arc<MemoryCore>) -> Result<()> {
    |    ^^^^^^^^^^^^^^^^^^^^^^^

warning: function `require_live_grant` is never used
   --> crates/kasumi-engine/src/admission/text_runtime.rs:163:4
    |
163 | fn require_live_grant(grant: &Reservation, core: &Arc<MemoryCore>, operation: bool) -> Result<()> {
    |    ^^^^^^^^^^^^^^^^^^

warning: function `require_runtime` is never used
   --> crates/kasumi-engine/src/admission/text_runtime.rs:189:4
    |
189 | fn require_runtime(runtime: &Runtime, core: &Arc<MemoryCore>) -> Result<()> {
    |    ^^^^^^^^^^^^^^^

warning: enum `Acquisition` is never used
   --> crates/kasumi-engine/src/admission/text_runtime.rs:196:17
    |
196 | pub(crate) enum Acquisition {
    |                 ^^^^^^^^^^^

warning: enum `RequestFailure` is never used
   --> crates/kasumi-engine/src/admission/text_runtime.rs:202:17
    |
202 | pub(crate) enum RequestFailure {
    |                 ^^^^^^^^^^^^^^

warning: methods `preparation_failure` and `visit_diagnostics` are never used
   --> crates/kasumi-engine/src/admission/text_runtime.rs:207:19
    |
206 | impl RequestFailure {
    | ------------------- methods in this implementation
207 |     pub(crate) fn preparation_failure(&self) -> Option<&snapshot_work::SnapshotPreparationFailure> {
    |                   ^^^^^^^^^^^^^^^^^^^
...
213 |     pub(crate) fn visit_diagnostics(&self, visit: &mut dyn FnMut(&(dyn StdError + 'static))) {
    |                   ^^^^^^^^^^^^^^^^^

warning: struct `Wait` is never constructed
   --> crates/kasumi-engine/src/admission/text_runtime.rs:234:19
    |
234 | pub(crate) struct Wait {
    |                   ^^^^

warning: method `changed` is never used
   --> crates/kasumi-engine/src/admission/text_runtime.rs:242:25
    |
238 | impl Wait {
    | --------- method in this implementation
...
242 |     pub(crate) async fn changed(&self, scope: &SnapshotWorkScope) -> Result<()> {
    |                         ^^^^^^^

warning: struct `Plan` is never constructed
   --> crates/kasumi-engine/src/admission/text_runtime.rs:290:19
    |
290 | pub(crate) struct Plan {
    |                   ^^^^

warning: struct `Initialize` is never constructed
   --> crates/kasumi-engine/src/admission/text_runtime.rs:297:19
    |
297 | pub(crate) struct Initialize {
    |                   ^^^^^^^^^^

warning: enum `Failure` is never used
   --> crates/kasumi-engine/src/admission/text_runtime.rs:307:17
    |
307 | pub(crate) enum Failure {
    |                 ^^^^^^^

warning: struct `FailureWake` is never constructed
   --> crates/kasumi-engine/src/admission/text_runtime.rs:316:8
    |
316 | struct FailureWake {
    |        ^^^^^^^^^^^

warning: methods `request_text_runtime` and `request_text_runtime_inner` are never used
   --> crates/kasumi-engine/src/admission/text_runtime.rs:446:19
    |
445 | impl NodeAdmission {
    | ------------------ methods in this implementation
446 |     pub(crate) fn request_text_runtime(
    |                   ^^^^^^^^^^^^^^^^^^^^
...
458 |     fn request_text_runtime_inner(
    |        ^^^^^^^^^^^^^^^^^^^^^^^^^^

warning: methods `text_runtime_report` and `acknowledge_text_runtime_failure` are never used
   --> crates/kasumi-engine/src/admission/text_runtime.rs:582:19
    |
581 | impl MemoryCore {
    | --------------- methods in this implementation
582 |     pub(crate) fn text_runtime_report(&self) -> Option<SnapshotWorkReport> {
    |                   ^^^^^^^^^^^^^^^^^^^
...
592 |     pub(crate) fn acknowledge_text_runtime_failure(
    |                   ^^^^^^^^^^^^^^^^^^^^^^^^^^^^^^^^

warning: `kasumi-engine` (lib) generated 44 warnings
warning: unused imports: `EditedCollection`, `OrderedEditFailure`, `PrimaryPublicationInventory`, and `VerifiedOrderedEdits`
   --> crates/kasumi-engine/src/primary_stage_cow.rs:460:5
    |
460 |     EditedCollection, OrderedEditFailure, PendingOrderedEdits, PrimaryPublicationInventory,
    |     ^^^^^^^^^^^^^^^^  ^^^^^^^^^^^^^^^^^^                       ^^^^^^^^^^^^^^^^^^^^^^^^^^^
461 |     VerifiedOrderedEdits,
    |     ^^^^^^^^^^^^^^^^^^^^
    |
    = note: `#[warn(unused_imports)]` (part of `#[warn(unused)]`) on by default

warning: unused import: `QueryWorkspace`
   --> crates/kasumi-engine/src/query_source_work.rs:235:37
    |
235 |     use kasumi_query::{QueryMemory, QueryWorkspace};
    |                                     ^^^^^^^^^^^^^^

warning: unused import: `stage::index as staged`
 --> crates/kasumi-engine/src/primary_stage_index_span_tests.rs:7:5
  |
7 |     stage::index as staged,
  |     ^^^^^^^^^^^^^^^^^^^^^^

warning: unused import: `AcceptedPublicationInventory`
   --> crates/kasumi-engine/src/primary_projection.rs:208:5
    |
208 |     AcceptedPublicationInventory, CollectionAction, CollectionPublication, DocumentChange,
    |     ^^^^^^^^^^^^^^^^^^^^^^^^^^^^

warning: unused import: `AcceptedIndexEdits`
   --> crates/kasumi-engine/src/primary_projection.rs:212:5
    |
212 |     AcceptedIndexEdits, FieldSlot, IndexChange, IndexInputFailure, IndexOperation, IndexRole,
    |     ^^^^^^^^^^^^^^^^^^

warning: method `fork_fixture_into` is never used
   --> crates/kasumi-engine/src/application_source_reader.rs:111:19
    |
 76 | impl SourceReader {
    | ----------------- method in this implementation
...
111 |     pub(crate) fn fork_fixture_into(&self, receiver: &mut Option<SourceReader>) -> Result<()> {
    |                   ^^^^^^^^^^^^^^^^^
    |
    = note: `#[warn(dead_code)]` (part of `#[warn(unused)]`) on by default

warning: field `grant` is never read
  --> crates/kasumi-engine/src/primary_stage_collection.rs:27:16
   |
13 | pub(crate) struct AcceptedPrimaryDraft {
   |                   -------------------- field in this struct
...
27 |     pub(super) grant: Reservation,
   |                ^^^^^

warning: method `check_draft_graph` is never used
   --> crates/kasumi-engine/src/primary_stage_collection_verify.rs:328:19
    |
323 | impl PrimaryStage<'_, '_> {
    | ------------------------- method in this implementation
...
328 |     pub(crate) fn check_draft_graph(
    |                   ^^^^^^^^^^^^^^^^^

warning: method `proposed` is never used
  --> crates/kasumi-engine/src/primary_stage_ordered.rs:48:19
   |
32 | impl EditedCollection {
   | --------------------- method in this implementation
...
48 |     pub(crate) fn proposed(&self) -> Option<(Manifest, ManifestRef)> {
   |                   ^^^^^^^^

warning: field `resources` is never read
   --> crates/kasumi-engine/src/primary_stage_ordered.rs:140:5
    |
138 | pub(crate) struct OrderedEditFailure<'guard, 'engine> {
    |                   ------------------ field in this struct
139 |     original: anyhow::Error,
140 |     resources: OrderedResources<'guard, 'engine>,
    |     ^^^^^^^^^

warning: method `attempt` is never used
  --> crates/kasumi-engine/src/primary_stage_ordered_verify.rs:13:19
   |
 9 | impl<'guard, 'engine> VerifiedOrderedEdits<'guard, 'engine> {
   | ----------------------------------------------------------- method in this implementation
...
13 |     pub(crate) fn attempt(&self) -> Attempt {
   |                   ^^^^^^^

warning: variant `Presence` is never constructed
  --> crates/kasumi-engine/src/primary_stage_index_auth.rs:11:5
   |
 9 | pub(crate) enum Role {
   |                 ---- variant in this enum
10 |     Values { index: usize, field: usize },
11 |     Presence { index: usize, field: usize },
   |     ^^^^^^^^
   |
   = note: `Role` has derived impls for the traits `Debug` and `Clone`, but these are intentionally ignored during dead code analysis

warning: field `grant` is never read
  --> crates/kasumi-engine/src/primary_stage_index_rebuild.rs:72:16
   |
62 | pub(super) struct Parts {
   |                   ----- field in this struct
...
72 |     pub(super) grant: Reservation,
   |                ^^^^^

warning: fields `original`, `generation`, and `roots` are never read
  --> crates/kasumi-engine/src/primary_stage_index_edit.rs:13:47
   |
11 | pub(crate) struct UnverifiedEditedIndexSpan {
   |                   ------------------------- fields in this struct
12 |     pub(in crate::primary_tree::stage::index) context: CatalogContext,
13 |     pub(in crate::primary_tree::stage::index) original: ManifestRef,
   |                                               ^^^^^^^^
14 |     pub(in crate::primary_tree::stage::index) generation: Arc<Generation>,
   |                                               ^^^^^^^^^^
15 |     pub(in crate::primary_tree::stage::index) roots: SourceRootsRef,
   |                                               ^^^^^

warning: field `source` is never read
  --> crates/kasumi-engine/src/primary_stage_index_span.rs:67:5
   |
58 | pub(crate) struct VerifiedIndexSpan {
   |                   ----------------- field in this struct
...
67 |     source: SourceReader,
   |     ^^^^^^

warning: field `grant` is never read
  --> crates/kasumi-engine/src/primary_stage_index_text_import.rs:51:5
   |
47 | struct Work {
   |        ---- field in this struct
...
51 |     grant: Reservation,
   |     ^^^^^

warning: field `grant` is never read
  --> crates/kasumi-engine/src/primary_stage_index_text_producer.rs:57:16
   |
48 | pub(super) struct TextParts {
   |                   --------- field in this struct
...
57 |     pub(super) grant: Reservation,
   |                ^^^^^

warning: method `request_cache_refill` is never used
  --> crates/kasumi-engine/src/primary_cache_warm.rs:45:19
   |
30 | impl SelectedPrimary {
   | -------------------- method in this implementation
...
45 |     pub(crate) fn request_cache_refill(self) -> std::result::Result<Self, ReadFailure> {
   |                   ^^^^^^^^^^^^^^^^^^^^

warning: method `request_cache_refill` is never used
   --> crates/kasumi-engine/src/primary_document_source.rs:177:19
    |
 88 | impl PrimaryDocumentSource {
    | -------------------------- method in this implementation
...
177 |     pub(crate) fn request_cache_refill(&self) -> ReadResult<(), ReadFailure> {
    |                   ^^^^^^^^^^^^^^^^^^^^

warning: field `plan` is never read
   --> crates/kasumi-engine/src/admission/text_runtime.rs:203:15
    |
203 |     Refused { plan: Plan, original: Error },
    |     -------   ^^^^
    |     |
    |     field in this variant

warning: method `preparation_failure` is never used
   --> crates/kasumi-engine/src/admission/text_runtime.rs:207:19
    |
206 | impl RequestFailure {
    | ------------------- method in this implementation
207 |     pub(crate) fn preparation_failure(&self) -> Option<&snapshot_work::SnapshotPreparationFailure> {
    |                   ^^^^^^^^^^^^^^^^^^^

warning: method `prepare_primary_document_source` is never used
    --> crates/kasumi-engine/src/service.rs:3196:8
     |
3192 | impl Database {
     | ------------- method in this implementation
...
3196 |     fn prepare_primary_document_source(
     |        ^^^^^^^^^^^^^^^^^^^^^^^^^^^^^^^

warning: `kasumi-engine` (lib test) generated 22 warnings (run `cargo fix --lib -p kasumi-engine --tests` to apply 5 suggestions)
    Finished `test` profile [unoptimized + debuginfo] target(s) in 47.37s
     Running unittests src/lib.rs (/Users/takemiyamakoto/dev/kasumi/target/disk-backed-cache/debug/deps/kasumi_engine-16930654a0887521)

running 34 tests
test admission::text_runtime::tests::memory_text_runtime_registry_attaches_same_report_after_prestart_shutdown_race ... ok
test admission::text_runtime::tests::memory_text_runtime_registry_prequotes_before_loader_under_actual_budget ... ok
test admission::text_runtime::tests::memory_text_runtime_registry_refuses_foreign_and_sealed_scope_without_preparation ... ok
test application_sources::tests::primary_read_tests::collection_protection_tests::collection_protection_table_backing_is_charged_before_allocation ... ok
test admission::text_runtime::tests::memory_text_runtime_registry_reentrant_initializer_cannot_wait_on_itself ... ok
test admission::text_runtime::tests::memory_text_runtime_registry_last_drop_and_upgrade_keep_exact_live_credit ... ok
test admission::text_runtime::tests::memory_text_runtime_registry_retains_loaded_dictionary_grant_and_original_panic_in_census ... ok
test admission::text_runtime::tests::memory_text_runtime_registry_rechecks_original_cancellation_for_idle_busy_and_ready ... ok
test admission::text_runtime::tests::memory_text_runtime_registry_shares_original_credit_and_releases_core ... ok
test admission::text_runtime::tests::memory_text_runtime_registry_keeps_original_typed_failure_until_exact_acknowledgement ... ok
test admission::text_runtime::tests::memory_text_runtime_registry_broadcasts_to_every_waiter_and_seal_wakes_locally ... ok
test application_sources::tests::primary_borrow_tests::protected_primary_borrow_rechecks_access_without_poisoning_canonical_selection ... ok
test application_sources::tests::primary_borrow_tests::protected_primary_descendant_uses_preadmitted_backing_and_same_pin_under_full_refusal ... ok
test application_sources::tests::primary_borrow_tests::protected_primary_borrow_rejects_foreign_backing_and_keeps_original_receiver ... ok
test application_sources::tests::primary_borrow_tests::protected_primary_borrow_reads_exact_history_under_full_byte_refusal_without_fork ... ok
test application_sources::tests::primary_borrow_tests::protected_primary_borrow_cannot_promote_ordinary_or_acquire_after_seal ... ok
test state::primary_projection::tests::full_index_tests::primary_full_index_join_refuses_another_actual_collection_draft_before_index_allocation ... ok
test application_sources::tests::primary_read_tests::collection_protection_tests::collection_protection_keeps_full_fit_and_bounds_shared_version_pressure ... ok
test application_sources::tests::primary_read_tests::collection_protection_tests::collection_protection_rejects_invalid_policy_and_never_overshoots ... ok
test state::primary_projection::tests::accepted_sparse_index_edit_tests::primary_index_edit_refuses_actual_rebuild_without_allocating_any_index_object ... ok
test state::primary_projection::tests::index_text_producer_tests::primary_index_text_producer_empty_rebuild_retains_explicit_zero_field_totals ... ok
test state::primary_projection::tests::index_text_producer_tests::primary_index_text_producer_work_refusal_retains_original_and_exact_abort ... ok
test application_sources::tests::primary_stage_tests::index_objects::point::primary_index_point_text_row_map_keeps_adjacent_u64_identities_and_exact_release ... ok
test state::primary_projection::tests::selected_index_baseline_tests::primary_index_baseline_cancellation_keeps_original_failure_and_stages_nothing ... ok
test state::primary_projection::tests::selected_index_baseline_tests::primary_index_baseline_rejects_a_prior_generation_that_is_not_the_actual_accepted_predecessor ... ok
test state::primary_projection::tests::selected_index_baseline_tests::primary_index_baseline_actual_edit_binds_complete_selected_roles_without_staging ... ok
test state::primary_projection::tests::selected_index_baseline_tests::primary_index_baseline_rereads_original_selected_pin_after_current_catalog_changes ... ok
test state::primary_projection::tests::full_index_tests::primary_full_index_join_rechecks_primary_and_catalog_ownership_after_sealed_span ... ok
test state::primary_projection::tests::selected_index_retire_tests::primary_index_retire_rejects_changed_original_inventory_without_reowning_old_objects ... ok
test state::primary_projection::tests::accepted_sparse_index_edit_tests::primary_index_edit_actual_unique_swap_arrays_and_unchanged_key_remain_unselected has been running for over 60 seconds
test state::primary_projection::tests::carried_index_auth_tests::primary_index_carried_auth_binds_posting_scalar_and_physical_key_role_on_original_source has been running for over 60 seconds
test state::primary_projection::tests::full_index_tests::primary_full_index_join_actual_preserve_baseline_and_rebuild_bind_same_primary_end has been running for over 60 seconds
test state::primary_projection::tests::index_text_producer_tests::primary_index_text_producer_actual_baseline_rows_and_global_physical_statistics has been running for over 60 seconds
test state::primary_projection::tests::selected_index_retire_tests::primary_index_retire_actual_rebuild_retires_every_old_live_object_once_and_verifies_exact_journal has been running for over 60 seconds
test state::primary_projection::tests::carried_index_auth_tests::primary_index_carried_auth_binds_posting_scalar_and_physical_key_role_on_original_source ... ok
test state::primary_projection::tests::full_index_tests::primary_full_index_join_actual_preserve_baseline_and_rebuild_bind_same_primary_end ... ok
test state::primary_projection::tests::index_text_producer_tests::primary_index_text_producer_actual_baseline_rows_and_global_physical_statistics ... ok
test state::primary_projection::tests::accepted_sparse_index_edit_tests::primary_index_edit_actual_unique_swap_arrays_and_unchanged_key_remain_unselected ... ok
test state::primary_projection::tests::selected_index_retire_tests::primary_index_retire_actual_rebuild_retires_every_old_live_object_once_and_verifies_exact_journal ... ok

test result: ok. 34 passed; 0 failed; 0 ignored; 0 measured; 815 filtered out; finished in 236.43s

     Running unittests src/lib.rs (/Users/takemiyamakoto/dev/kasumi/target/disk-backed-cache/debug/deps/kasumi_query-73ad1668a6f3c68a)

running 11 tests
test text_kernel::runtime::tests::text_runtime_typed_loader_error_preserves_original_through_repeated_retirement ... ok
test text_kernel::runtime::tests::text_runtime_refusal_keeps_original_provider_without_loader_or_fingerprint ... ok
test text_kernel::runtime::slot::tests::text_runtime_slot_upgrades_only_exact_original_credit_and_replaces_only_expired_owner ... ok
test text_kernel::runtime::tests::text_runtime_concurrent_last_strong_drop_keeps_grant_through_payload_destruction ... ok
test text_kernel::runtime::slot::tests::text_runtime_slot_last_drop_upgrade_cannot_resurrect_destroying_data ... ok
test text_kernel::footprint::tests::text_kernel_footprint_covers_exact_shared_normalization_and_array_boundaries ... ok
test text_query::tests::shared_text_query_keeps_original_token_statistics_and_segment_failures ... ok
test text_kernel::runtime::tests::text_runtime_fingerprint_panic_retains_actual_loaded_dictionary_and_original_payload ... ok
test text_kernel::footprint::tests::text_kernel_footprint_preadmits_long_combining_reorder_backing ... ok
test text_kernel::runtime::tests::text_runtime_tantivy_tokenizer_clones_keep_dictionary_credit_after_runtime_and_index_drop ... ok
test text_kernel::japanese_profile::tests::japanese_profile_pure_quote_counts_binary_pages_heap_and_loader_scratch ... ok

test result: ok. 11 passed; 0 failed; 0 ignored; 0 measured; 83 filtered out; finished in 3.69s

     Running unittests src/lib.rs (/Users/takemiyamakoto/dev/kasumi/target/disk-backed-cache/debug/deps/kasumi_store-342c1fd2ca84dcfa)

running 5 tests
test spool::sync_tests::spool_clean_sync_native_error_keeps_original_dirty_state_and_fences_owner ... ok
test spool::sync_tests::spool_clean_sync_partial_flush_error_retains_dirty_ciphertext_and_original_failure ... ok
test spool::sync_tests::spool_clean_sync_fast_path_still_checks_owner_and_native_panic_stays_uncertain ... ok
test spool::sync_tests::spool_clean_sync_keeps_resize_and_settle_durability_and_denied_growth_unchanged ... ok
test spool::sync_tests::spool_clean_sync_skips_only_already_synced_immutable_files ... ok

test result: ok. 5 passed; 0 failed; 0 ignored; 0 measured; 768 filtered out; finished in 0.82s

Runner: 288.39s; exit=0; matching=1743/1743
