Command: cargo clippy --locked --offline -p kasumi-kv -p kasumi-query -p kasumi-store -p kasumi-raft --all-features --all-targets -- -D warnings
CARGO_TARGET_DIR=target/disk-backed-cache
    Checking h2 v0.4.19
    Checking kasumi-clock v0.1.0 (/Users/takemiyamakoto/dev/kasumi/crates/kasumi-clock)
    Checking tower v0.5.3
    Checking kasumi-kv v0.1.0 (/Users/takemiyamakoto/dev/kasumi/crates/kasumi-kv)
    Checking tokio-rustls v0.26.5
    Checking tokio-stream v0.1.19
    Checking lindera-ipadic v5.3.0
    Checking openraft v0.9.25 (/Users/takemiyamakoto/dev/kasumi/vendor/openraft-0.9.25/openraft)
    Checking rcgen v0.14.10
    Checking kasumi-types v0.1.0 (/Users/takemiyamakoto/dev/kasumi/crates/kasumi-types)
    Checking lindera v5.3.0
    Checking tower-http v0.6.11
    Checking lindera-analysis v5.3.0
    Checking lindera-tantivy v5.0.1
    Checking hyper v1.11.1
    Checking hyper-util v0.1.20
    Checking hyper-timeout v0.5.2
    Checking hyper-rustls v0.27.9
    Checking axum v0.8.9
    Checking tonic v0.14.6
    Checking reqwest v0.12.28
    Checking kasumi-transport v0.1.0 (/Users/takemiyamakoto/dev/kasumi/crates/kasumi-transport)
    Checking kasumi-serving v0.1.0 (/Users/takemiyamakoto/dev/kasumi/crates/kasumi-serving)
    Checking kasumi-query v0.1.0 (/Users/takemiyamakoto/dev/kasumi/crates/kasumi-query)
    Checking kasumi-store v0.1.0 (/Users/takemiyamakoto/dev/kasumi/crates/kasumi-store)
    Checking kasumi-raft v0.1.0 (/Users/takemiyamakoto/dev/kasumi/crates/kasumi-raft)
error: this `MutexGuard` is held across an await point
  --> crates/kasumi-store/src/storage_domains/read_memory_quote_tests.rs:76:9
   |
76 |     let state = fixture.stores.application().state.read();
   |         ^^^^^
   |
   = help: consider using an async-aware `Mutex` type or ensuring the `MutexGuard` is dropped before calling `await`
note: these are all the await points this lock is held through
  --> crates/kasumi-store/src/storage_domains/read_memory_quote_tests.rs:89:21
   |
89 |     fixture.close().await
   |                     ^^^^^
   = help: for further information visit https://rust-lang.github.io/rust-clippy/rust-1.97.0/index.html#await_holding_lock
   = note: `-D clippy::await-holding-lock` implied by `-D warnings`
   = help: to override `-D warnings` add `#[allow(clippy::await_holding_lock)]`

error: could not compile `kasumi-store` (lib test) due to 1 previous error
Runner: 110.10s; exit=101; matching=806/806
