Command: cargo test --locked --offline -p kasumi-engine --all-features --lib state::accepted_apply::tests:: --config profile.test.package.kasumi-kv.opt-level=3 --config profile.test.package.sha2.opt-level=3
CARGO_TARGET_DIR=target/disk-backed-cache
   Compiling kasumi-engine v0.1.0 (/Users/takemiyamakoto/dev/kasumi/crates/kasumi-engine)
warning: variant `Mutation` is never constructed
  --> crates/kasumi-engine/src/security_audit_jobs.rs:26:5
   |
24 | enum JobEffect {
   |      --------- variant in this enum
25 |     Read,
26 |     Mutation(&'static str),
   |     ^^^^^^^^
   |
   = note: `JobEffect` has a derived impl for the trait `Clone`, but this is intentionally ignored during dead code analysis
   = note: `#[warn(dead_code)]` (part of `#[warn(unused)]`) on by default

warning: struct `ReadPause` is never constructed
  --> crates/kasumi-engine/src/security_audit_jobs.rs:57:19
   |
57 | pub(super) struct ReadPause {
   |                   ^^^^^^^^^

warning: method `run_mutation` is never used
   --> crates/kasumi-engine/src/security_audit_jobs.rs:120:25
    |
 62 | impl SecurityAudit {
    | ------------------ method in this implementation
...
120 |     pub(super) async fn run_mutation<T, F, R>(&self, component: &'static str, run: R) -> Result<T>
    |                         ^^^^^^^^^^^^

warning: `kasumi-engine` (lib) generated 3 warnings
warning: field `panic` is never read
  --> crates/kasumi-engine/src/security_audit_jobs.rs:52:9
   |
48 | pub(super) struct RecordFault {
   |                   ----------- field in this struct
...
52 |     pub panic: bool,
   |         ^^^^^

warning: `kasumi-engine` (lib test) generated 4 warnings (3 duplicates)
    Finished `test` profile [unoptimized + debuginfo] target(s) in 2m 11s
     Running unittests src/lib.rs (target/disk-backed-cache/debug/deps/kasumi_engine-b15d1192089511a8)

running 6 tests
test state::accepted_apply::tests::accepted_apply_definition_change_retains_actual_old_and_new_owners ... ok
test state::accepted_apply::tests::accepted_apply_exact_engine_and_position_required_and_failure_releases_guard ... ok
test state::accepted_apply::tests::accepted_apply_retains_actual_delta_allocation_and_guard_through_publication ... ok
test state::accepted_apply::tests::accepted_apply_archive_placement_keeps_delta_without_advancing_data_epoch ... ok
test state::accepted_apply::tests::accepted_apply_rejection_and_replay_discard_unaccepted_record_delta ... ok
test state::accepted_apply::tests::accepted_apply_missing_delta_and_scope_substitution_fail_before_publication ... ok

test result: ok. 6 passed; 0 failed; 0 ignored; 0 measured; 530 filtered out; finished in 4.25s

Runner: 135.71s; exit=0; matching=789/789
