Command: cargo test --locked --offline --config profile.test.package.kasumi-kv.opt-level=3 --config profile.test.package.sha2.opt-level=3 -p kasumi-kv -p kasumi-store -p kasumi-raft -p kasumi-engine --all-features --lib --no-fail-fast -- single_domain single_point cohort_tests source_capacity_unknown_provider constructor_envelope --nocapture
CARGO_TARGET_DIR=target/disk-backed-cache
   Compiling kasumi-store v0.1.0 (/Users/takemiyamakoto/dev/kasumi/crates/kasumi-store)
   Compiling kasumi-raft v0.1.0 (/Users/takemiyamakoto/dev/kasumi/crates/kasumi-raft)
   Compiling kasumi-engine v0.1.0 (/Users/takemiyamakoto/dev/kasumi/crates/kasumi-engine)
warning: method `install_source_cohort` is never used
   --> crates/kasumi-engine/src/application_sources.rs:634:19
    |
606 | impl SourceRootsRef {
    | ------------------- method in this implementation
...
634 |     pub(crate) fn install_source_cohort(
    |                   ^^^^^^^^^^^^^^^^^^^^^
    |
    = note: `#[warn(dead_code)]` (part of `#[warn(unused)]`) on by default

warning: associated function `new` is never used
  --> crates/kasumi-engine/src/application_source_capacity.rs:35:43
   |
34 | impl LaneFunding {
   | ---------------- associated function in this implementation
35 |     pub(in crate::application_sources) fn new(
   |                                           ^^^

warning: associated items `empty` and `install` are never used
  --> crates/kasumi-engine/src/application_source_cohort.rs:18:19
   |
17 | impl SourceCohort {
   | ----------------- associated items in this implementation
18 |     pub(super) fn empty(envelope: kasumi_raft::PreparedOrdinarySourceEnvelope) -> Self {
   |                   ^^^^^
...
33 |     pub(super) fn install(&self, roots: &SourceRootsRef) -> Result<()> {
   |                   ^^^^^^^

warning: variants `Empty` and `Installed` are never constructed
   --> crates/kasumi-engine/src/application_source_cohort.rs:268:5
    |
267 | enum CapacityState {
    |      ------------- variants in this enum
268 |     Empty,
    |     ^^^^^
269 |     Installed(kasumi_store::RegisteredSourceCapacity),
    |     ^^^^^^^^^

warning: associated function `new` is never used
   --> crates/kasumi-engine/src/application_source_cohort.rs:338:8
    |
337 | impl CohortAdmissionRefusal {
    | --------------------------- associated function in this implementation
338 |     fn new(error: impl Into<anyhow::Error>) -> Self {
    |        ^^^

warning: `kasumi-engine` (lib) generated 5 warnings
    Finished `test` profile [unoptimized + debuginfo] target(s) in 1m 03s
     Running unittests src/lib.rs (target/disk-backed-cache/debug/deps/kasumi_engine-44db468831cfc59f)

running 10 tests
test application_sources::tests::cohort_tests::source_cohort_close_retires_actual_capacity_and_workspaces_before_drained ... ok
test application_sources::tests::cohort_tests::source_cohort_partial_admission_keeps_original_until_actual_fields_retire ... ok
test application_sources::tests::cohort_tests::source_cohort_pre_cell_cancellation_returns_actual_backing_and_unused_ticket ... ok
test application_sources::tests::cohort_tests::source_capacity_close_yields_to_actual_report_guard_then_retires_exact_owner ... ok
test application_sources::tests::cohort_tests::source_cohort_unused_preparation_returns_exact_native_right_and_backing ... ok
test application_sources::tests::cohort_tests::source_cohort_real_capture_has_no_new_grant_under_complete_slot_refusal ... ok
test admission::source_publication::protected_point_tests::single_domain_source_points_tests::single_domain_current_next_roots_reuse_one_actual_backing_under_full_pressure ... ok
test application_sources::tests::cohort_tests::source_cohort_public_history_refusal_preserves_current_and_then_funds_real_reuse ... ok
test admission::source_publication::protected_point_tests::single_domain_source_points_tests::single_domain_source_loans_recheck_expiry_for_cached_records_and_absence ... ok
test admission::source_publication::protected_point_tests::single_domain_source_points_tests::single_domain_binder_rejects_foreign_store_provider_native_and_ordinary_reader ... ok

test result: ok. 10 passed; 0 failed; 0 ignored; 0 measured; 647 filtered out; finished in 5.28s

     Running unittests src/lib.rs (target/disk-backed-cache/debug/deps/kasumi_kv-221aa5373d25965b)

running 0 tests

test result: ok. 0 passed; 0 failed; 0 ignored; 0 measured; 551 filtered out; finished in 0.00s

     Running unittests src/lib.rs (target/disk-backed-cache/debug/deps/kasumi_raft-8af78bc0d2a8574c)

running 6 tests
test selected_application::plan::constructor_envelope::tests::constructor_preserves_actual_capacity_refusal_and_retires_reader_before_retry ... ok
test selected_application::plan::constructor_envelope::tests::constructor_header_peak_refusal_preserves_current_dtos_and_durable_tail ... ok
test selected_application::plan::constructor_envelope::tests::incoming_capacity_covers_each_intermediate_membership_without_adopting_replay_seed ... ok
test selected_application::plan::constructor_envelope::tests::constructor_covers_retained_uncommitted_membership_and_real_capture_without_new_grants ... ok
test selected_application::plan::constructor_envelope::tests::constructor_snapshot_seed_covers_exact_reconstruction_but_rejects_same_size_replacement ... ok
test selected_application::plan::constructor_envelope::tests::constructor_rejects_foreign_workspace_and_noncanonical_or_disconnected_retained_headers ... ok

test result: ok. 6 passed; 0 failed; 0 ignored; 0 measured; 182 filtered out; finished in 3.22s

     Running unittests src/lib.rs (target/disk-backed-cache/debug/deps/kasumi_store-4ef75ebdc018c368)

running 7 tests
test storage_opening::reads::source_pool::capacity::tests::source_capacity_unknown_provider_retains_original_control_refusal ... ok
TestDiskMemory::reserve_installed denied: provider=0x106cd1c70 requested_bytes=4515 charged_bytes=8635 bookkeeping_bytes=71840 used_bytes=52294798 next_used_bytes=52303433 max_bytes=67108864 live_reservations=128 max_reservations=128 attempts=287 error=Kind(OutOfMemory)
test read_view::prepared_points::tests::single_point_partial_admission_denial_keeps_actual_failure_and_has_no_allocating_fallback ... ok
test read_view::prepared_points::tests::single_points_check_expiry_on_old_root_hits_and_absence_and_clear_failed_loans ... ok
TestDiskMemory::reserve_installed denied: provider=0x106cd2540 requested_bytes=0 charged_bytes=4120 bookkeeping_bytes=71840 used_bytes=52299313 next_used_bytes=52303433 max_bytes=67108864 live_reservations=128 max_reservations=128 attempts=287 error=Kind(OutOfMemory)
TestDiskMemory::reserve_installed denied: provider=0x106cd2540 requested_bytes=16911 charged_bytes=21031 bookkeeping_bytes=71840 used_bytes=52299313 next_used_bytes=52320344 max_bytes=67108864 live_reservations=128 max_reservations=128 attempts=288 error=Kind(OutOfMemory)
test read_view::prepared_points::tests::single_point_shape_growth_uses_actual_old_root_and_keeps_original_on_refusal ... ok
test read_view::prepared_points::tests::single_points_share_exact_root_and_reuse_backing_without_point_admission ... ok
test read_view::fork_tests::selected_view_fork_preserves_single_domain_point_and_range_after_parent_drop ... ok
test read_view::prepared_points::tests::single_point_finish_keeps_original_error_and_actual_retirement_panic ... ok

test result: ok. 7 passed; 0 failed; 0 ignored; 0 measured; 719 filtered out; finished in 1.76s

Runner: 74.33s; exit=0; matching=1557/1557
