Command: cargo test --locked --offline --config profile.test.package.kasumi-kv.opt-level=3 --config profile.test.package.sha2.opt-level=3 -p kasumi-kv -p kasumi-store -p kasumi-raft -p kasumi-engine --all-features --lib --no-fail-fast -- production_capacity_tests --nocapture
CARGO_TARGET_DIR=target/disk-backed-cache
    Finished `test` profile [unoptimized + debuginfo] target(s) in 0.83s
     Running unittests src/lib.rs (target/disk-backed-cache/debug/deps/kasumi_engine-44db468831cfc59f)

running 4 tests
Error: initial bootstrap manifest requires its raft node and group
test admission::source_publication::protected_point_tests::production_capacity_tests::production_prepared_source_cancellation_retires_its_exact_unused_right ... ok
test admission::source_publication::protected_point_tests::production_capacity_tests::production_source_selection_uses_exact_encrypted_root_and_preowned_small_shape ... FAILED
test admission::source_publication::protected_point_tests::production_capacity_tests::production_current_next_source_owners_reuse_positive_retirement_under_pressure ... ok
test admission::source_publication::protected_point_tests::production_capacity_tests::production_source_history_escape_refusal_restores_current_then_reuses_exact_lane ... ok

failures:

failures:
    admission::source_publication::protected_point_tests::production_capacity_tests::production_source_selection_uses_exact_encrypted_root_and_preowned_small_shape

test result: FAILED. 3 passed; 1 failed; 0 ignored; 0 measured; 640 filtered out; finished in 1.58s

error: test failed, to rerun pass `-p kasumi-engine --lib`
     Running unittests src/lib.rs (target/disk-backed-cache/debug/deps/kasumi_kv-221aa5373d25965b)

running 0 tests

test result: ok. 0 passed; 0 failed; 0 ignored; 0 measured; 551 filtered out; finished in 0.00s

     Running unittests src/lib.rs (target/disk-backed-cache/debug/deps/kasumi_raft-8af78bc0d2a8574c)

running 0 tests

test result: ok. 0 passed; 0 failed; 0 ignored; 0 measured; 182 filtered out; finished in 0.00s

     Running unittests src/lib.rs (target/disk-backed-cache/debug/deps/kasumi_store-4ef75ebdc018c368)

running 0 tests

test result: ok. 0 passed; 0 failed; 0 ignored; 0 measured; 717 filtered out; finished in 0.00s

error: 1 target failed:
    `-p kasumi-engine --lib`
Runner: 2.56s; exit=101; matching=1546/1546
