Command: cargo test -p kasumi-engine --lib --test schema_activation --locked --offline --config profile.test.package.kasumi-kv.opt-level=3 --config profile.test.package.sha2.opt-level=3 -- --test-threads=1 --nocapture backup_verify::phase::tests expired_live_verification_worker_keeps_bytes_and_shutdown_registration_until_done builder_preserves_linked_seals_for_one_incarnation builder_rejects_missing_or_wrong_successor_predecessor every_historical_terminal_requires_its_exact_earlier_seal indexed_target_resolutions_ thirty_two_empty_collections_build_a_complete_structural_index_and_drain encrypted_restart_and_full_restore_preserve_permanent_activation_receipts
warning: variant `Mutation` is never constructed
  --> crates/kasumi-engine/src/security_audit_jobs.rs:26:5
   |
24 | enum JobEffect {
   |      --------- variant in this enum
25 |     Read,
26 |     Mutation(&'static str),
   |     ^^^^^^^^
   |
   = note: `JobEffect` has a derived impl for the trait `Clone`, but this is intentionally ignored during dead code analysis
   = note: `#[warn(dead_code)]` (part of `#[warn(unused)]`) on by default

warning: struct `ReadPause` is never constructed
  --> crates/kasumi-engine/src/security_audit_jobs.rs:57:19
   |
57 | pub(super) struct ReadPause {
   |                   ^^^^^^^^^

warning: method `run_mutation` is never used
   --> crates/kasumi-engine/src/security_audit_jobs.rs:120:25
    |
 62 | impl SecurityAudit {
    | ------------------ method in this implementation
...
120 |     pub(super) async fn run_mutation<T, F, R>(&self, component: &'static str, run: R) -> Result<T>
    |                         ^^^^^^^^^^^^

warning: `kasumi-engine` (lib) generated 3 warnings
   Compiling kasumi-engine v0.1.0 (/Users/takemiyamakoto/dev/kasumi/crates/kasumi-engine)
warning: field `panic` is never read
  --> crates/kasumi-engine/src/security_audit_jobs.rs:52:9
   |
48 | pub(super) struct RecordFault {
   |                   ----------- field in this struct
...
52 |     pub panic: bool,
   |         ^^^^^

warning: `kasumi-engine` (lib test) generated 4 warnings (3 duplicates)
    Finished `test` profile [unoptimized + debuginfo] target(s) in 40.54s
     Running unittests src/lib.rs (target/disk-backed-cache/debug/deps/kasumi_engine-b15d1192089511a8)

running 11 tests
test backup_verify::phase::tests::phase_blocking_worker_finishes_after_its_waiter_times_out ... ok
test backup_verify::phase::tests::phase_disabled_target_keeps_no_timer_or_id_state ... ok
test backup_verify::phase::tests::phase_dropped_async_future_reports_unfinished ... ok
test backup_verify::phase::tests::phase_success_and_early_return_keep_fixed_fields_and_original_deadline ... ok
test backup_verify::tests::expired_live_verification_worker_keeps_bytes_and_shutdown_registration_until_done ... ok
test snapshot_index::tests::thirty_two_empty_collections_build_a_complete_structural_index_and_drain ... restore_structural_index_32 capture_ms=13 index_ms=32190 verify_ms=423 teardown_ms=37
ok
test state::snapshot_validation::tests::indexed_target_resolutions_preserve_linked_seals_for_one_incarnation ... ok
test state::snapshot_validation::tests::indexed_target_resolutions_reject_changed_predecessors_and_duplicate_identity ... ok
test target_resolution::tests::builder_preserves_linked_seals_for_one_incarnation ... ok
test target_resolution::tests::builder_rejects_missing_or_wrong_successor_predecessor ... ok
test target_resolution::tests::every_historical_terminal_requires_its_exact_earlier_seal ... ok

test result: ok. 11 passed; 0 failed; 0 ignored; 0 measured; 367 filtered out; finished in 92.60s

     Running tests/schema_activation.rs (target/disk-backed-cache/debug/deps/schema_activation-2da7b459946c32f5)

running 1 test
test encrypted_restart_and_full_restore_preserve_permanent_activation_receipts ... DEBUG kasumi_engine::restore_phase: restore phase timing event="restore_phase_started" phase="verify.manifest" phase_id=1 elapsed_ms=0 remaining_ms=299798 outcome="started"
DEBUG kasumi_engine::restore_phase: restore phase timing event="restore_phase_ended" phase="verify.manifest" phase_id=1 elapsed_ms=33 remaining_ms=299765 outcome="succeeded"
DEBUG kasumi_engine::restore_phase: restore phase timing event="restore_phase_started" phase="verify.page_chain" phase_id=2 elapsed_ms=0 remaining_ms=299765 outcome="started"
DEBUG kasumi_engine::restore_phase: restore phase timing event="restore_phase_ended" phase="verify.page_chain" phase_id=2 elapsed_ms=62 remaining_ms=299703 outcome="succeeded"
DEBUG kasumi_engine::restore_phase: restore phase timing event="restore_phase_started" phase="verify.resident_chunks" phase_id=3 elapsed_ms=0 remaining_ms=299703 outcome="started"
DEBUG kasumi_engine::restore_phase: restore phase timing event="restore_phase_ended" phase="verify.resident_chunks" phase_id=3 elapsed_ms=29 remaining_ms=299673 outcome="succeeded"
DEBUG kasumi_engine::restore_phase: restore phase timing event="restore_phase_started" phase="verify.snapshot_wait" phase_id=4 elapsed_ms=0 remaining_ms=299673 outcome="started"
DEBUG kasumi_engine::restore_phase: restore phase timing event="restore_phase_started" phase="verification.blocking_wait" phase_id=5 elapsed_ms=0 remaining_ms=299673 outcome="started"
DEBUG kasumi_engine::restore_phase: restore phase timing event="restore_phase_started" phase="verification.blocking_worker" phase_id=6 elapsed_ms=0 remaining_ms=299672 outcome="started"
DEBUG kasumi_engine::restore_phase: restore phase timing event="restore_phase_ended" phase="verification.blocking_worker" phase_id=6 elapsed_ms=0 remaining_ms=299672 outcome="succeeded"
DEBUG kasumi_engine::restore_phase: restore phase timing event="restore_phase_ended" phase="verification.blocking_wait" phase_id=5 elapsed_ms=0 remaining_ms=299672 outcome="succeeded"
DEBUG kasumi_engine::restore_phase: restore phase timing event="restore_phase_ended" phase="verify.snapshot_wait" phase_id=4 elapsed_ms=0 remaining_ms=299672 outcome="succeeded"
DEBUG kasumi_engine::restore_phase: restore phase timing event="restore_phase_started" phase="verify.state_authorization" phase_id=7 elapsed_ms=0 remaining_ms=299672 outcome="started"
DEBUG kasumi_engine::restore_phase: restore phase timing event="restore_phase_ended" phase="verify.state_authorization" phase_id=7 elapsed_ms=0 remaining_ms=299672 outcome="succeeded"
DEBUG kasumi_engine::restore_phase: restore phase timing event="restore_phase_started" phase="verify.history_dependencies" phase_id=8 elapsed_ms=0 remaining_ms=299672 outcome="started"
DEBUG kasumi_engine::restore_phase: restore phase timing event="restore_phase_ended" phase="verify.history_dependencies" phase_id=8 elapsed_ms=0 remaining_ms=299672 outcome="succeeded"
DEBUG kasumi_engine::restore_phase: restore phase timing event="restore_phase_started" phase="verify.audit_dependencies" phase_id=9 elapsed_ms=0 remaining_ms=299672 outcome="started"
DEBUG kasumi_engine::restore_phase: restore phase timing event="restore_phase_ended" phase="verify.audit_dependencies" phase_id=9 elapsed_ms=0 remaining_ms=299672 outcome="succeeded"
DEBUG kasumi_engine::restore_phase: restore phase timing event="restore_phase_started" phase="verify.final_access" phase_id=10 elapsed_ms=0 remaining_ms=299672 outcome="started"
DEBUG kasumi_engine::restore_phase: restore phase timing event="restore_phase_ended" phase="verify.final_access" phase_id=10 elapsed_ms=0 remaining_ms=299672 outcome="succeeded"
DEBUG kasumi_engine::restore_phase: restore phase timing event="restore_phase_started" phase="verification.blocking_wait" phase_id=11 elapsed_ms=0 remaining_ms=299669 outcome="started"
DEBUG kasumi_engine::restore_phase: restore phase timing event="restore_phase_started" phase="verification.blocking_worker" phase_id=12 elapsed_ms=0 remaining_ms=299669 outcome="started"
DEBUG kasumi_engine::restore_phase: restore phase timing event="restore_phase_ended" phase="verification.blocking_worker" phase_id=12 elapsed_ms=0 remaining_ms=299669 outcome="succeeded"
DEBUG kasumi_engine::restore_phase: restore phase timing event="restore_phase_ended" phase="verification.blocking_wait" phase_id=11 elapsed_ms=19 remaining_ms=299650 outcome="succeeded"
DEBUG kasumi_engine::restore_phase: restore phase timing event="restore_phase_started" phase="restore.local_total" phase_id=13 elapsed_ms=0 remaining_ms=59999 outcome="started"
DEBUG kasumi_engine::restore_phase: restore phase timing event="restore_phase_started" phase="restore.bootstrap_gate" phase_id=14 elapsed_ms=0 remaining_ms=59999 outcome="started"
DEBUG kasumi_engine::restore_phase: restore phase timing event="restore_phase_ended" phase="restore.bootstrap_gate" phase_id=14 elapsed_ms=0 remaining_ms=59999 outcome="succeeded"
DEBUG kasumi_engine::restore_phase: restore phase timing event="restore_phase_started" phase="restore.initial_access" phase_id=15 elapsed_ms=0 remaining_ms=59999 outcome="started"
DEBUG kasumi_engine::restore_phase: restore phase timing event="restore_phase_ended" phase="restore.initial_access" phase_id=15 elapsed_ms=47 remaining_ms=59951 outcome="succeeded"
DEBUG kasumi_engine::restore_phase: restore phase timing event="restore_phase_started" phase="restore.load_authorized" phase_id=16 elapsed_ms=0 remaining_ms=59951 outcome="started"
DEBUG kasumi_engine::restore_phase: restore phase timing event="restore_phase_started" phase="restore.session_verification" phase_id=17 elapsed_ms=0 remaining_ms=59951 outcome="started"
DEBUG kasumi_engine::restore_phase: restore phase timing event="restore_phase_ended" phase="restore.session_verification" phase_id=17 elapsed_ms=381 remaining_ms=59569 outcome="succeeded"
DEBUG kasumi_engine::restore_phase: restore phase timing event="restore_phase_started" phase="restore.graph_verification" phase_id=18 elapsed_ms=0 remaining_ms=59569 outcome="started"
DEBUG kasumi_engine::restore_phase: restore phase timing event="restore_phase_started" phase="verify.manifest" phase_id=19 elapsed_ms=0 remaining_ms=59569 outcome="started"
DEBUG kasumi_engine::restore_phase: restore phase timing event="restore_phase_ended" phase="verify.manifest" phase_id=19 elapsed_ms=35 remaining_ms=59534 outcome="succeeded"
DEBUG kasumi_engine::restore_phase: restore phase timing event="restore_phase_started" phase="verify.page_chain" phase_id=20 elapsed_ms=0 remaining_ms=59534 outcome="started"
DEBUG kasumi_engine::restore_phase: restore phase timing event="restore_phase_ended" phase="verify.page_chain" phase_id=20 elapsed_ms=72 remaining_ms=59461 outcome="succeeded"
DEBUG kasumi_engine::restore_phase: restore phase timing event="restore_phase_started" phase="verify.resident_chunks" phase_id=21 elapsed_ms=0 remaining_ms=59461 outcome="started"
DEBUG kasumi_engine::restore_phase: restore phase timing event="restore_phase_ended" phase="verify.resident_chunks" phase_id=21 elapsed_ms=54 remaining_ms=59406 outcome="succeeded"
DEBUG kasumi_engine::restore_phase: restore phase timing event="restore_phase_started" phase="verify.snapshot_wait" phase_id=22 elapsed_ms=0 remaining_ms=59406 outcome="started"
DEBUG kasumi_engine::restore_phase: restore phase timing event="restore_phase_started" phase="verification.blocking_wait" phase_id=23 elapsed_ms=0 remaining_ms=59406 outcome="started"
DEBUG kasumi_engine::restore_phase: restore phase timing event="restore_phase_started" phase="verification.blocking_worker" phase_id=24 elapsed_ms=0 remaining_ms=59405 outcome="started"
DEBUG kasumi_engine::restore_phase: restore phase timing event="restore_phase_started" phase="verify.snapshot_freeze" phase_id=25 elapsed_ms=0 remaining_ms=59404 outcome="started"
DEBUG kasumi_engine::restore_phase: restore phase timing event="restore_phase_ended" phase="verify.snapshot_freeze" phase_id=25 elapsed_ms=12 remaining_ms=59392 outcome="succeeded"
DEBUG kasumi_engine::restore_phase: restore phase timing event="restore_phase_started" phase="verify.structural_inspection" phase_id=26 elapsed_ms=0 remaining_ms=59392 outcome="started"
DEBUG kasumi_engine::restore_phase: restore phase timing event="restore_phase_ended" phase="verify.structural_inspection" phase_id=26 elapsed_ms=3 remaining_ms=59388 outcome="succeeded"
DEBUG kasumi_engine::restore_phase: restore phase timing event="restore_phase_started" phase="verify.semantic_admission" phase_id=27 elapsed_ms=0 remaining_ms=59388 outcome="started"
DEBUG kasumi_engine::restore_phase: restore phase timing event="restore_phase_ended" phase="verify.semantic_admission" phase_id=27 elapsed_ms=0 remaining_ms=59388 outcome="succeeded"
DEBUG kasumi_engine::restore_phase: restore phase timing event="restore_phase_started" phase="verify.application_validation" phase_id=28 elapsed_ms=0 remaining_ms=59388 outcome="started"
DEBUG kasumi_engine::restore_phase: restore phase timing event="restore_phase_started" phase="snapshot.structural_index" phase_id=29 elapsed_ms=0 outcome="started"
DEBUG kasumi_engine::restore_phase: restore phase timing event="restore_phase_ended" phase="verification.blocking_wait" phase_id=23 elapsed_ms=59409 remaining_ms=0 outcome="unfinished"
DEBUG kasumi_engine::restore_phase: restore phase timing event="restore_phase_ended" phase="verify.snapshot_wait" phase_id=22 elapsed_ms=59410 remaining_ms=0 outcome="unfinished"
DEBUG kasumi_engine::restore_phase: restore phase timing event="restore_phase_ended" phase="restore.graph_verification" phase_id=18 elapsed_ms=59575 remaining_ms=0 outcome="unfinished"
DEBUG kasumi_engine::restore_phase: restore phase timing event="restore_phase_ended" phase="restore.load_authorized" phase_id=16 elapsed_ms=59957 remaining_ms=0 outcome="unfinished"
DEBUG kasumi_engine::restore_phase: restore phase timing event="restore_phase_ended" phase="restore.local_total" phase_id=13 elapsed_ms=60006 remaining_ms=0 outcome="unfinished"

thread 'encrypted_restart_and_full_restore_preserve_permanent_activation_receipts' (7759424) panicked at crates/kasumi-engine/tests/schema_activation.rs:1557:6:
called `Result::unwrap()` on an `Err` value: backup verification deadline expired
note: run with `RUST_BACKTRACE=1` environment variable to display a backtrace
DEBUG kasumi_engine::restore_phase: restore phase timing event="restore_phase_ended" phase="snapshot.structural_index" phase_id=29 elapsed_ms=60916 outcome="unfinished"
DEBUG kasumi_engine::restore_phase: restore phase timing event="restore_phase_ended" phase="verify.application_validation" phase_id=28 elapsed_ms=60916 remaining_ms=0 outcome="unfinished"
DEBUG kasumi_engine::restore_phase: restore phase timing event="restore_phase_ended" phase="verification.blocking_worker" phase_id=24 elapsed_ms=60935 remaining_ms=0 outcome="unfinished"
FAILED

failures:

failures:
    encrypted_restart_and_full_restore_preserve_permanent_activation_receipts

test result: FAILED. 0 passed; 1 failed; 0 ignored; 0 measured; 17 filtered out; finished in 432.87s

error: test failed, to rerun pass `-p kasumi-engine --test schema_activation`

Runner elapsed_seconds=566.29 exit_code=101
