Command: cargo test --locked --offline --config profile.test.package.kasumi-kv.opt-level=3 --config profile.test.package.sha2.opt-level=3 -p kasumi-engine --all-features --lib -- application_backup_rejects_control_recovery_and_embedded_or_orphan_records serving_expiry_rejects_queued_effect_and_late_read_or_committed_ack_then_reopens_exactly existing_replicas_replay_committed_state_and_membership_after_full_close
CARGO_TARGET_DIR=target/disk-backed-cache
    Blocking waiting for file lock on package cache
    Blocking waiting for file lock on package cache
   Compiling kasumi-store v0.1.0 (/Users/takemiyamakoto/dev/kasumi/crates/kasumi-store)
   Compiling kasumi-raft v0.1.0 (/Users/takemiyamakoto/dev/kasumi/crates/kasumi-raft)
   Compiling kasumi-engine v0.1.0 (/Users/takemiyamakoto/dev/kasumi/crates/kasumi-engine)
warning: variant `Mutation` is never constructed
  --> crates/kasumi-engine/src/security_audit_jobs.rs:26:5
   |
24 | enum JobEffect {
   |      --------- variant in this enum
25 |     Read,
26 |     Mutation(&'static str),
   |     ^^^^^^^^
   |
   = note: `JobEffect` has a derived impl for the trait `Clone`, but this is intentionally ignored during dead code analysis
   = note: `#[warn(dead_code)]` (part of `#[warn(unused)]`) on by default

warning: struct `ReadPause` is never constructed
  --> crates/kasumi-engine/src/security_audit_jobs.rs:57:19
   |
57 | pub(super) struct ReadPause {
   |                   ^^^^^^^^^

warning: method `run_mutation` is never used
   --> crates/kasumi-engine/src/security_audit_jobs.rs:120:25
    |
 62 | impl SecurityAudit {
    | ------------------ method in this implementation
...
120 |     pub(super) async fn run_mutation<T, F, R>(&self, component: &'static str, run: R) -> Result<T>
    |                         ^^^^^^^^^^^^

warning: `kasumi-engine` (lib) generated 3 warnings
warning: field `panic` is never read
  --> crates/kasumi-engine/src/security_audit_jobs.rs:52:9
   |
48 | pub(super) struct RecordFault {
   |                   ----------- field in this struct
...
52 |     pub panic: bool,
   |         ^^^^^

warning: `kasumi-engine` (lib test) generated 4 warnings (3 duplicates)
    Finished `test` profile [unoptimized + debuginfo] target(s) in 7m 38s
     Running unittests src/lib.rs (target/disk-backed-cache/debug/deps/kasumi_engine-b15d1192089511a8)

running 3 tests
test snapshot_codec::recovery_tests::application_backup_rejects_control_recovery_and_embedded_or_orphan_records ... ok
test bootstrap::existing_replicated_tests::existing_replicas_replay_committed_state_and_membership_after_full_close has been running for over 60 seconds
test service::tests::serving_expiry_rejects_queued_effect_and_late_read_or_committed_ack_then_reopens_exactly has been running for over 60 seconds
test bootstrap::existing_replicated_tests::existing_replicas_replay_committed_state_and_membership_after_full_close ... FAILED
test service::tests::serving_expiry_rejects_queued_effect_and_late_read_or_committed_ack_then_reopens_exactly ... FAILED

failures:

---- bootstrap::existing_replicated_tests::existing_replicas_replay_committed_state_and_membership_after_full_close stdout ----
Error: elect initial leader with a successful linearizable barrier

Caused by:
    deadline has elapsed

---- service::tests::serving_expiry_rejects_queued_effect_and_late_read_or_committed_ack_then_reopens_exactly stdout ----

thread 'service::tests::serving_expiry_rejects_queued_effect_and_late_read_or_committed_ack_then_reopens_exactly' (20446590) panicked at crates/kasumi-engine/src/service_serving_tests.rs:318:17:
assertion `left == right` failed: original serving-expiry shutdown report: DrainFailure {
    completion: Retained,
    issues: [
        DrainIssueRef {
            inner: Some(
                DrainIssue {
                    component: "OpenRaft runtime",
                    instance: 0,
                    error: ShutdownError {
                        core: Some(
                            StorageError(
                                IO {
                                    source: StorageIOError {
                                        subject: Store,
                                        verb: Write,
                                        source: std::io::error::Error: Raft apply failed; original failure retained,
                                        backtrace: None,
                                    },
                                },
                            ),
                        ),
                        core_join_error: None,
                        ticker: None,
                        state_machine: Some(
                            Storage(
                                IO {
                                    source: StorageIOError {
                                        subject: Store,
                                        verb: Write,
                                        source: std::io::error::Error: Raft apply failed; original failure retained,
                                        backtrace: None,
                                    },
                                },
                            ),
                        ),
                        snapshot_builder: None,
                        replications: [],
                        auxiliary: [],
                        incoming_snapshot: None,
                    },
                },
            ),
        },
        DrainIssueRef {
            inner: Some(
                DrainIssue {
                    component: "Raft apply",
                    instance: 0,
                    error: RetainedApplyFailure { original: retained },
                },
            ),
        },
    ],
}; retained apply observation: Ok(Some("ordinary ordinal=2; violation=None; response_retained=true; wake_panic_retained=false; sink: original error: domain transaction committed; access expired before acknowledgment; outcome unknown: tenant is sealed: key-access lease unavailable or expired; action: returned; backend: returned; finish: returned; cleanup: refused: Retained; drain: returned"))
  left: Retained
 right: Complete
note: run with `RUST_BACKTRACE=1` environment variable to display a backtrace


failures:
    bootstrap::existing_replicated_tests::existing_replicas_replay_committed_state_and_membership_after_full_close
    service::tests::serving_expiry_rejects_queued_effect_and_late_read_or_committed_ack_then_reopens_exactly

test result: FAILED. 1 passed; 2 failed; 0 ignored; 0 measured; 611 filtered out; finished in 76.37s

error: test failed, to rerun pass `-p kasumi-engine --lib`
Runner: 535.19s; exit=101; matching=849/849
