Command: cargo test --locked --offline --config profile.test.package.kasumi-kv.opt-level=3 --config profile.test.package.sha2.opt-level=3 -p kasumi-engine --all-features --lib -- --nocapture admission::source_publication:: state::primary_projection::tests::
CARGO_TARGET_DIR=target/disk-backed-cache
   Compiling kasumi-store v0.1.0 (/Users/takemiyamakoto/dev/kasumi/crates/kasumi-store)
   Compiling kasumi-raft v0.1.0 (/Users/takemiyamakoto/dev/kasumi/crates/kasumi-raft)
   Compiling kasumi-engine v0.1.0 (/Users/takemiyamakoto/dev/kasumi/crates/kasumi-engine)
warning: variant `Mutation` is never constructed
  --> crates/kasumi-engine/src/security_audit_jobs.rs:26:5
   |
24 | enum JobEffect {
   |      --------- variant in this enum
25 |     Read,
26 |     Mutation(&'static str),
   |     ^^^^^^^^
   |
   = note: `JobEffect` has a derived impl for the trait `Clone`, but this is intentionally ignored during dead code analysis
   = note: `#[warn(dead_code)]` (part of `#[warn(unused)]`) on by default

warning: struct `ReadPause` is never constructed
  --> crates/kasumi-engine/src/security_audit_jobs.rs:57:19
   |
57 | pub(super) struct ReadPause {
   |                   ^^^^^^^^^

warning: method `run_mutation` is never used
   --> crates/kasumi-engine/src/security_audit_jobs.rs:120:25
    |
 62 | impl SecurityAudit {
    | ------------------ method in this implementation
...
120 |     pub(super) async fn run_mutation<T, F, R>(&self, component: &'static str, run: R) -> Result<T>
    |                         ^^^^^^^^^^^^

warning: `kasumi-engine` (lib) generated 3 warnings
warning: field `panic` is never read
  --> crates/kasumi-engine/src/security_audit_jobs.rs:52:9
   |
48 | pub(super) struct RecordFault {
   |                   ----------- field in this struct
...
52 |     pub panic: bool,
   |         ^^^^^

warning: `kasumi-engine` (lib test) generated 4 warnings (3 duplicates)
    Finished `test` profile [unoptimized + debuginfo] target(s) in 4m 46s
     Running unittests src/lib.rs (target/disk-backed-cache/debug/deps/kasumi_engine-b15d1192089511a8)

running 32 tests
test admission::source_publication::registered_tests::registered_source_busy_census_cancel_retries_without_replaying_native_cleanup ... ok
test admission::source_publication::registered_tests::registered_source_history_native_slot_denial_cancels_whole_registered_request ... ok
test admission::source_publication::tests::native_source_binding_rejects_same_policy_foreign_core_without_fallback ... ok
test admission::source_publication::tests::native_source_bank_exact_byte_boundary_preserves_cache_and_ordinary_headroom ... ok

thread 'admission::source_publication::registered_tests::registered_source_both_local_suffix_panics_retain_original_and_fence_lane_reuse' (17097393) panicked at crates/kasumi-store/src/storage_opening/reads/source_pool.rs:373:17:
Box<dyn Any>
note: run with `RUST_BACKTRACE=1` environment variable to display a backtrace
test admission::source_publication::registered_tests::registered_source_partial_queue_actual_registration_contention_retains_report_and_original ... ok
test admission::source_publication::registered_tests::registered_source_funding_real_provider_counts_complete_layout_and_has_no_post_bank_reserve ... ok
test admission::source_publication::registered_tests::registered_source_native_success_survives_actual_committed_marker_contention_once ... ok
test admission::source_publication::registered_tests::registered_source_control_real_capacity_failure_survives_all_facades_until_explicit_ack ... ok
test admission::source_publication::tests::native_source_busy_seal_resumes_only_after_positive_account_retirement ... ok
test admission::source_publication::registered_tests::registered_source_no_facade_close_recovers_actual_pool_and_both_prepared_readers ... ok
test admission::source_publication::tests::native_source_bank_real_provider_two_lanes_capture_with_ordinary_bytes_full ... ok
test admission::source_publication::registered_tests::registered_source_history_report_outlives_ordinary_cell_and_preserves_its_own_bytes ... ok
test admission::source_publication::registered_tests::registered_source_no_facade_recovers_precommit_and_native_committed_pending_local_exchange ... ok
test admission::source_publication::tests::native_source_history_byte_denial_preserves_original_then_cancels_unentered_native_hold ... ok
test admission::source_publication::tests::native_source_history_transfers_actual_children_and_sealed_bank_keeps_only_fixed_credit ... ok
test admission::source_publication::tests::native_source_history_slot_denial_retains_byte_grant_until_positive_cancel ... ok
test admission::source_publication::tests::native_source_prepared_rights_block_actual_opening_close_before_capture ... ok

thread 'admission::source_publication::registered_tests::registered_source_both_local_suffix_panics_retain_original_and_fence_lane_reuse' (17097393) panicked at crates/kasumi-store/src/storage_opening/reads/source_pool.rs:379:17:
Box<dyn Any>
test admission::source_publication::registered_tests::registered_source_both_local_suffix_panics_retain_original_and_fence_lane_reuse ... ok
test admission::source_publication::allocation_tests::registered_source_actual_bank_account_report_and_control_tails_keep_exact_credit ... ok
test admission::source_publication::allocation_tests::source_bank_and_account_actual_arc_and_backend_box_tails_remain_funded ... ok
test state::primary_projection::tests::primary_cow_actual_two_page_working_set_and_retirement_are_precharged ... ok
test state::primary_projection::tests::unknown_staging::primary_cow_unknown_staging_reopens_complete_pending_and_chunk_batches ... ok
test state::primary_projection::tests::primary_cow_real_slot_refusal_precedes_pending_effects ... ok
test state::primary_projection::tests::primary_cow_foreign_apply_guard_on_same_store_pair_is_refused_before_pending ... ok
test state::primary_projection::tests::primary_cow_captured_mapping_refuses_valid_alternate_manifest_with_unchanged_selector ... ok
test state::primary_projection::tests::primary_cow_complete_map_diff_rejects_omitted_id_and_real_multi_id_shape ... ok
test state::primary_projection::tests::unknown_staging::unknown_abort::primary_cow_unknown_abort_reopens_complete_progress_resource_and_settlement_batches ... ok
test state::primary_projection::tests::primary_cow_cancel_during_new_chunks_retains_original_and_pending_is_abortable ... ok
test state::primary_projection::tests::primary_cow_baseline_rejects_cross_collection_dto_alias_even_with_same_tree_identity ... ok
test state::primary_projection::tests::primary_cow_baseline_checks_actual_inventory_count_and_original_cancellation ... ok
test state::primary_projection::tests::primary_cow_abort_rejects_bootstrap_missing_inventory_and_ambiguous_committed_phase ... ok
test state::primary_projection::tests::primary_cow_actual_accepted_path_is_unselected_and_abort_is_separately_bounded ... ok

test result: ok. 32 passed; 0 failed; 0 ignored; 0 measured; 542 filtered out; finished in 60.95s

Runner: 347.16s; exit=0; matching=831/831
