Command: cargo test --locked --offline --config profile.test.package.kasumi-kv.opt-level=3 --config profile.test.package.sha2.opt-level=3 -p kasumi-store -p kasumi-raft -p kasumi-engine --all-features --lib --no-fail-fast -- prepared_point plaintext_get_workspace paired_read_quote typed_domain_expiry_is_minted_only_after_actual_complete_commit apply_publication::completion_tests application_source_custody_tests public_restore_admits_resident_state_without_charging_permanent_stream_as_ram --nocapture
CARGO_TARGET_DIR=target/disk-backed-cache
warning: variant `Mutation` is never constructed
  --> crates/kasumi-engine/src/security_audit_jobs.rs:26:5
   |
24 | enum JobEffect {
   |      --------- variant in this enum
25 |     Read,
26 |     Mutation(&'static str),
   |     ^^^^^^^^
   |
   = note: `JobEffect` has a derived impl for the trait `Clone`, but this is intentionally ignored during dead code analysis
   = note: `#[warn(dead_code)]` (part of `#[warn(unused)]`) on by default

warning: struct `ReadPause` is never constructed
  --> crates/kasumi-engine/src/security_audit_jobs.rs:57:19
   |
57 | pub(super) struct ReadPause {
   |                   ^^^^^^^^^

warning: method `run_mutation` is never used
   --> crates/kasumi-engine/src/security_audit_jobs.rs:120:25
    |
 62 | impl SecurityAudit {
    | ------------------ method in this implementation
...
120 |     pub(super) async fn run_mutation<T, F, R>(&self, component: &'static str, run: R) -> Result<T>
    |                         ^^^^^^^^^^^^

warning: `kasumi-engine` (lib) generated 3 warnings
warning: field `panic` is never read
  --> crates/kasumi-engine/src/security_audit_jobs.rs:52:9
   |
48 | pub(super) struct RecordFault {
   |                   ----------- field in this struct
...
52 |     pub panic: bool,
   |         ^^^^^

warning: `kasumi-engine` (lib test) generated 4 warnings (3 duplicates)
    Finished `test` profile [unoptimized + debuginfo] target(s) in 3.83s
     Running unittests src/lib.rs (target/disk-backed-cache/debug/deps/kasumi_engine-44db468831cfc59f)

running 1 test
DEBUG kasumi_engine::restore_phase: restore phase timing event="restore_phase_started" phase="snapshot.terminal_setup" phase_id=1 elapsed_ms=0 outcome="started"
DEBUG kasumi_engine::restore_phase: restore phase timing event="restore_phase_ended" phase="snapshot.terminal_setup" phase_id=1 elapsed_ms=1527 outcome="succeeded"
DEBUG kasumi_engine::restore_phase: restore phase timing event="restore_phase_started" phase="snapshot.terminal_batch" phase_id=2 elapsed_ms=0 outcome="started"
DEBUG kasumi_engine::restore_phase: restore terminal staging batch event="snapshot_terminal_batch" rows=8 bytes=147864
DEBUG kasumi_engine::restore_phase: restore phase timing event="restore_phase_ended" phase="snapshot.terminal_batch" phase_id=2 elapsed_ms=956 outcome="succeeded"
DEBUG kasumi_engine::restore_phase: restore phase timing event="restore_phase_started" phase="snapshot.terminal_batch" phase_id=3 elapsed_ms=0 outcome="started"
DEBUG kasumi_engine::restore_phase: restore terminal staging batch event="snapshot_terminal_batch" rows=8 bytes=147892
DEBUG kasumi_engine::restore_phase: restore phase timing event="restore_phase_ended" phase="snapshot.terminal_batch" phase_id=3 elapsed_ms=1358 outcome="succeeded"
DEBUG kasumi_engine::restore_phase: restore phase timing event="restore_phase_started" phase="snapshot.terminal_batch" phase_id=4 elapsed_ms=0 outcome="started"
DEBUG kasumi_engine::restore_phase: restore terminal staging batch event="snapshot_terminal_batch" rows=8 bytes=147896
DEBUG kasumi_engine::restore_phase: restore phase timing event="restore_phase_ended" phase="snapshot.terminal_batch" phase_id=4 elapsed_ms=1712 outcome="succeeded"
DEBUG kasumi_engine::restore_phase: restore phase timing event="restore_phase_started" phase="snapshot.terminal_batch" phase_id=5 elapsed_ms=0 outcome="started"
DEBUG kasumi_engine::restore_phase: restore terminal staging batch event="snapshot_terminal_batch" rows=8 bytes=147896
DEBUG kasumi_engine::restore_phase: restore phase timing event="restore_phase_ended" phase="snapshot.terminal_batch" phase_id=5 elapsed_ms=1067 outcome="succeeded"
DEBUG kasumi_engine::restore_phase: restore phase timing event="restore_phase_started" phase="snapshot.terminal_batch" phase_id=6 elapsed_ms=0 outcome="started"
DEBUG kasumi_engine::restore_phase: restore terminal staging batch event="snapshot_terminal_batch" rows=8 bytes=147896
DEBUG kasumi_engine::restore_phase: restore phase timing event="restore_phase_ended" phase="snapshot.terminal_batch" phase_id=6 elapsed_ms=1374 outcome="succeeded"
DEBUG kasumi_engine::restore_phase: restore phase timing event="restore_phase_started" phase="snapshot.terminal_batch" phase_id=7 elapsed_ms=0 outcome="started"
DEBUG kasumi_engine::restore_phase: restore terminal staging batch event="snapshot_terminal_batch" rows=8 bytes=147896
DEBUG kasumi_engine::restore_phase: restore phase timing event="restore_phase_ended" phase="snapshot.terminal_batch" phase_id=7 elapsed_ms=854 outcome="succeeded"
DEBUG kasumi_engine::restore_phase: restore phase timing event="restore_phase_started" phase="snapshot.terminal_batch" phase_id=8 elapsed_ms=0 outcome="started"
DEBUG kasumi_engine::restore_phase: restore terminal staging batch event="snapshot_terminal_batch" rows=8 bytes=147896
DEBUG kasumi_engine::restore_phase: restore phase timing event="restore_phase_ended" phase="snapshot.terminal_batch" phase_id=8 elapsed_ms=1247 outcome="succeeded"
DEBUG kasumi_engine::restore_phase: restore phase timing event="restore_phase_started" phase="snapshot.terminal_batch" phase_id=9 elapsed_ms=0 outcome="started"
DEBUG kasumi_engine::restore_phase: restore terminal staging batch event="snapshot_terminal_batch" rows=8 bytes=147896
DEBUG kasumi_engine::restore_phase: restore phase timing event="restore_phase_ended" phase="snapshot.terminal_batch" phase_id=9 elapsed_ms=1257 outcome="succeeded"
DEBUG kasumi_engine::restore_phase: restore phase timing event="restore_phase_started" phase="snapshot.terminal_batch" phase_id=10 elapsed_ms=0 outcome="started"
DEBUG kasumi_engine::restore_phase: restore terminal staging batch event="snapshot_terminal_batch" rows=8 bytes=147896
DEBUG kasumi_engine::restore_phase: restore phase timing event="restore_phase_ended" phase="snapshot.terminal_batch" phase_id=10 elapsed_ms=1100 outcome="succeeded"
DEBUG kasumi_engine::restore_phase: restore phase timing event="restore_phase_started" phase="snapshot.terminal_batch" phase_id=11 elapsed_ms=0 outcome="started"
DEBUG kasumi_engine::restore_phase: restore terminal staging batch event="snapshot_terminal_batch" rows=8 bytes=147896
DEBUG kasumi_engine::restore_phase: restore phase timing event="restore_phase_ended" phase="snapshot.terminal_batch" phase_id=11 elapsed_ms=896 outcome="succeeded"
DEBUG kasumi_engine::restore_phase: restore phase timing event="restore_phase_started" phase="snapshot.terminal_batch" phase_id=12 elapsed_ms=0 outcome="started"
DEBUG kasumi_engine::restore_phase: restore terminal staging batch event="snapshot_terminal_batch" rows=8 bytes=147896
DEBUG kasumi_engine::restore_phase: restore phase timing event="restore_phase_ended" phase="snapshot.terminal_batch" phase_id=12 elapsed_ms=721 outcome="succeeded"
test state::snapshot_bundle::tests::public_restore_admits_resident_state_without_charging_permanent_stream_as_ram has been running for over 60 seconds
DEBUG kasumi_engine::restore_phase: restore phase timing event="restore_phase_started" phase="snapshot.terminal_batch" phase_id=13 elapsed_ms=0 outcome="started"
DEBUG kasumi_engine::restore_phase: restore terminal staging batch event="snapshot_terminal_batch" rows=8 bytes=147896
DEBUG kasumi_engine::restore_phase: restore phase timing event="restore_phase_ended" phase="snapshot.terminal_batch" phase_id=13 elapsed_ms=8433 outcome="succeeded"
DEBUG kasumi_engine::restore_phase: restore phase timing event="restore_phase_started" phase="snapshot.terminal_batch" phase_id=14 elapsed_ms=0 outcome="started"
DEBUG kasumi_engine::restore_phase: restore terminal staging batch event="snapshot_terminal_batch" rows=8 bytes=147916
DEBUG kasumi_engine::restore_phase: restore phase timing event="restore_phase_ended" phase="snapshot.terminal_batch" phase_id=14 elapsed_ms=2614 outcome="succeeded"
DEBUG kasumi_engine::restore_phase: restore phase timing event="restore_phase_started" phase="snapshot.terminal_batch" phase_id=15 elapsed_ms=0 outcome="started"
DEBUG kasumi_engine::restore_phase: restore terminal staging batch event="snapshot_terminal_batch" rows=8 bytes=147928
DEBUG kasumi_engine::restore_phase: restore phase timing event="restore_phase_ended" phase="snapshot.terminal_batch" phase_id=15 elapsed_ms=3602 outcome="succeeded"
DEBUG kasumi_engine::restore_phase: restore phase timing event="restore_phase_started" phase="snapshot.terminal_batch" phase_id=16 elapsed_ms=0 outcome="started"
DEBUG kasumi_engine::restore_phase: restore terminal staging batch event="snapshot_terminal_batch" rows=8 bytes=147928
DEBUG kasumi_engine::restore_phase: restore phase timing event="restore_phase_ended" phase="snapshot.terminal_batch" phase_id=16 elapsed_ms=3363 outcome="succeeded"
DEBUG kasumi_engine::restore_phase: restore phase timing event="restore_phase_started" phase="snapshot.terminal_batch" phase_id=17 elapsed_ms=0 outcome="started"
DEBUG kasumi_engine::restore_phase: restore terminal staging batch event="snapshot_terminal_batch" rows=8 bytes=147928
DEBUG kasumi_engine::restore_phase: restore phase timing event="restore_phase_ended" phase="snapshot.terminal_batch" phase_id=17 elapsed_ms=3572 outcome="succeeded"
DEBUG kasumi_engine::restore_phase: restore phase timing event="restore_phase_started" phase="snapshot.terminal_batch" phase_id=18 elapsed_ms=0 outcome="started"
DEBUG kasumi_engine::restore_phase: restore terminal staging batch event="snapshot_terminal_batch" rows=8 bytes=147928
DEBUG kasumi_engine::restore_phase: restore phase timing event="restore_phase_ended" phase="snapshot.terminal_batch" phase_id=18 elapsed_ms=4460 outcome="succeeded"
DEBUG kasumi_engine::restore_phase: restore phase timing event="restore_phase_started" phase="snapshot.terminal_batch" phase_id=19 elapsed_ms=0 outcome="started"
DEBUG kasumi_engine::restore_phase: restore terminal staging batch event="snapshot_terminal_batch" rows=8 bytes=147928
DEBUG kasumi_engine::restore_phase: restore phase timing event="restore_phase_ended" phase="snapshot.terminal_batch" phase_id=19 elapsed_ms=3321 outcome="succeeded"
DEBUG kasumi_engine::restore_phase: restore phase timing event="restore_phase_started" phase="snapshot.terminal_batch" phase_id=20 elapsed_ms=0 outcome="started"
DEBUG kasumi_engine::restore_phase: restore terminal staging batch event="snapshot_terminal_batch" rows=8 bytes=147928
DEBUG kasumi_engine::restore_phase: restore phase timing event="restore_phase_ended" phase="snapshot.terminal_batch" phase_id=20 elapsed_ms=2391 outcome="succeeded"
DEBUG kasumi_engine::restore_phase: restore phase timing event="restore_phase_started" phase="snapshot.terminal_batch" phase_id=21 elapsed_ms=0 outcome="started"
DEBUG kasumi_engine::restore_phase: restore terminal staging batch event="snapshot_terminal_batch" rows=8 bytes=147928
DEBUG kasumi_engine::restore_phase: restore phase timing event="restore_phase_ended" phase="snapshot.terminal_batch" phase_id=21 elapsed_ms=2673 outcome="succeeded"
DEBUG kasumi_engine::restore_phase: restore phase timing event="restore_phase_started" phase="snapshot.terminal_batch" phase_id=22 elapsed_ms=0 outcome="started"
DEBUG kasumi_engine::restore_phase: restore terminal staging batch event="snapshot_terminal_batch" rows=8 bytes=147928
DEBUG kasumi_engine::restore_phase: restore phase timing event="restore_phase_ended" phase="snapshot.terminal_batch" phase_id=22 elapsed_ms=2914 outcome="succeeded"
DEBUG kasumi_engine::restore_phase: restore phase timing event="restore_phase_started" phase="snapshot.terminal_batch" phase_id=23 elapsed_ms=0 outcome="started"
DEBUG kasumi_engine::restore_phase: restore terminal staging batch event="snapshot_terminal_batch" rows=8 bytes=147928
DEBUG kasumi_engine::restore_phase: restore phase timing event="restore_phase_ended" phase="snapshot.terminal_batch" phase_id=23 elapsed_ms=2519 outcome="succeeded"
DEBUG kasumi_engine::restore_phase: restore phase timing event="restore_phase_started" phase="snapshot.terminal_batch" phase_id=24 elapsed_ms=0 outcome="started"
DEBUG kasumi_engine::restore_phase: restore terminal staging batch event="snapshot_terminal_batch" rows=8 bytes=147928
DEBUG kasumi_engine::restore_phase: restore phase timing event="restore_phase_ended" phase="snapshot.terminal_batch" phase_id=24 elapsed_ms=2862 outcome="succeeded"
DEBUG kasumi_engine::restore_phase: restore phase timing event="restore_phase_started" phase="snapshot.terminal_batch" phase_id=25 elapsed_ms=0 outcome="started"
DEBUG kasumi_engine::restore_phase: restore terminal staging batch event="snapshot_terminal_batch" rows=8 bytes=147928
DEBUG kasumi_engine::restore_phase: restore phase timing event="restore_phase_ended" phase="snapshot.terminal_batch" phase_id=25 elapsed_ms=9323 outcome="succeeded"
DEBUG kasumi_engine::restore_phase: restore phase timing event="restore_phase_started" phase="snapshot.terminal_batch" phase_id=26 elapsed_ms=0 outcome="started"
DEBUG kasumi_engine::restore_phase: restore terminal staging batch event="snapshot_terminal_batch" rows=8 bytes=147928
DEBUG kasumi_engine::restore_phase: restore phase timing event="restore_phase_ended" phase="snapshot.terminal_batch" phase_id=26 elapsed_ms=15024 outcome="succeeded"
DEBUG kasumi_engine::restore_phase: restore phase timing event="restore_phase_started" phase="snapshot.terminal_batch" phase_id=27 elapsed_ms=0 outcome="started"
DEBUG kasumi_engine::restore_phase: restore terminal staging batch event="snapshot_terminal_batch" rows=8 bytes=147928
DEBUG kasumi_engine::restore_phase: restore phase timing event="restore_phase_ended" phase="snapshot.terminal_batch" phase_id=27 elapsed_ms=6742 outcome="succeeded"
DEBUG kasumi_engine::restore_phase: restore phase timing event="restore_phase_started" phase="snapshot.terminal_batch" phase_id=28 elapsed_ms=0 outcome="started"
DEBUG kasumi_engine::restore_phase: restore terminal staging batch event="snapshot_terminal_batch" rows=8 bytes=147928
DEBUG kasumi_engine::restore_phase: restore phase timing event="restore_phase_ended" phase="snapshot.terminal_batch" phase_id=28 elapsed_ms=5704 outcome="succeeded"
DEBUG kasumi_engine::restore_phase: restore phase timing event="restore_phase_started" phase="snapshot.terminal_batch" phase_id=29 elapsed_ms=0 outcome="started"
DEBUG kasumi_engine::restore_phase: restore terminal staging batch event="snapshot_terminal_batch" rows=8 bytes=147928
DEBUG kasumi_engine::restore_phase: restore phase timing event="restore_phase_ended" phase="snapshot.terminal_batch" phase_id=29 elapsed_ms=4890 outcome="succeeded"
DEBUG kasumi_engine::restore_phase: restore phase timing event="restore_phase_started" phase="snapshot.terminal_batch" phase_id=30 elapsed_ms=0 outcome="started"
DEBUG kasumi_engine::restore_phase: restore terminal staging batch event="snapshot_terminal_batch" rows=8 bytes=147928
DEBUG kasumi_engine::restore_phase: restore phase timing event="restore_phase_ended" phase="snapshot.terminal_batch" phase_id=30 elapsed_ms=4636 outcome="succeeded"
DEBUG kasumi_engine::restore_phase: restore phase timing event="restore_phase_started" phase="snapshot.terminal_batch" phase_id=31 elapsed_ms=0 outcome="started"
DEBUG kasumi_engine::restore_phase: restore terminal staging batch event="snapshot_terminal_batch" rows=8 bytes=147928
DEBUG kasumi_engine::restore_phase: restore phase timing event="restore_phase_ended" phase="snapshot.terminal_batch" phase_id=31 elapsed_ms=4215 outcome="succeeded"
DEBUG kasumi_engine::restore_phase: restore phase timing event="restore_phase_started" phase="snapshot.terminal_batch" phase_id=32 elapsed_ms=0 outcome="started"
DEBUG kasumi_engine::restore_phase: restore terminal staging batch event="snapshot_terminal_batch" rows=8 bytes=147928
DEBUG kasumi_engine::restore_phase: restore phase timing event="restore_phase_ended" phase="snapshot.terminal_batch" phase_id=32 elapsed_ms=3715 outcome="succeeded"
DEBUG kasumi_engine::restore_phase: restore phase timing event="restore_phase_started" phase="snapshot.terminal_batch" phase_id=33 elapsed_ms=0 outcome="started"
DEBUG kasumi_engine::restore_phase: restore terminal staging batch event="snapshot_terminal_batch" rows=8 bytes=147928
DEBUG kasumi_engine::restore_phase: restore phase timing event="restore_phase_ended" phase="snapshot.terminal_batch" phase_id=33 elapsed_ms=2744 outcome="succeeded"
DEBUG kasumi_engine::restore_phase: restore phase timing event="restore_phase_started" phase="snapshot.terminal_batch" phase_id=34 elapsed_ms=0 outcome="started"
DEBUG kasumi_engine::restore_phase: restore terminal staging batch event="snapshot_terminal_batch" rows=8 bytes=147928
DEBUG kasumi_engine::restore_phase: restore phase timing event="restore_phase_ended" phase="snapshot.terminal_batch" phase_id=34 elapsed_ms=2893 outcome="succeeded"
DEBUG kasumi_engine::restore_phase: restore phase timing event="restore_phase_started" phase="snapshot.terminal_batch" phase_id=35 elapsed_ms=0 outcome="started"
DEBUG kasumi_engine::restore_phase: restore terminal staging batch event="snapshot_terminal_batch" rows=8 bytes=147928
DEBUG kasumi_engine::restore_phase: restore phase timing event="restore_phase_ended" phase="snapshot.terminal_batch" phase_id=35 elapsed_ms=2476 outcome="succeeded"
DEBUG kasumi_engine::restore_phase: restore phase timing event="restore_phase_started" phase="snapshot.terminal_batch" phase_id=36 elapsed_ms=0 outcome="started"
DEBUG kasumi_engine::restore_phase: restore terminal staging batch event="snapshot_terminal_batch" rows=8 bytes=147928
DEBUG kasumi_engine::restore_phase: restore phase timing event="restore_phase_ended" phase="snapshot.terminal_batch" phase_id=36 elapsed_ms=2259 outcome="succeeded"
DEBUG kasumi_engine::restore_phase: restore phase timing event="restore_phase_started" phase="snapshot.terminal_batch" phase_id=37 elapsed_ms=0 outcome="started"
DEBUG kasumi_engine::restore_phase: restore terminal staging batch event="snapshot_terminal_batch" rows=8 bytes=147928
DEBUG kasumi_engine::restore_phase: restore phase timing event="restore_phase_ended" phase="snapshot.terminal_batch" phase_id=37 elapsed_ms=2557 outcome="succeeded"
DEBUG kasumi_engine::restore_phase: restore phase timing event="restore_phase_started" phase="snapshot.terminal_batch" phase_id=38 elapsed_ms=0 outcome="started"
DEBUG kasumi_engine::restore_phase: restore terminal staging batch event="snapshot_terminal_batch" rows=8 bytes=147928
DEBUG kasumi_engine::restore_phase: restore phase timing event="restore_phase_ended" phase="snapshot.terminal_batch" phase_id=38 elapsed_ms=4242 outcome="succeeded"
DEBUG kasumi_engine::restore_phase: restore phase timing event="restore_phase_started" phase="snapshot.terminal_batch" phase_id=39 elapsed_ms=0 outcome="started"
DEBUG kasumi_engine::restore_phase: restore terminal staging batch event="snapshot_terminal_batch" rows=8 bytes=147928
DEBUG kasumi_engine::restore_phase: restore phase timing event="restore_phase_ended" phase="snapshot.terminal_batch" phase_id=39 elapsed_ms=6860 outcome="succeeded"
DEBUG kasumi_engine::restore_phase: restore phase timing event="restore_phase_started" phase="snapshot.terminal_batch" phase_id=40 elapsed_ms=0 outcome="started"
DEBUG kasumi_engine::restore_phase: restore terminal staging batch event="snapshot_terminal_batch" rows=8 bytes=147928
DEBUG kasumi_engine::restore_phase: restore phase timing event="restore_phase_ended" phase="snapshot.terminal_batch" phase_id=40 elapsed_ms=6170 outcome="succeeded"
DEBUG kasumi_engine::restore_phase: restore phase timing event="restore_phase_started" phase="snapshot.terminal_batch" phase_id=41 elapsed_ms=0 outcome="started"
DEBUG kasumi_engine::restore_phase: restore terminal staging batch event="snapshot_terminal_batch" rows=8 bytes=147928
DEBUG kasumi_engine::restore_phase: restore phase timing event="restore_phase_ended" phase="snapshot.terminal_batch" phase_id=41 elapsed_ms=6259 outcome="succeeded"
DEBUG kasumi_engine::restore_phase: restore phase timing event="restore_phase_started" phase="snapshot.terminal_batch" phase_id=42 elapsed_ms=0 outcome="started"
DEBUG kasumi_engine::restore_phase: restore terminal staging batch event="snapshot_terminal_batch" rows=8 bytes=147928
DEBUG kasumi_engine::restore_phase: restore phase timing event="restore_phase_ended" phase="snapshot.terminal_batch" phase_id=42 elapsed_ms=5839 outcome="succeeded"
DEBUG kasumi_engine::restore_phase: restore phase timing event="restore_phase_started" phase="snapshot.terminal_batch" phase_id=43 elapsed_ms=0 outcome="started"
DEBUG kasumi_engine::restore_phase: restore terminal staging batch event="snapshot_terminal_batch" rows=8 bytes=147928
DEBUG kasumi_engine::restore_phase: restore phase timing event="restore_phase_ended" phase="snapshot.terminal_batch" phase_id=43 elapsed_ms=3357 outcome="succeeded"
DEBUG kasumi_engine::restore_phase: restore phase timing event="restore_phase_started" phase="snapshot.terminal_batch" phase_id=44 elapsed_ms=0 outcome="started"
DEBUG kasumi_engine::restore_phase: restore terminal staging batch event="snapshot_terminal_batch" rows=8 bytes=147928
DEBUG kasumi_engine::restore_phase: restore phase timing event="restore_phase_ended" phase="snapshot.terminal_batch" phase_id=44 elapsed_ms=3078 outcome="succeeded"
DEBUG kasumi_engine::restore_phase: restore phase timing event="restore_phase_started" phase="snapshot.terminal_batch" phase_id=45 elapsed_ms=0 outcome="started"
DEBUG kasumi_engine::restore_phase: restore terminal staging batch event="snapshot_terminal_batch" rows=8 bytes=147928
DEBUG kasumi_engine::restore_phase: restore phase timing event="restore_phase_ended" phase="snapshot.terminal_batch" phase_id=45 elapsed_ms=2581 outcome="succeeded"
DEBUG kasumi_engine::restore_phase: restore phase timing event="restore_phase_started" phase="snapshot.terminal_batch" phase_id=46 elapsed_ms=0 outcome="started"
DEBUG kasumi_engine::restore_phase: restore terminal staging batch event="snapshot_terminal_batch" rows=8 bytes=147928
DEBUG kasumi_engine::restore_phase: restore phase timing event="restore_phase_ended" phase="snapshot.terminal_batch" phase_id=46 elapsed_ms=1870 outcome="succeeded"
DEBUG kasumi_engine::restore_phase: restore phase timing event="restore_phase_started" phase="snapshot.terminal_batch" phase_id=47 elapsed_ms=0 outcome="started"
DEBUG kasumi_engine::restore_phase: restore terminal staging batch event="snapshot_terminal_batch" rows=8 bytes=147928
DEBUG kasumi_engine::restore_phase: restore phase timing event="restore_phase_ended" phase="snapshot.terminal_batch" phase_id=47 elapsed_ms=3547 outcome="succeeded"
DEBUG kasumi_engine::restore_phase: restore phase timing event="restore_phase_started" phase="snapshot.terminal_batch" phase_id=48 elapsed_ms=0 outcome="started"
DEBUG kasumi_engine::restore_phase: restore terminal staging batch event="snapshot_terminal_batch" rows=8 bytes=147928
DEBUG kasumi_engine::restore_phase: restore phase timing event="restore_phase_ended" phase="snapshot.terminal_batch" phase_id=48 elapsed_ms=3583 outcome="succeeded"
DEBUG kasumi_engine::restore_phase: restore phase timing event="restore_phase_started" phase="snapshot.terminal_batch" phase_id=49 elapsed_ms=0 outcome="started"
DEBUG kasumi_engine::restore_phase: restore terminal staging batch event="snapshot_terminal_batch" rows=8 bytes=147928
DEBUG kasumi_engine::restore_phase: restore phase timing event="restore_phase_ended" phase="snapshot.terminal_batch" phase_id=49 elapsed_ms=4006 outcome="succeeded"
DEBUG kasumi_engine::restore_phase: restore phase timing event="restore_phase_started" phase="snapshot.terminal_batch" phase_id=50 elapsed_ms=0 outcome="started"
DEBUG kasumi_engine::restore_phase: restore terminal staging batch event="snapshot_terminal_batch" rows=8 bytes=147928
DEBUG kasumi_engine::restore_phase: restore phase timing event="restore_phase_ended" phase="snapshot.terminal_batch" phase_id=50 elapsed_ms=6734 outcome="succeeded"
DEBUG kasumi_engine::restore_phase: restore phase timing event="restore_phase_started" phase="snapshot.terminal_batch" phase_id=51 elapsed_ms=0 outcome="started"
DEBUG kasumi_engine::restore_phase: restore terminal staging batch event="snapshot_terminal_batch" rows=8 bytes=147928
DEBUG kasumi_engine::restore_phase: restore phase timing event="restore_phase_ended" phase="snapshot.terminal_batch" phase_id=51 elapsed_ms=4389 outcome="succeeded"
DEBUG kasumi_engine::restore_phase: restore phase timing event="restore_phase_started" phase="snapshot.terminal_batch" phase_id=52 elapsed_ms=0 outcome="started"
DEBUG kasumi_engine::restore_phase: restore terminal staging batch event="snapshot_terminal_batch" rows=8 bytes=147928
DEBUG kasumi_engine::restore_phase: restore phase timing event="restore_phase_ended" phase="snapshot.terminal_batch" phase_id=52 elapsed_ms=2766 outcome="succeeded"
DEBUG kasumi_engine::restore_phase: restore phase timing event="restore_phase_started" phase="snapshot.terminal_batch" phase_id=53 elapsed_ms=0 outcome="started"
DEBUG kasumi_engine::restore_phase: restore terminal staging batch event="snapshot_terminal_batch" rows=8 bytes=147928
DEBUG kasumi_engine::restore_phase: restore phase timing event="restore_phase_ended" phase="snapshot.terminal_batch" phase_id=53 elapsed_ms=3425 outcome="succeeded"
DEBUG kasumi_engine::restore_phase: restore phase timing event="restore_phase_started" phase="snapshot.terminal_batch" phase_id=54 elapsed_ms=0 outcome="started"
DEBUG kasumi_engine::restore_phase: restore terminal staging batch event="snapshot_terminal_batch" rows=8 bytes=147928
DEBUG kasumi_engine::restore_phase: restore phase timing event="restore_phase_ended" phase="snapshot.terminal_batch" phase_id=54 elapsed_ms=6341 outcome="succeeded"
DEBUG kasumi_engine::restore_phase: restore phase timing event="restore_phase_started" phase="snapshot.terminal_batch" phase_id=55 elapsed_ms=0 outcome="started"
DEBUG kasumi_engine::restore_phase: restore terminal staging batch event="snapshot_terminal_batch" rows=8 bytes=147928
DEBUG kasumi_engine::restore_phase: restore phase timing event="restore_phase_ended" phase="snapshot.terminal_batch" phase_id=55 elapsed_ms=6906 outcome="succeeded"
DEBUG kasumi_engine::restore_phase: restore phase timing event="restore_phase_started" phase="snapshot.terminal_batch" phase_id=56 elapsed_ms=0 outcome="started"
DEBUG kasumi_engine::restore_phase: restore terminal staging batch event="snapshot_terminal_batch" rows=8 bytes=147928
DEBUG kasumi_engine::restore_phase: restore phase timing event="restore_phase_ended" phase="snapshot.terminal_batch" phase_id=56 elapsed_ms=7489 outcome="succeeded"
DEBUG kasumi_engine::restore_phase: restore phase timing event="restore_phase_started" phase="snapshot.terminal_batch" phase_id=57 elapsed_ms=0 outcome="started"
DEBUG kasumi_engine::restore_phase: restore terminal staging batch event="snapshot_terminal_batch" rows=8 bytes=147928
DEBUG kasumi_engine::restore_phase: restore phase timing event="restore_phase_ended" phase="snapshot.terminal_batch" phase_id=57 elapsed_ms=5115 outcome="succeeded"
DEBUG kasumi_engine::restore_phase: restore phase timing event="restore_phase_started" phase="snapshot.terminal_batch" phase_id=58 elapsed_ms=0 outcome="started"
DEBUG kasumi_engine::restore_phase: restore terminal staging batch event="snapshot_terminal_batch" rows=8 bytes=147928
DEBUG kasumi_engine::restore_phase: restore phase timing event="restore_phase_ended" phase="snapshot.terminal_batch" phase_id=58 elapsed_ms=8771 outcome="succeeded"
DEBUG kasumi_engine::restore_phase: restore phase timing event="restore_phase_started" phase="snapshot.terminal_batch" phase_id=59 elapsed_ms=0 outcome="started"
DEBUG kasumi_engine::restore_phase: restore terminal staging batch event="snapshot_terminal_batch" rows=8 bytes=147928
DEBUG kasumi_engine::restore_phase: restore phase timing event="restore_phase_ended" phase="snapshot.terminal_batch" phase_id=59 elapsed_ms=10456 outcome="succeeded"
DEBUG kasumi_engine::restore_phase: restore phase timing event="restore_phase_started" phase="snapshot.terminal_batch" phase_id=60 elapsed_ms=0 outcome="started"
DEBUG kasumi_engine::restore_phase: restore terminal staging batch event="snapshot_terminal_batch" rows=8 bytes=147928
DEBUG kasumi_engine::restore_phase: restore phase timing event="restore_phase_ended" phase="snapshot.terminal_batch" phase_id=60 elapsed_ms=7178 outcome="succeeded"
DEBUG kasumi_engine::restore_phase: restore phase timing event="restore_phase_started" phase="snapshot.terminal_batch" phase_id=61 elapsed_ms=0 outcome="started"
DEBUG kasumi_engine::restore_phase: restore terminal staging batch event="snapshot_terminal_batch" rows=8 bytes=147928
DEBUG kasumi_engine::restore_phase: restore phase timing event="restore_phase_ended" phase="snapshot.terminal_batch" phase_id=61 elapsed_ms=4301 outcome="succeeded"
DEBUG kasumi_engine::restore_phase: restore phase timing event="restore_phase_started" phase="snapshot.terminal_batch" phase_id=62 elapsed_ms=0 outcome="started"
DEBUG kasumi_engine::restore_phase: restore terminal staging batch event="snapshot_terminal_batch" rows=8 bytes=147928
DEBUG kasumi_engine::restore_phase: restore phase timing event="restore_phase_ended" phase="snapshot.terminal_batch" phase_id=62 elapsed_ms=5078 outcome="succeeded"
DEBUG kasumi_engine::restore_phase: restore phase timing event="restore_phase_started" phase="snapshot.terminal_batch" phase_id=63 elapsed_ms=0 outcome="started"
DEBUG kasumi_engine::restore_phase: restore terminal staging batch event="snapshot_terminal_batch" rows=8 bytes=147928
DEBUG kasumi_engine::restore_phase: restore phase timing event="restore_phase_ended" phase="snapshot.terminal_batch" phase_id=63 elapsed_ms=5087 outcome="succeeded"
DEBUG kasumi_engine::restore_phase: restore phase timing event="restore_phase_started" phase="snapshot.terminal_batch" phase_id=64 elapsed_ms=0 outcome="started"
DEBUG kasumi_engine::restore_phase: restore terminal staging batch event="snapshot_terminal_batch" rows=8 bytes=147928
DEBUG kasumi_engine::restore_phase: restore phase timing event="restore_phase_ended" phase="snapshot.terminal_batch" phase_id=64 elapsed_ms=5568 outcome="succeeded"
DEBUG kasumi_engine::restore_phase: restore phase timing event="restore_phase_started" phase="snapshot.terminal_batch" phase_id=65 elapsed_ms=0 outcome="started"
DEBUG kasumi_engine::restore_phase: restore terminal staging batch event="snapshot_terminal_batch" rows=8 bytes=147928
DEBUG kasumi_engine::restore_phase: restore phase timing event="restore_phase_ended" phase="snapshot.terminal_batch" phase_id=65 elapsed_ms=4866 outcome="succeeded"

thread 'state::snapshot_bundle::tests::public_restore_admits_resident_state_without_charging_permanent_stream_as_ram' (21254954) panicked at crates/kasumi-engine/src/snapshot_bundle.rs:1149:70:
called `Result::unwrap()` on an `Err` value: Error { code: Corruption, message: "backup verification deadline expired" }
note: run with `RUST_BACKTRACE=1` environment variable to display a backtrace
test state::snapshot_bundle::tests::public_restore_admits_resident_state_without_charging_permanent_stream_as_ram ... FAILED

failures:

failures:
    state::snapshot_bundle::tests::public_restore_admits_resident_state_without_charging_permanent_stream_as_ram

test result: FAILED. 0 passed; 1 failed; 0 ignored; 0 measured; 615 filtered out; finished in 502.16s

error: test failed, to rerun pass `-p kasumi-engine --lib`
     Running unittests src/lib.rs (target/disk-backed-cache/debug/deps/kasumi_raft-8af78bc0d2a8574c)

running 18 tests

thread 'apply_publication::completion_tests::borrowed_report_contention_wakes_drain_and_keeps_single_plus_lifecycle_original' (21342487) panicked at crates/kasumi-raft/src/apply_completion_tests.rs:45:13:
Box<dyn Any>
note: run with `RUST_BACKTRACE=1` environment variable to display a backtrace

thread 'apply_publication::completion_tests::backend_error_precedes_finish_panic_and_both_survive_caller_drop' (21342486) panicked at crates/kasumi-raft/src/apply_completion_tests.rs:223:66:
Box<dyn Any>

thread 'apply_publication::completion_tests::sink_original_and_action_panic_remain_independent_after_swallowed_notification' (21342491) panicked at crates/kasumi-raft/src/apply_completion_tests.rs:331:9:
Box<dyn Any>
test apply_publication::completion_tests::late_completion_after_plain_commit_cannot_acknowledge_or_drop_response ... ok
test apply_publication::completion_tests::swallowed_recursive_completion_retains_response_and_sticky_failure ... ok
test apply_publication::completion_tests::completion_success_transfers_response_before_reset_and_reuses_real_slot ... ok
test apply_publication::completion_tests::opaque_sink_error_stays_owned_after_positive_completion_drain ... ok
test apply_publication::completion_tests::borrowed_report_contention_wakes_drain_and_keeps_single_plus_lifecycle_original ... ok
test apply_publication::completion_tests::sink_original_and_action_panic_remain_independent_after_swallowed_notification ... ok
test apply_publication::completion_tests::backend_error_precedes_finish_panic_and_both_survive_caller_drop ... ok

thread 'snapshot_buffer::application_source_custody_tests::application_source_panicked_final_check_and_cancelled_cleanup_keep_unclaimed_group' (21342500) panicked at crates/kasumi-raft/src/application_source_custody_tests.rs:72:13:
Box<dyn Any>
test snapshot_buffer::application_source_custody_tests::application_source_binding_is_single_use_idle_and_before_acquisition ... ok
test snapshot_buffer::application_source_custody_tests::application_source_nonpositive_close_keeps_original_error_and_registry ... ok
test snapshot_buffer::application_source_custody_tests::application_source_idle_abandonment_and_cancelled_drain_keep_original_close ... ok
test snapshot_buffer::application_source_custody_tests::application_source_pending_retirement_blocks_buffer_and_group_release ... ok
test snapshot_buffer::application_source_custody_tests::application_source_failed_claim_cannot_release_unclosed_idle_roots ... ok
test snapshot_buffer::application_source_custody_tests::application_source_retained_startup_never_seals_writer_preparation ... ok
test snapshot_buffer::application_source_custody_tests::application_source_failed_startup_waits_real_storage_lease_before_final_drain ... ok
test snapshot_buffer::application_source_custody_tests::application_source_final_check_precedes_group_delivery ... ok
test snapshot_buffer::application_source_custody_tests::application_source_failed_final_check_and_cancelled_cleanup_keep_unclaimed_group ... ok
test snapshot_buffer::application_source_custody_tests::application_source_panicked_final_check_and_cancelled_cleanup_keep_unclaimed_group ... ok
test snapshot_buffer::application_source_custody_tests::application_source_shutdown_during_final_check_cannot_deliver_group ... ok

test result: ok. 18 passed; 0 failed; 0 ignored; 0 measured; 142 filtered out; finished in 0.02s

     Running unittests src/lib.rs (target/disk-backed-cache/debug/deps/kasumi_store-4ef75ebdc018c368)

running 13 tests
test read_view::workspace_tests::plaintext_get_workspace_quote_is_checked_bounded_and_allocation_free ... ok
test storage_domains::tests::typed_domain_expiry_is_minted_only_after_actual_complete_commit ... ok
test read_view::workspace_tests::plaintext_get_workspace_covers_authenticated_long_fields_and_ciphertext_failures ... ok
test storage_domains::read_memory_quote::tests::paired_read_quote_key_id_ceiling_is_owned_and_stale_growth_is_rejected ... ok
test storage_domains::read_memory_quote::tests::paired_read_quote_has_no_allocations_or_admission_and_matches_reader_retention ... ok
TestDiskMemory::reserve_installed denied: provider=0x7965038910 requested_bytes=4515 charged_bytes=8627 bookkeeping_bytes=71800 used_bytes=52293809 next_used_bytes=52302436 max_bytes=268435456 live_reservations=128 max_reservations=128 attempts=502 error=Kind(OutOfMemory)
test storage_domains::prepared_point_read::tests::prepared_point_partial_construction_denial_retires_backing_and_registered_reader ... ok
test storage_domains::read_memory_quote::tests::paired_read_quote_covers_real_encrypted_get_requested_allocations ... ok
test storage_domains::prepared_point_read::tests::prepared_points_reuse_real_encrypted_backing_with_exact_overlapping_charges ... ok
test storage_domains::prepared_point_read::tests::prepared_points_keep_both_domains_on_the_same_snapshot_across_writes_and_rotation ... ok
test storage_domains::prepared_point_read::tests::prepared_points_check_peer_access_even_on_application_cache_hit_and_absence ... ok
test storage_domains::prepared_point_read::tests::prepared_points_retain_full_fit_cache_and_check_expiry_on_hits_and_absence ... ok
test read_view::workspace_tests::plaintext_get_workspace_covers_first_read_pages_large_values_and_max_names ... ok
test storage_domains::prepared_point_read::tests::prepared_points_authenticate_and_reject_wrong_identity_trailing_and_missing_key ... ok

test result: ok. 13 passed; 0 failed; 0 ignored; 0 measured; 682 filtered out; finished in 7.49s

error: 1 target failed:
    `-p kasumi-engine --lib`
Runner: 514.10s; exit=101; matching=852/852
