Command: cargo test --locked --offline --config profile.test.package.kasumi-kv.opt-level=3 --config profile.test.package.sha2.opt-level=3 -p kasumi-kv -p kasumi-store -p kasumi-raft -p kasumi-engine --all-features --lib --no-fail-fast -- public_restore_admits_resident_state_without_charging_permanent_stream_as_ram --nocapture
CARGO_TARGET_DIR=target/disk-backed-cache
    Finished `test` profile [unoptimized + debuginfo] target(s) in 0.52s
     Running unittests src/lib.rs (target/disk-backed-cache/debug/deps/kasumi_engine-44db468831cfc59f)

running 1 test
DEBUG kasumi_engine::restore_phase: restore phase timing event="restore_phase_started" phase="snapshot.terminal_setup" phase_id=1 elapsed_ms=0 outcome="started"
DEBUG kasumi_engine::restore_phase: restore phase timing event="restore_phase_ended" phase="snapshot.terminal_setup" phase_id=1 elapsed_ms=243 outcome="succeeded"
DEBUG kasumi_engine::restore_phase: restore phase timing event="restore_phase_started" phase="snapshot.terminal_batch" phase_id=2 elapsed_ms=0 outcome="started"
DEBUG kasumi_engine::restore_phase: restore terminal staging batch event="snapshot_terminal_batch" rows=8 bytes=147864
DEBUG kasumi_engine::restore_phase: restore phase timing event="restore_phase_ended" phase="snapshot.terminal_batch" phase_id=2 elapsed_ms=134 outcome="succeeded"
DEBUG kasumi_engine::restore_phase: restore phase timing event="restore_phase_started" phase="snapshot.terminal_batch" phase_id=3 elapsed_ms=0 outcome="started"
DEBUG kasumi_engine::restore_phase: restore terminal staging batch event="snapshot_terminal_batch" rows=8 bytes=147892
DEBUG kasumi_engine::restore_phase: restore phase timing event="restore_phase_ended" phase="snapshot.terminal_batch" phase_id=3 elapsed_ms=118 outcome="succeeded"
DEBUG kasumi_engine::restore_phase: restore phase timing event="restore_phase_started" phase="snapshot.terminal_batch" phase_id=4 elapsed_ms=0 outcome="started"
DEBUG kasumi_engine::restore_phase: restore terminal staging batch event="snapshot_terminal_batch" rows=8 bytes=147896
DEBUG kasumi_engine::restore_phase: restore phase timing event="restore_phase_ended" phase="snapshot.terminal_batch" phase_id=4 elapsed_ms=112 outcome="succeeded"
DEBUG kasumi_engine::restore_phase: restore phase timing event="restore_phase_started" phase="snapshot.terminal_batch" phase_id=5 elapsed_ms=0 outcome="started"
DEBUG kasumi_engine::restore_phase: restore terminal staging batch event="snapshot_terminal_batch" rows=8 bytes=147896
DEBUG kasumi_engine::restore_phase: restore phase timing event="restore_phase_ended" phase="snapshot.terminal_batch" phase_id=5 elapsed_ms=126 outcome="succeeded"
DEBUG kasumi_engine::restore_phase: restore phase timing event="restore_phase_started" phase="snapshot.terminal_batch" phase_id=6 elapsed_ms=0 outcome="started"
DEBUG kasumi_engine::restore_phase: restore terminal staging batch event="snapshot_terminal_batch" rows=8 bytes=147896
DEBUG kasumi_engine::restore_phase: restore phase timing event="restore_phase_ended" phase="snapshot.terminal_batch" phase_id=6 elapsed_ms=129 outcome="succeeded"
DEBUG kasumi_engine::restore_phase: restore phase timing event="restore_phase_started" phase="snapshot.terminal_batch" phase_id=7 elapsed_ms=0 outcome="started"
DEBUG kasumi_engine::restore_phase: restore terminal staging batch event="snapshot_terminal_batch" rows=8 bytes=147896
DEBUG kasumi_engine::restore_phase: restore phase timing event="restore_phase_ended" phase="snapshot.terminal_batch" phase_id=7 elapsed_ms=116 outcome="succeeded"
DEBUG kasumi_engine::restore_phase: restore phase timing event="restore_phase_started" phase="snapshot.terminal_batch" phase_id=8 elapsed_ms=0 outcome="started"
DEBUG kasumi_engine::restore_phase: restore terminal staging batch event="snapshot_terminal_batch" rows=8 bytes=147896
DEBUG kasumi_engine::restore_phase: restore phase timing event="restore_phase_ended" phase="snapshot.terminal_batch" phase_id=8 elapsed_ms=125 outcome="succeeded"
DEBUG kasumi_engine::restore_phase: restore phase timing event="restore_phase_started" phase="snapshot.terminal_batch" phase_id=9 elapsed_ms=0 outcome="started"
DEBUG kasumi_engine::restore_phase: restore terminal staging batch event="snapshot_terminal_batch" rows=8 bytes=147896
DEBUG kasumi_engine::restore_phase: restore phase timing event="restore_phase_ended" phase="snapshot.terminal_batch" phase_id=9 elapsed_ms=124 outcome="succeeded"
DEBUG kasumi_engine::restore_phase: restore phase timing event="restore_phase_started" phase="snapshot.terminal_batch" phase_id=10 elapsed_ms=0 outcome="started"
DEBUG kasumi_engine::restore_phase: restore terminal staging batch event="snapshot_terminal_batch" rows=8 bytes=147896
DEBUG kasumi_engine::restore_phase: restore phase timing event="restore_phase_ended" phase="snapshot.terminal_batch" phase_id=10 elapsed_ms=140 outcome="succeeded"
DEBUG kasumi_engine::restore_phase: restore phase timing event="restore_phase_started" phase="snapshot.terminal_batch" phase_id=11 elapsed_ms=0 outcome="started"
DEBUG kasumi_engine::restore_phase: restore terminal staging batch event="snapshot_terminal_batch" rows=8 bytes=147896
DEBUG kasumi_engine::restore_phase: restore phase timing event="restore_phase_ended" phase="snapshot.terminal_batch" phase_id=11 elapsed_ms=123 outcome="succeeded"
DEBUG kasumi_engine::restore_phase: restore phase timing event="restore_phase_started" phase="snapshot.terminal_batch" phase_id=12 elapsed_ms=0 outcome="started"
DEBUG kasumi_engine::restore_phase: restore terminal staging batch event="snapshot_terminal_batch" rows=8 bytes=147896
DEBUG kasumi_engine::restore_phase: restore phase timing event="restore_phase_ended" phase="snapshot.terminal_batch" phase_id=12 elapsed_ms=109 outcome="succeeded"
DEBUG kasumi_engine::restore_phase: restore phase timing event="restore_phase_started" phase="snapshot.terminal_batch" phase_id=13 elapsed_ms=0 outcome="started"
DEBUG kasumi_engine::restore_phase: restore terminal staging batch event="snapshot_terminal_batch" rows=8 bytes=147896
DEBUG kasumi_engine::restore_phase: restore phase timing event="restore_phase_ended" phase="snapshot.terminal_batch" phase_id=13 elapsed_ms=972 outcome="succeeded"
DEBUG kasumi_engine::restore_phase: restore phase timing event="restore_phase_started" phase="snapshot.terminal_batch" phase_id=14 elapsed_ms=0 outcome="started"
DEBUG kasumi_engine::restore_phase: restore terminal staging batch event="snapshot_terminal_batch" rows=8 bytes=147916
DEBUG kasumi_engine::restore_phase: restore phase timing event="restore_phase_ended" phase="snapshot.terminal_batch" phase_id=14 elapsed_ms=324 outcome="succeeded"
DEBUG kasumi_engine::restore_phase: restore phase timing event="restore_phase_started" phase="snapshot.terminal_batch" phase_id=15 elapsed_ms=0 outcome="started"
DEBUG kasumi_engine::restore_phase: restore terminal staging batch event="snapshot_terminal_batch" rows=8 bytes=147928
DEBUG kasumi_engine::restore_phase: restore phase timing event="restore_phase_ended" phase="snapshot.terminal_batch" phase_id=15 elapsed_ms=347 outcome="succeeded"
DEBUG kasumi_engine::restore_phase: restore phase timing event="restore_phase_started" phase="snapshot.terminal_batch" phase_id=16 elapsed_ms=0 outcome="started"
DEBUG kasumi_engine::restore_phase: restore terminal staging batch event="snapshot_terminal_batch" rows=8 bytes=147928
DEBUG kasumi_engine::restore_phase: restore phase timing event="restore_phase_ended" phase="snapshot.terminal_batch" phase_id=16 elapsed_ms=350 outcome="succeeded"
DEBUG kasumi_engine::restore_phase: restore phase timing event="restore_phase_started" phase="snapshot.terminal_batch" phase_id=17 elapsed_ms=0 outcome="started"
DEBUG kasumi_engine::restore_phase: restore terminal staging batch event="snapshot_terminal_batch" rows=8 bytes=147928
DEBUG kasumi_engine::restore_phase: restore phase timing event="restore_phase_ended" phase="snapshot.terminal_batch" phase_id=17 elapsed_ms=343 outcome="succeeded"
DEBUG kasumi_engine::restore_phase: restore phase timing event="restore_phase_started" phase="snapshot.terminal_batch" phase_id=18 elapsed_ms=0 outcome="started"
DEBUG kasumi_engine::restore_phase: restore terminal staging batch event="snapshot_terminal_batch" rows=8 bytes=147928
DEBUG kasumi_engine::restore_phase: restore phase timing event="restore_phase_ended" phase="snapshot.terminal_batch" phase_id=18 elapsed_ms=355 outcome="succeeded"
DEBUG kasumi_engine::restore_phase: restore phase timing event="restore_phase_started" phase="snapshot.terminal_batch" phase_id=19 elapsed_ms=0 outcome="started"
DEBUG kasumi_engine::restore_phase: restore terminal staging batch event="snapshot_terminal_batch" rows=8 bytes=147928
DEBUG kasumi_engine::restore_phase: restore phase timing event="restore_phase_ended" phase="snapshot.terminal_batch" phase_id=19 elapsed_ms=342 outcome="succeeded"
DEBUG kasumi_engine::restore_phase: restore phase timing event="restore_phase_started" phase="snapshot.terminal_batch" phase_id=20 elapsed_ms=0 outcome="started"
DEBUG kasumi_engine::restore_phase: restore terminal staging batch event="snapshot_terminal_batch" rows=8 bytes=147928
DEBUG kasumi_engine::restore_phase: restore phase timing event="restore_phase_ended" phase="snapshot.terminal_batch" phase_id=20 elapsed_ms=333 outcome="succeeded"
DEBUG kasumi_engine::restore_phase: restore phase timing event="restore_phase_started" phase="snapshot.terminal_batch" phase_id=21 elapsed_ms=0 outcome="started"
DEBUG kasumi_engine::restore_phase: restore terminal staging batch event="snapshot_terminal_batch" rows=8 bytes=147928
DEBUG kasumi_engine::restore_phase: restore phase timing event="restore_phase_ended" phase="snapshot.terminal_batch" phase_id=21 elapsed_ms=285 outcome="succeeded"
DEBUG kasumi_engine::restore_phase: restore phase timing event="restore_phase_started" phase="snapshot.terminal_batch" phase_id=22 elapsed_ms=0 outcome="started"
DEBUG kasumi_engine::restore_phase: restore terminal staging batch event="snapshot_terminal_batch" rows=8 bytes=147928
DEBUG kasumi_engine::restore_phase: restore phase timing event="restore_phase_ended" phase="snapshot.terminal_batch" phase_id=22 elapsed_ms=328 outcome="succeeded"
DEBUG kasumi_engine::restore_phase: restore phase timing event="restore_phase_started" phase="snapshot.terminal_batch" phase_id=23 elapsed_ms=0 outcome="started"
DEBUG kasumi_engine::restore_phase: restore terminal staging batch event="snapshot_terminal_batch" rows=8 bytes=147928
DEBUG kasumi_engine::restore_phase: restore phase timing event="restore_phase_ended" phase="snapshot.terminal_batch" phase_id=23 elapsed_ms=285 outcome="succeeded"
DEBUG kasumi_engine::restore_phase: restore phase timing event="restore_phase_started" phase="snapshot.terminal_batch" phase_id=24 elapsed_ms=0 outcome="started"
DEBUG kasumi_engine::restore_phase: restore terminal staging batch event="snapshot_terminal_batch" rows=8 bytes=147928
DEBUG kasumi_engine::restore_phase: restore phase timing event="restore_phase_ended" phase="snapshot.terminal_batch" phase_id=24 elapsed_ms=258 outcome="succeeded"
DEBUG kasumi_engine::restore_phase: restore phase timing event="restore_phase_started" phase="snapshot.terminal_batch" phase_id=25 elapsed_ms=0 outcome="started"
DEBUG kasumi_engine::restore_phase: restore terminal staging batch event="snapshot_terminal_batch" rows=8 bytes=147928
DEBUG kasumi_engine::restore_phase: restore phase timing event="restore_phase_ended" phase="snapshot.terminal_batch" phase_id=25 elapsed_ms=751 outcome="succeeded"
DEBUG kasumi_engine::restore_phase: restore phase timing event="restore_phase_started" phase="snapshot.terminal_batch" phase_id=26 elapsed_ms=0 outcome="started"
DEBUG kasumi_engine::restore_phase: restore terminal staging batch event="snapshot_terminal_batch" rows=8 bytes=147928
DEBUG kasumi_engine::restore_phase: restore phase timing event="restore_phase_ended" phase="snapshot.terminal_batch" phase_id=26 elapsed_ms=972 outcome="succeeded"
DEBUG kasumi_engine::restore_phase: restore phase timing event="restore_phase_started" phase="snapshot.terminal_batch" phase_id=27 elapsed_ms=0 outcome="started"
DEBUG kasumi_engine::restore_phase: restore terminal staging batch event="snapshot_terminal_batch" rows=8 bytes=147928
DEBUG kasumi_engine::restore_phase: restore phase timing event="restore_phase_ended" phase="snapshot.terminal_batch" phase_id=27 elapsed_ms=461 outcome="succeeded"
DEBUG kasumi_engine::restore_phase: restore phase timing event="restore_phase_started" phase="snapshot.terminal_batch" phase_id=28 elapsed_ms=0 outcome="started"
DEBUG kasumi_engine::restore_phase: restore terminal staging batch event="snapshot_terminal_batch" rows=8 bytes=147928
DEBUG kasumi_engine::restore_phase: restore phase timing event="restore_phase_ended" phase="snapshot.terminal_batch" phase_id=28 elapsed_ms=476 outcome="succeeded"
DEBUG kasumi_engine::restore_phase: restore phase timing event="restore_phase_started" phase="snapshot.terminal_batch" phase_id=29 elapsed_ms=0 outcome="started"
DEBUG kasumi_engine::restore_phase: restore terminal staging batch event="snapshot_terminal_batch" rows=8 bytes=147928
DEBUG kasumi_engine::restore_phase: restore phase timing event="restore_phase_ended" phase="snapshot.terminal_batch" phase_id=29 elapsed_ms=514 outcome="succeeded"
DEBUG kasumi_engine::restore_phase: restore phase timing event="restore_phase_started" phase="snapshot.terminal_batch" phase_id=30 elapsed_ms=0 outcome="started"
DEBUG kasumi_engine::restore_phase: restore terminal staging batch event="snapshot_terminal_batch" rows=8 bytes=147928
DEBUG kasumi_engine::restore_phase: restore phase timing event="restore_phase_ended" phase="snapshot.terminal_batch" phase_id=30 elapsed_ms=449 outcome="succeeded"
DEBUG kasumi_engine::restore_phase: restore phase timing event="restore_phase_started" phase="snapshot.terminal_batch" phase_id=31 elapsed_ms=0 outcome="started"
DEBUG kasumi_engine::restore_phase: restore terminal staging batch event="snapshot_terminal_batch" rows=8 bytes=147928
DEBUG kasumi_engine::restore_phase: restore phase timing event="restore_phase_ended" phase="snapshot.terminal_batch" phase_id=31 elapsed_ms=462 outcome="succeeded"
DEBUG kasumi_engine::restore_phase: restore phase timing event="restore_phase_started" phase="snapshot.terminal_batch" phase_id=32 elapsed_ms=0 outcome="started"
DEBUG kasumi_engine::restore_phase: restore terminal staging batch event="snapshot_terminal_batch" rows=8 bytes=147928
DEBUG kasumi_engine::restore_phase: restore phase timing event="restore_phase_ended" phase="snapshot.terminal_batch" phase_id=32 elapsed_ms=456 outcome="succeeded"
DEBUG kasumi_engine::restore_phase: restore phase timing event="restore_phase_started" phase="snapshot.terminal_batch" phase_id=33 elapsed_ms=0 outcome="started"
DEBUG kasumi_engine::restore_phase: restore terminal staging batch event="snapshot_terminal_batch" rows=8 bytes=147928
DEBUG kasumi_engine::restore_phase: restore phase timing event="restore_phase_ended" phase="snapshot.terminal_batch" phase_id=33 elapsed_ms=537 outcome="succeeded"
DEBUG kasumi_engine::restore_phase: restore phase timing event="restore_phase_started" phase="snapshot.terminal_batch" phase_id=34 elapsed_ms=0 outcome="started"
DEBUG kasumi_engine::restore_phase: restore terminal staging batch event="snapshot_terminal_batch" rows=8 bytes=147928
DEBUG kasumi_engine::restore_phase: restore phase timing event="restore_phase_ended" phase="snapshot.terminal_batch" phase_id=34 elapsed_ms=557 outcome="succeeded"
DEBUG kasumi_engine::restore_phase: restore phase timing event="restore_phase_started" phase="snapshot.terminal_batch" phase_id=35 elapsed_ms=0 outcome="started"
DEBUG kasumi_engine::restore_phase: restore terminal staging batch event="snapshot_terminal_batch" rows=8 bytes=147928
DEBUG kasumi_engine::restore_phase: restore phase timing event="restore_phase_ended" phase="snapshot.terminal_batch" phase_id=35 elapsed_ms=453 outcome="succeeded"
DEBUG kasumi_engine::restore_phase: restore phase timing event="restore_phase_started" phase="snapshot.terminal_batch" phase_id=36 elapsed_ms=0 outcome="started"
DEBUG kasumi_engine::restore_phase: restore terminal staging batch event="snapshot_terminal_batch" rows=8 bytes=147928
DEBUG kasumi_engine::restore_phase: restore phase timing event="restore_phase_ended" phase="snapshot.terminal_batch" phase_id=36 elapsed_ms=445 outcome="succeeded"
DEBUG kasumi_engine::restore_phase: restore phase timing event="restore_phase_started" phase="snapshot.terminal_batch" phase_id=37 elapsed_ms=0 outcome="started"
DEBUG kasumi_engine::restore_phase: restore terminal staging batch event="snapshot_terminal_batch" rows=8 bytes=147928
DEBUG kasumi_engine::restore_phase: restore phase timing event="restore_phase_ended" phase="snapshot.terminal_batch" phase_id=37 elapsed_ms=443 outcome="succeeded"
DEBUG kasumi_engine::restore_phase: restore phase timing event="restore_phase_started" phase="snapshot.terminal_batch" phase_id=38 elapsed_ms=0 outcome="started"
DEBUG kasumi_engine::restore_phase: restore terminal staging batch event="snapshot_terminal_batch" rows=8 bytes=147928
DEBUG kasumi_engine::restore_phase: restore phase timing event="restore_phase_ended" phase="snapshot.terminal_batch" phase_id=38 elapsed_ms=456 outcome="succeeded"
DEBUG kasumi_engine::restore_phase: restore phase timing event="restore_phase_started" phase="snapshot.terminal_batch" phase_id=39 elapsed_ms=0 outcome="started"
DEBUG kasumi_engine::restore_phase: restore terminal staging batch event="snapshot_terminal_batch" rows=8 bytes=147928
DEBUG kasumi_engine::restore_phase: restore phase timing event="restore_phase_ended" phase="snapshot.terminal_batch" phase_id=39 elapsed_ms=470 outcome="succeeded"
DEBUG kasumi_engine::restore_phase: restore phase timing event="restore_phase_started" phase="snapshot.terminal_batch" phase_id=40 elapsed_ms=0 outcome="started"
DEBUG kasumi_engine::restore_phase: restore terminal staging batch event="snapshot_terminal_batch" rows=8 bytes=147928
DEBUG kasumi_engine::restore_phase: restore phase timing event="restore_phase_ended" phase="snapshot.terminal_batch" phase_id=40 elapsed_ms=505 outcome="succeeded"
DEBUG kasumi_engine::restore_phase: restore phase timing event="restore_phase_started" phase="snapshot.terminal_batch" phase_id=41 elapsed_ms=0 outcome="started"
DEBUG kasumi_engine::restore_phase: restore terminal staging batch event="snapshot_terminal_batch" rows=8 bytes=147928
DEBUG kasumi_engine::restore_phase: restore phase timing event="restore_phase_ended" phase="snapshot.terminal_batch" phase_id=41 elapsed_ms=466 outcome="succeeded"
DEBUG kasumi_engine::restore_phase: restore phase timing event="restore_phase_started" phase="snapshot.terminal_batch" phase_id=42 elapsed_ms=0 outcome="started"
DEBUG kasumi_engine::restore_phase: restore terminal staging batch event="snapshot_terminal_batch" rows=8 bytes=147928
DEBUG kasumi_engine::restore_phase: restore phase timing event="restore_phase_ended" phase="snapshot.terminal_batch" phase_id=42 elapsed_ms=745 outcome="succeeded"
DEBUG kasumi_engine::restore_phase: restore phase timing event="restore_phase_started" phase="snapshot.terminal_batch" phase_id=43 elapsed_ms=0 outcome="started"
DEBUG kasumi_engine::restore_phase: restore terminal staging batch event="snapshot_terminal_batch" rows=8 bytes=147928
DEBUG kasumi_engine::restore_phase: restore phase timing event="restore_phase_ended" phase="snapshot.terminal_batch" phase_id=43 elapsed_ms=458 outcome="succeeded"
DEBUG kasumi_engine::restore_phase: restore phase timing event="restore_phase_started" phase="snapshot.terminal_batch" phase_id=44 elapsed_ms=0 outcome="started"
DEBUG kasumi_engine::restore_phase: restore terminal staging batch event="snapshot_terminal_batch" rows=8 bytes=147928
DEBUG kasumi_engine::restore_phase: restore phase timing event="restore_phase_ended" phase="snapshot.terminal_batch" phase_id=44 elapsed_ms=531 outcome="succeeded"
DEBUG kasumi_engine::restore_phase: restore phase timing event="restore_phase_started" phase="snapshot.terminal_batch" phase_id=45 elapsed_ms=0 outcome="started"
DEBUG kasumi_engine::restore_phase: restore terminal staging batch event="snapshot_terminal_batch" rows=8 bytes=147928
DEBUG kasumi_engine::restore_phase: restore phase timing event="restore_phase_ended" phase="snapshot.terminal_batch" phase_id=45 elapsed_ms=501 outcome="succeeded"
DEBUG kasumi_engine::restore_phase: restore phase timing event="restore_phase_started" phase="snapshot.terminal_batch" phase_id=46 elapsed_ms=0 outcome="started"
DEBUG kasumi_engine::restore_phase: restore terminal staging batch event="snapshot_terminal_batch" rows=8 bytes=147928
DEBUG kasumi_engine::restore_phase: restore phase timing event="restore_phase_ended" phase="snapshot.terminal_batch" phase_id=46 elapsed_ms=391 outcome="succeeded"
DEBUG kasumi_engine::restore_phase: restore phase timing event="restore_phase_started" phase="snapshot.terminal_batch" phase_id=47 elapsed_ms=0 outcome="started"
DEBUG kasumi_engine::restore_phase: restore terminal staging batch event="snapshot_terminal_batch" rows=8 bytes=147928
DEBUG kasumi_engine::restore_phase: restore phase timing event="restore_phase_ended" phase="snapshot.terminal_batch" phase_id=47 elapsed_ms=480 outcome="succeeded"
DEBUG kasumi_engine::restore_phase: restore phase timing event="restore_phase_started" phase="snapshot.terminal_batch" phase_id=48 elapsed_ms=0 outcome="started"
DEBUG kasumi_engine::restore_phase: restore terminal staging batch event="snapshot_terminal_batch" rows=8 bytes=147928
DEBUG kasumi_engine::restore_phase: restore phase timing event="restore_phase_ended" phase="snapshot.terminal_batch" phase_id=48 elapsed_ms=443 outcome="succeeded"
DEBUG kasumi_engine::restore_phase: restore phase timing event="restore_phase_started" phase="snapshot.terminal_batch" phase_id=49 elapsed_ms=0 outcome="started"
DEBUG kasumi_engine::restore_phase: restore terminal staging batch event="snapshot_terminal_batch" rows=8 bytes=147928
DEBUG kasumi_engine::restore_phase: restore phase timing event="restore_phase_ended" phase="snapshot.terminal_batch" phase_id=49 elapsed_ms=456 outcome="succeeded"
DEBUG kasumi_engine::restore_phase: restore phase timing event="restore_phase_started" phase="snapshot.terminal_batch" phase_id=50 elapsed_ms=0 outcome="started"
DEBUG kasumi_engine::restore_phase: restore terminal staging batch event="snapshot_terminal_batch" rows=8 bytes=147928
DEBUG kasumi_engine::restore_phase: restore phase timing event="restore_phase_ended" phase="snapshot.terminal_batch" phase_id=50 elapsed_ms=656 outcome="succeeded"
DEBUG kasumi_engine::restore_phase: restore phase timing event="restore_phase_started" phase="snapshot.terminal_batch" phase_id=51 elapsed_ms=0 outcome="started"
DEBUG kasumi_engine::restore_phase: restore terminal staging batch event="snapshot_terminal_batch" rows=8 bytes=147928
DEBUG kasumi_engine::restore_phase: restore phase timing event="restore_phase_ended" phase="snapshot.terminal_batch" phase_id=51 elapsed_ms=464 outcome="succeeded"
DEBUG kasumi_engine::restore_phase: restore phase timing event="restore_phase_started" phase="snapshot.terminal_batch" phase_id=52 elapsed_ms=0 outcome="started"
DEBUG kasumi_engine::restore_phase: restore terminal staging batch event="snapshot_terminal_batch" rows=8 bytes=147928
DEBUG kasumi_engine::restore_phase: restore phase timing event="restore_phase_ended" phase="snapshot.terminal_batch" phase_id=52 elapsed_ms=368 outcome="succeeded"
DEBUG kasumi_engine::restore_phase: restore phase timing event="restore_phase_started" phase="snapshot.terminal_batch" phase_id=53 elapsed_ms=0 outcome="started"
DEBUG kasumi_engine::restore_phase: restore terminal staging batch event="snapshot_terminal_batch" rows=8 bytes=147928
DEBUG kasumi_engine::restore_phase: restore phase timing event="restore_phase_ended" phase="snapshot.terminal_batch" phase_id=53 elapsed_ms=449 outcome="succeeded"
DEBUG kasumi_engine::restore_phase: restore phase timing event="restore_phase_started" phase="snapshot.terminal_batch" phase_id=54 elapsed_ms=0 outcome="started"
DEBUG kasumi_engine::restore_phase: restore terminal staging batch event="snapshot_terminal_batch" rows=8 bytes=147928
DEBUG kasumi_engine::restore_phase: restore phase timing event="restore_phase_ended" phase="snapshot.terminal_batch" phase_id=54 elapsed_ms=580 outcome="succeeded"
DEBUG kasumi_engine::restore_phase: restore phase timing event="restore_phase_started" phase="snapshot.terminal_batch" phase_id=55 elapsed_ms=0 outcome="started"
DEBUG kasumi_engine::restore_phase: restore terminal staging batch event="snapshot_terminal_batch" rows=8 bytes=147928
DEBUG kasumi_engine::restore_phase: restore phase timing event="restore_phase_ended" phase="snapshot.terminal_batch" phase_id=55 elapsed_ms=494 outcome="succeeded"
DEBUG kasumi_engine::restore_phase: restore phase timing event="restore_phase_started" phase="snapshot.terminal_batch" phase_id=56 elapsed_ms=0 outcome="started"
DEBUG kasumi_engine::restore_phase: restore terminal staging batch event="snapshot_terminal_batch" rows=8 bytes=147928
DEBUG kasumi_engine::restore_phase: restore phase timing event="restore_phase_ended" phase="snapshot.terminal_batch" phase_id=56 elapsed_ms=587 outcome="succeeded"
DEBUG kasumi_engine::restore_phase: restore phase timing event="restore_phase_started" phase="snapshot.terminal_batch" phase_id=57 elapsed_ms=0 outcome="started"
DEBUG kasumi_engine::restore_phase: restore terminal staging batch event="snapshot_terminal_batch" rows=8 bytes=147928
DEBUG kasumi_engine::restore_phase: restore phase timing event="restore_phase_ended" phase="snapshot.terminal_batch" phase_id=57 elapsed_ms=519 outcome="succeeded"
DEBUG kasumi_engine::restore_phase: restore phase timing event="restore_phase_started" phase="snapshot.terminal_batch" phase_id=58 elapsed_ms=0 outcome="started"
DEBUG kasumi_engine::restore_phase: restore terminal staging batch event="snapshot_terminal_batch" rows=8 bytes=147928
DEBUG kasumi_engine::restore_phase: restore phase timing event="restore_phase_ended" phase="snapshot.terminal_batch" phase_id=58 elapsed_ms=842 outcome="succeeded"
DEBUG kasumi_engine::restore_phase: restore phase timing event="restore_phase_started" phase="snapshot.terminal_batch" phase_id=59 elapsed_ms=0 outcome="started"
DEBUG kasumi_engine::restore_phase: restore terminal staging batch event="snapshot_terminal_batch" rows=8 bytes=147928
DEBUG kasumi_engine::restore_phase: restore phase timing event="restore_phase_ended" phase="snapshot.terminal_batch" phase_id=59 elapsed_ms=1183 outcome="succeeded"
DEBUG kasumi_engine::restore_phase: restore phase timing event="restore_phase_started" phase="snapshot.terminal_batch" phase_id=60 elapsed_ms=0 outcome="started"
DEBUG kasumi_engine::restore_phase: restore terminal staging batch event="snapshot_terminal_batch" rows=8 bytes=147928
DEBUG kasumi_engine::restore_phase: restore phase timing event="restore_phase_ended" phase="snapshot.terminal_batch" phase_id=60 elapsed_ms=664 outcome="succeeded"
DEBUG kasumi_engine::restore_phase: restore phase timing event="restore_phase_started" phase="snapshot.terminal_batch" phase_id=61 elapsed_ms=0 outcome="started"
DEBUG kasumi_engine::restore_phase: restore terminal staging batch event="snapshot_terminal_batch" rows=8 bytes=147928
DEBUG kasumi_engine::restore_phase: restore phase timing event="restore_phase_ended" phase="snapshot.terminal_batch" phase_id=61 elapsed_ms=547 outcome="succeeded"
DEBUG kasumi_engine::restore_phase: restore phase timing event="restore_phase_started" phase="snapshot.terminal_batch" phase_id=62 elapsed_ms=0 outcome="started"
DEBUG kasumi_engine::restore_phase: restore terminal staging batch event="snapshot_terminal_batch" rows=8 bytes=147928
DEBUG kasumi_engine::restore_phase: restore phase timing event="restore_phase_ended" phase="snapshot.terminal_batch" phase_id=62 elapsed_ms=623 outcome="succeeded"
DEBUG kasumi_engine::restore_phase: restore phase timing event="restore_phase_started" phase="snapshot.terminal_batch" phase_id=63 elapsed_ms=0 outcome="started"
DEBUG kasumi_engine::restore_phase: restore terminal staging batch event="snapshot_terminal_batch" rows=8 bytes=147928
DEBUG kasumi_engine::restore_phase: restore phase timing event="restore_phase_ended" phase="snapshot.terminal_batch" phase_id=63 elapsed_ms=567 outcome="succeeded"
DEBUG kasumi_engine::restore_phase: restore phase timing event="restore_phase_started" phase="snapshot.terminal_batch" phase_id=64 elapsed_ms=0 outcome="started"
DEBUG kasumi_engine::restore_phase: restore terminal staging batch event="snapshot_terminal_batch" rows=8 bytes=147928
DEBUG kasumi_engine::restore_phase: restore phase timing event="restore_phase_ended" phase="snapshot.terminal_batch" phase_id=64 elapsed_ms=626 outcome="succeeded"
DEBUG kasumi_engine::restore_phase: restore phase timing event="restore_phase_started" phase="snapshot.terminal_batch" phase_id=65 elapsed_ms=0 outcome="started"
DEBUG kasumi_engine::restore_phase: restore terminal staging batch event="snapshot_terminal_batch" rows=8 bytes=147928
DEBUG kasumi_engine::restore_phase: restore phase timing event="restore_phase_ended" phase="snapshot.terminal_batch" phase_id=65 elapsed_ms=591 outcome="succeeded"
DEBUG kasumi_engine::restore_phase: restore phase timing event="restore_phase_started" phase="public_restore.wait" phase_id=66 elapsed_ms=0 remaining_ms=59999 outcome="started"
DEBUG kasumi_engine::restore_phase: restore phase timing event="restore_phase_started" phase="public_restore.framing" phase_id=67 elapsed_ms=0 remaining_ms=59999 outcome="started"
DEBUG kasumi_engine::restore_phase: restore phase timing event="restore_phase_ended" phase="public_restore.framing" phase_id=67 elapsed_ms=864 remaining_ms=59135 outcome="succeeded"
DEBUG kasumi_engine::restore_phase: restore phase timing event="restore_phase_started" phase="public_restore.decode" phase_id=68 elapsed_ms=0 remaining_ms=59135 outcome="started"
DEBUG kasumi_engine::restore_phase: restore phase timing event="restore_phase_started" phase="snapshot.terminal_setup" phase_id=69 elapsed_ms=0 outcome="started"
DEBUG kasumi_engine::restore_phase: restore phase timing event="restore_phase_ended" phase="snapshot.terminal_setup" phase_id=69 elapsed_ms=284 outcome="succeeded"
DEBUG kasumi_engine::restore_phase: restore phase timing event="restore_phase_started" phase="snapshot.terminal_batch" phase_id=70 elapsed_ms=0 outcome="started"
DEBUG kasumi_engine::restore_phase: restore terminal staging batch event="snapshot_terminal_batch" rows=8 bytes=147864
DEBUG kasumi_engine::restore_phase: restore phase timing event="restore_phase_ended" phase="snapshot.terminal_batch" phase_id=70 elapsed_ms=298 outcome="succeeded"
DEBUG kasumi_engine::restore_phase: restore phase timing event="restore_phase_started" phase="snapshot.terminal_batch" phase_id=71 elapsed_ms=0 outcome="started"
DEBUG kasumi_engine::restore_phase: restore terminal staging batch event="snapshot_terminal_batch" rows=8 bytes=147892
DEBUG kasumi_engine::restore_phase: restore phase timing event="restore_phase_ended" phase="snapshot.terminal_batch" phase_id=71 elapsed_ms=474 outcome="succeeded"
DEBUG kasumi_engine::restore_phase: restore phase timing event="restore_phase_started" phase="snapshot.terminal_batch" phase_id=72 elapsed_ms=0 outcome="started"
DEBUG kasumi_engine::restore_phase: restore terminal staging batch event="snapshot_terminal_batch" rows=8 bytes=147896
DEBUG kasumi_engine::restore_phase: restore phase timing event="restore_phase_ended" phase="snapshot.terminal_batch" phase_id=72 elapsed_ms=473 outcome="succeeded"
DEBUG kasumi_engine::restore_phase: restore phase timing event="restore_phase_started" phase="snapshot.terminal_batch" phase_id=73 elapsed_ms=0 outcome="started"
DEBUG kasumi_engine::restore_phase: restore terminal staging batch event="snapshot_terminal_batch" rows=8 bytes=147896
DEBUG kasumi_engine::restore_phase: restore phase timing event="restore_phase_ended" phase="snapshot.terminal_batch" phase_id=73 elapsed_ms=462 outcome="succeeded"
DEBUG kasumi_engine::restore_phase: restore phase timing event="restore_phase_started" phase="snapshot.terminal_batch" phase_id=74 elapsed_ms=0 outcome="started"
DEBUG kasumi_engine::restore_phase: restore terminal staging batch event="snapshot_terminal_batch" rows=8 bytes=147896
test state::snapshot_bundle::tests::public_restore_admits_resident_state_without_charging_permanent_stream_as_ram has been running for over 60 seconds
DEBUG kasumi_engine::restore_phase: restore phase timing event="restore_phase_ended" phase="snapshot.terminal_batch" phase_id=74 elapsed_ms=575 outcome="succeeded"
DEBUG kasumi_engine::restore_phase: restore phase timing event="restore_phase_started" phase="snapshot.terminal_batch" phase_id=75 elapsed_ms=0 outcome="started"
DEBUG kasumi_engine::restore_phase: restore terminal staging batch event="snapshot_terminal_batch" rows=8 bytes=147896
DEBUG kasumi_engine::restore_phase: restore phase timing event="restore_phase_ended" phase="snapshot.terminal_batch" phase_id=75 elapsed_ms=577 outcome="succeeded"
DEBUG kasumi_engine::restore_phase: restore phase timing event="restore_phase_started" phase="snapshot.terminal_batch" phase_id=76 elapsed_ms=0 outcome="started"
DEBUG kasumi_engine::restore_phase: restore terminal staging batch event="snapshot_terminal_batch" rows=8 bytes=147896
DEBUG kasumi_engine::restore_phase: restore phase timing event="restore_phase_ended" phase="snapshot.terminal_batch" phase_id=76 elapsed_ms=540 outcome="succeeded"
DEBUG kasumi_engine::restore_phase: restore phase timing event="restore_phase_started" phase="snapshot.terminal_batch" phase_id=77 elapsed_ms=0 outcome="started"
DEBUG kasumi_engine::restore_phase: restore terminal staging batch event="snapshot_terminal_batch" rows=8 bytes=147896
DEBUG kasumi_engine::restore_phase: restore phase timing event="restore_phase_ended" phase="snapshot.terminal_batch" phase_id=77 elapsed_ms=523 outcome="succeeded"
DEBUG kasumi_engine::restore_phase: restore phase timing event="restore_phase_started" phase="snapshot.terminal_batch" phase_id=78 elapsed_ms=0 outcome="started"
DEBUG kasumi_engine::restore_phase: restore terminal staging batch event="snapshot_terminal_batch" rows=8 bytes=147896
DEBUG kasumi_engine::restore_phase: restore phase timing event="restore_phase_ended" phase="snapshot.terminal_batch" phase_id=78 elapsed_ms=618 outcome="succeeded"
DEBUG kasumi_engine::restore_phase: restore phase timing event="restore_phase_started" phase="snapshot.terminal_batch" phase_id=79 elapsed_ms=0 outcome="started"
DEBUG kasumi_engine::restore_phase: restore terminal staging batch event="snapshot_terminal_batch" rows=8 bytes=147896
DEBUG kasumi_engine::restore_phase: restore phase timing event="restore_phase_ended" phase="snapshot.terminal_batch" phase_id=79 elapsed_ms=548 outcome="succeeded"
DEBUG kasumi_engine::restore_phase: restore phase timing event="restore_phase_started" phase="snapshot.terminal_batch" phase_id=80 elapsed_ms=0 outcome="started"
DEBUG kasumi_engine::restore_phase: restore terminal staging batch event="snapshot_terminal_batch" rows=8 bytes=147896
DEBUG kasumi_engine::restore_phase: restore phase timing event="restore_phase_ended" phase="snapshot.terminal_batch" phase_id=80 elapsed_ms=216 outcome="succeeded"
DEBUG kasumi_engine::restore_phase: restore phase timing event="restore_phase_started" phase="snapshot.terminal_batch" phase_id=81 elapsed_ms=0 outcome="started"
DEBUG kasumi_engine::restore_phase: restore terminal staging batch event="snapshot_terminal_batch" rows=8 bytes=147896
DEBUG kasumi_engine::restore_phase: restore phase timing event="restore_phase_ended" phase="snapshot.terminal_batch" phase_id=81 elapsed_ms=5383 outcome="succeeded"
DEBUG kasumi_engine::restore_phase: restore phase timing event="restore_phase_started" phase="snapshot.terminal_batch" phase_id=82 elapsed_ms=0 outcome="started"
DEBUG kasumi_engine::restore_phase: restore terminal staging batch event="snapshot_terminal_batch" rows=8 bytes=147916
DEBUG kasumi_engine::restore_phase: restore phase timing event="restore_phase_ended" phase="snapshot.terminal_batch" phase_id=82 elapsed_ms=2234 outcome="succeeded"
DEBUG kasumi_engine::restore_phase: restore phase timing event="restore_phase_started" phase="snapshot.terminal_batch" phase_id=83 elapsed_ms=0 outcome="started"
DEBUG kasumi_engine::restore_phase: restore terminal staging batch event="snapshot_terminal_batch" rows=8 bytes=147928
DEBUG kasumi_engine::restore_phase: restore phase timing event="restore_phase_ended" phase="snapshot.terminal_batch" phase_id=83 elapsed_ms=4254 outcome="succeeded"
DEBUG kasumi_engine::restore_phase: restore phase timing event="restore_phase_started" phase="snapshot.terminal_batch" phase_id=84 elapsed_ms=0 outcome="started"
DEBUG kasumi_engine::restore_phase: restore terminal staging batch event="snapshot_terminal_batch" rows=8 bytes=147928
DEBUG kasumi_engine::restore_phase: restore phase timing event="restore_phase_ended" phase="snapshot.terminal_batch" phase_id=84 elapsed_ms=3384 outcome="succeeded"
DEBUG kasumi_engine::restore_phase: restore phase timing event="restore_phase_started" phase="snapshot.terminal_batch" phase_id=85 elapsed_ms=0 outcome="started"
DEBUG kasumi_engine::restore_phase: restore terminal staging batch event="snapshot_terminal_batch" rows=8 bytes=147928
DEBUG kasumi_engine::restore_phase: restore phase timing event="restore_phase_ended" phase="snapshot.terminal_batch" phase_id=85 elapsed_ms=1690 outcome="succeeded"
DEBUG kasumi_engine::restore_phase: restore phase timing event="restore_phase_started" phase="snapshot.terminal_batch" phase_id=86 elapsed_ms=0 outcome="started"
DEBUG kasumi_engine::restore_phase: restore terminal staging batch event="snapshot_terminal_batch" rows=8 bytes=147928
DEBUG kasumi_engine::restore_phase: restore phase timing event="restore_phase_ended" phase="snapshot.terminal_batch" phase_id=86 elapsed_ms=1251 outcome="succeeded"
DEBUG kasumi_engine::restore_phase: restore phase timing event="restore_phase_started" phase="snapshot.terminal_batch" phase_id=87 elapsed_ms=0 outcome="started"
DEBUG kasumi_engine::restore_phase: restore terminal staging batch event="snapshot_terminal_batch" rows=8 bytes=147928
DEBUG kasumi_engine::restore_phase: restore phase timing event="restore_phase_ended" phase="snapshot.terminal_batch" phase_id=87 elapsed_ms=1291 outcome="succeeded"
DEBUG kasumi_engine::restore_phase: restore phase timing event="restore_phase_started" phase="snapshot.terminal_batch" phase_id=88 elapsed_ms=0 outcome="started"
DEBUG kasumi_engine::restore_phase: restore terminal staging batch event="snapshot_terminal_batch" rows=8 bytes=147928
DEBUG kasumi_engine::restore_phase: restore phase timing event="restore_phase_ended" phase="snapshot.terminal_batch" phase_id=88 elapsed_ms=1543 outcome="succeeded"
DEBUG kasumi_engine::restore_phase: restore phase timing event="restore_phase_started" phase="snapshot.terminal_batch" phase_id=89 elapsed_ms=0 outcome="started"
DEBUG kasumi_engine::restore_phase: restore terminal staging batch event="snapshot_terminal_batch" rows=8 bytes=147928
DEBUG kasumi_engine::restore_phase: restore phase timing event="restore_phase_ended" phase="snapshot.terminal_batch" phase_id=89 elapsed_ms=1126 outcome="succeeded"
DEBUG kasumi_engine::restore_phase: restore phase timing event="restore_phase_ended" phase="public_restore.wait" phase_id=66 elapsed_ms=60002 remaining_ms=0 outcome="unfinished"

thread 'state::snapshot_bundle::tests::public_restore_admits_resident_state_without_charging_permanent_stream_as_ram' (23729765) panicked at crates/kasumi-engine/src/snapshot_bundle.rs:1179:14:
called `Result::unwrap()` on an `Err` value: Error { code: Corruption, message: "backup verification deadline expired" }
note: run with `RUST_BACKTRACE=1` environment variable to display a backtrace
DEBUG kasumi_engine::restore_phase: restore phase timing event="restore_phase_ended" phase="public_restore.decode" phase_id=68 elapsed_ms=59239 remaining_ms=0 outcome="unfinished"
test state::snapshot_bundle::tests::public_restore_admits_resident_state_without_charging_permanent_stream_as_ram ... FAILED

failures:

failures:
    state::snapshot_bundle::tests::public_restore_admits_resident_state_without_charging_permanent_stream_as_ram

test result: FAILED. 0 passed; 1 failed; 0 ignored; 0 measured; 643 filtered out; finished in 114.82s

error: test failed, to rerun pass `-p kasumi-engine --lib`
     Running unittests src/lib.rs (target/disk-backed-cache/debug/deps/kasumi_kv-221aa5373d25965b)

running 0 tests

test result: ok. 0 passed; 0 failed; 0 ignored; 0 measured; 551 filtered out; finished in 0.00s

     Running unittests src/lib.rs (target/disk-backed-cache/debug/deps/kasumi_raft-8af78bc0d2a8574c)

running 0 tests

test result: ok. 0 passed; 0 failed; 0 ignored; 0 measured; 182 filtered out; finished in 0.00s

     Running unittests src/lib.rs (target/disk-backed-cache/debug/deps/kasumi_store-4ef75ebdc018c368)

running 0 tests

test result: ok. 0 passed; 0 failed; 0 ignored; 0 measured; 717 filtered out; finished in 0.00s

error: 1 target failed:
    `-p kasumi-engine --lib`
Runner: 115.44s; exit=101; matching=1546/1546
