Command: cargo test --locked --offline --config profile.test.package.kasumi-kv.opt-level=3 --config profile.test.package.sha2.opt-level=3 -p kasumi-kv --doc source_funding -- --nocapture
CARGO_TARGET_DIR=target/disk-backed-cache
   Compiling kasumi-kv v0.1.0 (/Users/takemiyamakoto/dev/kasumi/crates/kasumi-kv)
    Finished `test` profile [unoptimized + debuginfo] target(s) in 10.66s
   Doc-tests kasumi_kv

running 3 tests
error: cannot construct `SourcePoolInstall<'_>` with struct literal syntax due to private fields
   --> crates/kasumi-kv/src/source_funding.rs:189:9
    |
189 | let _ = kasumi_kv::SourcePoolInstall {};
    |         ^^^^^^^^^^^^^^^^^^^^^^^^^^^^

error: aborting due to 1 previous error

test crates/kasumi-kv/src/source_funding.rs - retained::source_funding::SourcePoolInstall (line 187) - compile fail ... ok
error: cannot construct `NativeSourceFunding` with struct literal syntax due to private fields
   --> crates/kasumi-kv/src/source_funding.rs:708:9
    |
708 | let _ = kasumi_kv::NativeSourceFunding {};
    |         ^^^^^^^^^^^^^^^^^^^^^^^^^^^^^^

error: aborting due to 1 previous error

test crates/kasumi-kv/src/source_funding.rs - retained::source_funding::NativeSourceFunding (line 706) - compile fail ... ok
error: cannot construct `SourceChildPermit<'_>` with struct literal syntax due to private fields
   --> crates/kasumi-kv/src/source_funding.rs:321:9
    |
321 | let _ = kasumi_kv::SourceChildPermit {};
    |         ^^^^^^^^^^^^^^^^^^^^^^^^^^^^

error: aborting due to 1 previous error

test crates/kasumi-kv/src/source_funding.rs - retained::source_funding::SourceChildPermit (line 319) - compile fail ... ok

test result: ok. 3 passed; 0 failed; 0 ignored; 0 measured; 0 filtered out; finished in 0.50s

Runner: 12.01s; exit=0; matching=814/814
