Command: cargo test --locked --offline --config profile.test.package.kasumi-kv.opt-level=3 --config profile.test.package.sha2.opt-level=3 -p kasumi-engine --all-features --lib state::primary_projection::tests::primary_cow_ -- --nocapture
CARGO_TARGET_DIR=target/disk-backed-cache
   Compiling kasumi-engine v0.1.0 (/Users/takemiyamakoto/dev/kasumi/crates/kasumi-engine)
warning: variant `Mutation` is never constructed
  --> crates/kasumi-engine/src/security_audit_jobs.rs:26:5
   |
24 | enum JobEffect {
   |      --------- variant in this enum
25 |     Read,
26 |     Mutation(&'static str),
   |     ^^^^^^^^
   |
   = note: `JobEffect` has a derived impl for the trait `Clone`, but this is intentionally ignored during dead code analysis
   = note: `#[warn(dead_code)]` (part of `#[warn(unused)]`) on by default

warning: struct `ReadPause` is never constructed
  --> crates/kasumi-engine/src/security_audit_jobs.rs:57:19
   |
57 | pub(super) struct ReadPause {
   |                   ^^^^^^^^^

warning: method `run_mutation` is never used
   --> crates/kasumi-engine/src/security_audit_jobs.rs:120:25
    |
 62 | impl SecurityAudit {
    | ------------------ method in this implementation
...
120 |     pub(super) async fn run_mutation<T, F, R>(&self, component: &'static str, run: R) -> Result<T>
    |                         ^^^^^^^^^^^^

warning: `kasumi-engine` (lib) generated 3 warnings
error[E0599]: no method named `poll_drain` found for struct `Strong<application_sources::SourceRoots>` in the current scope
   --> crates/kasumi-engine/src/primary_projection_tests.rs:311:46
    |
311 |         std::future::poll_fn(|cx| self.roots.poll_drain(cx)).await?;
    |                                              ^^^^^^^^^^ method not found in `Strong<application_sources::SourceRoots>`
    |
   ::: crates/kasumi-raft/src/snapshot_buffer.rs:118:8
    |
118 |     fn poll_drain(&self, cx: &mut Context<'_>) -> Poll<DrainResult>;
    |        ---------- the method is available for `Strong<application_sources::SourceRoots>` here
    |
   ::: crates/kasumi-engine/src/application_source_ownership.rs:34:1
    |
 34 | pub(crate) struct Strong<T> {
    | --------------------------- method `poll_drain` not found for this struct
    |
    = help: items from traits can only be used if the trait is in scope
help: trait `ApplicationSourceCustody` which provides `poll_drain` is implemented but not in scope; perhaps you want to import it
    |
  3 + use kasumi_raft::ApplicationSourceCustody;
    |

error[E0624]: method `selector` is private
   --> crates/kasumi-engine/src/primary_stage_edit.rs:90:34
    |
 90 |                 let selected = r.selector()?;
    |                                  ^^^^^^^^ private method
    |
   ::: crates/kasumi-engine/src/primary_stage_baseline.rs:228:5
    |
228 |     fn selector(&mut self) -> Result<Selector> {
    |     ------------------------------------------ private method defined here

error[E0624]: method `gc_record` is private
   --> crates/kasumi-engine/src/primary_stage_edit.rs:92:28
    |
 92 |                 let gc = r.gc_record()?;
    |                            ^^^^^^^^^ private method
    |
   ::: crates/kasumi-engine/src/primary_stage_baseline.rs:233:5
    |
233 |     fn gc_record(&mut self) -> Result<GcState> {
    |     ------------------------------------------ private method defined here

error[E0624]: method `selector` is private
   --> crates/kasumi-engine/src/primary_stage_edit.rs:115:23
    |
115 |                     r.selector()? == selected,
    |                       ^^^^^^^^ private method
    |
   ::: crates/kasumi-engine/src/primary_stage_baseline.rs:228:5
    |
228 |     fn selector(&mut self) -> Result<Selector> {
    |     ------------------------------------------ private method defined here

error[E0624]: method `stage_page` is private
   --> crates/kasumi-engine/src/primary_stage_edit.rs:230:37
    |
230 |                       let encoded = r.stage_page(
    |                                       ^^^^^^^^^^ private method
    |
   ::: crates/kasumi-engine/src/primary_stage_fixed.rs:40:5
    |
 40 | /     fn stage_page(
 41 | |         &mut self,
 42 | |         tree: [u8; 16],
 43 | |         generation: u64,
 44 | |         level: u8,
 45 | |         entries: &[Entry<'_>],
 46 | |     ) -> Result<EncodedPage> {
    | |____________________________- private method defined here

error[E0624]: method `stage_manifest` is private
   --> crates/kasumi-engine/src/primary_stage_edit.rs:250:35
    |
250 |                 let reference = r.stage_manifest(manifest)?;
    |                                   ^^^^^^^^^^^^^^ private method
    |
   ::: crates/kasumi-engine/src/primary_stage_fixed.rs:76:5
    |
 76 |     fn stage_manifest(&mut self, manifest: Manifest) -> Result<ManifestRef> {
    |     ----------------------------------------------------------------------- private method defined here

error[E0624]: method `selector` is private
   --> crates/kasumi-engine/src/primary_stage_edit.rs:474:18
    |
474 |             && r.selector()? == prior.selector,
    |                  ^^^^^^^^ private method
    |
   ::: crates/kasumi-engine/src/primary_stage_baseline.rs:228:5
    |
228 |     fn selector(&mut self) -> Result<Selector> {
    |     ------------------------------------------ private method defined here

warning: unused import: `Context`
  --> crates/kasumi-engine/src/primary_projection_tests.rs:17:14
   |
17 | use anyhow::{Context as _, Result};
   |              ^^^^^^^
   |
   = note: `#[warn(unused_imports)]` (part of `#[warn(unused)]`) on by default

error[E0506]: cannot assign to `frame.next` because it is borrowed
   --> crates/kasumi-engine/src/primary_stage_verify.rs:338:9
    |
313 |             frame.expected(collection.manifest.tree_id),
    |             ----- `frame.next` is borrowed here
...
338 |         frame.next += 1;
    |         ^^^^^^^^^^^^^^^ `frame.next` is assigned to here but it was already borrowed
...
346 |                 let upper = page
    |                             ---- borrow later used here

Some errors have detailed explanations: E0506, E0599, E0624.
For more information about an error, try `rustc --explain E0506`.
warning: `kasumi-engine` (lib test) generated 1 warning
error: could not compile `kasumi-engine` (lib test) due to 8 previous errors; 1 warning emitted
Runner: 89.18s; exit=101; matching=821/821
