warning: variant `Mutation` is never constructed
  --> crates/kasumi-engine/src/security_audit_jobs.rs:26:5
   |
24 | enum JobEffect {
   |      --------- variant in this enum
25 |     Read,
26 |     Mutation(&'static str),
   |     ^^^^^^^^
   |
   = note: `JobEffect` has a derived impl for the trait `Clone`, but this is intentionally ignored during dead code analysis
   = note: `#[warn(dead_code)]` (part of `#[warn(unused)]`) on by default

warning: struct `ReadPause` is never constructed
  --> crates/kasumi-engine/src/security_audit_jobs.rs:57:19
   |
57 | pub(super) struct ReadPause {
   |                   ^^^^^^^^^

warning: method `run_mutation` is never used
   --> crates/kasumi-engine/src/security_audit_jobs.rs:120:25
    |
 62 | impl SecurityAudit {
    | ------------------ method in this implementation
...
120 |     pub(super) async fn run_mutation<T, F, R>(&self, component: &'static str, run: R) -> Result<T>
    |                         ^^^^^^^^^^^^

warning: `kasumi-engine` (lib) generated 3 warnings
    Finished `test` profile [unoptimized + debuginfo] target(s) in 1.19s
     Running tests/staged_transactions.rs (target/disk-backed-cache/debug/deps/staged_transactions-0d2d120c0961171d)

running 2 tests
test complete_large_read_set_and_append_only_rules_reject_all_effects_atomically ... ok
test large_transaction_stays_invisible_then_publishes_one_generation_and_permanent_receipt ... ok

test result: ok. 2 passed; 0 failed; 0 ignored; 0 measured; 9 filtered out; finished in 15.09s

