Command: cargo test --locked --offline --config profile.test.package.kasumi-kv.opt-level=3 --config profile.test.package.sha2.opt-level=3 -p kasumi-engine -p kasumi-raft -p kasumi-authority --all-features --lib -- ordinary_completion_ selected_sources_ application_sources::tests::allocation_tails:: application_sources::tests::quote_tests:: ordered_command_ primary_cow_ foreign_equal_policy_core_is_rejected_before_bootstrap_or_raft_startup primary_stage_partial_attempt_resumes_after_actual_encrypted_reopen prefixed_recovery_replay_requires_exact_current_writer_bytes noncanonical_target_envelope_is_rejected_before_state_change failed_prune_publication_keeps_selected_prefix_and_replays_staged_archive apply_publication::completion_tests:: apply_failure::tests:: apply_publication::tests:: storage::tests::apply_publication_tests:: startup_owner_tests:: snapshot_buffer::application_source_custody_tests:: state::apply_publication_tests::
CARGO_TARGET_DIR=target/disk-backed-cache
   Compiling kasumi-store v0.1.0 (/Users/takemiyamakoto/dev/kasumi/crates/kasumi-store)
   Compiling kasumi-raft v0.1.0 (/Users/takemiyamakoto/dev/kasumi/crates/kasumi-raft)
   Compiling kasumi-engine v0.1.0 (/Users/takemiyamakoto/dev/kasumi/crates/kasumi-engine)
warning: variant `Mutation` is never constructed
  --> crates/kasumi-engine/src/security_audit_jobs.rs:26:5
   |
24 | enum JobEffect {
   |      --------- variant in this enum
25 |     Read,
26 |     Mutation(&'static str),
   |     ^^^^^^^^
   |
   = note: `JobEffect` has a derived impl for the trait `Clone`, but this is intentionally ignored during dead code analysis
   = note: `#[warn(dead_code)]` (part of `#[warn(unused)]`) on by default

warning: struct `ReadPause` is never constructed
  --> crates/kasumi-engine/src/security_audit_jobs.rs:57:19
   |
57 | pub(super) struct ReadPause {
   |                   ^^^^^^^^^

warning: method `run_mutation` is never used
   --> crates/kasumi-engine/src/security_audit_jobs.rs:120:25
    |
 62 | impl SecurityAudit {
    | ------------------ method in this implementation
...
120 |     pub(super) async fn run_mutation<T, F, R>(&self, component: &'static str, run: R) -> Result<T>
    |                         ^^^^^^^^^^^^

warning: `kasumi-engine` (lib) generated 3 warnings
   Compiling kasumi-authority v0.1.0 (/Users/takemiyamakoto/dev/kasumi/crates/kasumi-authority)
warning: field `panic` is never read
  --> crates/kasumi-engine/src/security_audit_jobs.rs:52:9
   |
48 | pub(super) struct RecordFault {
   |                   ----------- field in this struct
...
52 |     pub panic: bool,
   |         ^^^^^

warning: `kasumi-engine` (lib test) generated 4 warnings (3 duplicates)
    Finished `test` profile [unoptimized + debuginfo] target(s) in 4m 46s
     Running unittests src/lib.rs (target/disk-backed-cache/debug/deps/kasumi_authority-1aa4395f2a3293d8)

running 8 tests
test state::apply_publication_tests::maintenance_publication_refusal_preserves_original_capacity_and_receipt_absence ... ok
test state::apply_publication_tests::private_partial_writes_are_discarded_when_final_quota_rejects ... ok
test state::apply_publication_tests::effect_and_maintenance_record_decode_failures_never_publish_a_rejection ... ok
test state::apply_publication_tests::metadata_publishes_once_for_future_and_covered_positions ... ok
test state::apply_publication_tests::command_response_and_writes_are_prepared_before_single_guarded_publication ... ok
test state::apply_publication_tests::signer_activation_roster_failure_remains_outer_without_publishing_rejection ... ok
test state::apply_publication_tests::signer_stage_preserves_coverage_rejection_order_and_permanent_replay ... ok
test state::apply_publication_tests::signer_stage_keeps_prepared_roster_private_and_replays_exact_publication ... ok

test result: ok. 8 passed; 0 failed; 0 ignored; 0 measured; 69 filtered out; finished in 23.91s

     Running unittests src/lib.rs (target/disk-backed-cache/debug/deps/kasumi_engine-74277fb015961557)

running 70 tests
test application_sources::tests::allocation_tails::source_view_unique_close_holds_cell_credit_while_arc_backing_retires ... ok
test application_sources::tests::completion_tests::ordinary_completion_drain_registers_before_busy_and_wakes_after_real_guard_release ... ok
test application_sources::tests::allocation_tails::source_failure_actual_error_aliases_hold_credit_through_owner_deallocation ... ok
test application_sources::tests::completion_tests::ordinary_completion_bound_frozen_branch_keeps_source_without_new_preparation ... ok
test application_sources::tests::quote_tests::source_quote_actual_engine_provider_token_is_preclaimed_and_request_is_pure ... ok
test application_sources::tests::completion_tests::ordinary_completion_is_last_selected_owner_through_real_outer_finish ... ok
test application_sources::tests::allocation_tails::source_root_and_credit_arcs_remain_funded_through_actual_deallocation ... ok
test application_sources::tests::completion_tests::ordinary_completion_outer_finish_panic_retains_original_response_after_facade_seal ... ok
test application_sources::tests::quote_tests::source_quote_is_allocation_free_bound_and_covers_real_capture_peak ... ok
test application_sources::tests::allocation_tails::source_cell_concurrent_strong_and_weak_drops_hold_the_actual_credit_tail ... ok
test application_sources::tests::quote_tests::source_quote_covered_planning_uses_actual_format_bound_before_exact_lengths_exist ... ok
test application_sources::tests::quote_tests::source_quote_reader_retained_amount_matches_actual_installed_provider_requests ... ok
test application_sources::tests::completion_tests::ordinary_completion_cancelled_real_group_waiter_keeps_queued_source_and_original ... ok
test application_sources::tests::completion_tests::ordinary_completion_reuses_only_after_real_accept_reject_and_idempotent_finish ... ok
test application_sources::tests::selected_sources_alias_refusal_preserves_later_actual_native_close_failure ... ok
test application_sources::tests::allocation_tails::completion_allocations::ordinary_completion_erased_binding_retires_before_its_actual_credit ... ok
test application_sources::tests::selected_sources_canonical_failure_closes_parent_preserves_original_and_issue ... ok
test application_sources::tests::selected_sources_maintenance_publication_requires_actual_scope_for_owner_and_growth ... ok
test application_sources::tests::selected_sources_capture_finalization_settles_handle_before_retirement ... ok
test application_sources::tests::selected_sources_failed_consuming_close_never_becomes_success_from_none ... ok
test application_sources::tests::primary_stage_tests::primary_stage_partial_attempt_resumes_after_actual_encrypted_reopen ... ok
test application_sources::tests::selected_sources_fork_keeps_exact_old_native_generation_after_parent_retirement ... ok
test application_sources::tests::completion_tests::ordinary_completion_capture_wake_unwind_retires_the_actual_counted_handle ... ok
test application_sources::tests::selected_sources_fork_seal_closes_registered_child_before_releasing_permit ... ok
test application_sources::tests::selected_sources_last_selected_handle_closes_during_ordinary_operation ... ok
test application_sources::tests::allocation_tails::source_binding_box_retires_before_its_real_root_credit ... ok
test state::first_release_command_tests::noncanonical_target_envelope_is_rejected_before_state_change ... ok
test state::first_release_command_tests::prefixed_recovery_replay_requires_exact_current_writer_bytes ... ok
test application_sources::tests::selected_sources_repeated_prospective_callback_is_sticky_and_cancels_queued_reader ... ok
test state::mutation_apply::tests::ordered_input::ordered_command_actual_backend_checks_digest_before_json_and_each_special_prefix ... ok
test state::mutation_apply::tests::ordered_input::ordered_command_actual_byte_binding_success_has_zero_requested_heap ... ok
test application_sources::tests::selected_sources_shutdown_closes_native_parent_with_metadata_alias_alive ... ok
test application_sources::tests::selected_sources_unknown_capture_panic_without_view_never_drains_as_clean ... ok
test application_sources::tests::allocation_tails::completion_allocations::ordinary_completion_constructor_quote_covers_actual_three_allocations ... ok
test application_sources::tests::selected_sources_routine_bounded_read_error_retires_with_original_report_alive ... ok
test application_sources::tests::selected_sources_missing_prospective_callback_never_publishes_generation ... ok
test state::mutation_apply::tests::ordered_input::ordered_command_actual_backend_rejects_raw_digest_before_mutation_or_publication ... ok
test application_sources::tests::selected_sources_prospective_denial_preserves_cursor_generation_and_original_then_retries ... ok
test service::construction::tests::foreign_equal_policy_core_is_rejected_before_bootstrap_or_raft_startup ... FAILED
test application_sources::tests::allocation_tails::source_view_weak_retains_credit_after_unique_native_close ... ok
test application_sources::tests::selected_sources_covered_capture_cannot_settle_after_serving_handoff ... ok
test application_sources::tests::allocation_tails::source_root_weak_retains_shell_credit_after_payload_is_gone ... ok
test state::primary_projection::tests::ordered_command_publication::ordered_command_frozen_refusal_keeps_actual_guard_and_encoded_sealed_outcome ... ok
test application_sources::tests::selected_sources_real_local_startup_publishes_entry_and_drains_surviving_generation ... ok
test state::primary_projection::tests::primary_cow_actual_two_page_working_set_and_retirement_are_precharged ... ok
test state::primary_projection::tests::ordered_command_publication::ordered_command_real_sink_rejects_full_context_substitution_after_preparation ... ok
test application_sources::tests::allocation_tails::completion_allocations::ordinary_completion_cell_and_credit_remain_funded_through_actual_deallocation ... ok
test state::primary_projection::tests::ordered_command_publication::ordered_command_real_sink_publishes_acceptance_rejection_and_idempotent_outcome ... ok
test state::primary_projection::tests::primary_cow_captured_mapping_refuses_valid_alternate_manifest_with_unchanged_selector ... ok
test state::primary_projection::tests::primary_cow_foreign_apply_guard_on_same_store_pair_is_refused_before_pending ... ok
test state::primary_projection::tests::primary_cow_real_slot_refusal_precedes_pending_effects ... ok
test application_sources::tests::selected_sources_actual_snapshot_install_and_encrypted_reopen_preserve_identity ... ok
test state::primary_projection::tests::primary_cow_complete_map_diff_rejects_omitted_id_and_real_multi_id_shape ... ok
test state::primary_projection::tests::publication::primary_cow_actual_durable_ahead_refuses_before_new_attempt ... ok
test application_sources::tests::completion_tests::ordinary_completion_fault_checkpoints_preserve_exact_original_and_source_phase has been running for over 60 seconds
test state::primary_projection::tests::publication::primary_cow_authentic_receipt_rejects_captured_mapping_substitution ... ok
test state::primary_projection::tests::unknown_staging::unknown_publication::primary_cow_unknown_final_publication_reopens_complete_commit_and_refuses_abort ... ok
test state::tenant_audit::tests::failed_prune_publication_keeps_selected_prefix_and_replays_staged_archive ... ok
test state::primary_projection::tests::primary_cow_cancel_during_new_chunks_retains_original_and_pending_is_abortable ... ok
test state::primary_projection::tests::unknown_staging::primary_cow_unknown_staging_reopens_complete_pending_and_chunk_batches ... ok
test state::primary_projection::tests::publication::primary_cow_late_actual_replay_refuses_before_final_effects ... ok
test state::primary_projection::tests::publication::primary_cow_real_publisher_admission_refusal_keeps_exact_final_effects ... ok
test state::primary_projection::tests::primary_cow_baseline_rejects_cross_collection_dto_alias_even_with_same_tree_identity ... ok
test application_sources::tests::completion_tests::ordinary_completion_fault_checkpoints_preserve_exact_original_and_source_phase ... ok
test state::primary_projection::tests::primary_cow_baseline_checks_actual_inventory_count_and_original_cancellation ... ok
test state::primary_projection::tests::publication::primary_cow_closed_factory_retains_cancellation_and_final_grant_refusal ... ok
test state::primary_projection::tests::unknown_staging::unknown_abort::primary_cow_unknown_abort_reopens_complete_progress_resource_and_settlement_batches ... ok
test state::primary_projection::tests::publication::primary_cow_actual_final_effect_allocations_and_baseline_grants_retire_in_order ... ok
test state::primary_projection::tests::primary_cow_abort_rejects_bootstrap_missing_inventory_and_ambiguous_committed_phase has been running for over 60 seconds
test state::primary_projection::tests::primary_cow_actual_accepted_path_is_unselected_and_abort_is_separately_bounded has been running for over 60 seconds
test state::primary_projection::tests::primary_cow_actual_accepted_path_is_unselected_and_abort_is_separately_bounded ... ok
test state::primary_projection::tests::primary_cow_abort_rejects_bootstrap_missing_inventory_and_ambiguous_committed_phase ... ok
test state::primary_projection::tests::publication::primary_cow_two_real_publications_preserve_old_pin_and_commit_five_effects has been running for over 60 seconds
test state::primary_projection::tests::publication::primary_cow_two_real_publications_preserve_old_pin_and_commit_five_effects ... ok

failures:

---- service::construction::tests::foreign_equal_policy_core_is_rejected_before_bootstrap_or_raft_startup stdout ----

thread 'service::construction::tests::foreign_equal_policy_core_is_rejected_before_bootstrap_or_raft_startup' (18488958) panicked at crates/kasumi-engine/src/database_construction_tests.rs:142:9:
assertion `left == right` failed
  left: 121680972
 right: 121656020


failures:
    service::construction::tests::foreign_equal_policy_core_is_rejected_before_bootstrap_or_raft_startup

test result: FAILED. 69 passed; 1 failed; 0 ignored; 0 measured; 529 filtered out; finished in 116.40s

error: test failed, to rerun pass `-p kasumi-engine --lib`
Runner: 426.64s; exit=101; matching=845/845
