Command: cargo test -p kasumi-query --lib --all-features --locked --offline
ISOLATED_SOURCE=/tmp/kasumi-source-cohort-validation-v1
CARGO_TARGET_DIR=/Users/takemiyamakoto/dev/kasumi/target/disk-backed-cache
    Blocking waiting for file lock on package cache
    Blocking waiting for file lock on package cache
   Compiling smallvec v1.16.0
   Compiling syn v2.0.119
   Compiling errno v0.3.14
   Compiling displaydoc v0.2.7
   Compiling ring v0.17.14
   Compiling http v1.5.0
   Compiling time v0.3.55
   Compiling ownedbytes v0.9.0 (/private/tmp/kasumi-source-cohort-validation-v1/vendor/ownedbytes-0.9.0)
   Compiling form_urlencoded v1.2.2
   Compiling futures-util v0.3.34
   Compiling bon v3.10.0
   Compiling sha2 v0.10.9
   Compiling rustix v1.1.4
   Compiling parking_lot_core v0.9.12
   Compiling ureq-proto v0.6.1
   Compiling rustls v0.23.43
   Compiling parking_lot v0.12.5
   Compiling xattr v1.6.1
   Compiling tempfile v3.27.0
   Compiling fs4 v0.13.1
   Compiling tantivy-common v0.11.0
   Compiling referencing v0.52.1
   Compiling rustls-webpki v0.103.15
   Compiling synstructure v0.13.2
   Compiling munge_macro v0.4.7
   Compiling strum_macros v0.28.0
   Compiling tar v0.4.46
   Compiling tantivy-sstable v0.7.0
   Compiling tantivy-stacker v0.7.0
   Compiling munge v0.4.7
   Compiling zerofrom-derive v0.1.7
   Compiling yoke-derive v0.8.2
   Compiling strum v0.28.0
   Compiling rkyv v0.8.18
   Compiling tantivy-columnar v0.7.0
   Compiling zerofrom v0.1.8
   Compiling jsonschema v0.52.1
   Compiling yoke v0.8.3
   Compiling zerovec v0.11.8
   Compiling zerotrie v0.2.5
   Compiling tantivy v0.26.1
   Compiling lindera-dictionary v5.3.0 (/private/tmp/kasumi-source-cohort-validation-v1/vendor/lindera-dictionary-5.3.0)
   Compiling tinystr v0.8.4
   Compiling potential_utf v0.1.6
   Compiling ureq v3.4.0
   Compiling icu_collections v2.3.0
   Compiling icu_locale_core v2.3.0
   Compiling icu_provider v2.3.1
   Compiling icu_properties v2.3.0
   Compiling icu_normalizer v2.3.0
   Compiling idna_adapter v1.2.2
   Compiling lindera-ipadic v5.3.0
   Compiling idna v1.1.0
   Compiling url v2.5.8
   Compiling kasumi-types v0.1.0 (/private/tmp/kasumi-source-cohort-validation-v1/crates/kasumi-types)
   Compiling lindera v5.3.0
   Compiling lindera-analysis v5.3.0
   Compiling lindera-tantivy v5.0.1
   Compiling kasumi-query v0.1.0 (/private/tmp/kasumi-source-cohort-validation-v1/crates/kasumi-query)
    Finished `test` profile [unoptimized + debuginfo] target(s) in 51.39s
     Running unittests src/lib.rs (/Users/takemiyamakoto/dev/kasumi/target/disk-backed-cache/debug/deps/kasumi_query-afbb55dd45d980ea)

running 95 tests
test allocation::tests::allocation_overflow_and_invalid_page_ranges_fail_closed ... ok
test cancellation::tests::cancellation_during_sort_stops_comparisons ... ok
test allocation::tests::pointer_preserves_escaped_unicode_empty_and_array_semantics ... ok
test document_source_tests::borrowed_projection_wire_accounting_matches_owned_rows_before_clone ... ok
test document_source_tests::source_identity_includes_owner_type_and_all_scope_fields ... ok
test cancellation::tests::sort_matches_reference_with_duplicates ... ok
test document_source_tests::indexed_planning_requires_explicit_admission_before_candidate_allocation ... ok
test document_source_tests::cancellation_after_source_read_prevents_lending_or_next_read ... ok
test document_source_tests::fixture_headers_are_exclusive_and_deduplicate_verified_hydration ... ok
test document_source_tests::lending_rejects_foreign_indexes_before_read_and_owner_switches_across_loans ... ok
test document_source_tests::workspace_denial_keeps_prior_typed_output_as_the_next_query_baseline ... ok
test document_source_tests::expected_version_is_checked_before_archived_hydration_dispatch ... ok
test document_source_tests::canceled_completed_loan_and_missing_selected_version_discard_partial_results ... ok
test document_source_tests::lending_source_error_retains_the_original_owner ... ok
test document_source_tests::candidate_id_output_retains_only_its_admitted_vector_and_string_backing ... ok
test document_source_tests::lending_rejects_wrong_output_version_and_unhydrated_archive ... ok
test document_source_tests::query_candidate_and_output_loans_are_explicit_scans ... ok
test document_source_tests::lending_scan_sort_projection_and_aggregate_reload_exact_versions_without_truncation ... ok
test index_input_tests::checked_inputs_reject_unordered_ids_cross_scope_and_changed_replay_versions ... ok
test index_input_tests::paired_delta_loans_allow_atomic_swaps_and_match_full_rebuild ... ok
test index_input_tests::second_unique_pass_preserves_original_source_failure_and_published_indexes ... ok
test index_input_tests::archived_rows_preserve_unique_keys_and_logical_ids_during_transition ... ok
test index_key::values::tests::borrowed_index_archives_use_exact_indexed_fields_without_hydration ... ok
test index_key::tests::tail_read_failure_preserves_exact_original_despite_known_early_order ... ok
test index_key::values::tests::borrowed_index_pointer_uses_fixed_backing_and_matches_canonical_json_pointer ... ok
test document_source_tests::many_small_json_members_require_owned_nodes_before_the_row_clone ... ok
test index_key::tests::differing_prefix_does_not_skip_tail_digest_utf8_or_canonical_validation ... ok
test index_key::values::tests::borrowed_index_values_preserve_presence_empty_arrays_and_fixed_distinct_order ... ok
test index_key::values::tests::borrowed_unique_tuple_keeps_null_sparse_errors_exact_numbers_and_long_strings ... ok
test index_key::values::tests::borrowed_index_values_match_existing_scalar_and_array_error_semantics ... ok
test document_source_tests::long_string_sort_key_is_admitted_even_when_projection_is_tiny ... ok
test document_source_tests::overlapping_projection_paths_each_keep_their_complete_owned_clone ... ok
test tests::average_is_half_even_at_requested_scale_including_negative_ties ... ok
test tests::aggregate_validation_and_empty_collection_are_data_independent ... ok
test tests::candidate_group_and_response_budgets_fail_closed ... ok
test tests::engine_owns_pagination_and_query_does_not_truncate_snapshot ... ok
test tests::declared_indexes_and_explicit_scan_admission_are_enforced ... ok
test tests::decimal_sort_range_and_sum_preserve_more_than_f64_precision ... ok
test tests::generation_validator_never_substitutes_for_changed_or_foreign_schema ... ok
test search::lending_tests::text_pair_detection_preserves_live_presence_and_selected_field_semantics ... ok
test search::lending_tests::text_preparation_failure_stays_private_but_materialization_failure_fences_writer ... ok
test tests::groups_distinguish_absent_and_null_and_skip_empty_numeric_inputs ... ok
test search::lending_tests::private_text_build_preserves_source_error_and_skips_archived_rows ... ok
test tests::generation_validator_preserves_document_shape_typed_index_and_text_limits ... ok
test tests::english_terms_stem_but_prefix_uses_surface_tokens_and_phrase_has_positions ... ok
test tests::incremental_unique_indexes_allow_atomic_swaps_and_reject_conflicts ... ok
test tests::invalid_queries_fail_without_hits_and_json_recursion_is_bounded ... ok
test tests::json_pointer_escapes_and_invalid_pointers ... ok
test tests::missing_null_empty_array_and_projection_remain_distinct ... ok
test tests::oversized_text_is_rejected_during_document_validation ... ok
test tests::schema_202012_local_refs_and_exact_numeric_constraints ... ok
test tests::schemas_never_resolve_remote_or_file_resources_or_rebase_fragments ... ok
test tests::shared_document_representation_preserves_snapshot_bytes_and_historical_values ... ok
test index_key::tests::decimal_grammar_and_normalization_match_current_bigdecimal_parser ... ok
test tests::indexed_boolean_filters_match_independent_reference_evaluator ... ok
test tests::generation_validators_survive_cache_eviction_without_recompiling_or_retaining_plaintext ... ok
test index_key::values::tests::borrowed_index_values_validate_array_tail_and_keep_exact_4096_bound ... ok
test tests::unique_indexes_are_compound_exact_and_sparse_only_for_missing ... ok
test tests::fuzzy_distance_and_expansion_limits_are_enforced ... ok
test tests::validator_cache_does_not_retain_tenant_plaintext_after_generation_drop ... ok
test text_kernel::footprint::tests::text_kernel_footprint_covers_exact_shared_normalization_and_array_boundaries ... ok
test tests::japanese_lindera_terms_phrases_and_fuzzy_typos ... ok
test tests::cooperative_cancellation_discards_partial_index_scan_sort_and_projection_results ... ok
test tests::text_planned_postings_are_bounded_even_when_intersection_has_no_hits ... ok
test text_kernel::runtime::slot::deferred_tests::text_runtime_slot_failed_upgrade_defers_original_relief_reentry_until_unlock ... ok
test text_kernel::runtime::slot::tests::text_runtime_slot_upgrades_only_exact_original_credit_and_replaces_only_expired_owner ... ok
test text_kernel::runtime::slot::tests::text_runtime_slot_last_drop_upgrade_cannot_resurrect_destroying_data ... ok
test text_kernel::runtime::tests::text_runtime_concurrent_last_strong_drop_keeps_grant_through_payload_destruction ... ok
test tests::text_generation_is_immutable_and_reader_is_ready_when_published ... ok
test text_kernel::runtime::tests::text_runtime_refusal_keeps_original_provider_without_loader_or_fingerprint ... ok
test text_kernel::runtime::tests::text_runtime_typed_loader_error_preserves_original_through_repeated_retirement ... ok
test text_query::tests::shared_text_query_keeps_original_token_statistics_and_segment_failures ... ok
test workspace::tests::completed_output_keeps_provider_until_payload_drop_and_handoff ... ok
test workspace::tests::consecutive_scopes_admit_previous_output_as_live_baseline ... ok
test workspace::tests::empty_takes_custody_before_initial_admission_can_fail ... ok
test workspace::tests::growth_denial_and_overflow_leave_the_previous_allowance_intact ... ok
test workspace::tests::initial_baseline_and_estimate_overflow_are_rejected ... ok
test workspace::tests::invalid_output_accounting_destroys_output_without_releasing_peak ... ok
test workspace::tests::nested_scopes_preserve_outer_inputs_and_restore_floors_on_error ... ok
test workspace::tests::unwind_drops_scratch_before_restoring_nested_baseline ... ok
test tests::unicode_nfkc_and_case_normalization_and_ranked_results ... ok
test tests::cooperative_cancellation_stops_text_postings_and_term_expansion ... ok
test index_input_tests::later_collection_rejection_never_advances_an_earlier_shared_text_writer ... ok
test text_kernel::footprint::tests::text_kernel_footprint_preadmits_long_combining_reorder_backing ... ok
test text_kernel::runtime::tests::text_runtime_fingerprint_panic_retains_actual_loaded_dictionary_and_original_payload ... ok
test tests::text_writer_rejects_stale_branches_without_damaging_published_reader ... ok
test tests::unrelated_document_fields_reuse_text_reader_and_definition_change_rebuilds ... ok
test index_key::tests::exact_decimal_order_extrema_and_equal_spellings_match_oracle ... ok
test tests::incremental_text_updates_reuse_index_and_preserve_every_old_snapshot ... ok
test ordered_seek::tests::bounded_named_tuple_seek_examines_only_page_and_lookahead_at_volume ... ok
test ordered_seek::tests::boundaries_request_replay_and_index_requirements_fail_without_scanning ... ok
test tests::incremental_postings_match_rebuild_and_share_unchanged_roots ... ok
test index_key::tests::typed_tuple_order_long_strings_and_all_utf8_chunk_boundaries ... ok
test text_kernel::runtime::tests::text_runtime_tantivy_tokenizer_clones_keep_dictionary_credit_after_runtime_and_index_drop ... ok
test text_kernel::japanese_profile::tests::japanese_profile_pure_quote_counts_binary_pages_heap_and_loader_scratch ... ok

test result: ok. 95 passed; 0 failed; 0 ignored; 0 measured; 0 filtered out; finished in 7.32s

Runner: 58.78s; exit=0; matching=1748/1748
