Command: cargo test --locked --offline --config profile.test.package.kasumi-kv.opt-level=3 --config profile.test.package.sha2.opt-level=3 -p kasumi-kv -p kasumi-store -p kasumi-raft -p kasumi-engine -p kasumi-authority --all-features --lib --no-fail-fast -- snapshot_restore_source_cancel_ snapshot_restore_funding_ validation_baseline_real_prepared_restore_holds_one_checked_apply_owner prepared_restore_rows_retain_actual_native_stage_ prepared_authority_snapshot_retains_actual_records_ owned_prepared_restore_keeps_actual_candidate_ tracked_prepared_restore_retains_same_lease_ snapshot_prepare_image_after_transfer_shutdown_ snapshot_certificate_ --nocapture
ISOLATED_SOURCE=/tmp/kasumi-source-cohort-validation-v1
CARGO_TARGET_DIR=/Users/takemiyamakoto/dev/kasumi/target/disk-backed-cache
   Compiling kasumi-raft v0.1.0 (/private/tmp/kasumi-source-cohort-validation-v1/crates/kasumi-raft)
warning: method `prepare_snapshot` is never used
  --> crates/kasumi-raft/src/non_application_source_capacity.rs:62:19
   |
61 | impl FixedProvider {
   | ------------------ method in this implementation
62 |     pub(crate) fn prepare_snapshot(&self) -> CapacityPreparation {
   |                   ^^^^^^^^^^^^^^^^
   |
   = note: `#[warn(dead_code)]` (part of `#[warn(unused)]`) on by default

warning: variant `SnapshotPublication` is never constructed
  --> crates/kasumi-raft/src/selected_application/plan.rs:35:5
   |
30 | enum AppliedOrigin {
   |      ------------- variant in this enum
...
35 |     SnapshotPublication,
   |     ^^^^^^^^^^^^^^^^^^^
   |
   = note: `AppliedOrigin` has a derived impl for the trait `Clone`, but this is intentionally ignored during dead code analysis

warning: method `observe_snapshot_writes` is never used
   --> crates/kasumi-raft/src/selected_application/control_memory.rs:274:19
    |
263 | impl ControlMemory {
    | ------------------ method in this implementation
...
274 |     pub(super) fn observe_snapshot_writes(
    |                   ^^^^^^^^^^^^^^^^^^^^^^^

warning: associated functions `for_publication` and `at` are never used
  --> crates/kasumi-raft/src/selected_application/snapshot_source_envelope.rs:23:19
   |
18 | impl PreparedSnapshotSourceEnvelope {
   | ----------------------------------- associated functions in this implementation
...
23 |     pub(crate) fn for_publication(
   |                   ^^^^^^^^^^^^^^^
...
39 |     fn at(
   |        ^^

warning: function `write_effect` is never used
   --> crates/kasumi-raft/src/selected_application/snapshot_source_envelope.rs:235:4
    |
235 | fn write_effect<'a>(
    |    ^^^^^^^^^^^^

warning: function `prospective_bound` is never used
   --> crates/kasumi-raft/src/selected_application/snapshot_source_envelope.rs:253:4
    |
253 | fn prospective_bound(
    |    ^^^^^^^^^^^^^^^^^

warning: function `prospective_record` is never used
   --> crates/kasumi-raft/src/selected_application/snapshot_source_envelope.rs:279:4
    |
279 | fn prospective_record<'a>(
    |    ^^^^^^^^^^^^^^^^^^

warning: variant `Freezing` is never constructed
  --> crates/kasumi-raft/src/snapshot_buffer.rs:32:5
   |
29 | enum Backing {
   |      ------- variant in this enum
...
32 |     Freezing(Option<Box<EncryptedSpool>>),
   |     ^^^^^^^^
   |
   = note: `Backing` has a derived impl for the trait `Debug`, but this is intentionally ignored during dead code analysis

warning: variant `Freeze` is never constructed
  --> crates/kasumi-raft/src/snapshot_buffer.rs:39:5
   |
36 | enum Completion {
   |      ---------- variant in this enum
...
39 |     Freeze,
   |     ^^^^^^
   |
   = note: `Completion` has a derived impl for the trait `Debug`, but this is intentionally ignored during dead code analysis

warning: variant `Freeze` is never constructed
  --> crates/kasumi-raft/src/snapshot_buffer.rs:46:5
   |
43 | enum Kind {
   |      ---- variant in this enum
...
46 |     Freeze,
   |     ^^^^^^
   |
   = note: `Kind` has a derived impl for the trait `Debug`, but this is intentionally ignored during dead code analysis

warning: method `prepare_fixed_snapshot_capacity` is never used
   --> crates/kasumi-raft/src/snapshot_buffer.rs:378:19
    |
302 | impl SnapshotBufferOwner {
    | ------------------------ method in this implementation
...
378 |     pub(crate) fn prepare_fixed_snapshot_capacity(
    |                   ^^^^^^^^^^^^^^^^^^^^^^^^^^^^^^^

warning: method `prepare_image` is never used
    --> crates/kasumi-raft/src/snapshot_buffer.rs:1403:25
     |
1348 | impl SnapshotBuffer {
     | ------------------- method in this implementation
...
1403 |     pub(crate) async fn prepare_image(&mut self) -> io::Result<SnapshotImage> {
     |                         ^^^^^^^^^^^^^

warning: method `source_capacity_seed` is never used
   --> crates/kasumi-raft/src/snapshot_custody.rs:102:19
    |
 99 | impl SnapshotRetirement {
    | ----------------------- method in this implementation
...
102 |     pub(crate) fn source_capacity_seed(&self) -> &[u8] {
    |                   ^^^^^^^^^^^^^^^^^^^^

warning: method `prepare_engine_publication` is never used
    --> crates/kasumi-raft/src/storage.rs:1068:19
     |
1037 | impl PendingSnapshot {
     | -------------------- method in this implementation
...
1068 |     pub(crate) fn prepare_engine_publication<'backend>(
     |                   ^^^^^^^^^^^^^^^^^^^^^^^^^^

warning: enum `SnapshotPublicationPhase` is never used
    --> crates/kasumi-raft/src/storage.rs:1122:6
     |
1122 | enum SnapshotPublicationPhase {
     |      ^^^^^^^^^^^^^^^^^^^^^^^^

warning: struct `PreparedEngineSnapshotPublication` is never constructed
    --> crates/kasumi-raft/src/storage.rs:1128:19
     |
1128 | pub(crate) struct PreparedEngineSnapshotPublication<'backend> {
     |                   ^^^^^^^^^^^^^^^^^^^^^^^^^^^^^^^^^

warning: methods `source` and `publish` are never used
    --> crates/kasumi-raft/src/storage.rs:1138:19
     |
1137 | impl PreparedEngineSnapshotPublication<'_> {
     | ------------------------------------------ methods in this implementation
1138 |     pub(crate) fn source(&self) -> &crate::PreparedSnapshotSourceEnvelope {
     |                   ^^^^^^
...
1141 |     pub(crate) fn publish(&mut self, domains: &TenantStorageSet) -> Result<()> {
     |                   ^^^^^^^

warning: struct `OwnedControlGuard` is never constructed
   --> crates/kasumi-raft/src/storage/control_gate.rs:107:19
    |
107 | pub(crate) struct OwnedControlGuard {
    |                   ^^^^^^^^^^^^^^^^^

warning: method `require_gate` is never used
   --> crates/kasumi-raft/src/storage/control_gate.rs:114:19
    |
111 | impl OwnedControlGuard {
    | ---------------------- method in this implementation
...
114 |     pub(crate) fn require_gate(&self, gate: &ControlGateRef) -> anyhow::Result<()> {
    |                   ^^^^^^^^^^^^

warning: methods `ptr_eq` and `lock_owned` are never used
   --> crates/kasumi-raft/src/storage/control_gate_registry.rs:106:19
    |
105 | impl ControlGateRef {
    | ------------------- methods in this implementation
106 |     pub(crate) fn ptr_eq(&self, other: &Self) -> bool {
    |                   ^^^^^^
...
112 |     pub(crate) fn lock_owned(&self) -> Result<OwnedControlGuard, super::Poisoned> {
    |                   ^^^^^^^^^^

   Compiling kasumi-engine v0.1.0 (/private/tmp/kasumi-source-cohort-validation-v1/crates/kasumi-engine)
warning: `kasumi-raft` (lib) generated 20 warnings
warning: methods `prepare` and `prepare_kind` are never used
   --> crates/kasumi-engine/src/application_sources.rs:756:19
    |
648 | impl SourceRootsRef {
    | ------------------- methods in this implementation
...
756 |     pub(crate) fn prepare(&self) -> Result<RootPreparation> {
    |                   ^^^^^^^
...
795 |     fn prepare_kind(&self, canonical: bool) -> Result<RootPreparation> {
    |        ^^^^^^^^^^^^
    |
    = note: `#[warn(dead_code)]` (part of `#[warn(unused)]`) on by default

warning: `kasumi-raft` (lib test) generated 2 warnings (2 duplicates)
warning: `kasumi-engine` (lib) generated 1 warning
   Compiling kasumi-authority v0.1.0 (/private/tmp/kasumi-source-cohort-validation-v1/crates/kasumi-authority)
    Finished `test` profile [unoptimized + debuginfo] target(s) in 3m 06s
     Running unittests src/lib.rs (/Users/takemiyamakoto/dev/kasumi/target/disk-backed-cache/debug/deps/kasumi_authority-e63a7f831ec29de9)

running 1 test
test state::snapshot::owned_retirement_tests::prepared_authority_snapshot_retains_actual_records_until_native_batch_drains ... ok

test result: ok. 1 passed; 0 failed; 0 ignored; 0 measured; 77 filtered out; finished in 0.32s

     Running unittests src/lib.rs (/Users/takemiyamakoto/dev/kasumi/target/disk-backed-cache/debug/deps/kasumi_engine-707e7a92ed2be845)

running 5 tests
test namespace_installation::tests::prepared_restore_rows_retain_actual_native_stage_until_accepted_batch_drains ... ok
test application_sources::tests::cohort_tests::snapshot_restore_source_cancel_returns_exact_queued_reader_and_point_loan ... ok
test application_sources::tests::cohort_tests::snapshot_restore_funding_original_panic_remains_in_independent_root_custody ... ok
test application_sources::tests::cohort_tests::snapshot_restore_funding_retirement_stays_counted_during_actual_callback ... ok
test state::validation_baseline_tests::validation_baseline_real_prepared_restore_holds_one_checked_apply_owner ... ok

test result: ok. 5 passed; 0 failed; 0 ignored; 0 measured; 673 filtered out; finished in 1.99s

     Running unittests src/lib.rs (/Users/takemiyamakoto/dev/kasumi/target/disk-backed-cache/debug/deps/kasumi_kv-221aa5373d25965b)

running 0 tests

test result: ok. 0 passed; 0 failed; 0 ignored; 0 measured; 555 filtered out; finished in 0.00s

     Running unittests src/lib.rs (/Users/takemiyamakoto/dev/kasumi/target/disk-backed-cache/debug/deps/kasumi_raft-80f97d1b4f50c7fa)

running 7 tests

thread 'owned_prepared_restore::tests::owned_prepared_restore_keeps_actual_candidate_after_error_or_unwind_until_retirement' (25745037) panicked at crates/kasumi-raft/src/owned_prepared_restore.rs:180:35:
exact prepared publication panicked
note: run with `RUST_BACKTRACE=1` environment variable to display a backtrace
test lifetime::tests::tracked_prepared_restore_retains_same_lease_after_failed_publication ... ok
test owned_prepared_restore::tests::owned_prepared_restore_keeps_actual_candidate_after_error_or_unwind_until_retirement ... ok
test snapshot_buffer::tests::snapshot_prepare_image_after_transfer_shutdown_reopens_actual_join_obligation ... ok

thread 'selected_application::plan::snapshot_source_envelope::tests::snapshot_certificate_binds_actual_backend_context_without_allocation' (25745038) panicked at crates/kasumi-raft/src/selected_application/allocation_tests.rs:107:5:
assertion `left == right` failed
  left: (72, 72)
 right: (0, 0)
test selected_application::plan::snapshot_source_envelope::tests::snapshot_certificate_binds_actual_backend_context_without_allocation ... FAILED
test selected_application::plan::snapshot_source_envelope::tests::snapshot_certificate_retains_actual_nonempty_replacement_descriptors ... ok
test selected_application::plan::snapshot_source_envelope::tests::snapshot_certificate_grows_shape_without_seeding_until_exact_capture ... ok
test selected_application::plan::snapshot_source_envelope::tests::snapshot_certificate_rejects_foreign_and_changed_producer_records ... ok

failures:

failures:
    selected_application::plan::snapshot_source_envelope::tests::snapshot_certificate_binds_actual_backend_context_without_allocation

test result: FAILED. 6 passed; 1 failed; 0 ignored; 0 measured; 214 filtered out; finished in 3.53s

error: test failed, to rerun pass `-p kasumi-raft --lib`
     Running unittests src/lib.rs (/Users/takemiyamakoto/dev/kasumi/target/disk-backed-cache/debug/deps/kasumi_store-6fd2a1f28b2df75c)

running 0 tests

test result: ok. 0 passed; 0 failed; 0 ignored; 0 measured; 729 filtered out; finished in 0.00s

error: 1 target failed:
    `-p kasumi-raft --lib`
Runner: 192.69s; exit=101; matching=1576/1576
