Command: cargo test -p kasumi-raft --all-features --lib --locked --offline --config profile.test.package.kasumi-kv.opt-level=3 --config profile.test.package.sha2.opt-level=3 -- --test-threads=1 selected_application_
CARGO_TARGET_DIR=target/disk-backed-cache
   Compiling kasumi-types v0.1.0 (/Users/takemiyamakoto/dev/kasumi/crates/kasumi-types)
   Compiling kasumi-serving v0.1.0 (/Users/takemiyamakoto/dev/kasumi/crates/kasumi-serving)
   Compiling kasumi-store v0.1.0 (/Users/takemiyamakoto/dev/kasumi/crates/kasumi-store)
   Compiling kasumi-raft v0.1.0 (/Users/takemiyamakoto/dev/kasumi/crates/kasumi-raft)
    Finished `test` profile [unoptimized + debuginfo] target(s) in 33.56s
     Running unittests src/lib.rs (target/disk-backed-cache/debug/deps/kasumi_raft-322a2bc95e307dbb)

running 8 tests
test selected_application::allocation_tests::selected_application_allocation_census_covers_expanding_typed_diagnostics ... ok
test selected_application::allocation_tests::selected_application_allocation_census_covers_membership_and_noncanonical_defaults ... ok
test selected_application::tests::selected_application_checks_complete_entry_and_bootstrap_identity ... FAILED
test selected_application::tests::selected_application_denial_foreign_provider_and_retain_failure_keep_grant ... FAILED
test selected_application::tests::selected_application_exact_old_entry_and_real_covered_replay_remain_distinct ... FAILED
test selected_application::tests::selected_application_older_image_and_entry_replay_keep_newer_snapshot_identity ... FAILED
test selected_application::tests::selected_application_original_bounded_read_failure_retains_exact_reader ... FAILED
test selected_application::tests::selected_application_snapshot_uses_actual_manifest_and_snapshot_cursor ... FAILED

failures:

---- selected_application::tests::selected_application_checks_complete_entry_and_bootstrap_identity stdout ----
Error: initial bootstrap manifest requires its raft node and group

---- selected_application::tests::selected_application_denial_foreign_provider_and_retain_failure_keep_grant stdout ----
Error: initial bootstrap manifest requires its raft node and group

---- selected_application::tests::selected_application_exact_old_entry_and_real_covered_replay_remain_distinct stdout ----
Error: initial bootstrap manifest requires its raft node and group

---- selected_application::tests::selected_application_older_image_and_entry_replay_keep_newer_snapshot_identity stdout ----
Error: initial bootstrap manifest requires its raft node and group

---- selected_application::tests::selected_application_original_bounded_read_failure_retains_exact_reader stdout ----
Error: initial bootstrap manifest requires its raft node and group

---- selected_application::tests::selected_application_snapshot_uses_actual_manifest_and_snapshot_cursor stdout ----
Error: initial bootstrap manifest requires its raft node and group


failures:
    selected_application::tests::selected_application_checks_complete_entry_and_bootstrap_identity
    selected_application::tests::selected_application_denial_foreign_provider_and_retain_failure_keep_grant
    selected_application::tests::selected_application_exact_old_entry_and_real_covered_replay_remain_distinct
    selected_application::tests::selected_application_older_image_and_entry_replay_keep_newer_snapshot_identity
    selected_application::tests::selected_application_original_bounded_read_failure_retains_exact_reader
    selected_application::tests::selected_application_snapshot_uses_actual_manifest_and_snapshot_cursor

test result: FAILED. 2 passed; 6 failed; 0 ignored; 0 measured; 120 filtered out; finished in 2.90s

error: test failed, to rerun pass `-p kasumi-raft --lib`
Runner: 36.53s; exit=101; matching=728/728
