Command: cargo test --locked --offline --config profile.test.package.kasumi-kv.opt-level=3 --config profile.test.package.sha2.opt-level=3 -p kasumi-kv -p kasumi-store -p kasumi-raft -p kasumi-engine --all-features --lib --no-fail-fast -- public_restore_admits_resident_state_without_charging_permanent_stream_as_ram --nocapture
CARGO_TARGET_DIR=target/disk-backed-cache
    Finished `test` profile [unoptimized + debuginfo] target(s) in 0.40s
     Running unittests src/lib.rs (target/disk-backed-cache/debug/deps/kasumi_engine-44db468831cfc59f)

running 1 test
DEBUG kasumi_engine::restore_phase: restore phase timing event="restore_phase_started" phase="snapshot.terminal_setup" phase_id=1 elapsed_ms=0 outcome="started"
DEBUG kasumi_engine::restore_phase: restore phase timing event="restore_phase_ended" phase="snapshot.terminal_setup" phase_id=1 elapsed_ms=142 outcome="succeeded"
DEBUG kasumi_engine::restore_phase: restore phase timing event="restore_phase_started" phase="snapshot.terminal_batch" phase_id=2 elapsed_ms=0 outcome="started"
DEBUG kasumi_engine::restore_phase: restore terminal staging batch event="snapshot_terminal_batch" rows=8 bytes=147864
DEBUG kasumi_engine::restore_phase: restore phase timing event="restore_phase_ended" phase="snapshot.terminal_batch" phase_id=2 elapsed_ms=66 outcome="succeeded"
DEBUG kasumi_engine::restore_phase: restore phase timing event="restore_phase_started" phase="snapshot.terminal_batch" phase_id=3 elapsed_ms=0 outcome="started"
DEBUG kasumi_engine::restore_phase: restore terminal staging batch event="snapshot_terminal_batch" rows=8 bytes=147892
DEBUG kasumi_engine::restore_phase: restore phase timing event="restore_phase_ended" phase="snapshot.terminal_batch" phase_id=3 elapsed_ms=75 outcome="succeeded"
DEBUG kasumi_engine::restore_phase: restore phase timing event="restore_phase_started" phase="snapshot.terminal_batch" phase_id=4 elapsed_ms=0 outcome="started"
DEBUG kasumi_engine::restore_phase: restore terminal staging batch event="snapshot_terminal_batch" rows=8 bytes=147896
DEBUG kasumi_engine::restore_phase: restore phase timing event="restore_phase_ended" phase="snapshot.terminal_batch" phase_id=4 elapsed_ms=65 outcome="succeeded"
DEBUG kasumi_engine::restore_phase: restore phase timing event="restore_phase_started" phase="snapshot.terminal_batch" phase_id=5 elapsed_ms=0 outcome="started"
DEBUG kasumi_engine::restore_phase: restore terminal staging batch event="snapshot_terminal_batch" rows=8 bytes=147896
DEBUG kasumi_engine::restore_phase: restore phase timing event="restore_phase_ended" phase="snapshot.terminal_batch" phase_id=5 elapsed_ms=101 outcome="succeeded"
DEBUG kasumi_engine::restore_phase: restore phase timing event="restore_phase_started" phase="snapshot.terminal_batch" phase_id=6 elapsed_ms=0 outcome="started"
DEBUG kasumi_engine::restore_phase: restore terminal staging batch event="snapshot_terminal_batch" rows=8 bytes=147896
DEBUG kasumi_engine::restore_phase: restore phase timing event="restore_phase_ended" phase="snapshot.terminal_batch" phase_id=6 elapsed_ms=65 outcome="succeeded"
DEBUG kasumi_engine::restore_phase: restore phase timing event="restore_phase_started" phase="snapshot.terminal_batch" phase_id=7 elapsed_ms=0 outcome="started"
DEBUG kasumi_engine::restore_phase: restore terminal staging batch event="snapshot_terminal_batch" rows=8 bytes=147896
DEBUG kasumi_engine::restore_phase: restore phase timing event="restore_phase_ended" phase="snapshot.terminal_batch" phase_id=7 elapsed_ms=62 outcome="succeeded"
DEBUG kasumi_engine::restore_phase: restore phase timing event="restore_phase_started" phase="snapshot.terminal_batch" phase_id=8 elapsed_ms=0 outcome="started"
DEBUG kasumi_engine::restore_phase: restore terminal staging batch event="snapshot_terminal_batch" rows=8 bytes=147896
DEBUG kasumi_engine::restore_phase: restore phase timing event="restore_phase_ended" phase="snapshot.terminal_batch" phase_id=8 elapsed_ms=59 outcome="succeeded"
DEBUG kasumi_engine::restore_phase: restore phase timing event="restore_phase_started" phase="snapshot.terminal_batch" phase_id=9 elapsed_ms=0 outcome="started"
DEBUG kasumi_engine::restore_phase: restore terminal staging batch event="snapshot_terminal_batch" rows=8 bytes=147896
DEBUG kasumi_engine::restore_phase: restore phase timing event="restore_phase_ended" phase="snapshot.terminal_batch" phase_id=9 elapsed_ms=61 outcome="succeeded"
DEBUG kasumi_engine::restore_phase: restore phase timing event="restore_phase_started" phase="snapshot.terminal_batch" phase_id=10 elapsed_ms=0 outcome="started"
DEBUG kasumi_engine::restore_phase: restore terminal staging batch event="snapshot_terminal_batch" rows=8 bytes=147896
DEBUG kasumi_engine::restore_phase: restore phase timing event="restore_phase_ended" phase="snapshot.terminal_batch" phase_id=10 elapsed_ms=63 outcome="succeeded"
DEBUG kasumi_engine::restore_phase: restore phase timing event="restore_phase_started" phase="snapshot.terminal_batch" phase_id=11 elapsed_ms=0 outcome="started"
DEBUG kasumi_engine::restore_phase: restore terminal staging batch event="snapshot_terminal_batch" rows=8 bytes=147896
DEBUG kasumi_engine::restore_phase: restore phase timing event="restore_phase_ended" phase="snapshot.terminal_batch" phase_id=11 elapsed_ms=61 outcome="succeeded"
DEBUG kasumi_engine::restore_phase: restore phase timing event="restore_phase_started" phase="snapshot.terminal_batch" phase_id=12 elapsed_ms=0 outcome="started"
DEBUG kasumi_engine::restore_phase: restore terminal staging batch event="snapshot_terminal_batch" rows=8 bytes=147896
DEBUG kasumi_engine::restore_phase: restore phase timing event="restore_phase_ended" phase="snapshot.terminal_batch" phase_id=12 elapsed_ms=65 outcome="succeeded"
DEBUG kasumi_engine::restore_phase: restore phase timing event="restore_phase_started" phase="snapshot.terminal_batch" phase_id=13 elapsed_ms=0 outcome="started"
DEBUG kasumi_engine::restore_phase: restore terminal staging batch event="snapshot_terminal_batch" rows=8 bytes=147896
DEBUG kasumi_engine::restore_phase: restore phase timing event="restore_phase_ended" phase="snapshot.terminal_batch" phase_id=13 elapsed_ms=166 outcome="succeeded"
DEBUG kasumi_engine::restore_phase: restore phase timing event="restore_phase_started" phase="snapshot.terminal_batch" phase_id=14 elapsed_ms=0 outcome="started"
DEBUG kasumi_engine::restore_phase: restore terminal staging batch event="snapshot_terminal_batch" rows=8 bytes=147916
DEBUG kasumi_engine::restore_phase: restore phase timing event="restore_phase_ended" phase="snapshot.terminal_batch" phase_id=14 elapsed_ms=93 outcome="succeeded"
DEBUG kasumi_engine::restore_phase: restore phase timing event="restore_phase_started" phase="snapshot.terminal_batch" phase_id=15 elapsed_ms=0 outcome="started"
DEBUG kasumi_engine::restore_phase: restore terminal staging batch event="snapshot_terminal_batch" rows=8 bytes=147928
DEBUG kasumi_engine::restore_phase: restore phase timing event="restore_phase_ended" phase="snapshot.terminal_batch" phase_id=15 elapsed_ms=91 outcome="succeeded"
DEBUG kasumi_engine::restore_phase: restore phase timing event="restore_phase_started" phase="snapshot.terminal_batch" phase_id=16 elapsed_ms=0 outcome="started"
DEBUG kasumi_engine::restore_phase: restore terminal staging batch event="snapshot_terminal_batch" rows=8 bytes=147928
DEBUG kasumi_engine::restore_phase: restore phase timing event="restore_phase_ended" phase="snapshot.terminal_batch" phase_id=16 elapsed_ms=110 outcome="succeeded"
DEBUG kasumi_engine::restore_phase: restore phase timing event="restore_phase_started" phase="snapshot.terminal_batch" phase_id=17 elapsed_ms=0 outcome="started"
DEBUG kasumi_engine::restore_phase: restore terminal staging batch event="snapshot_terminal_batch" rows=8 bytes=147928
DEBUG kasumi_engine::restore_phase: restore phase timing event="restore_phase_ended" phase="snapshot.terminal_batch" phase_id=17 elapsed_ms=91 outcome="succeeded"
DEBUG kasumi_engine::restore_phase: restore phase timing event="restore_phase_started" phase="snapshot.terminal_batch" phase_id=18 elapsed_ms=0 outcome="started"
DEBUG kasumi_engine::restore_phase: restore terminal staging batch event="snapshot_terminal_batch" rows=8 bytes=147928
DEBUG kasumi_engine::restore_phase: restore phase timing event="restore_phase_ended" phase="snapshot.terminal_batch" phase_id=18 elapsed_ms=92 outcome="succeeded"
DEBUG kasumi_engine::restore_phase: restore phase timing event="restore_phase_started" phase="snapshot.terminal_batch" phase_id=19 elapsed_ms=0 outcome="started"
DEBUG kasumi_engine::restore_phase: restore terminal staging batch event="snapshot_terminal_batch" rows=8 bytes=147928
DEBUG kasumi_engine::restore_phase: restore phase timing event="restore_phase_ended" phase="snapshot.terminal_batch" phase_id=19 elapsed_ms=95 outcome="succeeded"
DEBUG kasumi_engine::restore_phase: restore phase timing event="restore_phase_started" phase="snapshot.terminal_batch" phase_id=20 elapsed_ms=0 outcome="started"
DEBUG kasumi_engine::restore_phase: restore terminal staging batch event="snapshot_terminal_batch" rows=8 bytes=147928
DEBUG kasumi_engine::restore_phase: restore phase timing event="restore_phase_ended" phase="snapshot.terminal_batch" phase_id=20 elapsed_ms=94 outcome="succeeded"
DEBUG kasumi_engine::restore_phase: restore phase timing event="restore_phase_started" phase="snapshot.terminal_batch" phase_id=21 elapsed_ms=0 outcome="started"
DEBUG kasumi_engine::restore_phase: restore terminal staging batch event="snapshot_terminal_batch" rows=8 bytes=147928
DEBUG kasumi_engine::restore_phase: restore phase timing event="restore_phase_ended" phase="snapshot.terminal_batch" phase_id=21 elapsed_ms=98 outcome="succeeded"
DEBUG kasumi_engine::restore_phase: restore phase timing event="restore_phase_started" phase="snapshot.terminal_batch" phase_id=22 elapsed_ms=0 outcome="started"
DEBUG kasumi_engine::restore_phase: restore terminal staging batch event="snapshot_terminal_batch" rows=8 bytes=147928
DEBUG kasumi_engine::restore_phase: restore phase timing event="restore_phase_ended" phase="snapshot.terminal_batch" phase_id=22 elapsed_ms=94 outcome="succeeded"
DEBUG kasumi_engine::restore_phase: restore phase timing event="restore_phase_started" phase="snapshot.terminal_batch" phase_id=23 elapsed_ms=0 outcome="started"
DEBUG kasumi_engine::restore_phase: restore terminal staging batch event="snapshot_terminal_batch" rows=8 bytes=147928
DEBUG kasumi_engine::restore_phase: restore phase timing event="restore_phase_ended" phase="snapshot.terminal_batch" phase_id=23 elapsed_ms=86 outcome="succeeded"
DEBUG kasumi_engine::restore_phase: restore phase timing event="restore_phase_started" phase="snapshot.terminal_batch" phase_id=24 elapsed_ms=0 outcome="started"
DEBUG kasumi_engine::restore_phase: restore terminal staging batch event="snapshot_terminal_batch" rows=8 bytes=147928
DEBUG kasumi_engine::restore_phase: restore phase timing event="restore_phase_ended" phase="snapshot.terminal_batch" phase_id=24 elapsed_ms=90 outcome="succeeded"
DEBUG kasumi_engine::restore_phase: restore phase timing event="restore_phase_started" phase="snapshot.terminal_batch" phase_id=25 elapsed_ms=0 outcome="started"
DEBUG kasumi_engine::restore_phase: restore terminal staging batch event="snapshot_terminal_batch" rows=8 bytes=147928
DEBUG kasumi_engine::restore_phase: restore phase timing event="restore_phase_ended" phase="snapshot.terminal_batch" phase_id=25 elapsed_ms=168 outcome="succeeded"
DEBUG kasumi_engine::restore_phase: restore phase timing event="restore_phase_started" phase="snapshot.terminal_batch" phase_id=26 elapsed_ms=0 outcome="started"
DEBUG kasumi_engine::restore_phase: restore terminal staging batch event="snapshot_terminal_batch" rows=8 bytes=147928
DEBUG kasumi_engine::restore_phase: restore phase timing event="restore_phase_ended" phase="snapshot.terminal_batch" phase_id=26 elapsed_ms=204 outcome="succeeded"
DEBUG kasumi_engine::restore_phase: restore phase timing event="restore_phase_started" phase="snapshot.terminal_batch" phase_id=27 elapsed_ms=0 outcome="started"
DEBUG kasumi_engine::restore_phase: restore terminal staging batch event="snapshot_terminal_batch" rows=8 bytes=147928
DEBUG kasumi_engine::restore_phase: restore phase timing event="restore_phase_ended" phase="snapshot.terminal_batch" phase_id=27 elapsed_ms=122 outcome="succeeded"
DEBUG kasumi_engine::restore_phase: restore phase timing event="restore_phase_started" phase="snapshot.terminal_batch" phase_id=28 elapsed_ms=0 outcome="started"
DEBUG kasumi_engine::restore_phase: restore terminal staging batch event="snapshot_terminal_batch" rows=8 bytes=147928
DEBUG kasumi_engine::restore_phase: restore phase timing event="restore_phase_ended" phase="snapshot.terminal_batch" phase_id=28 elapsed_ms=131 outcome="succeeded"
DEBUG kasumi_engine::restore_phase: restore phase timing event="restore_phase_started" phase="snapshot.terminal_batch" phase_id=29 elapsed_ms=0 outcome="started"
DEBUG kasumi_engine::restore_phase: restore terminal staging batch event="snapshot_terminal_batch" rows=8 bytes=147928
DEBUG kasumi_engine::restore_phase: restore phase timing event="restore_phase_ended" phase="snapshot.terminal_batch" phase_id=29 elapsed_ms=124 outcome="succeeded"
DEBUG kasumi_engine::restore_phase: restore phase timing event="restore_phase_started" phase="snapshot.terminal_batch" phase_id=30 elapsed_ms=0 outcome="started"
DEBUG kasumi_engine::restore_phase: restore terminal staging batch event="snapshot_terminal_batch" rows=8 bytes=147928
DEBUG kasumi_engine::restore_phase: restore phase timing event="restore_phase_ended" phase="snapshot.terminal_batch" phase_id=30 elapsed_ms=118 outcome="succeeded"
DEBUG kasumi_engine::restore_phase: restore phase timing event="restore_phase_started" phase="snapshot.terminal_batch" phase_id=31 elapsed_ms=0 outcome="started"
DEBUG kasumi_engine::restore_phase: restore terminal staging batch event="snapshot_terminal_batch" rows=8 bytes=147928
DEBUG kasumi_engine::restore_phase: restore phase timing event="restore_phase_ended" phase="snapshot.terminal_batch" phase_id=31 elapsed_ms=120 outcome="succeeded"
DEBUG kasumi_engine::restore_phase: restore phase timing event="restore_phase_started" phase="snapshot.terminal_batch" phase_id=32 elapsed_ms=0 outcome="started"
DEBUG kasumi_engine::restore_phase: restore terminal staging batch event="snapshot_terminal_batch" rows=8 bytes=147928
DEBUG kasumi_engine::restore_phase: restore phase timing event="restore_phase_ended" phase="snapshot.terminal_batch" phase_id=32 elapsed_ms=146 outcome="succeeded"
DEBUG kasumi_engine::restore_phase: restore phase timing event="restore_phase_started" phase="snapshot.terminal_batch" phase_id=33 elapsed_ms=0 outcome="started"
DEBUG kasumi_engine::restore_phase: restore terminal staging batch event="snapshot_terminal_batch" rows=8 bytes=147928
DEBUG kasumi_engine::restore_phase: restore phase timing event="restore_phase_ended" phase="snapshot.terminal_batch" phase_id=33 elapsed_ms=124 outcome="succeeded"
DEBUG kasumi_engine::restore_phase: restore phase timing event="restore_phase_started" phase="snapshot.terminal_batch" phase_id=34 elapsed_ms=0 outcome="started"
DEBUG kasumi_engine::restore_phase: restore terminal staging batch event="snapshot_terminal_batch" rows=8 bytes=147928
DEBUG kasumi_engine::restore_phase: restore phase timing event="restore_phase_ended" phase="snapshot.terminal_batch" phase_id=34 elapsed_ms=126 outcome="succeeded"
DEBUG kasumi_engine::restore_phase: restore phase timing event="restore_phase_started" phase="snapshot.terminal_batch" phase_id=35 elapsed_ms=0 outcome="started"
DEBUG kasumi_engine::restore_phase: restore terminal staging batch event="snapshot_terminal_batch" rows=8 bytes=147928
DEBUG kasumi_engine::restore_phase: restore phase timing event="restore_phase_ended" phase="snapshot.terminal_batch" phase_id=35 elapsed_ms=128 outcome="succeeded"
DEBUG kasumi_engine::restore_phase: restore phase timing event="restore_phase_started" phase="snapshot.terminal_batch" phase_id=36 elapsed_ms=0 outcome="started"
DEBUG kasumi_engine::restore_phase: restore terminal staging batch event="snapshot_terminal_batch" rows=8 bytes=147928
DEBUG kasumi_engine::restore_phase: restore phase timing event="restore_phase_ended" phase="snapshot.terminal_batch" phase_id=36 elapsed_ms=124 outcome="succeeded"
DEBUG kasumi_engine::restore_phase: restore phase timing event="restore_phase_started" phase="snapshot.terminal_batch" phase_id=37 elapsed_ms=0 outcome="started"
DEBUG kasumi_engine::restore_phase: restore terminal staging batch event="snapshot_terminal_batch" rows=8 bytes=147928
DEBUG kasumi_engine::restore_phase: restore phase timing event="restore_phase_ended" phase="snapshot.terminal_batch" phase_id=37 elapsed_ms=121 outcome="succeeded"
DEBUG kasumi_engine::restore_phase: restore phase timing event="restore_phase_started" phase="snapshot.terminal_batch" phase_id=38 elapsed_ms=0 outcome="started"
DEBUG kasumi_engine::restore_phase: restore terminal staging batch event="snapshot_terminal_batch" rows=8 bytes=147928
DEBUG kasumi_engine::restore_phase: restore phase timing event="restore_phase_ended" phase="snapshot.terminal_batch" phase_id=38 elapsed_ms=123 outcome="succeeded"
DEBUG kasumi_engine::restore_phase: restore phase timing event="restore_phase_started" phase="snapshot.terminal_batch" phase_id=39 elapsed_ms=0 outcome="started"
DEBUG kasumi_engine::restore_phase: restore terminal staging batch event="snapshot_terminal_batch" rows=8 bytes=147928
DEBUG kasumi_engine::restore_phase: restore phase timing event="restore_phase_ended" phase="snapshot.terminal_batch" phase_id=39 elapsed_ms=123 outcome="succeeded"
DEBUG kasumi_engine::restore_phase: restore phase timing event="restore_phase_started" phase="snapshot.terminal_batch" phase_id=40 elapsed_ms=0 outcome="started"
DEBUG kasumi_engine::restore_phase: restore terminal staging batch event="snapshot_terminal_batch" rows=8 bytes=147928
DEBUG kasumi_engine::restore_phase: restore phase timing event="restore_phase_ended" phase="snapshot.terminal_batch" phase_id=40 elapsed_ms=122 outcome="succeeded"
DEBUG kasumi_engine::restore_phase: restore phase timing event="restore_phase_started" phase="snapshot.terminal_batch" phase_id=41 elapsed_ms=0 outcome="started"
DEBUG kasumi_engine::restore_phase: restore terminal staging batch event="snapshot_terminal_batch" rows=8 bytes=147928
DEBUG kasumi_engine::restore_phase: restore phase timing event="restore_phase_ended" phase="snapshot.terminal_batch" phase_id=41 elapsed_ms=125 outcome="succeeded"
DEBUG kasumi_engine::restore_phase: restore phase timing event="restore_phase_started" phase="snapshot.terminal_batch" phase_id=42 elapsed_ms=0 outcome="started"
DEBUG kasumi_engine::restore_phase: restore terminal staging batch event="snapshot_terminal_batch" rows=8 bytes=147928
DEBUG kasumi_engine::restore_phase: restore phase timing event="restore_phase_ended" phase="snapshot.terminal_batch" phase_id=42 elapsed_ms=199 outcome="succeeded"
DEBUG kasumi_engine::restore_phase: restore phase timing event="restore_phase_started" phase="snapshot.terminal_batch" phase_id=43 elapsed_ms=0 outcome="started"
DEBUG kasumi_engine::restore_phase: restore terminal staging batch event="snapshot_terminal_batch" rows=8 bytes=147928
DEBUG kasumi_engine::restore_phase: restore phase timing event="restore_phase_ended" phase="snapshot.terminal_batch" phase_id=43 elapsed_ms=149 outcome="succeeded"
DEBUG kasumi_engine::restore_phase: restore phase timing event="restore_phase_started" phase="snapshot.terminal_batch" phase_id=44 elapsed_ms=0 outcome="started"
DEBUG kasumi_engine::restore_phase: restore terminal staging batch event="snapshot_terminal_batch" rows=8 bytes=147928
DEBUG kasumi_engine::restore_phase: restore phase timing event="restore_phase_ended" phase="snapshot.terminal_batch" phase_id=44 elapsed_ms=123 outcome="succeeded"
DEBUG kasumi_engine::restore_phase: restore phase timing event="restore_phase_started" phase="snapshot.terminal_batch" phase_id=45 elapsed_ms=0 outcome="started"
DEBUG kasumi_engine::restore_phase: restore terminal staging batch event="snapshot_terminal_batch" rows=8 bytes=147928
DEBUG kasumi_engine::restore_phase: restore phase timing event="restore_phase_ended" phase="snapshot.terminal_batch" phase_id=45 elapsed_ms=118 outcome="succeeded"
DEBUG kasumi_engine::restore_phase: restore phase timing event="restore_phase_started" phase="snapshot.terminal_batch" phase_id=46 elapsed_ms=0 outcome="started"
DEBUG kasumi_engine::restore_phase: restore terminal staging batch event="snapshot_terminal_batch" rows=8 bytes=147928
DEBUG kasumi_engine::restore_phase: restore phase timing event="restore_phase_ended" phase="snapshot.terminal_batch" phase_id=46 elapsed_ms=104 outcome="succeeded"
DEBUG kasumi_engine::restore_phase: restore phase timing event="restore_phase_started" phase="snapshot.terminal_batch" phase_id=47 elapsed_ms=0 outcome="started"
DEBUG kasumi_engine::restore_phase: restore terminal staging batch event="snapshot_terminal_batch" rows=8 bytes=147928
DEBUG kasumi_engine::restore_phase: restore phase timing event="restore_phase_ended" phase="snapshot.terminal_batch" phase_id=47 elapsed_ms=122 outcome="succeeded"
DEBUG kasumi_engine::restore_phase: restore phase timing event="restore_phase_started" phase="snapshot.terminal_batch" phase_id=48 elapsed_ms=0 outcome="started"
DEBUG kasumi_engine::restore_phase: restore terminal staging batch event="snapshot_terminal_batch" rows=8 bytes=147928
DEBUG kasumi_engine::restore_phase: restore phase timing event="restore_phase_ended" phase="snapshot.terminal_batch" phase_id=48 elapsed_ms=124 outcome="succeeded"
DEBUG kasumi_engine::restore_phase: restore phase timing event="restore_phase_started" phase="snapshot.terminal_batch" phase_id=49 elapsed_ms=0 outcome="started"
DEBUG kasumi_engine::restore_phase: restore terminal staging batch event="snapshot_terminal_batch" rows=8 bytes=147928
DEBUG kasumi_engine::restore_phase: restore phase timing event="restore_phase_ended" phase="snapshot.terminal_batch" phase_id=49 elapsed_ms=121 outcome="succeeded"
DEBUG kasumi_engine::restore_phase: restore phase timing event="restore_phase_started" phase="snapshot.terminal_batch" phase_id=50 elapsed_ms=0 outcome="started"
DEBUG kasumi_engine::restore_phase: restore terminal staging batch event="snapshot_terminal_batch" rows=8 bytes=147928
DEBUG kasumi_engine::restore_phase: restore phase timing event="restore_phase_ended" phase="snapshot.terminal_batch" phase_id=50 elapsed_ms=154 outcome="succeeded"
DEBUG kasumi_engine::restore_phase: restore phase timing event="restore_phase_started" phase="snapshot.terminal_batch" phase_id=51 elapsed_ms=0 outcome="started"
DEBUG kasumi_engine::restore_phase: restore terminal staging batch event="snapshot_terminal_batch" rows=8 bytes=147928
DEBUG kasumi_engine::restore_phase: restore phase timing event="restore_phase_ended" phase="snapshot.terminal_batch" phase_id=51 elapsed_ms=122 outcome="succeeded"
DEBUG kasumi_engine::restore_phase: restore phase timing event="restore_phase_started" phase="snapshot.terminal_batch" phase_id=52 elapsed_ms=0 outcome="started"
DEBUG kasumi_engine::restore_phase: restore terminal staging batch event="snapshot_terminal_batch" rows=8 bytes=147928
DEBUG kasumi_engine::restore_phase: restore phase timing event="restore_phase_ended" phase="snapshot.terminal_batch" phase_id=52 elapsed_ms=106 outcome="succeeded"
DEBUG kasumi_engine::restore_phase: restore phase timing event="restore_phase_started" phase="snapshot.terminal_batch" phase_id=53 elapsed_ms=0 outcome="started"
DEBUG kasumi_engine::restore_phase: restore terminal staging batch event="snapshot_terminal_batch" rows=8 bytes=147928
DEBUG kasumi_engine::restore_phase: restore phase timing event="restore_phase_ended" phase="snapshot.terminal_batch" phase_id=53 elapsed_ms=148 outcome="succeeded"
DEBUG kasumi_engine::restore_phase: restore phase timing event="restore_phase_started" phase="snapshot.terminal_batch" phase_id=54 elapsed_ms=0 outcome="started"
DEBUG kasumi_engine::restore_phase: restore terminal staging batch event="snapshot_terminal_batch" rows=8 bytes=147928
DEBUG kasumi_engine::restore_phase: restore phase timing event="restore_phase_ended" phase="snapshot.terminal_batch" phase_id=54 elapsed_ms=140 outcome="succeeded"
DEBUG kasumi_engine::restore_phase: restore phase timing event="restore_phase_started" phase="snapshot.terminal_batch" phase_id=55 elapsed_ms=0 outcome="started"
DEBUG kasumi_engine::restore_phase: restore terminal staging batch event="snapshot_terminal_batch" rows=8 bytes=147928
DEBUG kasumi_engine::restore_phase: restore phase timing event="restore_phase_ended" phase="snapshot.terminal_batch" phase_id=55 elapsed_ms=150 outcome="succeeded"
DEBUG kasumi_engine::restore_phase: restore phase timing event="restore_phase_started" phase="snapshot.terminal_batch" phase_id=56 elapsed_ms=0 outcome="started"
DEBUG kasumi_engine::restore_phase: restore terminal staging batch event="snapshot_terminal_batch" rows=8 bytes=147928
DEBUG kasumi_engine::restore_phase: restore phase timing event="restore_phase_ended" phase="snapshot.terminal_batch" phase_id=56 elapsed_ms=141 outcome="succeeded"
DEBUG kasumi_engine::restore_phase: restore phase timing event="restore_phase_started" phase="snapshot.terminal_batch" phase_id=57 elapsed_ms=0 outcome="started"
DEBUG kasumi_engine::restore_phase: restore terminal staging batch event="snapshot_terminal_batch" rows=8 bytes=147928
DEBUG kasumi_engine::restore_phase: restore phase timing event="restore_phase_ended" phase="snapshot.terminal_batch" phase_id=57 elapsed_ms=140 outcome="succeeded"
DEBUG kasumi_engine::restore_phase: restore phase timing event="restore_phase_started" phase="snapshot.terminal_batch" phase_id=58 elapsed_ms=0 outcome="started"
DEBUG kasumi_engine::restore_phase: restore terminal staging batch event="snapshot_terminal_batch" rows=8 bytes=147928
DEBUG kasumi_engine::restore_phase: restore phase timing event="restore_phase_ended" phase="snapshot.terminal_batch" phase_id=58 elapsed_ms=188 outcome="succeeded"
DEBUG kasumi_engine::restore_phase: restore phase timing event="restore_phase_started" phase="snapshot.terminal_batch" phase_id=59 elapsed_ms=0 outcome="started"
DEBUG kasumi_engine::restore_phase: restore terminal staging batch event="snapshot_terminal_batch" rows=8 bytes=147928
DEBUG kasumi_engine::restore_phase: restore phase timing event="restore_phase_ended" phase="snapshot.terminal_batch" phase_id=59 elapsed_ms=290 outcome="succeeded"
DEBUG kasumi_engine::restore_phase: restore phase timing event="restore_phase_started" phase="snapshot.terminal_batch" phase_id=60 elapsed_ms=0 outcome="started"
DEBUG kasumi_engine::restore_phase: restore terminal staging batch event="snapshot_terminal_batch" rows=8 bytes=147928
DEBUG kasumi_engine::restore_phase: restore phase timing event="restore_phase_ended" phase="snapshot.terminal_batch" phase_id=60 elapsed_ms=165 outcome="succeeded"
DEBUG kasumi_engine::restore_phase: restore phase timing event="restore_phase_started" phase="snapshot.terminal_batch" phase_id=61 elapsed_ms=0 outcome="started"
DEBUG kasumi_engine::restore_phase: restore terminal staging batch event="snapshot_terminal_batch" rows=8 bytes=147928
DEBUG kasumi_engine::restore_phase: restore phase timing event="restore_phase_ended" phase="snapshot.terminal_batch" phase_id=61 elapsed_ms=142 outcome="succeeded"
DEBUG kasumi_engine::restore_phase: restore phase timing event="restore_phase_started" phase="snapshot.terminal_batch" phase_id=62 elapsed_ms=0 outcome="started"
DEBUG kasumi_engine::restore_phase: restore terminal staging batch event="snapshot_terminal_batch" rows=8 bytes=147928
DEBUG kasumi_engine::restore_phase: restore phase timing event="restore_phase_ended" phase="snapshot.terminal_batch" phase_id=62 elapsed_ms=143 outcome="succeeded"
DEBUG kasumi_engine::restore_phase: restore phase timing event="restore_phase_started" phase="snapshot.terminal_batch" phase_id=63 elapsed_ms=0 outcome="started"
DEBUG kasumi_engine::restore_phase: restore terminal staging batch event="snapshot_terminal_batch" rows=8 bytes=147928
DEBUG kasumi_engine::restore_phase: restore phase timing event="restore_phase_ended" phase="snapshot.terminal_batch" phase_id=63 elapsed_ms=155 outcome="succeeded"
DEBUG kasumi_engine::restore_phase: restore phase timing event="restore_phase_started" phase="snapshot.terminal_batch" phase_id=64 elapsed_ms=0 outcome="started"
DEBUG kasumi_engine::restore_phase: restore terminal staging batch event="snapshot_terminal_batch" rows=8 bytes=147928
DEBUG kasumi_engine::restore_phase: restore phase timing event="restore_phase_ended" phase="snapshot.terminal_batch" phase_id=64 elapsed_ms=203 outcome="succeeded"
DEBUG kasumi_engine::restore_phase: restore phase timing event="restore_phase_started" phase="snapshot.terminal_batch" phase_id=65 elapsed_ms=0 outcome="started"
DEBUG kasumi_engine::restore_phase: restore terminal staging batch event="snapshot_terminal_batch" rows=8 bytes=147928
DEBUG kasumi_engine::restore_phase: restore phase timing event="restore_phase_ended" phase="snapshot.terminal_batch" phase_id=65 elapsed_ms=144 outcome="succeeded"
DEBUG kasumi_engine::restore_phase: restore phase timing event="restore_phase_started" phase="public_restore.wait" phase_id=66 elapsed_ms=0 remaining_ms=59999 outcome="started"
DEBUG kasumi_engine::restore_phase: restore phase timing event="restore_phase_started" phase="public_restore.framing" phase_id=67 elapsed_ms=0 remaining_ms=59999 outcome="started"
DEBUG kasumi_engine::restore_phase: restore phase timing event="restore_phase_ended" phase="public_restore.framing" phase_id=67 elapsed_ms=879 remaining_ms=59120 outcome="succeeded"
DEBUG kasumi_engine::restore_phase: restore phase timing event="restore_phase_started" phase="public_restore.decode" phase_id=68 elapsed_ms=0 remaining_ms=59120 outcome="started"
DEBUG kasumi_engine::restore_phase: restore phase timing event="restore_phase_started" phase="snapshot.terminal_setup" phase_id=69 elapsed_ms=0 outcome="started"
DEBUG kasumi_engine::restore_phase: restore phase timing event="restore_phase_ended" phase="snapshot.terminal_setup" phase_id=69 elapsed_ms=151 outcome="succeeded"
DEBUG kasumi_engine::restore_phase: restore phase timing event="restore_phase_started" phase="snapshot.terminal_batch" phase_id=70 elapsed_ms=0 outcome="started"
DEBUG kasumi_engine::restore_phase: restore terminal staging batch event="snapshot_terminal_batch" rows=8 bytes=147864
DEBUG kasumi_engine::restore_phase: restore phase timing event="restore_phase_ended" phase="snapshot.terminal_batch" phase_id=70 elapsed_ms=122 outcome="succeeded"
DEBUG kasumi_engine::restore_phase: restore phase timing event="restore_phase_started" phase="snapshot.terminal_batch" phase_id=71 elapsed_ms=0 outcome="started"
DEBUG kasumi_engine::restore_phase: restore terminal staging batch event="snapshot_terminal_batch" rows=8 bytes=147892
DEBUG kasumi_engine::restore_phase: restore phase timing event="restore_phase_ended" phase="snapshot.terminal_batch" phase_id=71 elapsed_ms=122 outcome="succeeded"
DEBUG kasumi_engine::restore_phase: restore phase timing event="restore_phase_started" phase="snapshot.terminal_batch" phase_id=72 elapsed_ms=0 outcome="started"
DEBUG kasumi_engine::restore_phase: restore terminal staging batch event="snapshot_terminal_batch" rows=8 bytes=147896
DEBUG kasumi_engine::restore_phase: restore phase timing event="restore_phase_ended" phase="snapshot.terminal_batch" phase_id=72 elapsed_ms=162 outcome="succeeded"
DEBUG kasumi_engine::restore_phase: restore phase timing event="restore_phase_started" phase="snapshot.terminal_batch" phase_id=73 elapsed_ms=0 outcome="started"
DEBUG kasumi_engine::restore_phase: restore terminal staging batch event="snapshot_terminal_batch" rows=8 bytes=147896
DEBUG kasumi_engine::restore_phase: restore phase timing event="restore_phase_ended" phase="snapshot.terminal_batch" phase_id=73 elapsed_ms=128 outcome="succeeded"
DEBUG kasumi_engine::restore_phase: restore phase timing event="restore_phase_started" phase="snapshot.terminal_batch" phase_id=74 elapsed_ms=0 outcome="started"
DEBUG kasumi_engine::restore_phase: restore terminal staging batch event="snapshot_terminal_batch" rows=8 bytes=147896
DEBUG kasumi_engine::restore_phase: restore phase timing event="restore_phase_ended" phase="snapshot.terminal_batch" phase_id=74 elapsed_ms=126 outcome="succeeded"
DEBUG kasumi_engine::restore_phase: restore phase timing event="restore_phase_started" phase="snapshot.terminal_batch" phase_id=75 elapsed_ms=0 outcome="started"
DEBUG kasumi_engine::restore_phase: restore terminal staging batch event="snapshot_terminal_batch" rows=8 bytes=147896
DEBUG kasumi_engine::restore_phase: restore phase timing event="restore_phase_ended" phase="snapshot.terminal_batch" phase_id=75 elapsed_ms=145 outcome="succeeded"
DEBUG kasumi_engine::restore_phase: restore phase timing event="restore_phase_started" phase="snapshot.terminal_batch" phase_id=76 elapsed_ms=0 outcome="started"
DEBUG kasumi_engine::restore_phase: restore terminal staging batch event="snapshot_terminal_batch" rows=8 bytes=147896
DEBUG kasumi_engine::restore_phase: restore phase timing event="restore_phase_ended" phase="snapshot.terminal_batch" phase_id=76 elapsed_ms=165 outcome="succeeded"
DEBUG kasumi_engine::restore_phase: restore phase timing event="restore_phase_started" phase="snapshot.terminal_batch" phase_id=77 elapsed_ms=0 outcome="started"
DEBUG kasumi_engine::restore_phase: restore terminal staging batch event="snapshot_terminal_batch" rows=8 bytes=147896
DEBUG kasumi_engine::restore_phase: restore phase timing event="restore_phase_ended" phase="snapshot.terminal_batch" phase_id=77 elapsed_ms=125 outcome="succeeded"
DEBUG kasumi_engine::restore_phase: restore phase timing event="restore_phase_started" phase="snapshot.terminal_batch" phase_id=78 elapsed_ms=0 outcome="started"
DEBUG kasumi_engine::restore_phase: restore terminal staging batch event="snapshot_terminal_batch" rows=8 bytes=147896
DEBUG kasumi_engine::restore_phase: restore phase timing event="restore_phase_ended" phase="snapshot.terminal_batch" phase_id=78 elapsed_ms=147 outcome="succeeded"
DEBUG kasumi_engine::restore_phase: restore phase timing event="restore_phase_started" phase="snapshot.terminal_batch" phase_id=79 elapsed_ms=0 outcome="started"
DEBUG kasumi_engine::restore_phase: restore terminal staging batch event="snapshot_terminal_batch" rows=8 bytes=147896
DEBUG kasumi_engine::restore_phase: restore phase timing event="restore_phase_ended" phase="snapshot.terminal_batch" phase_id=79 elapsed_ms=122 outcome="succeeded"
DEBUG kasumi_engine::restore_phase: restore phase timing event="restore_phase_started" phase="snapshot.terminal_batch" phase_id=80 elapsed_ms=0 outcome="started"
DEBUG kasumi_engine::restore_phase: restore terminal staging batch event="snapshot_terminal_batch" rows=8 bytes=147896
DEBUG kasumi_engine::restore_phase: restore phase timing event="restore_phase_ended" phase="snapshot.terminal_batch" phase_id=80 elapsed_ms=144 outcome="succeeded"
DEBUG kasumi_engine::restore_phase: restore phase timing event="restore_phase_started" phase="snapshot.terminal_batch" phase_id=81 elapsed_ms=0 outcome="started"
DEBUG kasumi_engine::restore_phase: restore terminal staging batch event="snapshot_terminal_batch" rows=8 bytes=147896
DEBUG kasumi_engine::restore_phase: restore phase timing event="restore_phase_ended" phase="snapshot.terminal_batch" phase_id=81 elapsed_ms=315 outcome="succeeded"
DEBUG kasumi_engine::restore_phase: restore phase timing event="restore_phase_started" phase="snapshot.terminal_batch" phase_id=82 elapsed_ms=0 outcome="started"
DEBUG kasumi_engine::restore_phase: restore terminal staging batch event="snapshot_terminal_batch" rows=8 bytes=147916
DEBUG kasumi_engine::restore_phase: restore phase timing event="restore_phase_ended" phase="snapshot.terminal_batch" phase_id=82 elapsed_ms=254 outcome="succeeded"
DEBUG kasumi_engine::restore_phase: restore phase timing event="restore_phase_started" phase="snapshot.terminal_batch" phase_id=83 elapsed_ms=0 outcome="started"
DEBUG kasumi_engine::restore_phase: restore terminal staging batch event="snapshot_terminal_batch" rows=8 bytes=147928
DEBUG kasumi_engine::restore_phase: restore phase timing event="restore_phase_ended" phase="snapshot.terminal_batch" phase_id=83 elapsed_ms=254 outcome="succeeded"
DEBUG kasumi_engine::restore_phase: restore phase timing event="restore_phase_started" phase="snapshot.terminal_batch" phase_id=84 elapsed_ms=0 outcome="started"
DEBUG kasumi_engine::restore_phase: restore terminal staging batch event="snapshot_terminal_batch" rows=8 bytes=147928
DEBUG kasumi_engine::restore_phase: restore phase timing event="restore_phase_ended" phase="snapshot.terminal_batch" phase_id=84 elapsed_ms=258 outcome="succeeded"
DEBUG kasumi_engine::restore_phase: restore phase timing event="restore_phase_started" phase="snapshot.terminal_batch" phase_id=85 elapsed_ms=0 outcome="started"
DEBUG kasumi_engine::restore_phase: restore terminal staging batch event="snapshot_terminal_batch" rows=8 bytes=147928
DEBUG kasumi_engine::restore_phase: restore phase timing event="restore_phase_ended" phase="snapshot.terminal_batch" phase_id=85 elapsed_ms=221 outcome="succeeded"
DEBUG kasumi_engine::restore_phase: restore phase timing event="restore_phase_started" phase="snapshot.terminal_batch" phase_id=86 elapsed_ms=0 outcome="started"
DEBUG kasumi_engine::restore_phase: restore terminal staging batch event="snapshot_terminal_batch" rows=8 bytes=147928
DEBUG kasumi_engine::restore_phase: restore phase timing event="restore_phase_ended" phase="snapshot.terminal_batch" phase_id=86 elapsed_ms=219 outcome="succeeded"
DEBUG kasumi_engine::restore_phase: restore phase timing event="restore_phase_started" phase="snapshot.terminal_batch" phase_id=87 elapsed_ms=0 outcome="started"
DEBUG kasumi_engine::restore_phase: restore terminal staging batch event="snapshot_terminal_batch" rows=8 bytes=147928
DEBUG kasumi_engine::restore_phase: restore phase timing event="restore_phase_ended" phase="snapshot.terminal_batch" phase_id=87 elapsed_ms=224 outcome="succeeded"
DEBUG kasumi_engine::restore_phase: restore phase timing event="restore_phase_started" phase="snapshot.terminal_batch" phase_id=88 elapsed_ms=0 outcome="started"
DEBUG kasumi_engine::restore_phase: restore terminal staging batch event="snapshot_terminal_batch" rows=8 bytes=147928
DEBUG kasumi_engine::restore_phase: restore phase timing event="restore_phase_ended" phase="snapshot.terminal_batch" phase_id=88 elapsed_ms=233 outcome="succeeded"
DEBUG kasumi_engine::restore_phase: restore phase timing event="restore_phase_started" phase="snapshot.terminal_batch" phase_id=89 elapsed_ms=0 outcome="started"
DEBUG kasumi_engine::restore_phase: restore terminal staging batch event="snapshot_terminal_batch" rows=8 bytes=147928
DEBUG kasumi_engine::restore_phase: restore phase timing event="restore_phase_ended" phase="snapshot.terminal_batch" phase_id=89 elapsed_ms=229 outcome="succeeded"
DEBUG kasumi_engine::restore_phase: restore phase timing event="restore_phase_started" phase="snapshot.terminal_batch" phase_id=90 elapsed_ms=0 outcome="started"
DEBUG kasumi_engine::restore_phase: restore terminal staging batch event="snapshot_terminal_batch" rows=8 bytes=147928
DEBUG kasumi_engine::restore_phase: restore phase timing event="restore_phase_ended" phase="snapshot.terminal_batch" phase_id=90 elapsed_ms=226 outcome="succeeded"
DEBUG kasumi_engine::restore_phase: restore phase timing event="restore_phase_started" phase="snapshot.terminal_batch" phase_id=91 elapsed_ms=0 outcome="started"
DEBUG kasumi_engine::restore_phase: restore terminal staging batch event="snapshot_terminal_batch" rows=8 bytes=147928
DEBUG kasumi_engine::restore_phase: restore phase timing event="restore_phase_ended" phase="snapshot.terminal_batch" phase_id=91 elapsed_ms=262 outcome="succeeded"
DEBUG kasumi_engine::restore_phase: restore phase timing event="restore_phase_started" phase="snapshot.terminal_batch" phase_id=92 elapsed_ms=0 outcome="started"
DEBUG kasumi_engine::restore_phase: restore terminal staging batch event="snapshot_terminal_batch" rows=8 bytes=147928
DEBUG kasumi_engine::restore_phase: restore phase timing event="restore_phase_ended" phase="snapshot.terminal_batch" phase_id=92 elapsed_ms=216 outcome="succeeded"
DEBUG kasumi_engine::restore_phase: restore phase timing event="restore_phase_started" phase="snapshot.terminal_batch" phase_id=93 elapsed_ms=0 outcome="started"
DEBUG kasumi_engine::restore_phase: restore terminal staging batch event="snapshot_terminal_batch" rows=8 bytes=147928
DEBUG kasumi_engine::restore_phase: restore phase timing event="restore_phase_ended" phase="snapshot.terminal_batch" phase_id=93 elapsed_ms=305 outcome="succeeded"
DEBUG kasumi_engine::restore_phase: restore phase timing event="restore_phase_started" phase="snapshot.terminal_batch" phase_id=94 elapsed_ms=0 outcome="started"
DEBUG kasumi_engine::restore_phase: restore terminal staging batch event="snapshot_terminal_batch" rows=8 bytes=147928
DEBUG kasumi_engine::restore_phase: restore phase timing event="restore_phase_ended" phase="snapshot.terminal_batch" phase_id=94 elapsed_ms=320 outcome="succeeded"
DEBUG kasumi_engine::restore_phase: restore phase timing event="restore_phase_started" phase="snapshot.terminal_batch" phase_id=95 elapsed_ms=0 outcome="started"
DEBUG kasumi_engine::restore_phase: restore terminal staging batch event="snapshot_terminal_batch" rows=8 bytes=147928
DEBUG kasumi_engine::restore_phase: restore phase timing event="restore_phase_ended" phase="snapshot.terminal_batch" phase_id=95 elapsed_ms=237 outcome="succeeded"
DEBUG kasumi_engine::restore_phase: restore phase timing event="restore_phase_started" phase="snapshot.terminal_batch" phase_id=96 elapsed_ms=0 outcome="started"
DEBUG kasumi_engine::restore_phase: restore terminal staging batch event="snapshot_terminal_batch" rows=8 bytes=147928
DEBUG kasumi_engine::restore_phase: restore phase timing event="restore_phase_ended" phase="snapshot.terminal_batch" phase_id=96 elapsed_ms=236 outcome="succeeded"
DEBUG kasumi_engine::restore_phase: restore phase timing event="restore_phase_started" phase="snapshot.terminal_batch" phase_id=97 elapsed_ms=0 outcome="started"
DEBUG kasumi_engine::restore_phase: restore terminal staging batch event="snapshot_terminal_batch" rows=8 bytes=147928
DEBUG kasumi_engine::restore_phase: restore phase timing event="restore_phase_ended" phase="snapshot.terminal_batch" phase_id=97 elapsed_ms=232 outcome="succeeded"
DEBUG kasumi_engine::restore_phase: restore phase timing event="restore_phase_started" phase="snapshot.terminal_batch" phase_id=98 elapsed_ms=0 outcome="started"
DEBUG kasumi_engine::restore_phase: restore terminal staging batch event="snapshot_terminal_batch" rows=8 bytes=147928
DEBUG kasumi_engine::restore_phase: restore phase timing event="restore_phase_ended" phase="snapshot.terminal_batch" phase_id=98 elapsed_ms=235 outcome="succeeded"
DEBUG kasumi_engine::restore_phase: restore phase timing event="restore_phase_started" phase="snapshot.terminal_batch" phase_id=99 elapsed_ms=0 outcome="started"
DEBUG kasumi_engine::restore_phase: restore terminal staging batch event="snapshot_terminal_batch" rows=8 bytes=147928
DEBUG kasumi_engine::restore_phase: restore phase timing event="restore_phase_ended" phase="snapshot.terminal_batch" phase_id=99 elapsed_ms=269 outcome="succeeded"
DEBUG kasumi_engine::restore_phase: restore phase timing event="restore_phase_started" phase="snapshot.terminal_batch" phase_id=100 elapsed_ms=0 outcome="started"
DEBUG kasumi_engine::restore_phase: restore terminal staging batch event="snapshot_terminal_batch" rows=8 bytes=147928
DEBUG kasumi_engine::restore_phase: restore phase timing event="restore_phase_ended" phase="snapshot.terminal_batch" phase_id=100 elapsed_ms=231 outcome="succeeded"
DEBUG kasumi_engine::restore_phase: restore phase timing event="restore_phase_started" phase="snapshot.terminal_batch" phase_id=101 elapsed_ms=0 outcome="started"
DEBUG kasumi_engine::restore_phase: restore terminal staging batch event="snapshot_terminal_batch" rows=8 bytes=147928
DEBUG kasumi_engine::restore_phase: restore phase timing event="restore_phase_ended" phase="snapshot.terminal_batch" phase_id=101 elapsed_ms=272 outcome="succeeded"
DEBUG kasumi_engine::restore_phase: restore phase timing event="restore_phase_started" phase="snapshot.terminal_batch" phase_id=102 elapsed_ms=0 outcome="started"
DEBUG kasumi_engine::restore_phase: restore terminal staging batch event="snapshot_terminal_batch" rows=8 bytes=147928
DEBUG kasumi_engine::restore_phase: restore phase timing event="restore_phase_ended" phase="snapshot.terminal_batch" phase_id=102 elapsed_ms=243 outcome="succeeded"
DEBUG kasumi_engine::restore_phase: restore phase timing event="restore_phase_started" phase="snapshot.terminal_batch" phase_id=103 elapsed_ms=0 outcome="started"
DEBUG kasumi_engine::restore_phase: restore terminal staging batch event="snapshot_terminal_batch" rows=8 bytes=147928
DEBUG kasumi_engine::restore_phase: restore phase timing event="restore_phase_ended" phase="snapshot.terminal_batch" phase_id=103 elapsed_ms=243 outcome="succeeded"
DEBUG kasumi_engine::restore_phase: restore phase timing event="restore_phase_started" phase="snapshot.terminal_batch" phase_id=104 elapsed_ms=0 outcome="started"
DEBUG kasumi_engine::restore_phase: restore terminal staging batch event="snapshot_terminal_batch" rows=8 bytes=147928
DEBUG kasumi_engine::restore_phase: restore phase timing event="restore_phase_ended" phase="snapshot.terminal_batch" phase_id=104 elapsed_ms=265 outcome="succeeded"
DEBUG kasumi_engine::restore_phase: restore phase timing event="restore_phase_started" phase="snapshot.terminal_batch" phase_id=105 elapsed_ms=0 outcome="started"
DEBUG kasumi_engine::restore_phase: restore terminal staging batch event="snapshot_terminal_batch" rows=8 bytes=147928
DEBUG kasumi_engine::restore_phase: restore phase timing event="restore_phase_ended" phase="snapshot.terminal_batch" phase_id=105 elapsed_ms=361 outcome="succeeded"
DEBUG kasumi_engine::restore_phase: restore phase timing event="restore_phase_started" phase="snapshot.terminal_batch" phase_id=106 elapsed_ms=0 outcome="started"
DEBUG kasumi_engine::restore_phase: restore terminal staging batch event="snapshot_terminal_batch" rows=8 bytes=147928
DEBUG kasumi_engine::restore_phase: restore phase timing event="restore_phase_ended" phase="snapshot.terminal_batch" phase_id=106 elapsed_ms=361 outcome="succeeded"
DEBUG kasumi_engine::restore_phase: restore phase timing event="restore_phase_started" phase="snapshot.terminal_batch" phase_id=107 elapsed_ms=0 outcome="started"
DEBUG kasumi_engine::restore_phase: restore terminal staging batch event="snapshot_terminal_batch" rows=8 bytes=147928
DEBUG kasumi_engine::restore_phase: restore phase timing event="restore_phase_ended" phase="snapshot.terminal_batch" phase_id=107 elapsed_ms=284 outcome="succeeded"
DEBUG kasumi_engine::restore_phase: restore phase timing event="restore_phase_started" phase="snapshot.terminal_batch" phase_id=108 elapsed_ms=0 outcome="started"
DEBUG kasumi_engine::restore_phase: restore terminal staging batch event="snapshot_terminal_batch" rows=8 bytes=147928
DEBUG kasumi_engine::restore_phase: restore phase timing event="restore_phase_ended" phase="snapshot.terminal_batch" phase_id=108 elapsed_ms=299 outcome="succeeded"
DEBUG kasumi_engine::restore_phase: restore phase timing event="restore_phase_started" phase="snapshot.terminal_batch" phase_id=109 elapsed_ms=0 outcome="started"
DEBUG kasumi_engine::restore_phase: restore terminal staging batch event="snapshot_terminal_batch" rows=8 bytes=147928
DEBUG kasumi_engine::restore_phase: restore phase timing event="restore_phase_ended" phase="snapshot.terminal_batch" phase_id=109 elapsed_ms=358 outcome="succeeded"
DEBUG kasumi_engine::restore_phase: restore phase timing event="restore_phase_started" phase="snapshot.terminal_batch" phase_id=110 elapsed_ms=0 outcome="started"
DEBUG kasumi_engine::restore_phase: restore terminal staging batch event="snapshot_terminal_batch" rows=8 bytes=147928
DEBUG kasumi_engine::restore_phase: restore phase timing event="restore_phase_ended" phase="snapshot.terminal_batch" phase_id=110 elapsed_ms=373 outcome="succeeded"
DEBUG kasumi_engine::restore_phase: restore phase timing event="restore_phase_started" phase="snapshot.terminal_batch" phase_id=111 elapsed_ms=0 outcome="started"
DEBUG kasumi_engine::restore_phase: restore terminal staging batch event="snapshot_terminal_batch" rows=8 bytes=147928
DEBUG kasumi_engine::restore_phase: restore phase timing event="restore_phase_ended" phase="snapshot.terminal_batch" phase_id=111 elapsed_ms=300 outcome="succeeded"
DEBUG kasumi_engine::restore_phase: restore phase timing event="restore_phase_started" phase="snapshot.terminal_batch" phase_id=112 elapsed_ms=0 outcome="started"
DEBUG kasumi_engine::restore_phase: restore terminal staging batch event="snapshot_terminal_batch" rows=8 bytes=147928
DEBUG kasumi_engine::restore_phase: restore phase timing event="restore_phase_ended" phase="snapshot.terminal_batch" phase_id=112 elapsed_ms=299 outcome="succeeded"
DEBUG kasumi_engine::restore_phase: restore phase timing event="restore_phase_started" phase="snapshot.terminal_batch" phase_id=113 elapsed_ms=0 outcome="started"
DEBUG kasumi_engine::restore_phase: restore terminal staging batch event="snapshot_terminal_batch" rows=8 bytes=147928
DEBUG kasumi_engine::restore_phase: restore phase timing event="restore_phase_ended" phase="snapshot.terminal_batch" phase_id=113 elapsed_ms=353 outcome="succeeded"
DEBUG kasumi_engine::restore_phase: restore phase timing event="restore_phase_started" phase="snapshot.terminal_batch" phase_id=114 elapsed_ms=0 outcome="started"
DEBUG kasumi_engine::restore_phase: restore terminal staging batch event="snapshot_terminal_batch" rows=8 bytes=147928
DEBUG kasumi_engine::restore_phase: restore phase timing event="restore_phase_ended" phase="snapshot.terminal_batch" phase_id=114 elapsed_ms=483 outcome="succeeded"
DEBUG kasumi_engine::restore_phase: restore phase timing event="restore_phase_started" phase="snapshot.terminal_batch" phase_id=115 elapsed_ms=0 outcome="started"
DEBUG kasumi_engine::restore_phase: restore terminal staging batch event="snapshot_terminal_batch" rows=8 bytes=147928
DEBUG kasumi_engine::restore_phase: restore phase timing event="restore_phase_ended" phase="snapshot.terminal_batch" phase_id=115 elapsed_ms=366 outcome="succeeded"
DEBUG kasumi_engine::restore_phase: restore phase timing event="restore_phase_started" phase="snapshot.terminal_batch" phase_id=116 elapsed_ms=0 outcome="started"
DEBUG kasumi_engine::restore_phase: restore terminal staging batch event="snapshot_terminal_batch" rows=8 bytes=147928
DEBUG kasumi_engine::restore_phase: restore phase timing event="restore_phase_ended" phase="snapshot.terminal_batch" phase_id=116 elapsed_ms=307 outcome="succeeded"
DEBUG kasumi_engine::restore_phase: restore phase timing event="restore_phase_started" phase="snapshot.terminal_batch" phase_id=117 elapsed_ms=0 outcome="started"
DEBUG kasumi_engine::restore_phase: restore terminal staging batch event="snapshot_terminal_batch" rows=8 bytes=147928
DEBUG kasumi_engine::restore_phase: restore phase timing event="restore_phase_ended" phase="snapshot.terminal_batch" phase_id=117 elapsed_ms=315 outcome="succeeded"
DEBUG kasumi_engine::restore_phase: restore phase timing event="restore_phase_started" phase="snapshot.terminal_batch" phase_id=118 elapsed_ms=0 outcome="started"
DEBUG kasumi_engine::restore_phase: restore terminal staging batch event="snapshot_terminal_batch" rows=8 bytes=147928
DEBUG kasumi_engine::restore_phase: restore phase timing event="restore_phase_ended" phase="snapshot.terminal_batch" phase_id=118 elapsed_ms=346 outcome="succeeded"
DEBUG kasumi_engine::restore_phase: restore phase timing event="restore_phase_started" phase="snapshot.terminal_batch" phase_id=119 elapsed_ms=0 outcome="started"
DEBUG kasumi_engine::restore_phase: restore terminal staging batch event="snapshot_terminal_batch" rows=8 bytes=147928
DEBUG kasumi_engine::restore_phase: restore phase timing event="restore_phase_ended" phase="snapshot.terminal_batch" phase_id=119 elapsed_ms=310 outcome="succeeded"
DEBUG kasumi_engine::restore_phase: restore phase timing event="restore_phase_started" phase="snapshot.terminal_batch" phase_id=120 elapsed_ms=0 outcome="started"
DEBUG kasumi_engine::restore_phase: restore terminal staging batch event="snapshot_terminal_batch" rows=8 bytes=147928
DEBUG kasumi_engine::restore_phase: restore phase timing event="restore_phase_ended" phase="snapshot.terminal_batch" phase_id=120 elapsed_ms=330 outcome="succeeded"
DEBUG kasumi_engine::restore_phase: restore phase timing event="restore_phase_started" phase="snapshot.terminal_batch" phase_id=121 elapsed_ms=0 outcome="started"
DEBUG kasumi_engine::restore_phase: restore terminal staging batch event="snapshot_terminal_batch" rows=8 bytes=147928
DEBUG kasumi_engine::restore_phase: restore phase timing event="restore_phase_ended" phase="snapshot.terminal_batch" phase_id=121 elapsed_ms=305 outcome="succeeded"
DEBUG kasumi_engine::restore_phase: restore phase timing event="restore_phase_started" phase="snapshot.terminal_batch" phase_id=122 elapsed_ms=0 outcome="started"
DEBUG kasumi_engine::restore_phase: restore terminal staging batch event="snapshot_terminal_batch" rows=8 bytes=147928
DEBUG kasumi_engine::restore_phase: restore phase timing event="restore_phase_ended" phase="snapshot.terminal_batch" phase_id=122 elapsed_ms=398 outcome="succeeded"
DEBUG kasumi_engine::restore_phase: restore phase timing event="restore_phase_started" phase="snapshot.terminal_batch" phase_id=123 elapsed_ms=0 outcome="started"
DEBUG kasumi_engine::restore_phase: restore terminal staging batch event="snapshot_terminal_batch" rows=8 bytes=147928
DEBUG kasumi_engine::restore_phase: restore phase timing event="restore_phase_ended" phase="snapshot.terminal_batch" phase_id=123 elapsed_ms=370 outcome="succeeded"
DEBUG kasumi_engine::restore_phase: restore phase timing event="restore_phase_started" phase="snapshot.terminal_batch" phase_id=124 elapsed_ms=0 outcome="started"
DEBUG kasumi_engine::restore_phase: restore terminal staging batch event="snapshot_terminal_batch" rows=8 bytes=147928
DEBUG kasumi_engine::restore_phase: restore phase timing event="restore_phase_ended" phase="snapshot.terminal_batch" phase_id=124 elapsed_ms=601 outcome="succeeded"
DEBUG kasumi_engine::restore_phase: restore phase timing event="restore_phase_started" phase="snapshot.terminal_batch" phase_id=125 elapsed_ms=0 outcome="started"
DEBUG kasumi_engine::restore_phase: restore terminal staging batch event="snapshot_terminal_batch" rows=8 bytes=147928
DEBUG kasumi_engine::restore_phase: restore phase timing event="restore_phase_ended" phase="snapshot.terminal_batch" phase_id=125 elapsed_ms=536 outcome="succeeded"
DEBUG kasumi_engine::restore_phase: restore phase timing event="restore_phase_started" phase="snapshot.terminal_batch" phase_id=126 elapsed_ms=0 outcome="started"
DEBUG kasumi_engine::restore_phase: restore terminal staging batch event="snapshot_terminal_batch" rows=8 bytes=147928
DEBUG kasumi_engine::restore_phase: restore phase timing event="restore_phase_ended" phase="snapshot.terminal_batch" phase_id=126 elapsed_ms=426 outcome="succeeded"
DEBUG kasumi_engine::restore_phase: restore phase timing event="restore_phase_started" phase="snapshot.terminal_batch" phase_id=127 elapsed_ms=0 outcome="started"
DEBUG kasumi_engine::restore_phase: restore terminal staging batch event="snapshot_terminal_batch" rows=8 bytes=147928
DEBUG kasumi_engine::restore_phase: restore phase timing event="restore_phase_ended" phase="snapshot.terminal_batch" phase_id=127 elapsed_ms=517 outcome="succeeded"
DEBUG kasumi_engine::restore_phase: restore phase timing event="restore_phase_started" phase="snapshot.terminal_batch" phase_id=128 elapsed_ms=0 outcome="started"
DEBUG kasumi_engine::restore_phase: restore terminal staging batch event="snapshot_terminal_batch" rows=8 bytes=147928
DEBUG kasumi_engine::restore_phase: restore phase timing event="restore_phase_ended" phase="snapshot.terminal_batch" phase_id=128 elapsed_ms=326 outcome="succeeded"
DEBUG kasumi_engine::restore_phase: restore phase timing event="restore_phase_started" phase="snapshot.terminal_batch" phase_id=129 elapsed_ms=0 outcome="started"
DEBUG kasumi_engine::restore_phase: restore terminal staging batch event="snapshot_terminal_batch" rows=8 bytes=147928
DEBUG kasumi_engine::restore_phase: restore phase timing event="restore_phase_ended" phase="snapshot.terminal_batch" phase_id=129 elapsed_ms=326 outcome="succeeded"
DEBUG kasumi_engine::restore_phase: restore phase timing event="restore_phase_started" phase="snapshot.terminal_batch" phase_id=130 elapsed_ms=0 outcome="started"
DEBUG kasumi_engine::restore_phase: restore terminal staging batch event="snapshot_terminal_batch" rows=8 bytes=147928
test state::snapshot_bundle::tests::public_restore_admits_resident_state_without_charging_permanent_stream_as_ram has been running for over 60 seconds
DEBUG kasumi_engine::restore_phase: restore phase timing event="restore_phase_ended" phase="snapshot.terminal_batch" phase_id=130 elapsed_ms=350 outcome="succeeded"
DEBUG kasumi_engine::restore_phase: restore phase timing event="restore_phase_started" phase="snapshot.terminal_batch" phase_id=131 elapsed_ms=0 outcome="started"
DEBUG kasumi_engine::restore_phase: restore terminal staging batch event="snapshot_terminal_batch" rows=8 bytes=147928
DEBUG kasumi_engine::restore_phase: restore phase timing event="restore_phase_ended" phase="snapshot.terminal_batch" phase_id=131 elapsed_ms=370 outcome="succeeded"
DEBUG kasumi_engine::restore_phase: restore phase timing event="restore_phase_started" phase="snapshot.terminal_batch" phase_id=132 elapsed_ms=0 outcome="started"
DEBUG kasumi_engine::restore_phase: restore terminal staging batch event="snapshot_terminal_batch" rows=8 bytes=147928
DEBUG kasumi_engine::restore_phase: restore phase timing event="restore_phase_ended" phase="snapshot.terminal_batch" phase_id=132 elapsed_ms=416 outcome="succeeded"
DEBUG kasumi_engine::restore_phase: restore phase timing event="restore_phase_started" phase="snapshot.terminal_batch" phase_id=133 elapsed_ms=0 outcome="started"
DEBUG kasumi_engine::restore_phase: restore terminal staging batch event="snapshot_terminal_batch" rows=8 bytes=147928
DEBUG kasumi_engine::restore_phase: restore phase timing event="restore_phase_ended" phase="snapshot.terminal_batch" phase_id=133 elapsed_ms=328 outcome="succeeded"
DEBUG kasumi_engine::restore_phase: restore phase timing event="restore_phase_ended" phase="public_restore.decode" phase_id=68 elapsed_ms=33930 remaining_ms=25189 outcome="succeeded"
DEBUG kasumi_engine::restore_phase: restore phase timing event="restore_phase_started" phase="public_restore.discard" phase_id=134 elapsed_ms=0 remaining_ms=25189 outcome="started"
DEBUG kasumi_engine::restore_phase: restore phase timing event="restore_phase_ended" phase="public_restore.discard" phase_id=134 elapsed_ms=32 remaining_ms=25157 outcome="succeeded"
DEBUG kasumi_engine::restore_phase: restore phase timing event="restore_phase_ended" phase="public_restore.wait" phase_id=66 elapsed_ms=34842 remaining_ms=25157 outcome="succeeded"
test state::snapshot_bundle::tests::public_restore_admits_resident_state_without_charging_permanent_stream_as_ram ... ok

test result: ok. 1 passed; 0 failed; 0 ignored; 0 measured; 643 filtered out; finished in 62.20s

     Running unittests src/lib.rs (target/disk-backed-cache/debug/deps/kasumi_kv-221aa5373d25965b)

running 0 tests

test result: ok. 0 passed; 0 failed; 0 ignored; 0 measured; 551 filtered out; finished in 0.00s

     Running unittests src/lib.rs (target/disk-backed-cache/debug/deps/kasumi_raft-8af78bc0d2a8574c)

running 0 tests

test result: ok. 0 passed; 0 failed; 0 ignored; 0 measured; 182 filtered out; finished in 0.00s

     Running unittests src/lib.rs (target/disk-backed-cache/debug/deps/kasumi_store-4ef75ebdc018c368)

running 0 tests

test result: ok. 0 passed; 0 failed; 0 ignored; 0 measured; 721 filtered out; finished in 0.00s

Runner: 62.70s; exit=0; matching=1547/1547
