Command: cargo test --locked --offline --config profile.test.package.kasumi-kv.opt-level=3 --config profile.test.package.sha2.opt-level=3 -p kasumi-kv -p kasumi-store -p kasumi-query -p kasumi-raft -p kasumi-engine -p kasumi-authority --all-features --lib --no-fail-fast -- snapshot_actor snapshot_prepared_child_ spool_ retained_spool_ --nocapture
ISOLATED_SOURCE=/tmp/kasumi-source-cohort-validation-v1
CARGO_TARGET_DIR=/Users/takemiyamakoto/dev/kasumi/target/disk-backed-cache
warning: field `database` is never read
  --> crates/kasumi-store/src/storage_opening/publication.rs:58:5
   |
55 | struct PublicationRequest {
   |        ------------------ field in this struct
...
58 |     database: StorageRegistration<DatabaseOwner>,
   |     ^^^^^^^^
   |
   = note: `#[warn(dead_code)]` (part of `#[warn(unused)]`) on by default

warning: `kasumi-store` (lib) generated 1 warning
warning: method `last_sm_seq` is never used
  --> vendor/openraft-0.9.25/openraft/src/engine/engine_output.rs:35:19
   |
24 | / impl<C> EngineOutput<C>
25 | | where
26 | |     C: RaftTypeConfig,
   | |______________________- method in this implementation
...
35 |       pub(crate) fn last_sm_seq(&self) -> CommandSeq {
   |                     ^^^^^^^^^^^
   |
   = note: `#[warn(dead_code)]` (part of `#[warn(unused)]`) on by default

warning: method `accept_vote` is never used
  --> vendor/openraft-0.9.25/openraft/src/engine/handler/vote_handler/mod.rs:58:19
   |
45 | / impl<C> VoteHandler<'_, C>
46 | | where
47 | |     C: RaftTypeConfig,
   | |______________________- method in this implementation
...
58 |       pub(crate) fn accept_vote<T, E, F>(
   |                     ^^^^^^^^^^^

warning: `openraft` (lib) generated 2 warnings
warning: field `0` is never read
  --> crates/kasumi-raft/src/owned_prepared_restore.rs:25:33
   |
25 | struct CandidateRetirementPanic(std::sync::Mutex<Box<dyn std::any::Any + Send>>);
   |        ------------------------ ^^^^^^^^^^^^^^^^^^^^^^^^^^^^^^^^^^^^^^^^^^^^^^^
   |        |
   |        field in this struct
   |
   = help: consider removing this field
   = note: `#[warn(dead_code)]` (part of `#[warn(unused)]`) on by default

warning: method `prepared_snapshot_publication` is never used
   --> crates/kasumi-raft/src/custody_machine.rs:235:19
    |
135 | impl CustodyMachine {
    | ------------------- method in this implementation
...
235 |     pub(crate) fn prepared_snapshot_publication(
    |                   ^^^^^^^^^^^^^^^^^^^^^^^^^^^^^

warning: method `publish` is never used
   --> crates/kasumi-raft/src/custody_snapshot_preparation.rs:298:19
    |
188 | impl PreparedCustodySnapshotPublication {
    | --------------------------------------- method in this implementation
...
298 |     pub(crate) fn publish(&mut self, control: &OwnedControlGuard) -> Result<()> {
    |                   ^^^^^^^

warning: field `0` is never read
   --> crates/kasumi-raft/src/custody_snapshot_preparation.rs:382:32
    |
382 | struct SnapshotRetirementPanic(std::sync::Mutex<Box<dyn std::any::Any + Send>>);
    |        ----------------------- ^^^^^^^^^^^^^^^^^^^^^^^^^^^^^^^^^^^^^^^^^^^^^^^
    |        |
    |        field in this struct
    |
    = help: consider removing this field

warning: field `0` is never read
   --> crates/kasumi-raft/src/lifetime.rs:249:17
    |
249 |     Application(StorageHandle<kasumi_store::TenantStorageSet>),
    |     ----------- ^^^^^^^^^^^^^^^^^^^^^^^^^^^^^^^^^^^^^^^^^^^^^
    |     |
    |     field in this variant
    |
help: consider changing the field to be of unit type to suppress this warning while preserving the field numbering, or remove the field
    |
249 -     Application(StorageHandle<kasumi_store::TenantStorageSet>),
249 +     Application(()),
    |

warning: field `0` is never read
   --> crates/kasumi-raft/src/lifetime.rs:250:13
    |
250 |     Custody(StorageHandle<kasumi_store::CustodyStore>),
    |     ------- ^^^^^^^^^^^^^^^^^^^^^^^^^^^^^^^^^^^^^^^^^
    |     |
    |     field in this variant
    |
help: consider changing the field to be of unit type to suppress this warning while preserving the field numbering, or remove the field
    |
250 -     Custody(StorageHandle<kasumi_store::CustodyStore>),
250 +     Custody(()),
    |

warning: associated function `new` is never used
  --> crates/kasumi-raft/src/snapshot_buffer/prepared_child.rs:84:8
   |
83 | impl PreparedChild {
   | ------------------ associated function in this implementation
84 |     fn new(body: PreparedSnapshotBody) -> Self {
   |        ^^^

warning: field `0` is never read
   --> crates/kasumi-raft/src/snapshot_buffer/prepared_child.rs:307:19
    |
307 | struct ChildPanic(Mutex<Box<dyn std::any::Any + Send>>);
    |        ---------- ^^^^^^^^^^^^^^^^^^^^^^^^^^^^^^^^^^^^
    |        |
    |        field in this struct
    |
    = help: consider removing this field

warning: methods `begin_prepared_body` and `cancel_body` are never used
   --> crates/kasumi-raft/src/snapshot_buffer/prepared_child.rs:406:19
    |
320 | impl SnapshotBuffer {
    | ------------------- methods in this implementation
...
406 |     pub(crate) fn begin_prepared_body(
    |                   ^^^^^^^^^^^^^^^^^^^
...
470 |     pub(crate) async fn cancel_body(&mut self) -> DrainResult {
    |                         ^^^^^^^^^^^

warning: method `prepare_engine_publication` is never used
    --> crates/kasumi-raft/src/storage.rs:1121:19
     |
1083 | impl PendingSnapshot {
     | -------------------- method in this implementation
...
1121 |     pub(crate) fn prepare_engine_publication<'backend>(
     |                   ^^^^^^^^^^^^^^^^^^^^^^^^^^

warning: enum `SnapshotPublicationPhase` is never used
    --> crates/kasumi-raft/src/storage.rs:1175:6
     |
1175 | enum SnapshotPublicationPhase {
     |      ^^^^^^^^^^^^^^^^^^^^^^^^

warning: struct `PreparedEngineSnapshotPublication` is never constructed
    --> crates/kasumi-raft/src/storage.rs:1181:19
     |
1181 | pub(crate) struct PreparedEngineSnapshotPublication<'backend> {
     |                   ^^^^^^^^^^^^^^^^^^^^^^^^^^^^^^^^^

warning: methods `source` and `publish` are never used
    --> crates/kasumi-raft/src/storage.rs:1191:19
     |
1190 | impl PreparedEngineSnapshotPublication<'_> {
     | ------------------------------------------ methods in this implementation
1191 |     pub(crate) fn source(&self) -> &crate::PreparedSnapshotSourceEnvelope {
     |                   ^^^^^^
...
1194 |     pub(crate) fn publish(&mut self, domains: &TenantStorageSet) -> Result<()> {
     |                   ^^^^^^^

warning: method `context` is never used
   --> crates/kasumi-raft/src/storage/snapshot_conflict.rs:403:19
    |
134 | impl PreparedSnapshotConflict {
    | ----------------------------- method in this implementation
...
403 |     pub(crate) fn context(&self) -> &SnapshotAcceptanceContext<u64> {
    |                   ^^^^^^^

warning: method `source` is never used
   --> crates/kasumi-raft/src/storage/owned_snapshot_body.rs:328:19
    |
 59 | impl PreparedApplicationSnapshot {
    | -------------------------------- method in this implementation
...
328 |     pub(crate) fn source(&self) -> Option<&crate::PreparedSnapshotSourceEnvelope> {
    |                   ^^^^^^

warning: field `0` is never read
   --> crates/kasumi-raft/src/storage/owned_snapshot_body.rs:770:32
    |
770 | struct SnapshotRetirementPanic(std::sync::Mutex<Box<dyn std::any::Any + Send>>);
    |        ----------------------- ^^^^^^^^^^^^^^^^^^^^^^^^^^^^^^^^^^^^^^^^^^^^^^^
    |        |
    |        field in this struct
    |
    = help: consider removing this field

warning: methods `log` and `expected` are never used
   --> crates/kasumi-raft/src/storage/snapshot_seed.rs:461:19
    |
132 | impl SnapshotSeed {
    | ----------------- methods in this implementation
...
461 |     pub(crate) fn log(&self) -> &LogStore {
    |                   ^^^
...
464 |     pub(crate) fn expected(&self) -> &SnapshotMeta<u64, BasicNode> {
    |                   ^^^^^^^^

warning: methods `fixture_install_snapshot` and `prepared_snapshot_publication` are never used
   --> crates/kasumi-raft/src/custody_machine.rs:139:25
    |
135 | impl CustodyMachine {
    | ------------------- methods in this implementation
...
139 |     pub(crate) async fn fixture_install_snapshot(
    |                         ^^^^^^^^^^^^^^^^^^^^^^^^
...
235 |     pub(crate) fn prepared_snapshot_publication(
    |                   ^^^^^^^^^^^^^^^^^^^^^^^^^^^^^
    |
    = note: `#[warn(dead_code)]` (part of `#[warn(unused)]`) on by default

warning: `kasumi-raft` (lib) generated 17 warnings
warning: `kasumi-raft` (lib test) generated 7 warnings (6 duplicates)
   Compiling kasumi-engine v0.1.0 (/private/tmp/kasumi-source-cohort-validation-v1/crates/kasumi-engine)
   Compiling kasumi-store v0.1.0 (/private/tmp/kasumi-source-cohort-validation-v1/crates/kasumi-store)
warning: methods `prepare` and `prepare_kind` are never used
   --> crates/kasumi-engine/src/application_sources.rs:756:19
    |
648 | impl SourceRootsRef {
    | ------------------- methods in this implementation
...
756 |     pub(crate) fn prepare(&self) -> Result<RootPreparation> {
    |                   ^^^^^^^
...
795 |     fn prepare_kind(&self, canonical: bool) -> Result<RootPreparation> {
    |        ^^^^^^^^^^^^
    |
    = note: `#[warn(dead_code)]` (part of `#[warn(unused)]`) on by default

warning: `kasumi-store` (lib test) generated 1 warning (1 duplicate)
warning: `kasumi-engine` (lib) generated 1 warning
   Compiling kasumi-authority v0.1.0 (/private/tmp/kasumi-source-cohort-validation-v1/crates/kasumi-authority)
    Finished `test` profile [unoptimized + debuginfo] target(s) in 2m 10s
     Running unittests src/lib.rs (/Users/takemiyamakoto/dev/kasumi/target/disk-backed-cache/debug/deps/kasumi_authority-e63a7f831ec29de9)

running 0 tests

test result: ok. 0 passed; 0 failed; 0 ignored; 0 measured; 78 filtered out; finished in 0.00s

     Running unittests src/lib.rs (/Users/takemiyamakoto/dev/kasumi/target/disk-backed-cache/debug/deps/kasumi_engine-707e7a92ed2be845)

running 0 tests

test result: ok. 0 passed; 0 failed; 0 ignored; 0 measured; 683 filtered out; finished in 0.00s

     Running unittests src/lib.rs (/Users/takemiyamakoto/dev/kasumi/target/disk-backed-cache/debug/deps/kasumi_kv-221aa5373d25965b)

running 0 tests

test result: ok. 0 passed; 0 failed; 0 ignored; 0 measured; 575 filtered out; finished in 0.00s

     Running unittests src/lib.rs (/Users/takemiyamakoto/dev/kasumi/target/disk-backed-cache/debug/deps/kasumi_query-98098ded30f605b4)

running 0 tests

test result: ok. 0 passed; 0 failed; 0 ignored; 0 measured; 71 filtered out; finished in 0.00s

     Running unittests src/lib.rs (/Users/takemiyamakoto/dev/kasumi/target/disk-backed-cache/debug/deps/kasumi_raft-80f97d1b4f50c7fa)

running 12 tests

thread 'tokio-rt-worker' (27013059) panicked at crates/kasumi-raft/src/snapshot_buffer_tests.rs:33:18:
Box<dyn Any>
note: run with `RUST_BACKTRACE=1` environment variable to display a backtrace
test snapshot_buffer::tests::snapshot_prepare_image_unknown_child_retains_exact_spool_and_original_issue ... ok
test snapshot_codec::retained_decoder_tests::snapshot_retained_decoder_invalid_footer_keeps_partial_spool_until_positive_close ... ok
test snapshot_buffer::tests::snapshot_prepared_child_refusal_retires_actual_body_and_preserves_original_error ... ok
test snapshot_buffer::tests::snapshot_prepared_child_complete_cleanup_keeps_original_refusal_and_native_issue ... ok
Error: noncanonical snapshot metadata
test storage::tests::snapshot_actor_tests::snapshot_actor_abandoned_ready_facade_stays_registered_until_positive_shutdown ... FAILED
test storage::tests::snapshot_actor_tests::snapshot_actor_refuses_context_mismatch_then_retires_original_transfer ... ok
test storage::tests::snapshot_actor_tests::snapshot_actor_cancelled_prepare_rejoins_original_decode_refusal ... ok
Error: noncanonical snapshot metadata
test storage::tests::snapshot_actor_tests::snapshot_actor_unknown_native_capture_keeps_original_registered_child_after_observer_drop ... FAILED
Error: noncanonical snapshot metadata
test storage::tests::snapshot_actor_tests::snapshot_actor_actual_native_conflict_then_final_and_cleanup_keep_votes_moving ... FAILED
Error: noncanonical snapshot metadata
test storage::tests::snapshot_actor_tests::snapshot_actor_actual_native_ready_cancels_without_changing_logs_or_backend ... FAILED
test snapshot_buffer::tests::snapshot_prepared_child_pending_keeps_exact_stage_then_cancels ... ok

thread 'snapshot_buffer::tests::snapshot_prepared_child_cancel_joins_original_ready_and_retires_token' (27013035) panicked at crates/kasumi-raft/src/snapshot_buffer_tests.rs:948:5:
same canonical writer entered actual wait before cancellation
test snapshot_buffer::tests::snapshot_prepared_child_cancel_joins_original_ready_and_retires_token ... FAILED

failures:

failures:
    snapshot_buffer::tests::snapshot_prepared_child_cancel_joins_original_ready_and_retires_token
    storage::tests::snapshot_actor_tests::snapshot_actor_abandoned_ready_facade_stays_registered_until_positive_shutdown
    storage::tests::snapshot_actor_tests::snapshot_actor_actual_native_conflict_then_final_and_cleanup_keep_votes_moving
    storage::tests::snapshot_actor_tests::snapshot_actor_actual_native_ready_cancels_without_changing_logs_or_backend
    storage::tests::snapshot_actor_tests::snapshot_actor_unknown_native_capture_keeps_original_registered_child_after_observer_drop

test result: FAILED. 7 passed; 5 failed; 0 ignored; 0 measured; 236 filtered out; finished in 9.05s

error: test failed, to rerun pass `-p kasumi-raft --lib`
     Running unittests src/lib.rs (/Users/takemiyamakoto/dev/kasumi/target/disk-backed-cache/debug/deps/kasumi_store-6fd2a1f28b2df75c)

running 18 tests
test spool::setup::tests::spool_setup_pristine_refusal_precedes_memory_and_descriptor_effects ... ok
test spool::native_close_tests::original_sync_error_retains_open_spool_without_claiming_native_drain ... ok
test spool::registered::tests::registered_spool_unknown_close_moves_exact_data_back_before_last_facade_disappears ... ok
test spool::setup::tests::spool_setup_entered_refusal_preserves_original_and_positively_retires_actual_file ... ok
test spool::registered::tests::registered_spool_constructor_panic_retains_actual_seed_descriptor_and_original_in_census ... ok
test spool::registered::tests::registered_spool_returns_exact_original_error_only_after_positive_constructor_cleanup ... ok
test spool::native_close_tests::snapshot_image_failed_close_retains_actual_spool_and_original_sync_error ... ok
test spool::native_close_tests::retained_spool_retires_actual_descriptor_before_releasing_its_charge ... ok
test spool::registered::tests::registered_spool_raw_drop_observes_native_close_and_releases_original_registration ... ok
test spool::setup::tests::spool_setup_success_transfers_same_encrypted_file_and_buffer_charge ... ok
test scratch_table::tests::failed_bootstrap_closes_the_exact_spool_before_returning ... ok
test spool::registered::tests::registered_spool_both_constructors_share_seed_and_retire_same_census_lease ... ok
test spool::tests::encrypted_spool_seek_overwrite_and_bounds ... ok
test scratch_table::tests::actual_spool_close_reports_native_drain_before_retiring_adapter_owner ... ok
test spool::retained_spool::tests::actual_final_sync_panic_reaches_database_with_same_payload_and_spool_still_present ... ok
test spool::retained_spool::tests::original_sync_error_moves_once_to_database_while_spool_and_charge_stay_owned ... ok
test scratch_table::tests::strict_create_rejects_a_non_empty_spool_instead_of_adopting_its_frames ... ok
test scratch_table::tests::dropping_a_failed_table_keeps_spool_and_charge_without_allocating ... ok

test result: ok. 18 passed; 0 failed; 0 ignored; 0 measured; 741 filtered out; finished in 0.67s

error: 1 target failed:
    `-p kasumi-raft --lib`
Runner: 140.04s; exit=101; matching=1617/1617
