Command: cargo test --locked --offline --config profile.test.package.kasumi-kv.opt-level=3 --config profile.test.package.sha2.opt-level=3 -p kasumi-kv -p kasumi-store -p kasumi-query -p kasumi-raft -p kasumi-engine -p kasumi-authority --all-features --lib --no-fail-fast -- publication_inventory_ native_publication_backend_ snapshot_actor_ storage::snapshot_conflict::tests group_publication prepared_publication::tests streamed_publication_ publication_capture_ publication_failure:: storage::publication_producer::tests --nocapture
ISOLATED_SOURCE=/tmp/kasumi-source-cohort-validation-v1
CARGO_TARGET_DIR=/Users/takemiyamakoto/dev/kasumi/target/disk-backed-cache
   Compiling kasumi-kv v0.1.0 (/private/tmp/kasumi-source-cohort-validation-v1/crates/kasumi-kv)
   Compiling openraft v0.9.25 (/private/tmp/kasumi-source-cohort-validation-v1/vendor/openraft-0.9.25/openraft)
warning: unused import: `publication::StreamedBatchWorkspace`
    --> crates/kasumi-kv/src/segment.rs:4222:16
     |
4222 | pub(crate) use publication::StreamedBatchWorkspace;
     |                ^^^^^^^^^^^^^^^^^^^^^^^^^^^^^^^^^^^
     |
     = note: `#[warn(unused_imports)]` (part of `#[warn(unused)]`) on by default

warning: method `space_requirements` is never used
   --> crates/kasumi-kv/src/publication_inventory.rs:315:19
    |
270 | impl PublicationInventory {
    | ------------------------- method in this implementation
...
315 |     pub(crate) fn space_requirements(
    |                   ^^^^^^^^^^^^^^^^^^
    |
    = note: `#[warn(dead_code)]` (part of `#[warn(unused)]`) on by default

   Compiling kasumi-store v0.1.0 (/private/tmp/kasumi-source-cohort-validation-v1/crates/kasumi-store)
warning: method `publication_pages` is never used
  --> crates/kasumi-kv/src/arena_space.rs:95:19
   |
94 | impl DirectoryArenaBackend {
   | -------------------------- method in this implementation
95 |     pub(crate) fn publication_pages(&self) -> Result<u64, CoreError> {
   |                   ^^^^^^^^^^^^^^^^^
   |
   = note: `#[warn(dead_code)]` (part of `#[warn(unused)]`) on by default

warning: method `publication_capacity` is never used
   --> crates/kasumi-kv/src/segment_space.rs:291:19
    |
290 | impl SegmentWriter {
    | ------------------ method in this implementation
291 |     pub(crate) fn publication_capacity(&self) -> Result<u64, CoreError> {
    |                   ^^^^^^^^^^^^^^^^^^^^

warning: method `values` is never used
  --> crates/kasumi-kv/src/segment_publication.rs:39:19
   |
38 | impl StreamedBatchWorkspace {
   | --------------------------- method in this implementation
39 |     pub(crate) fn values(&self) -> &[Option<ValueLocation>] {
   |                   ^^^^^^

warning: method `last_sm_seq` is never used
  --> vendor/openraft-0.9.25/openraft/src/engine/engine_output.rs:35:19
   |
24 | / impl<C> EngineOutput<C>
25 | | where
26 | |     C: RaftTypeConfig,
   | |______________________- method in this implementation
...
35 |       pub(crate) fn last_sm_seq(&self) -> CommandSeq {
   |                     ^^^^^^^^^^^
   |
   = note: `#[warn(dead_code)]` (part of `#[warn(unused)]`) on by default

warning: method `accept_vote` is never used
  --> vendor/openraft-0.9.25/openraft/src/engine/handler/vote_handler/mod.rs:58:19
   |
45 | / impl<C> VoteHandler<'_, C>
46 | | where
47 | |     C: RaftTypeConfig,
   | |______________________- method in this implementation
...
58 |       pub(crate) fn accept_vote<T, E, F>(
   |                     ^^^^^^^^^^^

warning: `openraft` (lib) generated 2 warnings
warning: `kasumi-kv` (lib) generated 2 warnings (run `cargo fix --lib -p kasumi-kv` to apply 1 suggestion)
   Compiling kasumi-raft v0.1.0 (/private/tmp/kasumi-source-cohort-validation-v1/crates/kasumi-raft)
error: cannot find macro `bail` in this scope
   --> crates/kasumi-raft/src/storage/publication_producer.rs:171:17
    |
171 |                 bail!("unexpected prospective snapshot metadata write");
    |                 ^^^^

warning: `kasumi-kv` (lib test) generated 4 warnings (1 duplicate)
error: could not compile `kasumi-raft` (lib) due to 1 previous error
warning: build failed, waiting for other jobs to finish...
error: could not compile `kasumi-raft` (lib test) due to 1 previous error
Runner: 51.97s; exit=101; matching=1603/1603
