Command: cargo test -p kasumi-kv --all-features --lib --locked --offline --config profile.test.package.kasumi-kv.opt-level=3 --config profile.test.package.sha2.opt-level=3 -- --test-threads=1 read_fork_tests::
CARGO_TARGET_DIR=target/disk-backed-cache
   Compiling kasumi-kv v0.1.0 (/Users/takemiyamakoto/dev/kasumi/crates/kasumi-kv)
    Finished `test` profile [unoptimized + debuginfo] target(s) in 39.19s
     Running unittests src/lib.rs (target/disk-backed-cache/debug/deps/kasumi_kv-7c66dd9ab067962c)

running 13 tests
test tables::read_fork_tests::retained_acquisition_capacity_witness_follows_actual_backing_and_pin_refunds ... ok
test tables::read_fork_tests::retained_acquisition_full_native_pin_registry_refunds_both_provisional_grants ... ok
test tables::read_fork_tests::retained_acquisition_provisional_backing_drop_panic_cannot_mint_clean_witness ... ok
test tables::read_fork_tests::retained_reader_disposal_panic_preserves_unknown_even_after_transaction_is_absent ... ok
test tables::read_fork_tests::selected_snapshot_backing_concurrent_final_aliases_retire_one_actual_arc ... ok
test tables::read_fork_tests::selected_snapshot_backing_retires_after_last_descendant_and_before_refund ... ok
test tables::read_fork_tests::selected_snapshot_fork_byte_and_slot_refusal_leave_parent_and_counts_unchanged ... ok
test tables::read_fork_tests::selected_snapshot_fork_close_orders_wait_only_for_own_table_range_and_value ... ok
test tables::read_fork_tests::selected_snapshot_fork_keeps_old_root_after_update_delete_and_parent_drop ... ok
test tables::read_fork_tests::selected_snapshot_fork_owner_failure_after_admission_retires_private_clone ... ok
test tables::read_fork_tests::selected_snapshot_fork_racing_database_seal_rolls_back_admitted_child ... ok
test tables::read_fork_tests::selected_snapshot_normal_captures_preclaim_and_rollback_before_pin_creation ... ok
test tables::read_fork_tests::selected_snapshot_retained_fork_starts_open_and_preserves_owner_failure ... ok

test result: ok. 13 passed; 0 failed; 0 ignored; 0 measured; 444 filtered out; finished in 0.05s

Runner: 39.43s; exit=0; matching=736/736
