   Compiling smallvec v1.16.0
   Compiling syn v2.0.119
   Compiling errno v0.3.14
   Compiling displaydoc v0.2.7
   Compiling ring v0.17.14
   Compiling rustls v0.23.43
   Compiling http v1.5.0
   Compiling time v0.3.55
   Compiling form_urlencoded v1.2.2
   Compiling slab v0.4.12
   Compiling futures-core v0.3.34
   Compiling bon v3.10.0
   Compiling rustix v1.1.4
   Compiling parking_lot_core v0.9.12
   Compiling futures-util v0.3.34
   Compiling parking_lot v0.12.5
   Compiling ureq-proto v0.6.1
   Compiling referencing v0.52.1
   Compiling rustls-webpki v0.103.15
   Compiling fs4 v0.13.1
   Compiling tempfile v3.27.0
   Compiling xattr v1.6.1
   Compiling tar v0.4.46
   Compiling tantivy-common v0.11.0
   Compiling tantivy-stacker v0.7.0
   Compiling tantivy-sstable v0.7.0
   Compiling synstructure v0.13.2
   Compiling munge_macro v0.4.7
   Compiling strum_macros v0.28.0
   Compiling tantivy-columnar v0.7.0
   Compiling munge v0.4.7
   Compiling zerofrom-derive v0.1.7
   Compiling yoke-derive v0.8.2
   Compiling rkyv v0.8.18
   Compiling zerofrom v0.1.8
   Compiling strum v0.28.0
   Compiling yoke v0.8.3
   Compiling jsonschema v0.52.1
   Compiling zerovec v0.11.8
   Compiling zerotrie v0.2.5
   Compiling ureq v3.4.0
   Compiling tantivy v0.26.1
   Compiling tinystr v0.8.4
   Compiling potential_utf v0.1.6
   Compiling icu_collections v2.3.0
   Compiling icu_locale_core v2.3.0
   Compiling lindera-dictionary v5.3.0
   Compiling icu_provider v2.3.1
   Compiling icu_properties v2.3.0
   Compiling icu_normalizer v2.3.0
   Compiling idna_adapter v1.2.2
   Compiling idna v1.1.0
   Compiling lindera-ipadic v5.3.0
   Compiling url v2.5.8
   Compiling kasumi-types v0.1.0 (/Users/takemiyamakoto/dev/kasumi/crates/kasumi-types)
   Compiling lindera v5.3.0
   Compiling lindera-analysis v5.3.0
   Compiling lindera-tantivy v5.0.1
   Compiling kasumi-query v0.1.0 (/Users/takemiyamakoto/dev/kasumi/crates/kasumi-query)
error[E0282]: type annotations needed for `(&_, &_)`
  --> crates/kasumi-query/src/document_source_tests.rs:55:19
   |
55 |             .map(|(id, doc)| (id.clone(), serde_json::to_string(doc).unwrap()))
   |                   ^^^^^^^^^   -- type must be known at this point
   |
help: consider giving this closure parameter an explicit type, where the placeholders `_` are specified
   |
55 |             .map(|(id, doc): (&K, &V)| (id.clone(), serde_json::to_string(doc).unwrap()))
   |                            ++++++++++

error[E0283]: type annotations needed
   --> crates/kasumi-query/src/document_source_tests.rs:369:10
    |
362 |             "b".into(),
    |                 ---- type must be known at this point
...
369 |         .into_iter()
    |          ^^^^^^^^^
    |
    = note: the type must implement `From<&str>`
    = note: required for `&str` to implement `Into<_>`
help: try using a fully qualified path to specify the expected types
    |
361 ~         documents: <[(_, std::sync::Arc<kasumi_types::Document>); 1] as IntoIterator>::into_iter([(
362 |             "b".into(),
...
367 |             }),
368 ~         )])
    |

error[E0283]: type annotations needed
   --> crates/kasumi-query/src/document_source_tests.rs:369:10
    |
369 |         .into_iter()
    |          ^^^^^^^^^
370 |         .collect(),
    |          ------- type must be known at this point
    |
    = note: multiple `impl`s satisfying `std::string::String: From<_>` found in the following crates: `alloc`, `email_address`, `tantivy_common`, `url`, `uuid`:
            - impl From<Box<str>> for std::string::String;
            - impl From<char> for std::string::String;
            - impl From<email_address::EmailAddress> for std::string::String;
            - impl From<tantivy_common::json_path_writer::JsonPathWriter> for std::string::String;
            - impl From<url::Url> for std::string::String;
            - impl From<uuid::Uuid> for std::string::String;
    = note: required for `GenericOrdMap<std::string::String, std::sync::Arc<kasumi_types::Document>, ArcK>` to implement `FromIterator<(_, std::sync::Arc<kasumi_types::Document>)>`
note: required by a bound in `std::iter::Iterator::collect`
   --> /rustc/8bab26f4f68e0e26f0bb7960be334d5b520ea452/library/core/src/iter/traits/iterator.rs:2077:4
help: try using a fully qualified path to specify the expected types
    |
361 ~         documents: <[(_, std::sync::Arc<kasumi_types::Document>); 1] as IntoIterator>::into_iter([(
362 |             "b".into(),
...
367 |             }),
368 ~         )])
    |

error[E0283]: type annotations needed
   --> crates/kasumi-query/src/document_source_tests.rs:372:18
    |
372 |             ("a".into(), archived.clone()),
    |                  ^^^^
...
377 |         .collect(),
    |          ------- type must be known at this point
    |
    = note: multiple `impl`s satisfying `std::string::String: From<_>` found in the following crates: `alloc`, `email_address`, `tantivy_common`, `url`, `uuid`:
            - impl From<Box<str>> for std::string::String;
            - impl From<char> for std::string::String;
            - impl From<email_address::EmailAddress> for std::string::String;
            - impl From<tantivy_common::json_path_writer::JsonPathWriter> for std::string::String;
            - impl From<url::Url> for std::string::String;
            - impl From<uuid::Uuid> for std::string::String;
    = note: required for `GenericOrdMap<std::string::String, std::sync::Arc<kasumi_types::ArchivedDocument>, ArcK>` to implement `FromIterator<(_, std::sync::Arc<kasumi_types::ArchivedDocument>)>`
note: required by a bound in `std::iter::Iterator::collect`
   --> /rustc/8bab26f4f68e0e26f0bb7960be334d5b520ea452/library/core/src/iter/traits/iterator.rs:2077:4
help: try using a fully qualified path to specify the expected types
    |
372 -             ("a".into(), archived.clone()),
372 +             (<&str as Into<T>>::into("a"), archived.clone()),
    |

Some errors have detailed explanations: E0282, E0283.
For more information about an error, try `rustc --explain E0282`.
error: could not compile `kasumi-query` (lib test) due to 4 previous errors
