Command: cargo test -p kasumi-store --all-features --lib --locked --offline --config profile.test.package.kasumi-kv.opt-level=3 --config profile.test.package.sha2.opt-level=3 -- --test-threads=1 storage_opening::reads::retirement_tests:: retained_reader_keeps_one_snapshot_and_admitted_bytes_through_close active_reader_finish_waits_for_opening_lock_before_reporting_completion inspected_reader_failure_retires_directly_after_successful_close owned_reader_point_and_range_bytes_keep_exact_credit_after_close reader_output_admission_panic_is_reported_and_seals_new_work close_during_read_registration_returns_the_exact_cancelled_request production_catalog_output_capacity_failure_retires_when_error_is_dropped production_read_view_keeps_exact_child_until_explicit_close production_paired_view_keeps_one_registered_generation_until_close production_paired_view_returns_exact_native_report_after_drop production_tenant_get_missing_and_tiny_rows_fit_low_headroom production_present_point_row_uses_native_credit_without_duplicate_outer_charge production_tenant_point_read_retires_routine_failures_and_keeps_cancelled_child paired_deployment_read_checks_domains_and_charge pinned_bootstrap_view_survives_coherent_physical_identity_replacement accepted_transaction_keeps_scratch_close_retained_until_actual_drain segmented_scratch_streams_rows_larger_than_its_explicit_cache storage_opening::reads::fork_tests::selected_fork_ read_view::fork_tests::selected_view_fork_ plaintext_get_workspace_ ciphertext_corruption_swapping_and_wrong_tenant_are_rejected bounded_encrypted_reads_reject_payload_before_plaintext_allocation
CARGO_TARGET_DIR=target/disk-backed-cache
   Compiling kasumi-types v0.1.0 (/Users/takemiyamakoto/dev/kasumi/crates/kasumi-types)
   Compiling kasumi-serving v0.1.0 (/Users/takemiyamakoto/dev/kasumi/crates/kasumi-serving)
   Compiling kasumi-store v0.1.0 (/Users/takemiyamakoto/dev/kasumi/crates/kasumi-store)
    Finished `test` profile [unoptimized + debuginfo] target(s) in 1m 20s
     Running unittests src/lib.rs (target/disk-backed-cache/debug/deps/kasumi_store-98be0c6afb7030c8)

running 39 tests
test read_view::fork_tests::selected_view_fork_keeps_both_encrypted_domains_on_one_old_root ... ok
test read_view::fork_tests::selected_view_fork_preserves_single_domain_point_and_range_after_parent_drop ... ok
test read_view::fork_tests::selected_view_fork_rechecks_expiry_and_settles_post_fork_denial ... ok
test read_view::fork_tests::selected_view_fork_rejects_foreign_database_even_with_same_provider_and_uuid ... ok
test read_view::workspace_tests::plaintext_get_workspace_covers_authenticated_long_fields_and_ciphertext_failures ... ok
test read_view::workspace_tests::plaintext_get_workspace_covers_first_read_pages_large_values_and_max_names ... ok
test read_view::workspace_tests::plaintext_get_workspace_quote_is_checked_bounded_and_allocation_free ... ok
test scratch_table::tests::accepted_transaction_keeps_scratch_close_retained_until_actual_drain ... ok
test scratch_table::tests::segmented_scratch_streams_rows_larger_than_its_explicit_cache ... ok
test storage_domains::tests::paired_deployment_read_checks_domains_and_charge ... ok
test storage_domains::tests::pinned_bootstrap_view_survives_coherent_physical_identity_replacement ... ok
test storage_opening::reads::fork_tests::selected_fork_keeps_old_root_and_closes_independently_in_both_orders ... ok
test storage_opening::reads::fork_tests::selected_fork_metadata_and_native_backing_denials_preserve_parent_and_exact_child ... ok
test storage_opening::reads::fork_tests::selected_fork_parent_close_before_install_retains_original_begin_failure ... ok
test storage_opening::reads::fork_tests::selected_fork_read_failure_is_local_and_survives_explicit_close ... ok
test storage_opening::reads::fork_tests::selected_fork_recovered_begin_cannot_select_current_root ... ok
test storage_opening::reads::fork_tests::selected_fork_recovered_finish_or_retire_wins_without_installing_transaction ... ok
test storage_opening::reads::retirement_tests::close_drains_only_its_released_routine_reader_after_opening_lock_contention ... ok
test storage_opening::reads::retirement_tests::close_postpass_drains_routine_reader_dropped_inside_first_close ... ok
test storage_opening::reads::retirement_tests::finished_reader_retries_a_transient_busy_census_owner ... ok
test storage_opening::reads::retirement_tests::node_database_retirement_retry_drains_metadata_skipped_routine_child ... ok
test storage_opening::reads::retirement_tests::parent_shutdown_waits_for_disposed_child_cell_and_exact_lease ... ok
test storage_opening::reads::retirement_tests::routine_failure_retires_after_a_facade_reconstitutes_during_last_drop ... ok
test storage_opening::reads::retirement_tests::routine_reader_dropped_during_close_retry_drains_on_next_close ... ok
test storage_opening::tests::active_reader_finish_waits_for_opening_lock_before_reporting_completion ... ok
test storage_opening::tests::close_during_read_registration_returns_the_exact_cancelled_request ... ok
test storage_opening::tests::inspected_reader_failure_retires_directly_after_successful_close ... ok
test storage_opening::tests::owned_reader_point_and_range_bytes_keep_exact_credit_after_close ... ok
test storage_opening::tests::production_catalog_output_capacity_failure_retires_when_error_is_dropped ... ok
test storage_opening::tests::production_paired_view_keeps_one_registered_generation_until_close ... ok
test storage_opening::tests::production_paired_view_returns_exact_native_report_after_drop ... ok
test storage_opening::tests::production_present_point_row_uses_native_credit_without_duplicate_outer_charge ... ok
test storage_opening::tests::production_read_view_keeps_exact_child_until_explicit_close ... ok
test storage_opening::tests::production_tenant_get_missing_and_tiny_rows_fit_low_headroom ... ok
test storage_opening::tests::production_tenant_point_read_retires_routine_failures_and_keeps_cancelled_child ... ok
test storage_opening::tests::reader_output_admission_panic_is_reported_and_seals_new_work ... ok
test storage_opening::tests::retained_reader_keeps_one_snapshot_and_admitted_bytes_through_close ... ok
test tests::bounded_encrypted_reads_reject_payload_before_plaintext_allocation ... ok
test tests::ciphertext_corruption_swapping_and_wrong_tenant_are_rejected ... ok

test result: ok. 39 passed; 0 failed; 0 ignored; 0 measured; 586 filtered out; finished in 66.78s

Runner: 147.89s; exit=0; matching=722/722
