Command: cargo clippy -p kasumi-query --all-features --all-targets --locked --offline --no-deps -- -D warnings
CARGO_TARGET_DIR=target/disk-backed-cache
    Checking kasumi-query v0.1.0 (/Users/takemiyamakoto/dev/kasumi/crates/kasumi-query)
error: call to `std::mem::drop` with a value that does not implement `Drop`. Dropping such a type only extends its contained lifetimes
   --> crates/kasumi-query/src/document_source_tests.rs:135:5
    |
135 |     drop(pilot);
    |     ^^^^^^^^^^^
    |
note: argument has type `workspace::QueryMemory<source_test_utils::FixtureWorkspace>`
   --> crates/kasumi-query/src/document_source_tests.rs:135:10
    |
135 |     drop(pilot);
    |          ^^^^^
    = help: for further information visit https://rust-lang.github.io/rust-clippy/rust-1.97.0/index.html#drop_non_drop
    = note: `-D clippy::drop-non-drop` implied by `-D warnings`
    = help: to override `-D warnings` add `#[allow(clippy::drop_non_drop)]`

error: call to `std::mem::drop` with a value that does not implement `Drop`. Dropping such a type only extends its contained lifetimes
   --> crates/kasumi-query/src/document_source_tests.rs:256:5
    |
256 |     drop(single);
    |     ^^^^^^^^^^^^
    |
note: argument has type `workspace::QueryMemory<source_test_utils::FixtureWorkspace>`
   --> crates/kasumi-query/src/document_source_tests.rs:256:10
    |
256 |     drop(single);
    |          ^^^^^^
    = help: for further information visit https://rust-lang.github.io/rust-clippy/rust-1.97.0/index.html#drop_non_drop

error: could not compile `kasumi-query` (lib test) due to 2 previous errors
Runner: 6.60s; exit=101; matching=20/20
