Command: cargo test --locked --offline --config profile.test.package.kasumi-kv.opt-level=3 --config profile.test.package.sha2.opt-level=3 -p kasumi-store --all-features --lib -- namespace bootstrap_identity
CARGO_TARGET_DIR=target/disk-backed-cache
   Compiling kasumi-store v0.1.0 (/Users/takemiyamakoto/dev/kasumi/crates/kasumi-store)
    Finished `test` profile [unoptimized + debuginfo] target(s) in 2m 45s
     Running unittests src/lib.rs (target/disk-backed-cache/debug/deps/kasumi_store-98be0c6afb7030c8)

running 23 tests
test backup_marker::tests::invalid_owner_namespace_and_directory_reject_even_with_valid_digest ... ok
test backup::s3_tests::s3_namespace_binding_tracks_physical_namespace_not_credentials ... ok
test node_disk::census::tests::checked_geometry_never_substitutes_step_work_for_namespace_capacity ... ok
test backup_destination_index::tests::index_limit_rejects_a_new_namespace_without_losing_existing_bindings ... ok
TestDiskMemory::reserve_installed denied: provider=0x7afe58b210 requested_bytes=0 charged_bytes=4112 bookkeeping_bytes=2039928 used_bytes=17604012 next_used_bytes=17608124 max_bytes=268435456 live_reservations=4096 max_reservations=4096 attempts=4097 error=Kind(OutOfMemory)
TestDiskMemory::reserve_installed denied: provider=0x7afe58b210 requested_bytes=12544 charged_bytes=16656 bookkeeping_bytes=2039928 used_bytes=17604012 next_used_bytes=17620668 max_bytes=268435456 live_reservations=4096 max_reservations=4096 attempts=4098 error=Kind(OutOfMemory)
test scratch_table::group::claim::tests::scratch_claim_capacity_denial_is_before_namespace_or_root_mutation ... ok
test node_disk::namespace::tests::failed_parent_sync_retains_all_promises_and_an_unsettled_parent_until_census ... ok
test scratch_table::tests::scratch_group_census_rejects_namespace_mutation_and_same_slot_reuse_without_restart ... ok
test node_disk::namespace::tests::required_policy_and_entry_limit_reject_before_create_without_reducing_cleanup ... ok
test node_file::segment_group::tests::native_entry_visitor_epoch_cannot_wrap_after_namespace_effect ... ok
test node_disk::namespace::tests::create_same_parent_publish_cross_parent_publish_and_unlink_settle_actual_parents ... ok
test node_disk::transaction::tests::claimed_namespace_consumption_does_not_repeat_foreground_or_floor_admission ... ok
test node_disk::batch::tests::complete_plan_shortages_precede_every_namespace_effect ... ok
test node_disk::tests::abandoned_namespace_preparation_releases_registration_without_deadlock ... ok
test node_disk::namespace::tests::file_custody_rejects_a_replaced_intermediate_ancestor_even_when_final_inode_survives ... ok
physical acquisition failed: stage=listing-cursor-next
test node_file::segment_group::tests::native_entry_visitor_does_not_replay_callbacks_after_a_namespace_race ... ok
test node_file::segment_group::transaction_tests::namespace_epoch_exhaustion_refuses_the_whole_range_before_claim_admission ... ok
test backup_destination_index::tests::filesystem_namespaces_install_once_without_overlapping_roots ... ok
test tests::atomic_batches_and_cross_namespace_isolation_survive_reopen ... ok
test tests::explicit_empty_namespace_clears_atomically_without_scratch_and_keeps_pinned_root ... ok
test tests::pinned_read_roots_and_streamed_namespace_publication_preserve_isolation ... ok
test storage_domains::tests::empty_namespace_replacements_roll_back_both_domains_when_real_source_is_closed ... ok
test storage_domains::tests::initial_bootstrap_identity_is_atomic_write_once_with_exact_retry ... ok
test backup_sessions::tests::filesystem_abort_cleanup_is_bounded_repeatable_and_retains_control_and_other_namespaces has been running for over 60 seconds
test backup_sessions::tests::filesystem_abort_cleanup_is_bounded_repeatable_and_retains_control_and_other_namespaces ... ok

test result: ok. 23 passed; 0 failed; 0 ignored; 0 measured; 665 filtered out; finished in 245.84s

Runner: 411.71s; exit=0; matching=850/850
