Command: cargo test --locked --offline --config profile.test.package.kasumi-kv.opt-level=3 --config profile.test.package.sha2.opt-level=3 -p kasumi-kv -p kasumi-store -p kasumi-raft -p kasumi-engine --all-features --lib --no-fail-fast -- actual_spool_close_reports_native_drain_before_retiring_adapter_owner exact_backend_publication_io_settlement_shrink_and_close_do_not_allocate --test-threads=1 --nocapture
CARGO_TARGET_DIR=target/disk-backed-cache
   Compiling kasumi-raft v0.1.0 (/Users/takemiyamakoto/dev/kasumi/crates/kasumi-raft)
    Finished `test` profile [unoptimized + debuginfo] target(s) in 26.34s
     Running unittests src/lib.rs (target/disk-backed-cache/debug/deps/kasumi_engine-44db468831cfc59f)

running 0 tests

test result: ok. 0 passed; 0 failed; 0 ignored; 0 measured; 644 filtered out; finished in 0.00s

     Running unittests src/lib.rs (target/disk-backed-cache/debug/deps/kasumi_kv-221aa5373d25965b)

running 0 tests

test result: ok. 0 passed; 0 failed; 0 ignored; 0 measured; 551 filtered out; finished in 0.00s

     Running unittests src/lib.rs (target/disk-backed-cache/debug/deps/kasumi_raft-8af78bc0d2a8574c)

running 0 tests

test result: ok. 0 passed; 0 failed; 0 ignored; 0 measured; 182 filtered out; finished in 0.00s

     Running unittests src/lib.rs (target/disk-backed-cache/debug/deps/kasumi_store-4ef75ebdc018c368)

running 2 tests
test scratch_table::tests::actual_spool_close_reports_native_drain_before_retiring_adapter_owner ... 
thread 'scratch_table::tests::actual_spool_close_reports_native_drain_before_retiring_adapter_owner' (23653020) panicked at crates/kasumi-store/src/scratch_table_tests.rs:751:5:
assertion `left == right` failed
  left: 1
 right: 0
note: run with `RUST_BACKTRACE=1` environment variable to display a backtrace
FAILED
test scratch_table::tests::exact_backend_publication_io_settlement_shrink_and_close_do_not_allocate ... 
thread 'scratch_table::tests::exact_backend_publication_io_settlement_shrink_and_close_do_not_allocate' (23653025) panicked at crates/kasumi-store/src/scratch_table_tests.rs:354:5:
assertion `left == right` failed
  left: 1
 right: 0
FAILED

failures:

failures:
    scratch_table::tests::actual_spool_close_reports_native_drain_before_retiring_adapter_owner
    scratch_table::tests::exact_backend_publication_io_settlement_shrink_and_close_do_not_allocate

test result: FAILED. 0 passed; 2 failed; 0 ignored; 0 measured; 715 filtered out; finished in 0.47s

error: test failed, to rerun pass `-p kasumi-store --lib`
error: 1 target failed:
    `-p kasumi-store --lib`
Runner: 27.01s; exit=101; matching=1546/1546
