Command: cargo test --locked --offline --config profile.test.package.kasumi-kv.opt-level=3 --config profile.test.package.sha2.opt-level=3 -p kasumi-kv -p kasumi-store -p kasumi-raft -p kasumi-engine --all-features --lib --no-fail-fast -- permanent_custody_exceeds_former_count_and_snapshot_ceilings_and_reopens --nocapture
CARGO_TARGET_DIR=target/disk-backed-cache
   Compiling kasumi-raft v0.1.0 (/Users/takemiyamakoto/dev/kasumi/crates/kasumi-raft)
warning: method `install_source_cohort` is never used
   --> crates/kasumi-engine/src/application_sources.rs:634:19
    |
606 | impl SourceRootsRef {
    | ------------------- method in this implementation
...
634 |     pub(crate) fn install_source_cohort(
    |                   ^^^^^^^^^^^^^^^^^^^^^
    |
    = note: `#[warn(dead_code)]` (part of `#[warn(unused)]`) on by default

warning: associated function `new` is never used
  --> crates/kasumi-engine/src/application_source_capacity.rs:35:43
   |
34 | impl LaneFunding {
   | ---------------- associated function in this implementation
35 |     pub(in crate::application_sources) fn new(
   |                                           ^^^

warning: associated items `empty` and `install` are never used
  --> crates/kasumi-engine/src/application_source_cohort.rs:18:19
   |
17 | impl SourceCohort {
   | ----------------- associated items in this implementation
18 |     pub(super) fn empty(envelope: kasumi_raft::PreparedOrdinarySourceEnvelope) -> Self {
   |                   ^^^^^
...
33 |     pub(super) fn install(&self, roots: &SourceRootsRef) -> Result<()> {
   |                   ^^^^^^^

warning: variants `Empty` and `Installed` are never constructed
   --> crates/kasumi-engine/src/application_source_cohort.rs:268:5
    |
267 | enum CapacityState {
    |      ------------- variants in this enum
268 |     Empty,
    |     ^^^^^
269 |     Installed(kasumi_store::RegisteredSourceCapacity),
    |     ^^^^^^^^^

warning: associated function `new` is never used
   --> crates/kasumi-engine/src/application_source_cohort.rs:338:8
    |
337 | impl CohortAdmissionRefusal {
    | --------------------------- associated function in this implementation
338 |     fn new(error: impl Into<anyhow::Error>) -> Self {
    |        ^^^

warning: `kasumi-engine` (lib) generated 5 warnings
    Finished `test` profile [unoptimized + debuginfo] target(s) in 6.44s
     Running unittests src/lib.rs (target/disk-backed-cache/debug/deps/kasumi_engine-44db468831cfc59f)

running 0 tests

test result: ok. 0 passed; 0 failed; 0 ignored; 0 measured; 660 filtered out; finished in 0.00s

     Running unittests src/lib.rs (target/disk-backed-cache/debug/deps/kasumi_kv-221aa5373d25965b)

running 0 tests

test result: ok. 0 passed; 0 failed; 0 ignored; 0 measured; 555 filtered out; finished in 0.00s

     Running unittests src/lib.rs (target/disk-backed-cache/debug/deps/kasumi_raft-8af78bc0d2a8574c)

running 1 test
test custody_capacity_tests::permanent_custody_exceeds_former_count_and_snapshot_ceilings_and_reopens has been running for over 60 seconds
test custody_capacity_tests::permanent_custody_exceeds_former_count_and_snapshot_ceilings_and_reopens ... ok

test result: ok. 1 passed; 0 failed; 0 ignored; 0 measured; 187 filtered out; finished in 351.71s

     Running unittests src/lib.rs (target/disk-backed-cache/debug/deps/kasumi_store-4ef75ebdc018c368)

running 0 tests

test result: ok. 0 passed; 0 failed; 0 ignored; 0 measured; 726 filtered out; finished in 0.00s

Runner: 358.24s; exit=0; matching=1560/1560
