Command: cargo test --locked --offline --config profile.test.package.kasumi-kv.opt-level=3 --config profile.test.package.sha2.opt-level=3 -p kasumi-kv -p kasumi-store -p kasumi-raft -p kasumi-engine -p kasumi-authority --all-features --lib --no-fail-fast -- prepared_custody_snapshot_ snapshot_owned_body_ snapshot_retirement_ owned_prepared_application_snapshot_ snapshot_certificate_ --nocapture
ISOLATED_SOURCE=/tmp/kasumi-source-cohort-validation-v1
CARGO_TARGET_DIR=/Users/takemiyamakoto/dev/kasumi/target/disk-backed-cache
   Compiling kasumi-raft v0.1.0 (/private/tmp/kasumi-source-cohort-validation-v1/crates/kasumi-raft)
error[E0599]: no method named `merge_result` found for mutable reference `&mut DrainReport` in the current scope
    --> crates/kasumi-raft/src/storage/owned_snapshot_body.rs:614:12
     |
 614 |     report.merge_result(&result);
     |            ^^^^^^^^^^^^ method not found in `&mut DrainReport`
     |
     = help: items from traits can only be used if the trait is implemented and in scope
note: `MergeResult` defines an item `merge_result`, perhaps you need to implement it
    --> crates/kasumi-raft/src/snapshot_buffer.rs:1184:1
     |
1184 | trait MergeResult {
     | ^^^^^^^^^^^^^^^^^

error[E0599]: no method named `merge_result` found for mutable reference `&mut kasumi_types::drain::DrainReport` in the current scope
    --> crates/kasumi-raft/src/storage/owned_snapshot_body.rs:614:12
     |
 614 |     report.merge_result(&result);
     |            ^^^^^^^^^^^^ method not found in `&mut kasumi_types::drain::DrainReport`
     |
     = help: items from traits can only be used if the trait is implemented and in scope
note: `MergeResult` defines an item `merge_result`, perhaps you need to implement it
    --> crates/kasumi-raft/src/snapshot_buffer.rs:1184:1
     |
1184 | trait MergeResult {
     | ^^^^^^^^^^^^^^^^^

For more information about this error, try `rustc --explain E0599`.
error: could not compile `kasumi-raft` (lib) due to 1 previous error
warning: build failed, waiting for other jobs to finish...
error: could not compile `kasumi-raft` (lib test) due to 1 previous error
Runner: 24.36s; exit=101; matching=1579/1579
