Command: cargo test --locked --offline --config profile.test.package.kasumi-kv.opt-level=3 --config profile.test.package.sha2.opt-level=3 -p kasumi-kv -p kasumi-store -p kasumi-engine -p kasumi-query --all-features --lib --no-fail-fast -- primary_index_rebuild_ index_inventory_owner_ primary_refill_work_ protected_source_ publication_tombstone_staging_ search:: --nocapture
ISOLATED_SOURCE=/tmp/kasumi-source-cohort-validation-v1
CARGO_TARGET_DIR=/Users/takemiyamakoto/dev/kasumi/target/disk-backed-cache
   Compiling kasumi-kv v0.1.0 (/private/tmp/kasumi-source-cohort-validation-v1/crates/kasumi-kv)
   Compiling kasumi-query v0.1.0 (/private/tmp/kasumi-source-cohort-validation-v1/crates/kasumi-query)
warning: method `last_sm_seq` is never used
  --> vendor/openraft-0.9.25/openraft/src/engine/engine_output.rs:35:19
   |
24 | / impl<C> EngineOutput<C>
25 | | where
26 | |     C: RaftTypeConfig,
   | |______________________- method in this implementation
...
35 |       pub(crate) fn last_sm_seq(&self) -> CommandSeq {
   |                     ^^^^^^^^^^^
   |
   = note: `#[warn(dead_code)]` (part of `#[warn(unused)]`) on by default

warning: method `accept_vote` is never used
  --> vendor/openraft-0.9.25/openraft/src/engine/handler/vote_handler/mod.rs:58:19
   |
45 | / impl<C> VoteHandler<'_, C>
46 | | where
47 | |     C: RaftTypeConfig,
   | |______________________- method in this implementation
...
58 |       pub(crate) fn accept_vote<T, E, F>(
   |                     ^^^^^^^^^^^

warning: `openraft` (lib) generated 2 warnings
   Compiling kasumi-store v0.1.0 (/private/tmp/kasumi-source-cohort-validation-v1/crates/kasumi-store)
warning: field `database` is never read
  --> crates/kasumi-store/src/storage_opening/publication.rs:59:5
   |
56 | struct PublicationRequest {
   |        ------------------ field in this struct
...
59 |     database: StorageRegistration<DatabaseOwner>,
   |     ^^^^^^^^
   |
   = note: `#[warn(dead_code)]` (part of `#[warn(unused)]`) on by default

   Compiling kasumi-raft v0.1.0 (/private/tmp/kasumi-source-cohort-validation-v1/crates/kasumi-raft)
warning: field `0` is never read
  --> crates/kasumi-raft/src/owned_prepared_restore.rs:25:33
   |
25 | struct CandidateRetirementPanic(std::sync::Mutex<Box<dyn std::any::Any + Send>>);
   |        ------------------------ ^^^^^^^^^^^^^^^^^^^^^^^^^^^^^^^^^^^^^^^^^^^^^^^
   |        |
   |        field in this struct
   |
   = help: consider removing this field
   = note: `#[warn(dead_code)]` (part of `#[warn(unused)]`) on by default

warning: method `prepared_snapshot_publication` is never used
   --> crates/kasumi-raft/src/custody_machine.rs:235:19
    |
135 | impl CustodyMachine {
    | ------------------- method in this implementation
...
235 |     pub(crate) fn prepared_snapshot_publication(
    |                   ^^^^^^^^^^^^^^^^^^^^^^^^^^^^^

warning: method `publish` is never used
   --> crates/kasumi-raft/src/custody_snapshot_preparation.rs:298:19
    |
188 | impl PreparedCustodySnapshotPublication {
    | --------------------------------------- method in this implementation
...
298 |     pub(crate) fn publish(&mut self, control: &OwnedControlGuard) -> Result<()> {
    |                   ^^^^^^^

warning: field `0` is never read
   --> crates/kasumi-raft/src/custody_snapshot_preparation.rs:382:32
    |
382 | struct SnapshotRetirementPanic(std::sync::Mutex<Box<dyn std::any::Any + Send>>);
    |        ----------------------- ^^^^^^^^^^^^^^^^^^^^^^^^^^^^^^^^^^^^^^^^^^^^^^^
    |        |
    |        field in this struct
    |
    = help: consider removing this field

warning: field `0` is never read
   --> crates/kasumi-raft/src/lifetime.rs:249:17
    |
249 |     Application(StorageHandle<kasumi_store::TenantStorageSet>),
    |     ----------- ^^^^^^^^^^^^^^^^^^^^^^^^^^^^^^^^^^^^^^^^^^^^^
    |     |
    |     field in this variant
    |
help: consider changing the field to be of unit type to suppress this warning while preserving the field numbering, or remove the field
    |
249 -     Application(StorageHandle<kasumi_store::TenantStorageSet>),
249 +     Application(()),
    |

warning: field `0` is never read
   --> crates/kasumi-raft/src/lifetime.rs:250:13
    |
250 |     Custody(StorageHandle<kasumi_store::CustodyStore>),
    |     ------- ^^^^^^^^^^^^^^^^^^^^^^^^^^^^^^^^^^^^^^^^^
    |     |
    |     field in this variant
    |
help: consider changing the field to be of unit type to suppress this warning while preserving the field numbering, or remove the field
    |
250 -     Custody(StorageHandle<kasumi_store::CustodyStore>),
250 +     Custody(()),
    |

warning: associated function `new` is never used
  --> crates/kasumi-raft/src/snapshot_buffer/prepared_child.rs:84:8
   |
83 | impl PreparedChild {
   | ------------------ associated function in this implementation
84 |     fn new(body: PreparedSnapshotBody) -> Self {
   |        ^^^

warning: field `0` is never read
   --> crates/kasumi-raft/src/snapshot_buffer/prepared_child.rs:307:19
    |
307 | struct ChildPanic(Mutex<Box<dyn std::any::Any + Send>>);
    |        ---------- ^^^^^^^^^^^^^^^^^^^^^^^^^^^^^^^^^^^^
    |        |
    |        field in this struct
    |
    = help: consider removing this field

warning: methods `begin_prepared_body` and `cancel_body` are never used
   --> crates/kasumi-raft/src/snapshot_buffer/prepared_child.rs:406:19
    |
320 | impl SnapshotBuffer {
    | ------------------- methods in this implementation
...
406 |     pub(crate) fn begin_prepared_body(
    |                   ^^^^^^^^^^^^^^^^^^^
...
470 |     pub(crate) async fn cancel_body(&mut self) -> DrainResult {
    |                         ^^^^^^^^^^^

warning: method `prepare_engine_publication` is never used
    --> crates/kasumi-raft/src/storage.rs:1121:19
     |
1083 | impl PendingSnapshot {
     | -------------------- method in this implementation
...
1121 |     pub(crate) fn prepare_engine_publication<'backend>(
     |                   ^^^^^^^^^^^^^^^^^^^^^^^^^^

warning: enum `SnapshotPublicationPhase` is never used
    --> crates/kasumi-raft/src/storage.rs:1175:6
     |
1175 | enum SnapshotPublicationPhase {
     |      ^^^^^^^^^^^^^^^^^^^^^^^^

warning: struct `PreparedEngineSnapshotPublication` is never constructed
    --> crates/kasumi-raft/src/storage.rs:1181:19
     |
1181 | pub(crate) struct PreparedEngineSnapshotPublication<'backend> {
     |                   ^^^^^^^^^^^^^^^^^^^^^^^^^^^^^^^^^

warning: methods `source` and `publish` are never used
    --> crates/kasumi-raft/src/storage.rs:1191:19
     |
1190 | impl PreparedEngineSnapshotPublication<'_> {
     | ------------------------------------------ methods in this implementation
1191 |     pub(crate) fn source(&self) -> &crate::PreparedSnapshotSourceEnvelope {
     |                   ^^^^^^
...
1194 |     pub(crate) fn publish(&mut self, domains: &TenantStorageSet) -> Result<()> {
     |                   ^^^^^^^

warning: method `context` is never used
   --> crates/kasumi-raft/src/storage/snapshot_conflict.rs:403:19
    |
134 | impl PreparedSnapshotConflict {
    | ----------------------------- method in this implementation
...
403 |     pub(crate) fn context(&self) -> &SnapshotAcceptanceContext<u64> {
    |                   ^^^^^^^

warning: method `source` is never used
   --> crates/kasumi-raft/src/storage/owned_snapshot_body.rs:328:19
    |
 59 | impl PreparedApplicationSnapshot {
    | -------------------------------- method in this implementation
...
328 |     pub(crate) fn source(&self) -> Option<&crate::PreparedSnapshotSourceEnvelope> {
    |                   ^^^^^^

warning: field `0` is never read
   --> crates/kasumi-raft/src/storage/owned_snapshot_body.rs:770:32
    |
770 | struct SnapshotRetirementPanic(std::sync::Mutex<Box<dyn std::any::Any + Send>>);
    |        ----------------------- ^^^^^^^^^^^^^^^^^^^^^^^^^^^^^^^^^^^^^^^^^^^^^^^
    |        |
    |        field in this struct
    |
    = help: consider removing this field

warning: methods `log` and `expected` are never used
   --> crates/kasumi-raft/src/storage/snapshot_seed.rs:461:19
    |
132 | impl SnapshotSeed {
    | ----------------- methods in this implementation
...
461 |     pub(crate) fn log(&self) -> &LogStore {
    |                   ^^^
...
464 |     pub(crate) fn expected(&self) -> &SnapshotMeta<u64, BasicNode> {
    |                   ^^^^^^^^

   Compiling kasumi-engine v0.1.0 (/private/tmp/kasumi-source-cohort-validation-v1/crates/kasumi-engine)
warning: `kasumi-store` (lib) generated 1 warning
warning: unused import: `ScopedSnapshotOperation`
    --> crates/kasumi-engine/src/admission/snapshot_work.rs:1172:24
     |
1172 | pub(crate) use scope::{ScopedSnapshotOperation, SnapshotWorkScope};
     |                        ^^^^^^^^^^^^^^^^^^^^^^^
     |
     = note: `#[warn(unused_imports)]` (part of `#[warn(unused)]`) on by default

warning: `kasumi-raft` (lib) generated 17 warnings
warning: methods `prepare` and `prepare_kind` are never used
   --> crates/kasumi-engine/src/application_sources.rs:760:19
    |
652 | impl SourceRootsRef {
    | ------------------- methods in this implementation
...
760 |     pub(crate) fn prepare(&self) -> Result<RootPreparation> {
    |                   ^^^^^^^
...
799 |     fn prepare_kind(&self, canonical: bool) -> Result<RootPreparation> {
    |        ^^^^^^^^^^^^
    |
    = note: `#[warn(dead_code)]` (part of `#[warn(unused)]`) on by default

warning: struct `CacheHeadroom` is never constructed
    --> crates/kasumi-engine/src/admission.rs:2327:19
     |
2327 | pub(crate) struct CacheHeadroom {
     |                   ^^^^^^^^^^^^^

warning: method `improves` is never used
    --> crates/kasumi-engine/src/admission.rs:2334:19
     |
2333 | impl CacheHeadroom {
     | ------------------ method in this implementation
2334 |     pub(crate) fn improves(self, prior: Self) -> bool {
     |                   ^^^^^^^^

warning: methods `cache_headroom` and `cache_relief_after` are never used
    --> crates/kasumi-engine/src/admission.rs:2343:19
     |
2342 | impl MemoryCore {
     | --------------- methods in this implementation
2343 |     pub(crate) fn cache_headroom(&self) -> CacheHeadroom {
     |                   ^^^^^^^^^^^^^^
...
2387 |     pub(crate) async fn cache_relief_after(&self, prior: CacheHeadroom) -> CacheHeadroom {
     |                         ^^^^^^^^^^^^^^^^^^

warning: trait `ExistingGrantOperation` is never used
   --> crates/kasumi-engine/src/admission/snapshot_work.rs:122:18
    |
122 | pub(crate) trait ExistingGrantOperation: SnapshotOperation {
    |                  ^^^^^^^^^^^^^^^^^^^^^^

warning: enum `SnapshotPreparationFailure` is never used
   --> crates/kasumi-engine/src/admission/snapshot_work.rs:129:17
    |
129 | pub(crate) enum SnapshotPreparationFailure {
    |                 ^^^^^^^^^^^^^^^^^^^^^^^^^^

warning: method `error` is never used
   --> crates/kasumi-engine/src/admission/snapshot_work.rs:140:19
    |
139 | impl SnapshotPreparationFailure {
    | ------------------------------- method in this implementation
140 |     pub(crate) fn error(&self) -> Option<&Error> {
    |                   ^^^^^

warning: struct `SnapshotWorkRejected` is never constructed
   --> crates/kasumi-engine/src/admission/snapshot_work.rs:149:19
    |
149 | pub(crate) struct SnapshotWorkRejected<P> {
    |                   ^^^^^^^^^^^^^^^^^^^^

warning: methods `failure`, `error`, and `into_parts` are never used
   --> crates/kasumi-engine/src/admission/snapshot_work.rs:154:19
    |
153 | impl<P> SnapshotWorkRejected<P> {
    | ------------------------------- methods in this implementation
154 |     pub(crate) fn failure(&self) -> &SnapshotPreparationFailure {
    |                   ^^^^^^^
...
157 |     pub(crate) fn error(&self) -> Option<&Error> {
    |                   ^^^^^
...
160 |     pub(crate) fn into_parts(self) -> (P, SnapshotPreparationFailure) {
    |                   ^^^^^^^^^^

warning: method `prepare_snapshot_work_from_existing` is never used
    --> crates/kasumi-engine/src/admission/snapshot_work.rs:1000:19
     |
 991 | impl NodeAdmission {
     | ------------------ method in this implementation
...
1000 |     pub(crate) fn prepare_snapshot_work_from_existing<O: ExistingGrantOperation>(
     |                   ^^^^^^^^^^^^^^^^^^^^^^^^^^^^^^^^^^^

warning: trait `ScopedSnapshotOperation` is never used
  --> crates/kasumi-engine/src/admission/snapshot_work_scope.rs:10:18
   |
10 | pub(crate) trait ScopedSnapshotOperation: ExistingGrantOperation {
   |                  ^^^^^^^^^^^^^^^^^^^^^^^

warning: variants `Preparing` and `Work` are never constructed
  --> crates/kasumi-engine/src/admission/snapshot_work_scope.rs:16:5
   |
14 | enum Slot {
   |      ---- variants in this enum
15 |     Empty,
16 |     Preparing {
   |     ^^^^^^^^^
...
20 |     Work(SnapshotWorkReport),
   |     ^^^^

warning: field `next` is never read
  --> crates/kasumi-engine/src/admission/snapshot_work_scope.rs:24:5
   |
22 | struct State {
   |        ----- field in this struct
23 |     sealed: bool,
24 |     next: u64,
   |     ^^^^

warning: field `admission` is never read
  --> crates/kasumi-engine/src/admission/snapshot_work_scope.rs:35:5
   |
32 | struct Inner {
   |        ----- field in this struct
...
35 |     admission: Arc<NodeAdmission>,
   |     ^^^^^^^^^

warning: struct `Preparation` is never constructed
  --> crates/kasumi-engine/src/admission/snapshot_work_scope.rs:38:8
   |
38 | struct Preparation<'a> {
   |        ^^^^^^^^^^^

warning: methods `begin`, `prepare`, `take_completed`, and `visit` are never used
   --> crates/kasumi-engine/src/admission/snapshot_work_scope.rs:128:8
    |
 73 | impl SnapshotWorkScope {
    | ---------------------- methods in this implementation
...
128 |     fn begin(&self) -> Result<Preparation<'_>> {
    |        ^^^^^
...
161 |     pub(crate) fn prepare<O: ScopedSnapshotOperation>(
    |                   ^^^^^^^
...
236 |     pub(crate) fn take_completed(&self, report: &SnapshotWorkReport) -> Result<SnapshotWorkReport> {
    |                   ^^^^^^^^^^^^^^
...
267 |     pub(crate) fn visit(&self, mut visit: impl FnMut(SnapshotWorkId, SnapshotObservation<'_>)) {
    |                   ^^^^^

warning: `kasumi-store` (lib test) generated 1 warning (1 duplicate)
warning: `kasumi-engine` (lib) generated 17 warnings (run `cargo fix --lib -p kasumi-engine` to apply 1 suggestion)
warning: unused imports: `EditedCollection`, `OrderedEditFailure`, `PrimaryPublicationInventory`, and `VerifiedOrderedEdits`
   --> crates/kasumi-engine/src/primary_stage_cow.rs:460:5
    |
460 |     EditedCollection, OrderedEditFailure, PendingOrderedEdits, PrimaryPublicationInventory,
    |     ^^^^^^^^^^^^^^^^  ^^^^^^^^^^^^^^^^^^                       ^^^^^^^^^^^^^^^^^^^^^^^^^^^
461 |     VerifiedOrderedEdits,
    |     ^^^^^^^^^^^^^^^^^^^^
    |
    = note: `#[warn(unused_imports)]` (part of `#[warn(unused)]`) on by default

warning: unused import: `QueryWorkspace`
   --> crates/kasumi-engine/src/query_source_work.rs:227:37
    |
227 |     use kasumi_query::{QueryMemory, QueryWorkspace};
    |                                     ^^^^^^^^^^^^^^

warning: unused import: `AcceptedPublicationInventory`
   --> crates/kasumi-engine/src/primary_projection.rs:208:5
    |
208 |     AcceptedPublicationInventory, CollectionAction, CollectionPublication, DocumentChange,
    |     ^^^^^^^^^^^^^^^^^^^^^^^^^^^^

warning: unused imports: `AcceptedIndexEdits` and `IndexChange`
   --> crates/kasumi-engine/src/primary_projection.rs:212:5
    |
212 |     AcceptedIndexEdits, FieldSlot, IndexChange, IndexInputFailure, IndexOperation, IndexRole,
    |     ^^^^^^^^^^^^^^^^^^             ^^^^^^^^^^^

warning: method `proposed` is never used
  --> crates/kasumi-engine/src/primary_stage_ordered.rs:43:19
   |
27 | impl EditedCollection {
   | --------------------- method in this implementation
...
43 |     pub(crate) fn proposed(&self) -> Option<(Manifest, ManifestRef)> {
   |                   ^^^^^^^^
   |
   = note: `#[warn(dead_code)]` (part of `#[warn(unused)]`) on by default

warning: field `resources` is never read
   --> crates/kasumi-engine/src/primary_stage_ordered.rs:135:5
    |
133 | pub(crate) struct OrderedEditFailure<'guard, 'engine> {
    |                   ------------------ field in this struct
134 |     original: anyhow::Error,
135 |     resources: OrderedResources<'guard, 'engine>,
    |     ^^^^^^^^^

warning: method `attempt` is never used
  --> crates/kasumi-engine/src/primary_stage_ordered_verify.rs:13:19
   |
 9 | impl<'guard, 'engine> VerifiedOrderedEdits<'guard, 'engine> {
   | ----------------------------------------------------------- method in this implementation
...
13 |     pub(crate) fn attempt(&self) -> Attempt {
   |                   ^^^^^^^

warning: struct `Parts` is never constructed
  --> crates/kasumi-engine/src/primary_stage_index_rebuild.rs:54:19
   |
54 | pub(super) struct Parts {
   |                   ^^^^^

warning: method `into_parts` is never used
  --> crates/kasumi-engine/src/primary_stage_index_rebuild.rs:64:19
   |
63 | impl UnverifiedStructuredSpan {
   | ----------------------------- method in this implementation
64 |     pub(super) fn into_parts(self) -> Parts {
   |                   ^^^^^^^^^^

warning: method `request_cache_refill` is never used
  --> crates/kasumi-engine/src/primary_cache_warm.rs:45:19
   |
30 | impl SelectedPrimary {
   | -------------------- method in this implementation
...
45 |     pub(crate) fn request_cache_refill(self) -> std::result::Result<Self, ReadFailure> {
   |                   ^^^^^^^^^^^^^^^^^^^^

warning: method `request_cache_refill` is never used
   --> crates/kasumi-engine/src/primary_document_source.rs:153:19
    |
 88 | impl PrimaryDocumentSource {
    | -------------------------- method in this implementation
...
153 |     pub(crate) fn request_cache_refill(&self) -> ReadResult<(), ReadFailure> {
    |                   ^^^^^^^^^^^^^^^^^^^^

warning: method `prepare_primary_document_source` is never used
    --> crates/kasumi-engine/src/service.rs:3196:8
     |
3192 | impl Database {
     | ------------- method in this implementation
...
3196 |     fn prepare_primary_document_source(
     |        ^^^^^^^^^^^^^^^^^^^^^^^^^^^^^^^

warning: `kasumi-engine` (lib test) generated 12 warnings (run `cargo fix --lib -p kasumi-engine --tests` to apply 4 suggestions)
    Finished `test` profile [unoptimized + debuginfo] target(s) in 2m 25s
     Running unittests src/lib.rs (/Users/takemiyamakoto/dev/kasumi/target/disk-backed-cache/debug/deps/kasumi_engine-692600cc2115a508)

running 13 tests
test primary_tree::tests::record_tests::index_inventory_owner_edges_bind_catalog_and_page_slots_without_heap ... ok
test primary_tree::tests::record_tests::index_inventory_owner_is_exact_versioned_and_never_grants_release ... ok
test admission::source_publication::protected_point_tests::protected_source_workspace_preparation_refusal_preserves_exact_captured_owner ... ok
test admission::source_publication::protected_point_tests::protected_source_actual_encrypted_current_and_history_need_no_new_ordinary_grant ... ok

thread 'state::primary_projection::tests::index_rebuild_tests::primary_index_rebuild_actual_empty_schema_add_produces_zero_structured_span' (29544494) has overflowed its stack
fatal runtime error: stack overflow, aborting
error: test failed, to rerun pass `-p kasumi-engine --lib`

Caused by:
  process didn't exit successfully: `/Users/takemiyamakoto/dev/kasumi/target/disk-backed-cache/debug/deps/kasumi_engine-692600cc2115a508 primary_index_rebuild_ index_inventory_owner_ primary_refill_work_ protected_source_ publication_tombstone_staging_ 'search::' --nocapture` (signal: 6, SIGABRT: process abort signal)
     Running unittests src/lib.rs (/Users/takemiyamakoto/dev/kasumi/target/disk-backed-cache/debug/deps/kasumi_kv-221aa5373d25965b)

running 0 tests

test result: ok. 0 passed; 0 failed; 0 ignored; 0 measured; 598 filtered out; finished in 0.00s

     Running unittests src/lib.rs (/Users/takemiyamakoto/dev/kasumi/target/disk-backed-cache/debug/deps/kasumi_query-0d40c4557720709a)

running 3 tests
test search::lending_tests::text_pair_detection_preserves_live_presence_and_selected_field_semantics ... ok
test search::lending_tests::private_text_build_preserves_source_error_and_skips_archived_rows ... ok
test search::lending_tests::text_preparation_failure_stays_private_but_materialization_failure_fences_writer ... ok

test result: ok. 3 passed; 0 failed; 0 ignored; 0 measured; 80 filtered out; finished in 0.05s

     Running unittests src/lib.rs (/Users/takemiyamakoto/dev/kasumi/target/disk-backed-cache/debug/deps/kasumi_store-4ef75ebdc018c368)

running 1 test
test prepared_publication::tests::publication_tombstone_staging_preserves_put_delete_order_across_flushes ... ok

test result: ok. 1 passed; 0 failed; 0 ignored; 0 measured; 767 filtered out; finished in 3.86s

error: 1 target failed:
    `-p kasumi-engine --lib`
Runner: 154.40s; exit=101; matching=1668/1668
