Command: cargo test -p kasumi-raft --all-features --lib --locked --offline --config profile.test.package.kasumi-kv.opt-level=3 --config profile.test.package.sha2.opt-level=3 -- --test-threads=1 control::tests:: storage::tests::snapshot_custody_tests:: snapshot_materialization_releases_applied_lock_and_keeps_captured_root canonical_custody_stream streamed_custody_tables_and_snapshot_coverage_publish_at_one_crash_boundary closed_snapshot_near_metadata_limit_publishes_readable_coverage
CARGO_TARGET_DIR=target/disk-backed-cache
    Finished `test` profile [unoptimized + debuginfo] target(s) in 0.20s
     Running unittests src/lib.rs (target/disk-backed-cache/debug/deps/kasumi_raft-322a2bc95e307dbb)

running 34 tests
test control::tests::accepted_boundary_and_exact_applied_position_publish_atomically_before_retained_purge ... ok
test control::tests::committed_seed_reopens_before_any_projection_without_application_key_access ... ok
test control::tests::exhausted_seed_completion_budget_cannot_promote_a_committed_candidate ... ok
test control::tests::failed_or_already_applied_without_boundary_cannot_be_reinterpreted_as_retired ... ok
test control::tests::first_applied_membership_and_cursor_survive_every_atomic_write_boundary ... ok
test control::tests::first_applied_membership_survives_later_membership_purge_and_reopen ... ok
test control::tests::interrupted_raft_append_never_persists_seed_without_matching_body_and_header ... ok
test control::tests::noncanonical_recovery_scan_header_cannot_publish_retirement ... ok
test control::tests::ordinary_purge_deletes_bodies_and_nonretirement_overwrite_cannot_leave_a_seed ... ok
test control::tests::prebound_first_membership_association_survives_later_apply_purge_and_reopen ... ok
test control::tests::raft_control_metadata_requires_current_writer_bytes_on_every_live_read ... ok
test control::tests::reserved_committed_retirement_recovers_atomic_custody_after_crash_without_app_key ... ok
test control::tests::retirement_recovery_crosses_former_seed_count_ceiling_without_promoting_a_tail ... ok
test control::tests::retirement_recovery_never_selects_between_multiple_committed_successes ... ok
test control::tests::retirement_reserves_full_width_audit_bytes_before_commitment ... ok
test control::tests::retirement_reserves_permanent_bytes_before_a_positive_seed_can_commit ... ok
test control::tests::substituted_seed_bootstrap_or_command_and_uncovered_commit_fail_closed ... ok
test control::tests::target_first_membership_prebind_rejects_substitution_and_noncanonical_bytes ... ok
test control::tests::truncation_permanently_removes_uncommitted_seed_before_overwrite_and_restart ... ok
test custody_machine::tests::canonical_custody_stream_authenticates_counts_digest_and_record_order ... ok
test custody_machine::tests::closed_snapshot_near_metadata_limit_publishes_readable_coverage ... ok
test custody_machine::tests::streamed_custody_tables_and_snapshot_coverage_publish_at_one_crash_boundary ... ok
test storage::tests::snapshot_custody_tests::accepted_snapshot_supersedes_uncommitted_candidate_and_survives_late_truncation ... ok
test storage::tests::snapshot_custody_tests::equal_index_different_term_log_and_snapshot_coverage_is_rejected ... ok
test storage::tests::snapshot_custody_tests::nonretired_snapshot_discards_stale_candidate_coverage_without_retirement_projection ... ok
test storage::tests::snapshot_custody_tests::old_snapshot_capture_cannot_regress_newer_accepted_cursor ... ok
test storage::tests::snapshot_custody_tests::published_retirement_projection_substitution_fails_closed_after_reopen ... ok
test storage::tests::snapshot_custody_tests::retired_snapshot_installs_without_original_log_and_recovers_with_only_custody_key ... ok
test storage::tests::snapshot_custody_tests::retired_snapshot_power_loss_never_tears_image_seed_boundary_or_applied_cursor ... ok
test storage::tests::snapshot_custody_tests::retirement_projection_writer_and_reader_share_the_two_megabyte_boundary ... ok
test storage::tests::snapshot_custody_tests::same_position_cannot_substitute_matching_backend_and_custody_policy ... ok
test storage::tests::snapshot_custody_tests::same_position_reencoding_preserves_custody_and_reuses_verified_current_image ... ok
test storage::tests::snapshot_custody_tests::snapshot_rejects_missing_substituted_stale_and_payload_custody_before_publication ... ok
test storage::tests::snapshot_materialization_releases_applied_lock_and_keeps_captured_root ... ok

test result: ok. 34 passed; 0 failed; 0 ignored; 0 measured; 94 filtered out; finished in 1949.16s

Runner: 1949.42s; exit=0; matching=728/728
