warning: variant `Mutation` is never constructed
  --> crates/kasumi-engine/src/security_audit_jobs.rs:26:5
   |
24 | enum JobEffect {
   |      --------- variant in this enum
25 |     Read,
26 |     Mutation(&'static str),
   |     ^^^^^^^^
   |
   = note: `JobEffect` has a derived impl for the trait `Clone`, but this is intentionally ignored during dead code analysis
   = note: `#[warn(dead_code)]` (part of `#[warn(unused)]`) on by default

warning: struct `ReadPause` is never constructed
  --> crates/kasumi-engine/src/security_audit_jobs.rs:57:19
   |
57 | pub(super) struct ReadPause {
   |                   ^^^^^^^^^

warning: method `run_mutation` is never used
   --> crates/kasumi-engine/src/security_audit_jobs.rs:120:25
    |
 62 | impl SecurityAudit {
    | ------------------ method in this implementation
...
120 |     pub(super) async fn run_mutation<T, F, R>(&self, component: &'static str, run: R) -> Result<T>
    |                         ^^^^^^^^^^^^

warning: `kasumi-engine` (lib) generated 3 warnings
   Compiling kasumi-engine v0.1.0 (/Users/takemiyamakoto/dev/kasumi/crates/kasumi-engine)
    Finished `test` profile [unoptimized + debuginfo] target(s) in 12.22s
     Running tests/contracts.rs (target/disk-backed-cache/debug/deps/contracts-e692866b1fcf3ab8)

running 1 test
test unique_index_swap_is_atomic_and_old_generation_remains_coherent ... ok

test result: ok. 1 passed; 0 failed; 0 ignored; 0 measured; 25 filtered out; finished in 2.06s

     Running tests/history.rs (target/disk-backed-cache/debug/deps/history-bbe5e788b94d5025)

running 1 test
test archived_prefixes_keep_logical_reads_unique_indexes_and_dedup_after_restart ... ok

test result: ok. 1 passed; 0 failed; 0 ignored; 0 measured; 4 filtered out; finished in 40.73s

     Running tests/ordered_seek.rs (target/disk-backed-cache/debug/deps/ordered_seek-fc2f7561d4afb99f)

running 1 test
test actual_store_ordered_seek_has_bounded_visits_and_epoch_fenced_continuation ... ok

test result: ok. 1 passed; 0 failed; 0 ignored; 0 measured; 0 filtered out; finished in 79.00s

     Running tests/schema_activation.rs (target/disk-backed-cache/debug/deps/schema_activation-818029a802236aa6)

running 2 tests
test atomic_bundle_publishes_all_indexes_once_and_preserves_read_generations ... ok
test text_and_structured_indexes_publish_together_after_existing_documents_validate ... ok

test result: ok. 2 passed; 0 failed; 0 ignored; 0 measured; 16 filtered out; finished in 3.40s

