Command: cargo test --locked --offline --config profile.test.package.kasumi-kv.opt-level=3 --config profile.test.package.sha2.opt-level=3 -p kasumi-kv -p kasumi-store -p kasumi-query -p kasumi-raft -p kasumi-engine -p kasumi-authority --all-features --lib --no-fail-fast -- registered_spool_ spool_setup_ scratch_setup_ retained_spool_ spool:: spool_native_layout file_key_and_each_buffer_retire_before_extent_credit_is_reusable prepared_publication::tests --nocapture
ISOLATED_SOURCE=/tmp/kasumi-source-cohort-validation-v1
CARGO_TARGET_DIR=/Users/takemiyamakoto/dev/kasumi/target/disk-backed-cache
   Compiling kasumi-store v0.1.0 (/private/tmp/kasumi-source-cohort-validation-v1/crates/kasumi-store)
warning: method `last_sm_seq` is never used
  --> vendor/openraft-0.9.25/openraft/src/engine/engine_output.rs:35:19
   |
24 | / impl<C> EngineOutput<C>
25 | | where
26 | |     C: RaftTypeConfig,
   | |______________________- method in this implementation
...
35 |       pub(crate) fn last_sm_seq(&self) -> CommandSeq {
   |                     ^^^^^^^^^^^
   |
   = note: `#[warn(dead_code)]` (part of `#[warn(unused)]`) on by default

warning: method `accept_vote` is never used
  --> vendor/openraft-0.9.25/openraft/src/engine/handler/vote_handler/mod.rs:58:19
   |
45 | / impl<C> VoteHandler<'_, C>
46 | | where
47 | |     C: RaftTypeConfig,
   | |______________________- method in this implementation
...
58 |       pub(crate) fn accept_vote<T, E, F>(
   |                     ^^^^^^^^^^^

warning: `openraft` (lib) generated 2 warnings
error[E0502]: cannot borrow `*root` as immutable because it is also borrowed as mutable
   --> crates/kasumi-store/src/scratch_group_claim.rs:420:28
    |
420 |         root.settle_growth(root.len())?;
    |         ---- ------------- ^^^^ immutable borrow occurs here
    |         |    |
    |         |    mutable borrow later used by call
    |         mutable borrow occurs here

For more information about this error, try `rustc --explain E0502`.
error: could not compile `kasumi-store` (lib) due to 1 previous error
warning: build failed, waiting for other jobs to finish...
error[E0502]: cannot borrow `spool` as immutable because it is also borrowed as mutable
   --> crates/kasumi-store/src/spool_native_close_tests.rs:105:26
    |
105 |     spool.reserve_growth(spool.len(), 2 * BLOCK as u64).unwrap();
    |     ----- -------------- ^^^^^ immutable borrow occurs here
    |     |     |
    |     |     mutable borrow later used by call
    |     mutable borrow occurs here

error[E0502]: cannot borrow `spool` as immutable because it is also borrowed as mutable
   --> crates/kasumi-store/src/spool_native_close_tests.rs:196:26
    |
196 |     spool.reserve_growth(spool.len(), 2 * BLOCK as u64).unwrap();
    |     ----- -------------- ^^^^^ immutable borrow occurs here
    |     |     |
    |     |     mutable borrow later used by call
    |     mutable borrow occurs here

error[E0502]: cannot borrow `spool` as immutable because it is also borrowed as mutable
   --> crates/kasumi-store/src/spool.rs:737:29
    |
736 |         spool
    |         ----- mutable borrow occurs here
737 |             .reserve_growth(spool.len(), (2 * BLOCK) as u64)
    |              -------------- ^^^^^ immutable borrow occurs here
    |              |
    |              mutable borrow later used by call

error[E0502]: cannot borrow `spool` as immutable because it is also borrowed as mutable
   --> crates/kasumi-store/src/spool.rs:742:29
    |
742 |         spool.settle_growth(spool.len()).unwrap();
    |         ----- ------------- ^^^^^ immutable borrow occurs here
    |         |     |
    |         |     mutable borrow later used by call
    |         mutable borrow occurs here

error: could not compile `kasumi-store` (lib test) due to 5 previous errors
Runner: 28.03s; exit=101; matching=1616/1616
