Command: cargo test --locked --offline --config profile.test.package.kasumi-kv.opt-level=3 --config profile.test.package.sha2.opt-level=3 -p kasumi-engine --all-features --test lifecycle recovery_control::recovery_journal_persists_before_dispatch_rejects_substitution_and_recovers_ambiguous_control_commit -- --exact --nocapture
CARGO_TARGET_DIR=target/disk-backed-cache
warning: variant `Mutation` is never constructed
  --> crates/kasumi-engine/src/security_audit_jobs.rs:26:5
   |
24 | enum JobEffect {
   |      --------- variant in this enum
25 |     Read,
26 |     Mutation(&'static str),
   |     ^^^^^^^^
   |
   = note: `JobEffect` has a derived impl for the trait `Clone`, but this is intentionally ignored during dead code analysis
   = note: `#[warn(dead_code)]` (part of `#[warn(unused)]`) on by default

warning: struct `ReadPause` is never constructed
  --> crates/kasumi-engine/src/security_audit_jobs.rs:57:19
   |
57 | pub(super) struct ReadPause {
   |                   ^^^^^^^^^

warning: method `run_mutation` is never used
   --> crates/kasumi-engine/src/security_audit_jobs.rs:120:25
    |
 62 | impl SecurityAudit {
    | ------------------ method in this implementation
...
120 |     pub(super) async fn run_mutation<T, F, R>(&self, component: &'static str, run: R) -> Result<T>
    |                         ^^^^^^^^^^^^

warning: `kasumi-engine` (lib) generated 3 warnings
   Compiling kasumi-engine v0.1.0 (/Users/takemiyamakoto/dev/kasumi/crates/kasumi-engine)
    Finished `test` profile [unoptimized + debuginfo] target(s) in 12.19s
     Running tests/lifecycle.rs (target/disk-backed-cache/debug/deps/lifecycle-d3de91a395e1641b)

running 1 test
test recovery_control::recovery_journal_persists_before_dispatch_rejects_substitution_and_recovers_ambiguous_control_commit has been running for over 60 seconds
node opening failure: node=2, create=false, original=NodeStoreOpeningFailure {
    opening_id: StorageOwnerId {
        index: 0,
        generation: 2173,
    },
    phase: Failed,
    child_id: None,
    child_disposition: None,
    close_error: None,
    ..
}
startup: phase=Failed, opening=StorageOwnerId { index: 0, generation: 2173 }, child=None, disposition=None, local=None, close=None
opening: acquisition=Returned(Err(
    Kind(
        InvalidData,
    ),
)), outer=NotEntered, ready=NotEntered, existing_verified=false, failed_recovery=NotEntered
native opening: phase=Closing, opening_phase=Prepared, settlement=DrainedWithFailure, disposition=Drained, original=NotEntered, partial_close=Returned(Err(
    Io(
        Kind(
            Other,
        ),
    ),
)), failed_disposal=NotEntered
native opening fence: Returned(Ok(
    (),
))

thread 'recovery_control::recovery_journal_persists_before_dispatch_rejects_substitution_and_recovers_ambiguous_control_commit' (15464186) panicked at crates/kasumi-engine/tests/common/node_open_diagnostic.rs:124:5:
node opening failed: node=2, create=false: node startup Failed retained registered opening StorageOwnerId { index: 0, generation: 2173 }
note: run with `RUST_BACKTRACE=1` environment variable to display a backtrace
test recovery_control::recovery_journal_persists_before_dispatch_rejects_substitution_and_recovers_ambiguous_control_commit ... FAILED

failures:

failures:
    recovery_control::recovery_journal_persists_before_dispatch_rejects_substitution_and_recovers_ambiguous_control_commit

test result: FAILED. 0 passed; 1 failed; 0 ignored; 0 measured; 15 filtered out; finished in 281.64s

error: test failed, to rerun pass `-p kasumi-engine --test lifecycle`
Runner: 293.93s; exit=101; matching=807/807
