Command: cargo test -p kasumi-engine --lib --test history --locked --offline --config profile.test.package.kasumi-kv.opt-level=3 --config profile.test.package.sha2.opt-level=3 -- --test-threads=1 feed_memory_ change_feed_is_atomic_ordered_resumable_and_detects_retention_gaps scoped_feed_advances_through_filtered_commit_tail_and_emits_only_real_deletions
CARGO_TARGET_DIR=target/disk-backed-cache
warning: variant `Mutation` is never constructed
  --> crates/kasumi-engine/src/security_audit_jobs.rs:26:5
   |
24 | enum JobEffect {
   |      --------- variant in this enum
25 |     Read,
26 |     Mutation(&'static str),
   |     ^^^^^^^^
   |
   = note: `JobEffect` has a derived impl for the trait `Clone`, but this is intentionally ignored during dead code analysis
   = note: `#[warn(dead_code)]` (part of `#[warn(unused)]`) on by default

warning: struct `ReadPause` is never constructed
  --> crates/kasumi-engine/src/security_audit_jobs.rs:57:19
   |
57 | pub(super) struct ReadPause {
   |                   ^^^^^^^^^

warning: method `run_mutation` is never used
   --> crates/kasumi-engine/src/security_audit_jobs.rs:120:25
    |
 62 | impl SecurityAudit {
    | ------------------ method in this implementation
...
120 |     pub(super) async fn run_mutation<T, F, R>(&self, component: &'static str, run: R) -> Result<T>
    |                         ^^^^^^^^^^^^

warning: `kasumi-engine` (lib) generated 3 warnings
   Compiling kasumi-engine v0.1.0 (/Users/takemiyamakoto/dev/kasumi/crates/kasumi-engine)
warning: field `panic` is never read
  --> crates/kasumi-engine/src/security_audit_jobs.rs:52:9
   |
48 | pub(super) struct RecordFault {
   |                   ----------- field in this struct
...
52 |     pub panic: bool,
   |         ^^^^^

warning: `kasumi-engine` (lib test) generated 4 warnings (3 duplicates)
    Finished `test` profile [unoptimized + debuginfo] target(s) in 2m 51s
     Running unittests src/lib.rs (target/disk-backed-cache/debug/deps/kasumi_engine-b15d1192089511a8)

running 3 tests
test service::tests::feed_memory_after_image_denial_preserves_admitted_prefix_and_drains ... ok
test service::tests::feed_memory_owned_after_image_outlives_source_and_final_owner_drains ... ok
test service::tests::feed_memory_public_strict_page_releases_slot_and_outlives_shutdown ... ok

test result: ok. 3 passed; 0 failed; 0 ignored; 0 measured; 396 filtered out; finished in 25.14s

     Running tests/history.rs (target/disk-backed-cache/debug/deps/history-be0399b92922be2f)

running 2 tests
test change_feed_is_atomic_ordered_resumable_and_detects_retention_gaps ... ok
test scoped_feed_advances_through_filtered_commit_tail_and_emits_only_real_deletions ... ok

test result: ok. 2 passed; 0 failed; 0 ignored; 0 measured; 3 filtered out; finished in 39.61s

Runner: 236.04s; exit=0; matching=699/699
