   Compiling rustls v0.23.43
   Compiling serde_json v1.0.151 (/Users/takemiyamakoto/dev/kasumi/vendor/serde_json-1.0.151)
   Compiling axum-core v0.5.6
   Compiling tempfile v3.27.0
   Compiling prost-build v0.14.4
   Compiling lindera-dictionary v5.3.0
   Compiling kasumi-types v0.1.0 (/Users/takemiyamakoto/dev/kasumi/crates/kasumi-types)
   Compiling tantivy-query-grammar v0.26.0
   Compiling referencing v0.52.1
   Compiling jsonschema-value v0.52.1
   Compiling tonic-prost-build v0.14.6
   Compiling axum v0.8.9
   Compiling kasumi-client v0.1.0 (/Users/takemiyamakoto/dev/kasumi/crates/kasumi-client)
   Compiling jsonschema v0.52.1
   Compiling tantivy v0.26.1
   Compiling tokio-rustls v0.26.5
   Compiling ureq v3.4.0
   Compiling hyper-rustls v0.27.9
   Compiling tonic v0.14.6
   Compiling reqwest v0.12.28
   Compiling kasumi-transport v0.1.0 (/Users/takemiyamakoto/dev/kasumi/crates/kasumi-transport)
   Compiling tonic-prost v0.14.6
   Compiling lindera-ipadic v5.3.0
   Compiling kasumi-serving v0.1.0 (/Users/takemiyamakoto/dev/kasumi/crates/kasumi-serving)
   Compiling kasumi-store v0.1.0 (/Users/takemiyamakoto/dev/kasumi/crates/kasumi-store)
   Compiling lindera v5.3.0
   Compiling lindera-analysis v5.3.0
   Compiling kasumi-raft v0.1.0 (/Users/takemiyamakoto/dev/kasumi/crates/kasumi-raft)
   Compiling lindera-tantivy v5.0.1
   Compiling kasumi-query v0.1.0 (/Users/takemiyamakoto/dev/kasumi/crates/kasumi-query)
   Compiling kasumi-engine v0.1.0 (/Users/takemiyamakoto/dev/kasumi/crates/kasumi-engine)
warning: variant `Mutation` is never constructed
  --> crates/kasumi-engine/src/security_audit_jobs.rs:26:5
   |
24 | enum JobEffect {
   |      --------- variant in this enum
25 |     Read,
26 |     Mutation(&'static str),
   |     ^^^^^^^^
   |
   = note: `JobEffect` has a derived impl for the trait `Clone`, but this is intentionally ignored during dead code analysis
   = note: `#[warn(dead_code)]` (part of `#[warn(unused)]`) on by default

warning: struct `ReadPause` is never constructed
  --> crates/kasumi-engine/src/security_audit_jobs.rs:57:19
   |
57 | pub(super) struct ReadPause {
   |                   ^^^^^^^^^

warning: method `run_mutation` is never used
   --> crates/kasumi-engine/src/security_audit_jobs.rs:120:25
    |
 62 | impl SecurityAudit {
    | ------------------ method in this implementation
...
120 |     pub(super) async fn run_mutation<T, F, R>(&self, component: &'static str, run: R) -> Result<T>
    |                         ^^^^^^^^^^^^

warning: `kasumi-engine` (lib) generated 3 warnings
   Compiling kasumi-authority v0.1.0 (/Users/takemiyamakoto/dev/kasumi/crates/kasumi-authority)
    Finished `test` profile [unoptimized + debuginfo] target(s) in 1m 14s
     Running unittests src/lib.rs (target/disk-backed-cache/debug/deps/kasumi_authority-1aa4395f2a3293d8)

running 5 tests
test state::apply_publication_tests::maintenance_publication_refusal_preserves_original_capacity_and_receipt_absence ... ok
test state::apply_publication_tests::effect_and_maintenance_record_decode_failures_never_publish_a_rejection ... ok
test state::apply_publication_tests::metadata_publishes_once_for_future_and_covered_positions ... ok
test state::apply_publication_tests::command_response_and_writes_are_prepared_before_single_guarded_publication ... ok
test state::apply_publication_tests::private_partial_writes_are_discarded_when_final_quota_rejects ... ok

test result: ok. 5 passed; 0 failed; 0 ignored; 0 measured; 69 filtered out; finished in 1.77s

