Command: cargo test --locked --offline --config profile.test.package.kasumi-kv.opt-level=3 --config profile.test.package.sha2.opt-level=3 -p kasumi-kv -p kasumi-store -p kasumi-raft -p kasumi-engine -p kasumi-authority --all-features --lib --no-fail-fast -- canonical_control_ owned_backend_mutation_ owned_prepared_restore_ validation_baseline_actual_prepared_restore validation_baseline_failed_publish_retires_candidate_before_apply_owner validation_baseline_sealed_and_poisoned_owners_refuse_before_decode non_application_capacity source_actor_startup snapshot_prepare_image_ snapshot_freeze_in_place_ --nocapture
ISOLATED_SOURCE=/tmp/kasumi-source-cohort-validation-v1
CARGO_TARGET_DIR=/Users/takemiyamakoto/dev/kasumi/target/disk-backed-cache
   Compiling kasumi-store v0.1.0 (/private/tmp/kasumi-source-cohort-validation-v1/crates/kasumi-store)
   Compiling kasumi-query v0.1.0 (/private/tmp/kasumi-source-cohort-validation-v1/crates/kasumi-query)
   Compiling kasumi-raft v0.1.0 (/private/tmp/kasumi-source-cohort-validation-v1/crates/kasumi-raft)
error[E0425]: cannot find value `owner` in this scope
   --> crates/kasumi-raft/src/non_application_source_capacity.rs:149:30
    |
149 |             let diagnostic = owner.actor_diagnostic_lifetime();
    |                              ^^^^^ not found in this scope
    |
note: function `crate::apply_publication::completion_tests::owner` exists but is inaccessible
   --> crates/kasumi-raft/src/apply_completion_tests.rs:54:1
    |
 54 | fn owner() -> (crate::apply_failure::ApplyFailureSlot, Arc<Control>) {
    | ^^^^^^^^^^^^^^^^^^^^^^^^^^^^^^^^^^^^^^^^^^^^^^^^^^^^^^^^^^^^^^^^^^^^ not accessible

warning: variant `SnapshotPublication` is never constructed
  --> crates/kasumi-raft/src/selected_application/plan.rs:35:5
   |
30 | enum AppliedOrigin {
   |      ------------- variant in this enum
...
35 |     SnapshotPublication,
   |     ^^^^^^^^^^^^^^^^^^^
   |
   = note: `AppliedOrigin` has a derived impl for the trait `Clone`, but this is intentionally ignored during dead code analysis
   = note: `#[warn(dead_code)]` (part of `#[warn(unused)]`) on by default

warning: method `observe_snapshot_writes` is never used
   --> crates/kasumi-raft/src/selected_application/control_memory.rs:274:19
    |
263 | impl ControlMemory {
    | ------------------ method in this implementation
...
274 |     pub(super) fn observe_snapshot_writes(
    |                   ^^^^^^^^^^^^^^^^^^^^^^^

warning: associated functions `for_publication` and `at` are never used
  --> crates/kasumi-raft/src/selected_application/snapshot_source_envelope.rs:22:19
   |
17 | impl PreparedSnapshotSourceEnvelope {
   | ----------------------------------- associated functions in this implementation
...
22 |     pub(crate) fn for_publication(
   |                   ^^^^^^^^^^^^^^^
...
38 |     fn at(
   |        ^^

warning: function `write_effect` is never used
   --> crates/kasumi-raft/src/selected_application/snapshot_source_envelope.rs:194:4
    |
194 | fn write_effect<'a>(
    |    ^^^^^^^^^^^^

warning: function `prospective_bound` is never used
   --> crates/kasumi-raft/src/selected_application/snapshot_source_envelope.rs:212:4
    |
212 | fn prospective_bound(
    |    ^^^^^^^^^^^^^^^^^

warning: function `prospective_record` is never used
   --> crates/kasumi-raft/src/selected_application/snapshot_source_envelope.rs:238:4
    |
238 | fn prospective_record<'a>(
    |    ^^^^^^^^^^^^^^^^^^

warning: variant `Freezing` is never constructed
  --> crates/kasumi-raft/src/snapshot_buffer.rs:32:5
   |
29 | enum Backing {
   |      ------- variant in this enum
...
32 |     Freezing(Option<Box<EncryptedSpool>>),
   |     ^^^^^^^^
   |
   = note: `Backing` has a derived impl for the trait `Debug`, but this is intentionally ignored during dead code analysis

warning: variant `Freeze` is never constructed
  --> crates/kasumi-raft/src/snapshot_buffer.rs:39:5
   |
36 | enum Completion {
   |      ---------- variant in this enum
...
39 |     Freeze,
   |     ^^^^^^
   |
   = note: `Completion` has a derived impl for the trait `Debug`, but this is intentionally ignored during dead code analysis

warning: variant `Freeze` is never constructed
  --> crates/kasumi-raft/src/snapshot_buffer.rs:46:5
   |
43 | enum Kind {
   |      ---- variant in this enum
...
46 |     Freeze,
   |     ^^^^^^
   |
   = note: `Kind` has a derived impl for the trait `Debug`, but this is intentionally ignored during dead code analysis

warning: method `prepare_image` is never used
    --> crates/kasumi-raft/src/snapshot_buffer.rs:1344:25
     |
1289 | impl SnapshotBuffer {
     | ------------------- method in this implementation
...
1344 |     pub(crate) async fn prepare_image(&mut self) -> io::Result<SnapshotImage> {
     |                         ^^^^^^^^^^^^^

warning: method `source_capacity_seed` is never used
   --> crates/kasumi-raft/src/snapshot_custody.rs:102:19
    |
 99 | impl SnapshotRetirement {
    | ----------------------- method in this implementation
...
102 |     pub(crate) fn source_capacity_seed(&self) -> &[u8] {
    |                   ^^^^^^^^^^^^^^^^^^^^

warning: method `prepare_engine_publication` is never used
    --> crates/kasumi-raft/src/storage.rs:1068:19
     |
1037 | impl PendingSnapshot {
     | -------------------- method in this implementation
...
1068 |     pub(crate) fn prepare_engine_publication<'backend>(
     |                   ^^^^^^^^^^^^^^^^^^^^^^^^^^

warning: enum `SnapshotPublicationPhase` is never used
    --> crates/kasumi-raft/src/storage.rs:1122:6
     |
1122 | enum SnapshotPublicationPhase {
     |      ^^^^^^^^^^^^^^^^^^^^^^^^

warning: struct `PreparedEngineSnapshotPublication` is never constructed
    --> crates/kasumi-raft/src/storage.rs:1128:19
     |
1128 | pub(crate) struct PreparedEngineSnapshotPublication<'backend> {
     |                   ^^^^^^^^^^^^^^^^^^^^^^^^^^^^^^^^^

warning: methods `source` and `publish` are never used
    --> crates/kasumi-raft/src/storage.rs:1138:19
     |
1137 | impl PreparedEngineSnapshotPublication<'_> {
     | ------------------------------------------ methods in this implementation
1138 |     pub(crate) fn source(&self) -> &crate::PreparedSnapshotSourceEnvelope {
     |                   ^^^^^^
...
1141 |     pub(crate) fn publish(&mut self, domains: &TenantStorageSet) -> Result<()> {
     |                   ^^^^^^^

warning: struct `OwnedControlGuard` is never constructed
   --> crates/kasumi-raft/src/storage/control_gate.rs:107:19
    |
107 | pub(crate) struct OwnedControlGuard {
    |                   ^^^^^^^^^^^^^^^^^

warning: method `require_gate` is never used
   --> crates/kasumi-raft/src/storage/control_gate.rs:114:19
    |
111 | impl OwnedControlGuard {
    | ---------------------- method in this implementation
...
114 |     pub(crate) fn require_gate(&self, gate: &ControlGateRef) -> anyhow::Result<()> {
    |                   ^^^^^^^^^^^^

warning: methods `ptr_eq` and `lock_owned` are never used
   --> crates/kasumi-raft/src/storage/control_gate_registry.rs:106:19
    |
105 | impl ControlGateRef {
    | ------------------- methods in this implementation
106 |     pub(crate) fn ptr_eq(&self, other: &Self) -> bool {
    |                   ^^^^^^
...
112 |     pub(crate) fn lock_owned(&self) -> Result<OwnedControlGuard, super::Poisoned> {
    |                   ^^^^^^^^^^

   Compiling kasumi-engine v0.1.0 (/private/tmp/kasumi-source-cohort-validation-v1/crates/kasumi-engine)
error[E0277]: the type `(dyn kasumi_kv::resident_allocation::RetireToken + 'static)` may contain interior mutability and a reference may not be safely transferable across a catch_unwind boundary
  --> crates/kasumi-raft/src/storage/control_gate_tests.rs:70:38
   |
70 |               std::panic::catch_unwind(move || {
   |  _____________------------------------_^
   | |             |
   | |             required by a bound introduced by this call
71 | |                 if owned {
72 | |                     let _permit = during.lock_owned().unwrap();
73 | |                     panic!("owned publication interrupted");
...  |
78 | |             })
   | |_____________^ `(dyn kasumi_kv::resident_allocation::RetireToken + 'static)` may contain interior mutability and a reference may not be safely transferable across a catch_unwind boundary
   |
   = help: within `DiskMemoryLease`, the trait `RefUnwindSafe` is not implemented for `(dyn kasumi_kv::resident_allocation::RetireToken + 'static)`
note: required because it appears within the type `PhantomData<(dyn kasumi_kv::resident_allocation::RetireToken + 'static)>`
  --> /rustc/8bab26f4f68e0e26f0bb7960be334d5b520ea452/library/core/src/marker.rs:811:11
note: required because it appears within the type `std::ptr::Unique<(dyn kasumi_kv::resident_allocation::RetireToken + 'static)>`
  --> /rustc/8bab26f4f68e0e26f0bb7960be334d5b520ea452/library/core/src/ptr/unique.rs:35:11
note: required because it appears within the type `Box<(dyn kasumi_kv::resident_allocation::RetireToken + 'static)>`
  --> /rustc/8bab26f4f68e0e26f0bb7960be334d5b520ea452/library/alloc/src/boxed.rs:234:11
note: required because it appears within the type `std::option::Option<Box<(dyn kasumi_kv::resident_allocation::RetireToken + 'static)>>`
  --> /rustc/8bab26f4f68e0e26f0bb7960be334d5b520ea452/library/core/src/option.rs:597:9
note: required because it appears within the type `DiskMemoryLease`
  --> crates/kasumi-kv/src/resident_allocation.rs:8:12
   |
 8 | pub struct ResidentAllocation(Option<Box<dyn RetireToken>>);
   |            ^^^^^^^^^^^^^^^^^^
   = note: required for `std::sync::Arc<DiskMemoryLease>` to implement `UnwindSafe`
note: required because it appears within the type `std::option::Option<std::sync::Arc<DiskMemoryLease>>`
  --> /rustc/8bab26f4f68e0e26f0bb7960be334d5b520ea452/library/core/src/option.rs:597:9
note: required because it appears within the type `Credit`
  --> crates/kasumi-raft/src/storage/control_gate_registry.rs:10:8
   |
10 | struct Credit(Option<Arc<DiskMemoryLease>>);
   |        ^^^^^^
note: required because it appears within the type `control_gate::registry::ControlGateRef`
  --> crates/kasumi-raft/src/storage/control_gate_registry.rs:78:19
   |
78 | pub(crate) struct ControlGateRef {
   |                   ^^^^^^^^^^^^^^
note: required because it's used within this closure
  --> crates/kasumi-raft/src/storage/control_gate_tests.rs:70:38
   |
70 |             std::panic::catch_unwind(move || {
   |                                      ^^^^^^^
note: required by a bound in `std::panic::catch_unwind`
  --> /rustc/8bab26f4f68e0e26f0bb7960be334d5b520ea452/library/std/src/panic.rs:358:0

error[E0277]: the type `UnsafeCell<kasumi_store::KeyCatalog>` may contain interior mutability and a reference may not be safely transferable across a catch_unwind boundary
    --> crates/kasumi-raft/src/storage/control_gate_tests.rs:70:38
     |
  70 |               std::panic::catch_unwind(move || {
     |  _____________------------------------_^
     | |             |
     | |             required by a bound introduced by this call
  71 | |                 if owned {
  72 | |                     let _permit = during.lock_owned().unwrap();
  73 | |                     panic!("owned publication interrupted");
...    |
  78 | |             })
     | |_____________^ `UnsafeCell<kasumi_store::KeyCatalog>` may contain interior mutability and a reference may not be safely transferable across a catch_unwind boundary
     |
     = help: within `control_gate::ControlGate`, the trait `RefUnwindSafe` is not implemented for `UnsafeCell<kasumi_store::KeyCatalog>`
note: required because it appears within the type `lock_api::rwlock::RwLock<parking_lot::raw_rwlock::RawRwLock, kasumi_store::KeyCatalog>`
    --> /Users/takemiyamakoto/.cargo/registry/src/index.crates.io-1949cf8c6b5b557f/lock_api-0.4.14/src/rwlock.rs:330:12
     |
 330 | pub struct RwLock<R, T: ?Sized> {
     |            ^^^^^^
note: required because it appears within the type `kasumi_store::TenantStore`
    --> crates/kasumi-store/src/lib.rs:1433:12
     |
1433 | pub struct TenantStore {
     |            ^^^^^^^^^^^
note: required because it appears within the type `alloc::sync::ArcInner<kasumi_store::TenantStore>`
    --> /rustc/8bab26f4f68e0e26f0bb7960be334d5b520ea452/library/alloc/src/sync.rs:388:7
note: required because it appears within the type `PhantomData<alloc::sync::ArcInner<kasumi_store::TenantStore>>`
    --> /rustc/8bab26f4f68e0e26f0bb7960be334d5b520ea452/library/core/src/marker.rs:811:11
note: required because it appears within the type `std::sync::Arc<kasumi_store::TenantStore>`
    --> /rustc/8bab26f4f68e0e26f0bb7960be334d5b520ea452/library/alloc/src/sync.rs:269:11
note: required because it appears within the type `std::option::Option<std::sync::Arc<kasumi_store::TenantStore>>`
    --> /rustc/8bab26f4f68e0e26f0bb7960be334d5b520ea452/library/core/src/option.rs:597:9
note: required because it appears within the type `control_gate::ControlGate`
    --> crates/kasumi-raft/src/storage/control_gate.rs:17:19
     |
  17 | pub(crate) struct ControlGate {
     |                   ^^^^^^^^^^^
     = note: required for `std::sync::Arc<control_gate::ControlGate>` to implement `UnwindSafe`
note: required because it appears within the type `std::option::Option<std::sync::Arc<control_gate::ControlGate>>`
    --> /rustc/8bab26f4f68e0e26f0bb7960be334d5b520ea452/library/core/src/option.rs:597:9
note: required because it appears within the type `control_gate::registry::ControlGateRef`
    --> crates/kasumi-raft/src/storage/control_gate_registry.rs:78:19
     |
  78 | pub(crate) struct ControlGateRef {
     |                   ^^^^^^^^^^^^^^
note: required because it's used within this closure
    --> crates/kasumi-raft/src/storage/control_gate_tests.rs:70:38
     |
  70 |             std::panic::catch_unwind(move || {
     |                                      ^^^^^^^
note: required by a bound in `std::panic::catch_unwind`
    --> /rustc/8bab26f4f68e0e26f0bb7960be334d5b520ea452/library/std/src/panic.rs:358:0

error[E0277]: the type `UnsafeCell<std::option::Option<DiskMemoryLease>>` may contain interior mutability and a reference may not be safely transferable across a catch_unwind boundary
    --> crates/kasumi-raft/src/storage/control_gate_tests.rs:70:38
     |
  70 |               std::panic::catch_unwind(move || {
     |  _____________------------------------_^
     | |             |
     | |             required by a bound introduced by this call
  71 | |                 if owned {
  72 | |                     let _permit = during.lock_owned().unwrap();
  73 | |                     panic!("owned publication interrupted");
...    |
  78 | |             })
     | |_____________^ `UnsafeCell<std::option::Option<DiskMemoryLease>>` may contain interior mutability and a reference may not be safely transferable across a catch_unwind boundary
     |
     = help: within `control_gate::ControlGate`, the trait `RefUnwindSafe` is not implemented for `UnsafeCell<std::option::Option<DiskMemoryLease>>`
note: required because it appears within the type `Mutex<RawMutex, Option<DiskMemoryLease>>`
    --> /Users/takemiyamakoto/.cargo/registry/src/index.crates.io-1949cf8c6b5b557f/lock_api-0.4.14/src/mutex.rs:138:12
     |
 138 | pub struct Mutex<R, T: ?Sized> {
     |            ^^^^^
note: required because it appears within the type `kasumi_store::TenantStore`
    --> crates/kasumi-store/src/lib.rs:1433:12
     |
1433 | pub struct TenantStore {
     |            ^^^^^^^^^^^
note: required because it appears within the type `alloc::sync::ArcInner<kasumi_store::TenantStore>`
    --> /rustc/8bab26f4f68e0e26f0bb7960be334d5b520ea452/library/alloc/src/sync.rs:388:7
note: required because it appears within the type `PhantomData<alloc::sync::ArcInner<kasumi_store::TenantStore>>`
    --> /rustc/8bab26f4f68e0e26f0bb7960be334d5b520ea452/library/core/src/marker.rs:811:11
note: required because it appears within the type `std::sync::Arc<kasumi_store::TenantStore>`
    --> /rustc/8bab26f4f68e0e26f0bb7960be334d5b520ea452/library/alloc/src/sync.rs:269:11
note: required because it appears within the type `std::option::Option<std::sync::Arc<kasumi_store::TenantStore>>`
    --> /rustc/8bab26f4f68e0e26f0bb7960be334d5b520ea452/library/core/src/option.rs:597:9
note: required because it appears within the type `control_gate::ControlGate`
    --> crates/kasumi-raft/src/storage/control_gate.rs:17:19
     |
  17 | pub(crate) struct ControlGate {
     |                   ^^^^^^^^^^^
     = note: required for `std::sync::Arc<control_gate::ControlGate>` to implement `UnwindSafe`
note: required because it appears within the type `std::option::Option<std::sync::Arc<control_gate::ControlGate>>`
    --> /rustc/8bab26f4f68e0e26f0bb7960be334d5b520ea452/library/core/src/option.rs:597:9
note: required because it appears within the type `control_gate::registry::ControlGateRef`
    --> crates/kasumi-raft/src/storage/control_gate_registry.rs:78:19
     |
  78 | pub(crate) struct ControlGateRef {
     |                   ^^^^^^^^^^^^^^
note: required because it's used within this closure
    --> crates/kasumi-raft/src/storage/control_gate_tests.rs:70:38
     |
  70 |             std::panic::catch_unwind(move || {
     |                                      ^^^^^^^
note: required by a bound in `std::panic::catch_unwind`
    --> /rustc/8bab26f4f68e0e26f0bb7960be334d5b520ea452/library/std/src/panic.rs:358:0
     = note: the full name for the type has been written to '/Users/takemiyamakoto/dev/kasumi/target/disk-backed-cache/debug/deps/kasumi_raft-80f97d1b4f50c7fa.long-type-11029430353133145501.txt'
     = note: consider using `--verbose` to print the full type name to the console

error[E0277]: the type `UnsafeCell<kasumi_store::KeyState>` may contain interior mutability and a reference may not be safely transferable across a catch_unwind boundary
    --> crates/kasumi-raft/src/storage/control_gate_tests.rs:70:38
     |
  70 |               std::panic::catch_unwind(move || {
     |  _____________------------------------_^
     | |             |
     | |             required by a bound introduced by this call
  71 | |                 if owned {
  72 | |                     let _permit = during.lock_owned().unwrap();
  73 | |                     panic!("owned publication interrupted");
...    |
  78 | |             })
     | |_____________^ `UnsafeCell<kasumi_store::KeyState>` may contain interior mutability and a reference may not be safely transferable across a catch_unwind boundary
     |
     = help: within `control_gate::ControlGate`, the trait `RefUnwindSafe` is not implemented for `UnsafeCell<kasumi_store::KeyState>`
note: required because it appears within the type `lock_api::rwlock::RwLock<parking_lot::raw_rwlock::RawRwLock, kasumi_store::KeyState>`
    --> /Users/takemiyamakoto/.cargo/registry/src/index.crates.io-1949cf8c6b5b557f/lock_api-0.4.14/src/rwlock.rs:330:12
     |
 330 | pub struct RwLock<R, T: ?Sized> {
     |            ^^^^^^
note: required because it appears within the type `kasumi_store::TenantStore`
    --> crates/kasumi-store/src/lib.rs:1433:12
     |
1433 | pub struct TenantStore {
     |            ^^^^^^^^^^^
note: required because it appears within the type `alloc::sync::ArcInner<kasumi_store::TenantStore>`
    --> /rustc/8bab26f4f68e0e26f0bb7960be334d5b520ea452/library/alloc/src/sync.rs:388:7
note: required because it appears within the type `PhantomData<alloc::sync::ArcInner<kasumi_store::TenantStore>>`
    --> /rustc/8bab26f4f68e0e26f0bb7960be334d5b520ea452/library/core/src/marker.rs:811:11
note: required because it appears within the type `std::sync::Arc<kasumi_store::TenantStore>`
    --> /rustc/8bab26f4f68e0e26f0bb7960be334d5b520ea452/library/alloc/src/sync.rs:269:11
note: required because it appears within the type `std::option::Option<std::sync::Arc<kasumi_store::TenantStore>>`
    --> /rustc/8bab26f4f68e0e26f0bb7960be334d5b520ea452/library/core/src/option.rs:597:9
note: required because it appears within the type `control_gate::ControlGate`
    --> crates/kasumi-raft/src/storage/control_gate.rs:17:19
     |
  17 | pub(crate) struct ControlGate {
     |                   ^^^^^^^^^^^
     = note: required for `std::sync::Arc<control_gate::ControlGate>` to implement `UnwindSafe`
note: required because it appears within the type `std::option::Option<std::sync::Arc<control_gate::ControlGate>>`
    --> /rustc/8bab26f4f68e0e26f0bb7960be334d5b520ea452/library/core/src/option.rs:597:9
note: required because it appears within the type `control_gate::registry::ControlGateRef`
    --> crates/kasumi-raft/src/storage/control_gate_registry.rs:78:19
     |
  78 | pub(crate) struct ControlGateRef {
     |                   ^^^^^^^^^^^^^^
note: required because it's used within this closure
    --> crates/kasumi-raft/src/storage/control_gate_tests.rs:70:38
     |
  70 |             std::panic::catch_unwind(move || {
     |                                      ^^^^^^^
note: required by a bound in `std::panic::catch_unwind`
    --> /rustc/8bab26f4f68e0e26f0bb7960be334d5b520ea452/library/std/src/panic.rs:358:0

error[E0277]: the type `UnsafeCell<()>` may contain interior mutability and a reference may not be safely transferable across a catch_unwind boundary
    --> crates/kasumi-raft/src/storage/control_gate_tests.rs:70:38
     |
  70 |               std::panic::catch_unwind(move || {
     |  _____________------------------------_^
     | |             |
     | |             required by a bound introduced by this call
  71 | |                 if owned {
  72 | |                     let _permit = during.lock_owned().unwrap();
  73 | |                     panic!("owned publication interrupted");
...    |
  78 | |             })
     | |_____________^ `UnsafeCell<()>` may contain interior mutability and a reference may not be safely transferable across a catch_unwind boundary
     |
     = help: within `control_gate::ControlGate`, the trait `RefUnwindSafe` is not implemented for `UnsafeCell<()>`
note: required because it appears within the type `lock_api::mutex::Mutex<parking_lot::raw_mutex::RawMutex, ()>`
    --> /Users/takemiyamakoto/.cargo/registry/src/index.crates.io-1949cf8c6b5b557f/lock_api-0.4.14/src/mutex.rs:138:12
     |
 138 | pub struct Mutex<R, T: ?Sized> {
     |            ^^^^^
note: required because it appears within the type `kasumi_store::TenantStore`
    --> crates/kasumi-store/src/lib.rs:1433:12
     |
1433 | pub struct TenantStore {
     |            ^^^^^^^^^^^
note: required because it appears within the type `alloc::sync::ArcInner<kasumi_store::TenantStore>`
    --> /rustc/8bab26f4f68e0e26f0bb7960be334d5b520ea452/library/alloc/src/sync.rs:388:7
note: required because it appears within the type `PhantomData<alloc::sync::ArcInner<kasumi_store::TenantStore>>`
    --> /rustc/8bab26f4f68e0e26f0bb7960be334d5b520ea452/library/core/src/marker.rs:811:11
note: required because it appears within the type `std::sync::Arc<kasumi_store::TenantStore>`
    --> /rustc/8bab26f4f68e0e26f0bb7960be334d5b520ea452/library/alloc/src/sync.rs:269:11
note: required because it appears within the type `std::option::Option<std::sync::Arc<kasumi_store::TenantStore>>`
    --> /rustc/8bab26f4f68e0e26f0bb7960be334d5b520ea452/library/core/src/option.rs:597:9
note: required because it appears within the type `control_gate::ControlGate`
    --> crates/kasumi-raft/src/storage/control_gate.rs:17:19
     |
  17 | pub(crate) struct ControlGate {
     |                   ^^^^^^^^^^^
     = note: required for `std::sync::Arc<control_gate::ControlGate>` to implement `UnwindSafe`
note: required because it appears within the type `std::option::Option<std::sync::Arc<control_gate::ControlGate>>`
    --> /rustc/8bab26f4f68e0e26f0bb7960be334d5b520ea452/library/core/src/option.rs:597:9
note: required because it appears within the type `control_gate::registry::ControlGateRef`
    --> crates/kasumi-raft/src/storage/control_gate_registry.rs:78:19
     |
  78 | pub(crate) struct ControlGateRef {
     |                   ^^^^^^^^^^^^^^
note: required because it's used within this closure
    --> crates/kasumi-raft/src/storage/control_gate_tests.rs:70:38
     |
  70 |             std::panic::catch_unwind(move || {
     |                                      ^^^^^^^
note: required by a bound in `std::panic::catch_unwind`
    --> /rustc/8bab26f4f68e0e26f0bb7960be334d5b520ea452/library/std/src/panic.rs:358:0

error[E0277]: the type `UnsafeCell<kasumi_store::BackgroundTasks>` may contain interior mutability and a reference may not be safely transferable across a catch_unwind boundary
    --> crates/kasumi-raft/src/storage/control_gate_tests.rs:70:38
     |
  70 |               std::panic::catch_unwind(move || {
     |  _____________------------------------_^
     | |             |
     | |             required by a bound introduced by this call
  71 | |                 if owned {
  72 | |                     let _permit = during.lock_owned().unwrap();
  73 | |                     panic!("owned publication interrupted");
...    |
  78 | |             })
     | |_____________^ `UnsafeCell<kasumi_store::BackgroundTasks>` may contain interior mutability and a reference may not be safely transferable across a catch_unwind boundary
     |
     = help: within `control_gate::ControlGate`, the trait `RefUnwindSafe` is not implemented for `UnsafeCell<kasumi_store::BackgroundTasks>`
note: required because it appears within the type `tokio::sync::Mutex<kasumi_store::BackgroundTasks>`
    --> /Users/takemiyamakoto/.cargo/registry/src/index.crates.io-1949cf8c6b5b557f/tokio-1.53.1/src/sync/mutex.rs:133:12
     |
 133 | pub struct Mutex<T: ?Sized> {
     |            ^^^^^
note: required because it appears within the type `kasumi_store::TenantStore`
    --> crates/kasumi-store/src/lib.rs:1433:12
     |
1433 | pub struct TenantStore {
     |            ^^^^^^^^^^^
note: required because it appears within the type `alloc::sync::ArcInner<kasumi_store::TenantStore>`
    --> /rustc/8bab26f4f68e0e26f0bb7960be334d5b520ea452/library/alloc/src/sync.rs:388:7
note: required because it appears within the type `PhantomData<alloc::sync::ArcInner<kasumi_store::TenantStore>>`
    --> /rustc/8bab26f4f68e0e26f0bb7960be334d5b520ea452/library/core/src/marker.rs:811:11
note: required because it appears within the type `std::sync::Arc<kasumi_store::TenantStore>`
    --> /rustc/8bab26f4f68e0e26f0bb7960be334d5b520ea452/library/alloc/src/sync.rs:269:11
note: required because it appears within the type `std::option::Option<std::sync::Arc<kasumi_store::TenantStore>>`
    --> /rustc/8bab26f4f68e0e26f0bb7960be334d5b520ea452/library/core/src/option.rs:597:9
note: required because it appears within the type `control_gate::ControlGate`
    --> crates/kasumi-raft/src/storage/control_gate.rs:17:19
     |
  17 | pub(crate) struct ControlGate {
     |                   ^^^^^^^^^^^
     = note: required for `std::sync::Arc<control_gate::ControlGate>` to implement `UnwindSafe`
note: required because it appears within the type `std::option::Option<std::sync::Arc<control_gate::ControlGate>>`
    --> /rustc/8bab26f4f68e0e26f0bb7960be334d5b520ea452/library/core/src/option.rs:597:9
note: required because it appears within the type `control_gate::registry::ControlGateRef`
    --> crates/kasumi-raft/src/storage/control_gate_registry.rs:78:19
     |
  78 | pub(crate) struct ControlGateRef {
     |                   ^^^^^^^^^^^^^^
note: required because it's used within this closure
    --> crates/kasumi-raft/src/storage/control_gate_tests.rs:70:38
     |
  70 |             std::panic::catch_unwind(move || {
     |                                      ^^^^^^^
note: required by a bound in `std::panic::catch_unwind`
    --> /rustc/8bab26f4f68e0e26f0bb7960be334d5b520ea452/library/std/src/panic.rs:358:0

error[E0277]: the type `UnsafeCell<std::option::Option<std::sync::Arc<TenantAuditPlacement>>>` may contain interior mutability and a reference may not be safely transferable across a catch_unwind boundary
    --> crates/kasumi-raft/src/storage/control_gate_tests.rs:70:38
     |
  70 |               std::panic::catch_unwind(move || {
     |  _____________------------------------_^
     | |             |
     | |             required by a bound introduced by this call
  71 | |                 if owned {
  72 | |                     let _permit = during.lock_owned().unwrap();
  73 | |                     panic!("owned publication interrupted");
...    |
  78 | |             })
     | |_____________^ `UnsafeCell<std::option::Option<std::sync::Arc<TenantAuditPlacement>>>` may contain interior mutability and a reference may not be safely transferable across a catch_unwind boundary
     |
     = help: within `control_gate::ControlGate`, the trait `RefUnwindSafe` is not implemented for `UnsafeCell<std::option::Option<std::sync::Arc<TenantAuditPlacement>>>`
note: required because it appears within the type `Mutex<RawMutex, Option<Arc<TenantAuditPlacement>>>`
    --> /Users/takemiyamakoto/.cargo/registry/src/index.crates.io-1949cf8c6b5b557f/lock_api-0.4.14/src/mutex.rs:138:12
     |
 138 | pub struct Mutex<R, T: ?Sized> {
     |            ^^^^^
note: required because it appears within the type `kasumi_store::TenantStore`
    --> crates/kasumi-store/src/lib.rs:1433:12
     |
1433 | pub struct TenantStore {
     |            ^^^^^^^^^^^
note: required because it appears within the type `alloc::sync::ArcInner<kasumi_store::TenantStore>`
    --> /rustc/8bab26f4f68e0e26f0bb7960be334d5b520ea452/library/alloc/src/sync.rs:388:7
note: required because it appears within the type `PhantomData<alloc::sync::ArcInner<kasumi_store::TenantStore>>`
    --> /rustc/8bab26f4f68e0e26f0bb7960be334d5b520ea452/library/core/src/marker.rs:811:11
note: required because it appears within the type `std::sync::Arc<kasumi_store::TenantStore>`
    --> /rustc/8bab26f4f68e0e26f0bb7960be334d5b520ea452/library/alloc/src/sync.rs:269:11
note: required because it appears within the type `std::option::Option<std::sync::Arc<kasumi_store::TenantStore>>`
    --> /rustc/8bab26f4f68e0e26f0bb7960be334d5b520ea452/library/core/src/option.rs:597:9
note: required because it appears within the type `control_gate::ControlGate`
    --> crates/kasumi-raft/src/storage/control_gate.rs:17:19
     |
  17 | pub(crate) struct ControlGate {
     |                   ^^^^^^^^^^^
     = note: required for `std::sync::Arc<control_gate::ControlGate>` to implement `UnwindSafe`
note: required because it appears within the type `std::option::Option<std::sync::Arc<control_gate::ControlGate>>`
    --> /rustc/8bab26f4f68e0e26f0bb7960be334d5b520ea452/library/core/src/option.rs:597:9
note: required because it appears within the type `control_gate::registry::ControlGateRef`
    --> crates/kasumi-raft/src/storage/control_gate_registry.rs:78:19
     |
  78 | pub(crate) struct ControlGateRef {
     |                   ^^^^^^^^^^^^^^
note: required because it's used within this closure
    --> crates/kasumi-raft/src/storage/control_gate_tests.rs:70:38
     |
  70 |             std::panic::catch_unwind(move || {
     |                                      ^^^^^^^
note: required by a bound in `std::panic::catch_unwind`
    --> /rustc/8bab26f4f68e0e26f0bb7960be334d5b520ea452/library/std/src/panic.rs:358:0
     = note: the full name for the type has been written to '/Users/takemiyamakoto/dev/kasumi/target/disk-backed-cache/debug/deps/kasumi_raft-80f97d1b4f50c7fa.long-type-16755643268128568656.txt'
     = note: consider using `--verbose` to print the full type name to the console

error[E0277]: the type `UnsafeCell<BTreeMap<String, (Weak<LiveSignerTrust>, ...)>>` may contain interior mutability and a reference may not be safely transferable across a catch_unwind boundary
    --> crates/kasumi-raft/src/storage/control_gate_tests.rs:70:38
     |
  70 |               std::panic::catch_unwind(move || {
     |  _____________------------------------_^
     | |             |
     | |             required by a bound introduced by this call
  71 | |                 if owned {
  72 | |                     let _permit = during.lock_owned().unwrap();
  73 | |                     panic!("owned publication interrupted");
...    |
  78 | |             })
     | |_____________^ `UnsafeCell<BTreeMap<String, (Weak<LiveSignerTrust>, ...)>>` may contain interior mutability and a reference may not be safely transferable across a catch_unwind boundary
     |
     = help: within `control_gate::ControlGate`, the trait `RefUnwindSafe` is not implemented for `UnsafeCell<BTreeMap<String, (Weak<LiveSignerTrust>, ...)>>`
note: required because it appears within the type `Mutex<RawMutex, BTreeMap<String, (Weak<LiveSignerTrust>, ...)>>`
    --> /Users/takemiyamakoto/.cargo/registry/src/index.crates.io-1949cf8c6b5b557f/lock_api-0.4.14/src/mutex.rs:138:12
     |
 138 | pub struct Mutex<R, T: ?Sized> {
     |            ^^^^^
note: required because it appears within the type `kasumi_store::TenantStore`
    --> crates/kasumi-store/src/lib.rs:1433:12
     |
1433 | pub struct TenantStore {
     |            ^^^^^^^^^^^
note: required because it appears within the type `alloc::sync::ArcInner<kasumi_store::TenantStore>`
    --> /rustc/8bab26f4f68e0e26f0bb7960be334d5b520ea452/library/alloc/src/sync.rs:388:7
note: required because it appears within the type `PhantomData<alloc::sync::ArcInner<kasumi_store::TenantStore>>`
    --> /rustc/8bab26f4f68e0e26f0bb7960be334d5b520ea452/library/core/src/marker.rs:811:11
note: required because it appears within the type `std::sync::Arc<kasumi_store::TenantStore>`
    --> /rustc/8bab26f4f68e0e26f0bb7960be334d5b520ea452/library/alloc/src/sync.rs:269:11
note: required because it appears within the type `std::option::Option<std::sync::Arc<kasumi_store::TenantStore>>`
    --> /rustc/8bab26f4f68e0e26f0bb7960be334d5b520ea452/library/core/src/option.rs:597:9
note: required because it appears within the type `control_gate::ControlGate`
    --> crates/kasumi-raft/src/storage/control_gate.rs:17:19
     |
  17 | pub(crate) struct ControlGate {
     |                   ^^^^^^^^^^^
     = note: required for `std::sync::Arc<control_gate::ControlGate>` to implement `UnwindSafe`
note: required because it appears within the type `std::option::Option<std::sync::Arc<control_gate::ControlGate>>`
    --> /rustc/8bab26f4f68e0e26f0bb7960be334d5b520ea452/library/core/src/option.rs:597:9
note: required because it appears within the type `control_gate::registry::ControlGateRef`
    --> crates/kasumi-raft/src/storage/control_gate_registry.rs:78:19
     |
  78 | pub(crate) struct ControlGateRef {
     |                   ^^^^^^^^^^^^^^
note: required because it's used within this closure
    --> crates/kasumi-raft/src/storage/control_gate_tests.rs:70:38
     |
  70 |             std::panic::catch_unwind(move || {
     |                                      ^^^^^^^
note: required by a bound in `std::panic::catch_unwind`
    --> /rustc/8bab26f4f68e0e26f0bb7960be334d5b520ea452/library/std/src/panic.rs:358:0
     = note: the full name for the type has been written to '/Users/takemiyamakoto/dev/kasumi/target/disk-backed-cache/debug/deps/kasumi_raft-80f97d1b4f50c7fa.long-type-13830895110746347875.txt'
     = note: consider using `--verbose` to print the full type name to the console

error[E0277]: the type `(dyn KeyProvider + 'static)` may contain interior mutability and a reference may not be safely transferable across a catch_unwind boundary
    --> crates/kasumi-raft/src/storage/control_gate_tests.rs:70:38
     |
  70 |               std::panic::catch_unwind(move || {
     |  _____________------------------------_^
     | |             |
     | |             required by a bound introduced by this call
  71 | |                 if owned {
  72 | |                     let _permit = during.lock_owned().unwrap();
  73 | |                     panic!("owned publication interrupted");
...    |
  78 | |             })
     | |_____________^ `(dyn KeyProvider + 'static)` may contain interior mutability and a reference may not be safely transferable across a catch_unwind boundary
     |
     = help: within `control_gate::ControlGate`, the trait `RefUnwindSafe` is not implemented for `(dyn KeyProvider + 'static)`
note: required because it appears within the type `alloc::sync::ArcInner<(dyn KeyProvider + 'static)>`
    --> /rustc/8bab26f4f68e0e26f0bb7960be334d5b520ea452/library/alloc/src/sync.rs:388:7
note: required because it appears within the type `PhantomData<alloc::sync::ArcInner<(dyn KeyProvider + 'static)>>`
    --> /rustc/8bab26f4f68e0e26f0bb7960be334d5b520ea452/library/core/src/marker.rs:811:11
note: required because it appears within the type `std::sync::Arc<(dyn KeyProvider + 'static)>`
    --> /rustc/8bab26f4f68e0e26f0bb7960be334d5b520ea452/library/alloc/src/sync.rs:269:11
note: required because it appears within the type `kasumi_store::TenantStore`
    --> crates/kasumi-store/src/lib.rs:1433:12
     |
1433 | pub struct TenantStore {
     |            ^^^^^^^^^^^
note: required because it appears within the type `alloc::sync::ArcInner<kasumi_store::TenantStore>`
    --> /rustc/8bab26f4f68e0e26f0bb7960be334d5b520ea452/library/alloc/src/sync.rs:388:7
note: required because it appears within the type `PhantomData<alloc::sync::ArcInner<kasumi_store::TenantStore>>`
    --> /rustc/8bab26f4f68e0e26f0bb7960be334d5b520ea452/library/core/src/marker.rs:811:11
note: required because it appears within the type `std::sync::Arc<kasumi_store::TenantStore>`
    --> /rustc/8bab26f4f68e0e26f0bb7960be334d5b520ea452/library/alloc/src/sync.rs:269:11
note: required because it appears within the type `std::option::Option<std::sync::Arc<kasumi_store::TenantStore>>`
    --> /rustc/8bab26f4f68e0e26f0bb7960be334d5b520ea452/library/core/src/option.rs:597:9
note: required because it appears within the type `control_gate::ControlGate`
    --> crates/kasumi-raft/src/storage/control_gate.rs:17:19
     |
  17 | pub(crate) struct ControlGate {
     |                   ^^^^^^^^^^^
     = note: required for `std::sync::Arc<control_gate::ControlGate>` to implement `UnwindSafe`
note: required because it appears within the type `std::option::Option<std::sync::Arc<control_gate::ControlGate>>`
    --> /rustc/8bab26f4f68e0e26f0bb7960be334d5b520ea452/library/core/src/option.rs:597:9
note: required because it appears within the type `control_gate::registry::ControlGateRef`
    --> crates/kasumi-raft/src/storage/control_gate_registry.rs:78:19
     |
  78 | pub(crate) struct ControlGateRef {
     |                   ^^^^^^^^^^^^^^
note: required because it's used within this closure
    --> crates/kasumi-raft/src/storage/control_gate_tests.rs:70:38
     |
  70 |             std::panic::catch_unwind(move || {
     |                                      ^^^^^^^
note: required by a bound in `std::panic::catch_unwind`
    --> /rustc/8bab26f4f68e0e26f0bb7960be334d5b520ea452/library/std/src/panic.rs:358:0

error[E0277]: the type `(dyn kasumi_clock::LeaseClock + 'static)` may contain interior mutability and a reference may not be safely transferable across a catch_unwind boundary
    --> crates/kasumi-raft/src/storage/control_gate_tests.rs:70:38
     |
  70 |               std::panic::catch_unwind(move || {
     |  _____________------------------------_^
     | |             |
     | |             required by a bound introduced by this call
  71 | |                 if owned {
  72 | |                     let _permit = during.lock_owned().unwrap();
  73 | |                     panic!("owned publication interrupted");
...    |
  78 | |             })
     | |_____________^ `(dyn kasumi_clock::LeaseClock + 'static)` may contain interior mutability and a reference may not be safely transferable across a catch_unwind boundary
     |
     = help: within `control_gate::ControlGate`, the trait `RefUnwindSafe` is not implemented for `(dyn kasumi_clock::LeaseClock + 'static)`
note: required because it appears within the type `alloc::sync::ArcInner<(dyn kasumi_clock::LeaseClock + 'static)>`
    --> /rustc/8bab26f4f68e0e26f0bb7960be334d5b520ea452/library/alloc/src/sync.rs:388:7
note: required because it appears within the type `PhantomData<alloc::sync::ArcInner<(dyn kasumi_clock::LeaseClock + 'static)>>`
    --> /rustc/8bab26f4f68e0e26f0bb7960be334d5b520ea452/library/core/src/marker.rs:811:11
note: required because it appears within the type `std::sync::Arc<(dyn kasumi_clock::LeaseClock + 'static)>`
    --> /rustc/8bab26f4f68e0e26f0bb7960be334d5b520ea452/library/alloc/src/sync.rs:269:11
note: required because it appears within the type `kasumi_store::TenantStore`
    --> crates/kasumi-store/src/lib.rs:1433:12
     |
1433 | pub struct TenantStore {
     |            ^^^^^^^^^^^
note: required because it appears within the type `alloc::sync::ArcInner<kasumi_store::TenantStore>`
    --> /rustc/8bab26f4f68e0e26f0bb7960be334d5b520ea452/library/alloc/src/sync.rs:388:7
note: required because it appears within the type `PhantomData<alloc::sync::ArcInner<kasumi_store::TenantStore>>`
    --> /rustc/8bab26f4f68e0e26f0bb7960be334d5b520ea452/library/core/src/marker.rs:811:11
note: required because it appears within the type `std::sync::Arc<kasumi_store::TenantStore>`
    --> /rustc/8bab26f4f68e0e26f0bb7960be334d5b520ea452/library/alloc/src/sync.rs:269:11
note: required because it appears within the type `std::option::Option<std::sync::Arc<kasumi_store::TenantStore>>`
    --> /rustc/8bab26f4f68e0e26f0bb7960be334d5b520ea452/library/core/src/option.rs:597:9
note: required because it appears within the type `control_gate::ControlGate`
    --> crates/kasumi-raft/src/storage/control_gate.rs:17:19
     |
  17 | pub(crate) struct ControlGate {
     |                   ^^^^^^^^^^^
     = note: required for `std::sync::Arc<control_gate::ControlGate>` to implement `UnwindSafe`
note: required because it appears within the type `std::option::Option<std::sync::Arc<control_gate::ControlGate>>`
    --> /rustc/8bab26f4f68e0e26f0bb7960be334d5b520ea452/library/core/src/option.rs:597:9
note: required because it appears within the type `control_gate::registry::ControlGateRef`
    --> crates/kasumi-raft/src/storage/control_gate_registry.rs:78:19
     |
  78 | pub(crate) struct ControlGateRef {
     |                   ^^^^^^^^^^^^^^
note: required because it's used within this closure
    --> crates/kasumi-raft/src/storage/control_gate_tests.rs:70:38
     |
  70 |             std::panic::catch_unwind(move || {
     |                                      ^^^^^^^
note: required by a bound in `std::panic::catch_unwind`
    --> /rustc/8bab26f4f68e0e26f0bb7960be334d5b520ea452/library/std/src/panic.rs:358:0

error[E0277]: the type `UnsafeCell<tokio::sync::batch_semaphore::Waitlist>` may contain interior mutability and a reference may not be safely transferable across a catch_unwind boundary
    --> crates/kasumi-raft/src/storage/control_gate_tests.rs:70:38
     |
  70 |               std::panic::catch_unwind(move || {
     |  _____________------------------------_^
     | |             |
     | |             required by a bound introduced by this call
  71 | |                 if owned {
  72 | |                     let _permit = during.lock_owned().unwrap();
  73 | |                     panic!("owned publication interrupted");
...    |
  78 | |             })
     | |_____________^ `UnsafeCell<tokio::sync::batch_semaphore::Waitlist>` may contain interior mutability and a reference may not be safely transferable across a catch_unwind boundary
     |
     = help: within `control_gate::ControlGate`, the trait `RefUnwindSafe` is not implemented for `UnsafeCell<tokio::sync::batch_semaphore::Waitlist>`
note: required because it appears within the type `Mutex<RawMutex, Waitlist>`
    --> /Users/takemiyamakoto/.cargo/registry/src/index.crates.io-1949cf8c6b5b557f/lock_api-0.4.14/src/mutex.rs:138:12
     |
 138 | pub struct Mutex<R, T: ?Sized> {
     |            ^^^^^
note: required because it appears within the type `tokio::loom::std::parking_lot::Mutex<tokio::sync::batch_semaphore::Waitlist>`
    --> /Users/takemiyamakoto/.cargo/registry/src/index.crates.io-1949cf8c6b5b557f/tokio-1.53.1/src/loom/std/parking_lot.rs:22:19
     |
  22 | pub(crate) struct Mutex<T: ?Sized>(PhantomData<std::sync::Mutex<T>>, parking_lot::Mutex<T>);
     |                   ^^^^^
note: required because it appears within the type `tokio::sync::batch_semaphore::Semaphore`
    --> /Users/takemiyamakoto/.cargo/registry/src/index.crates.io-1949cf8c6b5b557f/tokio-1.53.1/src/sync/batch_semaphore.rs:35:19
     |
  35 | pub(crate) struct Semaphore {
     |                   ^^^^^^^^^
note: required because it appears within the type `tokio::sync::Mutex<()>`
    --> /Users/takemiyamakoto/.cargo/registry/src/index.crates.io-1949cf8c6b5b557f/tokio-1.53.1/src/sync/mutex.rs:133:12
     |
 133 | pub struct Mutex<T: ?Sized> {
     |            ^^^^^
note: required because it appears within the type `kasumi_store::TenantStore`
    --> crates/kasumi-store/src/lib.rs:1433:12
     |
1433 | pub struct TenantStore {
     |            ^^^^^^^^^^^
note: required because it appears within the type `alloc::sync::ArcInner<kasumi_store::TenantStore>`
    --> /rustc/8bab26f4f68e0e26f0bb7960be334d5b520ea452/library/alloc/src/sync.rs:388:7
note: required because it appears within the type `PhantomData<alloc::sync::ArcInner<kasumi_store::TenantStore>>`
    --> /rustc/8bab26f4f68e0e26f0bb7960be334d5b520ea452/library/core/src/marker.rs:811:11
note: required because it appears within the type `std::sync::Arc<kasumi_store::TenantStore>`
    --> /rustc/8bab26f4f68e0e26f0bb7960be334d5b520ea452/library/alloc/src/sync.rs:269:11
note: required because it appears within the type `std::option::Option<std::sync::Arc<kasumi_store::TenantStore>>`
    --> /rustc/8bab26f4f68e0e26f0bb7960be334d5b520ea452/library/core/src/option.rs:597:9
note: required because it appears within the type `control_gate::ControlGate`
    --> crates/kasumi-raft/src/storage/control_gate.rs:17:19
     |
  17 | pub(crate) struct ControlGate {
     |                   ^^^^^^^^^^^
     = note: required for `std::sync::Arc<control_gate::ControlGate>` to implement `UnwindSafe`
note: required because it appears within the type `std::option::Option<std::sync::Arc<control_gate::ControlGate>>`
    --> /rustc/8bab26f4f68e0e26f0bb7960be334d5b520ea452/library/core/src/option.rs:597:9
note: required because it appears within the type `control_gate::registry::ControlGateRef`
    --> crates/kasumi-raft/src/storage/control_gate_registry.rs:78:19
     |
  78 | pub(crate) struct ControlGateRef {
     |                   ^^^^^^^^^^^^^^
note: required because it's used within this closure
    --> crates/kasumi-raft/src/storage/control_gate_tests.rs:70:38
     |
  70 |             std::panic::catch_unwind(move || {
     |                                      ^^^^^^^
note: required by a bound in `std::panic::catch_unwind`
    --> /rustc/8bab26f4f68e0e26f0bb7960be334d5b520ea452/library/std/src/panic.rs:358:0
     = note: the full name for the type has been written to '/Users/takemiyamakoto/dev/kasumi/target/disk-backed-cache/debug/deps/kasumi_raft-80f97d1b4f50c7fa.long-type-17869018925593918836.txt'
     = note: consider using `--verbose` to print the full type name to the console

error[E0277]: the type `UnsafeCell<HashMap<String, Arc<Mutex<Weak<TenantStore>>>>>` may contain interior mutability and a reference may not be safely transferable across a catch_unwind boundary
    --> crates/kasumi-raft/src/storage/control_gate_tests.rs:70:38
     |
  70 |               std::panic::catch_unwind(move || {
     |  _____________------------------------_^
     | |             |
     | |             required by a bound introduced by this call
  71 | |                 if owned {
  72 | |                     let _permit = during.lock_owned().unwrap();
  73 | |                     panic!("owned publication interrupted");
...    |
  78 | |             })
     | |_____________^ `UnsafeCell<HashMap<String, Arc<Mutex<Weak<TenantStore>>>>>` may contain interior mutability and a reference may not be safely transferable across a catch_unwind boundary
     |
     = help: within `control_gate::ControlGate`, the trait `RefUnwindSafe` is not implemented for `UnsafeCell<HashMap<String, Arc<Mutex<Weak<TenantStore>>>>>`
note: required because it appears within the type `Mutex<HashMap<String, Arc<Mutex<Weak<TenantStore>>>>>`
    --> /Users/takemiyamakoto/.cargo/registry/src/index.crates.io-1949cf8c6b5b557f/tokio-1.53.1/src/sync/mutex.rs:133:12
     |
 133 | pub struct Mutex<T: ?Sized> {
     |            ^^^^^
note: required because it appears within the type `kasumi_store::NodeStore`
    --> crates/kasumi-store/src/lib.rs:803:12
     |
 803 | pub struct NodeStore {
     |            ^^^^^^^^^
note: required because it appears within the type `alloc::sync::ArcInner<kasumi_store::NodeStore>`
    --> /rustc/8bab26f4f68e0e26f0bb7960be334d5b520ea452/library/alloc/src/sync.rs:388:7
note: required because it appears within the type `PhantomData<alloc::sync::ArcInner<kasumi_store::NodeStore>>`
    --> /rustc/8bab26f4f68e0e26f0bb7960be334d5b520ea452/library/core/src/marker.rs:811:11
note: required because it appears within the type `std::sync::Arc<kasumi_store::NodeStore>`
    --> /rustc/8bab26f4f68e0e26f0bb7960be334d5b520ea452/library/alloc/src/sync.rs:269:11
note: required because it appears within the type `kasumi_store::TenantStore`
    --> crates/kasumi-store/src/lib.rs:1433:12
     |
1433 | pub struct TenantStore {
     |            ^^^^^^^^^^^
note: required because it appears within the type `alloc::sync::ArcInner<kasumi_store::TenantStore>`
    --> /rustc/8bab26f4f68e0e26f0bb7960be334d5b520ea452/library/alloc/src/sync.rs:388:7
note: required because it appears within the type `PhantomData<alloc::sync::ArcInner<kasumi_store::TenantStore>>`
    --> /rustc/8bab26f4f68e0e26f0bb7960be334d5b520ea452/library/core/src/marker.rs:811:11
note: required because it appears within the type `std::sync::Arc<kasumi_store::TenantStore>`
    --> /rustc/8bab26f4f68e0e26f0bb7960be334d5b520ea452/library/alloc/src/sync.rs:269:11
note: required because it appears within the type `std::option::Option<std::sync::Arc<kasumi_store::TenantStore>>`
    --> /rustc/8bab26f4f68e0e26f0bb7960be334d5b520ea452/library/core/src/option.rs:597:9
note: required because it appears within the type `control_gate::ControlGate`
    --> crates/kasumi-raft/src/storage/control_gate.rs:17:19
     |
  17 | pub(crate) struct ControlGate {
     |                   ^^^^^^^^^^^
     = note: required for `std::sync::Arc<control_gate::ControlGate>` to implement `UnwindSafe`
note: required because it appears within the type `std::option::Option<std::sync::Arc<control_gate::ControlGate>>`
    --> /rustc/8bab26f4f68e0e26f0bb7960be334d5b520ea452/library/core/src/option.rs:597:9
note: required because it appears within the type `control_gate::registry::ControlGateRef`
    --> crates/kasumi-raft/src/storage/control_gate_registry.rs:78:19
     |
  78 | pub(crate) struct ControlGateRef {
     |                   ^^^^^^^^^^^^^^
note: required because it's used within this closure
    --> crates/kasumi-raft/src/storage/control_gate_tests.rs:70:38
     |
  70 |             std::panic::catch_unwind(move || {
     |                                      ^^^^^^^
note: required by a bound in `std::panic::catch_unwind`
    --> /rustc/8bab26f4f68e0e26f0bb7960be334d5b520ea452/library/std/src/panic.rs:358:0
     = note: the full name for the type has been written to '/Users/takemiyamakoto/dev/kasumi/target/disk-backed-cache/debug/deps/kasumi_raft-80f97d1b4f50c7fa.long-type-13528003597136008964.txt'
     = note: consider using `--verbose` to print the full type name to the console

error[E0277]: the type `UnsafeCell<kasumi_store::InitializerRegistry>` may contain interior mutability and a reference may not be safely transferable across a catch_unwind boundary
    --> crates/kasumi-raft/src/storage/control_gate_tests.rs:70:38
     |
  70 |               std::panic::catch_unwind(move || {
     |  _____________------------------------_^
     | |             |
     | |             required by a bound introduced by this call
  71 | |                 if owned {
  72 | |                     let _permit = during.lock_owned().unwrap();
  73 | |                     panic!("owned publication interrupted");
...    |
  78 | |             })
     | |_____________^ `UnsafeCell<kasumi_store::InitializerRegistry>` may contain interior mutability and a reference may not be safely transferable across a catch_unwind boundary
     |
     = help: within `control_gate::ControlGate`, the trait `RefUnwindSafe` is not implemented for `UnsafeCell<kasumi_store::InitializerRegistry>`
note: required because it appears within the type `tokio::sync::Mutex<kasumi_store::InitializerRegistry>`
    --> /Users/takemiyamakoto/.cargo/registry/src/index.crates.io-1949cf8c6b5b557f/tokio-1.53.1/src/sync/mutex.rs:133:12
     |
 133 | pub struct Mutex<T: ?Sized> {
     |            ^^^^^
note: required because it appears within the type `kasumi_store::NodeStore`
    --> crates/kasumi-store/src/lib.rs:803:12
     |
 803 | pub struct NodeStore {
     |            ^^^^^^^^^
note: required because it appears within the type `alloc::sync::ArcInner<kasumi_store::NodeStore>`
    --> /rustc/8bab26f4f68e0e26f0bb7960be334d5b520ea452/library/alloc/src/sync.rs:388:7
note: required because it appears within the type `PhantomData<alloc::sync::ArcInner<kasumi_store::NodeStore>>`
    --> /rustc/8bab26f4f68e0e26f0bb7960be334d5b520ea452/library/core/src/marker.rs:811:11
note: required because it appears within the type `std::sync::Arc<kasumi_store::NodeStore>`
    --> /rustc/8bab26f4f68e0e26f0bb7960be334d5b520ea452/library/alloc/src/sync.rs:269:11
note: required because it appears within the type `kasumi_store::TenantStore`
    --> crates/kasumi-store/src/lib.rs:1433:12
     |
1433 | pub struct TenantStore {
     |            ^^^^^^^^^^^
note: required because it appears within the type `alloc::sync::ArcInner<kasumi_store::TenantStore>`
    --> /rustc/8bab26f4f68e0e26f0bb7960be334d5b520ea452/library/alloc/src/sync.rs:388:7
note: required because it appears within the type `PhantomData<alloc::sync::ArcInner<kasumi_store::TenantStore>>`
    --> /rustc/8bab26f4f68e0e26f0bb7960be334d5b520ea452/library/core/src/marker.rs:811:11
note: required because it appears within the type `std::sync::Arc<kasumi_store::TenantStore>`
    --> /rustc/8bab26f4f68e0e26f0bb7960be334d5b520ea452/library/alloc/src/sync.rs:269:11
note: required because it appears within the type `std::option::Option<std::sync::Arc<kasumi_store::TenantStore>>`
    --> /rustc/8bab26f4f68e0e26f0bb7960be334d5b520ea452/library/core/src/option.rs:597:9
note: required because it appears within the type `control_gate::ControlGate`
    --> crates/kasumi-raft/src/storage/control_gate.rs:17:19
     |
  17 | pub(crate) struct ControlGate {
     |                   ^^^^^^^^^^^
     = note: required for `std::sync::Arc<control_gate::ControlGate>` to implement `UnwindSafe`
note: required because it appears within the type `std::option::Option<std::sync::Arc<control_gate::ControlGate>>`
    --> /rustc/8bab26f4f68e0e26f0bb7960be334d5b520ea452/library/core/src/option.rs:597:9
note: required because it appears within the type `control_gate::registry::ControlGateRef`
    --> crates/kasumi-raft/src/storage/control_gate_registry.rs:78:19
     |
  78 | pub(crate) struct ControlGateRef {
     |                   ^^^^^^^^^^^^^^
note: required because it's used within this closure
    --> crates/kasumi-raft/src/storage/control_gate_tests.rs:70:38
     |
  70 |             std::panic::catch_unwind(move || {
     |                                      ^^^^^^^
note: required by a bound in `std::panic::catch_unwind`
    --> /rustc/8bab26f4f68e0e26f0bb7960be334d5b520ea452/library/std/src/panic.rs:358:0

error[E0277]: the type `UnsafeCell<kasumi_types::drain::DrainReport>` may contain interior mutability and a reference may not be safely transferable across a catch_unwind boundary
    --> crates/kasumi-raft/src/storage/control_gate_tests.rs:70:38
     |
  70 |               std::panic::catch_unwind(move || {
     |  _____________------------------------_^
     | |             |
     | |             required by a bound introduced by this call
  71 | |                 if owned {
  72 | |                     let _permit = during.lock_owned().unwrap();
  73 | |                     panic!("owned publication interrupted");
...    |
  78 | |             })
     | |_____________^ `UnsafeCell<kasumi_types::drain::DrainReport>` may contain interior mutability and a reference may not be safely transferable across a catch_unwind boundary
     |
     = help: within `control_gate::ControlGate`, the trait `RefUnwindSafe` is not implemented for `UnsafeCell<kasumi_types::drain::DrainReport>`
note: required because it appears within the type `tokio::sync::Mutex<kasumi_types::drain::DrainReport>`
    --> /Users/takemiyamakoto/.cargo/registry/src/index.crates.io-1949cf8c6b5b557f/tokio-1.53.1/src/sync/mutex.rs:133:12
     |
 133 | pub struct Mutex<T: ?Sized> {
     |            ^^^^^
note: required because it appears within the type `kasumi_store::NodeStore`
    --> crates/kasumi-store/src/lib.rs:803:12
     |
 803 | pub struct NodeStore {
     |            ^^^^^^^^^
note: required because it appears within the type `alloc::sync::ArcInner<kasumi_store::NodeStore>`
    --> /rustc/8bab26f4f68e0e26f0bb7960be334d5b520ea452/library/alloc/src/sync.rs:388:7
note: required because it appears within the type `PhantomData<alloc::sync::ArcInner<kasumi_store::NodeStore>>`
    --> /rustc/8bab26f4f68e0e26f0bb7960be334d5b520ea452/library/core/src/marker.rs:811:11
note: required because it appears within the type `std::sync::Arc<kasumi_store::NodeStore>`
    --> /rustc/8bab26f4f68e0e26f0bb7960be334d5b520ea452/library/alloc/src/sync.rs:269:11
note: required because it appears within the type `kasumi_store::TenantStore`
    --> crates/kasumi-store/src/lib.rs:1433:12
     |
1433 | pub struct TenantStore {
     |            ^^^^^^^^^^^
note: required because it appears within the type `alloc::sync::ArcInner<kasumi_store::TenantStore>`
    --> /rustc/8bab26f4f68e0e26f0bb7960be334d5b520ea452/library/alloc/src/sync.rs:388:7
note: required because it appears within the type `PhantomData<alloc::sync::ArcInner<kasumi_store::TenantStore>>`
    --> /rustc/8bab26f4f68e0e26f0bb7960be334d5b520ea452/library/core/src/marker.rs:811:11
note: required because it appears within the type `std::sync::Arc<kasumi_store::TenantStore>`
    --> /rustc/8bab26f4f68e0e26f0bb7960be334d5b520ea452/library/alloc/src/sync.rs:269:11
note: required because it appears within the type `std::option::Option<std::sync::Arc<kasumi_store::TenantStore>>`
    --> /rustc/8bab26f4f68e0e26f0bb7960be334d5b520ea452/library/core/src/option.rs:597:9
note: required because it appears within the type `control_gate::ControlGate`
    --> crates/kasumi-raft/src/storage/control_gate.rs:17:19
     |
  17 | pub(crate) struct ControlGate {
     |                   ^^^^^^^^^^^
     = note: required for `std::sync::Arc<control_gate::ControlGate>` to implement `UnwindSafe`
note: required because it appears within the type `std::option::Option<std::sync::Arc<control_gate::ControlGate>>`
    --> /rustc/8bab26f4f68e0e26f0bb7960be334d5b520ea452/library/core/src/option.rs:597:9
note: required because it appears within the type `control_gate::registry::ControlGateRef`
    --> crates/kasumi-raft/src/storage/control_gate_registry.rs:78:19
     |
  78 | pub(crate) struct ControlGateRef {
     |                   ^^^^^^^^^^^^^^
note: required because it's used within this closure
    --> crates/kasumi-raft/src/storage/control_gate_tests.rs:70:38
     |
  70 |             std::panic::catch_unwind(move || {
     |                                      ^^^^^^^
note: required by a bound in `std::panic::catch_unwind`
    --> /rustc/8bab26f4f68e0e26f0bb7960be334d5b520ea452/library/std/src/panic.rs:358:0

error[E0277]: the type `UnsafeCell<kasumi_store::node_database::State>` may contain interior mutability and a reference may not be safely transferable across a catch_unwind boundary
    --> crates/kasumi-raft/src/storage/control_gate_tests.rs:70:38
     |
  70 |               std::panic::catch_unwind(move || {
     |  _____________------------------------_^
     | |             |
     | |             required by a bound introduced by this call
  71 | |                 if owned {
  72 | |                     let _permit = during.lock_owned().unwrap();
  73 | |                     panic!("owned publication interrupted");
...    |
  78 | |             })
     | |_____________^ `UnsafeCell<kasumi_store::node_database::State>` may contain interior mutability and a reference may not be safely transferable across a catch_unwind boundary
     |
     = help: within `control_gate::ControlGate`, the trait `RefUnwindSafe` is not implemented for `UnsafeCell<kasumi_store::node_database::State>`
note: required because it appears within the type `lock_api::mutex::Mutex<parking_lot::raw_mutex::RawMutex, kasumi_store::node_database::State>`
    --> /Users/takemiyamakoto/.cargo/registry/src/index.crates.io-1949cf8c6b5b557f/lock_api-0.4.14/src/mutex.rs:138:12
     |
 138 | pub struct Mutex<R, T: ?Sized> {
     |            ^^^^^
note: required because it appears within the type `kasumi_store::node_database::NodeDatabase`
    --> crates/kasumi-store/src/node_database.rs:49:19
     |
  49 | pub(crate) struct NodeDatabase {
     |                   ^^^^^^^^^^^^
note: required because it appears within the type `kasumi_store::NodeStore`
    --> crates/kasumi-store/src/lib.rs:803:12
     |
 803 | pub struct NodeStore {
     |            ^^^^^^^^^
note: required because it appears within the type `alloc::sync::ArcInner<kasumi_store::NodeStore>`
    --> /rustc/8bab26f4f68e0e26f0bb7960be334d5b520ea452/library/alloc/src/sync.rs:388:7
note: required because it appears within the type `PhantomData<alloc::sync::ArcInner<kasumi_store::NodeStore>>`
    --> /rustc/8bab26f4f68e0e26f0bb7960be334d5b520ea452/library/core/src/marker.rs:811:11
note: required because it appears within the type `std::sync::Arc<kasumi_store::NodeStore>`
    --> /rustc/8bab26f4f68e0e26f0bb7960be334d5b520ea452/library/alloc/src/sync.rs:269:11
note: required because it appears within the type `kasumi_store::TenantStore`
    --> crates/kasumi-store/src/lib.rs:1433:12
     |
1433 | pub struct TenantStore {
     |            ^^^^^^^^^^^
note: required because it appears within the type `alloc::sync::ArcInner<kasumi_store::TenantStore>`
    --> /rustc/8bab26f4f68e0e26f0bb7960be334d5b520ea452/library/alloc/src/sync.rs:388:7
note: required because it appears within the type `PhantomData<alloc::sync::ArcInner<kasumi_store::TenantStore>>`
    --> /rustc/8bab26f4f68e0e26f0bb7960be334d5b520ea452/library/core/src/marker.rs:811:11
note: required because it appears within the type `std::sync::Arc<kasumi_store::TenantStore>`
    --> /rustc/8bab26f4f68e0e26f0bb7960be334d5b520ea452/library/alloc/src/sync.rs:269:11
note: required because it appears within the type `std::option::Option<std::sync::Arc<kasumi_store::TenantStore>>`
    --> /rustc/8bab26f4f68e0e26f0bb7960be334d5b520ea452/library/core/src/option.rs:597:9
note: required because it appears within the type `control_gate::ControlGate`
    --> crates/kasumi-raft/src/storage/control_gate.rs:17:19
     |
  17 | pub(crate) struct ControlGate {
     |                   ^^^^^^^^^^^
     = note: required for `std::sync::Arc<control_gate::ControlGate>` to implement `UnwindSafe`
note: required because it appears within the type `std::option::Option<std::sync::Arc<control_gate::ControlGate>>`
    --> /rustc/8bab26f4f68e0e26f0bb7960be334d5b520ea452/library/core/src/option.rs:597:9
note: required because it appears within the type `control_gate::registry::ControlGateRef`
    --> crates/kasumi-raft/src/storage/control_gate_registry.rs:78:19
     |
  78 | pub(crate) struct ControlGateRef {
     |                   ^^^^^^^^^^^^^^
note: required because it's used within this closure
    --> crates/kasumi-raft/src/storage/control_gate_tests.rs:70:38
     |
  70 |             std::panic::catch_unwind(move || {
     |                                      ^^^^^^^
note: required by a bound in `std::panic::catch_unwind`
    --> /rustc/8bab26f4f68e0e26f0bb7960be334d5b520ea452/library/std/src/panic.rs:358:0

error[E0277]: the type `UnsafeCell<kasumi_store::cache_warmer::State>` may contain interior mutability and a reference may not be safely transferable across a catch_unwind boundary
    --> crates/kasumi-raft/src/storage/control_gate_tests.rs:70:38
     |
  70 |               std::panic::catch_unwind(move || {
     |  _____________------------------------_^
     | |             |
     | |             required by a bound introduced by this call
  71 | |                 if owned {
  72 | |                     let _permit = during.lock_owned().unwrap();
  73 | |                     panic!("owned publication interrupted");
...    |
  78 | |             })
     | |_____________^ `UnsafeCell<kasumi_store::cache_warmer::State>` may contain interior mutability and a reference may not be safely transferable across a catch_unwind boundary
     |
     = help: within `control_gate::ControlGate`, the trait `RefUnwindSafe` is not implemented for `UnsafeCell<kasumi_store::cache_warmer::State>`
note: required because it appears within the type `lock_api::mutex::Mutex<parking_lot::raw_mutex::RawMutex, kasumi_store::cache_warmer::State>`
    --> /Users/takemiyamakoto/.cargo/registry/src/index.crates.io-1949cf8c6b5b557f/lock_api-0.4.14/src/mutex.rs:138:12
     |
 138 | pub struct Mutex<R, T: ?Sized> {
     |            ^^^^^
note: required because it appears within the type `kasumi_store::cache_warmer::CacheWarmer`
    --> crates/kasumi-store/src/cache_warmer.rs:43:19
     |
  43 | pub(crate) struct CacheWarmer {
     |                   ^^^^^^^^^^^
note: required because it appears within the type `kasumi_store::NodeStore`
    --> crates/kasumi-store/src/lib.rs:803:12
     |
 803 | pub struct NodeStore {
     |            ^^^^^^^^^
note: required because it appears within the type `alloc::sync::ArcInner<kasumi_store::NodeStore>`
    --> /rustc/8bab26f4f68e0e26f0bb7960be334d5b520ea452/library/alloc/src/sync.rs:388:7
note: required because it appears within the type `PhantomData<alloc::sync::ArcInner<kasumi_store::NodeStore>>`
    --> /rustc/8bab26f4f68e0e26f0bb7960be334d5b520ea452/library/core/src/marker.rs:811:11
note: required because it appears within the type `std::sync::Arc<kasumi_store::NodeStore>`
    --> /rustc/8bab26f4f68e0e26f0bb7960be334d5b520ea452/library/alloc/src/sync.rs:269:11
note: required because it appears within the type `kasumi_store::TenantStore`
    --> crates/kasumi-store/src/lib.rs:1433:12
     |
1433 | pub struct TenantStore {
     |            ^^^^^^^^^^^
note: required because it appears within the type `alloc::sync::ArcInner<kasumi_store::TenantStore>`
    --> /rustc/8bab26f4f68e0e26f0bb7960be334d5b520ea452/library/alloc/src/sync.rs:388:7
note: required because it appears within the type `PhantomData<alloc::sync::ArcInner<kasumi_store::TenantStore>>`
    --> /rustc/8bab26f4f68e0e26f0bb7960be334d5b520ea452/library/core/src/marker.rs:811:11
note: required because it appears within the type `std::sync::Arc<kasumi_store::TenantStore>`
    --> /rustc/8bab26f4f68e0e26f0bb7960be334d5b520ea452/library/alloc/src/sync.rs:269:11
note: required because it appears within the type `std::option::Option<std::sync::Arc<kasumi_store::TenantStore>>`
    --> /rustc/8bab26f4f68e0e26f0bb7960be334d5b520ea452/library/core/src/option.rs:597:9
note: required because it appears within the type `control_gate::ControlGate`
    --> crates/kasumi-raft/src/storage/control_gate.rs:17:19
     |
  17 | pub(crate) struct ControlGate {
     |                   ^^^^^^^^^^^
     = note: required for `std::sync::Arc<control_gate::ControlGate>` to implement `UnwindSafe`
note: required because it appears within the type `std::option::Option<std::sync::Arc<control_gate::ControlGate>>`
    --> /rustc/8bab26f4f68e0e26f0bb7960be334d5b520ea452/library/core/src/option.rs:597:9
note: required because it appears within the type `control_gate::registry::ControlGateRef`
    --> crates/kasumi-raft/src/storage/control_gate_registry.rs:78:19
     |
  78 | pub(crate) struct ControlGateRef {
     |                   ^^^^^^^^^^^^^^
note: required because it's used within this closure
    --> crates/kasumi-raft/src/storage/control_gate_tests.rs:70:38
     |
  70 |             std::panic::catch_unwind(move || {
     |                                      ^^^^^^^
note: required by a bound in `std::panic::catch_unwind`
    --> /rustc/8bab26f4f68e0e26f0bb7960be334d5b520ea452/library/std/src/panic.rs:358:0

error[E0277]: the type `UnsafeCell<u64>` may contain interior mutability and a reference may not be safely transferable across a catch_unwind boundary
    --> crates/kasumi-raft/src/storage/control_gate_tests.rs:70:38
     |
  70 |               std::panic::catch_unwind(move || {
     |  _____________------------------------_^
     | |             |
     | |             required by a bound introduced by this call
  71 | |                 if owned {
  72 | |                     let _permit = during.lock_owned().unwrap();
  73 | |                     panic!("owned publication interrupted");
...    |
  78 | |             })
     | |_____________^ `UnsafeCell<u64>` may contain interior mutability and a reference may not be safely transferable across a catch_unwind boundary
     |
     = help: within `control_gate::ControlGate`, the trait `RefUnwindSafe` is not implemented for `UnsafeCell<u64>`
note: required because it appears within the type `lock_api::rwlock::RwLock<parking_lot::raw_rwlock::RawRwLock, u64>`
    --> /Users/takemiyamakoto/.cargo/registry/src/index.crates.io-1949cf8c6b5b557f/lock_api-0.4.14/src/rwlock.rs:330:12
     |
 330 | pub struct RwLock<R, T: ?Sized> {
     |            ^^^^^^
note: required because it appears within the type `tokio::loom::std::parking_lot::RwLock<u64>`
    --> /Users/takemiyamakoto/.cargo/registry/src/index.crates.io-1949cf8c6b5b557f/tokio-1.53.1/src/loom/std/parking_lot.rs:25:19
     |
  25 | pub(crate) struct RwLock<T>(PhantomData<std::sync::RwLock<T>>, parking_lot::RwLock<T>);
     |                   ^^^^^^
note: required because it appears within the type `watch::Shared<u64>`
    --> /Users/takemiyamakoto/.cargo/registry/src/index.crates.io-1949cf8c6b5b557f/tokio-1.53.1/src/sync/watch.rs:296:8
     |
 296 | struct Shared<T> {
     |        ^^^^^^
note: required because it appears within the type `alloc::sync::ArcInner<watch::Shared<u64>>`
    --> /rustc/8bab26f4f68e0e26f0bb7960be334d5b520ea452/library/alloc/src/sync.rs:388:7
note: required because it appears within the type `PhantomData<alloc::sync::ArcInner<watch::Shared<u64>>>`
    --> /rustc/8bab26f4f68e0e26f0bb7960be334d5b520ea452/library/core/src/marker.rs:811:11
note: required because it appears within the type `std::sync::Arc<watch::Shared<u64>>`
    --> /rustc/8bab26f4f68e0e26f0bb7960be334d5b520ea452/library/alloc/src/sync.rs:269:11
note: required because it appears within the type `tokio::sync::watch::Sender<u64>`
    --> /Users/takemiyamakoto/.cargo/registry/src/index.crates.io-1949cf8c6b5b557f/tokio-1.53.1/src/sync/watch.rs:197:12
     |
 197 | pub struct Sender<T> {
     |            ^^^^^^
note: required because it appears within the type `kasumi_store::TenantStore`
    --> crates/kasumi-store/src/lib.rs:1433:12
     |
1433 | pub struct TenantStore {
     |            ^^^^^^^^^^^
note: required because it appears within the type `alloc::sync::ArcInner<kasumi_store::TenantStore>`
    --> /rustc/8bab26f4f68e0e26f0bb7960be334d5b520ea452/library/alloc/src/sync.rs:388:7
note: required because it appears within the type `PhantomData<alloc::sync::ArcInner<kasumi_store::TenantStore>>`
    --> /rustc/8bab26f4f68e0e26f0bb7960be334d5b520ea452/library/core/src/marker.rs:811:11
note: required because it appears within the type `std::sync::Arc<kasumi_store::TenantStore>`
    --> /rustc/8bab26f4f68e0e26f0bb7960be334d5b520ea452/library/alloc/src/sync.rs:269:11
note: required because it appears within the type `std::option::Option<std::sync::Arc<kasumi_store::TenantStore>>`
    --> /rustc/8bab26f4f68e0e26f0bb7960be334d5b520ea452/library/core/src/option.rs:597:9
note: required because it appears within the type `control_gate::ControlGate`
    --> crates/kasumi-raft/src/storage/control_gate.rs:17:19
     |
  17 | pub(crate) struct ControlGate {
     |                   ^^^^^^^^^^^
     = note: required for `std::sync::Arc<control_gate::ControlGate>` to implement `UnwindSafe`
note: required because it appears within the type `std::option::Option<std::sync::Arc<control_gate::ControlGate>>`
    --> /rustc/8bab26f4f68e0e26f0bb7960be334d5b520ea452/library/core/src/option.rs:597:9
note: required because it appears within the type `control_gate::registry::ControlGateRef`
    --> crates/kasumi-raft/src/storage/control_gate_registry.rs:78:19
     |
  78 | pub(crate) struct ControlGateRef {
     |                   ^^^^^^^^^^^^^^
note: required because it's used within this closure
    --> crates/kasumi-raft/src/storage/control_gate_tests.rs:70:38
     |
  70 |             std::panic::catch_unwind(move || {
     |                                      ^^^^^^^
note: required by a bound in `std::panic::catch_unwind`
    --> /rustc/8bab26f4f68e0e26f0bb7960be334d5b520ea452/library/std/src/panic.rs:358:0

error[E0277]: the type `UnsafeCell<bool>` may contain interior mutability and a reference may not be safely transferable across a catch_unwind boundary
    --> crates/kasumi-raft/src/storage/control_gate_tests.rs:70:38
     |
  70 |               std::panic::catch_unwind(move || {
     |  _____________------------------------_^
     | |             |
     | |             required by a bound introduced by this call
  71 | |                 if owned {
  72 | |                     let _permit = during.lock_owned().unwrap();
  73 | |                     panic!("owned publication interrupted");
...    |
  78 | |             })
     | |_____________^ `UnsafeCell<bool>` may contain interior mutability and a reference may not be safely transferable across a catch_unwind boundary
     |
     = help: within `control_gate::ControlGate`, the trait `RefUnwindSafe` is not implemented for `UnsafeCell<bool>`
note: required because it appears within the type `lock_api::rwlock::RwLock<parking_lot::raw_rwlock::RawRwLock, bool>`
    --> /Users/takemiyamakoto/.cargo/registry/src/index.crates.io-1949cf8c6b5b557f/lock_api-0.4.14/src/rwlock.rs:330:12
     |
 330 | pub struct RwLock<R, T: ?Sized> {
     |            ^^^^^^
note: required because it appears within the type `tokio::loom::std::parking_lot::RwLock<bool>`
    --> /Users/takemiyamakoto/.cargo/registry/src/index.crates.io-1949cf8c6b5b557f/tokio-1.53.1/src/loom/std/parking_lot.rs:25:19
     |
  25 | pub(crate) struct RwLock<T>(PhantomData<std::sync::RwLock<T>>, parking_lot::RwLock<T>);
     |                   ^^^^^^
note: required because it appears within the type `watch::Shared<bool>`
    --> /Users/takemiyamakoto/.cargo/registry/src/index.crates.io-1949cf8c6b5b557f/tokio-1.53.1/src/sync/watch.rs:296:8
     |
 296 | struct Shared<T> {
     |        ^^^^^^
note: required because it appears within the type `alloc::sync::ArcInner<watch::Shared<bool>>`
    --> /rustc/8bab26f4f68e0e26f0bb7960be334d5b520ea452/library/alloc/src/sync.rs:388:7
note: required because it appears within the type `PhantomData<alloc::sync::ArcInner<watch::Shared<bool>>>`
    --> /rustc/8bab26f4f68e0e26f0bb7960be334d5b520ea452/library/core/src/marker.rs:811:11
note: required because it appears within the type `std::sync::Arc<watch::Shared<bool>>`
    --> /rustc/8bab26f4f68e0e26f0bb7960be334d5b520ea452/library/alloc/src/sync.rs:269:11
note: required because it appears within the type `tokio::sync::watch::Sender<bool>`
    --> /Users/takemiyamakoto/.cargo/registry/src/index.crates.io-1949cf8c6b5b557f/tokio-1.53.1/src/sync/watch.rs:197:12
     |
 197 | pub struct Sender<T> {
     |            ^^^^^^
note: required because it appears within the type `kasumi_store::TenantStore`
    --> crates/kasumi-store/src/lib.rs:1433:12
     |
1433 | pub struct TenantStore {
     |            ^^^^^^^^^^^
note: required because it appears within the type `alloc::sync::ArcInner<kasumi_store::TenantStore>`
    --> /rustc/8bab26f4f68e0e26f0bb7960be334d5b520ea452/library/alloc/src/sync.rs:388:7
note: required because it appears within the type `PhantomData<alloc::sync::ArcInner<kasumi_store::TenantStore>>`
    --> /rustc/8bab26f4f68e0e26f0bb7960be334d5b520ea452/library/core/src/marker.rs:811:11
note: required because it appears within the type `std::sync::Arc<kasumi_store::TenantStore>`
    --> /rustc/8bab26f4f68e0e26f0bb7960be334d5b520ea452/library/alloc/src/sync.rs:269:11
note: required because it appears within the type `std::option::Option<std::sync::Arc<kasumi_store::TenantStore>>`
    --> /rustc/8bab26f4f68e0e26f0bb7960be334d5b520ea452/library/core/src/option.rs:597:9
note: required because it appears within the type `control_gate::ControlGate`
    --> crates/kasumi-raft/src/storage/control_gate.rs:17:19
     |
  17 | pub(crate) struct ControlGate {
     |                   ^^^^^^^^^^^
     = note: required for `std::sync::Arc<control_gate::ControlGate>` to implement `UnwindSafe`
note: required because it appears within the type `std::option::Option<std::sync::Arc<control_gate::ControlGate>>`
    --> /rustc/8bab26f4f68e0e26f0bb7960be334d5b520ea452/library/core/src/option.rs:597:9
note: required because it appears within the type `control_gate::registry::ControlGateRef`
    --> crates/kasumi-raft/src/storage/control_gate_registry.rs:78:19
     |
  78 | pub(crate) struct ControlGateRef {
     |                   ^^^^^^^^^^^^^^
note: required because it's used within this closure
    --> crates/kasumi-raft/src/storage/control_gate_tests.rs:70:38
     |
  70 |             std::panic::catch_unwind(move || {
     |                                      ^^^^^^^
note: required by a bound in `std::panic::catch_unwind`
    --> /rustc/8bab26f4f68e0e26f0bb7960be334d5b520ea452/library/std/src/panic.rs:358:0

error[E0277]: the type `(dyn NodeDiskMemoryAdmission + 'static)` may contain interior mutability and a reference may not be safely transferable across a catch_unwind boundary
    --> crates/kasumi-raft/src/storage/control_gate_tests.rs:70:38
     |
  70 |               std::panic::catch_unwind(move || {
     |  _____________------------------------_^
     | |             |
     | |             required by a bound introduced by this call
  71 | |                 if owned {
  72 | |                     let _permit = during.lock_owned().unwrap();
  73 | |                     panic!("owned publication interrupted");
...    |
  78 | |             })
     | |_____________^ `(dyn NodeDiskMemoryAdmission + 'static)` may contain interior mutability and a reference may not be safely transferable across a catch_unwind boundary
     |
     = help: within `control_gate::ControlGate`, the trait `RefUnwindSafe` is not implemented for `(dyn NodeDiskMemoryAdmission + 'static)`
note: required because it appears within the type `alloc::sync::ArcInner<(dyn NodeDiskMemoryAdmission + 'static)>`
    --> /rustc/8bab26f4f68e0e26f0bb7960be334d5b520ea452/library/alloc/src/sync.rs:388:7
note: required because it appears within the type `PhantomData<alloc::sync::ArcInner<(dyn NodeDiskMemoryAdmission + 'static)>>`
    --> /rustc/8bab26f4f68e0e26f0bb7960be334d5b520ea452/library/core/src/marker.rs:811:11
note: required because it appears within the type `std::sync::Arc<(dyn NodeDiskMemoryAdmission + 'static)>`
    --> /rustc/8bab26f4f68e0e26f0bb7960be334d5b520ea452/library/alloc/src/sync.rs:269:11
note: required because it appears within the type `kasumi_store::ScratchDisk`
    --> crates/kasumi-store/src/scratch_disk.rs:94:12
     |
  94 | pub struct ScratchDisk {
     |            ^^^^^^^^^^^
note: required because it appears within the type `alloc::sync::ArcInner<kasumi_store::ScratchDisk>`
    --> /rustc/8bab26f4f68e0e26f0bb7960be334d5b520ea452/library/alloc/src/sync.rs:388:7
note: required because it appears within the type `PhantomData<alloc::sync::ArcInner<kasumi_store::ScratchDisk>>`
    --> /rustc/8bab26f4f68e0e26f0bb7960be334d5b520ea452/library/core/src/marker.rs:811:11
note: required because it appears within the type `std::sync::Arc<kasumi_store::ScratchDisk>`
    --> /rustc/8bab26f4f68e0e26f0bb7960be334d5b520ea452/library/alloc/src/sync.rs:269:11
note: required because it appears within the type `kasumi_store::NodeStore`
    --> crates/kasumi-store/src/lib.rs:803:12
     |
 803 | pub struct NodeStore {
     |            ^^^^^^^^^
note: required because it appears within the type `alloc::sync::ArcInner<kasumi_store::NodeStore>`
    --> /rustc/8bab26f4f68e0e26f0bb7960be334d5b520ea452/library/alloc/src/sync.rs:388:7
note: required because it appears within the type `PhantomData<alloc::sync::ArcInner<kasumi_store::NodeStore>>`
    --> /rustc/8bab26f4f68e0e26f0bb7960be334d5b520ea452/library/core/src/marker.rs:811:11
note: required because it appears within the type `std::sync::Arc<kasumi_store::NodeStore>`
    --> /rustc/8bab26f4f68e0e26f0bb7960be334d5b520ea452/library/alloc/src/sync.rs:269:11
note: required because it appears within the type `kasumi_store::TenantStore`
    --> crates/kasumi-store/src/lib.rs:1433:12
     |
1433 | pub struct TenantStore {
     |            ^^^^^^^^^^^
note: required because it appears within the type `alloc::sync::ArcInner<kasumi_store::TenantStore>`
    --> /rustc/8bab26f4f68e0e26f0bb7960be334d5b520ea452/library/alloc/src/sync.rs:388:7
note: required because it appears within the type `PhantomData<alloc::sync::ArcInner<kasumi_store::TenantStore>>`
    --> /rustc/8bab26f4f68e0e26f0bb7960be334d5b520ea452/library/core/src/marker.rs:811:11
note: required because it appears within the type `std::sync::Arc<kasumi_store::TenantStore>`
    --> /rustc/8bab26f4f68e0e26f0bb7960be334d5b520ea452/library/alloc/src/sync.rs:269:11
note: required because it appears within the type `std::option::Option<std::sync::Arc<kasumi_store::TenantStore>>`
    --> /rustc/8bab26f4f68e0e26f0bb7960be334d5b520ea452/library/core/src/option.rs:597:9
note: required because it appears within the type `control_gate::ControlGate`
    --> crates/kasumi-raft/src/storage/control_gate.rs:17:19
     |
  17 | pub(crate) struct ControlGate {
     |                   ^^^^^^^^^^^
     = note: required for `std::sync::Arc<control_gate::ControlGate>` to implement `UnwindSafe`
note: required because it appears within the type `std::option::Option<std::sync::Arc<control_gate::ControlGate>>`
    --> /rustc/8bab26f4f68e0e26f0bb7960be334d5b520ea452/library/core/src/option.rs:597:9
note: required because it appears within the type `control_gate::registry::ControlGateRef`
    --> crates/kasumi-raft/src/storage/control_gate_registry.rs:78:19
     |
  78 | pub(crate) struct ControlGateRef {
     |                   ^^^^^^^^^^^^^^
note: required because it's used within this closure
    --> crates/kasumi-raft/src/storage/control_gate_tests.rs:70:38
     |
  70 |             std::panic::catch_unwind(move || {
     |                                      ^^^^^^^
note: required by a bound in `std::panic::catch_unwind`
    --> /rustc/8bab26f4f68e0e26f0bb7960be334d5b520ea452/library/std/src/panic.rs:358:0

error[E0277]: the type `(dyn kasumi_clock::WallClock + 'static)` may contain interior mutability and a reference may not be safely transferable across a catch_unwind boundary
    --> crates/kasumi-raft/src/storage/control_gate_tests.rs:70:38
     |
  70 |               std::panic::catch_unwind(move || {
     |  _____________------------------------_^
     | |             |
     | |             required by a bound introduced by this call
  71 | |                 if owned {
  72 | |                     let _permit = during.lock_owned().unwrap();
  73 | |                     panic!("owned publication interrupted");
...    |
  78 | |             })
     | |_____________^ `(dyn kasumi_clock::WallClock + 'static)` may contain interior mutability and a reference may not be safely transferable across a catch_unwind boundary
     |
     = help: within `control_gate::ControlGate`, the trait `RefUnwindSafe` is not implemented for `(dyn kasumi_clock::WallClock + 'static)`
note: required because it appears within the type `alloc::sync::ArcInner<(dyn kasumi_clock::WallClock + 'static)>`
    --> /rustc/8bab26f4f68e0e26f0bb7960be334d5b520ea452/library/alloc/src/sync.rs:388:7
note: required because it appears within the type `PhantomData<alloc::sync::ArcInner<(dyn kasumi_clock::WallClock + 'static)>>`
    --> /rustc/8bab26f4f68e0e26f0bb7960be334d5b520ea452/library/core/src/marker.rs:811:11
note: required because it appears within the type `std::sync::Arc<(dyn kasumi_clock::WallClock + 'static)>`
    --> /rustc/8bab26f4f68e0e26f0bb7960be334d5b520ea452/library/alloc/src/sync.rs:269:11
note: required because it appears within the type `kasumi_clock::EpochClock`
    --> crates/kasumi-clock/src/lib.rs:155:12
     |
 155 | pub struct EpochClock {
     |            ^^^^^^^^^^
note: required because it appears within the type `alloc::sync::ArcInner<kasumi_clock::EpochClock>`
    --> /rustc/8bab26f4f68e0e26f0bb7960be334d5b520ea452/library/alloc/src/sync.rs:388:7
note: required because it appears within the type `PhantomData<alloc::sync::ArcInner<kasumi_clock::EpochClock>>`
    --> /rustc/8bab26f4f68e0e26f0bb7960be334d5b520ea452/library/core/src/marker.rs:811:11
note: required because it appears within the type `std::sync::Arc<kasumi_clock::EpochClock>`
    --> /rustc/8bab26f4f68e0e26f0bb7960be334d5b520ea452/library/alloc/src/sync.rs:269:11
note: required because it appears within the type `LifecycleGate`
    --> crates/kasumi-serving/src/lifecycle_gate.rs:15:12
     |
  15 | pub struct LifecycleGate {
     |            ^^^^^^^^^^^^^
note: required because it appears within the type `alloc::sync::ArcInner<LifecycleGate>`
    --> /rustc/8bab26f4f68e0e26f0bb7960be334d5b520ea452/library/alloc/src/sync.rs:388:7
note: required because it appears within the type `PhantomData<alloc::sync::ArcInner<LifecycleGate>>`
    --> /rustc/8bab26f4f68e0e26f0bb7960be334d5b520ea452/library/core/src/marker.rs:811:11
note: required because it appears within the type `std::sync::Arc<LifecycleGate>`
    --> /rustc/8bab26f4f68e0e26f0bb7960be334d5b520ea452/library/alloc/src/sync.rs:269:11
note: required because it appears within the type `std::option::Option<std::sync::Arc<LifecycleGate>>`
    --> /rustc/8bab26f4f68e0e26f0bb7960be334d5b520ea452/library/core/src/option.rs:597:9
note: required because it appears within the type `StorageAccess`
    --> crates/kasumi-store/src/serving_access.rs:128:12
     |
 128 | pub struct StorageAccess {
     |            ^^^^^^^^^^^^^
note: required because it appears within the type `kasumi_store::TenantStore`
    --> crates/kasumi-store/src/lib.rs:1433:12
     |
1433 | pub struct TenantStore {
     |            ^^^^^^^^^^^
note: required because it appears within the type `alloc::sync::ArcInner<kasumi_store::TenantStore>`
    --> /rustc/8bab26f4f68e0e26f0bb7960be334d5b520ea452/library/alloc/src/sync.rs:388:7
note: required because it appears within the type `PhantomData<alloc::sync::ArcInner<kasumi_store::TenantStore>>`
    --> /rustc/8bab26f4f68e0e26f0bb7960be334d5b520ea452/library/core/src/marker.rs:811:11
note: required because it appears within the type `std::sync::Arc<kasumi_store::TenantStore>`
    --> /rustc/8bab26f4f68e0e26f0bb7960be334d5b520ea452/library/alloc/src/sync.rs:269:11
note: required because it appears within the type `std::option::Option<std::sync::Arc<kasumi_store::TenantStore>>`
    --> /rustc/8bab26f4f68e0e26f0bb7960be334d5b520ea452/library/core/src/option.rs:597:9
note: required because it appears within the type `control_gate::ControlGate`
    --> crates/kasumi-raft/src/storage/control_gate.rs:17:19
     |
  17 | pub(crate) struct ControlGate {
     |                   ^^^^^^^^^^^
     = note: required for `std::sync::Arc<control_gate::ControlGate>` to implement `UnwindSafe`
note: required because it appears within the type `std::option::Option<std::sync::Arc<control_gate::ControlGate>>`
    --> /rustc/8bab26f4f68e0e26f0bb7960be334d5b520ea452/library/core/src/option.rs:597:9
note: required because it appears within the type `control_gate::registry::ControlGateRef`
    --> crates/kasumi-raft/src/storage/control_gate_registry.rs:78:19
     |
  78 | pub(crate) struct ControlGateRef {
     |                   ^^^^^^^^^^^^^^
note: required because it's used within this closure
    --> crates/kasumi-raft/src/storage/control_gate_tests.rs:70:38
     |
  70 |             std::panic::catch_unwind(move || {
     |                                      ^^^^^^^
note: required by a bound in `std::panic::catch_unwind`
    --> /rustc/8bab26f4f68e0e26f0bb7960be334d5b520ea452/library/std/src/panic.rs:358:0

error[E0277]: the type `(dyn CredentialLiveness + 'static)` may contain interior mutability and a reference may not be safely transferable across a catch_unwind boundary
    --> crates/kasumi-raft/src/storage/control_gate_tests.rs:70:38
     |
  70 |               std::panic::catch_unwind(move || {
     |  _____________------------------------_^
     | |             |
     | |             required by a bound introduced by this call
  71 | |                 if owned {
  72 | |                     let _permit = during.lock_owned().unwrap();
  73 | |                     panic!("owned publication interrupted");
...    |
  78 | |             })
     | |_____________^ `(dyn CredentialLiveness + 'static)` may contain interior mutability and a reference may not be safely transferable across a catch_unwind boundary
     |
     = help: within `control_gate::ControlGate`, the trait `RefUnwindSafe` is not implemented for `(dyn CredentialLiveness + 'static)`
note: required because it appears within the type `alloc::sync::ArcInner<(dyn CredentialLiveness + 'static)>`
    --> /rustc/8bab26f4f68e0e26f0bb7960be334d5b520ea452/library/alloc/src/sync.rs:388:7
note: required because it appears within the type `PhantomData<alloc::sync::ArcInner<(dyn CredentialLiveness + 'static)>>`
    --> /rustc/8bab26f4f68e0e26f0bb7960be334d5b520ea452/library/core/src/marker.rs:811:11
note: required because it appears within the type `std::sync::Arc<(dyn CredentialLiveness + 'static)>`
    --> /rustc/8bab26f4f68e0e26f0bb7960be334d5b520ea452/library/alloc/src/sync.rs:269:11
note: required because it appears within the type `std::option::Option<std::sync::Arc<(dyn CredentialLiveness + 'static)>>`
    --> /rustc/8bab26f4f68e0e26f0bb7960be334d5b520ea452/library/core/src/option.rs:597:9
note: required because it appears within the type `kasumi_types::authorization::LiveAuthorization`
    --> crates/kasumi-types/src/authorization.rs:18:6
     |
  18 | enum LiveAuthorization {
     |      ^^^^^^^^^^^^^^^^^
note: required because it appears within the type `alloc::sync::ArcInner<kasumi_types::authorization::LiveAuthorization>`
    --> /rustc/8bab26f4f68e0e26f0bb7960be334d5b520ea452/library/alloc/src/sync.rs:388:7
note: required because it appears within the type `PhantomData<alloc::sync::ArcInner<kasumi_types::authorization::LiveAuthorization>>`
    --> /rustc/8bab26f4f68e0e26f0bb7960be334d5b520ea452/library/core/src/marker.rs:811:11
note: required because it appears within the type `std::sync::Arc<kasumi_types::authorization::LiveAuthorization>`
    --> /rustc/8bab26f4f68e0e26f0bb7960be334d5b520ea452/library/alloc/src/sync.rs:269:11
note: required because it appears within the type `std::option::Option<std::sync::Arc<kasumi_types::authorization::LiveAuthorization>>`
    --> /rustc/8bab26f4f68e0e26f0bb7960be334d5b520ea452/library/core/src/option.rs:597:9
note: required because it appears within the type `kasumi_types::RequestAuthorization`
    --> crates/kasumi-types/src/authorization.rs:45:12
     |
  45 | pub struct RequestAuthorization {
     |            ^^^^^^^^^^^^^^^^^^^^
note: required because it appears within the type `kasumi_types::RequestContext`
    --> crates/kasumi-types/src/lib.rs:170:12
     |
 170 | pub struct RequestContext {
     |            ^^^^^^^^^^^^^^
note: required because it appears within the type `LifecycleGate`
    --> crates/kasumi-serving/src/lifecycle_gate.rs:15:12
     |
  15 | pub struct LifecycleGate {
     |            ^^^^^^^^^^^^^
note: required because it appears within the type `alloc::sync::ArcInner<LifecycleGate>`
    --> /rustc/8bab26f4f68e0e26f0bb7960be334d5b520ea452/library/alloc/src/sync.rs:388:7
note: required because it appears within the type `PhantomData<alloc::sync::ArcInner<LifecycleGate>>`
    --> /rustc/8bab26f4f68e0e26f0bb7960be334d5b520ea452/library/core/src/marker.rs:811:11
note: required because it appears within the type `std::sync::Arc<LifecycleGate>`
    --> /rustc/8bab26f4f68e0e26f0bb7960be334d5b520ea452/library/alloc/src/sync.rs:269:11
note: required because it appears within the type `std::option::Option<std::sync::Arc<LifecycleGate>>`
    --> /rustc/8bab26f4f68e0e26f0bb7960be334d5b520ea452/library/core/src/option.rs:597:9
note: required because it appears within the type `StorageAccess`
    --> crates/kasumi-store/src/serving_access.rs:128:12
     |
 128 | pub struct StorageAccess {
     |            ^^^^^^^^^^^^^
note: required because it appears within the type `kasumi_store::TenantStore`
    --> crates/kasumi-store/src/lib.rs:1433:12
     |
1433 | pub struct TenantStore {
     |            ^^^^^^^^^^^
note: required because it appears within the type `alloc::sync::ArcInner<kasumi_store::TenantStore>`
    --> /rustc/8bab26f4f68e0e26f0bb7960be334d5b520ea452/library/alloc/src/sync.rs:388:7
note: required because it appears within the type `PhantomData<alloc::sync::ArcInner<kasumi_store::TenantStore>>`
    --> /rustc/8bab26f4f68e0e26f0bb7960be334d5b520ea452/library/core/src/marker.rs:811:11
note: required because it appears within the type `std::sync::Arc<kasumi_store::TenantStore>`
    --> /rustc/8bab26f4f68e0e26f0bb7960be334d5b520ea452/library/alloc/src/sync.rs:269:11
note: required because it appears within the type `std::option::Option<std::sync::Arc<kasumi_store::TenantStore>>`
    --> /rustc/8bab26f4f68e0e26f0bb7960be334d5b520ea452/library/core/src/option.rs:597:9
note: required because it appears within the type `control_gate::ControlGate`
    --> crates/kasumi-raft/src/storage/control_gate.rs:17:19
     |
  17 | pub(crate) struct ControlGate {
     |                   ^^^^^^^^^^^
     = note: required for `std::sync::Arc<control_gate::ControlGate>` to implement `UnwindSafe`
note: required because it appears within the type `std::option::Option<std::sync::Arc<control_gate::ControlGate>>`
    --> /rustc/8bab26f4f68e0e26f0bb7960be334d5b520ea452/library/core/src/option.rs:597:9
note: required because it appears within the type `control_gate::registry::ControlGateRef`
    --> crates/kasumi-raft/src/storage/control_gate_registry.rs:78:19
     |
  78 | pub(crate) struct ControlGateRef {
     |                   ^^^^^^^^^^^^^^
note: required because it's used within this closure
    --> crates/kasumi-raft/src/storage/control_gate_tests.rs:70:38
     |
  70 |             std::panic::catch_unwind(move || {
     |                                      ^^^^^^^
note: required by a bound in `std::panic::catch_unwind`
    --> /rustc/8bab26f4f68e0e26f0bb7960be334d5b520ea452/library/std/src/panic.rs:358:0

Some errors have detailed explanations: E0277, E0425.
For more information about an error, try `rustc --explain E0277`.
error: could not compile `kasumi-raft` (lib test) due to 22 previous errors
warning: build failed, waiting for other jobs to finish...
warning: `kasumi-raft` (lib) generated 18 warnings
error[E0599]: no method named `into_inner` found for struct `BackendMutationPoisoned` in the current scope
    --> crates/kasumi-engine/src/state.rs:1303:49
     |
1303 |             .unwrap_or_else(|poisoned| poisoned.into_inner());
     |                                                 ^^^^^^^^^^
     |
help: there is a method `into_either` with a similar name, but with different arguments
    --> /Users/takemiyamakoto/.cargo/registry/src/index.crates.io-1949cf8c6b5b557f/either-1.18.0/src/into_either.rs:29:5
     |
  29 |     fn into_either(self, into_left: bool) -> Either<Self, Self> {
     |     ^^^^^^^^^^^^^^^^^^^^^^^^^^^^^^^^^^^^^^^^^^^^^^^^^^^^^^^^^^^

For more information about this error, try `rustc --explain E0599`.
error: could not compile `kasumi-engine` (lib) due to 1 previous error
Runner: 27.61s; exit=101; matching=1576/1576
