Command: cargo test -p kasumi-engine --all-features --lib --locked --offline --config profile.test.package.kasumi-kv.opt-level=3 --config profile.test.package.sha2.opt-level=3 -- --test-threads=1 application_sources::tests:: primary_decode_real_
CARGO_TARGET_DIR=target/disk-backed-cache
   Compiling kasumi-raft v0.1.0 (/Users/takemiyamakoto/dev/kasumi/crates/kasumi-raft)
   Compiling kasumi-engine v0.1.0 (/Users/takemiyamakoto/dev/kasumi/crates/kasumi-engine)
warning: variant `Mutation` is never constructed
  --> crates/kasumi-engine/src/security_audit_jobs.rs:26:5
   |
24 | enum JobEffect {
   |      --------- variant in this enum
25 |     Read,
26 |     Mutation(&'static str),
   |     ^^^^^^^^
   |
   = note: `JobEffect` has a derived impl for the trait `Clone`, but this is intentionally ignored during dead code analysis
   = note: `#[warn(dead_code)]` (part of `#[warn(unused)]`) on by default

warning: struct `ReadPause` is never constructed
  --> crates/kasumi-engine/src/security_audit_jobs.rs:57:19
   |
57 | pub(super) struct ReadPause {
   |                   ^^^^^^^^^

warning: method `run_mutation` is never used
   --> crates/kasumi-engine/src/security_audit_jobs.rs:120:25
    |
 62 | impl SecurityAudit {
    | ------------------ method in this implementation
...
120 |     pub(super) async fn run_mutation<T, F, R>(&self, component: &'static str, run: R) -> Result<T>
    |                         ^^^^^^^^^^^^

warning: `kasumi-engine` (lib) generated 3 warnings
warning: unused import: `catalog::StagedCatalog`
  --> crates/kasumi-engine/src/primary_stage.rs:31:16
   |
31 | pub(crate) use catalog::StagedCatalog;
   |                ^^^^^^^^^^^^^^^^^^^^^^
   |
   = note: `#[warn(unused_imports)]` (part of `#[warn(unused)]`) on by default

warning: field `panic` is never read
  --> crates/kasumi-engine/src/security_audit_jobs.rs:52:9
   |
48 | pub(super) struct RecordFault {
   |                   ----------- field in this struct
...
52 |     pub panic: bool,
   |         ^^^^^

warning: `kasumi-engine` (lib test) generated 5 warnings (3 duplicates) (run `cargo fix --lib -p kasumi-engine --tests` to apply 1 suggestion)
    Finished `test` profile [unoptimized + debuginfo] target(s) in 2m 50s
     Running unittests src/lib.rs (target/disk-backed-cache/debug/deps/kasumi_engine-b15d1192089511a8)

running 60 tests
test application_sources::tests::allocation_tails::source_binding_box_retires_before_its_real_root_credit ... ok
test application_sources::tests::allocation_tails::source_cell_concurrent_strong_and_weak_drops_hold_the_actual_credit_tail ... ok
test application_sources::tests::allocation_tails::source_failure_actual_error_aliases_hold_credit_through_owner_deallocation ... ok
test application_sources::tests::allocation_tails::source_root_and_credit_arcs_remain_funded_through_actual_deallocation ... ok
test application_sources::tests::allocation_tails::source_root_weak_retains_shell_credit_after_payload_is_gone ... ok
test application_sources::tests::allocation_tails::source_view_unique_close_holds_cell_credit_while_arc_backing_retires ... ok
test application_sources::tests::allocation_tails::source_view_weak_retains_credit_after_unique_native_close ... ok
test application_sources::tests::primary_read_tests::primary_catalog_entry_is_fixed_canonical_and_context_explicit ... ok
test application_sources::tests::primary_read_tests::selected_primary_actual_decode_denial_retains_complete_wire_without_lending ... ok
test application_sources::tests::primary_read_tests::selected_primary_actual_node_denial_precedes_lending_and_keeps_error_credit ... ok
test application_sources::tests::primary_read_tests::selected_primary_callback_access_change_is_rechecked_before_success ... ok
test application_sources::tests::primary_read_tests::selected_primary_empty_tree_still_rechecks_current_storage_access ... ok
test application_sources::tests::primary_read_tests::selected_primary_encrypted_branch_live_archive_absence_and_old_pin ... ok
test application_sources::tests::primary_read_tests::selected_primary_failure_retains_original_reader_and_actual_workspace_until_drop ... ok
test application_sources::tests::primary_read_tests::selected_primary_overflow_corruption_and_missing_never_lend_partial_dto ... ok
test application_sources::tests::primary_read_tests::selected_primary_page_corruption_and_foreign_registry_are_rejected ... ok
test application_sources::tests::primary_read_tests::selected_primary_panic_payload_survives_as_original_failure_until_drop ... ok
test application_sources::tests::primary_read_tests::selected_primary_preserves_restored_zero_document_versions ... ok
test application_sources::tests::primary_read_tests::selected_primary_rejects_catalog_manifest_and_selector_substitution ... ok
test application_sources::tests::primary_stage_tests::catalogs::primary_catalog_abort_missing_or_corrupt_owned_rows_retains_progress ... ok
test application_sources::tests::primary_stage_tests::catalogs::primary_catalog_append_refusals_preserve_durable_membership ... ok
test application_sources::tests::primary_stage_tests::catalogs::primary_catalog_empty_zero_work_and_first_finish_bind_actual_records ... ok
test application_sources::tests::primary_stage_tests::catalogs::primary_catalog_encrypted_finish_and_separate_abort_units_preserve_old_pin ... ok
test application_sources::tests::primary_stage_tests::catalogs::primary_catalog_member_codec_is_fixed_and_contextual ... ok
test application_sources::tests::primary_stage_tests::catalogs::primary_catalog_nonempty_totals_and_mapping_cow_preserve_membership ... ok
test application_sources::tests::primary_stage_tests::catalogs::primary_catalog_partial_verifier_keeps_its_exact_pin ... ok
test application_sources::tests::primary_stage_tests::catalogs::primary_catalog_real_admission_denial_precedes_append_effects ... ok
test application_sources::tests::primary_stage_tests::catalogs::primary_catalog_verifier_refuses_mutations_and_pin_replacement ... ok
test application_sources::tests::primary_stage_tests::fixed_objects::primary_stage_fixed_impossible_inventory_progress_refuses_without_erasing_custody ... ok
test application_sources::tests::primary_stage_tests::fixed_objects::primary_stage_fixed_missing_or_corrupt_objects_refuse_before_abort_progress ... ok
test application_sources::tests::primary_stage_tests::fixed_objects::primary_stage_fixed_objects_are_journaled_and_old_pin_survives_bounded_abort ... ok
test application_sources::tests::primary_stage_tests::fixed_objects::primary_stage_fixed_page_buffer_returns_for_following_multichunk_dto ... ok
test application_sources::tests::primary_stage_tests::fixed_objects::primary_stage_fixed_page_framing_refuses_even_with_matching_inventory_digest ... ok
test application_sources::tests::primary_stage_tests::fixed_objects::primary_stage_fixed_shape_refusal_creates_no_inventory_or_counter_change ... ok
test application_sources::tests::primary_stage_tests::primary_stage_archive_and_definition_keep_exact_dto_and_kind_identity ... ok
test application_sources::tests::primary_stage_tests::primary_stage_large_encrypted_object_and_old_selected_pin_survive_current_abort ... ok
test application_sources::tests::primary_stage_tests::primary_stage_native_bound_failure_keeps_original_diagnostic_through_positive_close ... ok
test application_sources::tests::primary_stage_tests::primary_stage_nonselection_readers_and_denied_begin_do_not_publish_or_write ... ok
test application_sources::tests::primary_stage_tests::primary_stage_partial_attempt_resumes_after_actual_encrypted_reopen ... ok
test application_sources::tests::primary_stage_tests::primary_stage_partial_high_water_and_abort_resume_are_atomic ... ok
test application_sources::tests::primary_stage_tests::primary_stage_rejects_payload_corruption_before_lending_and_keeps_old_pin_exact ... ok
test application_sources::tests::selected_sources_actual_snapshot_install_and_encrypted_reopen_preserve_identity ... ok
test application_sources::tests::selected_sources_alias_refusal_preserves_later_actual_native_close_failure ... ok
test application_sources::tests::selected_sources_canonical_failure_closes_parent_preserves_original_and_issue ... ok
test application_sources::tests::selected_sources_capture_finalization_settles_handle_before_retirement ... ok
test application_sources::tests::selected_sources_covered_capture_cannot_settle_after_serving_handoff ... ok
test application_sources::tests::selected_sources_failed_consuming_close_never_becomes_success_from_none ... ok
test application_sources::tests::selected_sources_fork_keeps_exact_old_native_generation_after_parent_retirement ... ok
test application_sources::tests::selected_sources_fork_seal_closes_registered_child_before_releasing_permit ... ok
test application_sources::tests::selected_sources_last_selected_handle_closes_during_ordinary_operation ... ok
test application_sources::tests::selected_sources_maintenance_publication_requires_actual_scope_for_owner_and_growth ... ok
test application_sources::tests::selected_sources_missing_prospective_callback_never_publishes_generation ... ok
test application_sources::tests::selected_sources_prospective_denial_preserves_cursor_generation_and_original_then_retries ... ok
test application_sources::tests::selected_sources_real_local_startup_publishes_entry_and_drains_surviving_generation ... ok
test application_sources::tests::selected_sources_repeated_prospective_callback_is_sticky_and_cancels_queued_reader ... ok
test application_sources::tests::selected_sources_routine_bounded_read_error_retires_with_original_report_alive ... ok
test application_sources::tests::selected_sources_shutdown_closes_native_parent_with_metadata_alias_alive ... ok
test application_sources::tests::selected_sources_unknown_capture_panic_without_view_never_drains_as_clean ... ok
test primary_tree::read::decode::tests::primary_decode_real_allocations_fit_grants_for_definition_and_typed_errors ... ok
test primary_tree::read::decode::tests::primary_decode_real_allocations_fit_grants_for_nested_and_precise_values ... ok

test result: ok. 60 passed; 0 failed; 0 ignored; 0 measured; 456 filtered out; finished in 656.36s

Runner: 826.69s; exit=0; matching=779/779
