Command: cargo test --locked --offline --config profile.test.package.kasumi-kv.opt-level=3 --config profile.test.package.sha2.opt-level=3 -p kasumi-kv -p kasumi-store -p kasumi-query -p kasumi-raft -p kasumi-engine -p kasumi-authority --all-features --lib --no-fail-fast -- publication_inventory_ native_publication_backend_ snapshot_actor_ storage::snapshot_conflict::tests group_publication prepared_publication::tests streamed_publication_ publication_capture_ publication_failures:: storage::publication_producer::tests --nocapture
ISOLATED_SOURCE=/tmp/kasumi-source-cohort-validation-v1
CARGO_TARGET_DIR=/Users/takemiyamakoto/dev/kasumi/target/disk-backed-cache
warning: unused import: `publication::StreamedBatchWorkspace`
    --> crates/kasumi-kv/src/segment.rs:4222:16
     |
4222 | pub(crate) use publication::StreamedBatchWorkspace;
     |                ^^^^^^^^^^^^^^^^^^^^^^^^^^^^^^^^^^^
     |
     = note: `#[warn(unused_imports)]` (part of `#[warn(unused)]`) on by default

warning: method `space_requirements` is never used
   --> crates/kasumi-kv/src/publication_inventory.rs:315:19
    |
270 | impl PublicationInventory {
    | ------------------------- method in this implementation
...
315 |     pub(crate) fn space_requirements(
    |                   ^^^^^^^^^^^^^^^^^^
    |
    = note: `#[warn(dead_code)]` (part of `#[warn(unused)]`) on by default

warning: `kasumi-kv` (lib) generated 2 warnings (run `cargo fix --lib -p kasumi-kv` to apply 1 suggestion)
warning: method `last_sm_seq` is never used
  --> vendor/openraft-0.9.25/openraft/src/engine/engine_output.rs:35:19
   |
24 | / impl<C> EngineOutput<C>
25 | | where
26 | |     C: RaftTypeConfig,
   | |______________________- method in this implementation
...
35 |       pub(crate) fn last_sm_seq(&self) -> CommandSeq {
   |                     ^^^^^^^^^^^
   |
   = note: `#[warn(dead_code)]` (part of `#[warn(unused)]`) on by default

warning: method `accept_vote` is never used
  --> vendor/openraft-0.9.25/openraft/src/engine/handler/vote_handler/mod.rs:58:19
   |
45 | / impl<C> VoteHandler<'_, C>
46 | | where
47 | |     C: RaftTypeConfig,
   | |______________________- method in this implementation
...
58 |       pub(crate) fn accept_vote<T, E, F>(
   |                     ^^^^^^^^^^^

warning: method `publication_pages` is never used
  --> crates/kasumi-kv/src/arena_space.rs:95:19
   |
94 | impl DirectoryArenaBackend {
   | -------------------------- method in this implementation
95 |     pub(crate) fn publication_pages(&self) -> Result<u64, CoreError> {
   |                   ^^^^^^^^^^^^^^^^^
   |
   = note: `#[warn(dead_code)]` (part of `#[warn(unused)]`) on by default

warning: method `publication_capacity` is never used
   --> crates/kasumi-kv/src/segment_space.rs:291:19
    |
290 | impl SegmentWriter {
    | ------------------ method in this implementation
291 |     pub(crate) fn publication_capacity(&self) -> Result<u64, CoreError> {
    |                   ^^^^^^^^^^^^^^^^^^^^

warning: method `values` is never used
  --> crates/kasumi-kv/src/segment_publication.rs:39:19
   |
38 | impl StreamedBatchWorkspace {
   | --------------------------- method in this implementation
39 |     pub(crate) fn values(&self) -> &[Option<ValueLocation>] {
   |                   ^^^^^^

warning: `openraft` (lib) generated 2 warnings
warning: `kasumi-kv` (lib test) generated 4 warnings (1 duplicate)
   Compiling kasumi-raft v0.1.0 (/private/tmp/kasumi-source-cohort-validation-v1/crates/kasumi-raft)
warning: field `0` is never read
  --> crates/kasumi-raft/src/owned_prepared_restore.rs:24:33
   |
24 | struct CandidateRetirementPanic(std::sync::Mutex<Box<dyn std::any::Any + Send>>);
   |        ------------------------ ^^^^^^^^^^^^^^^^^^^^^^^^^^^^^^^^^^^^^^^^^^^^^^^
   |        |
   |        field in this struct
   |
   = help: consider removing this field
   = note: `#[warn(dead_code)]` (part of `#[warn(unused)]`) on by default

warning: method `prepared_snapshot_publication` is never used
   --> crates/kasumi-raft/src/custody_machine.rs:235:19
    |
135 | impl CustodyMachine {
    | ------------------- method in this implementation
...
235 |     pub(crate) fn prepared_snapshot_publication(
    |                   ^^^^^^^^^^^^^^^^^^^^^^^^^^^^^

warning: field `0` is never read
   --> crates/kasumi-raft/src/custody_snapshot_preparation.rs:331:32
    |
331 | struct SnapshotRetirementPanic(std::sync::Mutex<Box<dyn std::any::Any + Send>>);
    |        ----------------------- ^^^^^^^^^^^^^^^^^^^^^^^^^^^^^^^^^^^^^^^^^^^^^^^
    |        |
    |        field in this struct
    |
    = help: consider removing this field

warning: struct `TrackedStorePublication` is never constructed
   --> crates/kasumi-raft/src/lifetime.rs:234:19
    |
234 | pub(crate) struct TrackedStorePublication {
    |                   ^^^^^^^^^^^^^^^^^^^^^^^

warning: enum `PublicationStorage` is never used
   --> crates/kasumi-raft/src/lifetime.rs:240:6
    |
240 | enum PublicationStorage {
    |      ^^^^^^^^^^^^^^^^^^

warning: method `prepare_store_publication` is never used
   --> crates/kasumi-raft/src/lifetime.rs:245:19
    |
244 | impl StorageHandle<kasumi_store::TenantStorageSet> {
    | -------------------------------------------------- method in this implementation
245 |     pub(crate) fn prepare_store_publication(self) -> TrackedStorePublication {
    |                   ^^^^^^^^^^^^^^^^^^^^^^^^^

warning: method `prepare_store_publication` is never used
   --> crates/kasumi-raft/src/lifetime.rs:257:19
    |
256 | impl StorageHandle<kasumi_store::CustodyStore> {
    | ---------------------------------------------- method in this implementation
257 |     pub(crate) fn prepare_store_publication(self) -> TrackedStorePublication {
    |                   ^^^^^^^^^^^^^^^^^^^^^^^^^

warning: methods `producer`, `producer_mut`, and `retire_staging` are never used
   --> crates/kasumi-raft/src/lifetime.rs:269:19
    |
268 | impl TrackedStorePublication {
    | ---------------------------- methods in this implementation
269 |     pub(crate) fn producer(&self) -> &kasumi_store::PreparedStorePublication {
    |                   ^^^^^^^^
...
272 |     pub(crate) fn producer_mut(&mut self) -> &mut kasumi_store::PreparedStorePublication {
    |                   ^^^^^^^^^^^^
...
275 |     pub(crate) fn retire_staging(&mut self) -> kasumi_types::drain::DrainResult {
    |                   ^^^^^^^^^^^^^^

warning: associated function `new` is never used
  --> crates/kasumi-raft/src/snapshot_buffer/prepared_child.rs:84:8
   |
83 | impl PreparedChild {
   | ------------------ associated function in this implementation
84 |     fn new(body: PreparedSnapshotBody) -> Self {
   |        ^^^

warning: field `0` is never read
   --> crates/kasumi-raft/src/snapshot_buffer/prepared_child.rs:304:19
    |
304 | struct ChildPanic(Mutex<Box<dyn std::any::Any + Send>>);
    |        ---------- ^^^^^^^^^^^^^^^^^^^^^^^^^^^^^^^^^^^^
    |        |
    |        field in this struct
    |
    = help: consider removing this field

warning: methods `begin_prepared_body` and `cancel_body` are never used
   --> crates/kasumi-raft/src/snapshot_buffer/prepared_child.rs:403:19
    |
317 | impl SnapshotBuffer {
    | ------------------- methods in this implementation
...
403 |     pub(crate) fn begin_prepared_body(
    |                   ^^^^^^^^^^^^^^^^^^^
...
467 |     pub(crate) async fn cancel_body(&mut self) -> DrainResult {
    |                         ^^^^^^^^^^^

warning: method `prepare_engine_publication` is never used
    --> crates/kasumi-raft/src/storage.rs:1121:19
     |
1083 | impl PendingSnapshot {
     | -------------------- method in this implementation
...
1121 |     pub(crate) fn prepare_engine_publication<'backend>(
     |                   ^^^^^^^^^^^^^^^^^^^^^^^^^^

warning: enum `SnapshotPublicationPhase` is never used
    --> crates/kasumi-raft/src/storage.rs:1175:6
     |
1175 | enum SnapshotPublicationPhase {
     |      ^^^^^^^^^^^^^^^^^^^^^^^^

warning: struct `PreparedEngineSnapshotPublication` is never constructed
    --> crates/kasumi-raft/src/storage.rs:1181:19
     |
1181 | pub(crate) struct PreparedEngineSnapshotPublication<'backend> {
     |                   ^^^^^^^^^^^^^^^^^^^^^^^^^^^^^^^^^

warning: methods `source` and `publish` are never used
    --> crates/kasumi-raft/src/storage.rs:1191:19
     |
1190 | impl PreparedEngineSnapshotPublication<'_> {
     | ------------------------------------------ methods in this implementation
1191 |     pub(crate) fn source(&self) -> &crate::PreparedSnapshotSourceEnvelope {
     |                   ^^^^^^
...
1194 |     pub(crate) fn publish(&mut self, domains: &TenantStorageSet) -> Result<()> {
     |                   ^^^^^^^

warning: method `bind` is never used
  --> crates/kasumi-raft/src/storage/snapshot_conflict.rs:38:8
   |
37 | pub(crate) trait PreparedSnapshotConflictWrite: Send + 'static {
   |                  ----------------------------- method in this trait
38 |     fn bind(
   |        ^^^^

warning: struct `ExecutorAllocation` is never constructed
  --> crates/kasumi-raft/src/storage/snapshot_conflict.rs:60:19
   |
60 | pub(crate) struct ExecutorAllocation<E> {
   |                   ^^^^^^^^^^^^^^^^^^

warning: method `install` is never used
  --> crates/kasumi-raft/src/storage/snapshot_conflict.rs:66:19
   |
65 | impl<E: PreparedSnapshotConflictWrite> ExecutorAllocation<E> {
   | ------------------------------------------------------------ method in this implementation
66 |     pub(crate) fn install(self, value: E) -> ConflictExecutor {
   |                   ^^^^^^^

warning: field `provider` is never read
  --> crates/kasumi-raft/src/storage/snapshot_conflict.rs:76:5
   |
74 | pub(crate) struct ConflictExecutor {
   |                   ---------------- field in this struct
75 |     value: Box<dyn PreparedSnapshotConflictWrite>,
76 |     provider: Arc<dyn kasumi_store::NodeDiskMemoryAdmission>,
   |     ^^^^^^^^

warning: enum `ExecutorBindError` is never used
  --> crates/kasumi-raft/src/storage/snapshot_conflict.rs:80:17
   |
80 | pub(crate) enum ExecutorBindError {
   |                 ^^^^^^^^^^^^^^^^^

warning: variants `Inventory` and `Binding` are never constructed
   --> crates/kasumi-raft/src/storage/snapshot_conflict.rs:100:5
    |
 96 | enum Phase {
    |      ----- variants in this enum
...
100 |     Inventory,
    |     ^^^^^^^^^
101 |     Binding,
    |     ^^^^^^^
    |
    = note: `Phase` has derived impls for the traits `Debug` and `Clone`, but these are intentionally ignored during dead code analysis

warning: field `inventory_complete` is never read
   --> crates/kasumi-raft/src/storage/snapshot_conflict.rs:118:5
    |
107 | pub(crate) struct PreparedSnapshotConflict {
    |                   ------------------------ field in this struct
...
118 |     inventory_complete: bool,
    |     ^^^^^^^^^^^^^^^^^^

warning: methods `visit_inventory`, `prepare_executor_allocation`, `bind_executor`, `interval`, and `context` are never used
   --> crates/kasumi-raft/src/storage/snapshot_conflict.rs:243:19
    |
134 | impl PreparedSnapshotConflict {
    | ----------------------------- methods in this implementation
...
243 |     pub(crate) fn visit_inventory(
    |                   ^^^^^^^^^^^^^^^
...
276 |     pub(crate) fn prepare_executor_allocation<E: PreparedSnapshotConflictWrite>(
    |                   ^^^^^^^^^^^^^^^^^^^^^^^^^^^
...
297 |     pub(crate) fn bind_executor(
    |                   ^^^^^^^^^^^^^
...
397 |     pub(crate) fn interval(&self) -> Option<ConflictInterval> {
    |                   ^^^^^^^^
...
400 |     pub(crate) fn context(&self) -> &SnapshotAcceptanceContext<u64> {
    |                   ^^^^^^^

warning: method `source` is never used
   --> crates/kasumi-raft/src/storage/owned_snapshot_body.rs:306:19
    |
 57 | impl PreparedApplicationSnapshot {
    | -------------------------------- method in this implementation
...
306 |     pub(crate) fn source(&self) -> Option<&crate::PreparedSnapshotSourceEnvelope> {
    |                   ^^^^^^

warning: field `0` is never read
   --> crates/kasumi-raft/src/storage/owned_snapshot_body.rs:681:32
    |
681 | struct SnapshotRetirementPanic(std::sync::Mutex<Box<dyn std::any::Any + Send>>);
    |        ----------------------- ^^^^^^^^^^^^^^^^^^^^^^^^^^^^^^^^^^^^^^^^^^^^^^^
    |        |
    |        field in this struct
    |
    = help: consider removing this field

warning: field `log` is never read
  --> crates/kasumi-raft/src/storage/snapshot_seed.rs:64:5
   |
51 | pub(crate) struct SnapshotSeed {
   |                   ------------ field in this struct
...
64 |     log: LogStore,
   |     ^^^

warning: methods `log` and `expected` are never used
   --> crates/kasumi-raft/src/storage/snapshot_seed.rs:398:19
    |
125 | impl SnapshotSeed {
    | ----------------- methods in this implementation
...
398 |     pub(crate) fn log(&self) -> &LogStore {
    |                   ^^^
...
401 |     pub(crate) fn expected(&self) -> &SnapshotMeta<u64, BasicNode> {
    |                   ^^^^^^^^

warning: constant `CLEANUP_ROWS` is never used
 --> crates/kasumi-raft/src/storage/publication_producer.rs:6:7
  |
6 | const CLEANUP_ROWS: usize = 1024;
  |       ^^^^^^^^^^^^

warning: constant `ALLOCATION_ALLOWANCE` is never used
 --> crates/kasumi-raft/src/storage/publication_producer.rs:7:7
  |
7 | const ALLOCATION_ALLOWANCE: u64 = 4096;
  |       ^^^^^^^^^^^^^^^^^^^^

warning: struct `CleanupWorkspace` is never constructed
 --> crates/kasumi-raft/src/storage/publication_producer.rs:9:8
  |
9 | struct CleanupWorkspace {
  |        ^^^^^^^^^^^^^^^^

warning: associated items `new`, `chunks`, and `marker` are never used
  --> crates/kasumi-raft/src/storage/publication_producer.rs:14:8
   |
13 | impl CleanupWorkspace {
   | --------------------- associated items in this implementation
14 |     fn new(store: &TenantStore, manifest: &SnapshotManifest) -> Result<Self> {
   |        ^^^
...
75 |     fn chunks(&mut self, start: u64, count: usize) -> Result<&[WriteOp]> {
   |        ^^^^^^
...
91 |     fn marker(&mut self) -> &[WriteOp] {
   |        ^^^^^^

warning: method `stage_native_final` is never used
   --> crates/kasumi-raft/src/storage/publication_producer.rs:105:19
    |
101 | impl PreparedSnapshotWrites {
    | --------------------------- method in this implementation
...
105 |     pub(crate) fn stage_native_final(
    |                   ^^^^^^^^^^^^^^^^^^

warning: function `stage_cleanup_from_final` is never used
   --> crates/kasumi-raft/src/storage/publication_producer.rs:134:4
    |
134 | fn stage_cleanup_from_final(
    |    ^^^^^^^^^^^^^^^^^^^^^^^^

   Compiling kasumi-engine v0.1.0 (/private/tmp/kasumi-source-cohort-validation-v1/crates/kasumi-engine)
warning: `kasumi-raft` (lib) generated 33 warnings
warning: methods `fixture_install_snapshot` and `prepared_snapshot_publication` are never used
   --> crates/kasumi-raft/src/custody_machine.rs:139:25
    |
135 | impl CustodyMachine {
    | ------------------- methods in this implementation
...
139 |     pub(crate) async fn fixture_install_snapshot(
    |                         ^^^^^^^^^^^^^^^^^^^^^^^^
...
235 |     pub(crate) fn prepared_snapshot_publication(
    |                   ^^^^^^^^^^^^^^^^^^^^^^^^^^^^^
    |
    = note: `#[warn(dead_code)]` (part of `#[warn(unused)]`) on by default

warning: field `executor` is never read
  --> crates/kasumi-raft/src/storage/snapshot_conflict.rs:84:9
   |
82 |     NotEntered {
   |     ---------- field in this variant
83 |         error: anyhow::Error,
84 |         executor: ConflictExecutor,
   |         ^^^^^^^^

warning: methods `interval` and `context` are never used
   --> crates/kasumi-raft/src/storage/snapshot_conflict.rs:397:19
    |
134 | impl PreparedSnapshotConflict {
    | ----------------------------- methods in this implementation
...
397 |     pub(crate) fn interval(&self) -> Option<ConflictInterval> {
    |                   ^^^^^^^^
...
400 |     pub(crate) fn context(&self) -> &SnapshotAcceptanceContext<u64> {
    |                   ^^^^^^^

warning: methods `prepare` and `prepare_kind` are never used
   --> crates/kasumi-engine/src/application_sources.rs:756:19
    |
648 | impl SourceRootsRef {
    | ------------------- methods in this implementation
...
756 |     pub(crate) fn prepare(&self) -> Result<RootPreparation> {
    |                   ^^^^^^^
...
795 |     fn prepare_kind(&self, canonical: bool) -> Result<RootPreparation> {
    |        ^^^^^^^^^^^^
    |
    = note: `#[warn(dead_code)]` (part of `#[warn(unused)]`) on by default

warning: `kasumi-raft` (lib test) generated 13 warnings (10 duplicates)
warning: `kasumi-engine` (lib) generated 1 warning
   Compiling kasumi-authority v0.1.0 (/private/tmp/kasumi-source-cohort-validation-v1/crates/kasumi-authority)
    Finished `test` profile [unoptimized + debuginfo] target(s) in 2m 47s
     Running unittests src/lib.rs (/Users/takemiyamakoto/dev/kasumi/target/disk-backed-cache/debug/deps/kasumi_authority-e63a7f831ec29de9)

running 0 tests

test result: ok. 0 passed; 0 failed; 0 ignored; 0 measured; 78 filtered out; finished in 0.00s

     Running unittests src/lib.rs (/Users/takemiyamakoto/dev/kasumi/target/disk-backed-cache/debug/deps/kasumi_engine-707e7a92ed2be845)

running 0 tests

test result: ok. 0 passed; 0 failed; 0 ignored; 0 measured; 683 filtered out; finished in 0.00s

     Running unittests src/lib.rs (/Users/takemiyamakoto/dev/kasumi/target/disk-backed-cache/debug/deps/kasumi_kv-221aa5373d25965b)

running 14 tests
test publication_inventory::tests::publication_inventory_borrows_exact_bytes_and_round_trips_without_allocation ... ok
test publication_inventory::tests::publication_inventory_distinguishes_tombstone_empty_value_order_and_changed_ciphertext ... ok
test publication_inventory::tests::publication_inventory_geometry_has_one_reusable_tail_slack_and_checked_native_bounds ... ok
test snapshot_pins::allocation_tests::publication_capture_refresh_includes_new_pins_without_allocating_or_admitting ... ok
test segment::publication::tests::streamed_publication_refuses_changed_preflight_without_native_effects ... ok
test segment::publication::tests::streamed_publication_canonical_commit_refuses_wrong_actual_location_count ... ok

thread 'segment::publication::tests::streamed_publication_effectful_source_failure_and_panic_retain_original_and_fence' (26614368) panicked at crates/kasumi-kv/src/segment_publication_tests.rs:88:17:
Box<dyn Any>
note: run with `RUST_BACKTRACE=1` environment variable to display a backtrace
test segment::publication::tests::streamed_publication_effectful_source_failure_and_panic_retain_original_and_fence ... ok
test segment::publication::tests::streamed_publication_uses_same_codec_and_reuses_actual_workspace_without_admission ... ok
test disk_state::tests::publication_failures::disabled_cache_skips_post_publication_proofs_and_warming ... ok
test publication_inventory::tests::publication_inventory_rejects_limits_and_overflow_before_mutating_prior_stream ... ok
test disk_state::tests::publication_failures::post_publication_warm_read_failure_fences_and_reopens_durable_version ... ok
test disk_state::tests::publication_failures::post_publication_locator_read_failure_fences_and_reopens_the_whole_new_generation ... ok
test disk_state::tests::publication_failures::post_publication_workspace_denial_uses_preadmitted_proofs_and_keeps_commit_successful ... ok
test segment::space::tests::publication_inventory_segment_geometry_covers_actual_commits_with_intervening_writes ... ok

test result: ok. 14 passed; 0 failed; 0 ignored; 0 measured; 551 filtered out; finished in 0.01s

     Running unittests src/lib.rs (/Users/takemiyamakoto/dev/kasumi/target/disk-backed-cache/debug/deps/kasumi_query-98098ded30f605b4)

running 0 tests

test result: ok. 0 passed; 0 failed; 0 ignored; 0 measured; 71 filtered out; finished in 0.00s

     Running unittests src/lib.rs (/Users/takemiyamakoto/dev/kasumi/target/disk-backed-cache/debug/deps/kasumi_raft-80f97d1b4f50c7fa)

running 8 tests
test storage::snapshot_conflict::tests::chunk_inventory_matches_set_oracle_and_never_crosses_protected_source ... ok
test storage::publication_producer::tests::selected_manifest_or_ambiguous_final_marker_cannot_authorize_cleanup ... ok
test storage::publication_producer::tests::exact_old_manifest_produces_bounded_chunks_then_marker ... ok
test storage::tests::snapshot_actor_tests::snapshot_actor_refuses_context_mismatch_then_retires_original_transfer ... ok
test storage::tests::snapshot_actor_tests::snapshot_actor_cancelled_prepare_rejoins_original_native_refusal ... ok
test storage::snapshot_conflict::tests::prepared_original_log_allows_higher_vote_and_pristine_retirement_changes_no_logs ... ok
test storage::snapshot_conflict::tests::successful_exact_conflict_execution_leaves_connected_prefix_before_snapshot_install ... ok
test storage::snapshot_conflict::tests::confirmed_chunks_update_original_span_and_uncertain_chunk_preserves_cursor_for_reopen ... ok

test result: ok. 8 passed; 0 failed; 0 ignored; 0 measured; 236 filtered out; finished in 0.13s

     Running unittests src/lib.rs (/Users/takemiyamakoto/dev/kasumi/target/disk-backed-cache/debug/deps/kasumi_store-6fd2a1f28b2df75c)

running 10 tests
test node_file::segment_group::transaction_tests::native_publication_backend_rejects_wrong_incarnation_and_generation_without_effects ... ok
test node_file::segment_group::transaction_tests::group_publication_original_owner_blocks_close_and_unknown_drop_requires_census ... ok
TestDiskMemory::reserve_installed denied: provider=0x1058886b0 requested_bytes=12544 charged_bytes=16664 bookkeeping_bytes=40096 used_bytes=53947577 next_used_bytes=53964241 max_bytes=268435456 live_reservations=64 max_reservations=64 attempts=65 error=Kind(OutOfMemory)
test node_file::segment_group::transaction_tests::group_publication_pristine_slice_returns_original_rights_for_retry ... ok
test node_file::segment_group::transaction_tests::native_publication_backend_translates_actual_geometry_and_uses_only_retained_grants ... ok
test node_file::segment_group::transaction_tests::group_publication_funded_slice_closes_real_cache_without_new_metadata_admission ... ok
test node_file::segment_group::transaction_tests::group_publication_parked_allowance_permits_real_native_commit_and_rejects_stale_root ... ok
test prepared_publication::tests::failed_consumer_keeps_original_and_cannot_replay_or_report_completion ... ok
test prepared_publication::tests::actual_key_rotation_is_detected_even_when_access_generation_is_unchanged ... ok
test prepared_publication::tests::repeated_same_batch_replay_has_no_new_allocation_or_provider_grant ... ok
test prepared_publication::tests::complete_pair_is_deduplicated_frozen_and_single_final_commit ... ok

test result: ok. 10 passed; 0 failed; 0 ignored; 0 measured; 737 filtered out; finished in 7.10s

Runner: 175.22s; exit=0; matching=1603/1603
