Command: cargo test -p kasumi-raft --all-features --lib --locked --offline --config profile.test.package.kasumi-kv.opt-level=3 --config profile.test.package.sha2.opt-level=3 -- --test-threads=1 application_source_ snapshot_buffer::tests:: startup_owner_tests::
CARGO_TARGET_DIR=target/disk-backed-cache
   Compiling kasumi-store v0.1.0 (/Users/takemiyamakoto/dev/kasumi/crates/kasumi-store)
   Compiling kasumi-raft v0.1.0 (/Users/takemiyamakoto/dev/kasumi/crates/kasumi-raft)
    Finished `test` profile [unoptimized + debuginfo] target(s) in 2m 12s
     Running unittests src/lib.rs (target/disk-backed-cache/debug/deps/kasumi_raft-322a2bc95e307dbb)

running 35 tests
test snapshot_buffer::application_source_custody_tests::application_source_binding_is_single_use_idle_and_before_acquisition ... ok
test snapshot_buffer::application_source_custody_tests::application_source_failed_claim_cannot_release_unclosed_idle_roots ... ok
test snapshot_buffer::application_source_custody_tests::application_source_failed_final_check_and_cancelled_cleanup_keep_unclaimed_group ... ok
test snapshot_buffer::application_source_custody_tests::application_source_failed_startup_waits_real_storage_lease_before_final_drain ... ok
test snapshot_buffer::application_source_custody_tests::application_source_final_check_precedes_group_delivery ... ok
test snapshot_buffer::application_source_custody_tests::application_source_idle_abandonment_and_cancelled_drain_keep_original_close ... ok
test snapshot_buffer::application_source_custody_tests::application_source_nonpositive_close_keeps_original_error_and_registry ... ok
test snapshot_buffer::application_source_custody_tests::application_source_panicked_final_check_and_cancelled_cleanup_keep_unclaimed_group ... ok
test snapshot_buffer::application_source_custody_tests::application_source_pending_retirement_blocks_buffer_and_group_release ... ok
test snapshot_buffer::application_source_custody_tests::application_source_retained_startup_never_seals_writer_preparation ... ok
test snapshot_buffer::application_source_custody_tests::application_source_shutdown_during_final_check_cannot_deliver_group ... ok
test snapshot_buffer::tests::abandoned_facade_and_cancelled_owner_drain_keep_actual_panic_and_charge ... ok
test snapshot_buffer::tests::cancelled_close_retains_the_actual_flush_child ... ok
test snapshot_buffer::tests::cancelled_write_and_shutdown_join_actual_child_before_freezing ... ok
test snapshot_buffer::tests::failed_startup_keeps_original_error_while_actual_child_drains ... ok
test snapshot_buffer::tests::original_io_failure_survives_io_bridge_and_repeated_typed_drain ... ok
test snapshot_buffer::tests::pending_child_holds_its_fixed_slot_until_actual_join ... ok
test snapshot_buffer::tests::pending_read_is_joined_by_shutdown_and_cancelled_read_keeps_unread_bytes ... ok
test snapshot_buffer::tests::unused_owner_releases_its_reservation_without_a_drain ... ok
test startup_owner_tests::actual_group_cleanup_poll_panic_keeps_group_outside_unwinding_generator ... ok
test startup_owner_tests::cancelled_local_initialization_drains_real_group_and_breaks_router_cycle ... ok
test startup_owner_tests::cancelled_startup_and_drain_keep_actual_child_panic_and_charge ... ok
test startup_owner_tests::cancelled_unclaimed_group_cleanup_keeps_same_actual_child ... ok
test startup_owner_tests::cleanup_retained_result_cannot_be_promoted_to_complete_or_release_custody ... ok
test startup_owner_tests::delivered_apply_failure_keeps_registry_and_fence_after_all_facades_drop ... ok
test startup_owner_tests::delivered_startup_is_not_closed_by_node_startup_census ... ok
test startup_owner_tests::direct_abandoned_opening_poll_panic_is_never_repolled_by_drain ... ok
test startup_owner_tests::direct_claim_poll_panic_keeps_original_payload_future_and_registry ... ok
test startup_owner_tests::direct_cleanup_poll_panic_keeps_original_payload_and_exact_cleanup_future ... ok
test startup_owner_tests::oversized_startup_is_rejected_before_polling_or_global_publication ... ok
test startup_owner_tests::panicked_core_closes_group_access_and_drains_complete_for_reopen ... ok
test startup_owner_tests::positive_delivered_shutdown_releases_existing_registry_root_and_fence ... ok
test startup_owner_tests::retained_cleanup_keeps_exact_group_after_shutdown_future_returns ... ok
test startup_owner_tests::startup_census_closes_delivery_before_waiting_for_active_caller ... ok
test startup_owner_tests::synchronous_enrollment_allows_census_before_the_claimant_is_polled ... ok

test result: ok. 35 passed; 0 failed; 0 ignored; 0 measured; 104 filtered out; finished in 4.83s

Runner: 137.50s; exit=0; matching=734/734
