Command: cargo test --locked --offline --config profile.test.package.kasumi-kv.opt-level=3 --config profile.test.package.sha2.opt-level=3 -p kasumi-kv -p kasumi-store -p kasumi-raft -p kasumi-engine --all-features --lib --no-fail-fast -- source_actor_slot source_capacity_actor_handoff source_capacity_real_actor_slot source_constructor_ --nocapture
ISOLATED_SOURCE=/tmp/kasumi-source-cohort-validation-v1
CARGO_TARGET_DIR=/Users/takemiyamakoto/dev/kasumi/target/disk-backed-cache
   Compiling kasumi-raft v0.1.0 (/private/tmp/kasumi-source-cohort-validation-v1/crates/kasumi-raft)
warning: associated items `required_bytes` and `lock_owned` are never used
  --> crates/kasumi-raft/src/storage/control_gate.rs:33:25
   |
27 | impl ControlGate {
   | ---------------- associated items in this implementation
...
33 |     pub(crate) const fn required_bytes() -> u64 {
   |                         ^^^^^^^^^^^^^^
...
64 |     pub(crate) fn lock_owned(self: &Arc<Self>) -> Result<OwnedControlGuard, Poisoned> {
   |                   ^^^^^^^^^^
   |
   = note: `#[warn(dead_code)]` (part of `#[warn(unused)]`) on by default

warning: struct `OwnedControlGuard` is never constructed
  --> crates/kasumi-raft/src/storage/control_gate.rs:92:19
   |
92 | pub(crate) struct OwnedControlGuard {
   |                   ^^^^^^^^^^^^^^^^^

warning: method `require_gate` is never used
  --> crates/kasumi-raft/src/storage/control_gate.rs:99:19
   |
96 | impl OwnedControlGuard {
   | ---------------------- method in this implementation
...
99 |     pub(crate) fn require_gate(&self, gate: &Arc<ControlGate>) -> anyhow::Result<()> {
   |                   ^^^^^^^^^^^^

   Compiling kasumi-engine v0.1.0 (/private/tmp/kasumi-source-cohort-validation-v1/crates/kasumi-engine)
warning: `kasumi-raft` (lib) generated 3 warnings
    Finished `test` profile [unoptimized + debuginfo] target(s) in 54.26s
     Running unittests src/lib.rs (/Users/takemiyamakoto/dev/kasumi/target/disk-backed-cache/debug/deps/kasumi_engine-44db468831cfc59f)

running 8 tests
test application_sources::tests::cohort_tests::source_actor_slot_empty_constructor_is_counted_until_clean_close ... ok
test application_sources::tests::cohort_tests::source_actor_slot_denial_retries_same_preallocated_failure_owner ... ok
test application_sources::tests::cohort_tests::source_actor_slot_original_funding_panic_is_retained_by_root_and_shutdown ... ok
test application_sources::tests::cohort_tests::source_actor_slot_seal_during_admission_preserves_preparation_and_cleanup_originals ... ok
test application_sources::tests::cohort_tests::source_constructor_adopts_actual_points_and_initial_seed_under_full_slot_refusal ... ok
test application_sources::tests::cohort_tests::source_actor_slot_retirement_callback_can_reenter_and_observe_counted_drain ... ok
test application_sources::tests::cohort_tests::source_constructor_preserves_exact_canonical_failure_and_actual_workspace ... ok
test application_sources::tests::cohort_tests::source_capacity_real_actor_slot_retains_root_until_append_and_flush_return ... ok

test result: ok. 8 passed; 0 failed; 0 ignored; 0 measured; 666 filtered out; finished in 2.69s

     Running unittests src/lib.rs (/Users/takemiyamakoto/dev/kasumi/target/disk-backed-cache/debug/deps/kasumi_kv-221aa5373d25965b)

running 0 tests

test result: ok. 0 passed; 0 failed; 0 ignored; 0 measured; 555 filtered out; finished in 0.00s

     Running unittests src/lib.rs (/Users/takemiyamakoto/dev/kasumi/target/disk-backed-cache/debug/deps/kasumi_raft-8af78bc0d2a8574c)

running 1 test
test application_source_capacity::tests::source_capacity_actor_handoff_keeps_one_allocation_and_actual_owner ... ok

test result: ok. 1 passed; 0 failed; 0 ignored; 0 measured; 200 filtered out; finished in 0.00s

     Running unittests src/lib.rs (/Users/takemiyamakoto/dev/kasumi/target/disk-backed-cache/debug/deps/kasumi_store-4ef75ebdc018c368)

running 0 tests

test result: ok. 0 passed; 0 failed; 0 ignored; 0 measured; 726 filtered out; finished in 0.00s

Runner: 57.05s; exit=0; matching=1567/1567
