Command: cargo test --locked --offline --config profile.test.package.kasumi-kv.opt-level=3 --config profile.test.package.sha2.opt-level=3 -p kasumi-kv -p kasumi-store -p kasumi-query -p kasumi-raft -p kasumi-engine -p kasumi-authority --all-features --lib --no-fail-fast -- publication_inventory_ native_publication_backend_ snapshot_actor_ storage::snapshot_conflict::tests group_publication prepared_publication::tests streamed_publication_ publication_capture_ disk_publication_failure_tests --nocapture
ISOLATED_SOURCE=/tmp/kasumi-source-cohort-validation-v1
CARGO_TARGET_DIR=/Users/takemiyamakoto/dev/kasumi/target/disk-backed-cache
   Compiling kasumi-kv v0.1.0 (/private/tmp/kasumi-source-cohort-validation-v1/crates/kasumi-kv)
   Compiling openraft v0.9.25 (/private/tmp/kasumi-source-cohort-validation-v1/vendor/openraft-0.9.25/openraft)
warning: unused import: `publication::StreamedBatchWorkspace`
    --> crates/kasumi-kv/src/segment.rs:4203:16
     |
4203 | pub(crate) use publication::StreamedBatchWorkspace;
     |                ^^^^^^^^^^^^^^^^^^^^^^^^^^^^^^^^^^^
     |
     = note: `#[warn(unused_imports)]` (part of `#[warn(unused)]`) on by default

warning: method `space_requirements` is never used
   --> crates/kasumi-kv/src/publication_inventory.rs:315:19
    |
270 | impl PublicationInventory {
    | ------------------------- method in this implementation
...
315 |     pub(crate) fn space_requirements(
    |                   ^^^^^^^^^^^^^^^^^^
    |
    = note: `#[warn(dead_code)]` (part of `#[warn(unused)]`) on by default

   Compiling kasumi-store v0.1.0 (/private/tmp/kasumi-source-cohort-validation-v1/crates/kasumi-store)
warning: method `publication_pages` is never used
  --> crates/kasumi-kv/src/arena_space.rs:95:19
   |
94 | impl DirectoryArenaBackend {
   | -------------------------- method in this implementation
95 |     pub(crate) fn publication_pages(&self) -> Result<u64, CoreError> {
   |                   ^^^^^^^^^^^^^^^^^
   |
   = note: `#[warn(dead_code)]` (part of `#[warn(unused)]`) on by default

warning: method `publication_capacity` is never used
   --> crates/kasumi-kv/src/segment_space.rs:291:19
    |
290 | impl SegmentWriter {
    | ------------------ method in this implementation
291 |     pub(crate) fn publication_capacity(&self) -> Result<u64, CoreError> {
    |                   ^^^^^^^^^^^^^^^^^^^^

warning: method `values` is never used
  --> crates/kasumi-kv/src/segment_publication.rs:39:19
   |
38 | impl StreamedBatchWorkspace {
   | --------------------------- method in this implementation
39 |     pub(crate) fn values(&self) -> &[Option<ValueLocation>] {
   |                   ^^^^^^

warning: method `last_sm_seq` is never used
  --> vendor/openraft-0.9.25/openraft/src/engine/engine_output.rs:35:19
   |
24 | / impl<C> EngineOutput<C>
25 | | where
26 | |     C: RaftTypeConfig,
   | |______________________- method in this implementation
...
35 |       pub(crate) fn last_sm_seq(&self) -> CommandSeq {
   |                     ^^^^^^^^^^^
   |
   = note: `#[warn(dead_code)]` (part of `#[warn(unused)]`) on by default

warning: method `accept_vote` is never used
  --> vendor/openraft-0.9.25/openraft/src/engine/handler/vote_handler/mod.rs:58:19
   |
45 | / impl<C> VoteHandler<'_, C>
46 | | where
47 | |     C: RaftTypeConfig,
   | |______________________- method in this implementation
...
58 |       pub(crate) fn accept_vote<T, E, F>(
   |                     ^^^^^^^^^^^

warning: `openraft` (lib) generated 2 warnings
warning: `kasumi-kv` (lib) generated 2 warnings (run `cargo fix --lib -p kasumi-kv` to apply 1 suggestion)
warning: `kasumi-kv` (lib test) generated 4 warnings (1 duplicate)
   Compiling kasumi-raft v0.1.0 (/private/tmp/kasumi-source-cohort-validation-v1/crates/kasumi-raft)
warning: field `0` is never read
  --> crates/kasumi-raft/src/owned_prepared_restore.rs:24:33
   |
24 | struct CandidateRetirementPanic(std::sync::Mutex<Box<dyn std::any::Any + Send>>);
   |        ------------------------ ^^^^^^^^^^^^^^^^^^^^^^^^^^^^^^^^^^^^^^^^^^^^^^^
   |        |
   |        field in this struct
   |
   = help: consider removing this field
   = note: `#[warn(dead_code)]` (part of `#[warn(unused)]`) on by default

warning: method `prepared_snapshot_publication` is never used
   --> crates/kasumi-raft/src/custody_machine.rs:235:19
    |
135 | impl CustodyMachine {
    | ------------------- method in this implementation
...
235 |     pub(crate) fn prepared_snapshot_publication(
    |                   ^^^^^^^^^^^^^^^^^^^^^^^^^^^^^

warning: field `0` is never read
   --> crates/kasumi-raft/src/custody_snapshot_preparation.rs:331:32
    |
331 | struct SnapshotRetirementPanic(std::sync::Mutex<Box<dyn std::any::Any + Send>>);
    |        ----------------------- ^^^^^^^^^^^^^^^^^^^^^^^^^^^^^^^^^^^^^^^^^^^^^^^
    |        |
    |        field in this struct
    |
    = help: consider removing this field

warning: associated function `new` is never used
  --> crates/kasumi-raft/src/snapshot_buffer/prepared_child.rs:84:8
   |
83 | impl PreparedChild {
   | ------------------ associated function in this implementation
84 |     fn new(body: PreparedSnapshotBody) -> Self {
   |        ^^^

warning: field `0` is never read
   --> crates/kasumi-raft/src/snapshot_buffer/prepared_child.rs:304:19
    |
304 | struct ChildPanic(Mutex<Box<dyn std::any::Any + Send>>);
    |        ---------- ^^^^^^^^^^^^^^^^^^^^^^^^^^^^^^^^^^^^
    |        |
    |        field in this struct
    |
    = help: consider removing this field

warning: methods `begin_prepared_body` and `cancel_body` are never used
   --> crates/kasumi-raft/src/snapshot_buffer/prepared_child.rs:403:19
    |
317 | impl SnapshotBuffer {
    | ------------------- methods in this implementation
...
403 |     pub(crate) fn begin_prepared_body(
    |                   ^^^^^^^^^^^^^^^^^^^
...
467 |     pub(crate) async fn cancel_body(&mut self) -> DrainResult {
    |                         ^^^^^^^^^^^

warning: method `prepare_engine_publication` is never used
    --> crates/kasumi-raft/src/storage.rs:1121:19
     |
1083 | impl PendingSnapshot {
     | -------------------- method in this implementation
...
1121 |     pub(crate) fn prepare_engine_publication<'backend>(
     |                   ^^^^^^^^^^^^^^^^^^^^^^^^^^

warning: enum `SnapshotPublicationPhase` is never used
    --> crates/kasumi-raft/src/storage.rs:1175:6
     |
1175 | enum SnapshotPublicationPhase {
     |      ^^^^^^^^^^^^^^^^^^^^^^^^

warning: struct `PreparedEngineSnapshotPublication` is never constructed
    --> crates/kasumi-raft/src/storage.rs:1181:19
     |
1181 | pub(crate) struct PreparedEngineSnapshotPublication<'backend> {
     |                   ^^^^^^^^^^^^^^^^^^^^^^^^^^^^^^^^^

warning: methods `source` and `publish` are never used
    --> crates/kasumi-raft/src/storage.rs:1191:19
     |
1190 | impl PreparedEngineSnapshotPublication<'_> {
     | ------------------------------------------ methods in this implementation
1191 |     pub(crate) fn source(&self) -> &crate::PreparedSnapshotSourceEnvelope {
     |                   ^^^^^^
...
1194 |     pub(crate) fn publish(&mut self, domains: &TenantStorageSet) -> Result<()> {
     |                   ^^^^^^^

warning: method `bind` is never used
  --> crates/kasumi-raft/src/storage/snapshot_conflict.rs:38:8
   |
37 | pub(crate) trait PreparedSnapshotConflictWrite: Send + 'static {
   |                  ----------------------------- method in this trait
38 |     fn bind(
   |        ^^^^

warning: struct `ExecutorAllocation` is never constructed
  --> crates/kasumi-raft/src/storage/snapshot_conflict.rs:60:19
   |
60 | pub(crate) struct ExecutorAllocation<E> {
   |                   ^^^^^^^^^^^^^^^^^^

warning: method `install` is never used
  --> crates/kasumi-raft/src/storage/snapshot_conflict.rs:66:19
   |
65 | impl<E: PreparedSnapshotConflictWrite> ExecutorAllocation<E> {
   | ------------------------------------------------------------ method in this implementation
66 |     pub(crate) fn install(self, value: E) -> ConflictExecutor {
   |                   ^^^^^^^

warning: field `provider` is never read
  --> crates/kasumi-raft/src/storage/snapshot_conflict.rs:76:5
   |
74 | pub(crate) struct ConflictExecutor {
   |                   ---------------- field in this struct
75 |     value: Box<dyn PreparedSnapshotConflictWrite>,
76 |     provider: Arc<dyn kasumi_store::NodeDiskMemoryAdmission>,
   |     ^^^^^^^^

warning: enum `ExecutorBindError` is never used
  --> crates/kasumi-raft/src/storage/snapshot_conflict.rs:80:17
   |
80 | pub(crate) enum ExecutorBindError {
   |                 ^^^^^^^^^^^^^^^^^

warning: variants `Inventory` and `Binding` are never constructed
   --> crates/kasumi-raft/src/storage/snapshot_conflict.rs:100:5
    |
 96 | enum Phase {
    |      ----- variants in this enum
...
100 |     Inventory,
    |     ^^^^^^^^^
101 |     Binding,
    |     ^^^^^^^
    |
    = note: `Phase` has derived impls for the traits `Debug` and `Clone`, but these are intentionally ignored during dead code analysis

warning: field `inventory_complete` is never read
   --> crates/kasumi-raft/src/storage/snapshot_conflict.rs:118:5
    |
107 | pub(crate) struct PreparedSnapshotConflict {
    |                   ------------------------ field in this struct
...
118 |     inventory_complete: bool,
    |     ^^^^^^^^^^^^^^^^^^

warning: methods `visit_inventory`, `prepare_executor_allocation`, `bind_executor`, `interval`, and `context` are never used
   --> crates/kasumi-raft/src/storage/snapshot_conflict.rs:243:19
    |
134 | impl PreparedSnapshotConflict {
    | ----------------------------- methods in this implementation
...
243 |     pub(crate) fn visit_inventory(
    |                   ^^^^^^^^^^^^^^^
...
276 |     pub(crate) fn prepare_executor_allocation<E: PreparedSnapshotConflictWrite>(
    |                   ^^^^^^^^^^^^^^^^^^^^^^^^^^^
...
297 |     pub(crate) fn bind_executor(
    |                   ^^^^^^^^^^^^^
...
397 |     pub(crate) fn interval(&self) -> Option<ConflictInterval> {
    |                   ^^^^^^^^
...
400 |     pub(crate) fn context(&self) -> &SnapshotAcceptanceContext<u64> {
    |                   ^^^^^^^

warning: method `source` is never used
   --> crates/kasumi-raft/src/storage/owned_snapshot_body.rs:306:19
    |
 57 | impl PreparedApplicationSnapshot {
    | -------------------------------- method in this implementation
...
306 |     pub(crate) fn source(&self) -> Option<&crate::PreparedSnapshotSourceEnvelope> {
    |                   ^^^^^^

warning: field `0` is never read
   --> crates/kasumi-raft/src/storage/owned_snapshot_body.rs:681:32
    |
681 | struct SnapshotRetirementPanic(std::sync::Mutex<Box<dyn std::any::Any + Send>>);
    |        ----------------------- ^^^^^^^^^^^^^^^^^^^^^^^^^^^^^^^^^^^^^^^^^^^^^^^
    |        |
    |        field in this struct
    |
    = help: consider removing this field

warning: field `log` is never read
  --> crates/kasumi-raft/src/storage/snapshot_seed.rs:64:5
   |
51 | pub(crate) struct SnapshotSeed {
   |                   ------------ field in this struct
...
64 |     log: LogStore,
   |     ^^^

warning: methods `log` and `expected` are never used
   --> crates/kasumi-raft/src/storage/snapshot_seed.rs:398:19
    |
125 | impl SnapshotSeed {
    | ----------------- methods in this implementation
...
398 |     pub(crate) fn log(&self) -> &LogStore {
    |                   ^^^
...
401 |     pub(crate) fn expected(&self) -> &SnapshotMeta<u64, BasicNode> {
    |                   ^^^^^^^^

   Compiling kasumi-engine v0.1.0 (/private/tmp/kasumi-source-cohort-validation-v1/crates/kasumi-engine)
warning: `kasumi-raft` (lib) generated 22 warnings
warning: methods `fixture_install_snapshot` and `prepared_snapshot_publication` are never used
   --> crates/kasumi-raft/src/custody_machine.rs:139:25
    |
135 | impl CustodyMachine {
    | ------------------- methods in this implementation
...
139 |     pub(crate) async fn fixture_install_snapshot(
    |                         ^^^^^^^^^^^^^^^^^^^^^^^^
...
235 |     pub(crate) fn prepared_snapshot_publication(
    |                   ^^^^^^^^^^^^^^^^^^^^^^^^^^^^^
    |
    = note: `#[warn(dead_code)]` (part of `#[warn(unused)]`) on by default

warning: methods `prepare` and `prepare_kind` are never used
   --> crates/kasumi-engine/src/application_sources.rs:756:19
    |
648 | impl SourceRootsRef {
    | ------------------- methods in this implementation
...
756 |     pub(crate) fn prepare(&self) -> Result<RootPreparation> {
    |                   ^^^^^^^
...
795 |     fn prepare_kind(&self, canonical: bool) -> Result<RootPreparation> {
    |        ^^^^^^^^^^^^
    |
    = note: `#[warn(dead_code)]` (part of `#[warn(unused)]`) on by default

warning: `kasumi-raft` (lib test) generated 13 warnings (12 duplicates)
warning: `kasumi-engine` (lib) generated 1 warning
   Compiling kasumi-authority v0.1.0 (/private/tmp/kasumi-source-cohort-validation-v1/crates/kasumi-authority)
    Finished `test` profile [unoptimized + debuginfo] target(s) in 4m 31s
     Running unittests src/lib.rs (/Users/takemiyamakoto/dev/kasumi/target/disk-backed-cache/debug/deps/kasumi_authority-e63a7f831ec29de9)

running 0 tests

test result: ok. 0 passed; 0 failed; 0 ignored; 0 measured; 78 filtered out; finished in 0.00s

     Running unittests src/lib.rs (/Users/takemiyamakoto/dev/kasumi/target/disk-backed-cache/debug/deps/kasumi_engine-707e7a92ed2be845)

running 0 tests

test result: ok. 0 passed; 0 failed; 0 ignored; 0 measured; 683 filtered out; finished in 0.00s

     Running unittests src/lib.rs (/Users/takemiyamakoto/dev/kasumi/target/disk-backed-cache/debug/deps/kasumi_kv-221aa5373d25965b)

running 9 tests
test publication_inventory::tests::publication_inventory_borrows_exact_bytes_and_round_trips_without_allocation ... ok
test publication_inventory::tests::publication_inventory_distinguishes_tombstone_empty_value_order_and_changed_ciphertext ... ok
test publication_inventory::tests::publication_inventory_geometry_has_one_reusable_tail_slack_and_checked_native_bounds ... ok
test snapshot_pins::allocation_tests::publication_capture_refresh_includes_new_pins_without_allocating_or_admitting ... ok
test segment::publication::tests::streamed_publication_refuses_changed_preflight_without_native_effects ... ok

thread 'segment::publication::tests::streamed_publication_effectful_source_failure_and_panic_retain_original_and_fence' (26500054) panicked at crates/kasumi-kv/src/segment_publication_tests.rs:88:17:
Box<dyn Any>
note: run with `RUST_BACKTRACE=1` environment variable to display a backtrace

thread 'segment::publication::tests::streamed_publication_uses_same_codec_and_reuses_actual_workspace_without_admission' (26500056) panicked at crates/kasumi-kv/src/segment_publication_tests.rs:134:39:
called `Result::unwrap()` on an `Err` value: Corrupt("batch commit record is invalid")
test segment::publication::tests::streamed_publication_effectful_source_failure_and_panic_retain_original_and_fence ... ok
test segment::publication::tests::streamed_publication_uses_same_codec_and_reuses_actual_workspace_without_admission ... FAILED
test segment::space::tests::publication_inventory_segment_geometry_covers_actual_commits_with_intervening_writes ... ok
test publication_inventory::tests::publication_inventory_rejects_limits_and_overflow_before_mutating_prior_stream ... ok

failures:

failures:
    segment::publication::tests::streamed_publication_uses_same_codec_and_reuses_actual_workspace_without_admission

test result: FAILED. 8 passed; 1 failed; 0 ignored; 0 measured; 555 filtered out; finished in 0.01s

error: test failed, to rerun pass `-p kasumi-kv --lib`
     Running unittests src/lib.rs (/Users/takemiyamakoto/dev/kasumi/target/disk-backed-cache/debug/deps/kasumi_query-98098ded30f605b4)

running 0 tests

test result: ok. 0 passed; 0 failed; 0 ignored; 0 measured; 71 filtered out; finished in 0.00s

     Running unittests src/lib.rs (/Users/takemiyamakoto/dev/kasumi/target/disk-backed-cache/debug/deps/kasumi_raft-80f97d1b4f50c7fa)

running 36 tests

thread 'tokio-rt-worker' (26500094) panicked at crates/kasumi-store/src/lib.rs:1149:14:
synthetic backend fixture has no installed physical disk
note: run with `RUST_BACKTRACE=1` environment variable to display a backtrace

thread 'tokio-rt-worker' (26500091) panicked at crates/kasumi-store/src/lib.rs:1149:14:
synthetic backend fixture has no installed physical disk

thread 'tokio-rt-worker' (26500095) panicked at crates/kasumi-store/src/lib.rs:1149:14:
synthetic backend fixture has no installed physical disk

thread 'tokio-rt-worker' (26500088) panicked at crates/kasumi-raft/src/storage/apply_publication_tests.rs:76:13:
Box<dyn Any>
test storage::snapshot_conflict::tests::group_ownership_tests::group_fence_keeps_store_identity_until_positive_release ... ok
Error: when Write Store: std::io::error::Error: Raft apply failed; original failure retained

Caused by:
    std::io::error::Error: Raft apply failed; original failure retained
test storage::snapshot_conflict::tests::apply_publication_tests::covered_replay_publishes_application_writes_without_rolling_custody_back ... FAILED
Error: when Write Store: std::io::error::Error: Raft apply failed; original failure retained

Caused by:
    std::io::error::Error: Raft apply failed; original failure retained
test storage::snapshot_conflict::tests::apply_publication_tests::failed_joint_commit_preserves_application_and_custody_after_crash ... FAILED
Error: when Write Store: std::io::error::Error: Raft apply failed; original failure retained

Caused by:
    std::io::error::Error: Raft apply failed; original failure retained
test storage::snapshot_conflict::tests::apply_publication_tests::metadata_application_write_and_cursor_publish_together ... FAILED
test storage::snapshot_conflict::tests::apply_publication_tests::canceled_apply_retains_callback_error_and_send_only_panic_after_actual_drain ... ok

thread 'tokio-rt-worker' (26500092) panicked at crates/kasumi-store/src/lib.rs:1149:14:
synthetic backend fixture has no installed physical disk

thread 'storage::snapshot_conflict::tests::apply_publication_tests::swallowed_missing_repeated_and_metadata_refusal_never_advance_resident_state' (26500066) panicked at crates/kasumi-raft/src/storage/apply_publication_tests.rs:280:9:
assertion `left == right` failed
  left: None
 right: Some(LogId { leader_id: LeaderId { term: 1, node_id: 1 }, index: 1 })
test storage::snapshot_conflict::tests::apply_publication_tests::swallowed_missing_repeated_and_metadata_refusal_never_advance_resident_state ... FAILED

thread 'storage::snapshot_conflict::tests::snapshot_custody_tests::equal_index_different_term_log_and_snapshot_coverage_is_rejected' (26500103) panicked at crates/kasumi-store/src/lib.rs:1149:14:
synthetic backend fixture has no installed physical disk

thread 'tokio-rt-worker' (26500108) panicked at crates/kasumi-store/src/lib.rs:1149:14:
synthetic backend fixture has no installed physical disk

thread 'storage::snapshot_conflict::tests::snapshot_custody_tests::accepted_snapshot_supersedes_uncommitted_candidate_and_survives_late_truncation' (26500102) panicked at crates/kasumi-store/src/lib.rs:1149:14:
synthetic backend fixture has no installed physical disk
test storage::snapshot_conflict::tests::snapshot_custody_tests::equal_index_different_term_log_and_snapshot_coverage_is_rejected ... FAILED
Error: when Write Store: std::io::error::Error: Raft apply failed; original failure retained

Caused by:
    std::io::error::Error: Raft apply failed; original failure retained
test storage::snapshot_conflict::tests::snapshot_custody_tests::old_snapshot_capture_cannot_regress_newer_accepted_cursor ... FAILED
test storage::snapshot_conflict::tests::snapshot_custody_tests::accepted_snapshot_supersedes_uncommitted_candidate_and_survives_late_truncation ... FAILED

thread 'storage::snapshot_conflict::tests::snapshot_custody_tests::published_retirement_projection_substitution_fails_closed_after_reopen' (26500110) panicked at crates/kasumi-store/src/lib.rs:1149:14:
synthetic backend fixture has no installed physical disk
test storage::snapshot_conflict::tests::snapshot_custody_tests::published_retirement_projection_substitution_fails_closed_after_reopen ... FAILED

thread 'storage::snapshot_conflict::tests::snapshot_custody_tests::retired_snapshot_installs_without_original_log_and_recovers_with_only_custody_key' (26500113) panicked at crates/kasumi-store/src/lib.rs:1149:14:
synthetic backend fixture has no installed physical disk
test storage::snapshot_conflict::tests::snapshot_custody_tests::retired_snapshot_installs_without_original_log_and_recovers_with_only_custody_key ... FAILED

thread 'storage::snapshot_conflict::tests::snapshot_custody_tests::retirement_projection_writer_and_reader_share_the_two_megabyte_boundary' (26500115) panicked at crates/kasumi-store/src/lib.rs:1149:14:
synthetic backend fixture has no installed physical disk

thread 'storage::snapshot_conflict::tests::snapshot_custody_tests::retired_snapshot_power_loss_never_tears_image_seed_boundary_or_applied_cursor' (26500114) panicked at crates/kasumi-store/src/lib.rs:1149:14:
synthetic backend fixture has no installed physical disk

thread 'storage::snapshot_conflict::tests::snapshot_custody_tests::same_position_cannot_substitute_matching_backend_and_custody_policy' (26500118) panicked at crates/kasumi-store/src/lib.rs:1149:14:
synthetic backend fixture has no installed physical disk
test storage::snapshot_conflict::tests::snapshot_actor_tests::snapshot_actor_cancelled_prepare_rejoins_original_native_refusal ... ok

thread 'storage::snapshot_conflict::tests::snapshot_custody_tests::same_position_reencoding_preserves_custody_and_reuses_verified_current_image' (26500124) panicked at crates/kasumi-store/src/lib.rs:1149:14:
synthetic backend fixture has no installed physical disk
test storage::snapshot_conflict::tests::snapshot_custody_tests::retirement_projection_writer_and_reader_share_the_two_megabyte_boundary ... FAILED
test storage::snapshot_conflict::tests::snapshot_custody_tests::retired_snapshot_power_loss_never_tears_image_seed_boundary_or_applied_cursor ... FAILED
test storage::snapshot_conflict::tests::snapshot_actor_tests::snapshot_actor_refuses_context_mismatch_then_retires_original_transfer ... ok
test storage::snapshot_conflict::tests::snapshot_custody_tests::same_position_reencoding_preserves_custody_and_reuses_verified_current_image ... FAILED
test storage::snapshot_conflict::tests::snapshot_custody_tests::same_position_cannot_substitute_matching_backend_and_custody_policy ... FAILED
test storage::snapshot_conflict::tests::applied_metadata_does_not_block_runtime_while_snapshot_capture_holds_state_lock ... ok

thread 'storage::snapshot_conflict::tests::snapshot_custody_tests::snapshot_rejects_missing_substituted_stale_and_payload_custody_before_publication' (26500126) panicked at crates/kasumi-store/src/lib.rs:1149:14:
synthetic backend fixture has no installed physical disk
test storage::snapshot_conflict::tests::snapshot_custody_tests::snapshot_rejects_missing_substituted_stale_and_payload_custody_before_publication ... FAILED
test storage::snapshot_conflict::tests::snapshot_custody_tests::nonretired_snapshot_discards_stale_candidate_coverage_without_retirement_projection ... ok
test storage::snapshot_conflict::tests::snapshot_materialization_releases_applied_lock_and_keeps_captured_root ... ok
test storage::tests::snapshot_actor_tests::snapshot_actor_cancelled_prepare_rejoins_original_native_refusal ... ok
test storage::tests::snapshot_actor_tests::snapshot_actor_refuses_context_mismatch_then_retires_original_transfer ... ok

thread 'tokio-rt-worker' (26500152) panicked at crates/kasumi-raft/src/storage/worker_failure_tests.rs:50:9:
injected post-publication backend panic
test storage::snapshot_conflict::tests::invalid_backend_snapshot_never_replaces_durable_recoverable_state ... ok
test storage::snapshot_conflict::tests::worker_failure_tests::cancelled_snapshot_waiter_cannot_hide_failure_after_durable_publication ... ok
test storage::snapshot_conflict::tests::worker_failure_tests::cancelled_snapshot_waiter_cannot_hide_panic_after_durable_publication ... ok
test storage::snapshot_conflict::tests::first_membership_snapshot_install_reopen_and_substitution_are_bound ... ok
test storage::snapshot_conflict::tests::raft_open_rejects_missing_initial_identity_without_publishing_it ... ok
test storage::snapshot_conflict::tests::cancelled_log_future_retains_drain_lease_until_blocking_persistence_finishes ... ok
test storage::snapshot_conflict::tests::joint_publication_tests::cancelled_joint_table_publication_seals_and_reopens_exact_committed_prefix ... ok
test storage::snapshot_conflict::tests::snapshot_storage_metadata_requires_current_writer_bytes_and_v4_id ... ok
test storage::snapshot_conflict::tests::coverage_writer_refuses_one_byte_past_reader_limit_before_staging ... ok
test storage::snapshot_conflict::tests::eight_mib_command_uses_compact_log_record_and_replays_after_reopen ... ok
test storage::snapshot_conflict::tests::snapshot_install_power_loss_at_every_storage_operation_keeps_whole_old_or_new_snapshot ... ok
test storage::snapshot_conflict::tests::joint_publication_tests::joint_immutable_table_snapshot_power_loss_selects_complete_old_or_new_prefix ... ok
test storage::snapshot_conflict::tests::snapshots_larger_than_store_record_limit_are_chunked_and_recovered has been running for over 60 seconds
test storage::snapshot_conflict::tests::snapshots_larger_than_store_record_limit_are_chunked_and_recovered ... ok

failures:

failures:
    storage::snapshot_conflict::tests::apply_publication_tests::covered_replay_publishes_application_writes_without_rolling_custody_back
    storage::snapshot_conflict::tests::apply_publication_tests::failed_joint_commit_preserves_application_and_custody_after_crash
    storage::snapshot_conflict::tests::apply_publication_tests::metadata_application_write_and_cursor_publish_together
    storage::snapshot_conflict::tests::apply_publication_tests::swallowed_missing_repeated_and_metadata_refusal_never_advance_resident_state
    storage::snapshot_conflict::tests::snapshot_custody_tests::accepted_snapshot_supersedes_uncommitted_candidate_and_survives_late_truncation
    storage::snapshot_conflict::tests::snapshot_custody_tests::equal_index_different_term_log_and_snapshot_coverage_is_rejected
    storage::snapshot_conflict::tests::snapshot_custody_tests::old_snapshot_capture_cannot_regress_newer_accepted_cursor
    storage::snapshot_conflict::tests::snapshot_custody_tests::published_retirement_projection_substitution_fails_closed_after_reopen
    storage::snapshot_conflict::tests::snapshot_custody_tests::retired_snapshot_installs_without_original_log_and_recovers_with_only_custody_key
    storage::snapshot_conflict::tests::snapshot_custody_tests::retired_snapshot_power_loss_never_tears_image_seed_boundary_or_applied_cursor
    storage::snapshot_conflict::tests::snapshot_custody_tests::retirement_projection_writer_and_reader_share_the_two_megabyte_boundary
    storage::snapshot_conflict::tests::snapshot_custody_tests::same_position_cannot_substitute_matching_backend_and_custody_policy
    storage::snapshot_conflict::tests::snapshot_custody_tests::same_position_reencoding_preserves_custody_and_reuses_verified_current_image
    storage::snapshot_conflict::tests::snapshot_custody_tests::snapshot_rejects_missing_substituted_stale_and_payload_custody_before_publication

test result: FAILED. 22 passed; 14 failed; 0 ignored; 0 measured; 236 filtered out; finished in 120.09s

error: test failed, to rerun pass `-p kasumi-raft --lib`
     Running unittests src/lib.rs (/Users/takemiyamakoto/dev/kasumi/target/disk-backed-cache/debug/deps/kasumi_store-6fd2a1f28b2df75c)

running 10 tests
test node_file::segment_group::transaction_tests::group_publication_pristine_slice_returns_original_rights_for_retry ... ok
test node_file::segment_group::transaction_tests::native_publication_backend_rejects_wrong_incarnation_and_generation_without_effects ... ok
test node_file::segment_group::transaction_tests::group_publication_original_owner_blocks_close_and_unknown_drop_requires_census ... ok
TestDiskMemory::reserve_installed denied: provider=0x108ed4300 requested_bytes=12544 charged_bytes=16664 bookkeeping_bytes=40096 used_bytes=53947577 next_used_bytes=53964241 max_bytes=268435456 live_reservations=64 max_reservations=64 attempts=65 error=Kind(OutOfMemory)
test node_file::segment_group::transaction_tests::native_publication_backend_translates_actual_geometry_and_uses_only_retained_grants ... ok
test node_file::segment_group::transaction_tests::group_publication_funded_slice_closes_real_cache_without_new_metadata_admission ... ok
test node_file::segment_group::transaction_tests::group_publication_parked_allowance_permits_real_native_commit_and_rejects_stale_root ... ok
test prepared_publication::tests::failed_consumer_keeps_original_and_cannot_replay_or_report_completion ... ok
test prepared_publication::tests::actual_key_rotation_is_detected_even_when_access_generation_is_unchanged ... ok
test prepared_publication::tests::repeated_same_batch_replay_has_no_new_allocation_or_provider_grant ... ok
test prepared_publication::tests::complete_pair_is_deduplicated_frozen_and_single_final_commit ... ok

test result: ok. 10 passed; 0 failed; 0 ignored; 0 measured; 737 filtered out; finished in 5.32s

error: 2 targets failed:
    `-p kasumi-kv --lib`
    `-p kasumi-raft --lib`
Runner: 396.59s; exit=101; matching=1602/1602
