Command: cargo test --locked --offline --config profile.test.package.kasumi-kv.opt-level=3 --config profile.test.package.sha2.opt-level=3 -p kasumi-kv -p kasumi-store -p kasumi-raft -p kasumi-engine --all-features --lib --no-fail-fast -- prepared_ selected_application control::tests initialization_association::tests custody_tables::tests snapshot_custody::tests ordinary_completion point_retirement incoming_actual installed_scan scratch_claim restored_identity_metadata --nocapture
CARGO_TARGET_DIR=target/disk-backed-cache
   Compiling kasumi-kv v0.1.0 (/Users/takemiyamakoto/dev/kasumi/crates/kasumi-kv)
   Compiling kasumi-store v0.1.0 (/Users/takemiyamakoto/dev/kasumi/crates/kasumi-store)
   Compiling kasumi-raft v0.1.0 (/Users/takemiyamakoto/dev/kasumi/crates/kasumi-raft)
   Compiling kasumi-engine v0.1.0 (/Users/takemiyamakoto/dev/kasumi/crates/kasumi-engine)
    Finished `test` profile [unoptimized + debuginfo] target(s) in 56.14s
     Running unittests src/lib.rs (target/disk-backed-cache/debug/deps/kasumi_engine-44db468831cfc59f)

running 24 tests
test admission::source_publication::tests::native_source_prepared_rights_block_actual_opening_close_before_capture ... ok
test admission::source_publication::registered_tests::registered_source_no_facade_close_recovers_actual_pool_and_both_prepared_readers ... ok
test application_sources::tests::completion_tests::ordinary_completion_drain_registers_before_busy_and_wakes_after_real_guard_release ... ok
test application_sources::tests::allocation_tails::completion_allocations::ordinary_completion_constructor_quote_covers_actual_three_allocations ... ok
test application_sources::tests::point_retirement_tests::incoming_tests::incoming_actual_duplicate_preserves_panic_and_cancels_original_queue ... ok
test application_sources::tests::point_retirement_tests::incoming_tests::incoming_actual_points_clean_retirement_resumes_the_exact_original_unwind ... ok
test application_sources::tests::completion_tests::ordinary_completion_bound_frozen_branch_keeps_source_without_new_preparation ... ok

thread 'application_sources::tests::completion_tests::ordinary_completion_capture_wake_unwind_retires_the_actual_counted_handle' (22200611) panicked at crates/kasumi-engine/src/application_source_completion_tests.rs:920:9:
Box<dyn Any>
note: run with `RUST_BACKTRACE=1` environment variable to display a backtrace

thread 'application_sources::tests::completion_tests::ordinary_completion_outer_finish_panic_retains_original_response_after_facade_seal' (22200615) panicked at crates/kasumi-engine/src/application_source_completion_tests.rs:263:9:
Box<dyn Any>
test application_sources::tests::completion_tests::ordinary_completion_outer_finish_panic_retains_original_response_after_facade_seal ... ok
test target_completion_machine::tests::only_an_expired_exact_prepared_attempt_can_be_sealed ... ok
test application_sources::tests::completion_tests::ordinary_completion_is_last_selected_owner_through_real_outer_finish ... ok
test application_sources::tests::point_retirement_tests::selected_sources_actual_point_drop_panic_preserves_capture_error_and_separate_payload ... ok
test application_sources::tests::allocation_tails::completion_allocations::ordinary_completion_erased_binding_retires_before_its_actual_credit ... ok
test application_sources::tests::point_retirement_tests::selected_sources_actual_point_drop_panic_still_cancels_queued_reader ... ok
TestDiskMemory::reserve_installed denied: provider=0x7cc86bc010 requested_bytes=12544 charged_bytes=16664 bookkeeping_bytes=24184 used_bytes=4887300 next_used_bytes=4903964 max_bytes=67108864 live_reservations=32 max_reservations=32 attempts=452 error=Kind(OutOfMemory)

thread 'state::restore_budget_tests::restored_identity_metadata_is_validated_before_bootstrap_persistence' (22201035) panicked at crates/kasumi-engine/src/state.rs:3393:42:
called `Result::unwrap()` on an `Err` value: Error { code: Corruption, message: "invalid tenant snapshot" }
test state::restore_budget_tests::restored_identity_metadata_is_validated_before_bootstrap_persistence ... FAILED
test application_sources::tests::completion_tests::ordinary_completion_reuses_only_after_real_accept_reject_and_idempotent_finish ... ok
test application_sources::tests::completion_tests::ordinary_completion_cancelled_real_group_waiter_keeps_queued_source_and_original ... ok
test staged_terminal::tests::scan_tests::installed_scan_uses_one_snapshot_two_reads_per_row_and_settles_before_final_yield ... ok
test application_sources::tests::point_retirement_tests::incoming_tests::incoming_actual_points_retain_exact_error_or_panic_and_remain_unknown_in_cell ... ok
test state::validation_baseline_tests::validation_baseline_real_prepared_restore_holds_one_checked_apply_owner ... ok

thread 'application_sources::tests::completion_tests::ordinary_completion_capture_wake_unwind_retires_the_actual_counted_handle' (22200611) panicked at crates/kasumi-engine/src/application_source_completion_tests.rs:920:9:
Box<dyn Any>

thread 'application_sources::tests::completion_tests::ordinary_completion_capture_wake_unwind_retires_the_actual_counted_handle' (22200611) panicked at crates/kasumi-engine/src/application_source_completion_tests.rs:932:9:
Box<dyn Any>
stack backtrace:
test application_sources::tests::allocation_tails::completion_allocations::ordinary_completion_cell_and_credit_remain_funded_through_actual_deallocation ... ok
   0:        0x1064d0630 - std[7648081134ee26d8]::backtrace_rs::backtrace::libunwind::trace
                               at /rustc/8bab26f4f68e0e26f0bb7960be334d5b520ea452/library/std/src/../../backtrace/src/backtrace/libunwind.rs:117:9
   1:        0x1064d0630 - std[7648081134ee26d8]::backtrace_rs::backtrace::trace_unsynchronized::<std[7648081134ee26d8]::sys::backtrace::_print_fmt::{closure#1}>
                               at /rustc/8bab26f4f68e0e26f0bb7960be334d5b520ea452/library/std/src/../../backtrace/src/backtrace/mod.rs:66:14
   2:        0x1064d0630 - std[7648081134ee26d8]::sys::backtrace::_print_fmt
                               at /rustc/8bab26f4f68e0e26f0bb7960be334d5b520ea452/library/std/src/sys/backtrace.rs:74:9
   3:        0x1064d0630 - <<std[7648081134ee26d8]::sys::backtrace::BacktraceLock>::print::DisplayBacktrace as core[318a34b566a36fe]::fmt::Display>::fmt
                               at /rustc/8bab26f4f68e0e26f0bb7960be334d5b520ea452/library/std/src/sys/backtrace.rs:44:26
   4:        0x1064e70f8 - <core[318a34b566a36fe]::fmt::rt::Argument>::fmt
                               at /rustc/8bab26f4f68e0e26f0bb7960be334d5b520ea452/library/core/src/fmt/rt.rs:152:76
   5:        0x1064e70f8 - core[318a34b566a36fe]::fmt::write
                               at /rustc/8bab26f4f68e0e26f0bb7960be334d5b520ea452/library/core/src/fmt/mod.rs:1687:22
   6:        0x1064d64b0 - std[7648081134ee26d8]::io::default_write_fmt::<std[7648081134ee26d8]::sys::stdio::unix::Stderr>
                               at /rustc/8bab26f4f68e0e26f0bb7960be334d5b520ea452/library/std/src/io/mod.rs:622:11
   7:        0x1064d64b0 - <std[7648081134ee26d8]::sys::stdio::unix::Stderr as std[7648081134ee26d8]::io::Write>::write_fmt
                               at /rustc/8bab26f4f68e0e26f0bb7960be334d5b520ea452/library/std/src/io/mod.rs:1977:13
   8:        0x1064b4d80 - <std[7648081134ee26d8]::sys::backtrace::BacktraceLock>::print
                               at /rustc/8bab26f4f68e0e26f0bb7960be334d5b520ea452/library/std/src/sys/backtrace.rs:47:25
   9:        0x1064b4d80 - std[7648081134ee26d8]::panicking::default_hook::{closure#0}
                               at /rustc/8bab26f4f68e0e26f0bb7960be334d5b520ea452/library/std/src/panicking.rs:292:27
  10:        0x1064c8bdc - std[7648081134ee26d8]::panicking::default_hook
                               at /rustc/8bab26f4f68e0e26f0bb7960be334d5b520ea452/library/std/src/panicking.rs:319:9
  11:        0x1064c8f04 - std[7648081134ee26d8]::panicking::panic_with_hook
                               at /rustc/8bab26f4f68e0e26f0bb7960be334d5b520ea452/library/std/src/panicking.rs:825:13
  12:        0x102a45b94 - std[7648081134ee26d8]::panicking::begin_panic::<alloc[fd24334a81e9fcd2]::sync::Arc<kasumi_engine[ad032a02fa0a5487]::application_sources::tests::completion_tests::CompletionWakeOriginal>>::{closure#0}
                               at /rustc/8bab26f4f68e0e26f0bb7960be334d5b520ea452/library/std/src/panicking.rs:762:9
  13:        0x102c2fac0 - std[7648081134ee26d8]::sys::backtrace::__rust_end_short_backtrace::<std[7648081134ee26d8]::panicking::begin_panic<alloc[fd24334a81e9fcd2]::sync::Arc<kasumi_engine[ad032a02fa0a5487]::application_sources::tests::completion_tests::CompletionWakeOriginal>>::{closure#0}, !>
                               at /rustc/8bab26f4f68e0e26f0bb7960be334d5b520ea452/library/std/src/sys/backtrace.rs:182:18
  14:        0x1064f2f58 - std[7648081134ee26d8]::panicking::begin_panic::<alloc[fd24334a81e9fcd2]::sync::Arc<kasumi_engine[ad032a02fa0a5487]::application_sources::tests::completion_tests::CompletionWakeOriginal>>
                               at /rustc/8bab26f4f68e0e26f0bb7960be334d5b520ea452/library/std/src/panicking.rs:761:5
  15:        0x103a54ab4 - std[7648081134ee26d8]::panic::panic_any::<alloc[fd24334a81e9fcd2]::sync::Arc<kasumi_engine[ad032a02fa0a5487]::application_sources::tests::completion_tests::CompletionWakeOriginal>>
                               at /rustc/8bab26f4f68e0e26f0bb7960be334d5b520ea452/library/std/src/panic.rs:260:5
  16:        0x10348f85c - <kasumi_engine[ad032a02fa0a5487]::application_sources::tests::completion_tests::CompletionUnwindWake as alloc[fd24334a81e9fcd2]::task::Wake>::wake
                               at /Users/takemiyamakoto/dev/kasumi/crates/kasumi-engine/src/application_source_completion_tests.rs:932:9
  17:        0x102df72f4 - alloc[fd24334a81e9fcd2]::task::raw_waker::wake::<kasumi_engine[ad032a02fa0a5487]::application_sources::tests::completion_tests::CompletionUnwindWake>
                               at /rustc/8bab26f4f68e0e26f0bb7960be334d5b520ea452/library/alloc/src/task.rs:198:9
  18:        0x1041620bc - <core[318a34b566a36fe]::task::wake::Waker>::wake
                               at /rustc/8bab26f4f68e0e26f0bb7960be334d5b520ea452/library/core/src/task/wake.rs:448:18
  19:        0x102a9e1e4 - <kasumi_engine[ad032a02fa0a5487]::application_sources::completion::OrdinarySourceCompletion>::wake::{closure#1}
                               at /Users/takemiyamakoto/dev/kasumi/crates/kasumi-engine/src/application_source_completion.rs:166:79
  20:        0x102beff28 - <core[318a34b566a36fe]::panic::unwind_safe::AssertUnwindSafe<<kasumi_engine[ad032a02fa0a5487]::application_sources::completion::OrdinarySourceCompletion>::wake::{closure#1}> as core[318a34b566a36fe]::ops::function::FnOnce<()>>::call_once
                               at /rustc/8bab26f4f68e0e26f0bb7960be334d5b520ea452/library/core/src/panic/unwind_safe.rs:275:9
  21:        0x102a0c1a4 - std[7648081134ee26d8]::panicking::catch_unwind::do_call::<core[318a34b566a36fe]::panic::unwind_safe::AssertUnwindSafe<<kasumi_engine[ad032a02fa0a5487]::application_sources::completion::OrdinarySourceCompletion>::wake::{closure#1}>, ()>
                               at /rustc/8bab26f4f68e0e26f0bb7960be334d5b520ea452/library/std/src/panicking.rs:581:40
  22:        0x103a54b44 - ___rust_try
  23:        0x103a53578 - std[7648081134ee26d8]::panicking::catch_unwind::<(), core[318a34b566a36fe]::panic::unwind_safe::AssertUnwindSafe<<kasumi_engine[ad032a02fa0a5487]::application_sources::completion::OrdinarySourceCompletion>::wake::{closure#1}>>
                               at /rustc/8bab26f4f68e0e26f0bb7960be334d5b520ea452/library/std/src/panicking.rs:544:19
  24:        0x103a53578 - std[7648081134ee26d8]::panic::catch_unwind::<core[318a34b566a36fe]::panic::unwind_safe::AssertUnwindSafe<<kasumi_engine[ad032a02fa0a5487]::application_sources::completion::OrdinarySourceCompletion>::wake::{closure#1}>, ()>
                               at /rustc/8bab26f4f68e0e26f0bb7960be334d5b520ea452/library/std/src/panic.rs:359:14
  25:        0x1042f40d8 - <kasumi_engine[ad032a02fa0a5487]::application_sources::completion::OrdinarySourceCompletion>::wake
                               at /Users/takemiyamakoto/dev/kasumi/crates/kasumi-engine/src/application_source_completion.rs:166:17
  26:        0x10461c154 - <kasumi_engine[ad032a02fa0a5487]::application_sources::completion::Guard as core[318a34b566a36fe]::ops::drop::Drop>::drop
                               at /Users/takemiyamakoto/dev/kasumi/crates/kasumi-engine/src/application_source_completion.rs:70:20
  27:        0x1045fb2f4 - core[318a34b566a36fe]::ptr::drop_glue::<kasumi_engine[ad032a02fa0a5487]::application_sources::completion::Guard>
                               at /rustc/8bab26f4f68e0e26f0bb7960be334d5b520ea452/library/core/src/ptr/mod.rs:825:1
  28:        0x1045fb168 - core[318a34b566a36fe]::ptr::drop_glue::<kasumi_engine[ad032a02fa0a5487]::application_sources::completion::CompletionLoan>
                               at /rustc/8bab26f4f68e0e26f0bb7960be334d5b520ea452/library/core/src/ptr/mod.rs:825:1
  29:        0x103015234 - <kasumi_engine[ad032a02fa0a5487]::state::ordered_command::OrdinaryAction as kasumi_raft[9001a0f49508a2f8]::apply_completion::CompletionAction>::run
                               at /Users/takemiyamakoto/dev/kasumi/crates/kasumi-engine/src/ordered_command.rs:275:5
  30:        0x104daa56c - <kasumi_raft[9001a0f49508a2f8]::apply_publication::ApplyPublication as kasumi_raft[9001a0f49508a2f8]::apply_publication::ApplyPublisher>::with_completion::{closure#0}
                               at /Users/takemiyamakoto/dev/kasumi/crates/kasumi-raft/src/apply_publication.rs:390:20
  31:        0x104ddb724 - <<kasumi_raft[9001a0f49508a2f8]::apply_publication::ApplyPublication as kasumi_raft[9001a0f49508a2f8]::apply_publication::ApplyPublisher>::with_completion::{closure#0} as core[318a34b566a36fe]::ops::function::FnOnce<()>>::call_once
                               at /rustc/8bab26f4f68e0e26f0bb7960be334d5b520ea452/library/core/src/ops/function.rs:250:5
  32:        0x104cd2200 - <core[318a34b566a36fe]::panic::unwind_safe::AssertUnwindSafe<<kasumi_raft[9001a0f49508a2f8]::apply_publication::ApplyPublication as kasumi_raft[9001a0f49508a2f8]::apply_publication::ApplyPublisher>::with_completion::{closure#0}> as core[318a34b566a36fe]::ops::function::FnOnce<()>>::call_once
                               at /rustc/8bab26f4f68e0e26f0bb7960be334d5b520ea452/library/core/src/panic/unwind_safe.rs:275:9
  33:        0x104c30678 - std[7648081134ee26d8]::panicking::catch_unwind::do_call::<core[318a34b566a36fe]::panic::unwind_safe::AssertUnwindSafe<<kasumi_raft[9001a0f49508a2f8]::apply_publication::ApplyPublication as kasumi_raft[9001a0f49508a2f8]::apply_publication::ApplyPublisher>::with_completion::{closure#0}>, core[318a34b566a36fe]::result::Result<(), anyhow[ec8a847c544a36f6]::Error>>
                               at /rustc/8bab26f4f68e0e26f0bb7960be334d5b520ea452/library/std/src/panicking.rs:581:40
  34:        0x104b419f8 - ___rust_try
  35:        0x104b41978 - std[7648081134ee26d8]::panicking::catch_unwind::<core[318a34b566a36fe]::result::Result<(), anyhow[ec8a847c544a36f6]::Error>, core[318a34b566a36fe]::panic::unwind_safe::AssertUnwindSafe<<kasumi_raft[9001a0f49508a2f8]::apply_publication::ApplyPublication as kasumi_raft[9001a0f49508a2f8]::apply_publication::ApplyPublisher>::with_completion::{closure#0}>>
                               at /rustc/8bab26f4f68e0e26f0bb7960be334d5b520ea452/library/std/src/panicking.rs:544:19
  36:        0x104b41978 - std[7648081134ee26d8]::panic::catch_unwind::<core[318a34b566a36fe]::panic::unwind_safe::AssertUnwindSafe<<kasumi_raft[9001a0f49508a2f8]::apply_publication::ApplyPublication as kasumi_raft[9001a0f49508a2f8]::apply_publication::ApplyPublisher>::with_completion::{closure#0}>, core[318a34b566a36fe]::result::Result<(), anyhow[ec8a847c544a36f6]::Error>>
                               at /rustc/8bab26f4f68e0e26f0bb7960be334d5b520ea452/library/std/src/panic.rs:359:14
  37:        0x104ccd8ec - <kasumi_raft[9001a0f49508a2f8]::apply_publication::ApplyPublication as kasumi_raft[9001a0f49508a2f8]::apply_publication::ApplyPublisher>::with_completion
                               at /Users/takemiyamakoto/dev/kasumi/crates/kasumi-raft/src/apply_publication.rs:389:22
  38:        0x103014574 - kasumi_engine[ad032a02fa0a5487]::state::ordered_command::apply_ordinary
                               at /Users/takemiyamakoto/dev/kasumi/crates/kasumi-engine/src/ordered_command.rs:291:21
  39:        0x103ff1ed0 - <kasumi_engine[ad032a02fa0a5487]::state::TenantEngine as kasumi_raft[9001a0f49508a2f8]::StateMachineBackend>::apply_with_publisher
                               at /Users/takemiyamakoto/dev/kasumi/crates/kasumi-engine/src/state.rs:322:9
  40:        0x1037d7988 - <kasumi_engine[ad032a02fa0a5487]::application_sources::tests::completion_tests::OrdinaryFixture>::apply::<kasumi_engine[ad032a02fa0a5487]::application_sources::tests::completion_tests::ordinary_completion_capture_wake_unwind_retires_the_actual_counted_handle::{closure#0}::{closure#1}>::{closure#0}
                               at /Users/takemiyamakoto/dev/kasumi/crates/kasumi-engine/src/application_source_completion_tests.rs:76:29
  41:        0x102e0d9f8 - kasumi_raft[9001a0f49508a2f8]::apply_publication::with_application_publisher_bound_observed_for_test::<<kasumi_engine[ad032a02fa0a5487]::application_sources::tests::completion_tests::OrdinaryFixture>::apply<kasumi_engine[ad032a02fa0a5487]::application_sources::tests::completion_tests::ordinary_completion_capture_wake_unwind_retires_the_actual_counted_handle::{closure#0}::{closure#1}>::{closure#0}, kasumi_engine[ad032a02fa0a5487]::application_sources::tests::completion_tests::ordinary_completion_capture_wake_unwind_retires_the_actual_counted_handle::{closure#0}::{closure#1}>::{closure#0}
                               at /Users/takemiyamakoto/dev/kasumi/crates/kasumi-raft/src/apply_publication.rs:613:66
  42:        0x102bdb6a4 - <core[318a34b566a36fe]::panic::unwind_safe::AssertUnwindSafe<kasumi_raft[9001a0f49508a2f8]::apply_publication::with_application_publisher_bound_observed_for_test<<kasumi_engine[ad032a02fa0a5487]::application_sources::tests::completion_tests::OrdinaryFixture>::apply<kasumi_engine[ad032a02fa0a5487]::application_sources::tests::completion_tests::ordinary_completion_capture_wake_unwind_retires_the_actual_counted_handle::{closure#0}::{closure#1}>::{closure#0}, kasumi_engine[ad032a02fa0a5487]::application_sources::tests::completion_tests::ordinary_completion_capture_wake_unwind_retires_the_actual_counted_handle::{closure#0}::{closure#1}>::{closure#0}> as core[318a34b566a36fe]::ops::function::FnOnce<()>>::call_once
                               at /rustc/8bab26f4f68e0e26f0bb7960be334d5b520ea452/library/core/src/panic/unwind_safe.rs:275:9
  43:        0x1029ec6f8 - std[7648081134ee26d8]::panicking::catch_unwind::do_call::<core[318a34b566a36fe]::panic::unwind_safe::AssertUnwindSafe<kasumi_raft[9001a0f49508a2f8]::apply_publication::with_application_publisher_bound_observed_for_test<<kasumi_engine[ad032a02fa0a5487]::application_sources::tests::completion_tests::OrdinaryFixture>::apply<kasumi_engine[ad032a02fa0a5487]::application_sources::tests::completion_tests::ordinary_completion_capture_wake_unwind_retires_the_actual_counted_handle::{closure#0}::{closure#1}>::{closure#0}, kasumi_engine[ad032a02fa0a5487]::application_sources::tests::completion_tests::ordinary_completion_capture_wake_unwind_retires_the_actual_counted_handle::{closure#0}::{closure#1}>::{closure#0}>, core[318a34b566a36fe]::result::Result<(), anyhow[ec8a847c544a36f6]::Error>>
                               at /rustc/8bab26f4f68e0e26f0bb7960be334d5b520ea452/library/std/src/panicking.rs:581:40
  44:        0x103a54b44 - ___rust_try
  45:        0x103a08cc0 - std[7648081134ee26d8]::panicking::catch_unwind::<core[318a34b566a36fe]::result::Result<(), anyhow[ec8a847c544a36f6]::Error>, core[318a34b566a36fe]::panic::unwind_safe::AssertUnwindSafe<kasumi_raft[9001a0f49508a2f8]::apply_publication::with_application_publisher_bound_observed_for_test<<kasumi_engine[ad032a02fa0a5487]::application_sources::tests::completion_tests::OrdinaryFixture>::apply<kasumi_engine[ad032a02fa0a5487]::application_sources::tests::completion_tests::ordinary_completion_capture_wake_unwind_retires_the_actual_counted_handle::{closure#0}::{closure#1}>::{closure#0}, kasumi_engine[ad032a02fa0a5487]::application_sources::tests::completion_tests::ordinary_completion_capture_wake_unwind_retires_the_actual_counted_handle::{closure#0}::{closure#1}>::{closure#0}>>
                               at /rustc/8bab26f4f68e0e26f0bb7960be334d5b520ea452/library/std/src/panicking.rs:544:19
  46:        0x103a08cc0 - std[7648081134ee26d8]::panic::catch_unwind::<core[318a34b566a36fe]::panic::unwind_safe::AssertUnwindSafe<kasumi_raft[9001a0f49508a2f8]::apply_publication::with_application_publisher_bound_observed_for_test<<kasumi_engine[ad032a02fa0a5487]::application_sources::tests::completion_tests::OrdinaryFixture>::apply<kasumi_engine[ad032a02fa0a5487]::application_sources::tests::completion_tests::ordinary_completion_capture_wake_unwind_retires_the_actual_counted_handle::{closure#0}::{closure#1}>::{closure#0}, kasumi_engine[ad032a02fa0a5487]::application_sources::tests::completion_tests::ordinary_completion_capture_wake_unwind_retires_the_actual_counted_handle::{closure#0}::{closure#1}>::{closure#0}>, core[318a34b566a36fe]::result::Result<(), anyhow[ec8a847c544a36f6]::Error>>
                               at /rustc/8bab26f4f68e0e26f0bb7960be334d5b520ea452/library/std/src/panic.rs:359:14
  47:        0x102e094b0 - kasumi_raft[9001a0f49508a2f8]::apply_publication::with_application_publisher_bound_observed_for_test::<<kasumi_engine[ad032a02fa0a5487]::application_sources::tests::completion_tests::OrdinaryFixture>::apply<kasumi_engine[ad032a02fa0a5487]::application_sources::tests::completion_tests::ordinary_completion_capture_wake_unwind_retires_the_actual_counted_handle::{closure#0}::{closure#1}>::{closure#0}, kasumi_engine[ad032a02fa0a5487]::application_sources::tests::completion_tests::ordinary_completion_capture_wake_unwind_retires_the_actual_counted_handle::{closure#0}::{closure#1}>
                               at /Users/takemiyamakoto/dev/kasumi/crates/kasumi-raft/src/apply_publication.rs:613:9
  48:        0x1037d7378 - <kasumi_engine[ad032a02fa0a5487]::application_sources::tests::completion_tests::OrdinaryFixture>::apply::<kasumi_engine[ad032a02fa0a5487]::application_sources::tests::completion_tests::ordinary_completion_capture_wake_unwind_retires_the_actual_counted_handle::{closure#0}::{closure#1}>
                               at /Users/takemiyamakoto/dev/kasumi/crates/kasumi-engine/src/application_source_completion_tests.rs:71:9
  49:        0x1037dc790 - kasumi_engine[ad032a02fa0a5487]::application_sources::tests::completion_tests::ordinary_completion_capture_wake_unwind_retires_the_actual_counted_handle::{closure#0}
                               at /Users/takemiyamakoto/dev/kasumi/crates/kasumi-engine/src/application_source_completion_tests.rs:966:37
  50:        0x104079f9c - <core[318a34b566a36fe]::pin::Pin<&mut dyn core[318a34b566a36fe]::future::future::Future<Output = core[318a34b566a36fe]::result::Result<(), anyhow[ec8a847c544a36f6]::Error>>> as core[318a34b566a36fe]::future::future::Future>::poll
                               at /rustc/8bab26f4f68e0e26f0bb7960be334d5b520ea452/library/core/src/future/future.rs:133:9
  51:        0x10491d7f8 - <tokio[5174ebaad4a2e31e]::runtime::park::CachedParkThread>::block_on::<core[318a34b566a36fe]::pin::Pin<&mut dyn core[318a34b566a36fe]::future::future::Future<Output = core[318a34b566a36fe]::result::Result<(), anyhow[ec8a847c544a36f6]::Error>>>>::{closure#0}
                               at /Users/takemiyamakoto/.cargo/registry/src/index.crates.io-1949cf8c6b5b557f/tokio-1.53.1/src/runtime/park.rs:284:71
  52:        0x104919430 - tokio[5174ebaad4a2e31e]::task::coop::with_budget::<core[318a34b566a36fe]::task::poll::Poll<core[318a34b566a36fe]::result::Result<(), anyhow[ec8a847c544a36f6]::Error>>, <tokio[5174ebaad4a2e31e]::runtime::park::CachedParkThread>::block_on<core[318a34b566a36fe]::pin::Pin<&mut dyn core[318a34b566a36fe]::future::future::Future<Output = core[318a34b566a36fe]::result::Result<(), anyhow[ec8a847c544a36f6]::Error>>>>::{closure#0}>
                               at /Users/takemiyamakoto/.cargo/registry/src/index.crates.io-1949cf8c6b5b557f/tokio-1.53.1/src/task/coop/mod.rs:167:5
  53:        0x104919430 - tokio[5174ebaad4a2e31e]::task::coop::budget::<core[318a34b566a36fe]::task::poll::Poll<core[318a34b566a36fe]::result::Result<(), anyhow[ec8a847c544a36f6]::Error>>, <tokio[5174ebaad4a2e31e]::runtime::park::CachedParkThread>::block_on<core[318a34b566a36fe]::pin::Pin<&mut dyn core[318a34b566a36fe]::future::future::Future<Output = core[318a34b566a36fe]::result::Result<(), anyhow[ec8a847c544a36f6]::Error>>>>::{closure#0}>
                               at /Users/takemiyamakoto/.cargo/registry/src/index.crates.io-1949cf8c6b5b557f/tokio-1.53.1/src/task/coop/mod.rs:133:5
  54:        0x104919430 - <tokio[5174ebaad4a2e31e]::runtime::park::CachedParkThread>::block_on::<core[318a34b566a36fe]::pin::Pin<&mut dyn core[318a34b566a36fe]::future::future::Future<Output = core[318a34b566a36fe]::result::Result<(), anyhow[ec8a847c544a36f6]::Error>>>>
                               at /Users/takemiyamakoto/.cargo/registry/src/index.crates.io-1949cf8c6b5b557f/tokio-1.53.1/src/runtime/park.rs:284:31
  55:        0x102dc2180 - <tokio[5174ebaad4a2e31e]::runtime::context::blocking::BlockingRegionGuard>::block_on::<core[318a34b566a36fe]::pin::Pin<&mut dyn core[318a34b566a36fe]::future::future::Future<Output = core[318a34b566a36fe]::result::Result<(), anyhow[ec8a847c544a36f6]::Error>>>>
                               at /Users/takemiyamakoto/.cargo/registry/src/index.crates.io-1949cf8c6b5b557f/tokio-1.53.1/src/runtime/context/blocking.rs:66:14
  56:        0x102a4f4e8 - <tokio[5174ebaad4a2e31e]::runtime::scheduler::multi_thread::MultiThread>::block_on::<core[318a34b566a36fe]::pin::Pin<&mut dyn core[318a34b566a36fe]::future::future::Future<Output = core[318a34b566a36fe]::result::Result<(), anyhow[ec8a847c544a36f6]::Error>>>>::{closure#0}
                               at /Users/takemiyamakoto/.cargo/registry/src/index.crates.io-1949cf8c6b5b557f/tokio-1.53.1/src/runtime/scheduler/multi_thread/mod.rs:92:22
  57:        0x103d66294 - tokio[5174ebaad4a2e31e]::runtime::context::runtime::enter_runtime::<<tokio[5174ebaad4a2e31e]::runtime::scheduler::multi_thread::MultiThread>::block_on<core[318a34b566a36fe]::pin::Pin<&mut dyn core[318a34b566a36fe]::future::future::Future<Output = core[318a34b566a36fe]::result::Result<(), anyhow[ec8a847c544a36f6]::Error>>>>::{closure#0}, core[318a34b566a36fe]::result::Result<(), anyhow[ec8a847c544a36f6]::Error>>
                               at /Users/takemiyamakoto/.cargo/registry/src/index.crates.io-1949cf8c6b5b557f/tokio-1.53.1/src/runtime/context/runtime.rs:65:16
  58:        0x102a46e30 - <tokio[5174ebaad4a2e31e]::runtime::scheduler::multi_thread::MultiThread>::block_on::<core[318a34b566a36fe]::pin::Pin<&mut dyn core[318a34b566a36fe]::future::future::Future<Output = core[318a34b566a36fe]::result::Result<(), anyhow[ec8a847c544a36f6]::Error>>>>
                               at /Users/takemiyamakoto/.cargo/registry/src/index.crates.io-1949cf8c6b5b557f/tokio-1.53.1/src/runtime/scheduler/multi_thread/mod.rs:91:9
  59:        0x10397ba28 - <tokio[5174ebaad4a2e31e]::runtime::runtime::Runtime>::block_on_inner::<core[318a34b566a36fe]::pin::Pin<&mut dyn core[318a34b566a36fe]::future::future::Future<Output = core[318a34b566a36fe]::result::Result<(), anyhow[ec8a847c544a36f6]::Error>>>>
                               at /Users/takemiyamakoto/.cargo/registry/src/index.crates.io-1949cf8c6b5b557f/tokio-1.53.1/src/runtime/runtime.rs:376:50
  60:        0x10397bf90 - <tokio[5174ebaad4a2e31e]::runtime::runtime::Runtime>::block_on::<core[318a34b566a36fe]::pin::Pin<&mut dyn core[318a34b566a36fe]::future::future::Future<Output = core[318a34b566a36fe]::result::Result<(), anyhow[ec8a847c544a36f6]::Error>>>>
                               at /Users/takemiyamakoto/.cargo/registry/src/index.crates.io-1949cf8c6b5b557f/tokio-1.53.1/src/runtime/runtime.rs:343:18
  61:        0x103489e90 - kasumi_engine[ad032a02fa0a5487]::application_sources::tests::completion_tests::ordinary_completion_capture_wake_unwind_retires_the_actual_counted_handle
                               at /Users/takemiyamakoto/dev/kasumi/crates/kasumi-engine/src/application_source_completion_tests.rs:1070:7
  62:        0x1037dad10 - kasumi_engine[ad032a02fa0a5487]::application_sources::tests::completion_tests::ordinary_completion_capture_wake_unwind_retires_the_actual_counted_handle::{closure#0}
                               at /Users/takemiyamakoto/dev/kasumi/crates/kasumi-engine/src/application_source_completion_tests.rs:936:89
  63:        0x104695a18 - <kasumi_engine[ad032a02fa0a5487]::application_sources::tests::completion_tests::ordinary_completion_capture_wake_unwind_retires_the_actual_counted_handle::{closure#0} as core[318a34b566a36fe]::ops::function::FnOnce<()>>::call_once
                               at /rustc/8bab26f4f68e0e26f0bb7960be334d5b520ea452/library/core/src/ops/function.rs:250:5
  64:        0x1049f1708 - <fn() -> core[318a34b566a36fe]::result::Result<(), alloc[fd24334a81e9fcd2]::string::String> as core[318a34b566a36fe]::ops::function::FnOnce<()>>::call_once
                               at /rustc/8bab26f4f68e0e26f0bb7960be334d5b520ea452/library/core/src/ops/function.rs:250:5
  65:        0x1049f1708 - test[2c59eae1d55b8e96]::__rust_begin_short_backtrace::<core[318a34b566a36fe]::result::Result<(), alloc[fd24334a81e9fcd2]::string::String>, fn() -> core[318a34b566a36fe]::result::Result<(), alloc[fd24334a81e9fcd2]::string::String>>
                               at /rustc/8bab26f4f68e0e26f0bb7960be334d5b520ea452/library/test/src/lib.rs:724:18
  66:        0x1049fcb50 - test[2c59eae1d55b8e96]::run_test_in_process::{closure#0}
                               at /rustc/8bab26f4f68e0e26f0bb7960be334d5b520ea452/library/test/src/lib.rs:747:74
  67:        0x1049fcb50 - <core[318a34b566a36fe]::panic::unwind_safe::AssertUnwindSafe<test[2c59eae1d55b8e96]::run_test_in_process::{closure#0}> as core[318a34b566a36fe]::ops::function::FnOnce<()>>::call_once
                               at /rustc/8bab26f4f68e0e26f0bb7960be334d5b520ea452/library/core/src/panic/unwind_safe.rs:275:9
  68:        0x1049fcb50 - std[7648081134ee26d8]::panicking::catch_unwind::do_call::<core[318a34b566a36fe]::panic::unwind_safe::AssertUnwindSafe<test[2c59eae1d55b8e96]::run_test_in_process::{closure#0}>, core[318a34b566a36fe]::result::Result<(), alloc[fd24334a81e9fcd2]::string::String>>
                               at /rustc/8bab26f4f68e0e26f0bb7960be334d5b520ea452/library/std/src/panicking.rs:581:40
  69:        0x1049fcb50 - std[7648081134ee26d8]::panicking::catch_unwind::<core[318a34b566a36fe]::result::Result<(), alloc[fd24334a81e9fcd2]::string::String>, core[318a34b566a36fe]::panic::unwind_safe::AssertUnwindSafe<test[2c59eae1d55b8e96]::run_test_in_process::{closure#0}>>
                               at /rustc/8bab26f4f68e0e26f0bb7960be334d5b520ea452/library/std/src/panicking.rs:544:19
  70:        0x1049fcb50 - std[7648081134ee26d8]::panic::catch_unwind::<core[318a34b566a36fe]::panic::unwind_safe::AssertUnwindSafe<test[2c59eae1d55b8e96]::run_test_in_process::{closure#0}>, core[318a34b566a36fe]::result::Result<(), alloc[fd24334a81e9fcd2]::string::String>>
                               at /rustc/8bab26f4f68e0e26f0bb7960be334d5b520ea452/library/std/src/panic.rs:359:14
  71:        0x1049fcb50 - test[2c59eae1d55b8e96]::run_test_in_process
                               at /rustc/8bab26f4f68e0e26f0bb7960be334d5b520ea452/library/test/src/lib.rs:747:27
  72:        0x1049fcb50 - test[2c59eae1d55b8e96]::run_test::{closure#0}
                               at /rustc/8bab26f4f68e0e26f0bb7960be334d5b520ea452/library/test/src/lib.rs:668:43
  73:        0x1049f79d8 - test[2c59eae1d55b8e96]::run_test::{closure#1}
                               at /rustc/8bab26f4f68e0e26f0bb7960be334d5b520ea452/library/test/src/lib.rs:698:41
  74:        0x1049f79d8 - std[7648081134ee26d8]::sys::backtrace::__rust_begin_short_backtrace::<test[2c59eae1d55b8e96]::run_test::{closure#1}, ()>
                               at /rustc/8bab26f4f68e0e26f0bb7960be334d5b520ea452/library/std/src/sys/backtrace.rs:166:18
  75:        0x1049ff0a8 - std[7648081134ee26d8]::thread::lifecycle::spawn_unchecked::<test[2c59eae1d55b8e96]::run_test::{closure#1}, ()>::{closure#1}::{closure#0}
                               at /rustc/8bab26f4f68e0e26f0bb7960be334d5b520ea452/library/std/src/thread/lifecycle.rs:70:13
  76:        0x1049ff0a8 - <core[318a34b566a36fe]::panic::unwind_safe::AssertUnwindSafe<std[7648081134ee26d8]::thread::lifecycle::spawn_unchecked<test[2c59eae1d55b8e96]::run_test::{closure#1}, ()>::{closure#1}::{closure#0}> as core[318a34b566a36fe]::ops::function::FnOnce<()>>::call_once
                               at /rustc/8bab26f4f68e0e26f0bb7960be334d5b520ea452/library/core/src/panic/unwind_safe.rs:275:9
  77:        0x1049ff0a8 - std[7648081134ee26d8]::panicking::catch_unwind::do_call::<core[318a34b566a36fe]::panic::unwind_safe::AssertUnwindSafe<std[7648081134ee26d8]::thread::lifecycle::spawn_unchecked<test[2c59eae1d55b8e96]::run_test::{closure#1}, ()>::{closure#1}::{closure#0}>, ()>
                               at /rustc/8bab26f4f68e0e26f0bb7960be334d5b520ea452/library/std/src/panicking.rs:581:40
  78:        0x1049ff0a8 - std[7648081134ee26d8]::panicking::catch_unwind::<(), core[318a34b566a36fe]::panic::unwind_safe::AssertUnwindSafe<std[7648081134ee26d8]::thread::lifecycle::spawn_unchecked<test[2c59eae1d55b8e96]::run_test::{closure#1}, ()>::{closure#1}::{closure#0}>>
                               at /rustc/8bab26f4f68e0e26f0bb7960be334d5b520ea452/library/std/src/panicking.rs:544:19
  79:        0x1049ff0a8 - std[7648081134ee26d8]::panic::catch_unwind::<core[318a34b566a36fe]::panic::unwind_safe::AssertUnwindSafe<std[7648081134ee26d8]::thread::lifecycle::spawn_unchecked<test[2c59eae1d55b8e96]::run_test::{closure#1}, ()>::{closure#1}::{closure#0}>, ()>
                               at /rustc/8bab26f4f68e0e26f0bb7960be334d5b520ea452/library/std/src/panic.rs:359:14
  80:        0x1049ff0a8 - std[7648081134ee26d8]::thread::lifecycle::spawn_unchecked::<test[2c59eae1d55b8e96]::run_test::{closure#1}, ()>::{closure#1}
                               at /rustc/8bab26f4f68e0e26f0bb7960be334d5b520ea452/library/std/src/thread/lifecycle.rs:68:26
  81:        0x1049ff0a8 - <std[7648081134ee26d8]::thread::lifecycle::spawn_unchecked<test[2c59eae1d55b8e96]::run_test::{closure#1}, ()>::{closure#1} as core[318a34b566a36fe]::ops::function::FnOnce<()>>::call_once::{shim:vtable#0}
                               at /rustc/8bab26f4f68e0e26f0bb7960be334d5b520ea452/library/core/src/ops/function.rs:250:5
  82:        0x1064cfb4c - <alloc[fd24334a81e9fcd2]::boxed::Box<dyn core[318a34b566a36fe]::ops::function::FnOnce<(), Output = ()> + core[318a34b566a36fe]::marker::Send> as core[318a34b566a36fe]::ops::function::FnOnce<()>>::call_once
                               at /rustc/8bab26f4f68e0e26f0bb7960be334d5b520ea452/library/alloc/src/boxed.rs:2275:9
  83:        0x1064cfb4c - <std[7648081134ee26d8]::sys::thread::unix::Thread>::new::thread_start
                               at /rustc/8bab26f4f68e0e26f0bb7960be334d5b520ea452/library/std/src/sys/thread/unix.rs:118:17
  84:        0x189d71d00 - __pthread_exit
test application_sources::tests::completion_tests::ordinary_completion_capture_wake_unwind_retires_the_actual_counted_handle ... ok
test staged_terminal::tests::scan_tests::installed_scan_rejects_each_canonical_tamper_without_repair_and_keeps_prefix_checks ... ok
test application_sources::tests::point_retirement_tests::incoming_tests::incoming_actual_points_preserve_each_pre_cell_rejection_with_drop_panic ... ok
test application_sources::tests::completion_tests::ordinary_completion_fault_checkpoints_preserve_exact_original_and_source_phase ... ok

failures:

failures:
    state::restore_budget_tests::restored_identity_metadata_is_validated_before_bootstrap_persistence

test result: FAILED. 23 passed; 1 failed; 0 ignored; 0 measured; 601 filtered out; finished in 18.98s

error: test failed, to rerun pass `-p kasumi-engine --lib`
     Running unittests src/lib.rs (target/disk-backed-cache/debug/deps/kasumi_kv-221aa5373d25965b)

running 16 tests

thread 'snapshot_pins::rights::tests::serial_exhaustion_refuses_before_capacity_changes_and_prepared_cancel_survives_poison' (22202456) panicked at crates/kasumi-kv/src/snapshot_pin_rights_tests.rs:285:9:
poison prepared pin registry
note: run with `RUST_BACKTRACE=1` environment variable to display a backtrace
test snapshot_pins::allocation_tests::native_uninstalled_pin_cancel_deallocates_actual_prepared_arc_and_lease_box ... ok
test segment::tests::stale_prepared_abort_never_truncates_a_changed_tail ... ok
test snapshot_pins::rights::tests::serial_exhaustion_refuses_before_capacity_changes_and_prepared_cancel_survives_poison ... ok
test segment::maintenance::tests::abort_binds_synced_normal_and_maintenance_bytes_to_the_prepared_digest ... ok
test segment::maintenance::tests::force_roll_keeps_capacity_and_cannot_interrupt_a_prepared_batch ... ok
test segment::maintenance::tests::source_change_during_copy_cannot_produce_a_prepared_commit ... ok
test segment::tests::prepared_workspace_depends_on_location_count_not_borrowed_value_size ... ok
test page_cache::tests::read_into::prepared_directory_read_into_refused_retention_never_requests_temporary_workspace ... ok
test tables::read_fork_tests::source_reads::source_prepared_backing_system_deallocation_precedes_its_actual_refund ... ok
test tables::read_fork_tests::source_reads::source_idle_rights_and_queued_prepared_owners_block_actual_database_close ... ok
test retained::transaction_claim_activation_tests::transaction_claim_activation_prepared_workspace_survives_postprepare_memory_pressure ... ok
test disk_state::tests::prepared_point_shape::prepared_shape_uses_same_root_table_and_owner_without_output_or_new_grants ... ok
test segment::tests::prepared_workspace_covers_exact_locations_and_streams_maximum_keys ... ok
test directory::tests::packing::pack_plan_and_workspace_denial_precede_effects_and_prepared_mutation_reuses_grant ... ok
test tables::tests::prepared_points_reuse_backing_under_total_workspace_refusal_and_bind_exact_owner ... ok
test page_cache::tests::read_into::prepared_directory_read_into_retains_all_fitting_pages_across_repeated_passes ... ok

test result: ok. 16 passed; 0 failed; 0 ignored; 0 measured; 530 filtered out; finished in 0.16s

     Running unittests src/lib.rs (target/disk-backed-cache/debug/deps/kasumi_raft-8af78bc0d2a8574c)

running 46 tests
test control::tests::retirement_reserves_full_width_audit_bytes_before_commitment ... ok
test control::tests::retirement_reserves_permanent_bytes_before_a_positive_seed_can_commit ... ok
test control::tests::target_first_membership_prebind_rejects_substitution_and_noncanonical_bytes ... ok

thread 'control::tests::first_applied_membership_survives_later_membership_purge_and_reopen' (22202470) panicked at crates/kasumi-store/src/lib.rs:1139:14:
synthetic backend fixture has no installed physical disk
note: run with `RUST_BACKTRACE=1` environment variable to display a backtrace
test control::tests::first_applied_membership_survives_later_membership_purge_and_reopen ... FAILED
test control::tests::exhausted_seed_completion_budget_cannot_promote_a_committed_candidate ... ok
test control::tests::substituted_seed_bootstrap_or_command_and_uncovered_commit_fail_closed ... ok
test control::tests::committed_seed_reopens_before_any_projection_without_application_key_access ... ok

thread 'control::tests::accepted_boundary_and_exact_applied_position_publish_atomically_before_retained_purge' (22202465) panicked at crates/kasumi-store/src/lib.rs:1139:14:
synthetic backend fixture has no installed physical disk
test control::tests::ordinary_purge_deletes_bodies_and_nonretirement_overwrite_cannot_leave_a_seed ... ok
test control::tests::accepted_boundary_and_exact_applied_position_publish_atomically_before_retained_purge ... FAILED
test selected_application::plan_tests::producer_wire_quote_covers_arbitrary_numbers_without_reclassifying_literal_markers ... ok
test selected_application::plan_tests::producer_wire_shape_overquotes_actual_decoder_for_escaped_unicode_and_nested_metadata ... ok

thread 'control::tests::first_applied_membership_and_cursor_survive_every_atomic_write_boundary' (22202469) panicked at crates/kasumi-store/src/lib.rs:1139:14:
synthetic backend fixture has no installed physical disk
test control::tests::first_applied_membership_and_cursor_survive_every_atomic_write_boundary ... FAILED
test selected_application::allocation_tests::selected_application_allocation_census_covers_membership_and_noncanonical_defaults ... ok
test selected_application::allocation_tests::selected_application_allocation_census_covers_expanding_typed_diagnostics ... ok
test control::tests::truncation_permanently_removes_uncommitted_seed_before_overwrite_and_restart ... ok
test control::tests::noncanonical_recovery_scan_header_cannot_publish_retirement ... ok
test control::tests::retirement_recovery_never_selects_between_multiple_committed_successes ... ok
test control::tests::failed_or_already_applied_without_boundary_cannot_be_reinterpreted_as_retired ... ok

thread 'control::tests::prebound_first_membership_association_survives_later_apply_purge_and_reopen' (22202474) panicked at crates/kasumi-store/src/lib.rs:1139:14:
synthetic backend fixture has no installed physical disk
test control::tests::raft_control_metadata_requires_current_writer_bytes_on_every_live_read ... ok
test control::tests::prebound_first_membership_association_survives_later_apply_purge_and_reopen ... FAILED
test control::tests::interrupted_raft_append_never_persists_seed_without_matching_body_and_header ... ok
test control::tests::reserved_committed_retirement_recovers_atomic_custody_after_crash_without_app_key ... ok
test selected_application::handoff_tests::prepared_capture_actual_entry_preserves_access_failure_and_drops_queued_ownership ... ok
test selected_application::handoff_tests::prepared_capture_actual_entry_uses_transferred_loans_when_new_installed_grants_are_denied ... ok
test selected_application::plan_tests::prospective_advancing_origin_refuses_real_exact_replay_before_application_effects ... ok
test selected_application::planning_session_tests::control_planning_covered_snapshot_keeps_five_record_capture_prepared ... ok
test selected_application::plan_tests::prospective_covered_snapshot_uses_actual_five_record_proof ... ok
test selected_application::receipt_tests::invocation_receipt_binds_the_actual_preparer_plan_and_joint_effects ... ok
test selected_application::plan_tests::prospective_callback_prepares_before_real_producer_publication_and_keeps_original_refusal ... ok
test selected_application::planning_session_tests::control_planning_sizes_ordinary_entry_from_required_rows_and_ignores_unused_snapshot ... ok
test selected_application::plan_tests::prospective_covered_replay_quotes_actual_newer_cursor ... ok
test selected_application::receipt_tests::invocation_receipt_consumes_covered_replay_with_changed_and_empty_effects ... ok
test selected_application::receipt_tests::invocation_receipt_fixed_inputs_hash_and_authentic_consume_allocate_nothing ... ok
test selected_application::planning_session_tests::control_planning_reuses_historical_membership_and_rejects_exact_association_corruption ... ok
test selected_application::receipt_tests::invocation_receipt_authenticates_advance_and_identical_covered_replays ... ok
test selected_application::receipt_tests::invocation_receipt_reentrant_early_consume_cannot_change_entered_mint_state ... ok
test selected_application::receipt_tests::invocation_receipt_rejects_concrete_retirement_seed_and_response_fields_before_effects ... ok
test selected_application::tests::selected_application_denial_foreign_provider_and_retain_failure_keep_grant ... ok
test selected_application::plan_tests::prospective_plan_rejects_later_actual_record_and_foreign_domain_pair ... ok
test selected_application::tests::selected_application_checks_complete_entry_and_bootstrap_identity ... ok
test selected_application::tests::selected_application_original_bounded_read_failure_retains_exact_reader ... ok
test selected_application::tests::selected_application_exact_old_entry_and_real_covered_replay_remain_distinct ... ok
test selected_application::tests::selected_application_snapshot_uses_actual_manifest_and_snapshot_cursor ... ok
test selected_application::tests::selected_application_older_image_and_entry_replay_keep_newer_snapshot_identity ... ok
test selected_application::receipt_tests::invocation_receipt_rejects_pair_context_response_and_ordered_effect_substitution_before_effects ... ok
test control::tests::retirement_recovery_crosses_former_seed_count_ceiling_without_promoting_a_tail has been running for over 60 seconds
error: test failed, to rerun pass `-p kasumi-raft --lib`

Caused by:
  process didn't exit successfully: `/Users/takemiyamakoto/dev/kasumi/target/disk-backed-cache/debug/deps/kasumi_raft-8af78bc0d2a8574c prepared_ selected_application 'control::tests' 'initialization_association::tests' 'custody_tables::tests' 'snapshot_custody::tests' ordinary_completion point_retirement incoming_actual installed_scan scratch_claim restored_identity_metadata --nocapture` (signal: 2, SIGINT: terminal interrupt signal)
     Running unittests src/lib.rs (target/disk-backed-cache/debug/deps/kasumi_store-4ef75ebdc018c368)

running 42 tests
test node_disk::directory::managed::tests::census_retires_actual_prepared_arc_backing_before_reopening_slot_admission ... ok
test node_disk::tests::prepared_unknown_absence_revalidates_replaced_parent ... ok
test node_disk::tests::prepared_publication_abandonment_retires_old_weak_registration_once_without_allocation ... ok
test node_file::tests::closed_prepared_node_file_cannot_acquire_a_new_descriptor ... ok
test node_disk::directory::managed::tests::unknown_child_absence_retires_prepared_backing_and_descriptors_before_slot_reuse ... ok
TestDiskMemory::reserve_installed denied: provider=0x76f6844650 requested_bytes=0 charged_bytes=4120 bookkeeping_bytes=2039968 used_bytes=17640876 next_used_bytes=17644996 max_bytes=268435456 live_reservations=4096 max_reservations=4096 attempts=4097 error=Kind(OutOfMemory)
TestDiskMemory::reserve_installed denied: provider=0x76f6844650 requested_bytes=12544 charged_bytes=16664 bookkeeping_bytes=2039968 used_bytes=17640876 next_used_bytes=17657540 max_bytes=268435456 live_reservations=4096 max_reservations=4096 attempts=4098 error=Kind(OutOfMemory)
test scratch_table::group::claim::tests::scratch_claim_capacity_denial_is_before_namespace_or_root_mutation ... ok
test file_keys::workspace::tests::prepared_file_input_selects_one_generation_and_preserves_validation_errors ... ok
test node_disk::tests::prepared_publication_conflict_returns_inline_without_fencing_or_replacing ... ok
test scratch_table::group::claim::tests::scratch_claim_corrupt_protected_roots_fence_the_real_owner_and_keep_original_core_error ... ok
test scratch_table::group::claim::tests::scratch_claim_consumes_real_quota_without_readmission_and_finishes_complete_private_prefix ... ok
test node_disk::tests::prepared_cross_directory_publication_and_physical_reclaim_do_not_allocate ... ok
test scratch_table::group::claim::tests::scratch_claim_does_not_finish_an_empty_created_file_below_its_promised_minimum ... ok
test scratch_table::group::claim::tests::scratch_claim_partial_native_acquisition_retains_exact_error_descriptor_and_all_rights ... ok
test scratch_table::group::claim::tests::scratch_claim_pristine_cancel_returns_aggregate_and_prepared_memory_without_file_effects ... ok
TestDiskMemory::reserve_installed denied: provider=0x76f6845690 requested_bytes=0 charged_bytes=4120 bookkeeping_bytes=2039968 used_bytes=17640876 next_used_bytes=17644996 max_bytes=268435456 live_reservations=4096 max_reservations=4096 attempts=4097 error=Kind(OutOfMemory)
TestDiskMemory::reserve_installed denied: provider=0x76f6845690 requested_bytes=143432 charged_bytes=147552 bookkeeping_bytes=2039968 used_bytes=17784308 next_used_bytes=17931860 max_bytes=268435456 live_reservations=4096 max_reservations=4096 attempts=4104 error=Kind(OutOfMemory)
test scratch_table::group::claim::tests::scratch_claim_reuses_completed_root_validation_slot_before_preparing_files ... ok
test scratch_table::group::claim::tests::scratch_claim_wrong_native_header_minimum_fails_before_effects ... ok
test node_disk::tests::prepared_file_creation_registers_and_retires_without_allocating ... ok
TestDiskMemory::reserve_installed denied: provider=0x76f6844470 requested_bytes=4515 charged_bytes=8635 bookkeeping_bytes=71840 used_bytes=52299046 next_used_bytes=52307681 max_bytes=67108864 live_reservations=128 max_reservations=128 attempts=287 error=Kind(OutOfMemory)
test read_view::prepared_points::tests::single_point_finish_keeps_original_error_and_actual_retirement_panic ... ok
test read_view::prepared_points::tests::single_point_partial_admission_denial_keeps_actual_failure_and_has_no_allocating_fallback ... ok
test scratch_table::tests::workspace_tests::scratch_prepared_workspace_survives_capacity_pressure_after_prepare ... ok
test read_view::prepared_points::tests::single_points_check_expiry_on_old_root_hits_and_absence_and_clear_failed_loans ... ok
TestDiskMemory::reserve_installed denied: provider=0x76f6844290 requested_bytes=10512 charged_bytes=14632 bookkeeping_bytes=2039968 used_bytes=266395488 next_used_bytes=266410120 max_bytes=268435456 live_reservations=16 max_reservations=4096 attempts=332 error=Kind(OutOfMemory)
test read_view::prepared_points::tests::single_points_share_exact_root_and_reuse_backing_without_point_admission ... ok
test read_view::fork_tests::prepared_pair_denial_happens_before_registration_and_keeps_original_value ... ok
test read_view::fork_tests::prepared_pair_cancel_and_drop_retire_unbegun_actual_children ... ok
test read_view::fork_tests::prepared_pair_owns_one_census_child_before_selecting_the_published_root ... ok
test read_view::fork_tests::prepared_pair_rejects_recovered_begin_before_application_publication ... ok
TestDiskMemory::reserve_installed denied: provider=0x76f6846ef0 requested_bytes=35002 charged_bytes=39122 bookkeeping_bytes=2039968 used_bytes=266360614 next_used_bytes=266399736 max_bytes=268435456 live_reservations=5 max_reservations=4096 attempts=6 error=Kind(OutOfMemory)
test storage_opening::tests::private_opening_arc_is_admitted_before_any_prepared_owner_allocation ... ok
TestDiskMemory::reserve_installed denied: provider=0x76f6845910 requested_bytes=16924 charged_bytes=21044 bookkeeping_bytes=71840 used_bytes=52303468 next_used_bytes=52324512 max_bytes=268435456 live_reservations=128 max_reservations=128 attempts=462 error=Kind(OutOfMemory)
test storage_domains::prepared_point_read::tests::prepared_point_final_capacity_quotes_real_overlap_and_refusal_keeps_original ... ok
TestDiskMemory::reserve_installed denied: provider=0x76f68446f0 requested_bytes=4515 charged_bytes=8635 bookkeeping_bytes=71840 used_bytes=52298953 next_used_bytes=52307588 max_bytes=268435456 live_reservations=128 max_reservations=128 attempts=462 error=Kind(OutOfMemory)
test storage_domains::prepared_point_read::tests::prepared_point_partial_construction_denial_retires_backing_and_registered_reader ... ok
test storage_domains::prepared_point_read::tests::prepared_point_handoff_reuses_backing_on_exact_roots_and_clears_short_suffix ... ok
test read_view::fork_tests::prepared_pair_unknown_cancellation_keeps_exact_payload_and_census_custody ... ok
test read_view::fork_tests::prepared_pair_rechecks_each_domain_before_native_begin_and_retires_queue ... ok
test storage_domains::prepared_point_read::tests::prepared_size_replacement_retains_actual_old_backing_drop_panic ... ok
test storage_domains::prepared_point_read::tests::prepared_points_keep_both_domains_on_the_same_snapshot_across_writes_and_rotation ... ok
test storage_domains::prepared_point_read::tests::prepared_points_reuse_real_encrypted_backing_with_exact_overlapping_charges ... ok
test storage_domains::prepared_point_read::tests::prepared_finish_preserves_original_and_actual_lease_drop_panic ... ok
test storage_domains::prepared_point_read::tests::prepared_transfer_preserves_native_failure_when_backing_retirement_also_panics ... ok
test storage_domains::prepared_point_read::tests::prepared_size_preflight_reuses_directory_then_authenticates_exact_snapshot ... ok
test storage_domains::prepared_point_read::tests::prepared_point_handoff_checks_pair_authentication_and_expiry_without_admission ... ok
test storage_domains::prepared_point_read::tests::prepared_points_retain_full_fit_cache_and_check_expiry_on_hits_and_absence ... ok
test storage_domains::prepared_point_read::tests::prepared_points_check_peer_access_even_on_application_cache_hit_and_absence ... ok
test storage_domains::prepared_point_read::tests::prepared_points_authenticate_and_reject_wrong_identity_trailing_and_missing_key ... ok

test result: ok. 42 passed; 0 failed; 0 ignored; 0 measured; 666 filtered out; finished in 8.99s

error: 2 targets failed:
    `-p kasumi-engine --lib`
    `-p kasumi-raft --lib`
Runner: 952.43s; exit=101; matching=865/865
