Command: cargo test --locked --offline --config profile.test.package.kasumi-kv.opt-level=3 --config profile.test.package.sha2.opt-level=3 -p kasumi-kv -p kasumi-store -p kasumi-query -p kasumi-raft -p kasumi-engine -p kasumi-authority --all-features --lib --no-fail-fast -- prepared_record_publication_ prepared_publication::tests --nocapture
ISOLATED_SOURCE=/tmp/kasumi-source-cohort-validation-v1
CARGO_TARGET_DIR=/Users/takemiyamakoto/dev/kasumi/target/disk-backed-cache
   Compiling kasumi-kv v0.1.0 (/private/tmp/kasumi-source-cohort-validation-v1/crates/kasumi-kv)
warning: method `last_sm_seq` is never used
  --> vendor/openraft-0.9.25/openraft/src/engine/engine_output.rs:35:19
   |
24 | / impl<C> EngineOutput<C>
25 | | where
26 | |     C: RaftTypeConfig,
   | |______________________- method in this implementation
...
35 |       pub(crate) fn last_sm_seq(&self) -> CommandSeq {
   |                     ^^^^^^^^^^^
   |
   = note: `#[warn(dead_code)]` (part of `#[warn(unused)]`) on by default

warning: method `accept_vote` is never used
  --> vendor/openraft-0.9.25/openraft/src/engine/handler/vote_handler/mod.rs:58:19
   |
45 | / impl<C> VoteHandler<'_, C>
46 | | where
47 | |     C: RaftTypeConfig,
   | |______________________- method in this implementation
...
58 |       pub(crate) fn accept_vote<T, E, F>(
   |                     ^^^^^^^^^^^

warning: `openraft` (lib) generated 2 warnings
   Compiling kasumi-store v0.1.0 (/private/tmp/kasumi-source-cohort-validation-v1/crates/kasumi-store)
warning: field `database` is never read
  --> crates/kasumi-store/src/storage_opening/publication.rs:58:5
   |
55 | struct PublicationRequest {
   |        ------------------ field in this struct
...
58 |     database: StorageRegistration<DatabaseOwner>,
   |     ^^^^^^^^
   |
   = note: `#[warn(dead_code)]` (part of `#[warn(unused)]`) on by default

   Compiling kasumi-raft v0.1.0 (/private/tmp/kasumi-source-cohort-validation-v1/crates/kasumi-raft)
warning: `kasumi-store` (lib) generated 1 warning
warning: field `0` is never read
  --> crates/kasumi-raft/src/owned_prepared_restore.rs:25:33
   |
25 | struct CandidateRetirementPanic(std::sync::Mutex<Box<dyn std::any::Any + Send>>);
   |        ------------------------ ^^^^^^^^^^^^^^^^^^^^^^^^^^^^^^^^^^^^^^^^^^^^^^^
   |        |
   |        field in this struct
   |
   = help: consider removing this field
   = note: `#[warn(dead_code)]` (part of `#[warn(unused)]`) on by default

warning: method `prepared_snapshot_publication` is never used
   --> crates/kasumi-raft/src/custody_machine.rs:235:19
    |
135 | impl CustodyMachine {
    | ------------------- method in this implementation
...
235 |     pub(crate) fn prepared_snapshot_publication(
    |                   ^^^^^^^^^^^^^^^^^^^^^^^^^^^^^

warning: field `0` is never read
   --> crates/kasumi-raft/src/custody_snapshot_preparation.rs:331:32
    |
331 | struct SnapshotRetirementPanic(std::sync::Mutex<Box<dyn std::any::Any + Send>>);
    |        ----------------------- ^^^^^^^^^^^^^^^^^^^^^^^^^^^^^^^^^^^^^^^^^^^^^^^
    |        |
    |        field in this struct
    |
    = help: consider removing this field

warning: struct `TrackedStorePublication` is never constructed
   --> crates/kasumi-raft/src/lifetime.rs:242:19
    |
242 | pub(crate) struct TrackedStorePublication {
    |                   ^^^^^^^^^^^^^^^^^^^^^^^

warning: enum `PublicationStorage` is never used
   --> crates/kasumi-raft/src/lifetime.rs:248:6
    |
248 | enum PublicationStorage {
    |      ^^^^^^^^^^^^^^^^^^

warning: method `prepare_store_publication` is never used
   --> crates/kasumi-raft/src/lifetime.rs:253:19
    |
252 | impl StorageHandle<kasumi_store::TenantStorageSet> {
    | -------------------------------------------------- method in this implementation
253 |     pub(crate) fn prepare_store_publication(self) -> TrackedStorePublication {
    |                   ^^^^^^^^^^^^^^^^^^^^^^^^^

warning: method `prepare_store_publication` is never used
   --> crates/kasumi-raft/src/lifetime.rs:265:19
    |
264 | impl StorageHandle<kasumi_store::CustodyStore> {
    | ---------------------------------------------- method in this implementation
265 |     pub(crate) fn prepare_store_publication(self) -> TrackedStorePublication {
    |                   ^^^^^^^^^^^^^^^^^^^^^^^^^

warning: methods `producer`, `producer_mut`, and `retire_staging` are never used
   --> crates/kasumi-raft/src/lifetime.rs:277:19
    |
276 | impl TrackedStorePublication {
    | ---------------------------- methods in this implementation
277 |     pub(crate) fn producer(&self) -> &kasumi_store::PreparedStorePublication {
    |                   ^^^^^^^^
...
280 |     pub(crate) fn producer_mut(&mut self) -> &mut kasumi_store::PreparedStorePublication {
    |                   ^^^^^^^^^^^^
...
283 |     pub(crate) fn retire_staging(&mut self) -> kasumi_types::drain::DrainResult {
    |                   ^^^^^^^^^^^^^^

warning: associated function `new` is never used
  --> crates/kasumi-raft/src/snapshot_buffer/prepared_child.rs:84:8
   |
83 | impl PreparedChild {
   | ------------------ associated function in this implementation
84 |     fn new(body: PreparedSnapshotBody) -> Self {
   |        ^^^

warning: field `0` is never read
   --> crates/kasumi-raft/src/snapshot_buffer/prepared_child.rs:304:19
    |
304 | struct ChildPanic(Mutex<Box<dyn std::any::Any + Send>>);
    |        ---------- ^^^^^^^^^^^^^^^^^^^^^^^^^^^^^^^^^^^^
    |        |
    |        field in this struct
    |
    = help: consider removing this field

warning: methods `begin_prepared_body` and `cancel_body` are never used
   --> crates/kasumi-raft/src/snapshot_buffer/prepared_child.rs:403:19
    |
317 | impl SnapshotBuffer {
    | ------------------- methods in this implementation
...
403 |     pub(crate) fn begin_prepared_body(
    |                   ^^^^^^^^^^^^^^^^^^^
...
467 |     pub(crate) async fn cancel_body(&mut self) -> DrainResult {
    |                         ^^^^^^^^^^^

warning: method `prepare_engine_publication` is never used
    --> crates/kasumi-raft/src/storage.rs:1121:19
     |
1083 | impl PendingSnapshot {
     | -------------------- method in this implementation
...
1121 |     pub(crate) fn prepare_engine_publication<'backend>(
     |                   ^^^^^^^^^^^^^^^^^^^^^^^^^^

warning: enum `SnapshotPublicationPhase` is never used
    --> crates/kasumi-raft/src/storage.rs:1175:6
     |
1175 | enum SnapshotPublicationPhase {
     |      ^^^^^^^^^^^^^^^^^^^^^^^^

warning: struct `PreparedEngineSnapshotPublication` is never constructed
    --> crates/kasumi-raft/src/storage.rs:1181:19
     |
1181 | pub(crate) struct PreparedEngineSnapshotPublication<'backend> {
     |                   ^^^^^^^^^^^^^^^^^^^^^^^^^^^^^^^^^

warning: methods `source` and `publish` are never used
    --> crates/kasumi-raft/src/storage.rs:1191:19
     |
1190 | impl PreparedEngineSnapshotPublication<'_> {
     | ------------------------------------------ methods in this implementation
1191 |     pub(crate) fn source(&self) -> &crate::PreparedSnapshotSourceEnvelope {
     |                   ^^^^^^
...
1194 |     pub(crate) fn publish(&mut self, domains: &TenantStorageSet) -> Result<()> {
     |                   ^^^^^^^

warning: method `bind` is never used
  --> crates/kasumi-raft/src/storage/snapshot_conflict.rs:38:8
   |
37 | pub(crate) trait PreparedSnapshotConflictWrite: Send + 'static {
   |                  ----------------------------- method in this trait
38 |     fn bind(
   |        ^^^^

warning: struct `ExecutorAllocation` is never constructed
  --> crates/kasumi-raft/src/storage/snapshot_conflict.rs:60:19
   |
60 | pub(crate) struct ExecutorAllocation<E> {
   |                   ^^^^^^^^^^^^^^^^^^

warning: method `install` is never used
  --> crates/kasumi-raft/src/storage/snapshot_conflict.rs:66:19
   |
65 | impl<E: PreparedSnapshotConflictWrite> ExecutorAllocation<E> {
   | ------------------------------------------------------------ method in this implementation
66 |     pub(crate) fn install(self, value: E) -> ConflictExecutor {
   |                   ^^^^^^^

warning: field `provider` is never read
  --> crates/kasumi-raft/src/storage/snapshot_conflict.rs:76:5
   |
74 | pub(crate) struct ConflictExecutor {
   |                   ---------------- field in this struct
75 |     value: Box<dyn PreparedSnapshotConflictWrite>,
76 |     provider: Arc<dyn kasumi_store::NodeDiskMemoryAdmission>,
   |     ^^^^^^^^

warning: enum `ExecutorBindError` is never used
  --> crates/kasumi-raft/src/storage/snapshot_conflict.rs:80:17
   |
80 | pub(crate) enum ExecutorBindError {
   |                 ^^^^^^^^^^^^^^^^^

warning: variants `Inventory` and `Binding` are never constructed
   --> crates/kasumi-raft/src/storage/snapshot_conflict.rs:100:5
    |
 96 | enum Phase {
    |      ----- variants in this enum
...
100 |     Inventory,
    |     ^^^^^^^^^
101 |     Binding,
    |     ^^^^^^^
    |
    = note: `Phase` has derived impls for the traits `Debug` and `Clone`, but these are intentionally ignored during dead code analysis

warning: field `inventory_complete` is never read
   --> crates/kasumi-raft/src/storage/snapshot_conflict.rs:118:5
    |
107 | pub(crate) struct PreparedSnapshotConflict {
    |                   ------------------------ field in this struct
...
118 |     inventory_complete: bool,
    |     ^^^^^^^^^^^^^^^^^^

warning: methods `visit_inventory`, `prepare_executor_allocation`, `bind_executor`, `interval`, and `context` are never used
   --> crates/kasumi-raft/src/storage/snapshot_conflict.rs:243:19
    |
134 | impl PreparedSnapshotConflict {
    | ----------------------------- methods in this implementation
...
243 |     pub(crate) fn visit_inventory(
    |                   ^^^^^^^^^^^^^^^
...
276 |     pub(crate) fn prepare_executor_allocation<E: PreparedSnapshotConflictWrite>(
    |                   ^^^^^^^^^^^^^^^^^^^^^^^^^^^
...
297 |     pub(crate) fn bind_executor(
    |                   ^^^^^^^^^^^^^
...
397 |     pub(crate) fn interval(&self) -> Option<ConflictInterval> {
    |                   ^^^^^^^^
...
400 |     pub(crate) fn context(&self) -> &SnapshotAcceptanceContext<u64> {
    |                   ^^^^^^^

warning: method `source` is never used
   --> crates/kasumi-raft/src/storage/owned_snapshot_body.rs:306:19
    |
 57 | impl PreparedApplicationSnapshot {
    | -------------------------------- method in this implementation
...
306 |     pub(crate) fn source(&self) -> Option<&crate::PreparedSnapshotSourceEnvelope> {
    |                   ^^^^^^

warning: field `0` is never read
   --> crates/kasumi-raft/src/storage/owned_snapshot_body.rs:681:32
    |
681 | struct SnapshotRetirementPanic(std::sync::Mutex<Box<dyn std::any::Any + Send>>);
    |        ----------------------- ^^^^^^^^^^^^^^^^^^^^^^^^^^^^^^^^^^^^^^^^^^^^^^^
    |        |
    |        field in this struct
    |
    = help: consider removing this field

warning: field `log` is never read
  --> crates/kasumi-raft/src/storage/snapshot_seed.rs:64:5
   |
51 | pub(crate) struct SnapshotSeed {
   |                   ------------ field in this struct
...
64 |     log: LogStore,
   |     ^^^

warning: methods `log` and `expected` are never used
   --> crates/kasumi-raft/src/storage/snapshot_seed.rs:398:19
    |
125 | impl SnapshotSeed {
    | ----------------- methods in this implementation
...
398 |     pub(crate) fn log(&self) -> &LogStore {
    |                   ^^^
...
401 |     pub(crate) fn expected(&self) -> &SnapshotMeta<u64, BasicNode> {
    |                   ^^^^^^^^

warning: constant `CLEANUP_ROWS` is never used
 --> crates/kasumi-raft/src/storage/publication_producer.rs:6:7
  |
6 | const CLEANUP_ROWS: usize = 1024;
  |       ^^^^^^^^^^^^

warning: constant `ALLOCATION_ALLOWANCE` is never used
 --> crates/kasumi-raft/src/storage/publication_producer.rs:7:7
  |
7 | const ALLOCATION_ALLOWANCE: u64 = 4096;
  |       ^^^^^^^^^^^^^^^^^^^^

warning: struct `CleanupWorkspace` is never constructed
 --> crates/kasumi-raft/src/storage/publication_producer.rs:9:8
  |
9 | struct CleanupWorkspace {
  |        ^^^^^^^^^^^^^^^^

warning: associated items `new`, `chunks`, and `marker` are never used
  --> crates/kasumi-raft/src/storage/publication_producer.rs:14:8
   |
13 | impl CleanupWorkspace {
   | --------------------- associated items in this implementation
14 |     fn new(store: &TenantStore, manifest: &SnapshotManifest) -> Result<Self> {
   |        ^^^
...
75 |     fn chunks(&mut self, start: u64, count: usize) -> Result<&[WriteOp]> {
   |        ^^^^^^
...
91 |     fn marker(&mut self) -> &[WriteOp] {
   |        ^^^^^^

warning: method `stage_native_final` is never used
   --> crates/kasumi-raft/src/storage/publication_producer.rs:105:19
    |
101 | impl PreparedSnapshotWrites {
    | --------------------------- method in this implementation
...
105 |     pub(crate) fn stage_native_final(
    |                   ^^^^^^^^^^^^^^^^^^

warning: function `stage_cleanup_from_final` is never used
   --> crates/kasumi-raft/src/storage/publication_producer.rs:134:4
    |
134 | fn stage_cleanup_from_final(
    |    ^^^^^^^^^^^^^^^^^^^^^^^^

   Compiling kasumi-engine v0.1.0 (/private/tmp/kasumi-source-cohort-validation-v1/crates/kasumi-engine)
warning: `kasumi-raft` (lib) generated 33 warnings
warning: methods `fixture_install_snapshot` and `prepared_snapshot_publication` are never used
   --> crates/kasumi-raft/src/custody_machine.rs:139:25
    |
135 | impl CustodyMachine {
    | ------------------- methods in this implementation
...
139 |     pub(crate) async fn fixture_install_snapshot(
    |                         ^^^^^^^^^^^^^^^^^^^^^^^^
...
235 |     pub(crate) fn prepared_snapshot_publication(
    |                   ^^^^^^^^^^^^^^^^^^^^^^^^^^^^^
    |
    = note: `#[warn(dead_code)]` (part of `#[warn(unused)]`) on by default

warning: field `executor` is never read
  --> crates/kasumi-raft/src/storage/snapshot_conflict.rs:84:9
   |
82 |     NotEntered {
   |     ---------- field in this variant
83 |         error: anyhow::Error,
84 |         executor: ConflictExecutor,
   |         ^^^^^^^^

warning: methods `interval` and `context` are never used
   --> crates/kasumi-raft/src/storage/snapshot_conflict.rs:397:19
    |
134 | impl PreparedSnapshotConflict {
    | ----------------------------- methods in this implementation
...
397 |     pub(crate) fn interval(&self) -> Option<ConflictInterval> {
    |                   ^^^^^^^^
...
400 |     pub(crate) fn context(&self) -> &SnapshotAcceptanceContext<u64> {
    |                   ^^^^^^^

warning: `kasumi-raft` (lib test) generated 13 warnings (10 duplicates)
warning: `kasumi-store` (lib test) generated 1 warning (1 duplicate)
warning: methods `prepare` and `prepare_kind` are never used
   --> crates/kasumi-engine/src/application_sources.rs:756:19
    |
648 | impl SourceRootsRef {
    | ------------------- methods in this implementation
...
756 |     pub(crate) fn prepare(&self) -> Result<RootPreparation> {
    |                   ^^^^^^^
...
795 |     fn prepare_kind(&self, canonical: bool) -> Result<RootPreparation> {
    |        ^^^^^^^^^^^^
    |
    = note: `#[warn(dead_code)]` (part of `#[warn(unused)]`) on by default

warning: `kasumi-engine` (lib) generated 1 warning
   Compiling kasumi-authority v0.1.0 (/private/tmp/kasumi-source-cohort-validation-v1/crates/kasumi-authority)
    Finished `test` profile [unoptimized + debuginfo] target(s) in 1m 42s
     Running unittests src/lib.rs (/Users/takemiyamakoto/dev/kasumi/target/disk-backed-cache/debug/deps/kasumi_authority-e63a7f831ec29de9)

running 0 tests

test result: ok. 0 passed; 0 failed; 0 ignored; 0 measured; 78 filtered out; finished in 0.00s

     Running unittests src/lib.rs (/Users/takemiyamakoto/dev/kasumi/target/disk-backed-cache/debug/deps/kasumi_engine-707e7a92ed2be845)

running 0 tests

test result: ok. 0 passed; 0 failed; 0 ignored; 0 measured; 683 filtered out; finished in 0.00s

     Running unittests src/lib.rs (/Users/takemiyamakoto/dev/kasumi/target/disk-backed-cache/debug/deps/kasumi_kv-221aa5373d25965b)

running 10 tests
test disk_state::record_publication::counter_tests::prepared_record_publication_counter_headroom_rejects_competing_vote_at_limit ... ok
test tables::record_publication::tests::prepared_record_publication_failed_prepare_retains_unknown_without_generation ... ok
test tables::record_publication::tests::prepared_record_publication_pristine_refusal_and_sealed_cancel_keep_exact_owner ... ok
test tables::record_publication::tests::prepared_record_publication_rejects_foreign_table_before_native_slice ... ok
test tables::record_publication::tests::prepared_record_publication_failed_slice_retains_original_writer_before_private_log ... ok
test tables::record_publication::tests::prepared_record_publication_entered_source_error_retains_original_and_refuses_cancel ... ok
test tables::record_publication::tests::prepared_record_publication_keeps_all_fitting_rows_hot ... ok
test tables::record_publication::tests::prepared_record_publication_reuses_native_workspace_and_original_writer_after_vote ... ok
test tables::record_publication::tests::prepared_record_publication_preserves_repeated_and_descending_key_order ... ok
test tables::record_publication::tests::prepared_record_publication_batches_same_leaf_with_fixed_key_backing ... ok

test result: ok. 10 passed; 0 failed; 0 ignored; 0 measured; 565 filtered out; finished in 0.01s

     Running unittests src/lib.rs (/Users/takemiyamakoto/dev/kasumi/target/disk-backed-cache/debug/deps/kasumi_query-98098ded30f605b4)

running 0 tests

test result: ok. 0 passed; 0 failed; 0 ignored; 0 measured; 71 filtered out; finished in 0.00s

     Running unittests src/lib.rs (/Users/takemiyamakoto/dev/kasumi/target/disk-backed-cache/debug/deps/kasumi_raft-80f97d1b4f50c7fa)

running 0 tests

test result: ok. 0 passed; 0 failed; 0 ignored; 0 measured; 244 filtered out; finished in 0.00s

     Running unittests src/lib.rs (/Users/takemiyamakoto/dev/kasumi/target/disk-backed-cache/debug/deps/kasumi_store-6fd2a1f28b2df75c)

running 6 tests
test prepared_publication::tests::failed_consumer_keeps_original_and_cannot_replay_or_report_completion ... ok
test prepared_publication::tests::actual_native_prepared_owner_cancels_after_key_rotation_before_commit ... ok
test prepared_publication::tests::actual_key_rotation_is_detected_even_when_access_generation_is_unchanged ... ok
test prepared_publication::tests::repeated_same_batch_replay_has_no_new_allocation_or_provider_grant ... ok
test prepared_publication::tests::actual_native_publication_keeps_votes_moving_and_commits_one_final_image ... ok
test prepared_publication::tests::complete_pair_is_deduplicated_frozen_and_single_final_commit ... ok

test result: ok. 6 passed; 0 failed; 0 ignored; 0 measured; 748 filtered out; finished in 6.08s

Runner: 108.96s; exit=0; matching=1614/1614
