Command: cargo test -p kasumi-engine --all-features --test contracts --test schema_activation --locked --offline --config profile.test.package.kasumi-kv.opt-level=3 --config profile.test.package.sha2.opt-level=3 -- --test-threads=1 batch_failure_leaves_no_partial_document_or_index_effects unique_index_swap_is_atomic_and_old_generation_remains_coherent atomic_bundle_publishes_all_indexes_once_and_preserves_read_generations text_and_structured_indexes_publish_together_after_existing_documents_validate
CARGO_TARGET_DIR=target/disk-backed-cache
warning: variant `Mutation` is never constructed
  --> crates/kasumi-engine/src/security_audit_jobs.rs:26:5
   |
24 | enum JobEffect {
   |      --------- variant in this enum
25 |     Read,
26 |     Mutation(&'static str),
   |     ^^^^^^^^
   |
   = note: `JobEffect` has a derived impl for the trait `Clone`, but this is intentionally ignored during dead code analysis
   = note: `#[warn(dead_code)]` (part of `#[warn(unused)]`) on by default

warning: struct `ReadPause` is never constructed
  --> crates/kasumi-engine/src/security_audit_jobs.rs:57:19
   |
57 | pub(super) struct ReadPause {
   |                   ^^^^^^^^^

warning: method `run_mutation` is never used
   --> crates/kasumi-engine/src/security_audit_jobs.rs:120:25
    |
 62 | impl SecurityAudit {
    | ------------------ method in this implementation
...
120 |     pub(super) async fn run_mutation<T, F, R>(&self, component: &'static str, run: R) -> Result<T>
    |                         ^^^^^^^^^^^^

warning: `kasumi-engine` (lib) generated 3 warnings
   Compiling kasumi-engine v0.1.0 (/Users/takemiyamakoto/dev/kasumi/crates/kasumi-engine)
    Finished `test` profile [unoptimized + debuginfo] target(s) in 25.60s
     Running tests/contracts.rs (target/disk-backed-cache/debug/deps/contracts-cefae1449b4688eb)

running 2 tests
test batch_failure_leaves_no_partial_document_or_index_effects ... ok
test unique_index_swap_is_atomic_and_old_generation_remains_coherent ... ok

test result: ok. 2 passed; 0 failed; 0 ignored; 0 measured; 24 filtered out; finished in 4.89s

     Running tests/schema_activation.rs (target/disk-backed-cache/debug/deps/schema_activation-2da7b459946c32f5)

running 2 tests
test atomic_bundle_publishes_all_indexes_once_and_preserves_read_generations ... ok
test text_and_structured_indexes_publish_together_after_existing_documents_validate ... ok

test result: ok. 2 passed; 0 failed; 0 ignored; 0 measured; 16 filtered out; finished in 3.87s

Runner: 34.51s; exit=0; matching=717/717
