Command: cargo test --locked --offline --config profile.test.package.kasumi-kv.opt-level=3 --config profile.test.package.sha2.opt-level=3 -p kasumi-kv -p kasumi-store -p kasumi-raft -p kasumi-engine -p kasumi-authority --all-features --lib --no-fail-fast -- prepared_custody_snapshot_ snapshot_owned_body_ snapshot_retirement_ owned_prepared_application_snapshot_ snapshot_certificate_ fixed_snapshot_capacity_wakes_ snapshot_source_capacity_waiter_ --nocapture
ISOLATED_SOURCE=/tmp/kasumi-source-cohort-validation-v1
CARGO_TARGET_DIR=/Users/takemiyamakoto/dev/kasumi/target/disk-backed-cache
   Compiling kasumi-raft v0.1.0 (/private/tmp/kasumi-source-cohort-validation-v1/crates/kasumi-raft)
warning: method `prepare_snapshot` is never used
  --> crates/kasumi-raft/src/non_application_source_capacity.rs:62:19
   |
61 | impl FixedProvider {
   | ------------------ method in this implementation
62 |     pub(crate) fn prepare_snapshot(&self) -> CapacityPreparation {
   |                   ^^^^^^^^^^^^^^^^
   |
   = note: `#[warn(dead_code)]` (part of `#[warn(unused)]`) on by default

warning: variant `SnapshotPublication` is never constructed
  --> crates/kasumi-raft/src/selected_application/plan.rs:38:5
   |
33 | enum AppliedOrigin {
   |      ------------- variant in this enum
...
38 |     SnapshotPublication,
   |     ^^^^^^^^^^^^^^^^^^^
   |
   = note: `AppliedOrigin` has a derived impl for the trait `Clone`, but this is intentionally ignored during dead code analysis

warning: method `observe_snapshot_writes` is never used
   --> crates/kasumi-raft/src/selected_application/control_memory.rs:274:19
    |
263 | impl ControlMemory {
    | ------------------ method in this implementation
...
274 |     pub(super) fn observe_snapshot_writes(
    |                   ^^^^^^^^^^^^^^^^^^^^^^^

warning: associated functions `for_publication` and `at` are never used
  --> crates/kasumi-raft/src/selected_application/snapshot_source_envelope.rs:23:19
   |
18 | impl PreparedSnapshotSourceEnvelope {
   | ----------------------------------- associated functions in this implementation
...
23 |     pub(crate) fn for_publication(
   |                   ^^^^^^^^^^^^^^^
...
39 |     fn at(
   |        ^^

warning: function `write_effect` is never used
   --> crates/kasumi-raft/src/selected_application/snapshot_source_envelope.rs:235:4
    |
235 | fn write_effect<'a>(
    |    ^^^^^^^^^^^^

warning: function `prospective_bound` is never used
   --> crates/kasumi-raft/src/selected_application/snapshot_source_envelope.rs:253:4
    |
253 | fn prospective_bound(
    |    ^^^^^^^^^^^^^^^^^

warning: function `prospective_record` is never used
   --> crates/kasumi-raft/src/selected_application/snapshot_source_envelope.rs:279:4
    |
279 | fn prospective_record<'a>(
    |    ^^^^^^^^^^^^^^^^^^

warning: fields `joint_effects` and `context_identity` are never read
  --> crates/kasumi-raft/src/selected_application/closed_snapshot_source_envelope.rs:13:5
   |
10 | pub struct PreparedClosedSnapshotSourceEnvelope {
   |            ------------------------------------ fields in this struct
...
13 |     joint_effects: [u8; 32],
   |     ^^^^^^^^^^^^^
14 |     context_identity: [u8; 32],
   |     ^^^^^^^^^^^^^^^^
   |
   = note: `PreparedClosedSnapshotSourceEnvelope` has a derived impl for the trait `Clone`, but this is intentionally ignored during dead code analysis

warning: associated items `for_publication` and `require_producer` are never used
  --> crates/kasumi-raft/src/selected_application/closed_snapshot_source_envelope.rs:19:19
   |
18 | impl PreparedClosedSnapshotSourceEnvelope {
   | ----------------------------------------- associated items in this implementation
19 |     pub(crate) fn for_publication(
   |                   ^^^^^^^^^^^^^^^
...
60 |     pub(crate) fn require_producer(
   |                   ^^^^^^^^^^^^^^^^

warning: method `prepared_snapshot_publication` is never used
   --> crates/kasumi-raft/src/custody_machine.rs:166:19
    |
132 | impl CustodyMachine {
    | ------------------- method in this implementation
...
166 |     pub(crate) fn prepared_snapshot_publication(
    |                   ^^^^^^^^^^^^^^^^^^^^^^^^^^^^^

warning: variant `Retiring` is never constructed
  --> crates/kasumi-raft/src/custody_snapshot_preparation.rs:23:5
   |
17 | enum Phase {
   |      ----- variant in this enum
...
23 |     Retiring,
   |     ^^^^^^^^
   |
   = note: `Phase` has a derived impl for the trait `Clone`, but this is intentionally ignored during dead code analysis

warning: field `retirement` is never read
  --> crates/kasumi-raft/src/custody_snapshot_preparation.rs:31:5
   |
26 | struct PreparedCustodyWrites {
   |        --------------------- field in this struct
...
31 |     retirement: DrainReport,
   |     ^^^^^^^^^^

warning: method `retire_staging` is never used
   --> crates/kasumi-raft/src/custody_snapshot_preparation.rs:140:8
    |
 33 | impl PreparedCustodyWrites {
    | -------------------------- method in this implementation
...
140 |     fn retire_staging(&mut self) -> DrainResult {
    |        ^^^^^^^^^^^^^^

warning: enum `StoreOwner` is never used
   --> crates/kasumi-raft/src/custody_snapshot_preparation.rs:166:6
    |
166 | enum StoreOwner {
    |      ^^^^^^^^^^

warning: method `custody` is never used
   --> crates/kasumi-raft/src/custody_snapshot_preparation.rs:171:8
    |
170 | impl StoreOwner {
    | --------------- method in this implementation
171 |     fn custody(&self) -> &CustodyStore {
    |        ^^^^^^^

warning: struct `PreparedCustodySnapshotPublication` is never constructed
   --> crates/kasumi-raft/src/custody_snapshot_preparation.rs:179:19
    |
179 | pub(crate) struct PreparedCustodySnapshotPublication {
    |                   ^^^^^^^^^^^^^^^^^^^^^^^^^^^^^^^^^^

warning: multiple associated items are never used
   --> crates/kasumi-raft/src/custody_snapshot_preparation.rs:188:19
    |
187 | impl PreparedCustodySnapshotPublication {
    | --------------------------------------- associated items in this implementation
188 |     pub(crate) fn for_application(
    |                   ^^^^^^^^^^^^^^^
...
200 |     pub(crate) fn for_custody(
    |                   ^^^^^^^^^^^
...
214 |     pub(crate) fn prepare(
    |                   ^^^^^^^
...
227 |     pub(crate) fn prepared_application_writes(
    |                   ^^^^^^^^^^^^^^^^^^^^^^^^^^^
...
246 |     pub(crate) fn publish(&mut self, control: &OwnedControlGuard) -> Result<()> {
    |                   ^^^^^^^
...
250 |     pub(crate) fn publication_started(&self) -> bool {
    |                   ^^^^^^^^^^^^^^^^^^^
...
253 |     pub(crate) fn meta(&self) -> &openraft::SnapshotMeta<u64, crate::BasicNode> {
    |                   ^^^^
...
256 |     pub(crate) fn retire_staging(&mut self) -> DrainResult {
    |                   ^^^^^^^^^^^^^^

warning: enum `ImageRetirement` is never used
   --> crates/kasumi-raft/src/custody_snapshot_preparation.rs:322:6
    |
322 | enum ImageRetirement {
    |      ^^^^^^^^^^^^^^^

warning: struct `SnapshotRetirementPanic` is never constructed
   --> crates/kasumi-raft/src/custody_snapshot_preparation.rs:327:8
    |
327 | struct SnapshotRetirementPanic(std::sync::Mutex<Box<dyn std::any::Any + Send>>);
    |        ^^^^^^^^^^^^^^^^^^^^^^^

warning: function `observe_retirement` is never used
   --> crates/kasumi-raft/src/custody_snapshot_preparation.rs:340:4
    |
340 | fn observe_retirement(
    |    ^^^^^^^^^^^^^^^^^^

warning: function `retire_image` is never used
   --> crates/kasumi-raft/src/custody_snapshot_preparation.rs:377:4
    |
377 | fn retire_image(
    |    ^^^^^^^^^^^^

warning: method `retire_staging` is never used
   --> crates/kasumi-raft/src/custody_records.rs:251:19
    |
248 | impl Records {
    | ------------ method in this implementation
...
251 |     pub(crate) fn retire_staging(
    |                   ^^^^^^^^^^^^^^

warning: variant `Freezing` is never constructed
  --> crates/kasumi-raft/src/snapshot_buffer.rs:32:5
   |
29 | enum Backing {
   |      ------- variant in this enum
...
32 |     Freezing(Option<Box<EncryptedSpool>>),
   |     ^^^^^^^^
   |
   = note: `Backing` has a derived impl for the trait `Debug`, but this is intentionally ignored during dead code analysis

warning: variant `Freeze` is never constructed
  --> crates/kasumi-raft/src/snapshot_buffer.rs:39:5
   |
36 | enum Completion {
   |      ---------- variant in this enum
...
39 |     Freeze,
   |     ^^^^^^
   |
   = note: `Completion` has a derived impl for the trait `Debug`, but this is intentionally ignored during dead code analysis

warning: variant `Freeze` is never constructed
  --> crates/kasumi-raft/src/snapshot_buffer.rs:46:5
   |
43 | enum Kind {
   |      ---- variant in this enum
...
46 |     Freeze,
   |     ^^^^^^
   |
   = note: `Kind` has a derived impl for the trait `Debug`, but this is intentionally ignored during dead code analysis

warning: method `prepare_fixed_snapshot_capacity` is never used
   --> crates/kasumi-raft/src/snapshot_buffer.rs:378:19
    |
302 | impl SnapshotBufferOwner {
    | ------------------------ method in this implementation
...
378 |     pub(crate) fn prepare_fixed_snapshot_capacity(
    |                   ^^^^^^^^^^^^^^^^^^^^^^^^^^^^^^^

warning: method `prepare_image` is never used
    --> crates/kasumi-raft/src/snapshot_buffer.rs:1403:25
     |
1348 | impl SnapshotBuffer {
     | ------------------- method in this implementation
...
1403 |     pub(crate) async fn prepare_image(&mut self) -> io::Result<SnapshotImage> {
     |                         ^^^^^^^^^^^^^

warning: method `source_capacity_seed` is never used
   --> crates/kasumi-raft/src/snapshot_custody.rs:102:19
    |
 99 | impl SnapshotRetirement {
    | ----------------------- method in this implementation
...
102 |     pub(crate) fn source_capacity_seed(&self) -> &[u8] {
    |                   ^^^^^^^^^^^^^^^^^^^^

warning: method `prepare_engine_publication` is never used
    --> crates/kasumi-raft/src/storage.rs:1118:19
     |
1080 | impl PendingSnapshot {
     | -------------------- method in this implementation
...
1118 |     pub(crate) fn prepare_engine_publication<'backend>(
     |                   ^^^^^^^^^^^^^^^^^^^^^^^^^^

warning: enum `SnapshotPublicationPhase` is never used
    --> crates/kasumi-raft/src/storage.rs:1172:6
     |
1172 | enum SnapshotPublicationPhase {
     |      ^^^^^^^^^^^^^^^^^^^^^^^^

warning: struct `PreparedEngineSnapshotPublication` is never constructed
    --> crates/kasumi-raft/src/storage.rs:1178:19
     |
1178 | pub(crate) struct PreparedEngineSnapshotPublication<'backend> {
     |                   ^^^^^^^^^^^^^^^^^^^^^^^^^^^^^^^^^

warning: methods `source` and `publish` are never used
    --> crates/kasumi-raft/src/storage.rs:1188:19
     |
1187 | impl PreparedEngineSnapshotPublication<'_> {
     | ------------------------------------------ methods in this implementation
1188 |     pub(crate) fn source(&self) -> &crate::PreparedSnapshotSourceEnvelope {
     |                   ^^^^^^
...
1191 |     pub(crate) fn publish(&mut self, domains: &TenantStorageSet) -> Result<()> {
     |                   ^^^^^^^

warning: field `actor_role` is never read
    --> crates/kasumi-raft/src/storage.rs:1288:5
     |
1287 | pub struct StateMachine {
     |            ------------ field in this struct
1288 |     actor_role: crate::SourceActorRole,
     |     ^^^^^^^^^^
     |
     = note: `StateMachine` has a derived impl for the trait `Clone`, but this is intentionally ignored during dead code analysis

warning: struct `OwnedControlGuard` is never constructed
   --> crates/kasumi-raft/src/storage/control_gate.rs:107:19
    |
107 | pub(crate) struct OwnedControlGuard {
    |                   ^^^^^^^^^^^^^^^^^

warning: method `require_gate` is never used
   --> crates/kasumi-raft/src/storage/control_gate.rs:114:19
    |
111 | impl OwnedControlGuard {
    | ---------------------- method in this implementation
...
114 |     pub(crate) fn require_gate(&self, gate: &ControlGateRef) -> anyhow::Result<()> {
    |                   ^^^^^^^^^^^^

warning: methods `ptr_eq` and `lock_owned` are never used
   --> crates/kasumi-raft/src/storage/control_gate_registry.rs:106:19
    |
105 | impl ControlGateRef {
    | ------------------- methods in this implementation
106 |     pub(crate) fn ptr_eq(&self, other: &Self) -> bool {
    |                   ^^^^^^
...
112 |     pub(crate) fn lock_owned(&self) -> Result<OwnedControlGuard, super::Poisoned> {
    |                   ^^^^^^^^^^

warning: enum `SnapshotBodyCapacity` is never used
 --> crates/kasumi-raft/src/storage/owned_snapshot_body.rs:7:17
  |
7 | pub(crate) enum SnapshotBodyCapacity {
  |                 ^^^^^^^^^^^^^^^^^^^^

warning: enum `Phase` is never used
  --> crates/kasumi-raft/src/storage/owned_snapshot_body.rs:13:6
   |
13 | enum Phase {
   |      ^^^^^

warning: struct `PreparedApplicationSnapshot` is never constructed
  --> crates/kasumi-raft/src/storage/owned_snapshot_body.rs:27:19
   |
27 | pub(crate) struct PreparedApplicationSnapshot {
   |                   ^^^^^^^^^^^^^^^^^^^^^^^^^^^

warning: multiple associated items are never used
   --> crates/kasumi-raft/src/storage/owned_snapshot_body.rs:59:19
    |
 56 | impl PreparedApplicationSnapshot {
    | -------------------------------- associated items in this implementation
...
 59 |     pub(crate) fn new(
    |                   ^^^
...
 93 |     pub(crate) fn prepare(&mut self) -> Result<()> {
    |                   ^^^^^^^
...
152 |     pub(crate) fn prepare_capacity(
    |                   ^^^^^^^^^^^^^^^^
...
196 |     pub(crate) fn publish(&mut self) -> Result<()> {
    |                   ^^^^^^^
...
223 |     pub(crate) fn retire_staging(&mut self) -> DrainResult {
    |                   ^^^^^^^^^^^^^^
...
280 |     pub(crate) fn publication_started(&self) -> bool {
    |                   ^^^^^^^^^^^^^^^^^^^
...
284 |     pub(crate) fn control(&self) -> &control_gate::OwnedControlGuard {
    |                   ^^^^^^^
...
287 |     pub(crate) fn meta(&self) -> &SnapshotMeta<u64, BasicNode> {
    |                   ^^^^
...
290 |     pub(crate) fn source(&self) -> Option<&crate::PreparedSnapshotSourceEnvelope> {
    |                   ^^^^^^

warning: enum `ClosedSnapshotRole` is never used
   --> crates/kasumi-raft/src/storage/owned_snapshot_body.rs:297:17
    |
297 | pub(crate) enum ClosedSnapshotRole {
    |                 ^^^^^^^^^^^^^^^^^^

warning: struct `PreparedClosedSnapshot` is never constructed
   --> crates/kasumi-raft/src/storage/owned_snapshot_body.rs:302:19
    |
302 | pub(crate) struct PreparedClosedSnapshot {
    |                   ^^^^^^^^^^^^^^^^^^^^^^

warning: multiple associated items are never used
   --> crates/kasumi-raft/src/storage/owned_snapshot_body.rs:329:19
    |
326 | impl PreparedClosedSnapshot {
    | --------------------------- associated items in this implementation
...
329 |     pub(crate) fn for_application(
    |                   ^^^^^^^^^^^^^^^
...
354 |     pub(crate) fn for_custody(
    |                   ^^^^^^^^^^^
...
372 |     fn new(
    |        ^^^
...
399 |     pub(crate) fn prepare(&mut self) -> Result<()> {
    |                   ^^^^^^^
...
427 |     pub(crate) fn prepare_capacity(
    |                   ^^^^^^^^^^^^^^^^
...
464 |     pub(crate) fn publish(&mut self) -> Result<()> {
    |                   ^^^^^^^
...
483 |     pub(crate) fn retire_staging(&mut self) -> DrainResult {
    |                   ^^^^^^^^^^^^^^
...
503 |     pub(crate) fn meta(&self) -> &SnapshotMeta<u64, BasicNode> {
    |                   ^^^^
...
506 |     pub(crate) fn publication_started(&self) -> bool {
    |                   ^^^^^^^^^^^^^^^^^^^
...
509 |     pub(crate) fn control(&self) -> &control_gate::OwnedControlGuard {
    |                   ^^^^^^^

warning: enum `PreparedSnapshotBody` is never used
   --> crates/kasumi-raft/src/storage/owned_snapshot_body.rs:517:17
    |
517 | pub(crate) enum PreparedSnapshotBody {
    |                 ^^^^^^^^^^^^^^^^^^^^

warning: multiple methods are never used
   --> crates/kasumi-raft/src/storage/owned_snapshot_body.rs:522:19
    |
521 | impl PreparedSnapshotBody {
    | ------------------------- methods in this implementation
522 |     pub(crate) fn prepare(&mut self) -> Result<()> {
    |                   ^^^^^^^
...
528 |     pub(crate) fn prepare_capacity(
    |                   ^^^^^^^^^^^^^^^^
...
537 |     pub(crate) fn publish(&mut self) -> Result<()> {
    |                   ^^^^^^^
...
543 |     pub(crate) fn retire_staging(&mut self) -> DrainResult {
    |                   ^^^^^^^^^^^^^^
...
549 |     pub(crate) fn meta(&self) -> &SnapshotMeta<u64, BasicNode> {
    |                   ^^^^
...
555 |     pub(crate) fn publication_started(&self) -> bool {
    |                   ^^^^^^^^^^^^^^^^^^^
...
561 |     pub(crate) fn control(&self) -> &control_gate::OwnedControlGuard {
    |                   ^^^^^^^

warning: enum `ImageRetirement` is never used
   --> crates/kasumi-raft/src/storage/owned_snapshot_body.rs:570:6
    |
570 | enum ImageRetirement {
    |      ^^^^^^^^^^^^^^^

warning: struct `SnapshotRetirementPanic` is never constructed
   --> crates/kasumi-raft/src/storage/owned_snapshot_body.rs:575:8
    |
575 | struct SnapshotRetirementPanic(std::sync::Mutex<Box<dyn std::any::Any + Send>>);
    |        ^^^^^^^^^^^^^^^^^^^^^^^

warning: function `observe_retirement` is never used
   --> crates/kasumi-raft/src/storage/owned_snapshot_body.rs:588:4
    |
588 | fn observe_retirement(
    |    ^^^^^^^^^^^^^^^^^^

warning: function `retire_image` is never used
   --> crates/kasumi-raft/src/storage/owned_snapshot_body.rs:625:4
    |
625 | fn retire_image(
    |    ^^^^^^^^^^^^

   Compiling kasumi-engine v0.1.0 (/private/tmp/kasumi-source-cohort-validation-v1/crates/kasumi-engine)
warning: `kasumi-raft` (lib) generated 49 warnings
warning: method `meta` is never used
   --> crates/kasumi-raft/src/custody_snapshot_preparation.rs:253:19
    |
187 | impl PreparedCustodySnapshotPublication {
    | --------------------------------------- method in this implementation
...
253 |     pub(crate) fn meta(&self) -> &openraft::SnapshotMeta<u64, crate::BasicNode> {
    |                   ^^^^

warning: field `0` is never read
   --> crates/kasumi-raft/src/custody_snapshot_preparation.rs:327:32
    |
327 | struct SnapshotRetirementPanic(std::sync::Mutex<Box<dyn std::any::Any + Send>>);
    |        ----------------------- ^^^^^^^^^^^^^^^^^^^^^^^^^^^^^^^^^^^^^^^^^^^^^^^
    |        |
    |        field in this struct
    |
    = help: consider removing this field

warning: variants `BindingSource`, `Ready`, `Publishing`, and `Published` are never constructed
  --> crates/kasumi-raft/src/storage/owned_snapshot_body.rs:20:5
   |
13 | enum Phase {
   |      ----- variants in this enum
...
20 |     BindingSource,
   |     ^^^^^^^^^^^^^
21 |     Ready,
   |     ^^^^^
22 |     Publishing,
   |     ^^^^^^^^^^
23 |     Published,
   |     ^^^^^^^^^
   |
   = note: `Phase` has derived impls for the traits `Debug` and `Clone`, but these are intentionally ignored during dead code analysis

warning: methods `prepare_capacity`, `publish`, and `control` are never used
   --> crates/kasumi-raft/src/storage/owned_snapshot_body.rs:152:19
    |
 56 | impl PreparedApplicationSnapshot {
    | -------------------------------- methods in this implementation
...
152 |     pub(crate) fn prepare_capacity(
    |                   ^^^^^^^^^^^^^^^^
...
196 |     pub(crate) fn publish(&mut self) -> Result<()> {
    |                   ^^^^^^^
...
284 |     pub(crate) fn control(&self) -> &control_gate::OwnedControlGuard {
    |                   ^^^^^^^

warning: methods `prepare` and `prepare_kind` are never used
   --> crates/kasumi-engine/src/application_sources.rs:756:19
    |
648 | impl SourceRootsRef {
    | ------------------- methods in this implementation
...
756 |     pub(crate) fn prepare(&self) -> Result<RootPreparation> {
    |                   ^^^^^^^
...
795 |     fn prepare_kind(&self, canonical: bool) -> Result<RootPreparation> {
    |        ^^^^^^^^^^^^
    |
    = note: `#[warn(dead_code)]` (part of `#[warn(unused)]`) on by default

warning: `kasumi-raft` (lib test) generated 14 warnings (10 duplicates)
warning: `kasumi-engine` (lib) generated 1 warning
   Compiling kasumi-authority v0.1.0 (/private/tmp/kasumi-source-cohort-validation-v1/crates/kasumi-authority)
    Finished `test` profile [unoptimized + debuginfo] target(s) in 4m 48s
     Running unittests src/lib.rs (/Users/takemiyamakoto/dev/kasumi/target/disk-backed-cache/debug/deps/kasumi_authority-e63a7f831ec29de9)

running 0 tests

test result: ok. 0 passed; 0 failed; 0 ignored; 0 measured; 78 filtered out; finished in 0.00s

     Running unittests src/lib.rs (/Users/takemiyamakoto/dev/kasumi/target/disk-backed-cache/debug/deps/kasumi_engine-707e7a92ed2be845)

running 0 tests

test result: ok. 0 passed; 0 failed; 0 ignored; 0 measured; 678 filtered out; finished in 0.00s

     Running unittests src/lib.rs (/Users/takemiyamakoto/dev/kasumi/target/disk-backed-cache/debug/deps/kasumi_kv-221aa5373d25965b)

running 0 tests

test result: ok. 0 passed; 0 failed; 0 ignored; 0 measured; 555 filtered out; finished in 0.00s

     Running unittests src/lib.rs (/Users/takemiyamakoto/dev/kasumi/target/disk-backed-cache/debug/deps/kasumi_raft-80f97d1b4f50c7fa)

running 9 tests
test storage::owned_snapshot_body::tests::owned_prepared_application_snapshot_is_an_actual_send_owner ... ok

thread 'storage::owned_snapshot_body::tests::snapshot_retirement_keeps_original_unwind_and_never_reenters_callback' (25894691) panicked at crates/kasumi-raft/src/storage/owned_snapshot_body.rs:678:17:
Box<dyn Any>
note: run with `RUST_BACKTRACE=1` environment variable to display a backtrace
test storage::owned_snapshot_body::tests::snapshot_retirement_keeps_original_unwind_and_never_reenters_callback ... ok
test custody_machine::tests::prepared_custody_snapshot_keeps_publication_failure_and_rejects_foreign_gate ... ok
test selected_application::plan::snapshot_source_envelope::tests::snapshot_certificate_binds_actual_backend_context_without_allocation ... ok
test selected_application::plan::snapshot_source_envelope::tests::snapshot_owned_body_keeps_actual_staging_and_candidate_after_repeated_prepare ... ok
test selected_application::plan::snapshot_source_envelope::tests::snapshot_certificate_retains_actual_nonempty_replacement_descriptors ... ok
test selected_application::plan::snapshot_source_envelope::tests::snapshot_certificate_grows_shape_without_seeding_until_exact_capture ... ok
test selected_application::plan::snapshot_source_envelope::tests::snapshot_certificate_rejects_foreign_and_changed_producer_records ... ok
test custody_machine::tests::prepared_custody_snapshot_keeps_exact_stage_through_cancel_and_publish ... ok

test result: ok. 9 passed; 0 failed; 0 ignored; 0 measured; 217 filtered out; finished in 5.59s

     Running unittests src/lib.rs (/Users/takemiyamakoto/dev/kasumi/target/disk-backed-cache/debug/deps/kasumi_store-6fd2a1f28b2df75c)

running 0 tests

test result: ok. 0 passed; 0 failed; 0 ignored; 0 measured; 729 filtered out; finished in 0.00s

Runner: 294.33s; exit=0; matching=1579/1579
