Command: cargo test -p kasumi-store --all-features --lib --locked --offline --config profile.test.package.kasumi-kv.opt-level=3 --config profile.test.package.sha2.opt-level=3 -- --test-threads=1 staged_binding_capacity_denial_settles_and_a_later_binding_put_commits binding_install_commit_denial_publishes_nothing_across_restart_and_retries binding_install_staging_denial_settles_and_the_same_install_retries create_mode_table_denial_releases_the_reservation_and_requeues save_catalog_commit_denial_retires_its_child_and_retries_after_space_is_freed singleton_initialization_commit_denial_leaves_catalog_absent_and_retries installed_catalog_capacity_denial_keeps_opening_open_and_reopens_old_catalog
CARGO_TARGET_DIR=target/disk-backed-cache
   Compiling kasumi-store v0.1.0 (/Users/takemiyamakoto/dev/kasumi/crates/kasumi-store)
    Finished `test` profile [unoptimized + debuginfo] target(s) in 1m 00s
     Running unittests src/lib.rs (target/disk-backed-cache/debug/deps/kasumi_store-98be0c6afb7030c8)

running 7 tests
test storage_domains::binding_install_tests::staged_binding_capacity_denial_settles_and_a_later_binding_put_commits ... FAILED
test storage_domains::capacity_denial_tests::binding_install_commit_denial_publishes_nothing_across_restart_and_retries ... FAILED
test storage_domains::capacity_denial_tests::binding_install_staging_denial_settles_and_the_same_install_retries ... FAILED
test storage_domains::capacity_denial_tests::create_mode_table_denial_releases_the_reservation_and_requeues ... FAILED
test storage_domains::capacity_denial_tests::save_catalog_commit_denial_retires_its_child_and_retries_after_space_is_freed ... FAILED
test storage_domains::capacity_denial_tests::singleton_initialization_commit_denial_leaves_catalog_absent_and_retries ... FAILED
test storage_opening::catalog_put::tests::installed_catalog_capacity_denial_keeps_opening_open_and_reopens_old_catalog ... FAILED

failures:

---- storage_domains::binding_install_tests::staged_binding_capacity_denial_settles_and_a_later_binding_put_commits stdout ----

thread 'storage_domains::binding_install_tests::staged_binding_capacity_denial_settles_and_a_later_binding_put_commits' (12644983) panicked at crates/kasumi-store/src/storage_domains/binding_install_tests.rs:402:5:
assertion `left == right` failed: phase=Begin, begin=Err(TransactionError(Core(CapacityDenied))), body=NotEntered, outer=Ok(()), native=None
  left: Begin
 right: Finished
note: run with `RUST_BACKTRACE=1` environment variable to display a backtrace

---- storage_domains::capacity_denial_tests::binding_install_commit_denial_publishes_nothing_across_restart_and_retries stdout ----

thread 'storage_domains::capacity_denial_tests::binding_install_commit_denial_publishes_nothing_across_restart_and_retries' (12645104) panicked at crates/kasumi-store/src/storage_domains/capacity_denial_tests.rs:240:13:
expected a typed capacity denial, got registered binding installation StorageOwnerId { index: 1, generation: 10 } has an unproved result; phase=Disposal, begin=Ok(()), body=Ok(()), outer=Ok(()), native=Some("operation=Some(Commit), settlement=Retained, terminal=Err(Commit(CommitError(Io(Kind(StorageFull))))), rollback=NotEntered, disposal=NotEntered")

---- storage_domains::capacity_denial_tests::binding_install_staging_denial_settles_and_the_same_install_retries stdout ----

thread 'storage_domains::capacity_denial_tests::binding_install_staging_denial_settles_and_the_same_install_retries' (12645325) panicked at crates/kasumi-store/src/storage_domains/capacity_denial_tests.rs:240:13:
expected a typed capacity denial, got registered tenant point read StorageOwnerId { index: 1, generation: 10 } failed at begin; phase=Failed, begin=Err(TransactionError(Core(CapacityDenied))), tables=NotEntered, outer=Ok(()), read=NotEntered, output=NotEntered

---- storage_domains::capacity_denial_tests::create_mode_table_denial_releases_the_reservation_and_requeues stdout ----

thread 'storage_domains::capacity_denial_tests::create_mode_table_denial_releases_the_reservation_and_requeues' (12645412) panicked at crates/kasumi-store/src/storage_domains/capacity_denial_tests.rs:467:5:
assertion `left == right` failed: phase=Disposal, begin=Ok(()), body=Ok(()), outer=Ok(()), native=Some("operation=Some(Commit), settlement=Retained, terminal=Err(Commit(CommitError(Io(Kind(StorageFull))))), rollback=NotEntered, disposal=NotEntered")
  left: Disposal
 right: Finished

---- storage_domains::capacity_denial_tests::save_catalog_commit_denial_retires_its_child_and_retries_after_space_is_freed stdout ----

thread 'storage_domains::capacity_denial_tests::save_catalog_commit_denial_retires_its_child_and_retries_after_space_is_freed' (12645424) panicked at crates/kasumi-store/src/storage_domains/capacity_denial_tests.rs:240:13:
expected a typed capacity denial, got registered catalog write StorageOwnerId { index: 1, generation: 6 } has an unproved outcome; phase=Disposal, begin=Ok(()), body=Ok(()), outer=Ok(()), native=Some("operation=Some(Commit), settlement=Retained, terminal=Err(Commit(CommitError(Io(Kind(StorageFull))))), rollback=NotEntered, disposal=NotEntered")

---- storage_domains::capacity_denial_tests::singleton_initialization_commit_denial_leaves_catalog_absent_and_retries stdout ----

thread 'storage_domains::capacity_denial_tests::singleton_initialization_commit_denial_leaves_catalog_absent_and_retries' (12645521) panicked at crates/kasumi-store/src/storage_domains/capacity_denial_tests.rs:240:13:
expected a typed capacity denial, got registered catalog write StorageOwnerId { index: 1, generation: 4 } has an unproved outcome; phase=Disposal, begin=Ok(()), body=Ok(()), outer=Ok(()), native=Some("operation=Some(Commit), settlement=Retained, terminal=Err(Commit(CommitError(Io(Kind(StorageFull))))), rollback=NotEntered, disposal=NotEntered")

---- storage_opening::catalog_put::tests::installed_catalog_capacity_denial_keeps_opening_open_and_reopens_old_catalog stdout ----

thread 'storage_opening::catalog_put::tests::installed_catalog_capacity_denial_keeps_opening_open_and_reopens_old_catalog' (12645575) panicked at crates/kasumi-store/src/storage_opening/catalog_put_tests.rs:671:5:
catalog capacity child failed: Some(ExitStatus(unix_wait_status(25856))); log=
running 1 test

thread 'storage_opening::catalog_put::tests::catalog_capacity_child' (12645577) panicked at crates/kasumi-store/src/storage_opening/catalog_put_tests.rs:710:9:
assertion `left == right` failed: phase=Disposal, begin=Ok(()), body=Ok(()), outer=Ok(()), native=Some("operation=Some(Commit), settlement=Retained, terminal=Err(Commit(CommitError(Io(Kind(StorageFull))))), rollback=NotEntered, disposal=NotEntered")
  left: Disposal
 right: Finished
note: run with `RUST_BACKTRACE=1` environment variable to display a backtrace
test storage_opening::catalog_put::tests::catalog_capacity_child ... FAILED

failures:

failures:
    storage_opening::catalog_put::tests::catalog_capacity_child

test result: FAILED. 0 passed; 1 failed; 0 ignored; 0 measured; 634 filtered out; finished in 0.77s




failures:
    storage_domains::binding_install_tests::staged_binding_capacity_denial_settles_and_a_later_binding_put_commits
    storage_domains::capacity_denial_tests::binding_install_commit_denial_publishes_nothing_across_restart_and_retries
    storage_domains::capacity_denial_tests::binding_install_staging_denial_settles_and_the_same_install_retries
    storage_domains::capacity_denial_tests::create_mode_table_denial_releases_the_reservation_and_requeues
    storage_domains::capacity_denial_tests::save_catalog_commit_denial_retires_its_child_and_retries_after_space_is_freed
    storage_domains::capacity_denial_tests::singleton_initialization_commit_denial_leaves_catalog_absent_and_retries
    storage_opening::catalog_put::tests::installed_catalog_capacity_denial_keeps_opening_open_and_reopens_old_catalog

test result: FAILED. 0 passed; 7 failed; 0 ignored; 0 measured; 628 filtered out; finished in 5.64s

error: test failed, to rerun pass `-p kasumi-store --lib`
Runner: 66.61s; exit=101; matching=736/736
