Command: cargo test --locked --offline --config profile.test.package.kasumi-kv.opt-level=3 --config profile.test.package.sha2.opt-level=3 -p kasumi-store --all-features --lib -- actual_spool_close_reports_native_drain_before_retiring_adapter_owner exact_backend_publication_io_settlement_shrink_and_close_do_not_allocate --test-threads=1 --nocapture
CARGO_TARGET_DIR=target/disk-backed-cache
   Compiling futures-task v0.3.34
   Compiling getrandom v0.2.17
   Compiling futures-channel v0.3.34
   Compiling serde v1.0.229
   Compiling futures-util v0.3.34
   Compiling rand_core v0.6.4
   Compiling ring v0.17.14
   Compiling hyper v1.11.1
   Compiling crypto-common v0.1.7
   Compiling serde_urlencoded v0.7.1
   Compiling digest v0.10.7
   Compiling universal-hash v0.5.1
   Compiling cipher v0.4.4
   Compiling aead v0.5.2
   Compiling poly1305 v0.8.0
   Compiling chacha20 v0.9.1
   Compiling sha2 v0.10.9
   Compiling hmac v0.12.1
   Compiling kasumi-types v0.1.0 (/Users/takemiyamakoto/dev/kasumi/crates/kasumi-types)
   Compiling kasumi-kv v0.1.0 (/Users/takemiyamakoto/dev/kasumi/crates/kasumi-kv)
   Compiling chacha20poly1305 v0.10.1
   Compiling rustls-webpki v0.103.15
   Compiling rcgen v0.14.10
   Compiling hyper-util v0.1.20
   Compiling tower v0.5.3
   Compiling rustls v0.23.43
   Compiling tower-http v0.6.11
   Compiling hyper-timeout v0.5.2
   Compiling axum v0.8.9
   Compiling tonic v0.14.6
   Compiling tokio-rustls v0.26.5
   Compiling hyper-rustls v0.27.9
   Compiling kasumi-transport v0.1.0 (/Users/takemiyamakoto/dev/kasumi/crates/kasumi-transport)
   Compiling reqwest v0.12.28
   Compiling kasumi-serving v0.1.0 (/Users/takemiyamakoto/dev/kasumi/crates/kasumi-serving)
   Compiling kasumi-store v0.1.0 (/Users/takemiyamakoto/dev/kasumi/crates/kasumi-store)
    Finished `test` profile [unoptimized + debuginfo] target(s) in 1m 38s
     Running unittests src/lib.rs (target/disk-backed-cache/debug/deps/kasumi_store-98be0c6afb7030c8)

running 2 tests
test scratch_table::tests::actual_spool_close_reports_native_drain_before_retiring_adapter_owner ... scratch_close_first_allocation bytes=64
   0: std::backtrace_rs::backtrace::libunwind::trace
             at /rustc/8bab26f4f68e0e26f0bb7960be334d5b520ea452/library/std/src/../../backtrace/src/backtrace/libunwind.rs:117:9
   1: std::backtrace_rs::backtrace::trace_unsynchronized::<<std::backtrace::Backtrace>::create::{closure#0}>
             at /rustc/8bab26f4f68e0e26f0bb7960be334d5b520ea452/library/std/src/../../backtrace/src/backtrace/mod.rs:66:14
   2: <std::backtrace::Backtrace>::create
             at /rustc/8bab26f4f68e0e26f0bb7960be334d5b520ea452/library/std/src/backtrace.rs:331:13
   3: kasumi_store::allocation_tests::allocated
             at ./src/allocation_tests.rs:28:75
   4: <kasumi_store::allocation_tests::ObservedSystem as core::alloc::global::GlobalAlloc>::alloc
             at ./src/allocation_tests.rs:47:9
   5: __rustc::__rust_alloc
             at ./src/allocation_tests.rs:20:19
   6: alloc::alloc::alloc
             at /rustc/8bab26f4f68e0e26f0bb7960be334d5b520ea452/library/alloc/src/alloc.rs:101:9
   7: <alloc::alloc::Global>::alloc_impl_runtime
             at /rustc/8bab26f4f68e0e26f0bb7960be334d5b520ea452/library/alloc/src/alloc.rs:210:73
   8: <alloc::alloc::Global>::alloc_impl
             at /rustc/8bab26f4f68e0e26f0bb7960be334d5b520ea452/library/alloc/src/alloc.rs:332:9
   9: <alloc::alloc::Global as core::alloc::Allocator>::allocate
             at /rustc/8bab26f4f68e0e26f0bb7960be334d5b520ea452/library/alloc/src/alloc.rs:449:14
  10: alloc::boxed::box_new_uninit
             at /rustc/8bab26f4f68e0e26f0bb7960be334d5b520ea452/library/alloc/src/boxed.rs:248:18
  11: <alloc::boxed::Box<std::sys::pal::unix::sync::mutex::Mutex>>::new
             at /rustc/8bab26f4f68e0e26f0bb7960be334d5b520ea452/library/alloc/src/boxed.rs:286:19
  12: <alloc::boxed::Box<std::sys::pal::unix::sync::mutex::Mutex>>::pin
             at /rustc/8bab26f4f68e0e26f0bb7960be334d5b520ea452/library/alloc/src/boxed.rs:356:9
  13: <std::sys::sync::mutex::pthread::Mutex>::get::{closure#0}
             at /rustc/8bab26f4f68e0e26f0bb7960be334d5b520ea452/library/std/src/sys/sync/mutex/pthread.rs:23:27
  14: <std::sys::sync::once_box::OnceBox<std::sys::pal::unix::sync::mutex::Mutex>>::initialize::<<std::sys::sync::mutex::pthread::Mutex>::get::{closure#0}>
             at /rustc/8bab26f4f68e0e26f0bb7960be334d5b520ea452/library/std/src/sys/sync/once_box.rs:63:72
  15: <std::sys::sync::once_box::OnceBox<std::sys::pal::unix::sync::mutex::Mutex>>::get_or_init::<<std::sys::sync::mutex::pthread::Mutex>::get::{closure#0}>
             at /rustc/8bab26f4f68e0e26f0bb7960be334d5b520ea452/library/std/src/sys/sync/once_box.rs:51:26
  16: <std::sys::sync::mutex::pthread::Mutex>::get
             at /rustc/8bab26f4f68e0e26f0bb7960be334d5b520ea452/library/std/src/sys/sync/mutex/pthread.rs:22:18
  17: <std::sys::sync::mutex::pthread::Mutex>::lock
             at /rustc/8bab26f4f68e0e26f0bb7960be334d5b520ea452/library/std/src/sys/sync/mutex/pthread.rs:36:23
  18: <std::sync::poison::mutex::Mutex<core::option::Option<(u64, alloc::boxed::Box<dyn core::any::Any + core::marker::Send>)>>>::lock
             at /rustc/8bab26f4f68e0e26f0bb7960be334d5b520ea452/library/std/src/sync/poison/mutex.rs:492:24
  19: <kasumi_store::test_utils::TestDiskLease as core::ops::drop::Drop>::drop
             at ./src/test_utils.rs:451:59
  20: core::ptr::drop_glue::<kasumi_store::test_utils::TestDiskLease>
             at /rustc/8bab26f4f68e0e26f0bb7960be334d5b520ea452/library/core/src/ptr/mod.rs:825:1
  21: core::mem::drop::<kasumi_store::test_utils::TestDiskLease>
             at /rustc/8bab26f4f68e0e26f0bb7960be334d5b520ea452/library/core/src/mem/mod.rs:1004:1
  22: <kasumi_store::test_utils::TestDiskLease as kasumi_kv::resident_allocation::RetireToken>::retire
             at /Users/takemiyamakoto/dev/kasumi/crates/kasumi-kv/src/resident_allocation.rs:18:9
  23: core::ptr::drop_glue::<kasumi_kv::resident_allocation::ResidentAllocation>
             at /rustc/8bab26f4f68e0e26f0bb7960be334d5b520ea452/library/core/src/ptr/mod.rs:825:1
  24: core::ptr::drop_glue::<kasumi_store::scratch_table::group::FileOwner>
             at /rustc/8bab26f4f68e0e26f0bb7960be334d5b520ea452/library/core/src/ptr/mod.rs:825:1
  25: core::ptr::drop_glue::<core::option::Option<kasumi_store::scratch_table::group::FileOwner>>
             at /rustc/8bab26f4f68e0e26f0bb7960be334d5b520ea452/library/core/src/ptr/mod.rs:825:1
  26: core::mem::drop::<core::option::Option<kasumi_store::scratch_table::group::FileOwner>>
             at /rustc/8bab26f4f68e0e26f0bb7960be334d5b520ea452/library/core/src/mem/mod.rs:1004:1
  27: <kasumi_store::scratch_table::group::State>::close::<<kasumi_store::spool::EncryptedSpool>::sync_all>
             at ./src/scratch_group.rs:134:13
  28: <kasumi_store::scratch_table::group::Owner>::close_with_root::<<kasumi_store::spool::EncryptedSpool>::sync_all>
             at ./src/scratch_group.rs:262:29
  29: <kasumi_store::scratch_table::group::Owner>::close
             at ./src/scratch_group.rs:245:14
  30: <kasumi_store::scratch_table::group::Backend as kasumi_kv::group::SegmentGroupBackend>::close
             at ./src/scratch_group.rs:684:16
  31: kasumi_store::scratch_table::tests::actual_spool_close_reports_native_drain_before_retiring_adapter_owner::{closure#0}
             at ./src/scratch_table_tests.rs:747:53
  32: kasumi_store::allocation_tests::measure::<kasumi_kv::core::BackendCloseOutcome, kasumi_store::scratch_table::tests::actual_spool_close_reports_native_drain_before_retiring_adapter_owner::{closure#0}>
             at ./src/allocation_tests.rs:95:18
  33: kasumi_store::scratch_table::tests::actual_spool_close_reports_native_drain_before_retiring_adapter_owner
             at ./src/scratch_table_tests.rs:747:34
  34: kasumi_store::scratch_table::tests::actual_spool_close_reports_native_drain_before_retiring_adapter_owner::{closure#0}
             at ./src/scratch_table_tests.rs:737:75
  35: <kasumi_store::scratch_table::tests::actual_spool_close_reports_native_drain_before_retiring_adapter_owner::{closure#0} as core::ops::function::FnOnce<()>>::call_once
             at /rustc/8bab26f4f68e0e26f0bb7960be334d5b520ea452/library/core/src/ops/function.rs:250:5
  36: <fn() -> core::result::Result<(), alloc::string::String> as core::ops::function::FnOnce<()>>::call_once
             at /rustc/8bab26f4f68e0e26f0bb7960be334d5b520ea452/library/core/src/ops/function.rs:250:5
  37: test::__rust_begin_short_backtrace::<core::result::Result<(), alloc::string::String>, fn() -> core::result::Result<(), alloc::string::String>>
             at /rustc/8bab26f4f68e0e26f0bb7960be334d5b520ea452/library/test/src/lib.rs:724:18
  38: test::run_test_in_process::{closure#0}
             at /rustc/8bab26f4f68e0e26f0bb7960be334d5b520ea452/library/test/src/lib.rs:747:74
  39: <core::panic::unwind_safe::AssertUnwindSafe<test::run_test_in_process::{closure#0}> as core::ops::function::FnOnce<()>>::call_once
             at /rustc/8bab26f4f68e0e26f0bb7960be334d5b520ea452/library/core/src/panic/unwind_safe.rs:275:9
  40: std::panicking::catch_unwind::do_call::<core::panic::unwind_safe::AssertUnwindSafe<test::run_test_in_process::{closure#0}>, core::result::Result<(), alloc::string::String>>
             at /rustc/8bab26f4f68e0e26f0bb7960be334d5b520ea452/library/std/src/panicking.rs:581:40
  41: std::panicking::catch_unwind::<core::result::Result<(), alloc::string::String>, core::panic::unwind_safe::AssertUnwindSafe<test::run_test_in_process::{closure#0}>>
             at /rustc/8bab26f4f68e0e26f0bb7960be334d5b520ea452/library/std/src/panicking.rs:544:19
  42: std::panic::catch_unwind::<core::panic::unwind_safe::AssertUnwindSafe<test::run_test_in_process::{closure#0}>, core::result::Result<(), alloc::string::String>>
             at /rustc/8bab26f4f68e0e26f0bb7960be334d5b520ea452/library/std/src/panic.rs:359:14
  43: test::run_test_in_process
             at /rustc/8bab26f4f68e0e26f0bb7960be334d5b520ea452/library/test/src/lib.rs:747:27
  44: test::run_test::{closure#0}
             at /rustc/8bab26f4f68e0e26f0bb7960be334d5b520ea452/library/test/src/lib.rs:668:43
  45: test::run_test::{closure#1}
             at /rustc/8bab26f4f68e0e26f0bb7960be334d5b520ea452/library/test/src/lib.rs:698:41
  46: std::sys::backtrace::__rust_begin_short_backtrace::<test::run_test::{closure#1}, ()>
             at /rustc/8bab26f4f68e0e26f0bb7960be334d5b520ea452/library/std/src/sys/backtrace.rs:166:18
  47: std::thread::lifecycle::spawn_unchecked::<test::run_test::{closure#1}, ()>::{closure#1}::{closure#0}
             at /rustc/8bab26f4f68e0e26f0bb7960be334d5b520ea452/library/std/src/thread/lifecycle.rs:70:13
  48: <core::panic::unwind_safe::AssertUnwindSafe<std::thread::lifecycle::spawn_unchecked<test::run_test::{closure#1}, ()>::{closure#1}::{closure#0}> as core::ops::function::FnOnce<()>>::call_once
             at /rustc/8bab26f4f68e0e26f0bb7960be334d5b520ea452/library/core/src/panic/unwind_safe.rs:275:9
  49: std::panicking::catch_unwind::do_call::<core::panic::unwind_safe::AssertUnwindSafe<std::thread::lifecycle::spawn_unchecked<test::run_test::{closure#1}, ()>::{closure#1}::{closure#0}>, ()>
             at /rustc/8bab26f4f68e0e26f0bb7960be334d5b520ea452/library/std/src/panicking.rs:581:40
  50: std::panicking::catch_unwind::<(), core::panic::unwind_safe::AssertUnwindSafe<std::thread::lifecycle::spawn_unchecked<test::run_test::{closure#1}, ()>::{closure#1}::{closure#0}>>
             at /rustc/8bab26f4f68e0e26f0bb7960be334d5b520ea452/library/std/src/panicking.rs:544:19
  51: std::panic::catch_unwind::<core::panic::unwind_safe::AssertUnwindSafe<std::thread::lifecycle::spawn_unchecked<test::run_test::{closure#1}, ()>::{closure#1}::{closure#0}>, ()>
             at /rustc/8bab26f4f68e0e26f0bb7960be334d5b520ea452/library/std/src/panic.rs:359:14
  52: std::thread::lifecycle::spawn_unchecked::<test::run_test::{closure#1}, ()>::{closure#1}
             at /rustc/8bab26f4f68e0e26f0bb7960be334d5b520ea452/library/std/src/thread/lifecycle.rs:68:26
  53: <std::thread::lifecycle::spawn_unchecked<test::run_test::{closure#1}, ()>::{closure#1} as core::ops::function::FnOnce<()>>::call_once::{shim:vtable#0}
             at /rustc/8bab26f4f68e0e26f0bb7960be334d5b520ea452/library/core/src/ops/function.rs:250:5
  54: <alloc::boxed::Box<dyn core::ops::function::FnOnce<(), Output = ()> + core::marker::Send> as core::ops::function::FnOnce<()>>::call_once
             at /rustc/8bab26f4f68e0e26f0bb7960be334d5b520ea452/library/alloc/src/boxed.rs:2275:9
  55: <std::sys::thread::unix::Thread>::new::thread_start
             at /rustc/8bab26f4f68e0e26f0bb7960be334d5b520ea452/library/std/src/sys/thread/unix.rs:118:17
  56: __pthread_exit


thread 'scratch_table::tests::actual_spool_close_reports_native_drain_before_retiring_adapter_owner' (23677796) panicked at crates/kasumi-store/src/scratch_table_tests.rs:751:5:
assertion `left == right` failed
  left: 1
 right: 0
note: run with `RUST_BACKTRACE=1` environment variable to display a backtrace
FAILED
test scratch_table::tests::exact_backend_publication_io_settlement_shrink_and_close_do_not_allocate ... scratch_close_first_allocation bytes=64
   0: std::backtrace_rs::backtrace::libunwind::trace
             at /rustc/8bab26f4f68e0e26f0bb7960be334d5b520ea452/library/std/src/../../backtrace/src/backtrace/libunwind.rs:117:9
   1: std::backtrace_rs::backtrace::trace_unsynchronized::<<std::backtrace::Backtrace>::create::{closure#0}>
             at /rustc/8bab26f4f68e0e26f0bb7960be334d5b520ea452/library/std/src/../../backtrace/src/backtrace/mod.rs:66:14
   2: <std::backtrace::Backtrace>::create
             at /rustc/8bab26f4f68e0e26f0bb7960be334d5b520ea452/library/std/src/backtrace.rs:331:13
   3: kasumi_store::allocation_tests::allocated
             at ./src/allocation_tests.rs:28:75
   4: <kasumi_store::allocation_tests::ObservedSystem as core::alloc::global::GlobalAlloc>::alloc
             at ./src/allocation_tests.rs:47:9
   5: __rustc::__rust_alloc
             at ./src/allocation_tests.rs:20:19
   6: alloc::alloc::alloc
             at /rustc/8bab26f4f68e0e26f0bb7960be334d5b520ea452/library/alloc/src/alloc.rs:101:9
   7: <alloc::alloc::Global>::alloc_impl_runtime
             at /rustc/8bab26f4f68e0e26f0bb7960be334d5b520ea452/library/alloc/src/alloc.rs:210:73
   8: <alloc::alloc::Global>::alloc_impl
             at /rustc/8bab26f4f68e0e26f0bb7960be334d5b520ea452/library/alloc/src/alloc.rs:332:9
   9: <alloc::alloc::Global as core::alloc::Allocator>::allocate
             at /rustc/8bab26f4f68e0e26f0bb7960be334d5b520ea452/library/alloc/src/alloc.rs:449:14
  10: alloc::boxed::box_new_uninit
             at /rustc/8bab26f4f68e0e26f0bb7960be334d5b520ea452/library/alloc/src/boxed.rs:248:18
  11: <alloc::boxed::Box<std::sys::pal::unix::sync::mutex::Mutex>>::new
             at /rustc/8bab26f4f68e0e26f0bb7960be334d5b520ea452/library/alloc/src/boxed.rs:286:19
  12: <alloc::boxed::Box<std::sys::pal::unix::sync::mutex::Mutex>>::pin
             at /rustc/8bab26f4f68e0e26f0bb7960be334d5b520ea452/library/alloc/src/boxed.rs:356:9
  13: <std::sys::sync::mutex::pthread::Mutex>::get::{closure#0}
             at /rustc/8bab26f4f68e0e26f0bb7960be334d5b520ea452/library/std/src/sys/sync/mutex/pthread.rs:23:27
  14: <std::sys::sync::once_box::OnceBox<std::sys::pal::unix::sync::mutex::Mutex>>::initialize::<<std::sys::sync::mutex::pthread::Mutex>::get::{closure#0}>
             at /rustc/8bab26f4f68e0e26f0bb7960be334d5b520ea452/library/std/src/sys/sync/once_box.rs:63:72
  15: <std::sys::sync::once_box::OnceBox<std::sys::pal::unix::sync::mutex::Mutex>>::get_or_init::<<std::sys::sync::mutex::pthread::Mutex>::get::{closure#0}>
             at /rustc/8bab26f4f68e0e26f0bb7960be334d5b520ea452/library/std/src/sys/sync/once_box.rs:51:26
  16: <std::sys::sync::mutex::pthread::Mutex>::get
             at /rustc/8bab26f4f68e0e26f0bb7960be334d5b520ea452/library/std/src/sys/sync/mutex/pthread.rs:22:18
  17: <std::sys::sync::mutex::pthread::Mutex>::lock
             at /rustc/8bab26f4f68e0e26f0bb7960be334d5b520ea452/library/std/src/sys/sync/mutex/pthread.rs:36:23
  18: <std::sync::poison::mutex::Mutex<core::option::Option<(u64, alloc::boxed::Box<dyn core::any::Any + core::marker::Send>)>>>::lock
             at /rustc/8bab26f4f68e0e26f0bb7960be334d5b520ea452/library/std/src/sync/poison/mutex.rs:492:24
  19: <kasumi_store::test_utils::TestDiskLease as core::ops::drop::Drop>::drop
             at ./src/test_utils.rs:451:59
  20: core::ptr::drop_glue::<kasumi_store::test_utils::TestDiskLease>
             at /rustc/8bab26f4f68e0e26f0bb7960be334d5b520ea452/library/core/src/ptr/mod.rs:825:1
  21: core::mem::drop::<kasumi_store::test_utils::TestDiskLease>
             at /rustc/8bab26f4f68e0e26f0bb7960be334d5b520ea452/library/core/src/mem/mod.rs:1004:1
  22: <kasumi_store::test_utils::TestDiskLease as kasumi_kv::resident_allocation::RetireToken>::retire
             at /Users/takemiyamakoto/dev/kasumi/crates/kasumi-kv/src/resident_allocation.rs:18:9
  23: core::ptr::drop_glue::<kasumi_kv::resident_allocation::ResidentAllocation>
             at /rustc/8bab26f4f68e0e26f0bb7960be334d5b520ea452/library/core/src/ptr/mod.rs:825:1
  24: core::ptr::drop_glue::<kasumi_store::scratch_table::group::FileOwner>
             at /rustc/8bab26f4f68e0e26f0bb7960be334d5b520ea452/library/core/src/ptr/mod.rs:825:1
  25: core::ptr::drop_glue::<core::option::Option<kasumi_store::scratch_table::group::FileOwner>>
             at /rustc/8bab26f4f68e0e26f0bb7960be334d5b520ea452/library/core/src/ptr/mod.rs:825:1
  26: core::mem::drop::<core::option::Option<kasumi_store::scratch_table::group::FileOwner>>
             at /rustc/8bab26f4f68e0e26f0bb7960be334d5b520ea452/library/core/src/mem/mod.rs:1004:1
  27: <kasumi_store::scratch_table::group::State>::close::<<kasumi_store::spool::EncryptedSpool>::sync_all>
             at ./src/scratch_group.rs:134:13
  28: <kasumi_store::scratch_table::group::Owner>::close_with_root::<<kasumi_store::spool::EncryptedSpool>::sync_all>
             at ./src/scratch_group.rs:262:29
  29: <kasumi_store::scratch_table::group::Owner>::close
             at ./src/scratch_group.rs:245:14
  30: <kasumi_store::scratch_table::group::Backend as kasumi_kv::group::SegmentGroupBackend>::close
             at ./src/scratch_group.rs:684:16
  31: kasumi_store::scratch_table::tests::exact_backend_publication_io_settlement_shrink_and_close_do_not_allocate::{closure#0}
             at ./src/scratch_table_tests.rs:346:31
  32: kasumi_store::allocation_tests::measure::<core::result::Result<(), std::io::error::Error>, kasumi_store::scratch_table::tests::exact_backend_publication_io_settlement_shrink_and_close_do_not_allocate::{closure#0}>
             at ./src/allocation_tests.rs:95:18
  33: kasumi_store::scratch_table::tests::exact_backend_publication_io_settlement_shrink_and_close_do_not_allocate
             at ./src/scratch_table_tests.rs:336:33
  34: kasumi_store::scratch_table::tests::exact_backend_publication_io_settlement_shrink_and_close_do_not_allocate::{closure#0}
             at ./src/scratch_table_tests.rs:327:78
  35: <kasumi_store::scratch_table::tests::exact_backend_publication_io_settlement_shrink_and_close_do_not_allocate::{closure#0} as core::ops::function::FnOnce<()>>::call_once
             at /rustc/8bab26f4f68e0e26f0bb7960be334d5b520ea452/library/core/src/ops/function.rs:250:5
  36: <fn() -> core::result::Result<(), alloc::string::String> as core::ops::function::FnOnce<()>>::call_once
             at /rustc/8bab26f4f68e0e26f0bb7960be334d5b520ea452/library/core/src/ops/function.rs:250:5
  37: test::__rust_begin_short_backtrace::<core::result::Result<(), alloc::string::String>, fn() -> core::result::Result<(), alloc::string::String>>
             at /rustc/8bab26f4f68e0e26f0bb7960be334d5b520ea452/library/test/src/lib.rs:724:18
  38: test::run_test_in_process::{closure#0}
             at /rustc/8bab26f4f68e0e26f0bb7960be334d5b520ea452/library/test/src/lib.rs:747:74
  39: <core::panic::unwind_safe::AssertUnwindSafe<test::run_test_in_process::{closure#0}> as core::ops::function::FnOnce<()>>::call_once
             at /rustc/8bab26f4f68e0e26f0bb7960be334d5b520ea452/library/core/src/panic/unwind_safe.rs:275:9
  40: std::panicking::catch_unwind::do_call::<core::panic::unwind_safe::AssertUnwindSafe<test::run_test_in_process::{closure#0}>, core::result::Result<(), alloc::string::String>>
             at /rustc/8bab26f4f68e0e26f0bb7960be334d5b520ea452/library/std/src/panicking.rs:581:40
  41: std::panicking::catch_unwind::<core::result::Result<(), alloc::string::String>, core::panic::unwind_safe::AssertUnwindSafe<test::run_test_in_process::{closure#0}>>
             at /rustc/8bab26f4f68e0e26f0bb7960be334d5b520ea452/library/std/src/panicking.rs:544:19
  42: std::panic::catch_unwind::<core::panic::unwind_safe::AssertUnwindSafe<test::run_test_in_process::{closure#0}>, core::result::Result<(), alloc::string::String>>
             at /rustc/8bab26f4f68e0e26f0bb7960be334d5b520ea452/library/std/src/panic.rs:359:14
  43: test::run_test_in_process
             at /rustc/8bab26f4f68e0e26f0bb7960be334d5b520ea452/library/test/src/lib.rs:747:27
  44: test::run_test::{closure#0}
             at /rustc/8bab26f4f68e0e26f0bb7960be334d5b520ea452/library/test/src/lib.rs:668:43
  45: test::run_test::{closure#1}
             at /rustc/8bab26f4f68e0e26f0bb7960be334d5b520ea452/library/test/src/lib.rs:698:41
  46: std::sys::backtrace::__rust_begin_short_backtrace::<test::run_test::{closure#1}, ()>
             at /rustc/8bab26f4f68e0e26f0bb7960be334d5b520ea452/library/std/src/sys/backtrace.rs:166:18
  47: std::thread::lifecycle::spawn_unchecked::<test::run_test::{closure#1}, ()>::{closure#1}::{closure#0}
             at /rustc/8bab26f4f68e0e26f0bb7960be334d5b520ea452/library/std/src/thread/lifecycle.rs:70:13
  48: <core::panic::unwind_safe::AssertUnwindSafe<std::thread::lifecycle::spawn_unchecked<test::run_test::{closure#1}, ()>::{closure#1}::{closure#0}> as core::ops::function::FnOnce<()>>::call_once
             at /rustc/8bab26f4f68e0e26f0bb7960be334d5b520ea452/library/core/src/panic/unwind_safe.rs:275:9
  49: std::panicking::catch_unwind::do_call::<core::panic::unwind_safe::AssertUnwindSafe<std::thread::lifecycle::spawn_unchecked<test::run_test::{closure#1}, ()>::{closure#1}::{closure#0}>, ()>
             at /rustc/8bab26f4f68e0e26f0bb7960be334d5b520ea452/library/std/src/panicking.rs:581:40
  50: std::panicking::catch_unwind::<(), core::panic::unwind_safe::AssertUnwindSafe<std::thread::lifecycle::spawn_unchecked<test::run_test::{closure#1}, ()>::{closure#1}::{closure#0}>>
             at /rustc/8bab26f4f68e0e26f0bb7960be334d5b520ea452/library/std/src/panicking.rs:544:19
  51: std::panic::catch_unwind::<core::panic::unwind_safe::AssertUnwindSafe<std::thread::lifecycle::spawn_unchecked<test::run_test::{closure#1}, ()>::{closure#1}::{closure#0}>, ()>
             at /rustc/8bab26f4f68e0e26f0bb7960be334d5b520ea452/library/std/src/panic.rs:359:14
  52: std::thread::lifecycle::spawn_unchecked::<test::run_test::{closure#1}, ()>::{closure#1}
             at /rustc/8bab26f4f68e0e26f0bb7960be334d5b520ea452/library/std/src/thread/lifecycle.rs:68:26
  53: <std::thread::lifecycle::spawn_unchecked<test::run_test::{closure#1}, ()>::{closure#1} as core::ops::function::FnOnce<()>>::call_once::{shim:vtable#0}
             at /rustc/8bab26f4f68e0e26f0bb7960be334d5b520ea452/library/core/src/ops/function.rs:250:5
  54: <alloc::boxed::Box<dyn core::ops::function::FnOnce<(), Output = ()> + core::marker::Send> as core::ops::function::FnOnce<()>>::call_once
             at /rustc/8bab26f4f68e0e26f0bb7960be334d5b520ea452/library/alloc/src/boxed.rs:2275:9
  55: <std::sys::thread::unix::Thread>::new::thread_start
             at /rustc/8bab26f4f68e0e26f0bb7960be334d5b520ea452/library/std/src/sys/thread/unix.rs:118:17
  56: __pthread_exit


thread 'scratch_table::tests::exact_backend_publication_io_settlement_shrink_and_close_do_not_allocate' (23677802) panicked at crates/kasumi-store/src/scratch_table_tests.rs:354:5:
assertion `left == right` failed
  left: 1
 right: 0
FAILED

failures:

failures:
    scratch_table::tests::actual_spool_close_reports_native_drain_before_retiring_adapter_owner
    scratch_table::tests::exact_backend_publication_io_settlement_shrink_and_close_do_not_allocate

test result: FAILED. 0 passed; 2 failed; 0 ignored; 0 measured; 715 filtered out; finished in 0.33s

error: test failed, to rerun pass `-p kasumi-store --lib`
Runner: 98.87s; exit=101; matching=1546/1546
