Command: cargo test --locked -p kasumi-engine --lib -- admission::snapshot_work::tests admission::snapshot_work::scope::tests admission::snapshot_work::prospective_tests refill_child_ refill_worker_ primary_index_text_stats_spool_ primary_index_text_group_merge_ primary_index_text_merge_layer_bound_
ISOLATED_SOURCE=/tmp/kasumi-source-cohort-validation-v1
CARGO_TARGET_DIR=/Users/takemiyamakoto/dev/kasumi/target/disk-backed-cache
warning: method `last_sm_seq` is never used
  --> vendor/openraft-0.9.25/openraft/src/engine/engine_output.rs:35:19
   |
24 | / impl<C> EngineOutput<C>
25 | | where
26 | |     C: RaftTypeConfig,
   | |______________________- method in this implementation
...
35 |       pub(crate) fn last_sm_seq(&self) -> CommandSeq {
   |                     ^^^^^^^^^^^
   |
   = note: `#[warn(dead_code)]` (part of `#[warn(unused)]`) on by default

warning: method `accept_vote` is never used
  --> vendor/openraft-0.9.25/openraft/src/engine/handler/vote_handler/mod.rs:58:19
   |
45 | / impl<C> VoteHandler<'_, C>
46 | | where
47 | |     C: RaftTypeConfig,
   | |______________________- method in this implementation
...
58 |       pub(crate) fn accept_vote<T, E, F>(
   |                     ^^^^^^^^^^^

warning: field `database` is never read
  --> crates/kasumi-store/src/storage_opening/publication.rs:59:5
   |
56 | struct PublicationRequest {
   |        ------------------ field in this struct
...
59 |     database: StorageRegistration<DatabaseOwner>,
   |     ^^^^^^^^
   |
   = note: `#[warn(dead_code)]` (part of `#[warn(unused)]`) on by default

warning: `openraft` (lib) generated 2 warnings
warning: `kasumi-store` (lib) generated 1 warning
warning: field `0` is never read
  --> crates/kasumi-raft/src/owned_prepared_restore.rs:25:33
   |
25 | struct CandidateRetirementPanic(std::sync::Mutex<Box<dyn std::any::Any + Send>>);
   |        ------------------------ ^^^^^^^^^^^^^^^^^^^^^^^^^^^^^^^^^^^^^^^^^^^^^^^
   |        |
   |        field in this struct
   |
   = help: consider removing this field
   = note: `#[warn(dead_code)]` (part of `#[warn(unused)]`) on by default

warning: method `prepared_snapshot_publication` is never used
   --> crates/kasumi-raft/src/custody_machine.rs:235:19
    |
135 | impl CustodyMachine {
    | ------------------- method in this implementation
...
235 |     pub(crate) fn prepared_snapshot_publication(
    |                   ^^^^^^^^^^^^^^^^^^^^^^^^^^^^^

warning: method `publish` is never used
   --> crates/kasumi-raft/src/custody_snapshot_preparation.rs:298:19
    |
188 | impl PreparedCustodySnapshotPublication {
    | --------------------------------------- method in this implementation
...
298 |     pub(crate) fn publish(&mut self, control: &OwnedControlGuard) -> Result<()> {
    |                   ^^^^^^^

warning: field `0` is never read
   --> crates/kasumi-raft/src/custody_snapshot_preparation.rs:382:32
    |
382 | struct SnapshotRetirementPanic(std::sync::Mutex<Box<dyn std::any::Any + Send>>);
    |        ----------------------- ^^^^^^^^^^^^^^^^^^^^^^^^^^^^^^^^^^^^^^^^^^^^^^^
    |        |
    |        field in this struct
    |
    = help: consider removing this field

warning: field `0` is never read
   --> crates/kasumi-raft/src/lifetime.rs:249:17
    |
249 |     Application(StorageHandle<kasumi_store::TenantStorageSet>),
    |     ----------- ^^^^^^^^^^^^^^^^^^^^^^^^^^^^^^^^^^^^^^^^^^^^^
    |     |
    |     field in this variant
    |
help: consider changing the field to be of unit type to suppress this warning while preserving the field numbering, or remove the field
    |
249 -     Application(StorageHandle<kasumi_store::TenantStorageSet>),
249 +     Application(()),
    |

warning: field `0` is never read
   --> crates/kasumi-raft/src/lifetime.rs:250:13
    |
250 |     Custody(StorageHandle<kasumi_store::CustodyStore>),
    |     ------- ^^^^^^^^^^^^^^^^^^^^^^^^^^^^^^^^^^^^^^^^^
    |     |
    |     field in this variant
    |
help: consider changing the field to be of unit type to suppress this warning while preserving the field numbering, or remove the field
    |
250 -     Custody(StorageHandle<kasumi_store::CustodyStore>),
250 +     Custody(()),
    |

warning: associated function `new` is never used
  --> crates/kasumi-raft/src/snapshot_buffer/prepared_child.rs:84:8
   |
83 | impl PreparedChild {
   | ------------------ associated function in this implementation
84 |     fn new(body: PreparedSnapshotBody) -> Self {
   |        ^^^

warning: field `0` is never read
   --> crates/kasumi-raft/src/snapshot_buffer/prepared_child.rs:307:19
    |
307 | struct ChildPanic(Mutex<Box<dyn std::any::Any + Send>>);
    |        ---------- ^^^^^^^^^^^^^^^^^^^^^^^^^^^^^^^^^^^^
    |        |
    |        field in this struct
    |
    = help: consider removing this field

warning: methods `begin_prepared_body` and `cancel_body` are never used
   --> crates/kasumi-raft/src/snapshot_buffer/prepared_child.rs:406:19
    |
320 | impl SnapshotBuffer {
    | ------------------- methods in this implementation
...
406 |     pub(crate) fn begin_prepared_body(
    |                   ^^^^^^^^^^^^^^^^^^^
...
470 |     pub(crate) async fn cancel_body(&mut self) -> DrainResult {
    |                         ^^^^^^^^^^^

warning: method `prepare_engine_publication` is never used
    --> crates/kasumi-raft/src/storage.rs:1121:19
     |
1083 | impl PendingSnapshot {
     | -------------------- method in this implementation
...
1121 |     pub(crate) fn prepare_engine_publication<'backend>(
     |                   ^^^^^^^^^^^^^^^^^^^^^^^^^^

warning: enum `SnapshotPublicationPhase` is never used
    --> crates/kasumi-raft/src/storage.rs:1175:6
     |
1175 | enum SnapshotPublicationPhase {
     |      ^^^^^^^^^^^^^^^^^^^^^^^^

warning: struct `PreparedEngineSnapshotPublication` is never constructed
    --> crates/kasumi-raft/src/storage.rs:1181:19
     |
1181 | pub(crate) struct PreparedEngineSnapshotPublication<'backend> {
     |                   ^^^^^^^^^^^^^^^^^^^^^^^^^^^^^^^^^

warning: methods `source` and `publish` are never used
    --> crates/kasumi-raft/src/storage.rs:1191:19
     |
1190 | impl PreparedEngineSnapshotPublication<'_> {
     | ------------------------------------------ methods in this implementation
1191 |     pub(crate) fn source(&self) -> &crate::PreparedSnapshotSourceEnvelope {
     |                   ^^^^^^
...
1194 |     pub(crate) fn publish(&mut self, domains: &TenantStorageSet) -> Result<()> {
     |                   ^^^^^^^

warning: method `context` is never used
   --> crates/kasumi-raft/src/storage/snapshot_conflict.rs:403:19
    |
134 | impl PreparedSnapshotConflict {
    | ----------------------------- method in this implementation
...
403 |     pub(crate) fn context(&self) -> &SnapshotAcceptanceContext<u64> {
    |                   ^^^^^^^

warning: method `source` is never used
   --> crates/kasumi-raft/src/storage/owned_snapshot_body.rs:328:19
    |
 59 | impl PreparedApplicationSnapshot {
    | -------------------------------- method in this implementation
...
328 |     pub(crate) fn source(&self) -> Option<&crate::PreparedSnapshotSourceEnvelope> {
    |                   ^^^^^^

warning: field `0` is never read
   --> crates/kasumi-raft/src/storage/owned_snapshot_body.rs:770:32
    |
770 | struct SnapshotRetirementPanic(std::sync::Mutex<Box<dyn std::any::Any + Send>>);
    |        ----------------------- ^^^^^^^^^^^^^^^^^^^^^^^^^^^^^^^^^^^^^^^^^^^^^^^
    |        |
    |        field in this struct
    |
    = help: consider removing this field

warning: methods `log` and `expected` are never used
   --> crates/kasumi-raft/src/storage/snapshot_seed.rs:461:19
    |
132 | impl SnapshotSeed {
    | ----------------- methods in this implementation
...
461 |     pub(crate) fn log(&self) -> &LogStore {
    |                   ^^^
...
464 |     pub(crate) fn expected(&self) -> &SnapshotMeta<u64, BasicNode> {
    |                   ^^^^^^^^

warning: method `get` is never used
  --> crates/kasumi-query/src/text_runtime_slot.rs:25:8
   |
19 | impl<T, W> Slot<T, W> {
   | --------------------- method in this implementation
...
25 |     fn get(&self) -> Option<Strong<T, W>> {
   |        ^^^
   |
   = note: `#[warn(dead_code)]` (part of `#[warn(unused)]`) on by default

warning: `kasumi-raft` (lib) generated 17 warnings
warning: `kasumi-query` (lib) generated 1 warning
warning: unused import: `PublicationStamp`
    --> crates/kasumi-engine/src/application_sources.rs:2679:36
     |
2679 | pub(crate) use cache_publication::{PublicationStamp, PublicationWake};
     |                                    ^^^^^^^^^^^^^^^^
     |
     = note: `#[warn(unused_imports)]` (part of `#[warn(unused)]`) on by default

warning: methods `prepare` and `prepare_kind` are never used
   --> crates/kasumi-engine/src/application_sources.rs:763:19
    |
655 | impl SourceRootsRef {
    | ------------------- methods in this implementation
...
763 |     pub(crate) fn prepare(&self) -> Result<RootPreparation> {
    |                   ^^^^^^^
...
802 |     fn prepare_kind(&self, canonical: bool) -> Result<RootPreparation> {
    |        ^^^^^^^^^^^^
    |
    = note: `#[warn(dead_code)]` (part of `#[warn(unused)]`) on by default

warning: method `cache_publication_after` is never used
   --> crates/kasumi-engine/src/cache_publication_events.rs:111:25
    |
 45 | impl SourceRootsRef {
    | ------------------- method in this implementation
...
111 |     pub(crate) async fn cache_publication_after(
    |                         ^^^^^^^^^^^^^^^^^^^^^^^

warning: field `idle_text_runtime` is never read
    --> crates/kasumi-engine/src/admission.rs:1099:5
     |
1095 | pub struct NodeAdmission {
     |            ------------- field in this struct
...
1099 |     idle_text_runtime: text_runtime::IdleCache,
     |     ^^^^^^^^^^^^^^^^^

warning: methods `cache_headroom` and `require_governor` are never used
    --> crates/kasumi-engine/src/admission.rs:1420:19
     |
1417 | impl Reservation {
     | ---------------- methods in this implementation
...
1420 |     pub(crate) fn cache_headroom(&self) -> CacheHeadroom {
     |                   ^^^^^^^^^^^^^^
...
1425 |     pub(crate) fn require_governor(&self, node: &Arc<NodeAdmission>) -> Result<()> {
     |                   ^^^^^^^^^^^^^^^^

warning: struct `CacheHeadroom` is never constructed
    --> crates/kasumi-engine/src/admission.rs:2592:19
     |
2592 | pub(crate) struct CacheHeadroom {
     |                   ^^^^^^^^^^^^^

warning: method `improves` is never used
    --> crates/kasumi-engine/src/admission.rs:2600:19
     |
2599 | impl CacheHeadroom {
     | ------------------ method in this implementation
2600 |     pub(crate) fn improves(self, prior: Self) -> bool {
     |                   ^^^^^^^^

warning: methods `cache_retention_ceiling_bytes`, `cache_headroom`, `cache_relief_after`, and `next_sampler_observation` are never used
    --> crates/kasumi-engine/src/admission.rs:2612:19
     |
2608 | impl MemoryCore {
     | --------------- methods in this implementation
...
2612 |     pub(crate) fn cache_retention_ceiling_bytes(&self) -> u64 {
     |                   ^^^^^^^^^^^^^^^^^^^^^^^^^^^^^
...
2621 |     pub(crate) fn cache_headroom(&self) -> CacheHeadroom {
     |                   ^^^^^^^^^^^^^^
...
2666 |     pub(crate) async fn cache_relief_after(&self, prior: CacheHeadroom) -> CacheHeadroom {
     |                         ^^^^^^^^^^^^^^^^^^
...
2687 |     async fn next_sampler_observation(&self) {
     |              ^^^^^^^^^^^^^^^^^^^^^^^^

warning: trait `ExistingGrantOperation` is never used
   --> crates/kasumi-engine/src/admission/snapshot_work.rs:135:18
    |
135 | pub(crate) trait ExistingGrantOperation: SnapshotOperation {
    |                  ^^^^^^^^^^^^^^^^^^^^^^

warning: struct `CensusRefusal` is never constructed
   --> crates/kasumi-engine/src/admission/snapshot_work.rs:144:19
    |
144 | pub(crate) struct CensusRefusal {
    |                   ^^^^^^^^^^^^^

warning: enum `CensusSite` is never used
   --> crates/kasumi-engine/src/admission/snapshot_work.rs:149:6
    |
149 | enum CensusSite {
    |      ^^^^^^^^^^

warning: enum `SnapshotPreparationFailure` is never used
   --> crates/kasumi-engine/src/admission/snapshot_work.rs:156:17
    |
156 | pub(crate) enum SnapshotPreparationFailure {
    |                 ^^^^^^^^^^^^^^^^^^^^^^^^^^

warning: methods `census_refusal` and `error` are never used
   --> crates/kasumi-engine/src/admission/snapshot_work.rs:171:19
    |
170 | impl SnapshotPreparationFailure {
    | ------------------------------- methods in this implementation
171 |     pub(crate) fn census_refusal(&self) -> Option<CensusRefusal> {
    |                   ^^^^^^^^^^^^^^
...
177 |     pub(crate) fn error(&self) -> Option<&Error> {
    |                   ^^^^^

warning: struct `SnapshotWorkRejected` is never constructed
   --> crates/kasumi-engine/src/admission/snapshot_work.rs:189:19
    |
189 | pub(crate) struct SnapshotWorkRejected<P> {
    |                   ^^^^^^^^^^^^^^^^^^^^

warning: methods `failure`, `error`, and `into_parts` are never used
   --> crates/kasumi-engine/src/admission/snapshot_work.rs:194:19
    |
193 | impl<P> SnapshotWorkRejected<P> {
    | ------------------------------- methods in this implementation
194 |     pub(crate) fn failure(&self) -> &SnapshotPreparationFailure {
    |                   ^^^^^^^
...
197 |     pub(crate) fn error(&self) -> Option<&Error> {
    |                   ^^^^^
...
200 |     pub(crate) fn into_parts(self) -> (P, SnapshotPreparationFailure) {
    |                   ^^^^^^^^^^

warning: variants `Running`, `Ready`, and `Failed` are never constructed
   --> crates/kasumi-engine/src/admission/snapshot_work.rs:232:5
    |
230 | enum PreparationPhase {
    |      ---------------- variants in this enum
231 |     Unused,
232 |     Running(std::thread::ThreadId),
    |     ^^^^^^^
233 |     Ready,
    |     ^^^^^
234 |     Failed,
    |     ^^^^^^
    |
    = note: `PreparationPhase` has a derived impl for the trait `Clone`, but this is intentionally ignored during dead code analysis

warning: method `prepare_inputs` is never used
   --> crates/kasumi-engine/src/admission/snapshot_work.rs:520:8
    |
504 | impl<O: SnapshotOperation> Owner<O> {
    | ----------------------------------- method in this implementation
...
520 |     fn prepare_inputs(&self)
    |        ^^^^^^^^^^^^^^

warning: methods `require_memory` and `wait_ready` are never used
    --> crates/kasumi-engine/src/admission/snapshot_work.rs:999:19
     |
 998 | impl SnapshotWorkReport {
     | ----------------------- methods in this implementation
 999 |     pub(crate) fn require_memory(&self, core: &Arc<MemoryCore>) -> Result<()> {
     |                   ^^^^^^^^^^^^^^
...
1019 |     pub(crate) async fn wait_ready(&self) {
     |                         ^^^^^^^^^^

warning: method `prepare_snapshot_work_from_existing` is never used
    --> crates/kasumi-engine/src/admission/snapshot_work.rs:1222:19
     |
1213 | impl NodeAdmission {
     | ------------------ method in this implementation
...
1222 |     pub(crate) fn prepare_snapshot_work_from_existing<O: ExistingGrantOperation>(
     |                   ^^^^^^^^^^^^^^^^^^^^^^^^^^^^^^^^^^^

warning: trait `ScopedSnapshotOperation` is never used
  --> crates/kasumi-engine/src/admission/snapshot_work_scope.rs:10:18
   |
10 | pub(crate) trait ScopedSnapshotOperation: ExistingGrantOperation {
   |                  ^^^^^^^^^^^^^^^^^^^^^^^

warning: trait `ProspectiveSnapshotOperation` is never used
  --> crates/kasumi-engine/src/admission/snapshot_work_scope.rs:18:18
   |
18 | pub(crate) trait ProspectiveSnapshotOperation: ScopedSnapshotOperation {
   |                  ^^^^^^^^^^^^^^^^^^^^^^^^^^^^

warning: variants `Preparing` and `Work` are never constructed
  --> crates/kasumi-engine/src/admission/snapshot_work_scope.rs:24:5
   |
22 | enum Slot {
   |      ---- variants in this enum
23 |     Empty,
24 |     Preparing {
   |     ^^^^^^^^^
...
28 |     Work(SnapshotWorkReport),
   |     ^^^^

warning: field `next` is never read
  --> crates/kasumi-engine/src/admission/snapshot_work_scope.rs:32:5
   |
30 | struct State {
   |        ----- field in this struct
31 |     sealed: bool,
32 |     next: u64,
   |     ^^^^

warning: field `admission` is never read
  --> crates/kasumi-engine/src/admission/snapshot_work_scope.rs:53:5
   |
50 | struct Inner {
   |        ----- field in this struct
...
53 |     admission: Arc<NodeAdmission>,
   |     ^^^^^^^^^

warning: struct `Preparation` is never constructed
  --> crates/kasumi-engine/src/admission/snapshot_work_scope.rs:56:8
   |
56 | struct Preparation<'a> {
   |        ^^^^^^^^^^^

warning: multiple methods are never used
   --> crates/kasumi-engine/src/admission/snapshot_work_scope.rs:158:8
    |
 95 | impl SnapshotWorkScope {
    | ---------------------- methods in this implementation
...
158 |     fn begin_kind(
    |        ^^^^^^^^^^
...
212 |     pub(crate) fn prepare<O: ScopedSnapshotOperation>(
    |                   ^^^^^^^
...
261 |     pub(crate) fn prepare_prospective<O: ProspectiveSnapshotOperation>(
    |                   ^^^^^^^^^^^^^^^^^^^
...
273 |     pub(crate) async fn when_census_available(&self, refused: CensusRefusal) {
    |                         ^^^^^^^^^^^^^^^^^^^^^
...
331 |     pub(crate) fn require_open_memory(&self, core: &Arc<MemoryCore>) -> Result<()> {
    |                   ^^^^^^^^^^^^^^^^^^^
...
349 |     pub(crate) async fn when_sealed(&self) {
    |                         ^^^^^^^^^^^
...
410 |     pub(crate) fn take_completed(&self, report: &SnapshotWorkReport) -> Result<SnapshotWorkReport> {
    |                   ^^^^^^^^^^^^^^
...
449 |     pub(crate) fn visit(&self, mut visit: impl FnMut(SnapshotWorkId, SnapshotObservation<'_>)) {
    |                   ^^^^^

warning: variants `Preparing` and `Failed` are never constructed
  --> crates/kasumi-engine/src/admission/text_runtime.rs:25:5
   |
23 | enum Phase {
   |      ----- variants in this enum
24 |     Idle,
25 |     Preparing,
   |     ^^^^^^^^^
26 |     Failed,
   |     ^^^^^^
   |
   = note: `Phase` has a derived impl for the trait `Clone`, but this is intentionally ignored during dead code analysis

warning: fields `slot`, `phase`, `serial`, `next`, `thread`, and `report` are never read
  --> crates/kasumi-engine/src/admission/text_runtime.rs:29:5
   |
28 | struct RegistryState {
   |        ------------- fields in this struct
29 |     slot: TextRuntimeSlot<Reservation>,
   |     ^^^^
30 |     idle: idle::Slot,
31 |     phase: Phase,
   |     ^^^^^
32 |     serial: u64,
   |     ^^^^^^
33 |     next: u64,
   |     ^^^^
34 |     thread: Option<std::thread::ThreadId>,
   |     ^^^^^^
...
37 |     report: Option<SnapshotWorkReport>,
   |     ^^^^^^

warning: field `changed` is never read
  --> crates/kasumi-engine/src/admission/text_runtime.rs:41:5
   |
39 | pub(super) struct Registry {
   |                   -------- field in this struct
40 |     state: Mutex<RegistryState>,
41 |     changed: tokio::sync::Notify,
   |     ^^^^^^^

warning: method `fail` is never used
  --> crates/kasumi-engine/src/admission/text_runtime.rs:69:8
   |
43 | impl Registry {
   | ------------- method in this implementation
...
69 |     fn fail(&self, serial: u64) {
   |        ^^^^

warning: struct `Ticket` is never constructed
  --> crates/kasumi-engine/src/admission/text_runtime.rs:81:8
   |
81 | struct Ticket {
   |        ^^^^^^

warning: methods `entered`, `failed`, and `publish` are never used
   --> crates/kasumi-engine/src/admission/text_runtime.rs:87:8
    |
 86 | impl Ticket {
    | ----------- methods in this implementation
 87 |     fn entered(&self) {
    |        ^^^^^^^
...
101 |     fn failed(&mut self) {
    |        ^^^^^^
...
105 |     fn publish(&mut self, runtime: &Runtime, idle: &IdleCache) -> Result<()> {
    |        ^^^^^^^

warning: function `require_operation_grant` is never used
   --> crates/kasumi-engine/src/admission/text_runtime.rs:182:4
    |
182 | fn require_operation_grant(grant: &Reservation, core: &Arc<MemoryCore>) -> Result<()> {
    |    ^^^^^^^^^^^^^^^^^^^^^^^

warning: function `require_runtime` is never used
   --> crates/kasumi-engine/src/admission/text_runtime.rs:211:4
    |
211 | fn require_runtime(runtime: &Runtime, core: &Arc<MemoryCore>) -> Result<()> {
    |    ^^^^^^^^^^^^^^^

warning: enum `Acquisition` is never used
   --> crates/kasumi-engine/src/admission/text_runtime.rs:218:17
    |
218 | pub(crate) enum Acquisition {
    |                 ^^^^^^^^^^^

warning: enum `RequestFailure` is never used
   --> crates/kasumi-engine/src/admission/text_runtime.rs:224:17
    |
224 | pub(crate) enum RequestFailure {
    |                 ^^^^^^^^^^^^^^

warning: methods `preparation_failure` and `visit_diagnostics` are never used
   --> crates/kasumi-engine/src/admission/text_runtime.rs:229:19
    |
228 | impl RequestFailure {
    | ------------------- methods in this implementation
229 |     pub(crate) fn preparation_failure(&self) -> Option<&snapshot_work::SnapshotPreparationFailure> {
    |                   ^^^^^^^^^^^^^^^^^^^
...
235 |     pub(crate) fn visit_diagnostics(&self, visit: &mut dyn FnMut(&(dyn StdError + 'static))) {
    |                   ^^^^^^^^^^^^^^^^^

warning: struct `Wait` is never constructed
   --> crates/kasumi-engine/src/admission/text_runtime.rs:259:19
    |
259 | pub(crate) struct Wait {
    |                   ^^^^

warning: method `changed` is never used
   --> crates/kasumi-engine/src/admission/text_runtime.rs:267:25
    |
263 | impl Wait {
    | --------- method in this implementation
...
267 |     pub(crate) async fn changed(&self, scope: &SnapshotWorkScope) -> Result<()> {
    |                         ^^^^^^^

warning: struct `Plan` is never constructed
   --> crates/kasumi-engine/src/admission/text_runtime.rs:315:19
    |
315 | pub(crate) struct Plan {
    |                   ^^^^

warning: struct `Initialize` is never constructed
   --> crates/kasumi-engine/src/admission/text_runtime.rs:322:19
    |
322 | pub(crate) struct Initialize {
    |                   ^^^^^^^^^^

warning: enum `Failure` is never used
   --> crates/kasumi-engine/src/admission/text_runtime.rs:332:17
    |
332 | pub(crate) enum Failure {
    |                 ^^^^^^^

warning: struct `FailureWake` is never constructed
   --> crates/kasumi-engine/src/admission/text_runtime.rs:341:8
    |
341 | struct FailureWake {
    |        ^^^^^^^^^^^

warning: methods `request_text_runtime` and `request_text_runtime_inner` are never used
   --> crates/kasumi-engine/src/admission/text_runtime.rs:474:19
    |
473 | impl NodeAdmission {
    | ------------------ methods in this implementation
474 |     pub(crate) fn request_text_runtime(
    |                   ^^^^^^^^^^^^^^^^^^^^
...
486 |     fn request_text_runtime_inner(
    |        ^^^^^^^^^^^^^^^^^^^^^^^^^^

warning: methods `text_runtime_report` and `acknowledge_text_runtime_failure` are never used
   --> crates/kasumi-engine/src/admission/text_runtime.rs:624:19
    |
623 | impl MemoryCore {
    | --------------- methods in this implementation
624 |     pub(crate) fn text_runtime_report(&self) -> Option<SnapshotWorkReport> {
    |                   ^^^^^^^^^^^^^^^^^^^
...
634 |     pub(crate) fn acknowledge_text_runtime_failure(
    |                   ^^^^^^^^^^^^^^^^^^^^^^^^^^^^^^^^

warning: methods `retain_hit` and `retain_charged` are never used
   --> crates/kasumi-engine/src/admission/text_runtime_idle.rs:168:19
    |
104 | impl Cache {
    | ---------- methods in this implementation
...
168 |     pub(super) fn retain_hit(&self, runtime: &Runtime, core: &Arc<MemoryCore>) -> Result<()> {
    |                   ^^^^^^^^^^
...
183 |     pub(super) fn retain_charged(
    |                   ^^^^^^^^^^^^^^

warning: method `cache_capacity_after` is never used
  --> crates/kasumi-engine/src/admission/budget_events.rs:90:25
   |
 5 | impl MemoryCore {
   | --------------- method in this implementation
...
90 |     pub(crate) async fn cache_capacity_after(&self, prior: CacheHeadroom) -> CacheHeadroom {
   |                         ^^^^^^^^^^^^^^^^^^^^

warning: struct `CacheResidencyBounds` is never constructed
   --> crates/kasumi-engine/src/admission/budget_events.rs:119:19
    |
119 | pub(crate) struct CacheResidencyBounds {
    |                   ^^^^^^^^^^^^^^^^^^^^

warning: method `with_cache_residency_bounds` is never used
   --> crates/kasumi-engine/src/admission/budget_events.rs:126:19
    |
125 | impl MemoryCore {
    | --------------- method in this implementation
126 |     pub(crate) fn with_cache_residency_bounds<T>(
    |                   ^^^^^^^^^^^^^^^^^^^^^^^^^^^

warning: `kasumi-engine` (lib) generated 49 warnings (run `cargo fix --lib -p kasumi-engine` to apply 1 suggestion)
   Compiling kasumi-engine v0.1.0 (/private/tmp/kasumi-source-cohort-validation-v1/crates/kasumi-engine)
warning: unused import: `Retire`
  --> crates/kasumi-engine/src/primary_stage_cow.rs:12:78
   |
12 | use records::{CatalogEntry, CatalogId, CatalogMember, Manifest, ManifestRef, Retire, Root};
   |                                                                              ^^^^^^
   |
   = note: `#[warn(unused_imports)]` (part of `#[warn(unused)]`) on by default

warning: unused imports: `EditedCollection`, `OrderedEditFailure`, `PreparedOrderedCapture`, `PrimaryPublicationInventory`, and `VerifiedOrderedEdits`
   --> crates/kasumi-engine/src/primary_stage_cow.rs:465:5
    |
465 |     EditedCollection, OrderedEditFailure, PendingOrderedEdits, PreparedOrderedCapture,
    |     ^^^^^^^^^^^^^^^^  ^^^^^^^^^^^^^^^^^^                       ^^^^^^^^^^^^^^^^^^^^^^
466 |     PreparedOrderedWorkspace, PrimaryPublicationInventory, VerifiedOrderedEdits,
    |                               ^^^^^^^^^^^^^^^^^^^^^^^^^^^  ^^^^^^^^^^^^^^^^^^^^

warning: unused import: `refill_step::RefillStep`
    --> crates/kasumi-engine/src/admission/snapshot_work.rs:1461:16
     |
1461 | pub(crate) use refill_step::RefillStep;
     |                ^^^^^^^^^^^^^^^^^^^^^^^

warning: unused import: `scope::refill_child::RefillParent`
    --> crates/kasumi-engine/src/admission/snapshot_work.rs:1464:16
     |
1464 | pub(crate) use scope::refill_child::RefillParent;
     |                ^^^^^^^^^^^^^^^^^^^^^^^^^^^^^^^^^

warning: unused import: `QueryWorkspace`
   --> crates/kasumi-engine/src/query_source_work.rs:235:37
    |
235 |     use kasumi_query::{QueryMemory, QueryWorkspace};
    |                                     ^^^^^^^^^^^^^^

warning: unused import: `stage::index as staged`
 --> crates/kasumi-engine/src/primary_stage_index_span_tests.rs:7:5
  |
7 |     stage::index as staged,
  |     ^^^^^^^^^^^^^^^^^^^^^^

warning: unused import: `AcceptedPublicationInventory`
   --> crates/kasumi-engine/src/primary_projection.rs:208:5
    |
208 |     AcceptedPublicationInventory, CollectionAction, CollectionPublication, DocumentChange,
    |     ^^^^^^^^^^^^^^^^^^^^^^^^^^^^

warning: unused import: `AcceptedIndexEdits`
   --> crates/kasumi-engine/src/primary_projection.rs:212:5
    |
212 |     AcceptedIndexEdits, FieldSlot, IndexChange, IndexInputFailure, IndexOperation, IndexRole,
    |     ^^^^^^^^^^^^^^^^^^

warning: variable does not need to be mutable
   --> crates/kasumi-engine/src/primary_stage_index_rebuild.rs:190:13
    |
190 |         let mut work = Self {
    |             ----^^^^
    |             |
    |             help: remove this `mut`
    |
    = note: `#[warn(unused_mut)]` (part of `#[warn(unused)]`) on by default

warning: method `value` is never used
   --> crates/kasumi-engine/src/document_pool.rs:159:19
    |
107 | impl DocumentPool {
    | ----------------- method in this implementation
...
159 |     pub(crate) fn value<T: CachePayload>(
    |                   ^^^^^
    |
    = note: `#[warn(dead_code)]` (part of `#[warn(unused)]`) on by default

warning: field `grant` is never read
  --> crates/kasumi-engine/src/primary_stage_collection.rs:27:16
   |
13 | pub(crate) struct AcceptedPrimaryDraft {
   |                   -------------------- field in this struct
...
27 |     pub(super) grant: Reservation,
   |                ^^^^^

warning: method `check_draft_graph` is never used
   --> crates/kasumi-engine/src/primary_stage_collection_verify.rs:328:19
    |
323 | impl PrimaryStage<'_, '_> {
    | ------------------------- method in this implementation
...
328 |     pub(crate) fn check_draft_graph(
    |                   ^^^^^^^^^^^^^^^^^

warning: field `owner` is never read
  --> crates/kasumi-engine/src/primary_stage_baseline_capture.rs:18:5
   |
16 | pub(crate) struct BaselineCaptureFailure {
   |                   ---------------------- field in this struct
17 |     original: anyhow::Error,
18 |     owner: PreparedBaselineCapture,
   |     ^^^^^

warning: methods `original`, `retire`, and `visit_diagnostics` are never used
  --> crates/kasumi-engine/src/primary_stage_baseline_capture.rs:28:19
   |
27 | impl BaselineCaptureFailure {
   | --------------------------- methods in this implementation
28 |     pub(crate) fn original(&self) -> &anyhow::Error {
   |                   ^^^^^^^^
...
31 |     pub(crate) fn retire(&mut self) -> Result<kasumi_types::drain::DrainCompletion> {
   |                   ^^^^^^
...
34 |     pub(crate) fn visit_diagnostics(
   |                   ^^^^^^^^^^^^^^^^^

warning: methods `visit_diagnostics` and `retire` are never used
   --> crates/kasumi-engine/src/primary_stage_baseline_capture.rs:98:19
    |
 61 | impl PreparedBaselineCapture {
    | ---------------------------- methods in this implementation
...
 98 |     pub(crate) fn visit_diagnostics(
    |                   ^^^^^^^^^^^^^^^^^
...
106 |     pub(crate) fn retire(&mut self) -> Result<kasumi_types::drain::DrainCompletion> {
    |                   ^^^^^^

warning: field `committed` is never read
  --> crates/kasumi-engine/src/primary_selected_metadata.rs:44:5
   |
40 | pub(crate) struct BoundQueryMetadata {
   |                   ------------------ field in this struct
...
44 |     committed: CommittedBaseline,
   |     ^^^^^^^^^

warning: fields `prepared` and `committed` are never read
  --> crates/kasumi-engine/src/primary_selected_metadata.rs:48:5
   |
46 | pub(crate) struct MetadataBindingFailure {
   |                   ---------------------- fields in this struct
47 |     original: anyhow::Error,
48 |     prepared: AcceptedQueryMetadata,
   |     ^^^^^^^^
49 |     committed: CommittedBaseline,
   |     ^^^^^^^^^

warning: methods `original` and `into_unchanged` are never used
  --> crates/kasumi-engine/src/primary_selected_metadata.rs:59:19
   |
58 | impl MetadataBindingFailure {
   | --------------------------- methods in this implementation
59 |     pub(crate) fn original(&self) -> &anyhow::Error {
   |                   ^^^^^^^^
...
64 |     pub(crate) fn into_unchanged(
   |                   ^^^^^^^^^^^^^^

warning: method `populate` is never used
   --> crates/kasumi-engine/src/primary_selected_metadata.rs:103:19
    |
 70 | impl PreparedMetadataCapacity {
    | ----------------------------- method in this implementation
...
103 |     pub(crate) fn populate(
    |                   ^^^^^^^^

warning: method `proposed` is never used
  --> crates/kasumi-engine/src/primary_stage_ordered.rs:61:19
   |
45 | impl EditedCollection {
   | --------------------- method in this implementation
...
61 |     pub(crate) fn proposed(&self) -> Option<(Manifest, ManifestRef)> {
   |                   ^^^^^^^^

warning: field `resources` is never read
   --> crates/kasumi-engine/src/primary_stage_ordered.rs:158:5
    |
156 | pub(crate) struct OrderedEditFailure<'guard, 'engine> {
    |                   ------------------ field in this struct
157 |     original: anyhow::Error,
158 |     resources: OrderedResources<'guard, 'engine>,
    |     ^^^^^^^^^

warning: method `visit_diagnostics` is never used
   --> crates/kasumi-engine/src/primary_stage_ordered_capture.rs:114:19
    |
 33 | impl PreparedOrderedCapture {
    | --------------------------- method in this implementation
...
114 |     pub(crate) fn visit_diagnostics(
    |                   ^^^^^^^^^^^^^^^^^

warning: method `retire` is never used
   --> crates/kasumi-engine/src/primary_stage_ordered_workspace.rs:177:19
    |
 21 | impl PreparedOrderedWorkspace {
    | ----------------------------- method in this implementation
...
177 |     pub(crate) fn retire(&mut self) -> Result<kasumi_types::drain::DrainCompletion> {
    |                   ^^^^^^

warning: associated function `bind_index_baseline_prepared` is never used
   --> crates/kasumi-engine/src/primary_stage_index_baseline.rs:117:19
    |
105 | impl<'guard, 'engine> PrimaryStage<'guard, 'engine> {
    | --------------------------------------------------- associated function in this implementation
...
117 |     pub(crate) fn bind_index_baseline_prepared(
    |                   ^^^^^^^^^^^^^^^^^^^^^^^^^^^^

warning: field `grant` is never read
  --> crates/kasumi-engine/src/primary_stage_index_rebuild.rs:77:16
   |
67 | pub(super) struct Parts {
   |                   ----- field in this struct
...
77 |     pub(super) grant: Reservation,
   |                ^^^^^

warning: field `grant` is never read
  --> crates/kasumi-engine/src/primary_stage_index_text_import.rs:54:5
   |
50 | struct Work {
   |        ---- field in this struct
...
54 |     grant: Reservation,
   |     ^^^^^

warning: method `reader` is never used
   --> crates/kasumi-engine/src/primary_stage_index_text_journal.rs:836:19
    |
825 | impl UnverifiedJournalSegment {
    | ----------------------------- method in this implementation
...
836 |     pub(crate) fn reader(&self) -> Result<&SegmentReader> {
    |                   ^^^^^^

warning: field `owner` is never read
   --> crates/kasumi-engine/src/primary_stage_index_text_journal.rs:902:5
    |
900 | struct OpenFailure {
    |        ----------- field in this struct
901 |     original: anyhow::Error,
902 |     owner: Mutex<UnverifiedJournalSegment>,
    |     ^^^^^

warning: function `close_failed_open` is never used
   --> crates/kasumi-engine/src/primary_stage_index_text_journal.rs:921:15
    |
921 | pub(crate) fn close_failed_open(error: &anyhow::Error) -> Result<bool> {
    |               ^^^^^^^^^^^^^^^^^

warning: field `grant` is never read
  --> crates/kasumi-engine/src/primary_stage_index_text_producer.rs:76:16
   |
65 | pub(super) struct TextParts {
   |                   --------- field in this struct
...
76 |     pub(super) grant: Reservation,
   |                ^^^^^

warning: fields `next_segment`, `commit_opstamp`, and `runtime` are never read
  --> crates/kasumi-engine/src/primary_stage_index_text_baseline.rs:20:5
   |
15 | pub(crate) struct UnverifiedPhysicalTextSpan {
   |                   -------------------------- fields in this struct
...
20 |     next_segment: u64,
   |     ^^^^^^^^^^^^
...
23 |     commit_opstamp: u64,
   |     ^^^^^^^^^^^^^^
24 |     runtime: TextRuntime<Reservation>,
   |     ^^^^^^^

warning: struct `UnverifiedMergedText` is never constructed
   --> crates/kasumi-engine/src/primary_stage_index_text_group_merge.rs:948:19
    |
948 | pub(crate) struct UnverifiedMergedText {
    |                   ^^^^^^^^^^^^^^^^^^^^

warning: methods `merged_groups` and `retire_work` are never used
   --> crates/kasumi-engine/src/primary_stage_index_text_group_merge.rs:954:19
    |
953 | impl UnverifiedMergedText {
    | ------------------------- methods in this implementation
954 |     pub(crate) fn merged_groups(&self) -> u64 {
    |                   ^^^^^^^^^^^^^
...
957 |     pub(crate) fn retire_work(&mut self) -> Result<kasumi_types::drain::DrainCompletion> {
    |                   ^^^^^^^^^^^

warning: struct `MergeFailure` is never constructed
   --> crates/kasumi-engine/src/primary_stage_index_text_group_merge.rs:961:8
    |
961 | struct MergeFailure {
    |        ^^^^^^^^^^^^

warning: function `close_failed_merge` is never used
   --> crates/kasumi-engine/src/primary_stage_index_text_group_merge.rs:982:15
    |
982 | pub(crate) fn close_failed_merge(error: &anyhow::Error) -> Result<bool> {
    |               ^^^^^^^^^^^^^^^^^^

warning: method `merge_full_text_groups` is never used
   --> crates/kasumi-engine/src/primary_stage_index_text_group_merge.rs:999:19
    |
995 | impl PrimaryStage<'_, '_> {
    | ------------------------- method in this implementation
...
999 |     pub(crate) fn merge_full_text_groups(
    |                   ^^^^^^^^^^^^^^^^^^^^^^

warning: method `visit_diagnostics` is never used
  --> crates/kasumi-engine/src/primary_stage_prepared_old.rs:91:19
   |
16 | impl PreparedPrimaryOld {
   | ----------------------- method in this implementation
...
91 |     pub(crate) fn visit_diagnostics(
   |                   ^^^^^^^^^^^^^^^^^

warning: method `request_cache_refill` is never used
   --> crates/kasumi-engine/src/primary_document_source.rs:356:19
    |
 98 | impl PrimaryDocumentSource {
    | -------------------------- method in this implementation
...
356 |     pub(crate) fn request_cache_refill(&self) -> ReadResult<(), ReadFailure> {
    |                   ^^^^^^^^^^^^^^^^^^^^

warning: method `prepare_parented_refill` is never used
   --> crates/kasumi-engine/src/admission/snapshot_work_refill_child.rs:110:19
    |
 34 | impl SnapshotWorkScope {
    | ---------------------- method in this implementation
...
110 |     pub(crate) fn prepare_parented_refill(
    |                   ^^^^^^^^^^^^^^^^^^^^^^^

warning: field `plan` is never read
   --> crates/kasumi-engine/src/admission/text_runtime.rs:225:15
    |
225 |     Refused { plan: Plan, original: Error },
    |     -------   ^^^^
    |     |
    |     field in this variant

warning: method `preparation_failure` is never used
   --> crates/kasumi-engine/src/admission/text_runtime.rs:229:19
    |
228 | impl RequestFailure {
    | ------------------- method in this implementation
229 |     pub(crate) fn preparation_failure(&self) -> Option<&snapshot_work::SnapshotPreparationFailure> {
    |                   ^^^^^^^^^^^^^^^^^^^

warning: method `prepare_primary_document_source` is never used
    --> crates/kasumi-engine/src/service.rs:3199:8
     |
3195 | impl Database {
     | ------------- method in this implementation
...
3199 |     fn prepare_primary_document_source(
     |        ^^^^^^^^^^^^^^^^^^^^^^^^^^^^^^^

warning: method `cache_refill_session` is never used
    --> crates/kasumi-engine/src/service.rs:3219:8
     |
3218 | impl Database {
     | ------------- method in this implementation
3219 |     fn cache_refill_session(
     |        ^^^^^^^^^^^^^^^^^^^^

warning: method `start_primary_cache_refill` is never used
    --> crates/kasumi-engine/src/service.rs:3237:19
     |
3233 | impl Database {
     | ------------- method in this implementation
...
3237 |     pub(crate) fn start_primary_cache_refill(
     |                   ^^^^^^^^^^^^^^^^^^^^^^^^^^

warning: method `run` is never used
   --> crates/kasumi-engine/src/cache_refill_session.rs:255:25
    |
 80 | impl<'a> Session<'a> {
    | -------------------- method in this implementation
...
255 |     pub(crate) async fn run(&mut self) -> std::result::Result<(), Failure> {
    |                         ^^^

warning: `kasumi-engine` (lib test) generated 45 warnings (run `cargo fix --lib -p kasumi-engine --tests` to apply 9 suggestions)
    Finished `test` profile [unoptimized + debuginfo] target(s) in 2m 13s
     Running unittests src/lib.rs (/Users/takemiyamakoto/dev/kasumi/target/disk-backed-cache/debug/deps/kasumi_engine-fe8ede86cb1fd23f)

running 54 tests
test admission::snapshot_work::cache_refill::tests::refill_worker_run_proxy_defers_reentrant_executor_until_owner_lock_releases ... ok
test admission::snapshot_work::scope::refill_child::tests::refill_child_cancelled_original_grant_is_not_retryable_ledger_pressure ... ok
test admission::snapshot_work::cache_refill::tests::refill_worker_original_future_survives_actual_task_abort_until_owner_retirement ... ok
test admission::snapshot_work::cache_refill::tests::refill_worker_original_poll_panic_cannot_be_acknowledged_or_repolled ... ok
test admission::snapshot_work::scope::tests::database_source_census_preparation_panic_keeps_original_and_reuses_exact_slot ... ok
test admission::snapshot_work::scope::refill_child::tests::refill_child_foreign_scope_and_second_child_keep_exact_unentered_plan ... ok
test admission::snapshot_work::cache_refill::tests::refill_worker_escaped_run_waker_keeps_original_credit_after_join_and_owner_retirement ... ok
test admission::snapshot_work::scope::tests::database_source_census_seals_only_its_own_workers_on_shared_core ... ok
test admission::snapshot_work::scope::refill_child::tests::refill_child_actual_one_slot_parent_retains_child_without_another_global_or_operation_slot ... ok
test admission::snapshot_work::scope::tests::database_source_census_retains_original_failure_through_cancelled_and_repeated_drain ... ok
test admission::snapshot_work::scope::refill_child::tests::refill_child_original_failure_stays_under_parent_until_exact_ack_and_positive_cleanup ... ok
test admission::snapshot_work::scope::tests::database_source_census_reentrant_preparation_drain_retains_without_deadlock ... ok
test admission::snapshot_work::scope::tests::database_source_census_preparation_completion_wakes_every_entered_drain ... ok
test admission::snapshot_work::scope::tests::database_source_census_local_capacity_release_keeps_report_credit_and_wakes_all ... ok
test admission::snapshot_work::scope::refill_child::tests::refill_child_pending_waker_reenters_actual_parent_after_visitor_unlocks ... ok
test admission::snapshot_work::scope::tests::prospective_tests::database_prospective_source_provider_panic_retains_original_and_partial_backing ... ok
test admission::snapshot_work::scope::tests::prospective_tests::database_prospective_source_reentrant_provider_skips_an_already_waiting_drain ... ok
test admission::snapshot_work::tests::actual_run_panic_retains_original_payload_resource_and_charge_without_cleanup ... ok
test admission::snapshot_work::scope::tests::prospective_tests::database_prospective_source_reentrant_provider_drain_retains_without_deadlock ... ok
test admission::snapshot_work::scope::tests::database_source_census_global_refusal_ignores_own_local_preparation_release ... ok
test admission::snapshot_work::tests::admission_failure_precedes_inert_builder_and_returns_the_reserved_slot ... ok
test admission::snapshot_work::scope::tests::prospective_tests::database_prospective_source_backing_precedes_worker_start_in_the_same_owner ... ok
test admission::snapshot_work::tests::claim_executor_panic_keeps_original_output_and_census_until_successful_retry ... ok
test admission::snapshot_work::scope::tests::prospective_tests::database_prospective_source_census_retains_entered_provider_after_cancelled_drain ... ok
test admission::snapshot_work::scope::tests::database_source_census_stale_report_cannot_remove_reused_work_generation ... ok
test admission::snapshot_work::scope::tests::prospective_tests::database_prospective_source_failure_keeps_original_during_repeated_cleanup ... ok
test admission::snapshot_work::scope::tests::database_source_census_waits_entered_preparation_after_cancelled_drain ... ok
test admission::snapshot_work::tests::cancelled_finish_destroys_executor_waiter_after_unlock_and_before_next_poll ... ok
test admission::snapshot_work::tests::deferred_callback_panic_then_cancel_preserves_original_outcome_and_retry ... ok
test admission::snapshot_work::tests::cancelled_delivery_and_drain_join_the_actual_late_failure ... ok
test primary_tree::stage::index::text_producer::groups::merge::tests::primary_index_text_merge_layer_bound_follows_pinned_geometry ... ok
test admission::snapshot_work::tests::claim_revalidates_after_reentrant_executor_already_claims_the_output ... ok
test admission::snapshot_work::tests::concurrent_final_reports_cannot_reuse_credit_before_actual_owner_deallocation ... ok
test admission::snapshot_work::tests::proxy_callback_panic_and_poison_preserve_borrowed_and_consumed_count_ownership ... ok
test admission::snapshot_work::tests::nested_owner_scopes_coalesce_wakes_and_unwind_leaves_registration_recoverable ... ok
test admission::snapshot_work::tests::snapshot_work_cleanup_borrows_the_same_inline_original_as_report ... ok
test admission::snapshot_work::tests::successful_unclaimed_output_stays_owned_until_explicit_drain ... ok
test admission::snapshot_work::tests::retained_cleanup_can_resolve_without_losing_the_original_failure ... ok
test admission::snapshot_work::tests::cleanup_and_discard_wakes_reenter_actual_completion_only_after_owner_unlock ... ok
test admission::snapshot_work::tests::ready_failure_retires_census_without_a_redundant_drain ... ok
test admission::snapshot_work::tests::synchronous_claim_retires_only_its_generation_and_keeps_transferred_output ... ok
test admission::snapshot_work::tests::proxy_waker_outlives_all_owner_views_and_keeps_credit_until_actual_deallocation ... ok
test admission::snapshot_work::tests::foreign_core_and_one_byte_short_plan_are_denied_before_allocation ... ok
test state::primary_projection::tests::index_text_directory_tests::stats_spool_tests::primary_index_text_stats_spool_typed_preseal_failure_closes_original_writer ... ok
test state::primary_projection::tests::index_text_directory_tests::stats_spool_tests::primary_index_text_stats_spool_cleanup_unwind_keeps_both_original_diagnostics ... ok
test state::primary_projection::tests::index_text_directory_tests::stats_spool_tests::primary_index_text_stats_spool_reset_unwind_keeps_original_and_refuses_reuse_or_positive_close ... ok
test state::primary_projection::tests::index_text_directory_tests::stats_spool_tests::primary_index_text_stats_spool_checks_access_after_the_final_visitor ... ok
test state::primary_projection::tests::index_text_directory_tests::stats_spool_tests::primary_index_text_stats_spool_encrypted_exact_physical_stream_and_preaccepted_credit ... ok
test state::primary_projection::tests::index_text_directory_tests::stats_spool_tests::primary_index_text_stats_spool_catches_validly_framed_counter_tampering ... ok
test application_sources::tests::primary_read_tests::primary_refill_worker_original_failure_stays_reachable_until_exact_acknowledgement ... ok
test application_sources::tests::primary_read_tests::primary_refill_worker_fills_without_caller_and_joins_after_cancelled_drain ... ok
test application_sources::tests::primary_read_tests::primary_refill_worker_global_census_claim_wakes_with_original_report_credits_retained ... ok
test state::primary_projection::tests::index_text_directory_tests::stats_spool_tests::primary_index_text_stats_spool_reuses_exact_native_owner_file_and_credit_across_rounds has been running for over 60 seconds
test state::primary_projection::tests::index_text_producer_tests::canonical_baseline::primary_index_text_group_merge_round_replays_real_components_and_drains_every_plan_object has been running for over 60 seconds
test state::primary_projection::tests::index_text_directory_tests::stats_spool_tests::primary_index_text_stats_spool_reuses_exact_native_owner_file_and_credit_across_rounds ... FAILED
test state::primary_projection::tests::index_text_producer_tests::canonical_baseline::primary_index_text_group_merge_round_replays_real_components_and_drains_every_plan_object ... ok

failures:

---- state::primary_projection::tests::index_text_directory_tests::stats_spool_tests::primary_index_text_stats_spool_reuses_exact_native_owner_file_and_credit_across_rounds stdout ----

thread 'state::primary_projection::tests::index_text_directory_tests::stats_spool_tests::primary_index_text_stats_spool_reuses_exact_native_owner_file_and_credit_across_rounds' (31412335) panicked at crates/kasumi-engine/src/primary_stage_index_text_stats_spool_tests.rs:360:9:
assertion `left == right` failed: each concrete writer reused original preaccepted allowance
  left: 139488316
 right: 139363708


failures:
    state::primary_projection::tests::index_text_directory_tests::stats_spool_tests::primary_index_text_stats_spool_reuses_exact_native_owner_file_and_credit_across_rounds

test result: FAILED. 53 passed; 1 failed; 0 ignored; 0 measured; 949 filtered out; finished in 2683.22s

error: test failed, to rerun pass `-p kasumi-engine --lib`
Runner: 2816.99s; exit=101; matching=1825/1825
