Command: cargo test --locked --offline --config profile.test.package.kasumi-kv.opt-level=3 --config profile.test.package.sha2.opt-level=3 -p kasumi-store -p kasumi-raft -p kasumi-engine --all-features --lib --no-fail-fast -- prepared_point prepared_finish prepared_transfer single_point selected_application application_sources::tests ordinary_completion primary_cow installed_scan scratch_prepared_workspace_survives_capacity_pressure_after_prepare scratch_preparation_capacity_refusal_has_no_private_effect_and_retries permanent_staged_point_capacity_transfers_to_outcome_and_can_expand_without_identity_reuse security_audit::jobs::tests --nocapture
CARGO_TARGET_DIR=target/disk-backed-cache
    Blocking waiting for file lock on package cache
    Blocking waiting for file lock on package cache
    Blocking waiting for file lock on package cache
   Compiling kasumi-store v0.1.0 (/Users/takemiyamakoto/dev/kasumi/crates/kasumi-store)
   Compiling kasumi-raft v0.1.0 (/Users/takemiyamakoto/dev/kasumi/crates/kasumi-raft)
   Compiling kasumi-engine v0.1.0 (/Users/takemiyamakoto/dev/kasumi/crates/kasumi-engine)
error[E0277]: the trait bound `&Vec<u8>: Into<Vec<u8>>` is not satisfied
   --> crates/kasumi-engine/src/staged_terminal_scan_tests.rs:73:50
    |
 73 |     store.write_batch(&[WriteOp::put(&namespace, &id_key(&second.key), &alternate)])?;
    |                         ------------             ^^^^^^^^^^^^^^^^^^^^ the trait `From<&Vec<u8>>` is not implemented for `Vec<u8>`
    |                         |
    |                         required by a bound introduced by this call
    |
    = note: required for `&Vec<u8>` to implement `Into<Vec<u8>>`
note: required by a bound in `kasumi_store::WriteOp::put`
   --> crates/kasumi-store/src/lib.rs:210:19
    |
208 |     pub fn put(
    |            --- required by a bound in this associated function
209 |         namespace: impl Into<String>,
210 |         key: impl Into<Vec<u8>>,
    |                   ^^^^^^^^^^^^^ required by this bound in `WriteOp::put`
help: consider dereferencing here
    |
 73 |     store.write_batch(&[WriteOp::put(&namespace, &*id_key(&second.key), &alternate)])?;
    |                                                   +

error[E0277]: the trait bound `&Vec<u8>: Into<Vec<u8>>` is not satisfied
   --> crates/kasumi-engine/src/staged_terminal_scan_tests.rs:73:72
    |
 73 |     store.write_batch(&[WriteOp::put(&namespace, &id_key(&second.key), &alternate)])?;
    |                         ------------                                   ^^^^^^^^^^ the trait `From<&Vec<u8>>` is not implemented for `Vec<u8>`
    |                         |
    |                         required by a bound introduced by this call
    |
    = note: required for `&Vec<u8>` to implement `Into<Vec<u8>>`
note: required by a bound in `kasumi_store::WriteOp::put`
   --> crates/kasumi-store/src/lib.rs:211:21
    |
208 |     pub fn put(
    |            --- required by a bound in this associated function
...
211 |         value: impl Into<Vec<u8>>,
    |                     ^^^^^^^^^^^^^ required by this bound in `WriteOp::put`
help: consider dereferencing here
    |
 73 |     store.write_batch(&[WriteOp::put(&namespace, &id_key(&second.key), &*alternate)])?;
    |                                                                         +

error[E0277]: the trait bound `&Vec<u8>: Into<Vec<u8>>` is not satisfied
   --> crates/kasumi-engine/src/staged_terminal_scan_tests.rs:94:50
    |
 94 |     store.write_batch(&[WriteOp::put(&namespace, &id_key(&second.key), &original)])?;
    |                         ------------             ^^^^^^^^^^^^^^^^^^^^ the trait `From<&Vec<u8>>` is not implemented for `Vec<u8>`
    |                         |
    |                         required by a bound introduced by this call
    |
    = note: required for `&Vec<u8>` to implement `Into<Vec<u8>>`
note: required by a bound in `kasumi_store::WriteOp::put`
   --> crates/kasumi-store/src/lib.rs:210:19
    |
208 |     pub fn put(
    |            --- required by a bound in this associated function
209 |         namespace: impl Into<String>,
210 |         key: impl Into<Vec<u8>>,
    |                   ^^^^^^^^^^^^^ required by this bound in `WriteOp::put`
help: consider dereferencing here
    |
 94 |     store.write_batch(&[WriteOp::put(&namespace, &*id_key(&second.key), &original)])?;
    |                                                   +

error[E0277]: the trait bound `&Vec<u8>: Into<Vec<u8>>` is not satisfied
   --> crates/kasumi-engine/src/staged_terminal_scan_tests.rs:94:72
    |
 94 |     store.write_batch(&[WriteOp::put(&namespace, &id_key(&second.key), &original)])?;
    |                         ------------                                   ^^^^^^^^^ the trait `From<&Vec<u8>>` is not implemented for `Vec<u8>`
    |                         |
    |                         required by a bound introduced by this call
    |
    = note: required for `&Vec<u8>` to implement `Into<Vec<u8>>`
note: required by a bound in `kasumi_store::WriteOp::put`
   --> crates/kasumi-store/src/lib.rs:211:21
    |
208 |     pub fn put(
    |            --- required by a bound in this associated function
...
211 |         value: impl Into<Vec<u8>>,
    |                     ^^^^^^^^^^^^^ required by this bound in `WriteOp::put`
help: consider dereferencing here
    |
 94 |     store.write_batch(&[WriteOp::put(&namespace, &id_key(&second.key), &*original)])?;
    |                                                                         +

error[E0277]: the trait bound `&Vec<u8>: Into<Vec<u8>>` is not satisfied
   --> crates/kasumi-engine/src/staged_terminal_scan_tests.rs:132:21
    |
130 |                 store.write_batch(&[WriteOp::put(
    |                                     ------------ required by a bound introduced by this call
131 |                     &namespace,
132 |                     &ordinal_key(2),
    |                     ^^^^^^^^^^^^^^^ the trait `From<&Vec<u8>>` is not implemented for `Vec<u8>`
    |
    = note: required for `&Vec<u8>` to implement `Into<Vec<u8>>`
note: required by a bound in `kasumi_store::WriteOp::put`
   --> crates/kasumi-store/src/lib.rs:210:19
    |
208 |     pub fn put(
    |            --- required by a bound in this associated function
209 |         namespace: impl Into<String>,
210 |         key: impl Into<Vec<u8>>,
    |                   ^^^^^^^^^^^^^ required by this bound in `WriteOp::put`
help: consider dereferencing here
    |
132 |                     &*ordinal_key(2),
    |                      +

error[E0277]: the trait bound `&Vec<u8>: Into<Vec<u8>>` is not satisfied
   --> crates/kasumi-engine/src/staged_terminal_scan_tests.rs:190:54
    |
190 |         store.write_batch(&[WriteOp::put(&namespace, &key, &bytes)])?;
    |                             ------------             ^^^^ the trait `From<&Vec<u8>>` is not implemented for `Vec<u8>`
    |                             |
    |                             required by a bound introduced by this call
    |
    = note: required for `&Vec<u8>` to implement `Into<Vec<u8>>`
note: required by a bound in `kasumi_store::WriteOp::put`
   --> crates/kasumi-store/src/lib.rs:210:19
    |
208 |     pub fn put(
    |            --- required by a bound in this associated function
209 |         namespace: impl Into<String>,
210 |         key: impl Into<Vec<u8>>,
    |                   ^^^^^^^^^^^^^ required by this bound in `WriteOp::put`
help: consider dereferencing here
    |
190 |         store.write_batch(&[WriteOp::put(&namespace, &*key, &bytes)])?;
    |                                                       +

error[E0277]: the trait bound `&Vec<u8>: Into<Vec<u8>>` is not satisfied
   --> crates/kasumi-engine/src/staged_terminal_scan_tests.rs:190:60
    |
190 |         store.write_batch(&[WriteOp::put(&namespace, &key, &bytes)])?;
    |                             ------------                   ^^^^^^ the trait `From<&Vec<u8>>` is not implemented for `Vec<u8>`
    |                             |
    |                             required by a bound introduced by this call
    |
    = note: required for `&Vec<u8>` to implement `Into<Vec<u8>>`
note: required by a bound in `kasumi_store::WriteOp::put`
   --> crates/kasumi-store/src/lib.rs:211:21
    |
208 |     pub fn put(
    |            --- required by a bound in this associated function
...
211 |         value: impl Into<Vec<u8>>,
    |                     ^^^^^^^^^^^^^ required by this bound in `WriteOp::put`
help: consider dereferencing here
    |
190 |         store.write_batch(&[WriteOp::put(&namespace, &key, &*bytes)])?;
    |                                                             +

error[E0277]: the trait bound `&Vec<u8>: Into<Vec<u8>>` is not satisfied
   --> crates/kasumi-engine/src/staged_terminal_scan_tests.rs:201:57
    |
201 |         let mut restore = vec![WriteOp::put(&namespace, &key, original)];
    |                                ------------             ^^^^ the trait `From<&Vec<u8>>` is not implemented for `Vec<u8>`
    |                                |
    |                                required by a bound introduced by this call
    |
    = note: required for `&Vec<u8>` to implement `Into<Vec<u8>>`
note: required by a bound in `kasumi_store::WriteOp::put`
   --> crates/kasumi-store/src/lib.rs:210:19
    |
208 |     pub fn put(
    |            --- required by a bound in this associated function
209 |         namespace: impl Into<String>,
210 |         key: impl Into<Vec<u8>>,
    |                   ^^^^^^^^^^^^^ required by this bound in `WriteOp::put`
help: consider dereferencing here
    |
201 |         let mut restore = vec![WriteOp::put(&namespace, &*key, original)];
    |                                                          +

error[E0277]: the trait bound `&Vec<u8>: Into<Vec<u8>>` is not satisfied
   --> crates/kasumi-engine/src/staged_terminal_scan_tests.rs:203:51
    |
203 |             restore.push(WriteOp::put(&namespace, &ordinal_key(2), &original_index));
    |                          ------------             ^^^^^^^^^^^^^^^ the trait `From<&Vec<u8>>` is not implemented for `Vec<u8>`
    |                          |
    |                          required by a bound introduced by this call
    |
    = note: required for `&Vec<u8>` to implement `Into<Vec<u8>>`
note: required by a bound in `kasumi_store::WriteOp::put`
   --> crates/kasumi-store/src/lib.rs:210:19
    |
208 |     pub fn put(
    |            --- required by a bound in this associated function
209 |         namespace: impl Into<String>,
210 |         key: impl Into<Vec<u8>>,
    |                   ^^^^^^^^^^^^^ required by this bound in `WriteOp::put`
help: consider dereferencing here
    |
203 |             restore.push(WriteOp::put(&namespace, &*ordinal_key(2), &original_index));
    |                                                    +

error[E0277]: the trait bound `&Vec<u8>: Into<Vec<u8>>` is not satisfied
   --> crates/kasumi-engine/src/staged_terminal_scan_tests.rs:203:68
    |
203 |             restore.push(WriteOp::put(&namespace, &ordinal_key(2), &original_index));
    |                          ------------                              ^^^^^^^^^^^^^^^ the trait `From<&Vec<u8>>` is not implemented for `Vec<u8>`
    |                          |
    |                          required by a bound introduced by this call
    |
    = note: required for `&Vec<u8>` to implement `Into<Vec<u8>>`
note: required by a bound in `kasumi_store::WriteOp::put`
   --> crates/kasumi-store/src/lib.rs:211:21
    |
208 |     pub fn put(
    |            --- required by a bound in this associated function
...
211 |         value: impl Into<Vec<u8>>,
    |                     ^^^^^^^^^^^^^ required by this bound in `WriteOp::put`
help: consider dereferencing here
    |
203 |             restore.push(WriteOp::put(&namespace, &ordinal_key(2), &*original_index));
    |                                                                     +

For more information about this error, try `rustc --explain E0277`.
error: could not compile `kasumi-engine` (lib test) due to 10 previous errors
Runner: 385.40s; exit=101; matching=862/862
