Command: cargo test --locked --offline --config profile.test.package.kasumi-kv.opt-level=3 --config profile.test.package.sha2.opt-level=3 -p kasumi-kv -p kasumi-store -p kasumi-raft -p kasumi-engine --all-features --lib --no-fail-fast -- non_application_capacity source_actor_startup snapshot_certificate_ snapshot_prepared_gate_vote_progress selected_sources_real_local_startup_publishes_entry_and_drains_surviving_generation selected_sources_actual_snapshot_install_and_encrypted_reopen_preserve_identity selected_sources_covered_capture_cannot_settle_after_serving_handoff --nocapture
ISOLATED_SOURCE=/tmp/kasumi-source-cohort-validation-v1
CARGO_TARGET_DIR=/Users/takemiyamakoto/dev/kasumi/target/disk-backed-cache
warning: variant `SnapshotPublication` is never constructed
  --> crates/kasumi-raft/src/selected_application/plan.rs:35:5
   |
30 | enum AppliedOrigin {
   |      ------------- variant in this enum
...
35 |     SnapshotPublication,
   |     ^^^^^^^^^^^^^^^^^^^
   |
   = note: `AppliedOrigin` has a derived impl for the trait `Clone`, but this is intentionally ignored during dead code analysis
   = note: `#[warn(dead_code)]` (part of `#[warn(unused)]`) on by default

warning: method `observe_snapshot_writes` is never used
   --> crates/kasumi-raft/src/selected_application/control_memory.rs:274:19
    |
263 | impl ControlMemory {
    | ------------------ method in this implementation
...
274 |     pub(super) fn observe_snapshot_writes(
    |                   ^^^^^^^^^^^^^^^^^^^^^^^

warning: associated functions `for_publication` and `at` are never used
  --> crates/kasumi-raft/src/selected_application/snapshot_source_envelope.rs:22:19
   |
17 | impl PreparedSnapshotSourceEnvelope {
   | ----------------------------------- associated functions in this implementation
...
22 |     pub(crate) fn for_publication(
   |                   ^^^^^^^^^^^^^^^
...
38 |     fn at(
   |        ^^

warning: function `write_effect` is never used
   --> crates/kasumi-raft/src/selected_application/snapshot_source_envelope.rs:194:4
    |
194 | fn write_effect<'a>(
    |    ^^^^^^^^^^^^

warning: function `prospective_bound` is never used
   --> crates/kasumi-raft/src/selected_application/snapshot_source_envelope.rs:212:4
    |
212 | fn prospective_bound(
    |    ^^^^^^^^^^^^^^^^^

warning: function `prospective_record` is never used
   --> crates/kasumi-raft/src/selected_application/snapshot_source_envelope.rs:238:4
    |
238 | fn prospective_record<'a>(
    |    ^^^^^^^^^^^^^^^^^^

warning: method `source_capacity_seed` is never used
   --> crates/kasumi-raft/src/snapshot_custody.rs:102:19
    |
 99 | impl SnapshotRetirement {
    | ----------------------- method in this implementation
...
102 |     pub(crate) fn source_capacity_seed(&self) -> &[u8] {
    |                   ^^^^^^^^^^^^^^^^^^^^

warning: method `prepare_engine_publication` is never used
    --> crates/kasumi-raft/src/storage.rs:1081:19
     |
1050 | impl PendingSnapshot {
     | -------------------- method in this implementation
...
1081 |     pub(crate) fn prepare_engine_publication<'backend>(
     |                   ^^^^^^^^^^^^^^^^^^^^^^^^^^

warning: enum `SnapshotPublicationPhase` is never used
    --> crates/kasumi-raft/src/storage.rs:1135:6
     |
1135 | enum SnapshotPublicationPhase {
     |      ^^^^^^^^^^^^^^^^^^^^^^^^

warning: struct `PreparedEngineSnapshotPublication` is never constructed
    --> crates/kasumi-raft/src/storage.rs:1141:19
     |
1141 | pub(crate) struct PreparedEngineSnapshotPublication<'backend> {
     |                   ^^^^^^^^^^^^^^^^^^^^^^^^^^^^^^^^^

warning: methods `source` and `publish` are never used
    --> crates/kasumi-raft/src/storage.rs:1151:19
     |
1150 | impl PreparedEngineSnapshotPublication<'_> {
     | ------------------------------------------ methods in this implementation
1151 |     pub(crate) fn source(&self) -> &crate::PreparedSnapshotSourceEnvelope {
     |                   ^^^^^^
...
1154 |     pub(crate) fn publish(&mut self, domains: &TenantStorageSet) -> Result<()> {
     |                   ^^^^^^^

warning: associated items `required_bytes` and `lock_owned` are never used
  --> crates/kasumi-raft/src/storage/control_gate.rs:33:25
   |
27 | impl ControlGate {
   | ---------------- associated items in this implementation
...
33 |     pub(crate) const fn required_bytes() -> u64 {
   |                         ^^^^^^^^^^^^^^
...
64 |     pub(crate) fn lock_owned(self: &Arc<Self>) -> Result<OwnedControlGuard, Poisoned> {
   |                   ^^^^^^^^^^

warning: struct `OwnedControlGuard` is never constructed
   --> crates/kasumi-raft/src/storage/control_gate.rs:102:19
    |
102 | pub(crate) struct OwnedControlGuard {
    |                   ^^^^^^^^^^^^^^^^^

warning: method `require_gate` is never used
   --> crates/kasumi-raft/src/storage/control_gate.rs:109:19
    |
106 | impl OwnedControlGuard {
    | ---------------------- method in this implementation
...
109 |     pub(crate) fn require_gate(&self, gate: &Arc<ControlGate>) -> anyhow::Result<()> {
    |                   ^^^^^^^^^^^^

   Compiling kasumi-raft v0.1.0 (/private/tmp/kasumi-source-cohort-validation-v1/crates/kasumi-raft)
warning: `kasumi-raft` (lib) generated 14 warnings
    Finished `test` profile [unoptimized + debuginfo] target(s) in 1m 00s
     Running unittests src/lib.rs (/Users/takemiyamakoto/dev/kasumi/target/disk-backed-cache/debug/deps/kasumi_engine-692600cc2115a508)

running 3 tests
test application_sources::tests::selected_sources_covered_capture_cannot_settle_after_serving_handoff ... ok
test application_sources::tests::selected_sources_real_local_startup_publishes_entry_and_drains_surviving_generation ... ok
Error: when Write Store: std::io::error::Error: protected source requires an actual producer plan

Caused by:
    std::io::error::Error: protected source requires an actual producer plan
test application_sources::tests::selected_sources_actual_snapshot_install_and_encrypted_reopen_preserve_identity ... FAILED

failures:

failures:
    application_sources::tests::selected_sources_actual_snapshot_install_and_encrypted_reopen_preserve_identity

test result: FAILED. 2 passed; 1 failed; 0 ignored; 0 measured; 671 filtered out; finished in 7.66s

error: test failed, to rerun pass `-p kasumi-engine --lib`
     Running unittests src/lib.rs (/Users/takemiyamakoto/dev/kasumi/target/disk-backed-cache/debug/deps/kasumi_kv-221aa5373d25965b)

running 0 tests

test result: ok. 0 passed; 0 failed; 0 ignored; 0 measured; 555 filtered out; finished in 0.00s

     Running unittests src/lib.rs (/Users/takemiyamakoto/dev/kasumi/target/disk-backed-cache/debug/deps/kasumi_raft-b9e0dd8d1c4dae34)

running 9 tests
test non_application_source_capacity::tests::non_application_capacity_constructor_claim_is_unique_and_sealed ... ok
test snapshot_buffer::application_source_custody_tests::source_actor_startup_funding_callback_observes_actual_owner_without_deadlock ... ok
test snapshot_buffer::application_source_custody_tests::source_actor_startup_slot_refuses_install_after_final_close_flag ... ok
test non_application_source_capacity::tests::non_application_capacity_has_one_charged_token_and_bounded_actual_allocations ... ok
test non_application_source_capacity::tests::non_application_capacity_checks_current_role_key_on_every_preparation ... ok
test selected_application::plan::snapshot_source_envelope::tests::snapshot_certificate_retains_actual_nonempty_replacement_descriptors ... ok
test selected_application::plan::snapshot_source_envelope::tests::snapshot_prepared_gate_vote_progress_survives_queued_real_purge ... ok
test selected_application::plan::snapshot_source_envelope::tests::snapshot_certificate_grows_shape_without_seeding_until_exact_capture ... ok
test selected_application::plan::snapshot_source_envelope::tests::snapshot_certificate_rejects_foreign_and_changed_producer_records ... ok

test result: ok. 9 passed; 0 failed; 0 ignored; 0 measured; 201 filtered out; finished in 3.52s

     Running unittests src/lib.rs (/Users/takemiyamakoto/dev/kasumi/target/disk-backed-cache/debug/deps/kasumi_store-4ef75ebdc018c368)

running 0 tests

test result: ok. 0 passed; 0 failed; 0 ignored; 0 measured; 726 filtered out; finished in 0.00s

error: 1 target failed:
    `-p kasumi-engine --lib`
Runner: 72.19s; exit=101; matching=1573/1573
