Command: cargo test -p kasumi-store --lib --all-features --locked --offline --release --no-run
ISOLATED_SOURCE=/tmp/kasumi-source-cohort-validation-v1
CARGO_TARGET_DIR=/Users/takemiyamakoto/dev/kasumi/target/disk-backed-cache
    Blocking waiting for file lock on package cache
    Blocking waiting for file lock on package cache
    Blocking waiting for file lock on package cache
   Compiling kasumi-store v0.1.0 (/private/tmp/kasumi-source-cohort-validation-v1/crates/kasumi-store)
warning: field `database` is never read
  --> crates/kasumi-store/src/storage_opening/publication.rs:59:5
   |
56 | struct PublicationRequest {
   |        ------------------ field in this struct
...
59 |     database: StorageRegistration<DatabaseOwner>,
   |     ^^^^^^^^
   |
   = note: `#[warn(dead_code)]` (part of `#[warn(unused)]`) on by default

warning: `kasumi-store` (lib test) generated 1 warning
    Finished `release` profile [optimized] target(s) in 3m 01s
  Executable unittests src/lib.rs (/Users/takemiyamakoto/dev/kasumi/target/disk-backed-cache/release/deps/kasumi_store-f8c0bfda057c8ce1)
Runner: 181.24s; exit=0; matching=1748/1748
