Command: cargo clippy --workspace --all-features --all-targets --locked --offline --no-deps -- -D clippy::all
CARGO_TARGET_DIR=target/disk-backed-cache
    Checking kasumi-kv v0.1.0 (/Users/takemiyamakoto/dev/kasumi/crates/kasumi-kv)
    Checking kasumi-query v0.1.0 (/Users/takemiyamakoto/dev/kasumi/crates/kasumi-query)
warning: method `matches_response_id` is never used
   --> vendor/rmcp-3.2.0/src/model.rs:251:19
    |
236 | impl NumberOrString {
    | ------------------- method in this implementation
...
251 |     pub(crate) fn matches_response_id(&self, response_id: &Self) -> bool {
    |                   ^^^^^^^^^^^^^^^^^^^
    |
    = note: `#[warn(dead_code)]` (part of `#[warn(unused)]`) on by default

warning: method `set_client_request_metadata` is never used
    --> vendor/rmcp-3.2.0/src/service.rs:1032:19
     |
 806 | impl<R: ServiceRole> Peer<R> {
     | ---------------------------- method in this implementation
...
1032 |     pub(crate) fn set_client_request_metadata(&self, metadata: ClientRequestMetadata) {
     |                   ^^^^^^^^^^^^^^^^^^^^^^^^^^^

warning: method `is_authorization_required` is never used
   --> vendor/rmcp-3.2.0/src/transport.rs:275:19
    |
249 | impl DynamicTransportError {
    | -------------------------- method in this implementation
...
275 |     pub(crate) fn is_authorization_required(&self) -> bool {
    |                   ^^^^^^^^^^^^^^^^^^^^^^^^^

warning: `rmcp` (lib) generated 3 warnings
    Checking kasumi-private-evidence v0.1.0 (/Users/takemiyamakoto/dev/kasumi/crates/kasumi-private-evidence)
    Checking kasumi-store v0.1.0 (/Users/takemiyamakoto/dev/kasumi/crates/kasumi-store)
    Checking kasumi-raft v0.1.0 (/Users/takemiyamakoto/dev/kasumi/crates/kasumi-raft)
    Checking kasumi-engine v0.1.0 (/Users/takemiyamakoto/dev/kasumi/crates/kasumi-engine)
    Checking kasumi-authority v0.1.0 (/Users/takemiyamakoto/dev/kasumi/crates/kasumi-authority)
warning: variant `Mutation` is never constructed
  --> crates/kasumi-engine/src/security_audit_jobs.rs:26:5
   |
24 | enum JobEffect {
   |      --------- variant in this enum
25 |     Read,
26 |     Mutation(&'static str),
   |     ^^^^^^^^
   |
   = note: `JobEffect` has a derived impl for the trait `Clone`, but this is intentionally ignored during dead code analysis
   = note: `#[warn(dead_code)]` (part of `#[warn(unused)]`) on by default

warning: struct `ReadPause` is never constructed
  --> crates/kasumi-engine/src/security_audit_jobs.rs:57:19
   |
57 | pub(super) struct ReadPause {
   |                   ^^^^^^^^^

warning: method `run_mutation` is never used
   --> crates/kasumi-engine/src/security_audit_jobs.rs:120:25
    |
 62 | impl SecurityAudit {
    | ------------------ method in this implementation
...
120 |     pub(super) async fn run_mutation<T, F, R>(&self, component: &'static str, run: R) -> Result<T>
    |                         ^^^^^^^^^^^^

warning: `kasumi-engine` (lib) generated 3 warnings
    Checking kasumi-server v0.1.0 (/Users/takemiyamakoto/dev/kasumi/crates/kasumi-server)
warning: field `panic` is never read
  --> crates/kasumi-engine/src/security_audit_jobs.rs:52:9
   |
48 | pub(super) struct RecordFault {
   |                   ----------- field in this struct
...
52 |     pub panic: bool,
   |         ^^^^^

error: the `Err`-variant returned from this closure is very large
   --> crates/kasumi-engine/src/primary_stage_bulk_tests.rs:547:76
    |
547 |               crate::document_pool::allocation_tests::measure_topology_input(|| {
    |  ____________________________________________________________________________^
548 | |                 bulk::build_checked(stage, &rows, 1, 1, &mut check)
549 | |             });
    | |_____________^ the `Err`-variant is at least 1720 bytes
    |
    = help: try reducing the size of `primary_tree::stage::bulk::BuildFailure<'_, '_, application_sources::tests::primary_stage_tests::bulk_collections::InputFailure>`, for example by boxing large elements or replacing it with `Box<primary_tree::stage::bulk::BuildFailure<'_, '_, application_sources::tests::primary_stage_tests::bulk_collections::InputFailure>>`
    = help: for further information visit https://rust-lang.github.io/rust-clippy/rust-1.97.0/index.html#result_large_err
    = note: `-D clippy::result-large-err` implied by `-D clippy::all`
    = help: to override `-D clippy::all` add `#[allow(clippy::result_large_err)]`

error: the `Err`-variant returned from this closure is very large
   --> crates/kasumi-engine/src/primary_stage_bulk_tests.rs:641:76
    |
641 |               crate::document_pool::allocation_tests::measure_topology_input(|| {
    |  ____________________________________________________________________________^
642 | |                 bulk::build_fresh_collection(stage, &rows, 1, 1, &QueryCancellation::default())
643 | |             });
    | |_____________^ the `Err`-variant is at least 1720 bytes
    |
    = help: try reducing the size of `primary_tree::stage::bulk::BuildFailure<'_, '_, application_sources::tests::primary_stage_tests::bulk_collections::InputFailure>`, for example by boxing large elements or replacing it with `Box<primary_tree::stage::bulk::BuildFailure<'_, '_, application_sources::tests::primary_stage_tests::bulk_collections::InputFailure>>`
    = help: for further information visit https://rust-lang.github.io/rust-clippy/rust-1.97.0/index.html#result_large_err

error: manually reimplementing `div_ceil`
   --> crates/kasumi-engine/src/primary_stage_catalog_tests.rs:697:33
    |
697 |                 let mid = low + (high - low + 1) / 2;
    |                                 ^^^^^^^^^^^^^^^^^^^^ help: consider using `.div_ceil()`: `(high - low).div_ceil(2)`
    |
    = help: for further information visit https://rust-lang.github.io/rust-clippy/rust-1.97.0/index.html#manual_div_ceil
    = note: `-D clippy::manual-div-ceil` implied by `-D clippy::all`
    = help: to override `-D clippy::all` add `#[allow(clippy::manual_div_ceil)]`

warning: `kasumi-engine` (lib test) generated 4 warnings (3 duplicates)
error: could not compile `kasumi-engine` (lib test) due to 3 previous errors; 4 warnings emitted
warning: build failed, waiting for other jobs to finish...
Runner: 386.29s; exit=101; matching=787/787
