Command: cargo check --locked --offline --config profile.test.package.kasumi-kv.opt-level=3 --config profile.test.package.sha2.opt-level=3 -p kasumi-engine -p kasumi-raft -p kasumi-authority --lib
CARGO_TARGET_DIR=target/disk-backed-cache
    Checking kasumi-serving v0.1.0 (/Users/takemiyamakoto/dev/kasumi/crates/kasumi-serving)
    Checking kasumi-store v0.1.0 (/Users/takemiyamakoto/dev/kasumi/crates/kasumi-store)
    Checking kasumi-client v0.1.0 (/Users/takemiyamakoto/dev/kasumi/crates/kasumi-client)
    Checking kasumi-raft v0.1.0 (/Users/takemiyamakoto/dev/kasumi/crates/kasumi-raft)
warning: method `try_with_report` is never used
   --> crates/kasumi-raft/src/apply_failure.rs:159:19
    |
158 | impl RetainedApplyFailure {
    | ------------------------- method in this implementation
159 |     pub(crate) fn try_with_report<R>(
    |                   ^^^^^^^^^^^^^^^
    |
    = note: `#[warn(dead_code)]` (part of `#[warn(unused)]`) on by default

warning: field `0` is never read
  --> crates/kasumi-raft/src/apply_completion_report.rs:53:11
   |
53 |     Error(anyhow::Error),
   |     ----- ^^^^^^^^^^^^^
   |     |
   |     field in this variant
   |
help: consider changing the field to be of unit type to suppress this warning while preserving the field numbering, or remove the field
   |
53 -     Error(anyhow::Error),
53 +     Error(()),
   |

warning: field `0` is never read
  --> crates/kasumi-raft/src/apply_completion_report.rs:54:13
   |
54 |     Unwound(Box<dyn Any + Send>),
   |     ------- ^^^^^^^^^^^^^^^^^^^
   |     |
   |     field in this variant
   |
help: consider changing the field to be of unit type to suppress this warning while preserving the field numbering, or remove the field
   |
54 -     Unwound(Box<dyn Any + Send>),
54 +     Unwound(()),
   |

warning: field `0` is never read
  --> crates/kasumi-raft/src/apply_completion_report.rs:55:13
   |
55 |     Refused(CompletionSettleError),
   |     ------- ^^^^^^^^^^^^^^^^^^^^^
   |     |
   |     field in this variant
   |
help: consider changing the field to be of unit type to suppress this warning while preserving the field numbering, or remove the field
   |
55 -     Refused(CompletionSettleError),
55 +     Refused(()),
   |

warning: method `borrowed` is never used
  --> crates/kasumi-raft/src/apply_completion_report.rs:58:8
   |
57 | impl Observation {
   | ---------------- method in this implementation
58 |     fn borrowed(&self) -> ApplyObservationRef<'_> {
   |        ^^^^^^^^

warning: method `borrowed` is never used
   --> crates/kasumi-raft/src/apply_completion_report.rs:109:8
    |
 95 | impl EntryState {
    | --------------- method in this implementation
...
109 |     fn borrowed<'a>(&'a self, single: Option<&'a anyhow::Error>) -> RetainedApplyReport<'a> {
    |        ^^^^^^^^

warning: field `waking` is never read
   --> crates/kasumi-raft/src/apply_completion_report.rs:130:5
    |
126 | pub(crate) struct CompletionState {
    |                   --------------- field in this struct
...
130 |     waking: AtomicBool,
    |     ^^^^^^

warning: methods `try_with_report` and `wake` are never used
   --> crates/kasumi-raft/src/apply_completion_report.rs:364:19
    |
139 | impl CompletionState {
    | -------------------- methods in this implementation
...
364 |     pub(crate) fn try_with_report<R>(
    |                   ^^^^^^^^^^^^^^^
...
420 |     fn wake(&self) {
    |        ^^^^

warning: struct `ReportGuard` is never constructed
   --> crates/kasumi-raft/src/apply_completion_report.rs:530:8
    |
530 | struct ReportGuard<'a> {
    |        ^^^^^^^^^^^

warning: `kasumi-raft` (lib) generated 9 warnings
    Checking kasumi-authority v0.1.0 (/Users/takemiyamakoto/dev/kasumi/crates/kasumi-authority)
    Checking kasumi-engine v0.1.0 (/Users/takemiyamakoto/dev/kasumi/crates/kasumi-engine)
warning: variant `Mutation` is never constructed
  --> crates/kasumi-engine/src/security_audit_jobs.rs:26:5
   |
24 | enum JobEffect {
   |      --------- variant in this enum
25 |     Read,
26 |     Mutation(&'static str),
   |     ^^^^^^^^
   |
   = note: `JobEffect` has a derived impl for the trait `Clone`, but this is intentionally ignored during dead code analysis
   = note: `#[warn(dead_code)]` (part of `#[warn(unused)]`) on by default

warning: method `run_mutation` is never used
   --> crates/kasumi-engine/src/security_audit_jobs.rs:120:25
    |
 62 | impl SecurityAudit {
    | ------------------ method in this implementation
...
120 |     pub(super) async fn run_mutation<T, F, R>(&self, component: &'static str, run: R) -> Result<T>
    |                         ^^^^^^^^^^^^

warning: `kasumi-engine` (lib) generated 2 warnings
    Finished `dev` profile [unoptimized + debuginfo] target(s) in 43.13s
Runner: 43.24s; exit=0; matching=845/845
