Command: cargo test --locked --offline -p kasumi-engine --all-features --config profile.test.package.kasumi-kv.opt-level=3 --config profile.test.package.sha2.opt-level=3 --test lifecycle recovery_control::recovery_journal_persists_before_dispatch_rejects_substitution_and_recovers_ambiguous_control_commit -- --exact
CARGO_TARGET_DIR=target/disk-backed-cache
warning: variant `Mutation` is never constructed
  --> crates/kasumi-engine/src/security_audit_jobs.rs:26:5
   |
24 | enum JobEffect {
   |      --------- variant in this enum
25 |     Read,
26 |     Mutation(&'static str),
   |     ^^^^^^^^
   |
   = note: `JobEffect` has a derived impl for the trait `Clone`, but this is intentionally ignored during dead code analysis
   = note: `#[warn(dead_code)]` (part of `#[warn(unused)]`) on by default

warning: struct `ReadPause` is never constructed
  --> crates/kasumi-engine/src/security_audit_jobs.rs:57:19
   |
57 | pub(super) struct ReadPause {
   |                   ^^^^^^^^^

warning: method `run_mutation` is never used
   --> crates/kasumi-engine/src/security_audit_jobs.rs:120:25
    |
 62 | impl SecurityAudit {
    | ------------------ method in this implementation
...
120 |     pub(super) async fn run_mutation<T, F, R>(&self, component: &'static str, run: R) -> Result<T>
    |                         ^^^^^^^^^^^^

warning: `kasumi-engine` (lib) generated 3 warnings
   Compiling kasumi-engine v0.1.0 (/Users/takemiyamakoto/dev/kasumi/crates/kasumi-engine)
    Finished `test` profile [unoptimized + debuginfo] target(s) in 24.07s
     Running tests/lifecycle.rs (target/disk-backed-cache/debug/deps/lifecycle-d3de91a395e1641b)

running 1 test

thread 'recovery_control::recovery_journal_persists_before_dispatch_rejects_substitution_and_recovers_ambiguous_control_commit' (14816102) has overflowed its stack
fatal runtime error: stack overflow, aborting
error: test failed, to rerun pass `-p kasumi-engine --test lifecycle`

Caused by:
  process didn't exit successfully: `/Users/takemiyamakoto/dev/kasumi/target/disk-backed-cache/debug/deps/lifecycle-d3de91a395e1641b 'recovery_control::recovery_journal_persists_before_dispatch_rejects_substitution_and_recovers_ambiguous_control_commit' --exact` (signal: 6, SIGABRT: process abort signal)
Runner: 26.47s; exit=101; matching=796/796
