Command: cargo test -p kasumi-engine --lib --all-features --locked --offline primary_index_sparse_retire_set -- --nocapture
ISOLATED_SOURCE=/tmp/kasumi-source-cohort-validation-v1
CARGO_TARGET_DIR=/Users/takemiyamakoto/dev/kasumi/target/disk-backed-cache
warning: field `database` is never read
  --> crates/kasumi-store/src/storage_opening/publication.rs:59:5
   |
56 | struct PublicationRequest {
   |        ------------------ field in this struct
...
59 |     database: StorageRegistration<DatabaseOwner>,
   |     ^^^^^^^^
   |
   = note: `#[warn(dead_code)]` (part of `#[warn(unused)]`) on by default

warning: method `last_sm_seq` is never used
  --> vendor/openraft-0.9.25/openraft/src/engine/engine_output.rs:35:19
   |
24 | / impl<C> EngineOutput<C>
25 | | where
26 | |     C: RaftTypeConfig,
   | |______________________- method in this implementation
...
35 |       pub(crate) fn last_sm_seq(&self) -> CommandSeq {
   |                     ^^^^^^^^^^^
   |
   = note: `#[warn(dead_code)]` (part of `#[warn(unused)]`) on by default

warning: method `accept_vote` is never used
  --> vendor/openraft-0.9.25/openraft/src/engine/handler/vote_handler/mod.rs:58:19
   |
45 | / impl<C> VoteHandler<'_, C>
46 | | where
47 | |     C: RaftTypeConfig,
   | |______________________- method in this implementation
...
58 |       pub(crate) fn accept_vote<T, E, F>(
   |                     ^^^^^^^^^^^

warning: `kasumi-store` (lib) generated 1 warning
warning: `openraft` (lib) generated 2 warnings
warning: field `0` is never read
  --> crates/kasumi-raft/src/owned_prepared_restore.rs:25:33
   |
25 | struct CandidateRetirementPanic(std::sync::Mutex<Box<dyn std::any::Any + Send>>);
   |        ------------------------ ^^^^^^^^^^^^^^^^^^^^^^^^^^^^^^^^^^^^^^^^^^^^^^^
   |        |
   |        field in this struct
   |
   = help: consider removing this field
   = note: `#[warn(dead_code)]` (part of `#[warn(unused)]`) on by default

warning: method `prepared_snapshot_publication` is never used
   --> crates/kasumi-raft/src/custody_machine.rs:235:19
    |
135 | impl CustodyMachine {
    | ------------------- method in this implementation
...
235 |     pub(crate) fn prepared_snapshot_publication(
    |                   ^^^^^^^^^^^^^^^^^^^^^^^^^^^^^

warning: method `publish` is never used
   --> crates/kasumi-raft/src/custody_snapshot_preparation.rs:298:19
    |
188 | impl PreparedCustodySnapshotPublication {
    | --------------------------------------- method in this implementation
...
298 |     pub(crate) fn publish(&mut self, control: &OwnedControlGuard) -> Result<()> {
    |                   ^^^^^^^

warning: field `0` is never read
   --> crates/kasumi-raft/src/custody_snapshot_preparation.rs:382:32
    |
382 | struct SnapshotRetirementPanic(std::sync::Mutex<Box<dyn std::any::Any + Send>>);
    |        ----------------------- ^^^^^^^^^^^^^^^^^^^^^^^^^^^^^^^^^^^^^^^^^^^^^^^
    |        |
    |        field in this struct
    |
    = help: consider removing this field

warning: field `0` is never read
   --> crates/kasumi-raft/src/lifetime.rs:249:17
    |
249 |     Application(StorageHandle<kasumi_store::TenantStorageSet>),
    |     ----------- ^^^^^^^^^^^^^^^^^^^^^^^^^^^^^^^^^^^^^^^^^^^^^
    |     |
    |     field in this variant
    |
help: consider changing the field to be of unit type to suppress this warning while preserving the field numbering, or remove the field
    |
249 -     Application(StorageHandle<kasumi_store::TenantStorageSet>),
249 +     Application(()),
    |

warning: field `0` is never read
   --> crates/kasumi-raft/src/lifetime.rs:250:13
    |
250 |     Custody(StorageHandle<kasumi_store::CustodyStore>),
    |     ------- ^^^^^^^^^^^^^^^^^^^^^^^^^^^^^^^^^^^^^^^^^
    |     |
    |     field in this variant
    |
help: consider changing the field to be of unit type to suppress this warning while preserving the field numbering, or remove the field
    |
250 -     Custody(StorageHandle<kasumi_store::CustodyStore>),
250 +     Custody(()),
    |

warning: associated function `new` is never used
  --> crates/kasumi-raft/src/snapshot_buffer/prepared_child.rs:84:8
   |
83 | impl PreparedChild {
   | ------------------ associated function in this implementation
84 |     fn new(body: PreparedSnapshotBody) -> Self {
   |        ^^^

warning: field `0` is never read
   --> crates/kasumi-raft/src/snapshot_buffer/prepared_child.rs:307:19
    |
307 | struct ChildPanic(Mutex<Box<dyn std::any::Any + Send>>);
    |        ---------- ^^^^^^^^^^^^^^^^^^^^^^^^^^^^^^^^^^^^
    |        |
    |        field in this struct
    |
    = help: consider removing this field

warning: methods `begin_prepared_body` and `cancel_body` are never used
   --> crates/kasumi-raft/src/snapshot_buffer/prepared_child.rs:406:19
    |
320 | impl SnapshotBuffer {
    | ------------------- methods in this implementation
...
406 |     pub(crate) fn begin_prepared_body(
    |                   ^^^^^^^^^^^^^^^^^^^
...
470 |     pub(crate) async fn cancel_body(&mut self) -> DrainResult {
    |                         ^^^^^^^^^^^

warning: method `prepare_engine_publication` is never used
    --> crates/kasumi-raft/src/storage.rs:1121:19
     |
1083 | impl PendingSnapshot {
     | -------------------- method in this implementation
...
1121 |     pub(crate) fn prepare_engine_publication<'backend>(
     |                   ^^^^^^^^^^^^^^^^^^^^^^^^^^

warning: enum `SnapshotPublicationPhase` is never used
    --> crates/kasumi-raft/src/storage.rs:1175:6
     |
1175 | enum SnapshotPublicationPhase {
     |      ^^^^^^^^^^^^^^^^^^^^^^^^

warning: struct `PreparedEngineSnapshotPublication` is never constructed
    --> crates/kasumi-raft/src/storage.rs:1181:19
     |
1181 | pub(crate) struct PreparedEngineSnapshotPublication<'backend> {
     |                   ^^^^^^^^^^^^^^^^^^^^^^^^^^^^^^^^^

warning: methods `source` and `publish` are never used
    --> crates/kasumi-raft/src/storage.rs:1191:19
     |
1190 | impl PreparedEngineSnapshotPublication<'_> {
     | ------------------------------------------ methods in this implementation
1191 |     pub(crate) fn source(&self) -> &crate::PreparedSnapshotSourceEnvelope {
     |                   ^^^^^^
...
1194 |     pub(crate) fn publish(&mut self, domains: &TenantStorageSet) -> Result<()> {
     |                   ^^^^^^^

warning: method `context` is never used
   --> crates/kasumi-raft/src/storage/snapshot_conflict.rs:403:19
    |
134 | impl PreparedSnapshotConflict {
    | ----------------------------- method in this implementation
...
403 |     pub(crate) fn context(&self) -> &SnapshotAcceptanceContext<u64> {
    |                   ^^^^^^^

warning: method `source` is never used
   --> crates/kasumi-raft/src/storage/owned_snapshot_body.rs:328:19
    |
 59 | impl PreparedApplicationSnapshot {
    | -------------------------------- method in this implementation
...
328 |     pub(crate) fn source(&self) -> Option<&crate::PreparedSnapshotSourceEnvelope> {
    |                   ^^^^^^

warning: field `0` is never read
   --> crates/kasumi-raft/src/storage/owned_snapshot_body.rs:770:32
    |
770 | struct SnapshotRetirementPanic(std::sync::Mutex<Box<dyn std::any::Any + Send>>);
    |        ----------------------- ^^^^^^^^^^^^^^^^^^^^^^^^^^^^^^^^^^^^^^^^^^^^^^^
    |        |
    |        field in this struct
    |
    = help: consider removing this field

warning: methods `log` and `expected` are never used
   --> crates/kasumi-raft/src/storage/snapshot_seed.rs:461:19
    |
132 | impl SnapshotSeed {
    | ----------------- methods in this implementation
...
461 |     pub(crate) fn log(&self) -> &LogStore {
    |                   ^^^
...
464 |     pub(crate) fn expected(&self) -> &SnapshotMeta<u64, BasicNode> {
    |                   ^^^^^^^^

warning: method `get` is never used
  --> crates/kasumi-query/src/text_runtime_slot.rs:25:8
   |
19 | impl<T, W> Slot<T, W> {
   | --------------------- method in this implementation
...
25 |     fn get(&self) -> Option<Strong<T, W>> {
   |        ^^^
   |
   = note: `#[warn(dead_code)]` (part of `#[warn(unused)]`) on by default

warning: `kasumi-raft` (lib) generated 17 warnings
warning: `kasumi-query` (lib) generated 1 warning
warning: methods `prepare` and `prepare_kind` are never used
   --> crates/kasumi-engine/src/application_sources.rs:760:19
    |
652 | impl SourceRootsRef {
    | ------------------- methods in this implementation
...
760 |     pub(crate) fn prepare(&self) -> Result<RootPreparation> {
    |                   ^^^^^^^
...
799 |     fn prepare_kind(&self, canonical: bool) -> Result<RootPreparation> {
    |        ^^^^^^^^^^^^
    |
    = note: `#[warn(dead_code)]` (part of `#[warn(unused)]`) on by default

warning: method `ptr_eq` is never used
   --> crates/kasumi-engine/src/application_source_ownership.rs:121:19
    |
104 | impl<T> Strong<T> {
    | ----------------- method in this implementation
...
121 |     pub(crate) fn ptr_eq(&self, other: &Self) -> bool {
    |                   ^^^^^^

warning: method `require_governor` is never used
    --> crates/kasumi-engine/src/admission.rs:1280:19
     |
1277 | impl Reservation {
     | ---------------- method in this implementation
...
1280 |     pub(crate) fn require_governor(&self, node: &Arc<NodeAdmission>) -> Result<()> {
     |                   ^^^^^^^^^^^^^^^^

warning: struct `CacheHeadroom` is never constructed
    --> crates/kasumi-engine/src/admission.rs:2374:19
     |
2374 | pub(crate) struct CacheHeadroom {
     |                   ^^^^^^^^^^^^^

warning: method `improves` is never used
    --> crates/kasumi-engine/src/admission.rs:2381:19
     |
2380 | impl CacheHeadroom {
     | ------------------ method in this implementation
2381 |     pub(crate) fn improves(self, prior: Self) -> bool {
     |                   ^^^^^^^^

warning: methods `cache_retention_ceiling_bytes`, `cache_headroom`, and `cache_relief_after` are never used
    --> crates/kasumi-engine/src/admission.rs:2393:19
     |
2389 | impl MemoryCore {
     | --------------- methods in this implementation
...
2393 |     pub(crate) fn cache_retention_ceiling_bytes(&self) -> u64 {
     |                   ^^^^^^^^^^^^^^^^^^^^^^^^^^^^^
...
2400 |     pub(crate) fn cache_headroom(&self) -> CacheHeadroom {
     |                   ^^^^^^^^^^^^^^
...
2444 |     pub(crate) async fn cache_relief_after(&self, prior: CacheHeadroom) -> CacheHeadroom {
     |                         ^^^^^^^^^^^^^^^^^^

warning: trait `ExistingGrantOperation` is never used
   --> crates/kasumi-engine/src/admission/snapshot_work.rs:122:18
    |
122 | pub(crate) trait ExistingGrantOperation: SnapshotOperation {
    |                  ^^^^^^^^^^^^^^^^^^^^^^

warning: enum `SnapshotPreparationFailure` is never used
   --> crates/kasumi-engine/src/admission/snapshot_work.rs:129:17
    |
129 | pub(crate) enum SnapshotPreparationFailure {
    |                 ^^^^^^^^^^^^^^^^^^^^^^^^^^

warning: method `error` is never used
   --> crates/kasumi-engine/src/admission/snapshot_work.rs:140:19
    |
139 | impl SnapshotPreparationFailure {
    | ------------------------------- method in this implementation
140 |     pub(crate) fn error(&self) -> Option<&Error> {
    |                   ^^^^^

warning: struct `SnapshotWorkRejected` is never constructed
   --> crates/kasumi-engine/src/admission/snapshot_work.rs:149:19
    |
149 | pub(crate) struct SnapshotWorkRejected<P> {
    |                   ^^^^^^^^^^^^^^^^^^^^

warning: methods `failure`, `error`, and `into_parts` are never used
   --> crates/kasumi-engine/src/admission/snapshot_work.rs:154:19
    |
153 | impl<P> SnapshotWorkRejected<P> {
    | ------------------------------- methods in this implementation
154 |     pub(crate) fn failure(&self) -> &SnapshotPreparationFailure {
    |                   ^^^^^^^
...
157 |     pub(crate) fn error(&self) -> Option<&Error> {
    |                   ^^^^^
...
160 |     pub(crate) fn into_parts(self) -> (P, SnapshotPreparationFailure) {
    |                   ^^^^^^^^^^

warning: variants `Running`, `Ready`, and `Failed` are never constructed
   --> crates/kasumi-engine/src/admission/snapshot_work.rs:192:5
    |
190 | enum PreparationPhase {
    |      ---------------- variants in this enum
191 |     Unused,
192 |     Running(std::thread::ThreadId),
    |     ^^^^^^^
193 |     Ready,
    |     ^^^^^
194 |     Failed,
    |     ^^^^^^
    |
    = note: `PreparationPhase` has a derived impl for the trait `Clone`, but this is intentionally ignored during dead code analysis

warning: method `prepare_inputs` is never used
   --> crates/kasumi-engine/src/admission/snapshot_work.rs:471:8
    |
455 | impl<O: SnapshotOperation> Owner<O> {
    | ----------------------------------- method in this implementation
...
471 |     fn prepare_inputs(&self)
    |        ^^^^^^^^^^^^^^

warning: methods `require_memory` and `wait_ready` are never used
   --> crates/kasumi-engine/src/admission/snapshot_work.rs:904:19
    |
903 | impl SnapshotWorkReport {
    | ----------------------- methods in this implementation
904 |     pub(crate) fn require_memory(&self, core: &Arc<MemoryCore>) -> Result<()> {
    |                   ^^^^^^^^^^^^^^
...
924 |     pub(crate) async fn wait_ready(&self) {
    |                         ^^^^^^^^^^

warning: method `prepare_snapshot_work_from_existing` is never used
    --> crates/kasumi-engine/src/admission/snapshot_work.rs:1105:19
     |
1096 | impl NodeAdmission {
     | ------------------ method in this implementation
...
1105 |     pub(crate) fn prepare_snapshot_work_from_existing<O: ExistingGrantOperation>(
     |                   ^^^^^^^^^^^^^^^^^^^^^^^^^^^^^^^^^^^

warning: trait `ScopedSnapshotOperation` is never used
  --> crates/kasumi-engine/src/admission/snapshot_work_scope.rs:10:18
   |
10 | pub(crate) trait ScopedSnapshotOperation: ExistingGrantOperation {
   |                  ^^^^^^^^^^^^^^^^^^^^^^^

warning: trait `ProspectiveSnapshotOperation` is never used
  --> crates/kasumi-engine/src/admission/snapshot_work_scope.rs:18:18
   |
18 | pub(crate) trait ProspectiveSnapshotOperation: ScopedSnapshotOperation {
   |                  ^^^^^^^^^^^^^^^^^^^^^^^^^^^^

warning: variants `Preparing` and `Work` are never constructed
  --> crates/kasumi-engine/src/admission/snapshot_work_scope.rs:24:5
   |
22 | enum Slot {
   |      ---- variants in this enum
23 |     Empty,
24 |     Preparing {
   |     ^^^^^^^^^
...
28 |     Work(SnapshotWorkReport),
   |     ^^^^

warning: field `next` is never read
  --> crates/kasumi-engine/src/admission/snapshot_work_scope.rs:32:5
   |
30 | struct State {
   |        ----- field in this struct
31 |     sealed: bool,
32 |     next: u64,
   |     ^^^^

warning: field `admission` is never read
  --> crates/kasumi-engine/src/admission/snapshot_work_scope.rs:43:5
   |
40 | struct Inner {
   |        ----- field in this struct
...
43 |     admission: Arc<NodeAdmission>,
   |     ^^^^^^^^^

warning: struct `Preparation` is never constructed
  --> crates/kasumi-engine/src/admission/snapshot_work_scope.rs:46:8
   |
46 | struct Preparation<'a> {
   |        ^^^^^^^^^^^

warning: multiple methods are never used
   --> crates/kasumi-engine/src/admission/snapshot_work_scope.rs:136:8
    |
 81 | impl SnapshotWorkScope {
    | ---------------------- methods in this implementation
...
136 |     fn begin(&self) -> Result<Preparation<'_>> {
    |        ^^^^^
...
169 |     pub(crate) fn prepare<O: ScopedSnapshotOperation>(
    |                   ^^^^^^^
...
221 |     pub(crate) fn prepare_prospective<O: ProspectiveSnapshotOperation>(
    |                   ^^^^^^^^^^^^^^^^^^^
...
229 |     pub(crate) fn require_open_memory(&self, core: &Arc<MemoryCore>) -> Result<()> {
    |                   ^^^^^^^^^^^^^^^^^^^
...
247 |     pub(crate) async fn when_sealed(&self) {
    |                         ^^^^^^^^^^^
...
290 |     pub(crate) fn take_completed(&self, report: &SnapshotWorkReport) -> Result<SnapshotWorkReport> {
    |                   ^^^^^^^^^^^^^^
...
321 |     pub(crate) fn visit(&self, mut visit: impl FnMut(SnapshotWorkId, SnapshotObservation<'_>)) {
    |                   ^^^^^

warning: type alias `Runtime` is never used
  --> crates/kasumi-engine/src/admission/text_runtime.rs:18:17
   |
18 | pub(crate) type Runtime = TextRuntime<Reservation>;
   |                 ^^^^^^^

warning: variants `Preparing` and `Failed` are never constructed
  --> crates/kasumi-engine/src/admission/text_runtime.rs:22:5
   |
20 | enum Phase {
   |      ----- variants in this enum
21 |     Idle,
22 |     Preparing,
   |     ^^^^^^^^^
23 |     Failed,
   |     ^^^^^^
   |
   = note: `Phase` has a derived impl for the trait `Clone`, but this is intentionally ignored during dead code analysis

warning: fields `slot`, `phase`, `serial`, `next`, `thread`, and `report` are never read
  --> crates/kasumi-engine/src/admission/text_runtime.rs:26:5
   |
25 | struct RegistryState {
   |        ------------- fields in this struct
26 |     slot: TextRuntimeSlot<Reservation>,
   |     ^^^^
27 |     phase: Phase,
   |     ^^^^^
28 |     serial: u64,
   |     ^^^^^^
29 |     next: u64,
   |     ^^^^
30 |     thread: Option<std::thread::ThreadId>,
   |     ^^^^^^
...
33 |     report: Option<SnapshotWorkReport>,
   |     ^^^^^^

warning: field `changed` is never read
  --> crates/kasumi-engine/src/admission/text_runtime.rs:37:5
   |
35 | pub(super) struct Registry {
   |                   -------- field in this struct
36 |     state: Mutex<RegistryState>,
37 |     changed: tokio::sync::Notify,
   |     ^^^^^^^

warning: method `fail` is never used
  --> crates/kasumi-engine/src/admission/text_runtime.rs:63:8
   |
39 | impl Registry {
   | ------------- method in this implementation
...
63 |     fn fail(&self, serial: u64) {
   |        ^^^^

warning: struct `Ticket` is never constructed
  --> crates/kasumi-engine/src/admission/text_runtime.rs:75:8
   |
75 | struct Ticket {
   |        ^^^^^^

warning: methods `entered`, `failed`, and `publish` are never used
  --> crates/kasumi-engine/src/admission/text_runtime.rs:81:8
   |
80 | impl Ticket {
   | ----------- methods in this implementation
81 |     fn entered(&self) {
   |        ^^^^^^^
...
95 |     fn failed(&mut self) {
   |        ^^^^^^
...
99 |     fn publish(&mut self, runtime: &Runtime) -> Result<()> {
   |        ^^^^^^^

warning: function `require_grant` is never used
   --> crates/kasumi-engine/src/admission/text_runtime.rs:159:4
    |
159 | fn require_grant(grant: &Reservation, core: &Arc<MemoryCore>) -> Result<()> {
    |    ^^^^^^^^^^^^^

warning: function `require_operation_grant` is never used
   --> crates/kasumi-engine/src/admission/text_runtime.rs:162:4
    |
162 | fn require_operation_grant(grant: &Reservation, core: &Arc<MemoryCore>) -> Result<()> {
    |    ^^^^^^^^^^^^^^^^^^^^^^^

warning: function `require_live_grant` is never used
   --> crates/kasumi-engine/src/admission/text_runtime.rs:165:4
    |
165 | fn require_live_grant(grant: &Reservation, core: &Arc<MemoryCore>, operation: bool) -> Result<()> {
    |    ^^^^^^^^^^^^^^^^^^

warning: function `require_runtime` is never used
   --> crates/kasumi-engine/src/admission/text_runtime.rs:191:4
    |
191 | fn require_runtime(runtime: &Runtime, core: &Arc<MemoryCore>) -> Result<()> {
    |    ^^^^^^^^^^^^^^^

warning: enum `Acquisition` is never used
   --> crates/kasumi-engine/src/admission/text_runtime.rs:198:17
    |
198 | pub(crate) enum Acquisition {
    |                 ^^^^^^^^^^^

warning: enum `RequestFailure` is never used
   --> crates/kasumi-engine/src/admission/text_runtime.rs:204:17
    |
204 | pub(crate) enum RequestFailure {
    |                 ^^^^^^^^^^^^^^

warning: methods `preparation_failure` and `visit_diagnostics` are never used
   --> crates/kasumi-engine/src/admission/text_runtime.rs:209:19
    |
208 | impl RequestFailure {
    | ------------------- methods in this implementation
209 |     pub(crate) fn preparation_failure(&self) -> Option<&snapshot_work::SnapshotPreparationFailure> {
    |                   ^^^^^^^^^^^^^^^^^^^
...
215 |     pub(crate) fn visit_diagnostics(&self, visit: &mut dyn FnMut(&(dyn StdError + 'static))) {
    |                   ^^^^^^^^^^^^^^^^^

warning: struct `Wait` is never constructed
   --> crates/kasumi-engine/src/admission/text_runtime.rs:236:19
    |
236 | pub(crate) struct Wait {
    |                   ^^^^

warning: method `changed` is never used
   --> crates/kasumi-engine/src/admission/text_runtime.rs:244:25
    |
240 | impl Wait {
    | --------- method in this implementation
...
244 |     pub(crate) async fn changed(&self, scope: &SnapshotWorkScope) -> Result<()> {
    |                         ^^^^^^^

warning: struct `Plan` is never constructed
   --> crates/kasumi-engine/src/admission/text_runtime.rs:292:19
    |
292 | pub(crate) struct Plan {
    |                   ^^^^

warning: struct `Initialize` is never constructed
   --> crates/kasumi-engine/src/admission/text_runtime.rs:299:19
    |
299 | pub(crate) struct Initialize {
    |                   ^^^^^^^^^^

warning: enum `Failure` is never used
   --> crates/kasumi-engine/src/admission/text_runtime.rs:309:17
    |
309 | pub(crate) enum Failure {
    |                 ^^^^^^^

warning: struct `FailureWake` is never constructed
   --> crates/kasumi-engine/src/admission/text_runtime.rs:318:8
    |
318 | struct FailureWake {
    |        ^^^^^^^^^^^

warning: methods `request_text_runtime` and `request_text_runtime_inner` are never used
   --> crates/kasumi-engine/src/admission/text_runtime.rs:448:19
    |
447 | impl NodeAdmission {
    | ------------------ methods in this implementation
448 |     pub(crate) fn request_text_runtime(
    |                   ^^^^^^^^^^^^^^^^^^^^
...
460 |     fn request_text_runtime_inner(
    |        ^^^^^^^^^^^^^^^^^^^^^^^^^^

warning: methods `text_runtime_report` and `acknowledge_text_runtime_failure` are never used
   --> crates/kasumi-engine/src/admission/text_runtime.rs:595:19
    |
594 | impl MemoryCore {
    | --------------- methods in this implementation
595 |     pub(crate) fn text_runtime_report(&self) -> Option<SnapshotWorkReport> {
    |                   ^^^^^^^^^^^^^^^^^^^
...
605 |     pub(crate) fn acknowledge_text_runtime_failure(
    |                   ^^^^^^^^^^^^^^^^^^^^^^^^^^^^^^^^

warning: `kasumi-engine` (lib) generated 44 warnings
   Compiling kasumi-engine v0.1.0 (/private/tmp/kasumi-source-cohort-validation-v1/crates/kasumi-engine)
warning: unused import: `Retire`
  --> crates/kasumi-engine/src/primary_stage_cow.rs:12:78
   |
12 | use records::{CatalogEntry, CatalogId, CatalogMember, Manifest, ManifestRef, Retire, Root};
   |                                                                              ^^^^^^
   |
   = note: `#[warn(unused_imports)]` (part of `#[warn(unused)]`) on by default

warning: unused imports: `EditedCollection`, `OrderedEditFailure`, `PrimaryPublicationInventory`, and `VerifiedOrderedEdits`
   --> crates/kasumi-engine/src/primary_stage_cow.rs:460:5
    |
460 |     EditedCollection, OrderedEditFailure, PendingOrderedEdits, PrimaryPublicationInventory,
    |     ^^^^^^^^^^^^^^^^  ^^^^^^^^^^^^^^^^^^                       ^^^^^^^^^^^^^^^^^^^^^^^^^^^
461 |     VerifiedOrderedEdits,
    |     ^^^^^^^^^^^^^^^^^^^^

warning: unused import: `QueryWorkspace`
   --> crates/kasumi-engine/src/query_source_work.rs:235:37
    |
235 |     use kasumi_query::{QueryMemory, QueryWorkspace};
    |                                     ^^^^^^^^^^^^^^

warning: unused import: `stage::index as staged`
 --> crates/kasumi-engine/src/primary_stage_index_span_tests.rs:7:5
  |
7 |     stage::index as staged,
  |     ^^^^^^^^^^^^^^^^^^^^^^

warning: unused import: `AcceptedPublicationInventory`
   --> crates/kasumi-engine/src/primary_projection.rs:208:5
    |
208 |     AcceptedPublicationInventory, CollectionAction, CollectionPublication, DocumentChange,
    |     ^^^^^^^^^^^^^^^^^^^^^^^^^^^^

warning: unused import: `AcceptedIndexEdits`
   --> crates/kasumi-engine/src/primary_projection.rs:212:5
    |
212 |     AcceptedIndexEdits, FieldSlot, IndexChange, IndexInputFailure, IndexOperation, IndexRole,
    |     ^^^^^^^^^^^^^^^^^^

warning: method `fork_fixture_into` is never used
   --> crates/kasumi-engine/src/application_source_reader.rs:111:19
    |
 76 | impl SourceReader {
    | ----------------- method in this implementation
...
111 |     pub(crate) fn fork_fixture_into(&self, receiver: &mut Option<SourceReader>) -> Result<()> {
    |                   ^^^^^^^^^^^^^^^^^
    |
    = note: `#[warn(dead_code)]` (part of `#[warn(unused)]`) on by default

warning: field `grant` is never read
  --> crates/kasumi-engine/src/primary_stage_collection.rs:27:16
   |
13 | pub(crate) struct AcceptedPrimaryDraft {
   |                   -------------------- field in this struct
...
27 |     pub(super) grant: Reservation,
   |                ^^^^^

warning: method `check_draft_graph` is never used
   --> crates/kasumi-engine/src/primary_stage_collection_verify.rs:328:19
    |
323 | impl PrimaryStage<'_, '_> {
    | ------------------------- method in this implementation
...
328 |     pub(crate) fn check_draft_graph(
    |                   ^^^^^^^^^^^^^^^^^

warning: method `proposed` is never used
  --> crates/kasumi-engine/src/primary_stage_ordered.rs:48:19
   |
32 | impl EditedCollection {
   | --------------------- method in this implementation
...
48 |     pub(crate) fn proposed(&self) -> Option<(Manifest, ManifestRef)> {
   |                   ^^^^^^^^

warning: field `resources` is never read
   --> crates/kasumi-engine/src/primary_stage_ordered.rs:140:5
    |
138 | pub(crate) struct OrderedEditFailure<'guard, 'engine> {
    |                   ------------------ field in this struct
139 |     original: anyhow::Error,
140 |     resources: OrderedResources<'guard, 'engine>,
    |     ^^^^^^^^^

warning: method `attempt` is never used
  --> crates/kasumi-engine/src/primary_stage_ordered_verify.rs:13:19
   |
 9 | impl<'guard, 'engine> VerifiedOrderedEdits<'guard, 'engine> {
   | ----------------------------------------------------------- method in this implementation
...
13 |     pub(crate) fn attempt(&self) -> Attempt {
   |                   ^^^^^^^

warning: field `grant` is never read
  --> crates/kasumi-engine/src/primary_stage_index_rebuild.rs:72:16
   |
62 | pub(super) struct Parts {
   |                   ----- field in this struct
...
72 |     pub(super) grant: Reservation,
   |                ^^^^^

warning: field `source` is never read
  --> crates/kasumi-engine/src/primary_stage_index_span.rs:72:5
   |
63 | pub(crate) struct VerifiedIndexSpan {
   |                   ----------------- field in this struct
...
72 |     source: SourceReader,
   |     ^^^^^^

warning: field `grant` is never read
  --> crates/kasumi-engine/src/primary_stage_index_text_import.rs:51:5
   |
47 | struct Work {
   |        ---- field in this struct
...
51 |     grant: Reservation,
   |     ^^^^^

warning: field `grant` is never read
  --> crates/kasumi-engine/src/primary_stage_index_text_producer.rs:57:16
   |
48 | pub(super) struct TextParts {
   |                   --------- field in this struct
...
57 |     pub(super) grant: Reservation,
   |                ^^^^^

warning: method `request_cache_refill` is never used
  --> crates/kasumi-engine/src/primary_cache_warm.rs:45:19
   |
30 | impl SelectedPrimary {
   | -------------------- method in this implementation
...
45 |     pub(crate) fn request_cache_refill(self) -> std::result::Result<Self, ReadFailure> {
   |                   ^^^^^^^^^^^^^^^^^^^^

warning: method `request_cache_refill` is never used
   --> crates/kasumi-engine/src/primary_document_source.rs:177:19
    |
 88 | impl PrimaryDocumentSource {
    | -------------------------- method in this implementation
...
177 |     pub(crate) fn request_cache_refill(&self) -> ReadResult<(), ReadFailure> {
    |                   ^^^^^^^^^^^^^^^^^^^^

warning: field `plan` is never read
   --> crates/kasumi-engine/src/admission/text_runtime.rs:205:15
    |
205 |     Refused { plan: Plan, original: Error },
    |     -------   ^^^^
    |     |
    |     field in this variant

warning: method `preparation_failure` is never used
   --> crates/kasumi-engine/src/admission/text_runtime.rs:209:19
    |
208 | impl RequestFailure {
    | ------------------- method in this implementation
209 |     pub(crate) fn preparation_failure(&self) -> Option<&snapshot_work::SnapshotPreparationFailure> {
    |                   ^^^^^^^^^^^^^^^^^^^

warning: method `prepare_primary_document_source` is never used
    --> crates/kasumi-engine/src/service.rs:3196:8
     |
3192 | impl Database {
     | ------------- method in this implementation
...
3196 |     fn prepare_primary_document_source(
     |        ^^^^^^^^^^^^^^^^^^^^^^^^^^^^^^^

warning: `kasumi-engine` (lib test) generated 21 warnings (run `cargo fix --lib -p kasumi-engine --tests` to apply 6 suggestions)
    Finished `test` profile [unoptimized + debuginfo] target(s) in 54.83s
     Running unittests src/lib.rs (/Users/takemiyamakoto/dev/kasumi/target/disk-backed-cache/debug/deps/kasumi_engine-fe8ede86cb1fd23f)

running 1 test
test state::primary_projection::tests::accepted_sparse_index_edit_tests::exact_retirement::primary_index_sparse_retire_set_matches_actual_swap_and_refuses_missing_or_preserved_target has been running for over 60 seconds
test state::primary_projection::tests::accepted_sparse_index_edit_tests::exact_retirement::primary_index_sparse_retire_set_matches_actual_swap_and_refuses_missing_or_preserved_target ... ok

test result: ok. 1 passed; 0 failed; 0 ignored; 0 measured; 853 filtered out; finished in 372.22s

Runner: 427.12s; exit=0; matching=1750/1750
