Command: cargo clippy -p kasumi-raft -p kasumi-store --all-features --all-targets --locked --offline --no-deps -- -D warnings
CARGO_TARGET_DIR=target/disk-backed-cache
    Checking tokio v1.53.1
    Checking tracing v0.1.44
    Checking futures-util v0.3.34
    Checking serde v1.0.229
    Checking ring v0.17.14
    Checking serde_json v1.0.151 (/Users/takemiyamakoto/dev/kasumi/vendor/serde_json-1.0.151)
    Checking kasumi-clock v0.1.0 (/Users/takemiyamakoto/dev/kasumi/crates/kasumi-clock)
    Checking kasumi-kv v0.1.0 (/Users/takemiyamakoto/dev/kasumi/crates/kasumi-kv)
    Checking clap v4.6.6
    Checking cobs v0.3.0
    Checking base64 v0.23.1
    Checking yasna v0.6.0
    Checking pem v4.0.0
    Checking tracing-futures v0.2.5
    Checking axum-core v0.5.6
    Checking serde_urlencoded v0.7.1
    Checking kasumi-types v0.1.0 (/Users/takemiyamakoto/dev/kasumi/crates/kasumi-types)
    Checking anyerror v0.1.13
    Checking postcard v1.1.3
    Checking rustls-webpki v0.103.15
    Checking futures-executor v0.3.34
    Checking rcgen v0.14.10
    Checking tokio-util v0.7.19
    Checking tokio-stream v0.1.19
    Checking validit v0.2.6
    Checking rustls v0.23.43
    Checking futures v0.3.34
    Checking h2 v0.4.19
    Checking tower v0.5.3
    Checking openraft v0.9.25 (/Users/takemiyamakoto/dev/kasumi/vendor/openraft-0.9.25/openraft)
    Checking tokio-rustls v0.26.5
    Checking tower-http v0.6.11
    Checking kasumi-serving v0.1.0 (/Users/takemiyamakoto/dev/kasumi/crates/kasumi-serving)
    Checking hyper v1.11.1
    Checking hyper-util v0.1.20
    Checking hyper-timeout v0.5.2
    Checking hyper-rustls v0.27.9
    Checking axum v0.8.9
    Checking tonic v0.14.6
    Checking reqwest v0.12.28
    Checking kasumi-transport v0.1.0 (/Users/takemiyamakoto/dev/kasumi/crates/kasumi-transport)
    Checking kasumi-store v0.1.0 (/Users/takemiyamakoto/dev/kasumi/crates/kasumi-store)
    Checking kasumi-raft v0.1.0 (/Users/takemiyamakoto/dev/kasumi/crates/kasumi-raft)
error: the `Err`-variant returned from this function is very large
   --> crates/kasumi-raft/src/selected_application.rs:252:6
    |
252 | ) -> std::result::Result<SelectedApplicationPosition<W>, SelectionFailure<W>> {
    |      ^^^^^^^^^^^^^^^^^^^^^^^^^^^^^^^^^^^^^^^^^^^^^^^^^^^^^^^^^^^^^^^^^^^^^^^^ the `Err`-variant is at least 537 bytes
    |
    = help: try reducing the size of `selected_application::SelectionFailure<W>`, for example by boxing large elements or replacing it with `Box<selected_application::SelectionFailure<W>>`
    = help: for further information visit https://rust-lang.github.io/rust-clippy/rust-1.97.0/index.html#result_large_err
    = note: `-D clippy::result-large-err` implied by `-D warnings`
    = help: to override `-D warnings` add `#[allow(clippy::result_large_err)]`

error: could not compile `kasumi-raft` (lib) due to 1 previous error
warning: build failed, waiting for other jobs to finish...
error: enclosing `Ok` and `?` operator are unneeded
   --> crates/kasumi-raft/src/selected_application/fixture.rs:125:9
    |
125 |         Ok(view.require_memory(&memory)?)
    |         ^^^^^^^^^^^^^^^^^^^^^^^^^^^^^^^^^
    |
    = help: for further information visit https://rust-lang.github.io/rust-clippy/rust-1.97.0/index.html#needless_question_mark
    = note: `-D clippy::needless-question-mark` implied by `-D warnings`
    = help: to override `-D warnings` add `#[allow(clippy::needless_question_mark)]`
help: remove the enclosing `Ok` and `?` operator
    |
125 -         Ok(view.require_memory(&memory)?)
125 +         view.require_memory(&memory)
    |

error: the `Err`-variant returned from this function is very large
   --> crates/kasumi-raft/src/selected_application/fixture.rs:245:10
    |
245 |     ) -> std::result::Result<SelectedApplicationPosition<Workspace>, SelectionFailure<Workspace>>
    |          ^^^^^^^^^^^^^^^^^^^^^^^^^^^^^^^^^^^^^^^^^^^^^^^^^^^^^^^^^^^^^^^^^^^^^^^^^^^^^^^^^^^^^^^^ the `Err`-variant is at least 592 bytes
    |
    = help: try reducing the size of `selected_application::SelectionFailure<selected_application::fixture::Workspace>`, for example by boxing large elements or replacing it with `Box<selected_application::SelectionFailure<selected_application::fixture::Workspace>>`
    = help: for further information visit https://rust-lang.github.io/rust-clippy/rust-1.97.0/index.html#result_large_err

error: this `MutexGuard` is held across an await point
   --> crates/kasumi-raft/src/storage/apply_publication_tests.rs:273:13
    |
273 |         let state = fixture.machine.state.lock().unwrap();
    |             ^^^^^
    |
    = help: consider using an async-aware `Mutex` type or ensuring the `MutexGuard` is dropped before calling `await`
note: these are all the await points this lock is held through
   --> crates/kasumi-raft/src/storage/apply_publication_tests.rs:282:63
    |
282 |         assert!(fixture.machine.apply([command(2, b"later")]).await.is_err());
    |                                                               ^^^^^
283 |         assert_eq!(fixture.backend.calls.load(Ordering::Acquire), 1);
284 |         let failure = fixture.owner.drain_buffers().await.unwrap_err();
    |                                                     ^^^^^
    = help: for further information visit https://rust-lang.github.io/rust-clippy/rust-1.97.0/index.html#await_holding_lock
    = note: `-D clippy::await-holding-lock` implied by `-D warnings`
    = help: to override `-D warnings` add `#[allow(clippy::await_holding_lock)]`

error: could not compile `kasumi-raft` (lib test) due to 4 previous errors
Runner: 59.29s; exit=101; matching=728/728
