Command: cargo test --locked --offline --config profile.test.package.kasumi-kv.opt-level=3 --config profile.test.package.sha2.opt-level=3 -p kasumi-engine --all-features --lib -- --nocapture state::primary_projection::tests:: state::mutation_apply::tests:: state::accepted_apply::tests:: first_release_command_tests recovery::publication_tests failed_prune_publication_keeps_selected_prefix_and_replays_staged_archive target_completion_machine::tests::
CARGO_TARGET_DIR=target/disk-backed-cache
   Compiling kasumi-engine v0.1.0 (/Users/takemiyamakoto/dev/kasumi/crates/kasumi-engine)
warning: variant `Mutation` is never constructed
  --> crates/kasumi-engine/src/security_audit_jobs.rs:26:5
   |
24 | enum JobEffect {
   |      --------- variant in this enum
25 |     Read,
26 |     Mutation(&'static str),
   |     ^^^^^^^^
   |
   = note: `JobEffect` has a derived impl for the trait `Clone`, but this is intentionally ignored during dead code analysis
   = note: `#[warn(dead_code)]` (part of `#[warn(unused)]`) on by default

warning: struct `ReadPause` is never constructed
  --> crates/kasumi-engine/src/security_audit_jobs.rs:57:19
   |
57 | pub(super) struct ReadPause {
   |                   ^^^^^^^^^

warning: method `run_mutation` is never used
   --> crates/kasumi-engine/src/security_audit_jobs.rs:120:25
    |
 62 | impl SecurityAudit {
    | ------------------ method in this implementation
...
120 |     pub(super) async fn run_mutation<T, F, R>(&self, component: &'static str, run: R) -> Result<T>
    |                         ^^^^^^^^^^^^

warning: `kasumi-engine` (lib) generated 3 warnings
warning: field `panic` is never read
  --> crates/kasumi-engine/src/security_audit_jobs.rs:52:9
   |
48 | pub(super) struct RecordFault {
   |                   ----------- field in this struct
...
52 |     pub panic: bool,
   |         ^^^^^

warning: `kasumi-engine` (lib test) generated 4 warnings (3 duplicates)
    Finished `test` profile [unoptimized + debuginfo] target(s) in 21.86s
     Running unittests src/lib.rs (target/disk-backed-cache/debug/deps/kasumi_engine-b15d1192089511a8)

running 61 tests
test state::first_release_command_tests::prefixed_recovery_replay_requires_exact_current_writer_bytes ... ok
test state::first_release_command_tests::committed_command_rejects_defaulted_old_shape_and_discarded_fields ... ok
test state::first_release_command_tests::noncanonical_target_envelope_is_rejected_before_state_change ... ok
test state::accepted_apply::tests::accepted_apply_definition_change_retains_actual_old_and_new_owners ... ok
test state::mutation_apply::tests::metadata_publication_covers_forward_and_replayed_positions ... ok
test state::mutation_apply::tests::ordered_input::ordered_command_actual_byte_binding_success_has_zero_requested_heap ... ok
test state::mutation_apply::tests::deterministic_rejection_waits_for_publication ... ok
test state::mutation_apply::tests::command_publication_keeps_candidate_private_until_commit ... ok
test state::accepted_apply::tests::accepted_apply_rejection_and_replay_discard_unaccepted_record_delta ... ok
test state::accepted_apply::tests::accepted_apply_archive_placement_keeps_delta_without_advancing_data_epoch ... ok
test state::accepted_apply::tests::accepted_apply_exact_engine_and_position_required_and_failure_releases_guard ... ok
test state::mutation_apply::tests::verified_point_history_crosses_former_count_limit_before_a_real_new_mutation ... ignored, explicit permanent-receipt capacity cohort; streams 100,000 encrypted point rows
test state::mutation_apply::tests::failed_publication_keeps_staged_receipt_hidden_until_exact_retry ... ok
test state::accepted_apply::tests::accepted_apply_retains_actual_delta_allocation_and_guard_through_publication ... ok
test state::mutation_apply::tests::ordered_input::ordered_command_actual_backend_checks_digest_before_json_and_each_special_prefix ... ok
test state::mutation_apply::tests::hot_audit_exhaustion_cannot_rewrite_original_or_admit_a_new_identity ... ok
test state::mutation_apply::tests::captured_index_corruption_is_outer_before_mutation_receipt_or_text_publication ... ok
test state::mutation_apply::tests::revision_only_audit_exhaustion_waits_for_publication ... ok
test state::mutation_apply::tests::captured_index_corruption_leaves_staged_terminal_unselected_but_conflict_is_durable ... ok
test state::mutation_apply::tests::terminal_reservation_covers_error_codes_escaped_versions_and_counter_widths ... ok
test state::mutation_apply::tests::ordered_input::ordered_command_actual_backend_rejects_raw_digest_before_mutation_or_publication ... ok
test state::mutation_apply::tests::invalid_index_inputs_remain_deterministic_rejections_before_text_materialization ... ok
test state::mutation_apply::tests::admitted_failure_survives_byte_exhaustion_expansion_and_snapshot_replay ... ok
test state::mutation_apply::tests::text_materialization_failure_is_outer_and_does_not_select_a_receipt ... ok
test state::mutation_apply::tests::snapshot_quota_rejection_preserves_text_writer_and_original_receipts ... ok
test state::mutation_apply::tests::zero_version_source_mutation_preserves_receipt_and_captured_text_reader ... ok
test state::accepted_apply::tests::accepted_apply_missing_delta_and_scope_substitution_fail_before_publication ... ok
test state::mutation_apply::tests::recovery_seal_two_writes_three_reads_are_atomic_and_replay_original_receipts ... ok
ordered command layouts: prepared=432 accepted=64 apply_owner=32 response=360
test state::primary_projection::tests::ordered_command_publication::ordered_command_frozen_refusal_keeps_actual_guard_and_encoded_sealed_outcome ... ok
test state::primary_projection::tests::primary_cow_actual_two_page_working_set_and_retirement_are_precharged ... ok
test state::primary_projection::tests::ordered_command_publication::ordered_command_real_sink_rejects_full_context_substitution_after_preparation ... ok
test state::primary_projection::tests::ordered_command_publication::ordered_command_real_sink_publishes_acceptance_rejection_and_idempotent_outcome ... ok
test state::primary_projection::tests::primary_cow_real_slot_refusal_precedes_pending_effects ... ok
test state::primary_projection::tests::primary_cow_captured_mapping_refuses_valid_alternate_manifest_with_unchanged_selector ... ok
test state::primary_projection::tests::primary_cow_foreign_apply_guard_on_same_store_pair_is_refused_before_pending ... ok
test state::primary_projection::tests::publication::primary_cow_actual_durable_ahead_refuses_before_new_attempt ... ok
test state::recovery::publication_tests::rejected_recovery_waits_for_publication_and_retries_exact_response ... ok
test state::primary_projection::tests::primary_cow_complete_map_diff_rejects_omitted_id_and_real_multi_id_shape ... ok
test target_completion_machine::tests::committed_original_resolves_positively_and_cannot_authorize_a_successor ... ok
test target_completion_machine::tests::exact_preparation_replays_after_completion_without_replacing_its_reservation ... ok
test target_completion_machine::tests::only_an_expired_exact_prepared_attempt_can_be_sealed ... ok
test target_completion_machine::tests::preparation_reserves_terminal_capacity_and_resolution_does_not_reacquire_it ... ok
test target_completion_machine::tests::reservation_shape_and_explicit_predecessor_are_canonical ... ok
test target_completion_machine::tests::sealed_predecessor_orders_successor_and_rejects_a_late_original_complete ... ok
test target_completion_machine::tests::target_budget_changes_preserve_reserves_and_replay_the_first_outcome ... ok
test state::primary_projection::tests::unknown_staging::unknown_publication::primary_cow_unknown_final_publication_reopens_complete_commit_and_refuses_abort ... ok
test target_completion_machine::tests::terminal_proof_binds_original_target_order_and_distinct_signature_purpose ... ok
test state::primary_projection::tests::primary_cow_cancel_during_new_chunks_retains_original_and_pending_is_abortable ... ok
test state::primary_projection::tests::publication::primary_cow_authentic_receipt_rejects_captured_mapping_substitution ... ok
test state::primary_projection::tests::unknown_staging::primary_cow_unknown_staging_reopens_complete_pending_and_chunk_batches ... ok
test state::tenant_audit::tests::failed_prune_publication_keeps_selected_prefix_and_replays_staged_archive ... ok
test state::primary_projection::tests::publication::primary_cow_late_actual_replay_refuses_before_final_effects ... ok
test state::primary_projection::tests::publication::primary_cow_real_publisher_admission_refusal_keeps_exact_final_effects ... ok
test state::primary_projection::tests::unknown_staging::unknown_abort::primary_cow_unknown_abort_reopens_complete_progress_resource_and_settlement_batches ... ok
test state::primary_projection::tests::primary_cow_baseline_rejects_cross_collection_dto_alias_even_with_same_tree_identity ... ok
test state::primary_projection::tests::publication::primary_cow_closed_factory_retains_cancellation_and_final_grant_refusal ... ok
test state::primary_projection::tests::publication::primary_cow_actual_final_effect_allocations_and_baseline_grants_retire_in_order ... ok
test state::primary_projection::tests::primary_cow_baseline_checks_actual_inventory_count_and_original_cancellation ... ok
test state::primary_projection::tests::primary_cow_abort_rejects_bootstrap_missing_inventory_and_ambiguous_committed_phase ... ok
test state::primary_projection::tests::primary_cow_actual_accepted_path_is_unselected_and_abort_is_separately_bounded ... ok
test state::primary_projection::tests::publication::primary_cow_two_real_publications_preserve_old_pin_and_commit_five_effects ... ok

test result: ok. 60 passed; 0 failed; 1 ignored; 0 measured; 527 filtered out; finished in 60.95s

Runner: 82.93s; exit=0; matching=839/839
