Command: cargo test --locked --offline --config profile.test.package.kasumi-kv.opt-level=3 --config profile.test.package.sha2.opt-level=3 -p kasumi-kv -p kasumi-store -p kasumi-raft -p kasumi-engine --all-features --lib --no-fail-fast -- ordinary_protection legacy_replica_total replica_plan_keeps application_sources_tests admission::disk_memory::tests audit_maintenance::tests --nocapture
CARGO_TARGET_DIR=target/disk-backed-cache
   Compiling openraft v0.9.25 (/Users/takemiyamakoto/dev/kasumi/vendor/openraft-0.9.25/openraft)
   Compiling kasumi-raft v0.1.0 (/Users/takemiyamakoto/dev/kasumi/crates/kasumi-raft)
   Compiling kasumi-engine v0.1.0 (/Users/takemiyamakoto/dev/kasumi/crates/kasumi-engine)
warning: associated function `required_fixed_admission_bytes` is never used
   --> crates/kasumi-engine/src/application_sources.rs:468:19
    |
454 | impl SourceRoots {
    | ---------------- associated function in this implementation
...
468 |     pub(crate) fn required_fixed_admission_bytes() -> Result<u64> {
    |                   ^^^^^^^^^^^^^^^^^^^^^^^^^^^^^^
    |
    = note: `#[warn(dead_code)]` (part of `#[warn(unused)]`) on by default

warning: `kasumi-engine` (lib) generated 1 warning
    Finished `test` profile [unoptimized + debuginfo] target(s) in 4m 06s
     Running unittests src/lib.rs (target/disk-backed-cache/debug/deps/kasumi_engine-44db468831cfc59f)

running 19 tests
test admission::disk_memory::tests::cache_work_reserves_reject_zero_and_values_above_installed_capacity ... ok
test admission::disk_memory::tests::full_byte_work_reserve_disables_cache_but_preserves_required_capacity ... ok
test admission::disk_memory::tests::cache_credit_grows_in_one_slot_and_retains_its_exact_core ... ok
test admission::disk_memory::tests::headroom_may_disable_caching_without_disabling_required_work ... ok
test admission::disk_memory::tests::cache_respects_slot_headroom_on_acquisition_and_growth ... ok
test admission::disk_memory::tests::cache_growth_leaves_byte_headroom_and_cleanup_never_readmits ... ok

thread 'audit_maintenance::tests::operation_reservations_leave_four_slots_for_raft_resident_work' (23238084) panicked at crates/kasumi-engine/src/audit_maintenance.rs:243:62:
called `Result::unwrap()` on an `Err` value: Error { code: ResourceExhausted, message: "node maintenance headroom unavailable" }
note: run with `RUST_BACKTRACE=1` environment variable to display a backtrace
test admission::ordinary_protection_tests::ordinary_protection_refuses_byte_or_slot_overlap_without_mutating_existing_owners ... ok
test admission::disk_memory::tests::lease_overhead_is_admitted_before_boxing_and_denial_preserves_counters ... ok
test admission::disk_memory::tests::installed_storage_census_is_fixed_precharged_and_matches_the_exact_core ... ok
test audit_maintenance::tests::operation_reservations_leave_four_slots_for_raft_resident_work ... FAILED
test admission::disk_memory::tests::installed_box_stays_charged_after_facade_drop_with_operation_slots_full ... ok
test admission::disk_memory::tests::default_cache_work_reserves_follow_resolved_capacity_and_caps ... ok
test audit_maintenance::tests::retained_ordinary_charge_cannot_grow_into_audit_headroom ... ok
test admission::disk_memory::tests::cache_preserves_audit_protection_and_never_uses_scoped_escrow ... ok
test audit_maintenance::tests::resident_saturation_cannot_spend_scoped_native_escrow ... ok
test audit_maintenance::tests::facades_sharing_memory_share_one_pool_and_preparation_lane ... ok
test audit_maintenance::tests::tenants_share_capacity_and_retained_workers_keep_it_owned ... ok
test bootstrap::existing_replicated_tests::replica_budget::replica_plan_keeps_workload_separate_and_proves_legacy_total_invalid ... ok
test bootstrap::existing_replicated_tests::legacy_replica_total_refuses_maintenance_without_consuming_existing_owners ... ok

failures:

failures:
    audit_maintenance::tests::operation_reservations_leave_four_slots_for_raft_resident_work

test result: FAILED. 18 passed; 1 failed; 0 ignored; 0 measured; 620 filtered out; finished in 0.99s

error: test failed, to rerun pass `-p kasumi-engine --lib`
     Running unittests src/lib.rs (target/disk-backed-cache/debug/deps/kasumi_kv-221aa5373d25965b)

running 0 tests

test result: ok. 0 passed; 0 failed; 0 ignored; 0 measured; 551 filtered out; finished in 0.00s

     Running unittests src/lib.rs (target/disk-backed-cache/debug/deps/kasumi_raft-8af78bc0d2a8574c)

running 0 tests

test result: ok. 0 passed; 0 failed; 0 ignored; 0 measured; 176 filtered out; finished in 0.00s

     Running unittests src/lib.rs (target/disk-backed-cache/debug/deps/kasumi_store-4ef75ebdc018c368)

running 0 tests

test result: ok. 0 passed; 0 failed; 0 ignored; 0 measured; 708 filtered out; finished in 0.00s

error: 1 target failed:
    `-p kasumi-engine --lib`
Runner: 247.79s; exit=101; matching=1542/1542
