Command: cargo test --locked --offline --config profile.test.package.kasumi-kv.opt-level=3 --config profile.test.package.sha2.opt-level=3 -p kasumi-kv --all-features --lib -- commit_admission --nocapture
CARGO_TARGET_DIR=target/disk-backed-cache
   Compiling kasumi-kv v0.1.0 (/Users/takemiyamakoto/dev/kasumi/crates/kasumi-kv)
error[E0277]: the trait bound `&Vec<{integer}>: Into<Vec<u8>>` is not satisfied
   --> crates/kasumi-kv/src/disk_commit_admission_tests.rs:161:48
    |
161 |             Operation::put("accounts", b"new", &payload),
    |             --------------                     ^^^^^^^^ the trait `From<&Vec<{integer}>>` is not implemented for `Vec<u8>`
    |             |
    |             required by a bound introduced by this call
    |
    = note: required for `&Vec<{integer}>` to implement `Into<Vec<u8>>`
note: required by a bound in `core::Operation::put`
   --> crates/kasumi-kv/src/core.rs:467:21
    |
464 |     pub fn put(
    |            --- required by a bound in this associated function
...
467 |         value: impl Into<Vec<u8>>,
    |                     ^^^^^^^^^^^^^ required by this bound in `Operation::put`
help: consider dereferencing here
    |
161 |             Operation::put("accounts", b"new", &*payload),
    |                                                 +

For more information about this error, try `rustc --explain E0277`.
error: could not compile `kasumi-kv` (lib test) due to 1 previous error
Runner: 1.82s; exit=101; matching=1558/1558
