Command: /Users/takemiyamakoto/dev/kasumi/target/disk-backed-cache/debug/deps/kasumi_kv-221aa5373d25965b --nocapture
ISOLATED_SOURCE=/tmp/kasumi-source-cohort-validation-v1
CARGO_TARGET_DIR=/Users/takemiyamakoto/dev/kasumi/target/disk-backed-cache

running 575 tests

thread 'arena::tests::forced_roll_rejects_expired_owner_or_poisoned_lock_before_mutation' (26827124) panicked at crates/kasumi-kv/src/arena.rs:852:17:
poison writer lock
note: run with `RUST_BACKTRACE=1` environment variable to display a backtrace
test arena::tests::arenas_roll_durably_and_reopen_never_reuses_a_page_identity ... ok
test arena::tests::arena_reads_reject_wrong_identity_digest_and_failed_owner ... ok
test arena::tests::forced_roll_preserves_old_pages_after_reopen_and_never_resumes_the_empty_arena ... ok
test arena::tests::forced_roll_reuses_owned_header_under_new_workspace_denial ... ok
test arena::tests::header_constructor_refusal_has_no_backend_effect_and_retries ... ok
test arena::tests::io_stats_exclude_failed_callbacks_even_when_their_effects_are_unknown ... ok
test arena::tests::io_stats_count_page_payloads_and_every_arena_sync_and_reset_on_reopen ... ok
test arena::tests::forced_roll_owner_expiry_after_successful_io_stops_and_fences_the_writer ... ok
test arena::tests::confirmation_root_failures_poison_before_any_page_is_written ... ok
test arena::tests::first_arena_and_automatic_roll_reuse_owned_header_under_pressure ... ok
test arena::tests::forced_roll_allocates_a_durable_empty_arena_before_the_next_page ... ok
test arena::tests::arena_failures_poison_append_and_sync_without_reusing_offsets ... ok

thread 'arena::tests::poisoned_retained_header_rejects_reads_before_backend_io' (26827137) panicked at crates/kasumi-kv/src/arena.rs:586:17:
poison arena read scratch
test arena::tests::failed_old_arena_sync_during_roll_allocates_no_new_identity ... ok
test arena::tests::io_stats_saturate_without_reservation_and_check_the_current_owner ... ok
test arena::tests::forced_roll_rejects_expired_owner_or_poisoned_lock_before_mutation ... ok
test arena::tests::forced_roll_failures_fence_all_later_writer_operations ... ok
test arena::tests::owner_change_before_writer_entry_is_rechecked_without_effect ... ok
test arena::tests::pending_arena_recovery_admission_and_owner_checks_precede_mutation ... ok
test arena::tests::pending_arena_recovery_accepts_only_exact_header_prefixes ... ok
test arena::tests::pending_arena_recovery_faults_never_confirm_or_consume_page_offsets ... ok
test arena::tests::owner_failure_inside_successful_roll_or_page_io_stops_later_effects ... ok
test arena::tests::transaction_space_arena_rejects_overflow_and_poison_without_consuming_ids ... ok
test arena::tests::poisoned_retained_header_rejects_reads_before_backend_io ... ok
test cache::pool_tests::metadata_exchange_rollback_keeps_credit_after_concurrent_payload_retirement ... ok
test cache::pool_tests::rejected_limit_keeps_guard_charge_and_restores_the_previous_borrow_limit ... ok
test cache::tests::candidate_alias_removal_preserves_shared_payload_and_external_output_admission ... ok
test cache::tests::budget_shrink_preserves_hot_entries_and_releases_directory_capacity ... ok
test arena::tests::io_stats_exclude_cache_hits_and_count_private_misses_and_appends ... ok
test cache::pool_tests::growth_refusal_can_release_this_pools_last_guard_without_reentering_its_lock ... ok
test cache::pool_tests::growth_refusal_expiry_preserves_existing_custody_and_never_becomes_pressure ... ok
test arena::tests::transaction_space_arena_bound_matches_actual_rolls_and_keeps_planning_effect_free ... ok
test cache::pool_tests::rounded_admission_falls_back_to_exact_fit_without_reporting_provider_refusal ... ok
test cache::pool_tests::reservation_refusal_expiry_fences_before_fallback_or_optional_pressure ... ok
test cache::pool_tests::metadata_overlap_refusal_expiry_is_never_hidden_as_optional_pressure ... ok
test cache::pool_tests::tiny_budget_increases_keep_one_live_provider_slot_and_expired_credit_is_not_reused ... ok
test cache::pool_tests::aliases_and_cross_thread_last_guard_keep_pool_custody_after_cache_close ... ok
test arena::tests::streamed_directory_reads_from_real_group_arenas_after_crash ... ok
test cache::tests::candidate_pass_has_bounded_work_and_does_not_train_demand_policy ... ok
test cache::tests::candidate_version_exhaustion_and_failed_owner_fail_closed_without_removing_bytes ... ok
test cache::tests::denies_before_loading_when_storage_capacity_is_unavailable ... ok
test cache::tests::conditional_candidate_removal_revisits_backward_shifted_and_wrapped_slots ... ok
test cache::tests::denied_maintenance_alias_does_not_move_source_or_evict_and_can_retry ... ok
test cache::tests::dropping_cache_keeps_pinned_value_and_accounting_leases_alive ... ok
test cache::tests::evicted_reader_pins_keep_their_original_bytes_charged ... ok
test cache::tests::failed_cache_quote_never_becomes_optional_pressure_or_uncached_io ... ok
test cache::tests::failed_budget_shrink_restores_pool_limit_at_both_metadata_replacement_boundaries ... ok
test cache::tests::complete_identities_survive_identical_hashes_and_relocation ... ok
test cache::tests::failed_load_releases_buffer_and_does_not_install_a_value ... ok
test cache::tests::colliding_directory_removals_preserve_lookup_and_lru_links ... ok
test cache::tests::get_peek_and_failed_optional_admission_leave_candidate_tokens_valid ... ok
test cache::tests::insertion_removal_clear_relocation_and_aliasing_invalidate_external_candidates ... ok
test cache::tests::keeps_every_fitting_value_and_charges_the_directory ... ok
test cache::tests::load_checks_owner_on_hits_and_after_backend_reads ... ok
test cache::tests::frequently_read_working_set_survives_a_historical_scan ... ok
test cache::tests::maintenance_alias_checks_owner_on_hits_and_each_metadata_reservation ... ok
test cache::pool_tests::more_than_sixteen_thousand_values_share_one_reservation_and_two_overlap_slots ... ok
test cache::tests::maintenance_alias_metadata_denial_records_provider_refusal_without_mutation ... ok
test cache::tests::maintenance_alias_shares_one_payload_without_training_existing_policy ... ok
test cache::tests::maintenance_denial_signal_excludes_cache_limit_and_metadata_trim ... ok
test cache::tests::maintenance_fill_and_peek_do_not_train_policy_or_demand_counters ... ok
test cache::tests::maintenance_fill_checks_empty_cache_overhead_and_never_reads_without_headroom ... ok
test cache::tests::maintenance_fill_releases_denied_failed_or_expired_loads_without_policy_training ... ok
test cache::tests::oversized_and_disabled_reads_use_only_request_admissions ... ok
test cache::tests::publication_candidate_removal_requires_same_payload_and_preserves_external_guard ... ok
test cache::tests::pruning_unreachable_identities_shrinks_metadata_and_preserves_output_pins ... ok
test cache::tests::publication_cleanup_after_owner_failure_preserves_entries_and_clears_marks ... ok
test cache::tests::publication_chain_survives_collision_backshifts_and_complete_key_rehash ... ok
test cache::tests::publication_corrupt_chain_cleanup_is_bounded_and_fails_closed ... ok
test arena::tests::retained_read_header_is_charged_once_and_reused_during_workspace_denial ... ok
test cache::tests::relocation_copy_capacity_denial_is_optional_and_retryable ... ok
test cache::tests::relocation_copy_denied_directory_growth_moves_without_retaining_extra_backing ... ok
test cache::tests::relocation_copy_keeps_both_addresses_and_original_output_charges ... ok

thread 'cache::tests::publication_drop_cleanup_never_calls_admission_and_normal_clear_cleans_before_panic' (26827191) panicked at crates/kasumi-kv/src/cache.rs:1741:13:
admission check panic

thread 'cache::tests::read_into::read_into_panicking_loader_releases_optional_payload_credit_without_retry' (26827198) panicked at crates/kasumi-kv/src/cache_read_into_tests.rs:245:17:
Box<dyn Any>
test cache::tests::publication_marks_deduplicate_without_admission_or_policy_changes_and_abort_cleanly ... ok
test cache::tests::read_into::read_into_loader_original_and_capacity_are_never_retried_or_counted_successful ... ok
test cache::tests::read_into::read_into_owner_failures_and_postload_expiry_never_become_optional_misses ... ok
test cache::tests::read_into::read_into_publication_refusal_does_not_train_policy_or_enter_loader ... ok
test cache::tests::read_into::read_into_retains_fitting_miss_and_trains_hit_without_touching_destination ... ok
test cache::tests::read_into::read_into_local_and_provider_capacity_refusal_fill_only_existing_destination ... ok
test cache::tests::relocation_copy_accounts_for_evicted_but_pinned_output_bytes ... ok
test cache::tests::read_into::read_into_disabled_retention_allocates_no_second_value_owner ... ok
test cache::tests::relocation_copy_of_a_cold_source_leaves_existing_cache_state_unchanged ... ok
test cache::tests::relocation_copy_propagates_owner_failure_on_hits_and_during_reservation ... ok
test cache::tests::relocation_copy_under_pressure_moves_the_hot_identity_without_unrelated_eviction ... ok
test cache::tests::relocation_preserves_payload_frequency_recency_and_admission ... ok
test cache::tests::shared_relocation_keeps_every_fitting_identity_without_payload_headroom ... ok

thread 'cache::tests::publication_scope_rejects_unrelated_membership_changes_until_cleared' (26827193) panicked at crates/kasumi-kv/src/cache.rs:450:9:
publication candidates are active

thread 'cache::tests::publication_scope_rejects_unrelated_membership_changes_until_cleared' (26827193) panicked at crates/kasumi-kv/src/cache.rs:468:9:
publication candidates are active

thread 'cache::tests::publication_scope_rejects_unrelated_membership_changes_until_cleared' (26827193) panicked at crates/kasumi-kv/src/cache.rs:807:9:
publication candidates are active

thread 'cache::tests::read_into::read_into_panicking_loader_releases_optional_payload_credit_without_retry' (26827198) panicked at crates/kasumi-kv/src/cache_read_into_tests.rs:245:17:
Box<dyn Any>
test cache::tests::shared_relocation_budget_shrink_distinguishes_aliases_from_external_pins ... ok
test cache_admission::tests::growth_refusal_preserves_charge_and_cleanup_never_readmits ... ok
test checked_group::tests::backend_failure_is_preserved_even_when_its_owner_expires ... ok
test checked_group::tests::expiry_before_a_streamed_entry_prevents_its_callback ... ok
test cache::tests::publication_scope_rejects_unrelated_membership_changes_until_cleared ... ok
test cache::tests::publication_drop_cleanup_never_calls_admission_and_normal_clear_cleans_before_panic ... ok
test cache::tests::shared_relocation_last_alias_eviction_never_refunds_external_guards ... ok
test cache::tests::shared_relocation_chain_survives_rehash_moves_pruning_and_clear ... ok
test cache::tests::shrinking_budget_cannot_forgive_outstanding_reader_pins ... ok
test cache::tests::stale_cursor_position_foreign_cache_and_replaced_payload_cannot_remove_candidates ... ok
test cache_admission::tests::quote_checks_total_and_keeps_fixed_overhead ... ok
test cache::tests::read_into::read_into_panicking_loader_releases_optional_payload_credit_without_retry ... ok
test cache::tests::trimming_retries_capacity_denial_then_invalidates_layout_without_policy_changes ... ok
test checked_group::tests::expired_owner_never_enters_any_backend_call ... ok
test checked_group::tests::expiry_during_any_successful_backend_call_rejects_its_result ... ok
test checkpoint::tests::legacy_single_file_images_are_rejected ... ok
test checked_group::tests::visitor_expiry_stops_before_another_callback ... ok
test checkpoint::tests::restart_loads_the_checkpoint_and_replays_only_later_batches ... ok
test core::tests::close_waits_for_snapshot_clones_and_retries_only_not_entered ... ok
test checkpoint::tests::checkpoint_files_are_create_only_and_failed_writes_stay_unreferenced ... ok
test checkpoint::tests::digest_valid_edits_fail_closed_on_structure ... ok
test checkpoint::tests::checkpoint_round_trips_sorted_entries_and_live_bytes ... ok
test checkpoint::tests::root_reference_binds_length_and_digest ... ok
test checkpoint::tests::referenced_segments_must_be_live_and_intact ... ok
test cache::tests::long_mixed_collision_workload_preserves_directory_invariants ... ok
test checkpoint::tests::every_flipped_byte_fails_closed ... ok
test checkpoint::tests::writer_rejects_unsorted_or_uncovered_entries ... ok
test core::tests::constructor_retains_uncertain_close_and_does_not_repeat_it ... ok

thread 'core::tests::closed_snapshot_result_does_not_reenter_a_poisoned_state' (26827238) panicked at crates/kasumi-kv/src/core_tests.rs:582:9:
interrupted state holder

thread 'core::tests::poisoned_state_fences_once_and_still_drains_exact_backend' (26827243) panicked at crates/kasumi-kv/src/core_tests.rs:320:9:
state holder
test checkpoint::tests::reclaimed_segment_leaves_the_root_only_after_a_confirmed_unlink ... ok
test checkpoint::tests::failed_write_fences_the_writer_and_leaves_an_orphan ... ok
test checkpoint::tests::unpublished_retirement_never_unlinks_a_segment_the_durable_checkpoint_uses ... ok
test core::tests::closed_snapshot_result_does_not_reenter_a_poisoned_state ... ok
test core::tests::constructor_retries_the_same_owner_after_proven_no_close_entry ... ok
test core::tests::poisoned_state_fences_once_and_still_drains_exact_backend ... ok
test core::tests::cache_hit_still_obeys_owner_and_read_bound ... ok
test core::tests::snapshot_limit_denial_does_not_leak_close_count_or_fence ... ok
test core::tests::snapshot_belongs_to_exact_owner_even_with_same_group_id ... ok
test core::tests::strict_create_rejects_existing_group_and_open_requires_exact_incarnation ... ok
test directory::tests::batch::batch_workspace_denial_and_expired_owner_do_not_start_page_effects ... ok
test directory::tests::batch::corrupted_root_leaf_is_an_error_not_a_declined_fast_path ... ok
test core::tests::lower_bound_iteration_is_not_a_prefix_scan ... ok
test directory::tests::batch::corrupted_deeper_root_or_selected_leaf_is_not_a_declined_fast_path ... ok
test directory::tests::batch::invalid_batch_inputs_reject_without_reads_or_appends_and_do_not_poison ... ok
test directory::tests::batch::oversized_leaf_declines_before_effects_and_allows_normal_fallback ... ok
test directory::tests::canonical_root_codec_binds_the_complete_reference_and_shape ... ok
test directory::tests::batch::root_leaf_noops_missing_deletes_and_empty_result_do_not_append_pages ... ok
test core::tests::public_output_fits_one_buffer_and_retains_its_charge_after_native_close ... ok
test core::tests::snapshot_root_survives_overwrite_delete_and_later_table_birth ... ok
test directory::tests::batch::nonroot_empty_and_growing_ancestor_separator_decline_before_any_append ... ok
test core::tests::preparatory_segment_roll_does_not_report_a_fabricated_commit ... ok
test core::tests::synchronous_compaction_returns_provider_pressure_without_spinning_or_fencing ... ok
test directory::tests::capacity_denial_precedes_page_allocation_and_outputs_remain_admitted ... ok
test directory::tests::cow_denial_and_invalid_input_do_not_append_or_corrupt_prior_root ... ok
test directory::tests::cow_owner_failure_during_backend_io_cannot_return_publishable_root ... ok
test directory::tests::batch::deeper_noop_prefix_and_new_global_minimum_preserve_ancestor_bounds ... ok
test directory::tests::empty_directory_and_owner_failure_are_checked_without_disk_reads ... ok
test directory::tests::batch::deeper_batches_copy_one_path_and_consume_only_the_first_leaf_prefix ... ok
test directory::tests::directory_reader_and_builder_check_owner_after_backend_io ... ok
test directory::tests::immutable_roots_preserve_old_versions_and_incarnation_is_checked ... ok
test directory::tests::leaves::leaf_plans_and_rewrites_admit_before_io_and_release_on_denial ... ok
test directory::tests::cow_validates_inherited_incarnation_version_and_separator_bounds ... ok
test directory::tests::leaves::leaf_rewrite_revalidates_parent_and_leaf_digests_before_any_effect ... ok
test directory::tests::batch::append_and_sync_failures_poison_only_the_private_batch_and_preserve_old_root ... ok
test directory::tests::leaves::leaf_plans_find_boundaries_and_return_admitted_cursors_without_collecting_prior_keys ... ok
test directory::tests::packing::a_terminal_unary_root_chain_normalizes_without_appending_or_changing_logical_versions ... ok
test directory::tests::leaves::leaf_rewrite_rejects_foreign_root_bad_shape_and_changed_value_bytes_before_append ... ok
test directory::tests::packing::both_source_pages_and_their_parent_paths_are_revalidated_before_append ... ok
test directory::tests::packing::checksum_valid_malformed_shapes_and_nonadjacent_child_substitution_fail_closed ... ok
test directory::tests::ordered_successors_match_model_across_tables_and_missing_keys ... ok
test directory::tests::cow_failed_appends_only_orphan_pages_and_poison_private_batch ... ok
test directory::tests::packing::a_cross_parent_separator_split_propagates_multiple_carries_through_the_common_ancestor ... ok
test directory::tests::packing::continuation_reselects_after_its_key_is_deleted_and_the_current_root_shrinks ... ok
test directory::tests::packing::greedy_redistribution_with_longer_separator_can_split_the_parent ... ok
test directory::tests::packing::pack_pair_rejects_foreign_or_stale_plans_without_poisoning_a_valid_retry ... ok
test directory::tests::packing::merging_across_unary_branches_removes_empty_ancestors_and_collapses_the_root ... ok
test directory::tests::generation_warming_retains_final_split_pages_and_skips_private_orphans ... ok
test directory::tests::packing::unchanged_and_terminal_plans_do_not_append_or_advance_generation ... ok
test directory::tests::page_corruption_and_noncanonical_encodings_fail_closed ... ok
test directory::tests::reachability::a_failed_path_read_is_not_a_proof_of_absence ... ok
test directory::tests::reachability::a_probe_below_the_first_separator_still_checks_the_child_minimum ... ok
test directory::tests::parent_sha_rejects_canonical_child_substitution_with_the_same_crc ... ok
test directory::tests::reachability::cow_roots_distinguish_obsolete_shared_and_newer_candidates ... ok
test directory::tests::reachability::malformed_candidates_fail_even_for_empty_or_older_roots_before_io ... ok
test directory::tests::packing::a_merged_underfull_page_remains_eligible_for_its_next_neighbor ... ok
test directory::tests::reachability::malformed_roots_and_ancestor_bounds_never_prove_absence ... ok
test directory::tests::reachability::membership_requires_the_complete_reference_and_matching_group ... ok
test directory::tests::refused_input_does_not_change_prefix_and_backend_failure_poisons_builder ... ok
test directory::tests::reachability::proof_denial_and_owner_expiry_precede_or_fence_reads ... ok
test directory::tests::packing::pack_plan_and_workspace_denial_precede_effects_and_prepared_mutation_reuses_grant ... ok
test directory::tests::reachability::exact_membership_covers_leaf_internal_and_root_pages_with_one_path ... ok
test directory::tests::packing::same_parent_leaf_and_internal_packing_preserves_logical_records_and_old_roots ... ok
test directory::tests::leaves::leaf_rewrite_append_and_sync_failures_poison_without_changing_old_roots ... ok
test directory::tests::successor_branch_work_is_linear_in_fanout_including_redescent ... ok
test directory::tests::walker_empty_table_only_and_cancellation_release_fixed_scratch ... ok
test directory::tests::walker_operational_failures_poison_after_partial_callbacks ... ok
test directory::tests::walker_rejects_digest_scope_parent_range_and_generation_corruption ... ok
test directory::tests::walker_resumes_with_hard_work_limits_and_preserves_old_roots ... ok
test directory::tests::workspace::point_membership_and_warming_reuse_one_buffer_without_new_admission ... ok
test directory::tests::workspace::read_workspace_admits_its_entire_buffer_and_traversal_before_allocation ... ok
test directory::tests::workspace::read_workspace_constructor_refusal_has_no_effect_and_same_owner_retries ... ok
test directory::tests::workspace::reused_workspace_preserves_candidate_validation_and_parent_bounds ... ok
test directory::tests::workspace::reused_workspace_preserves_read_failures_and_post_io_owner_checks ... ok
test directory::tests::workspace::workspace_rejects_foreign_admission_and_failed_owner_before_io ... ok
test directory::tests::workspace::write_workspace_is_one_grant_and_reuses_actual_pages_for_checks_and_edits ... ok
test directory::tests::workspace::write_workspace_rejects_an_operation_outside_its_admitted_envelope ... ok
test disk_state::record_publication::counter_tests::prepared_record_publication_counter_headroom_rejects_competing_vote_at_limit ... ok
test disk_state::tests::admitted_read_into::admitted_cached_length_and_checksum_mismatches_are_typed_corruption_before_copy ... ok
test disk_state::tests::admitted_read_into::admitted_point_and_successor_never_request_a_temporary_value_payload ... ok
test disk_state::tests::admitted_read_into::admitted_reads_preserve_fitting_retention_and_existing_zero_copy_owner ... ok
test disk_state::tests::automatic_warming::cold_reopen_completes_despite_current_reader_churn_and_parks_without_io_or_admission ... ok
test disk_state::tests::automatic_warming::denied_cache_disable_invalidates_residency_after_releasing_lookup_ownership ... ok
test disk_state::tests::automatic_warming::disabled_cache_is_idle_and_manual_warming_keeps_its_explicit_restart_semantics ... ok
test disk_state::tests::automatic_warming::historical_root_retires_only_after_its_last_independent_pin_and_clone ... ok
test disk_state::tests::automatic_warming::optional_provider_denial_retries_only_the_refused_item_without_losing_early_release ... ok
test disk_state::tests::automatic_warming::pin_acquired_after_parking_is_tracked_when_publication_makes_it_historical ... ok
test disk_state::tests::automatic_warming::pin_release_during_pass::guard_acquired_between_steps_and_released_inside_completion_cannot_be_forgotten ... ok
test disk_state::tests::automatic_warming::pin_release_during_pass::manual_resume_retains_pin_history_after_automatic_workspace_refusal ... ok
test disk_state::tests::automatic_warming::pin_release_during_pass::output_release_while_running_retries_automatic_and_manual_nonresident_passes ... ok
test disk_state::tests::automatic_warming::pin_release_during_pass::oversized_passes_do_not_retry_for_step_local_proof_guards ... ok
test directory::tests::packing::cross_parent_pairs_rebuild_both_paths_at_a_distant_common_ancestor ... ok
test disk_state::tests::automatic_warming::pin_release_during_pass::same_batch_pruning_records_real_output_before_refusal_and_immediate_release ... ok
test directory::tests::cow_same_value_rewrite_copies_paths_preserving_versions_counts_and_old_roots ... ok
test disk_state::tests::automatic_warming::released_output_guard_capacity_requests_retry_without_a_snapshot_retirement ... ok
test disk_state::tests::automatic_warming::required_workspace_denial_retries_bounded_work_until_capacity_returns ... ok
test disk_state::tests::automatic_warming::unchanged_oversized_attempt_and_pure_growth_stay_parked_until_budget_grows ... ok
test disk_state::tests::automatic_warming::shorter_replacement_and_real_delete_request_a_fitting_pass ... ok
test disk_state::tests::automatic_warming::refused_metadata_shrink_retries_at_prune_end_then_restores_a_fitting_union ... ok
native_batch_cow operations=16 height=1 live_pages=1 pages_read=2 pages_written=1 arena_syncs=1 backend_reads=4
test directory::tests::leaves::leaf_batch_rewrites_one_path_preserving_versions_counts_siblings_and_old_roots ... ok
test disk_state::tests::cache_hits_still_enforce_owner_and_snapshot_scope ... ok
test disk_state::tests::batch_leaf::sixteen_sorted_puts_copy_one_leaf_and_preserve_snapshot_parity ... ok
test disk_state::tests::batch_leaf::batch_runs_preserve_repeated_descending_and_create_table_operation_order ... ok
test disk_state::tests::commit_admission::commit_reuses_prepared_memory_when_all_post_effect_admissions_refuse ... ok
test disk_state::tests::compact::a_fresh_leaf_with_no_old_locations_is_skipped_without_a_commit ... ok
test directory::tests::splitting::cow_short_table_marker_descending_max_keys_keep_both_split_sides_nonunary ... ok
test disk_state::tests::compact::compaction_preserves_versions_pins_and_fitting_hot_values_through_reclamation ... ok
test directory::tests::transaction_page_bound_covers_real_descending_splits_and_missing_deletes ... ok
test directory::tests::packing::complete_uneven_key_sweeps_match_dense_builder_at_every_reachable_level ... ok
native_batch_cow operations=16 height=2 pages_read=38 pages_written=2 arena_syncs=1 backend_reads=92
test directory::tests::cow_large_tree_mutation_keeps_fixed_workspace_and_path_sized_io ... ok
test disk_state::tests::compact::compaction_admission_denial_is_retryable_without_skipping_a_key ... ok
test disk_state::tests::commit_admission::mandatory_capacity_denial_precedes_disk_effects_and_allows_retry ... ok
test directory::tests::packing::before_and_after_append_or_sync_failures_keep_old_roots_and_poison_the_batch ... ok
test directory::tests::batch::root_leaf_batches_match_mixed_ordered_model_and_preserve_every_old_root ... ok
test directory::tests::cow_arena_cache_composition_retains_snapshots_and_reopens_durable_pages ... ok
test directory::tests::splitting::cow_mixed_separator_growth_and_deletion_preserve_split_record_counts ... ok
test directory::tests::streaming_directory_exceeds_workspace_and_reopens_without_resident_keys ... ok
test disk_state::tests::compact::relocated_snapshot_aliases_keep_one_fitting_payload_resident ... ok
test disk_state::tests::batch_leaf::sixteen_sorted_updates_copy_one_multileaf_path_and_keep_both_snapshots_hot ... ok
test disk_state::tests::compact::residency_edges::obsolete_compaction_pages_cannot_displace_a_fitting_current_and_pinned_tree ... ok
test disk_state::tests::compact::table_only_leaf_uses_one_directory_marker_and_preserves_birth_versions ... ok
test disk_state::tests::compact::value_byte_target_splits_one_leaf_and_foreground_changes_keep_the_cursor_sound ... ok
test disk_state::tests::durable_multi_table_commit_preserves_old_roots_and_ordered_prefixes ... ok
test disk_state::tests::compact::regular_large_write_and_leaf_relocation_fit_fixed_native_workspace ... ok
test disk_state::tests::every_commit_effect_recovers_one_complete_root_or_the_previous_root ... ok
test disk_state::tests::prepared_point_shape::prepared_shape_uses_same_root_table_and_owner_without_output_or_new_grants ... ok
test disk_state::tests::pressure_keeps_one_bound_and_refills_when_budget_grows ... ok
test disk_state::tests::compact::relocation_and_unknown_publication_recover_a_value_larger_than_native_workspace ... ok
test disk_state::tests::publication_cache::corrupted_publication_candidate_fences_after_durable_commit_and_reopens_new_version ... ok
test disk_state::tests::compact::density_with_long_keys_and_large_disk_values_fits_fixed_native_workspace ... ok
test disk_state::tests::publication_cache::pinned_old_root_and_replacement_remain_resident_when_the_union_fits ... ok
test disk_state::tests::publication_cache::pressured_commit_preserves_old_snapshot_and_final_batch_visibility_across_reopen ... ok
test disk_state::tests::publication_cache::publication_proof_preflight_denials_leave_cache_and_root_unchanged ... ok
test disk_state::tests::publication_cache::replacement_delete_and_repeated_put_preserve_exact_fit_without_warmup ... ok
test disk_state::tests::publication_cache::retired_lookup_preserves_returned_payload_charge_until_last_guard_drops ... ok
test disk_state::tests::publication_failures::post_publication_locator_read_failure_fences_and_reopens_the_whole_new_generation ... ok
test disk_state::tests::publication_failures::disabled_cache_skips_post_publication_proofs_and_warming ... ok
test disk_state::tests::publication_failures::post_publication_warm_read_failure_fences_and_reopens_durable_version ... ok

thread 'disk_state::tests::publication_panic_is_unknown_commit_and_reopen_selects_durable_batch' (26827814) panicked at crates/kasumi-kv/src/disk_state_tests.rs:223:9:
publication unwind
test disk_state::tests::publication_panic_is_unknown_commit_and_reopen_selects_durable_batch ... ok
test disk_state::tests::publication_failures::post_publication_workspace_denial_uses_preadmitted_proofs_and_keeps_commit_successful ... ok
test disk_state::tests::reclaim::changed_commit_cancels_scan_before_any_old_proof_can_publish ... ok
test disk_state::tests::reclaim::denial_before_scan_is_retryable_and_releases_scratch ... ok
test directory::tests::cow_maximum_keys_split_remove_pages_and_shrink_root ... ok
test disk_state::tests::reclaim::reclaim_keeps_snapshot_files_until_last_clone_and_output_charge_until_last_guard ... ok
test disk_state::tests::reclaim::restart_rejects_checksum_valid_garbage_that_contains_reachable_child_pages ... ok
test disk_state::tests::reclaim::short_lived_current_readers_do_not_starve_reclamation ... ok
test disk_state::tests::reclaim::snapshot_reservation_owner_failure_fences_later_writes_even_if_checks_recover ... ok
test disk_state::tests::recovery_uses_last_commit_position_before_a_later_abandoned_segment ... ok
test disk_state::tests::reclaim::failure_at_each_unlink_and_forget_effect_reopens_without_losing_selected_data ... ok
test disk_state::tests::warming::cold_refill_shares_relocated_snapshot_versions_when_only_one_payload_fits ... ok
test disk_state::tests::warming::compact_value_locator_does_not_expand_native_cache_identity_slots ... ok
test directory::tests::cow_mutations_and_snapshots_match_ordered_model ... ok
test disk_state::tests::warming::obsolete_relocation_alias_is_removed_without_copying_or_releasing_live_payload ... ok
test disk_state::tests::warming::independent_current_reader_churn_cannot_restart_a_stable_warm_pass ... ok
test disk_state::tests::warming::pruning_a_dead_lookup_keeps_its_returned_output_charged_until_last_guard ... ok
test disk_state::tests::warming::vanished_pin_and_reclaimed_files_reset_warm_before_any_stale_root_read ... ok
test disk_state::tests::warming_failures::cached_identity_proof_one_grant_covers_complete_owner_before_allocation ... ok
test disk_state::tests::warming_failures::cached_identity_proof_reuses_actual_owner_for_current_and_pinned_history_under_denial ... ok
test disk_state::tests::warming_failures::warm_corruption_fences_before_removing_the_unproved_identity_or_mutating_source ... ok
test disk_state::tests::warming_failures::warm_duplicate_pin_capacity_and_final_output_guard_keep_exact_charge_lifetimes ... ok
test disk_state::tests::warming_failures::warm_metadata_shrink_denial_keeps_valid_backing_and_retries_on_the_next_pass ... ok
test disk_state::tests::warming_failures::warm_proof_admission_denial_retries_the_unproved_stale_identity ... ok
test disk_state::tests::warming_failures::warm_proof_read_failure_fences_and_preserves_the_unproved_value ... ok
test disk_state::tests::warming_failures::warm_refill_and_cursor_denials_are_retryable_and_never_fence_the_owner ... ok
test group::tests::close_is_fallible_and_one_shot ... ok
test group::tests::create_is_create_only_and_never_reuses_a_durable_name ... ok
test group::tests::create_without_parent_sync_is_lost_on_restart ... ok
test group::tests::injected_sync_after_effect_persists_but_reports_failure ... ok
test group::tests::name_sync_settles_unknown_creates_and_unlinks ... ok
test group::tests::names_are_deterministic_and_have_one_spelling ... ok
test group::tests::shared_backends_stream_entries_and_do_not_replay_a_stopped_visit ... ok
test group::tests::torn_root_write_keeps_the_prefix_only ... ok
test group::tests::unlink_is_complete_only_after_parent_sync ... ok
test group::tests::unsynchronized_bytes_are_lost_or_torn_on_restart ... ok
test page_cache::tests::admitted_table_only_reader_records_page_retention_denial ... ok
test page_cache::tests::commit_warming::commit_warm_propagates_corruption_and_owner_expiry_without_installing_pages ... ok
test disk_state::tests::warming::overwrite_delete_history_is_pruned_and_pin_drop_or_budget_growth_restores_residency ... ok
test page_cache::tests::commit_warming::commit_warm_stops_before_refused_page_io_independently_of_tree_size ... ok
test page_cache::tests::every_fitting_page_stays_resident_and_append_does_not_warm ... ok
test page_cache::tests::exact_physical_identity_and_owner_scope_never_alias ... ok
test page_cache::tests::fallback_uses_existing_output_and_never_installs_bad_pages ... ok
test page_cache::tests::commit_warming::commit_warm_retains_the_complete_fitting_tree_without_policy_training ... ok
test page_cache::tests::maintenance_private_reads_reuse_hits_without_retaining_or_training_misses ... ok
test page_cache::tests::maintenance_published_reads_keep_all_fitting_pages_and_preserve_hot_pages_at_capacity ... ok
test page_cache::tests::maintenance_reads_check_identity_and_owner_on_hits_and_all_miss_paths ... ok
test page_cache::tests::maintenance_reads_preserve_existing_frequency_and_recency_rank ... ok
test page_cache::tests::owner_is_checked_on_hits_and_after_io_including_uncached_fallback ... ok
test page_cache::tests::pages_and_values_retain_full_identity_under_one_shared_limit ... ok
test page_cache::tests::private_view_checks_identity_owner_and_output_on_hits_and_raw_misses ... ok
test page_cache::tests::private_view_reuses_committed_pages_without_admitting_intermediate_roots ... ok
test page_cache::tests::publication_private_reads_mark_only_actual_hot_paths_and_never_retain_misses ... ok
test page_cache::tests::publication_private_reads_require_scope_and_recheck_owner_for_hits_and_misses ... ok
test page_cache::tests::read_into::directory_read_into_checks_owner_on_real_hits_and_never_retrains_invalid_input ... ok
test page_cache::tests::read_into::directory_read_into_preserves_backend_original_and_capacity_without_retry ... ok
test page_cache::tests::read_into::directory_read_into_rejects_corrupt_cached_identity_before_copy_or_io ... ok
test page_cache::tests::read_into::prepared_directory_read_into_refused_retention_never_requests_temporary_workspace ... ok
test disk_state::tests::reclaim::more_files_than_one_garbage_batch_are_reclaimed_with_bounded_admission ... ok
test page_cache::tests::scan_pressure_preserves_hot_pages_and_pins_survive_clear ... ok
test publication_inventory::tests::publication_inventory_borrows_exact_bytes_and_round_trips_without_allocation ... ok
test publication_inventory::tests::publication_inventory_distinguishes_tombstone_empty_value_order_and_changed_ciphertext ... ok
test publication_inventory::tests::publication_inventory_geometry_has_one_reusable_tail_slack_and_checked_native_bounds ... ok
test publication_inventory::tests::publication_inventory_rejects_limits_and_overflow_before_mutating_prior_stream ... ok

thread 'retained::source_funding::tests::account_bind_retains_original_error_or_panic_and_actual_backend_without_retry' (26827945) panicked at crates/kasumi-kv/src/source_funding_tests.rs:62:18:
Box<dyn Any>
test retained::source_funding::tests::account_bind_retains_original_error_or_panic_and_actual_backend_without_retry ... ok
test retained::source_funding::tests::actual_child_token_and_native_outer_box_deallocate_before_final_credit ... ok
test retained::source_funding::tests::child_foreign_and_repeated_claims_are_terminal_before_another_constructor ... ok

thread 'retained::source_funding::tests::each_child_bind_keeps_original_and_pending_credit_after_provider_error_or_panic' (26827948) panicked at crates/kasumi-kv/src/source_funding_tests.rs:62:18:
Box<dyn Any>

thread 'retained::source_funding::tests::each_child_bind_keeps_original_and_pending_credit_after_provider_error_or_panic' (26827948) panicked at crates/kasumi-kv/src/source_funding_tests.rs:62:18:
Box<dyn Any>

thread 'retained::source_funding::tests::each_child_bind_keeps_original_and_pending_credit_after_provider_error_or_panic' (26827948) panicked at crates/kasumi-kv/src/source_funding_tests.rs:62:18:
Box<dyn Any>
test retained::source_funding::tests::each_child_bind_keeps_original_and_pending_credit_after_provider_error_or_panic ... ok

thread 'retained::source_funding::tests::final_controller_disposal_panic_retains_original_database_and_does_not_retry' (26827949) panicked at crates/kasumi-kv/src/source_funding_tests.rs:101:13:
Box<dyn Any>
test retained::source_funding::tests::final_controller_disposal_panic_retains_original_database_and_does_not_retry ... ok
test retained::source_funding::tests::funded_corridor_rejects_ordinary_foreign_database_pool_and_repeated_account_before_children ... ok

thread 'retained::source_funding::tests::history_abort_rejects_unproved_provider_capacity_panic_and_false_success' (26827951) panicked at crates/kasumi-kv/src/source_funding_tests.rs:183:18:
Box<dyn Any>
test retained::source_funding::tests::history_abort_rejects_unproved_provider_capacity_panic_and_false_success ... ok
test retained::source_funding::tests::invalid_account_stamp_keeps_the_actual_bound_owner_and_sticky_rejection ... ok

thread 'retained::source_funding::tests::pool_bind_retains_original_error_or_panic_and_actual_backend_without_retry' (26827953) panicked at crates/kasumi-kv/src/source_funding_tests.rs:62:18:
Box<dyn Any>
test retained::source_funding::tests::pool_bind_retains_original_error_or_panic_and_actual_backend_without_retry ... ok

thread 'retained::source_funding::tests::seal_busy_poll_can_progress_but_first_poll_panic_is_retained_without_retry' (26827954) panicked at crates/kasumi-kv/src/source_funding_tests.rs:148:13:
Box<dyn Any>
test retained::source_funding::tests::seal_busy_poll_can_progress_but_first_poll_panic_is_retained_without_retry ... ok

thread 'retained::source_funding::tests::unbound_install_failure_disposes_exact_database_once_and_keeps_original' (26827955) panicked at crates/kasumi-kv/src/source_funding_tests.rs:62:18:
Box<dyn Any>
test retained::source_funding::tests::unbound_install_failure_disposes_exact_database_once_and_keeps_original ... ok
test retained::tests::entered_uncertain_native_close_is_reported_once ... ok
test retained::tests::entered_would_block_is_terminal_for_retained_and_consuming_close ... ok
test retained::tests::failed_construction_still_owns_and_closes_its_original_backend ... ok
test retained::tests::opening_waits_for_the_exact_retained_reader_before_native_close ... ok
test retained::tests::retained_index_existence_observes_exact_snapshot_and_tombstones ... ok
test retained::tests::retained_read_disposal_rechecks_a_late_snapshot_descendant ... ok
test retained::tests::retained_reader_guard_wait_is_per_snapshot_not_database_wide ... ok
test retained::tests::retained_reader_waits_for_exact_table_range_and_guards_before_restart ... ok
test retained::transaction_claim_activation_tests::transaction_claim_activation_postcommit_finish_error_is_unknown_and_reopens_new_version ... ok
test retained::transaction_claim_activation_tests::transaction_claim_activation_preparation_memory_refusal_precedes_claim_and_retries ... ok
test retained::transaction_claim_activation_tests::transaction_claim_activation_prepared_workspace_survives_postprepare_memory_pressure ... ok
test disk_state::tests::compact::compaction_effect_failures_reopen_without_changing_logical_values ... ok
test retained::transaction_claim_activation_tests::transaction_claim_activation_raw_reserve_storage_full_is_not_capacity_and_retains_original ... ok
test retained::transaction_claim_activation_tests::transaction_claim_activation_raw_write_storage_full_keeps_entered_claim_and_original ... ok
test retained::transaction_claim_activation_tests::transaction_claim_activation_success_settles_once_after_durable_selection_and_preserves_snapshot ... ok
test root::directory::tests::adjacent_slots_cannot_regress_directory_state_or_allocations ... ok
test retained::transaction_claim_activation_tests::transaction_claim_activation_typed_refusal_is_pristine_settled_and_retryable ... ok
test root::directory::tests::decoded_directory_garbage_is_structural_and_still_needs_runtime_proof ... ok
test root::directory::tests::directory_anchor_is_a_representable_commit_boundary ... ok
test root::directory::tests::directory_garbage_uses_existing_mirrored_unlink_and_forget_protocol ... ok
test root::directory::tests::directory_intents_are_never_reused_or_mistaken_for_orphans ... ok
test root::directory::tests::directory_publication_faults_select_one_complete_commit ... ok
test root::directory::tests::directory_publication_rejects_wrong_scope_versions_and_unconfirmed_arenas ... ok
test root::directory::tests::directory_retirement_accepts_only_proven_sealed_pre_anchor_files ... ok
test root::directory::tests::directory_retirement_batch_is_atomic_bounded_and_unique ... ok
test root::directory::tests::directory_retirement_rejects_stale_commit_or_publication_proof ... ok
test root::directory::tests::directory_root_and_anchor_round_trip_together ... ok
test root::space_tests::transaction_space_root_rejects_caller_supplied_truncated_native_minima ... ok
test root::space_tests::transaction_space_root_sequence_can_skip_aborted_attempts_but_not_committed_identity ... ok
test root::space_tests::transaction_space_root_validation_uses_canonical_selection_and_exact_generation ... ok
test root::tests::census_fails_closed_on_entries_that_are_not_group_files ... ok
test root::tests::census_preserves_callback_error_only_when_its_sentinel_returns ... ok
test root::tests::checksum_valid_field_changes_fail_closed ... ok
test root::tests::empty_initialization_is_mirrored_and_cannot_run_twice ... ok
test root::directory::tests::checksum_valid_directory_fields_must_be_canonical ... ok
test root::tests::garbage_leaves_the_root_only_after_a_confirmed_unlink ... ok
test root::tests::garbage_unlink_follows_only_the_mirrored_selected_root ... ok
test root::tests::identifier_ceiling_roots_fail_closed_without_overflow ... ok
test root::tests::intents_and_census_follow_the_root ... ok
test root::tests::legacy_single_file_header_is_rejected ... ok
test root::tests::non_successor_publication_has_no_effect ... ok
test root::tests::full_garbage_list_is_a_recoverable_denial ... ok
test root::tests::publication_from_an_unmirrored_selection_keeps_one_intact_copy ... ok
test root::tests::publication_mirrors_and_selects_the_newest_generation ... ok
test root::tests::publication_refuses_a_predecessor_the_slots_do_not_select ... ok
test root::tests::publication_refuses_dropped_garbage_and_regressed_state ... ok
test root::tests::retired_root_is_never_treated_as_a_torn_or_missing_publication ... ok
test root::tests::retired_root_slots_are_rejected_even_beside_current_root ... ok
test root::tests::retirement_needs_a_checkpoint_that_no_longer_uses_the_segment ... ok
test root::tests::selection_after_a_restart_without_power_loss_survives_power_loss ... ok
test root::tests::slot_pairs_must_be_one_group_and_adjacent_publications ... ok
test root::tests::superblock_round_trips_every_field ... ok
test root::tests::torn_first_publication_is_an_empty_group_that_owns_no_files ... ok
test root::tests::torn_mirror_keeps_the_new_root_and_repair_restores_both_slots ... ok
test root::tests::torn_publication_selects_the_previous_root ... ok
test root::tests::unmirrored_new_root_beside_the_previous_generation_is_selected ... ok
test segment::locator::tests::cached_locator_accepts_put_at_segment_start_with_empty_key_and_value ... ok
test segment::locator::tests::cached_locator_checks_group_record_position_and_stored_checksums ... ok
test segment::locator::tests::cached_locator_ignores_checksum_valid_fake_header_in_previous_payload ... ok
test segment::locator::tests::cached_locator_put_with_long_suffix_checks_both_fixed_positions_without_scanning_key_magic ... ok
test disk_state::tests::reopen_and_reads_do_not_rebuild_a_resident_map_for_data_above_admitted_memory ... ok
test segment::locator::tests::cached_locator_rejects_bad_cached_payload_and_invalid_lengths_before_io ... ok
test segment::locator::tests::cached_locator_rejects_checksum_valid_noncanonical_envelopes ... ok
test segment::locator::tests::cached_locator_recovers_maximum_suffix_and_large_relocated_value_with_one_bounded_read ... ok
test segment::locator::tests::cached_locator_rejects_truncated_or_oversized_segment_and_preserves_io_failure ... ok
test segment::maintenance::tests::a_bad_later_source_is_detected_before_any_batch_append ... ok
test segment::maintenance::tests::a_cross_segment_batch_aborts_with_its_exact_count_and_can_retry ... ok
test segment::maintenance::tests::abort_binds_synced_normal_and_maintenance_bytes_to_the_prepared_digest ... ok
test segment::maintenance::tests::abort_rejects_fewer_records_wrong_batch_or_a_publication_at_the_exact_end ... ok
test segment::maintenance::tests::a_leaf_batch_crosses_segments_but_publishes_one_root_and_preserves_every_version ... ok
test segment::maintenance::tests::checksum_valid_maintenance_metadata_must_be_canonical ... ok
test segment::maintenance::tests::complete_metadata_preflight_rejects_late_invalid_inputs_without_effects ... ok
test segment::maintenance::tests::corrupt_source_fences_without_appending_or_erasing_evidence ... ok
test segment::maintenance::tests::directory_only_batches_bind_an_exact_root_without_a_logical_write ... ok
test segment::maintenance::tests::force_roll_effect_failures_fence_and_reopen_preserves_prior_commit ... ok
test segment::maintenance::tests::force_roll_keeps_capacity_and_cannot_interrupt_a_prepared_batch ... ok
test segment::maintenance::tests::maintenance_count_and_encoded_bytes_have_exact_preflight_bounds ... ok
test segment::maintenance::tests::maintenance_prepare_and_commit_faults_reopen_at_a_complete_boundary ... ok
test segment::maintenance::tests::ordinary_abort_rejects_noncanonical_or_extra_records_without_erasing_evidence ... ok
test root::tests::one_damaged_slot_never_rolls_back_and_two_fail_closed ... ok
test segment::maintenance::tests::prior_segment_format_is_rejected_without_conversion ... ok
test disk_state::tests::compact::foreground_changes_restart_only_density_before_a_clean_completion ... ok
test segment::maintenance::tests::relocation_preserves_original_logical_version_and_source_bytes ... ok
test segment::maintenance::tests::replay_rejects_maintenance_user_mixes_and_repeated_directory_markers ... ok
test segment::maintenance::tests::relocation_and_abort_stream_long_values_through_fixed_windows ... ok
test segment::maintenance::tests::root_only_replay_enforces_maintenance_and_exact_abort_count_caps ... ok
test segment::maintenance::tests::root_only_replay_rejects_bad_value_bytes_and_operation_counts ... ok
test segment::maintenance::tests::source_change_during_copy_cannot_produce_a_prepared_commit ... ok
test segment::publication::tests::streamed_publication_canonical_commit_refuses_wrong_actual_location_count ... ok

thread 'segment::publication::tests::streamed_publication_effectful_source_failure_and_panic_retain_original_and_fence' (26828049) panicked at crates/kasumi-kv/src/segment_publication_tests.rs:88:17:
Box<dyn Any>
test segment::publication::tests::streamed_publication_effectful_source_failure_and_panic_retain_original_and_fence ... ok
test segment::publication::tests::streamed_publication_refuses_changed_preflight_without_native_effects ... ok
test segment::publication::tests::streamed_publication_uses_same_codec_and_reuses_actual_workspace_without_admission ... ok
test segment::space::tests::planned_segment_lengths_equal_actual_operations_and_terminal_records ... ok
test segment::maintenance::tests::batched_copy_and_publication_faults_recover_only_complete_batches ... ok
test segment::space::tests::segment_plan_covers_exact_fit_and_terminal_only_rolls_without_padding_charge ... ok
test segment::space::tests::segment_plan_refuses_uncertain_state_and_id_exhaustion_without_mutation ... ok
test segment::tests::batch_spans_segments_and_is_visible_only_after_commit ... ok
test segment::space::tests::publication_inventory_segment_geometry_covers_actual_commits_with_intervening_writes ... ok
test segment::tests::checksum_valid_field_changes_fail_closed ... ok
test segment::tests::commit_image_without_a_pending_batch_fails_closed ... ok
test segment::tests::commit_root_is_bound_to_preparation_and_chain ... ok
test segment::tests::damage_before_a_durable_commit_fails_closed ... ok
test segment::tests::batches_round_trip_through_replay ... ok
test segment::tests::damaged_commit_followed_by_the_next_batch_fails_closed ... ok
test segment::tests::damage_reaching_a_written_commit_is_never_a_torn_tail ... ok
test segment::tests::directory_anchor_must_match_exact_preceding_commit ... ok
test segment::tests::directory_preparation_proves_prior_operations_were_synchronized ... ok
test segment::tests::directory_preparation_failures_are_known_uncommitted ... ok
test segment::tests::failed_commit_sync_is_unknown_until_reopen_decides ... ok
test segment::tests::failed_commit_write_is_unknown_and_reopen_hides_the_batch ... ok
test segment::tests::failed_name_sync_fences_the_take_over_before_confirming ... ok
test segment::tests::failed_record_write_is_a_known_rollback ... ok
test segment::tests::finish_rejects_wrong_incarnation_or_generation_before_commit ... ok
test segment::tests::intent_file_must_be_a_prefix_of_its_own_header ... ok
test segment::tests::interrupted_segment_creation_is_finished_under_its_intent ... ok
test segment::tests::interrupted_tail_discard_completes_on_retry ... ok
test segment::tests::invalid_batches_are_rejected_before_any_effect ... ok
test segment::tests::known_private_failure_can_abort_and_resume_without_reusing_batch_sequence ... ok
test segment::tests::every_flipped_byte_of_a_sealed_segment_fails_closed ... ok
test segment::tests::newest_segment_damage_is_torn_only_as_an_interrupted_final_commit ... ok
test segment::tests::operation_prepare_is_private_until_full_directory_root_commits ... ok
test segment::tests::outstanding_intent_seals_the_newest_segment_after_reopen ... ok
test segment::tests::prepared_workspace_covers_exact_locations_and_streams_maximum_keys ... ok
test disk_state::tests::publication_cache::changed_separator_tracks_redirected_path_and_root_collapse_without_warmup ... ok
test segment::tests::present_file_at_a_new_segment_identifier_fails_the_roll_untouched ... ok
test segment::tests::record_images_inside_a_value_never_count_as_records ... ok
test segment::tests::prepared_workspace_depends_on_location_count_not_borrowed_value_size ... ok
test segment::tests::replay_keeps_exact_committed_directory_boundary_before_a_later_roll ... ok
test segment::tests::replay_start_must_lie_inside_the_log ... ok
test segment::tests::restart_without_power_loss_keeps_an_unsynchronized_intent_file ... ok
test segment::tests::retired_segment_format_is_rejected_without_fallback ... ok
test segment::tests::restart_without_power_loss_keeps_what_replay_served ... ok
test segment::tests::segment_header_substitution_and_legacy_images_fail_closed ... ok
test segment::tests::sequence_and_identifier_ceilings_never_overflow ... ok
test segment::tests::stale_prepared_abort_never_truncates_a_changed_tail ... ok
test segment::tests::sealed_segment_truncated_at_a_record_boundary_fails_closed ... ok
test segment::tests::stale_tail_discard_never_removes_a_later_batch ... ok
test segment::tests::take_over_makes_an_unsynchronized_name_durable_before_confirming ... ok
test segment::tests::torn_commit_record_leaves_the_batch_invisible ... ok
test segment::tests::torn_tail_is_discarded_and_appends_resume ... ok
test segment::tests::unconfirmed_segment_with_records_or_missing_segments_fail_closed ... ok
test snapshot_pins::allocation_tests::native_capture_vector_and_lease_box_deallocate_before_credit ... ok
test snapshot_pins::allocation_tests::native_protected_pin_concurrent_final_aliases_deallocate_before_credit ... ok
test snapshot_pins::allocation_tests::native_registry_arc_slots_and_lease_box_deallocate_before_credit ... ok
test snapshot_pins::allocation_tests::native_rights_arc_and_lease_box_deallocate_before_credit ... ok
test snapshot_pins::allocation_tests::native_uninstalled_pin_cancel_deallocates_actual_prepared_arc_and_lease_box ... ok
test snapshot_pins::allocation_tests::publication_capture_refresh_includes_new_pins_without_allocating_or_admitting ... ok
test segment::tests::writer_staging_retains_only_the_fixed_admitted_window ... ok
test snapshot_pins::rights::tests::corrupt_pending_ticket_cancel_retains_borrowed_owner_and_never_refunds_mismatched_capacity ... ok
test snapshot_pins::rights::tests::equal_group_foreign_rights_tickets_and_history_are_rejected_without_consuming_originals ... ok
test snapshot_pins::rights::tests::history_swap_moves_lane_not_original_pin_or_root_and_retirement_does_not_recreate_a_third_right ... ok
test snapshot_pins::rights::tests::multiple_sources_and_history_saturation_never_borrow_each_others_lanes ... ok
test snapshot_pins::rights::tests::pristine_ticket_and_history_cancel_preserve_roots_and_release_only_their_capacity ... ok
test snapshot_pins::rights::tests::protected_capacity_survives_ordinary_saturation_and_install_uses_no_admission_or_allocation ... ok
test snapshot_pins::rights::tests::right_owner_drop_keeps_pending_and_pinned_rights_until_last_actual_owner ... ok

thread 'snapshot_pins::rights::tests::serial_exhaustion_refuses_before_capacity_changes_and_prepared_cancel_survives_poison' (26828128) panicked at crates/kasumi-kv/src/snapshot_pin_rights_tests.rs:285:9:
poison prepared pin registry
test snapshot_pins::rights::tests::serial_exhaustion_refuses_before_capacity_changes_and_prepared_cancel_survives_poison ... ok
test snapshot_pins::tests::backing_is_admitted_before_allocation_and_constructor_failures_release_it ... ok
test snapshot_pins::tests::captures_deduplicate_roots_with_fixed_backing_and_reject_epoch_changes ... ok
test snapshot_pins::tests::charges_follow_pin_and_capture_lifetimes_after_registry_handle_is_dropped ... ok
test snapshot_pins::tests::clones_share_the_slot_charge_and_epoch_until_the_last_clone_drops ... ok
test snapshot_pins::tests::coverage_rejects_an_uncaptured_historical_root_and_recovers_after_its_drop ... ok
test snapshot_pins::tests::coverage_requires_exact_registry_identity_and_current_root_group ... ok
test snapshot_pins::tests::coverage_survives_current_root_pin_churn_without_reserving_memory ... ok
test snapshot_pins::tests::coverage_survives_retirement_of_captured_roots ... ok
test snapshot_pins::tests::epoch_exhaustion_fails_closed_without_wraparound_or_retained_pin_charge ... ok
test snapshot_pins::tests::equal_group_ids_do_not_authorize_foreign_pins_or_captures ... ok
test snapshot_pins::tests::owner_expiration_is_latched_but_drops_still_release_every_charge ... ok
test snapshot_pins::tests::owner_failure_during_reservation_never_publishes_a_pin ... ok
test snapshot_pins::tests::pin_and_capture_admission_denials_are_retryable_and_leave_no_slot_or_charge ... ok

thread 'snapshot_pins::tests::poisoned_registry_fails_closed_and_final_pin_drop_still_reclaims_its_slot' (26828167) panicked at crates/kasumi-kv/src/snapshot_pins.rs:1136:13:
poison registry
test snapshot_pins::tests::poisoned_registry_fails_closed_and_final_pin_drop_still_reclaims_its_slot ... ok
test snapshot_pins::tests::visitation_callbacks_can_change_pins_without_reentering_the_lock ... ok
test snapshot_pins::rights::tests::ordinary_acquisition_and_history_hold_race_for_only_the_unprotected_capacity ... ok
test tables::read_fork_tests::retained_acquisition_capacity_witness_follows_actual_backing_and_pin_refunds ... ok
test tables::read_fork_tests::retained_acquisition_full_native_pin_registry_refunds_both_provisional_grants ... ok

thread 'tables::read_fork_tests::retained_acquisition_provisional_backing_drop_panic_cannot_mint_clean_witness' (26828205) panicked at crates/kasumi-kv/src/read_fork_tests.rs:185:13:
Box<dyn Any>
test tables::read_fork_tests::retained_acquisition_provisional_backing_drop_panic_cannot_mint_clean_witness ... ok

thread 'tables::read_fork_tests::retained_reader_disposal_panic_preserves_unknown_even_after_transaction_is_absent' (26828206) panicked at crates/kasumi-kv/src/read_fork_tests.rs:185:13:
Box<dyn Any>
test tables::read_fork_tests::retained_reader_disposal_panic_preserves_unknown_even_after_transaction_is_absent ... ok
test tables::read_fork_tests::selected_snapshot_backing_concurrent_final_aliases_retire_one_actual_arc ... ok
test tables::read_fork_tests::selected_snapshot_fork_byte_and_slot_refusal_leave_parent_and_counts_unchanged ... ok
test tables::read_fork_tests::selected_snapshot_backing_retires_after_last_descendant_and_before_refund ... ok
test tables::read_fork_tests::selected_snapshot_fork_close_orders_wait_only_for_own_table_range_and_value ... ok
test tables::read_fork_tests::selected_snapshot_fork_owner_failure_after_admission_retires_private_clone ... ok
test tables::read_fork_tests::selected_snapshot_fork_racing_database_seal_rolls_back_admitted_child ... ok
test tables::read_fork_tests::selected_snapshot_normal_captures_preclaim_and_rollback_before_pin_creation ... ok
test tables::read_fork_tests::selected_snapshot_retained_fork_starts_open_and_preserves_owner_failure ... ok
test tables::read_fork_tests::source_quote_constructor_requests_are_pure_and_match_actual_native_capture ... ok
test tables::read_fork_tests::source_reads::committed_empty_writer_is_a_live_owner_until_its_success_guard_retires ... ok
test tables::read_fork_tests::selected_snapshot_fork_keeps_old_root_after_update_delete_and_parent_drop ... ok
test tables::read_fork_tests::source_reads::held_writer_commit_capacity_refusal_mints_no_guard_and_releases_actual_writer ... ok
test tables::read_fork_tests::source_reads::source_actual_backing_and_pin_refusals_retain_original_until_explicit_clean_disposal ... ok

thread 'tables::read_fork_tests::source_reads::source_cancelled_and_captured_request_keep_final_native_failure_and_database' (26828226) panicked at crates/kasumi-kv/src/snapshot_pins.rs:188:17:
final release registry poison

thread 'tables::read_fork_tests::source_reads::source_cancelled_and_captured_request_keep_final_native_failure_and_database' (26828226) panicked at crates/kasumi-kv/src/snapshot_pins.rs:188:17:
final release registry poison
test tables::read_fork_tests::source_reads::source_cancelled_and_captured_request_keep_final_native_failure_and_database ... ok
test tables::read_fork_tests::source_reads::source_closing_ready_reader_cannot_later_be_taken_as_open ... ok

thread 'tables::read_fork_tests::source_reads::source_final_rights_mismatch_or_poison_retains_payload_and_database_after_arc_retirement' (26828228) panicked at crates/kasumi-kv/src/snapshot_pin_retained.rs:37:13:
test registry poison
test tables::read_fork_tests::source_reads::source_final_rights_mismatch_or_poison_retains_payload_and_database_after_arc_retirement ... ok
test tables::read_fork_tests::source_reads::source_foreign_database_and_rights_with_same_group_do_not_consume_original_ticket ... ok

thread 'tables::read_fork_tests::source_reads::source_history_exchange_stays_committed_when_final_pin_disposal_panics' (26828230) panicked at crates/kasumi-kv/src/read_fork_tests.rs:185:13:
Box<dyn Any>
test tables::read_fork_tests::source_reads::source_history_exchange_stays_committed_when_final_pin_disposal_panics ... ok

thread 'tables::read_fork_tests::source_reads::source_history_final_native_failure_preserves_committed_exchange_and_database' (26828231) panicked at crates/kasumi-kv/src/snapshot_pins.rs:188:17:
final release registry poison
test tables::read_fork_tests::source_reads::source_history_final_native_failure_preserves_committed_exchange_and_database ... ok
test tables::read_fork_tests::source_reads::source_history_owner_keeps_database_alive_after_original_reader_and_rights_facade_retire ... ok
test tables::read_fork_tests::source_reads::source_idle_rights_and_queued_prepared_owners_block_actual_database_close ... ok

thread 'tables::read_fork_tests::source_reads::source_postcapture_error_and_panic_keep_actual_reader_and_original_observation' (26828234) panicked at crates/kasumi-kv/src/source_read_tests.rs:125:13:
Box<dyn Any>
test tables::read_fork_tests::source_reads::source_postcapture_error_and_panic_keep_actual_reader_and_original_observation ... ok
test tables::read_fork_tests::source_reads::committed_writer_holds_exact_root_through_preowned_capture_without_new_grants ... ok

thread 'tables::read_fork_tests::source_reads::source_preparation_error_survives_cleanup_panic_and_keeps_close_alias' (26828236) panicked at crates/kasumi-kv/src/read_fork_tests.rs:185:13:
Box<dyn Any>
test tables::read_fork_tests::source_reads::source_preparation_error_survives_cleanup_panic_and_keeps_close_alias ... ok
test tables::read_fork_tests::source_reads::source_preparation_captures_actual_later_commit_without_new_admission_or_allocation ... ok
test tables::read_fork_tests::source_reads::source_prepare_capture_cancel_and_disposal_callbacks_observe_unlocked_native_gates ... ok
test tables::read_fork_tests::source_reads::source_prepared_backing_system_deallocation_precedes_its_actual_refund ... ok
test tables::read_fork_tests::source_reads::source_protected_capture_survives_full_ordinary_registry_and_history_reuses_moved_lane ... ok
test tables::read_fork_tests::source_reads::source_repeated_and_conflicting_transitions_never_reenter_or_transfer_twice ... ok

thread 'tables::read_fork_tests::source_reads::source_rights_positive_lane_retirement_survives_lease_disposal_panic_as_separate_observation' (26828241) panicked at crates/kasumi-kv/src/read_fork_tests.rs:185:13:
Box<dyn Any>
test tables::read_fork_tests::source_reads::source_rights_positive_lane_retirement_survives_lease_disposal_panic_as_separate_observation ... ok
test tables::read_fork_tests::source_reads::source_unknown_ticket_cancellation_and_rights_retirement_never_acknowledge_drop ... ok

thread 'tables::read_fork_tests::source_reads::source_transferred_reader_and_fork_retain_final_native_mismatch_or_poison' (26828242) panicked at crates/kasumi-kv/src/snapshot_pins.rs:188:17:
final release registry poison

thread 'tables::read_fork_tests::source_reads::source_transferred_reader_and_fork_retain_final_native_mismatch_or_poison' (26828242) panicked at crates/kasumi-kv/src/snapshot_pins.rs:188:17:
final release registry poison
test tables::read_fork_tests::source_reads::source_transferred_reader_and_fork_retain_final_native_mismatch_or_poison ... ok
test tables::record_publication::tests::prepared_record_publication_entered_source_error_retains_original_and_refuses_cancel ... ok
test tables::record_publication::tests::prepared_record_publication_failed_prepare_retains_unknown_without_generation ... ok
test tables::record_publication::tests::prepared_record_publication_failed_slice_retains_original_writer_before_private_log ... ok
test tables::record_publication::tests::prepared_record_publication_batches_same_leaf_with_fixed_key_backing ... ok
test tables::record_publication::tests::prepared_record_publication_keeps_all_fitting_rows_hot ... ok
test tables::record_publication::tests::prepared_record_publication_pristine_refusal_and_sealed_cancel_keep_exact_owner ... ok
test tables::record_publication::tests::prepared_record_publication_rejects_foreign_table_before_native_slice ... ok
test tables::record_publication::tests::prepared_record_publication_preserves_repeated_and_descending_key_order ... ok
test tables::record_publication::tests::prepared_record_publication_reuses_native_workspace_and_original_writer_after_vote ... ok
test tables::tests::closing_wakes_a_writer_waiting_behind_an_active_writer ... ok
test tables::tests::cache_table_writes_retire_only_their_own_snapshot_before_replacement ... ok
test tables::tests::key_only_delete_denied_pre_effect_does_not_stage_a_tombstone ... ok
test directory::tests::splitting::cow_transaction_page_bound_covers_old_unary_paths_and_root_regrowth ... ok
test tables::tests::key_only_delete_validates_key_and_obeys_staged_order ... ok
test segment::maintenance::tests::ordinary_large_and_cross_segment_batches_abort_with_fixed_read_windows ... ok
test tables::tests::prepared_table_validation_preserves_types_snapshot_and_owner_under_denial ... ok
test tables::tests::range_sees_sorted_overlay_and_abort_discards_it ... ok
test tables::tests::reader_keeps_prior_committed_values_while_writer_publishes_new_generation ... ok
test tables::tests::key_only_delete_crash_replay_is_atomic_after_sync_failure ... ok
test tables::tests::prepared_points_reuse_backing_under_total_workspace_refusal_and_bind_exact_owner ... ok
test tables::tests::retain_prefix_handles_empty_and_all_ff_prefixes ... ok
test tables::tests::sealed_facade_rejects_cache_work_while_native_reader_is_live ... ok
test tables::tests::staged_table_reads_and_open_fail_after_owner_failure ... ok
test tables::tests::table_reads_reject_oversized_keys_before_encoding ... ok
test tables::tests::table_type_and_rows_survive_reopen ... ok
test tables::tests::unproved_consuming_close_never_drops_its_backend_implicitly ... ok
test tables::tests::retain_prefix_merges_staged_values_tombstones_and_inserts ... ok
test page_cache::tests::read_into::prepared_directory_read_into_retains_all_fitting_pages_across_repeated_passes ... ok
test tables::tests::key_only_delete_needs_no_old_value_headroom_and_preserves_pinned_reader ... ok
test tables::tests::retain_prefix_does_not_read_large_committed_or_staged_neighbors ... ok
evacuation_leaf_batch rows=1200 height=2 leaves=7 commits=7 directory_pages_written=14 prior_per_record_path_pages=2402 copied_value_bytes=4800
test segment::maintenance::tests::root_only_replay_checks_every_operation_without_retaining_key_records ... ok
test disk_state::tests::fitting_writes_are_immediately_resident_and_reopen_warms_without_misses ... ok
test disk_state::tests::compact::foreground_changes_around_compaction_cursor_never_reintroduce_old_files ... ok
test page_cache::tests::fitting_directory_repeats_without_page_io_and_checks_snapshot_headers ... ok
test disk_state::tests::compact::density_edges::foreground_root_collapse_reselects_density_without_repeating_evacuation ... ok
test disk_state::tests::compact::density_packs_sparse_internal_levels_and_preserves_pinned_versions ... ok
test disk_state::tests::compact::density_edges::deleting_the_exact_pending_density_row_reselects_its_successor ... ok
test segment::tests::largest_value_is_one_record_in_one_segment ... ok
test disk_state::tests::compact::density_admission_denial_keeps_the_cursor_retryable_and_releases_workspace ... ok
density rows=1200 old_live_pages=8 new_live_pages=5 commits=6 directory_pages_written=15
test disk_state::tests::compact::evacuation_batches_write_one_path_per_leaf_and_density_packs_the_result ... ok
test disk_state::tests::compact::density_publication_effect_failures_reopen_at_an_unchanged_logical_snapshot ... ok

test result: ok. 575 passed; 0 failed; 0 ignored; 0 measured; 0 filtered out; finished in 6.30s

Runner: 6.34s; exit=0; matching=1614/1614
