   Compiling kasumi-engine v0.1.0 (/Users/takemiyamakoto/dev/kasumi/crates/kasumi-engine)
warning: variant `Mutation` is never constructed
  --> crates/kasumi-engine/src/security_audit_jobs.rs:26:5
   |
24 | enum JobEffect {
   |      --------- variant in this enum
25 |     Read,
26 |     Mutation(&'static str),
   |     ^^^^^^^^
   |
   = note: `JobEffect` has a derived impl for the trait `Clone`, but this is intentionally ignored during dead code analysis
   = note: `#[warn(dead_code)]` (part of `#[warn(unused)]`) on by default

warning: struct `ReadPause` is never constructed
  --> crates/kasumi-engine/src/security_audit_jobs.rs:57:19
   |
57 | pub(super) struct ReadPause {
   |                   ^^^^^^^^^

warning: method `run_mutation` is never used
   --> crates/kasumi-engine/src/security_audit_jobs.rs:120:25
    |
 62 | impl SecurityAudit {
    | ------------------ method in this implementation
...
120 |     pub(super) async fn run_mutation<T, F, R>(&self, component: &'static str, run: R) -> Result<T>
    |                         ^^^^^^^^^^^^

warning: `kasumi-engine` (lib) generated 3 warnings
warning: field `panic` is never read
  --> crates/kasumi-engine/src/security_audit_jobs.rs:52:9
   |
48 | pub(super) struct RecordFault {
   |                   ----------- field in this struct
...
52 |     pub panic: bool,
   |         ^^^^^

warning: `kasumi-engine` (lib test) generated 4 warnings (3 duplicates)
    Finished `test` profile [unoptimized + debuginfo] target(s) in 3m 15s
     Running unittests src/lib.rs (target/disk-backed-cache/debug/deps/kasumi_engine-3656345440c90b6a)

running 2 tests
test state::snapshot_validation::tests::archive_free_relocation_preserves_verified_image_and_admission ... ok
test state::snapshot_validation::tests::archive_free_relocation_propagates_callbacks_and_releases_proof ... ok

test result: ok. 2 passed; 0 failed; 0 ignored; 0 measured; 367 filtered out; finished in 27.78s

     Running tests/schema_activation.rs (target/disk-backed-cache/debug/deps/schema_activation-818029a802236aa6)

running 1 test
test encrypted_restart_and_full_restore_preserve_permanent_activation_receipts ... FAILED

failures:

---- encrypted_restart_and_full_restore_preserve_permanent_activation_receipts stdout ----

thread 'encrypted_restart_and_full_restore_preserve_permanent_activation_receipts' (7582959) panicked at crates/kasumi-engine/tests/schema_activation.rs:1556:6:
called `Result::unwrap()` on an `Err` value: backup verification deadline expired
note: run with `RUST_BACKTRACE=1` environment variable to display a backtrace


failures:
    encrypted_restart_and_full_restore_preserve_permanent_activation_receipts

test result: FAILED. 0 passed; 1 failed; 0 ignored; 0 measured; 17 filtered out; finished in 456.40s

error: test failed, to rerun pass `-p kasumi-engine --test schema_activation`
