    Checking smallvec v1.16.0
    Checking serde_json v1.0.151 (/Users/takemiyamakoto/dev/kasumi/vendor/serde_json-1.0.151)
    Checking zerofrom v0.1.8
   Compiling rustls v0.23.43
   Compiling rustix v1.1.4
   Compiling munge v0.4.7
   Compiling rayon v1.12.0
   Compiling strum v0.28.0
    Checking time v0.3.55
    Checking form_urlencoded v1.2.2
    Checking errno v0.3.14
    Checking futures-core v0.3.34
    Checking slab v0.4.12
    Checking yoke v0.8.3
    Checking parking_lot_core v0.9.12
    Checking rkyv v0.8.18
    Checking futures-util v0.3.34
    Checking parking_lot v0.12.5
    Checking zerovec v0.11.8
    Checking zerotrie v0.2.5
    Checking tantivy-query-grammar v0.26.0
    Checking jsonschema-value v0.52.1
    Checking referencing v0.52.1
    Checking tinystr v0.8.4
    Checking potential_utf v0.1.6
   Compiling xattr v1.6.1
    Checking tempfile v3.27.0
    Checking fs4 v0.13.1
    Checking icu_collections v2.3.0
    Checking icu_locale_core v2.3.0
   Compiling tar v0.4.46
    Checking jsonschema v0.52.1
    Checking tantivy-common v0.11.0
    Checking icu_provider v2.3.1
    Checking tantivy-stacker v0.7.0
    Checking tantivy-sstable v0.7.0
    Checking lindera-dictionary v5.3.0
    Checking icu_properties v2.3.0
    Checking icu_normalizer v2.3.0
    Checking tantivy-columnar v0.7.0
   Compiling ureq v3.4.0
    Checking idna_adapter v1.2.2
    Checking tantivy v0.26.1
    Checking idna v1.1.0
    Checking url v2.5.8
    Checking kasumi-types v0.1.0 (/Users/takemiyamakoto/dev/kasumi/crates/kasumi-types)
   Compiling lindera-ipadic v5.3.0
    Checking lindera v5.3.0
    Checking lindera-analysis v5.3.0
    Checking lindera-tantivy v5.0.1
    Checking kasumi-query v0.1.0 (/Users/takemiyamakoto/dev/kasumi/crates/kasumi-query)
    Finished `dev` profile [unoptimized + debuginfo] target(s) in 1m 00s
