Diff in /Users/takemiyamakoto/dev/kasumi/crates/kasumi-raft/src/storage/apply_publication_tests.rs:358:
         .original()
         .downcast_ref::<crate::apply_publication::ApplyPublicationFailure>()
         .context("combined publication and panic failure absent")?;
-    assert!(original
-        .publication
-        .as_ref()
-        .unwrap()
-        .to_string()
-        .contains("metadata publication"));
+    assert!(
+        original
+            .publication
+            .as_ref()
+            .unwrap()
+            .to_string()
+            .contains("metadata publication")
+    );
     let panic = original
         .backend
         .as_ref()
Diff in /Users/takemiyamakoto/dev/kasumi/crates/kasumi-raft/src/storage/snapshot_custody_tests.rs:158:
         SnapshotEnvelope::decode(image.disk(), &mut image.reader(), 64 << 20)?
     };
     assert_eq!(recaptured.backend.sha256(), reencoded.backend.sha256());
-    assert!(ControlLog::open(domains.custody().clone(), 1, group())?
-        .retirement_seed(1)?
-        .is_some());
+    assert!(
+        ControlLog::open(domains.custody().clone(), 1, group())?
+            .retirement_seed(1)?
+            .is_some()
+    );
     Ok(())
 }
 
Diff in /Users/takemiyamakoto/dev/kasumi/crates/kasumi-raft/src/storage/snapshot_custody_tests.rs:204:
         // Neither a newly captured image nor incoming matching metadata can
         // replace the custody identity already published at this exact position.
         *backend.0.lock().unwrap() = Some(state);
-        assert!(machine
-            .get_snapshot_builder()
-            .await
-            .build_snapshot()
-            .await
-            .is_err());
+        assert!(
+            machine
+                .get_snapshot_builder()
+                .await
+                .build_snapshot()
+                .await
+                .is_err()
+        );
         // Reopen a healthy adapter so installation is rejected by its own
         // identity check, not the earlier builder's failure fence.
         drop(machine);
Diff in /Users/takemiyamakoto/dev/kasumi/crates/kasumi-raft/src/storage/snapshot_custody_tests.rs:219:
             crate::SnapshotBufferOwner::fixture(),
         )
         .await?;
-        assert!(machine
-            .install_snapshot(
-                &changed.meta,
-                crate::snapshot_codec::unvalidated_snapshot(&changed, &original, 1 << 20)?.snapshot
-            )
-            .await
-            .is_err());
+        assert!(
+            machine
+                .install_snapshot(
+                    &changed.meta,
+                    crate::snapshot_codec::unvalidated_snapshot(&changed, &original, 1 << 20)?
+                        .snapshot
+                )
+                .await
+                .is_err()
+        );
         let persisted = load_snapshot(domains.application(), 1 << 20)?.unwrap();
         assert_eq!(persisted.meta, original.meta);
         validate_snapshot_coverage(&domains, &persisted, 1 << 20)?;
Diff in /Users/takemiyamakoto/dev/kasumi/crates/kasumi-raft/src/storage/snapshot_custody_tests.rs:234:
 }
 
 #[tokio::test]
-async fn retired_snapshot_installs_without_original_log_and_recovers_with_only_custody_key(
-) -> Result<()> {
+async fn retired_snapshot_installs_without_original_log_and_recovers_with_only_custody_key()
+-> Result<()> {
     let disk_memory = kasumi_store::test_utils::TestDiskMemory::new(256 << 20, 4096);
     let scratch_directory = kasumi_store::test_utils::private_tempdir().unwrap();
     let fixture_scratch = kasumi_store::ScratchDisk::fixture(scratch_directory.path(), disk_memory);
Diff in /Users/takemiyamakoto/dev/kasumi/crates/kasumi-raft/src/storage/snapshot_custody_tests.rs:303:
 }
 
 #[tokio::test]
-async fn snapshot_rejects_missing_substituted_stale_and_payload_custody_before_publication(
-) -> Result<()> {
+async fn snapshot_rejects_missing_substituted_stale_and_payload_custody_before_publication()
+-> Result<()> {
     let disk_memory = kasumi_store::test_utils::TestDiskMemory::new(256 << 20, 4096);
     let scratch_directory = kasumi_store::test_utils::private_tempdir().unwrap();
     let fixture_scratch = kasumi_store::ScratchDisk::fixture(scratch_directory.path(), disk_memory);
Diff in /Users/takemiyamakoto/dev/kasumi/crates/kasumi-raft/src/storage/snapshot_custody_tests.rs:376:
 }
 
 #[tokio::test]
-async fn accepted_snapshot_supersedes_uncommitted_candidate_and_survives_late_truncation(
-) -> Result<()> {
+async fn accepted_snapshot_supersedes_uncommitted_candidate_and_survives_late_truncation()
+-> Result<()> {
     let disk_memory = kasumi_store::test_utils::TestDiskMemory::new(256 << 20, 4096);
     let scratch_directory = kasumi_store::test_utils::private_tempdir().unwrap();
     let fixture_scratch = kasumi_store::ScratchDisk::fixture(scratch_directory.path(), disk_memory);
Diff in /Users/takemiyamakoto/dev/kasumi/crates/kasumi-raft/src/storage/snapshot_custody_tests.rs:421:
 }
 
 #[tokio::test]
-async fn nonretired_snapshot_discards_stale_candidate_coverage_without_retirement_projection(
-) -> Result<()> {
+async fn nonretired_snapshot_discards_stale_candidate_coverage_without_retirement_projection()
+-> Result<()> {
     let disk_memory = kasumi_store::test_utils::TestDiskMemory::new(256 << 20, 4096);
     let scratch_directory = kasumi_store::test_utils::private_tempdir().unwrap();
     let fixture_scratch = kasumi_store::ScratchDisk::fixture(scratch_directory.path(), disk_memory);
Diff in /Users/takemiyamakoto/dev/kasumi/crates/kasumi-raft/src/storage/snapshot_custody_tests.rs:458:
 }
 
 #[tokio::test]
-async fn retired_snapshot_power_loss_never_tears_image_seed_boundary_or_applied_cursor(
-) -> Result<()> {
+async fn retired_snapshot_power_loss_never_tears_image_seed_boundary_or_applied_cursor()
+-> Result<()> {
     let disk_memory = kasumi_store::test_utils::TestDiskMemory::new(256 << 20, 4096);
     let scratch_directory = kasumi_store::test_utils::private_tempdir().unwrap();
     let fixture_scratch = kasumi_store::ScratchDisk::fixture(scratch_directory.path(), disk_memory);
Diff in /Users/takemiyamakoto/dev/kasumi/crates/kasumi-raft/src/storage/snapshot_custody_tests.rs:615:
         "cached newer snapshot cannot bypass custody validation"
     );
     let (reopened, _, _, _) = fixture(disk.crash(), false, fixture_scratch.clone()).await?;
-    assert!(StateMachine::open(
-        reopened.clone(),
-        Arc::new(ClosedBackend::default()),
-        crate::SnapshotBufferOwner::fixture()
-    )
-    .await
-    .is_err());
-    assert!(ControlLog::open(reopened.custody().clone(), 1, group())?
-        .retirement_seed(1)
-        .is_err());
+    assert!(
+        StateMachine::open(
+            reopened.clone(),
+            Arc::new(ClosedBackend::default()),
+            crate::SnapshotBufferOwner::fixture()
+        )
+        .await
+        .is_err()
+    );
+    assert!(
+        ControlLog::open(reopened.custody().clone(), 1, group())?
+            .retirement_seed(1)
+            .is_err()
+    );
     Ok(())
 }
 
Diff in /Users/takemiyamakoto/dev/kasumi/crates/kasumi-raft/src/storage/snapshot_custody_tests.rs:704:
     let error = stage_snapshot(&domains, &encoded, 64 << 20, &oversized)
         .err()
         .context("oversized projection reached staging")?;
-    assert!(error
-        .to_string()
-        .contains("snapshot retirement projection exceeds byte limit"));
+    assert!(
+        error
+            .to_string()
+            .contains("snapshot retirement projection exceeds byte limit")
+    );
     assert_eq!(
         disk.operations(),
         operations_before,
Diff in /Users/takemiyamakoto/dev/kasumi/crates/kasumi-raft/src/storage/tests.rs:1:
 use super::*;
 use kasumi_store::{
-    test_utils::{FaultBackend, LocalKeyProvider, ManualClock},
     NodeStore,
+    test_utils::{FaultBackend, LocalKeyProvider, ManualClock},
 };
 
 #[path = "apply_publication_tests.rs"]
Diff in /Users/takemiyamakoto/dev/kasumi/crates/kasumi-raft/src/storage/tests.rs:38:
     let fixture_scratch = kasumi_store::ScratchDisk::fixture(scratch_directory.path(), disk_memory);
     use crate::lifetime::StorageDrain;
     use std::{
-        future::{poll_fn, Future},
+        future::{Future, poll_fn},
         task::Poll,
         time::Duration,
     };
Diff in /Users/takemiyamakoto/dev/kasumi/crates/kasumi-raft/src/storage/tests.rs:204:
 }
 
 #[tokio::test(flavor = "current_thread")]
-async fn applied_metadata_does_not_block_runtime_while_snapshot_capture_holds_state_lock(
-) -> Result<()> {
+async fn applied_metadata_does_not_block_runtime_while_snapshot_capture_holds_state_lock()
+-> Result<()> {
     let disk_memory = kasumi_store::test_utils::TestDiskMemory::new(256 << 20, 4096);
     let scratch_directory = kasumi_store::test_utils::private_tempdir().unwrap();
     let fixture_scratch = kasumi_store::ScratchDisk::fixture(scratch_directory.path(), disk_memory);
Diff in /Users/takemiyamakoto/dev/kasumi/crates/kasumi-raft/src/storage/tests.rs:353:
         )
         .await?;
     let invalid = envelope(b"invalid".to_vec(), fixture_scratch.clone());
-    assert!(machine
-        .install_snapshot(
-            &invalid.meta,
-            Box::new(SnapshotBuffer::from_bytes(
-                &fixture_scratch.clone(),
-                invalid.encode(64 << 20)?.read_bounded(64 << 20)?,
-                1024,
-                &crate::SnapshotBufferOwner::fixture()
-            )?)
-        )
-        .await
-        .is_err());
+    assert!(
+        machine
+            .install_snapshot(
+                &invalid.meta,
+                Box::new(SnapshotBuffer::from_bytes(
+                    &fixture_scratch.clone(),
+                    invalid.encode(64 << 20)?.read_bounded(64 << 20)?,
+                    1024,
+                    &crate::SnapshotBufferOwner::fixture()
+                )?)
+            )
+            .await
+            .is_err()
+    );
     assert_eq!(
         load_snapshot(&store, 1024)?
             .unwrap()
Diff in /Users/takemiyamakoto/dev/kasumi/crates/kasumi-raft/src/storage/tests.rs:467:
         header: LogHeader::build(&substituted, &encode_entry(&substituted)?)?.0,
     });
     let alternate_bytes = alternate.encode(64 << 20)?.read_bounded(64 << 20)?;
-    assert!(machine
-        .install_snapshot(
-            &alternate.meta,
-            Box::new(SnapshotBuffer::from_bytes(
-                &fixture_scratch,
-                alternate_bytes,
-                64 << 20,
-                &crate::SnapshotBufferOwner::fixture(),
-            )?),
-        )
-        .await
-        .is_err());
+    assert!(
+        machine
+            .install_snapshot(
+                &alternate.meta,
+                Box::new(SnapshotBuffer::from_bytes(
+                    &fixture_scratch,
+                    alternate_bytes,
+                    64 << 20,
+                    &crate::SnapshotBufferOwner::fixture(),
+                )?),
+            )
+            .await
+            .is_err()
+    );
     assert_eq!(
         crate::control::first_applied_membership(domains.custody().store())?,
         Some(first_fact.clone())
Diff in /Users/takemiyamakoto/dev/kasumi/crates/kasumi-raft/src/storage/tests.rs:563:
 }
 
 #[tokio::test]
-async fn snapshot_install_power_loss_at_every_storage_operation_keeps_whole_old_or_new_snapshot(
-) -> Result<()> {
+async fn snapshot_install_power_loss_at_every_storage_operation_keeps_whole_old_or_new_snapshot()
+-> Result<()> {
     let disk_memory = kasumi_store::test_utils::TestDiskMemory::new(256 << 20, 4096);
     let scratch_directory = kasumi_store::test_utils::private_tempdir().unwrap();
     let fixture_scratch = kasumi_store::ScratchDisk::fixture(scratch_directory.path(), disk_memory);
Diff in /Users/takemiyamakoto/dev/kasumi/crates/kasumi-raft/src/storage/tests.rs:1070:
     let error = stage_snapshot(&domains, &oversized_image, 4 << 20, &oversized)
         .err()
         .context("oversized coverage was staged")?;
-    assert!(error
-        .to_string()
-        .contains("snapshot coverage exceeds byte limit"));
+    assert!(
+        error
+            .to_string()
+            .contains("snapshot coverage exceeds byte limit")
+    );
     assert_eq!(store.get(SNAPSHOT, b"current")?, Some(old_manifest));
     assert!(store.get(SNAPSHOT, b"pending")?.is_none());
     assert_eq!(
