Command: cargo test --locked --offline --config profile.test.package.kasumi-kv.opt-level=3 --config profile.test.package.sha2.opt-level=3 -p kasumi-kv -p kasumi-store -p kasumi-raft -p kasumi-engine -p kasumi-authority --all-features --lib --no-fail-fast -- canonical_control_ owned_backend_mutation_ owned_prepared_restore_ validation_baseline_actual_prepared_restore validation_baseline_failed_publish_retires_candidate_before_apply_owner validation_baseline_sealed_and_poisoned_owners_refuse_before_decode non_application_capacity source_actor_startup snapshot_prepare_image_ snapshot_freeze_in_place_ snapshot_image_close_ snapshot_image_failed_close_ --nocapture
ISOLATED_SOURCE=/tmp/kasumi-source-cohort-validation-v1
CARGO_TARGET_DIR=/Users/takemiyamakoto/dev/kasumi/target/disk-backed-cache
   Compiling kasumi-store v0.1.0 (/private/tmp/kasumi-source-cohort-validation-v1/crates/kasumi-store)
   Compiling kasumi-raft v0.1.0 (/private/tmp/kasumi-source-cohort-validation-v1/crates/kasumi-raft)
warning: variant `SnapshotPublication` is never constructed
  --> crates/kasumi-raft/src/selected_application/plan.rs:35:5
   |
30 | enum AppliedOrigin {
   |      ------------- variant in this enum
...
35 |     SnapshotPublication,
   |     ^^^^^^^^^^^^^^^^^^^
   |
   = note: `AppliedOrigin` has a derived impl for the trait `Clone`, but this is intentionally ignored during dead code analysis
   = note: `#[warn(dead_code)]` (part of `#[warn(unused)]`) on by default

warning: method `observe_snapshot_writes` is never used
   --> crates/kasumi-raft/src/selected_application/control_memory.rs:274:19
    |
263 | impl ControlMemory {
    | ------------------ method in this implementation
...
274 |     pub(super) fn observe_snapshot_writes(
    |                   ^^^^^^^^^^^^^^^^^^^^^^^

warning: associated functions `for_publication` and `at` are never used
  --> crates/kasumi-raft/src/selected_application/snapshot_source_envelope.rs:22:19
   |
17 | impl PreparedSnapshotSourceEnvelope {
   | ----------------------------------- associated functions in this implementation
...
22 |     pub(crate) fn for_publication(
   |                   ^^^^^^^^^^^^^^^
...
38 |     fn at(
   |        ^^

warning: function `write_effect` is never used
   --> crates/kasumi-raft/src/selected_application/snapshot_source_envelope.rs:194:4
    |
194 | fn write_effect<'a>(
    |    ^^^^^^^^^^^^

warning: function `prospective_bound` is never used
   --> crates/kasumi-raft/src/selected_application/snapshot_source_envelope.rs:212:4
    |
212 | fn prospective_bound(
    |    ^^^^^^^^^^^^^^^^^

warning: function `prospective_record` is never used
   --> crates/kasumi-raft/src/selected_application/snapshot_source_envelope.rs:238:4
    |
238 | fn prospective_record<'a>(
    |    ^^^^^^^^^^^^^^^^^^

warning: variant `Freezing` is never constructed
  --> crates/kasumi-raft/src/snapshot_buffer.rs:32:5
   |
29 | enum Backing {
   |      ------- variant in this enum
...
32 |     Freezing(Option<Box<EncryptedSpool>>),
   |     ^^^^^^^^
   |
   = note: `Backing` has a derived impl for the trait `Debug`, but this is intentionally ignored during dead code analysis

warning: variant `Freeze` is never constructed
  --> crates/kasumi-raft/src/snapshot_buffer.rs:39:5
   |
36 | enum Completion {
   |      ---------- variant in this enum
...
39 |     Freeze,
   |     ^^^^^^
   |
   = note: `Completion` has a derived impl for the trait `Debug`, but this is intentionally ignored during dead code analysis

warning: variant `Freeze` is never constructed
  --> crates/kasumi-raft/src/snapshot_buffer.rs:46:5
   |
43 | enum Kind {
   |      ---- variant in this enum
...
46 |     Freeze,
   |     ^^^^^^
   |
   = note: `Kind` has a derived impl for the trait `Debug`, but this is intentionally ignored during dead code analysis

warning: method `prepare_image` is never used
    --> crates/kasumi-raft/src/snapshot_buffer.rs:1344:25
     |
1289 | impl SnapshotBuffer {
     | ------------------- method in this implementation
...
1344 |     pub(crate) async fn prepare_image(&mut self) -> io::Result<SnapshotImage> {
     |                         ^^^^^^^^^^^^^

warning: method `source_capacity_seed` is never used
   --> crates/kasumi-raft/src/snapshot_custody.rs:102:19
    |
 99 | impl SnapshotRetirement {
    | ----------------------- method in this implementation
...
102 |     pub(crate) fn source_capacity_seed(&self) -> &[u8] {
    |                   ^^^^^^^^^^^^^^^^^^^^

warning: method `prepare_engine_publication` is never used
    --> crates/kasumi-raft/src/storage.rs:1068:19
     |
1037 | impl PendingSnapshot {
     | -------------------- method in this implementation
...
1068 |     pub(crate) fn prepare_engine_publication<'backend>(
     |                   ^^^^^^^^^^^^^^^^^^^^^^^^^^

warning: enum `SnapshotPublicationPhase` is never used
    --> crates/kasumi-raft/src/storage.rs:1122:6
     |
1122 | enum SnapshotPublicationPhase {
     |      ^^^^^^^^^^^^^^^^^^^^^^^^

warning: struct `PreparedEngineSnapshotPublication` is never constructed
    --> crates/kasumi-raft/src/storage.rs:1128:19
     |
1128 | pub(crate) struct PreparedEngineSnapshotPublication<'backend> {
     |                   ^^^^^^^^^^^^^^^^^^^^^^^^^^^^^^^^^

warning: methods `source` and `publish` are never used
    --> crates/kasumi-raft/src/storage.rs:1138:19
     |
1137 | impl PreparedEngineSnapshotPublication<'_> {
     | ------------------------------------------ methods in this implementation
1138 |     pub(crate) fn source(&self) -> &crate::PreparedSnapshotSourceEnvelope {
     |                   ^^^^^^
...
1141 |     pub(crate) fn publish(&mut self, domains: &TenantStorageSet) -> Result<()> {
     |                   ^^^^^^^

warning: struct `OwnedControlGuard` is never constructed
   --> crates/kasumi-raft/src/storage/control_gate.rs:107:19
    |
107 | pub(crate) struct OwnedControlGuard {
    |                   ^^^^^^^^^^^^^^^^^

warning: method `require_gate` is never used
   --> crates/kasumi-raft/src/storage/control_gate.rs:114:19
    |
111 | impl OwnedControlGuard {
    | ---------------------- method in this implementation
...
114 |     pub(crate) fn require_gate(&self, gate: &ControlGateRef) -> anyhow::Result<()> {
    |                   ^^^^^^^^^^^^

warning: methods `ptr_eq` and `lock_owned` are never used
   --> crates/kasumi-raft/src/storage/control_gate_registry.rs:106:19
    |
105 | impl ControlGateRef {
    | ------------------- methods in this implementation
106 |     pub(crate) fn ptr_eq(&self, other: &Self) -> bool {
    |                   ^^^^^^
...
112 |     pub(crate) fn lock_owned(&self) -> Result<OwnedControlGuard, super::Poisoned> {
    |                   ^^^^^^^^^^

   Compiling kasumi-engine v0.1.0 (/private/tmp/kasumi-source-cohort-validation-v1/crates/kasumi-engine)
warning: `kasumi-raft` (lib) generated 18 warnings
   Compiling kasumi-authority v0.1.0 (/private/tmp/kasumi-source-cohort-validation-v1/crates/kasumi-authority)
    Finished `test` profile [unoptimized + debuginfo] target(s) in 5m 21s
     Running unittests src/lib.rs (/Users/takemiyamakoto/dev/kasumi/target/disk-backed-cache/debug/deps/kasumi_authority-e63a7f831ec29de9)

running 0 tests

test result: ok. 0 passed; 0 failed; 0 ignored; 0 measured; 77 filtered out; finished in 0.00s

     Running unittests src/lib.rs (/Users/takemiyamakoto/dev/kasumi/target/disk-backed-cache/debug/deps/kasumi_engine-707e7a92ed2be845)

running 2 tests

thread 'state::validation_baseline_tests::validation_baseline_sealed_and_poisoned_owners_refuse_before_decode' (25583175) panicked at crates/kasumi-engine/src/validation_baseline_tests.rs:305:17:
poison actual apply ownership
note: run with `RUST_BACKTRACE=1` environment variable to display a backtrace
test state::validation_baseline_tests::validation_baseline_sealed_and_poisoned_owners_refuse_before_decode ... ok
test state::validation_baseline_tests::validation_baseline_failed_publish_retires_candidate_before_apply_owner ... ok

test result: ok. 2 passed; 0 failed; 0 ignored; 0 measured; 672 filtered out; finished in 2.41s

     Running unittests src/lib.rs (/Users/takemiyamakoto/dev/kasumi/target/disk-backed-cache/debug/deps/kasumi_kv-221aa5373d25965b)

running 0 tests

test result: ok. 0 passed; 0 failed; 0 ignored; 0 measured; 555 filtered out; finished in 0.00s

     Running unittests src/lib.rs (/Users/takemiyamakoto/dev/kasumi/target/disk-backed-cache/debug/deps/kasumi_raft-80f97d1b4f50c7fa)

running 16 tests

thread '<unnamed>' (25583672) panicked at crates/kasumi-raft/src/backend_mutation_gate.rs:192:17:
owned restore interrupted
note: run with `RUST_BACKTRACE=1` environment variable to display a backtrace

thread '<unnamed>' (25583673) panicked at crates/kasumi-raft/src/backend_mutation_gate.rs:222:17:
owned failure
test backend_mutation_gate::tests::owned_backend_mutation_keeps_exact_owner_and_exclusion_across_threads ... ok

thread 'storage::control_gate::tests::canonical_control_owned_and_borrowed_unwind_poison_same_gate' (25583664) panicked at crates/kasumi-raft/src/storage/control_gate_tests.rs:76:21:
borrowed publication interrupted
test snapshot_buffer::application_source_custody_tests::source_actor_startup_funding_callback_observes_actual_owner_without_deadlock ... ok
test snapshot_buffer::application_source_custody_tests::source_actor_startup_slot_refuses_install_after_final_close_flag ... ok

thread '<unnamed>' (25583685) panicked at crates/kasumi-raft/src/owned_prepared_restore.rs:118:35:
exact prepared publication panicked

thread 'storage::control_gate::tests::canonical_control_quote_covers_constructor_real_wait_and_retirement' (25583667) panicked at crates/kasumi-raft/src/selected_application/allocation_tests.rs:115:5:
control work retired unobserved backing

thread 'backend_mutation_gate::tests::owned_backend_mutation_borrowed_and_owned_unwind_poison_same_gate' (25583652) panicked at crates/kasumi-raft/src/backend_mutation_gate.rs:208:21:
ordinary mutation interrupted
test backend_mutation_gate::tests::owned_backend_mutation_seal_retains_poison_and_same_exclusion ... ok
test owned_prepared_restore::tests::owned_prepared_restore_retains_exact_candidate_and_lifecycle_across_thread_outcomes ... ok
test backend_mutation_gate::tests::owned_backend_mutation_borrowed_and_owned_unwind_poison_same_gate ... ok
test storage::control_gate::tests::canonical_control_quote_covers_constructor_real_wait_and_retirement ... FAILED
test storage::control_gate::tests::canonical_control_owned_permit_moves_without_allocation_and_excludes_borrowed_writer ... ok

thread 'storage::control_gate::tests::canonical_control_owned_and_borrowed_unwind_poison_same_gate' (25583664) panicked at crates/kasumi-raft/src/storage/control_gate_tests.rs:73:21:
owned publication interrupted
test non_application_source_capacity::tests::non_application_capacity_constructor_claim_is_unique_and_sealed ... ok
test storage::control_gate::tests::canonical_control_owned_and_borrowed_unwind_poison_same_gate ... ok

thread 'tokio-rt-worker' (25583688) panicked at crates/kasumi-raft/src/snapshot_buffer_tests.rs:33:18:
Box<dyn Any>
test snapshot_buffer::tests::snapshot_prepare_image_unknown_child_retains_exact_spool_and_original_issue ... ok
test snapshot_buffer::tests::snapshot_prepare_image_cancel_joins_same_child_and_freezes_once ... ok

thread 'non_application_source_capacity::tests::non_application_capacity_has_one_charged_token_and_bounded_actual_allocations' (25583657) panicked at crates/kasumi-store/src/lib.rs:1143:14:
synthetic backend fixture has no installed physical disk

thread 'storage::control_gate::tests::canonical_control_owned_permit_uses_actual_store_registry' (25583666) panicked at crates/kasumi-store/src/lib.rs:1143:14:
synthetic backend fixture has no installed physical disk

thread 'non_application_source_capacity::tests::non_application_capacity_checks_current_role_key_on_every_preparation' (25583655) panicked at crates/kasumi-store/src/lib.rs:1143:14:
synthetic backend fixture has no installed physical disk

thread 'storage::control_gate::tests::canonical_control_actual_charge_tracks_registry_and_last_owned_permit' (25583663) panicked at crates/kasumi-store/src/lib.rs:1143:14:
synthetic backend fixture has no installed physical disk
test storage::control_gate::tests::canonical_control_owned_permit_uses_actual_store_registry ... FAILED
test storage::control_gate::tests::canonical_control_actual_charge_tracks_registry_and_last_owned_permit ... FAILED
test non_application_source_capacity::tests::non_application_capacity_checks_current_role_key_on_every_preparation ... FAILED
test non_application_source_capacity::tests::non_application_capacity_has_one_charged_token_and_bounded_actual_allocations ... FAILED

failures:

failures:
    non_application_source_capacity::tests::non_application_capacity_checks_current_role_key_on_every_preparation
    non_application_source_capacity::tests::non_application_capacity_has_one_charged_token_and_bounded_actual_allocations
    storage::control_gate::tests::canonical_control_actual_charge_tracks_registry_and_last_owned_permit
    storage::control_gate::tests::canonical_control_owned_permit_uses_actual_store_registry
    storage::control_gate::tests::canonical_control_quote_covers_constructor_real_wait_and_retirement

test result: FAILED. 11 passed; 5 failed; 0 ignored; 0 measured; 201 filtered out; finished in 0.10s

error: test failed, to rerun pass `-p kasumi-raft --lib`
     Running unittests src/lib.rs (/Users/takemiyamakoto/dev/kasumi/target/disk-backed-cache/debug/deps/kasumi_store-6fd2a1f28b2df75c)

running 3 tests
test spool::native_close_tests::snapshot_image_failed_close_retains_actual_spool_and_original_sync_error ... ok
test spool::native_close_tests::snapshot_image_close_retires_same_descriptor_and_fences_every_clone ... ok
test spool::native_close_tests::snapshot_freeze_in_place_preserves_exact_box_on_native_flush_failure ... ok

test result: ok. 3 passed; 0 failed; 0 ignored; 0 measured; 726 filtered out; finished in 0.08s

error: 1 target failed:
    `-p kasumi-raft --lib`
Runner: 323.91s; exit=101; matching=1576/1576
