Command: cargo test -p kasumi-client --lib --locked --offline -- --test-threads=1 literal_decode::tests::change_feed_
CARGO_TARGET_DIR=target/disk-backed-cache
   Compiling libc v0.2.189
   Compiling serde_core v1.0.229
   Compiling prost-derive v0.14.4
   Compiling zeroize v1.9.0
   Compiling sync_wrapper v1.0.2
   Compiling bytes v1.12.1
   Compiling hyper v1.11.1
   Compiling rustls v0.23.43
   Compiling indexmap v2.14.1
   Compiling once_cell v1.21.4
   Compiling url v2.5.8
   Compiling axum-core v0.5.6
   Compiling tower v0.5.3
   Compiling rustls-pki-types v1.15.1
   Compiling petgraph v0.8.3
   Compiling prost v0.14.4
   Compiling rustls-webpki v0.103.15
   Compiling errno v0.3.14
   Compiling getrandom v0.4.3
   Compiling prost-types v0.14.4
   Compiling rustix v1.1.4
   Compiling hyper-util v0.1.20
   Compiling axum v0.8.9
   Compiling serde v1.0.229
   Compiling imbl v7.0.1
   Compiling serde_json v1.0.151 (/Users/takemiyamakoto/dev/kasumi/vendor/serde_json-1.0.151)
   Compiling uuid v1.26.0
   Compiling tempfile v3.27.0
   Compiling hyper-timeout v0.5.2
   Compiling prost-build v0.14.4
   Compiling kasumi-types v0.1.0 (/Users/takemiyamakoto/dev/kasumi/crates/kasumi-types)
   Compiling tonic-prost-build v0.14.6
   Compiling kasumi-client v0.1.0 (/Users/takemiyamakoto/dev/kasumi/crates/kasumi-client)
   Compiling tokio-rustls v0.26.5
   Compiling tonic v0.14.6
   Compiling kasumi-transport v0.1.0 (/Users/takemiyamakoto/dev/kasumi/crates/kasumi-transport)
   Compiling tonic-prost v0.14.6
   Compiling kasumi-serving v0.1.0 (/Users/takemiyamakoto/dev/kasumi/crates/kasumi-serving)
    Finished `test` profile [unoptimized + debuginfo] target(s) in 3m 14s
     Running unittests src/lib.rs (target/disk-backed-cache/debug/deps/kasumi_client-adc9aa0f837ab822)

running 4 tests
test literal_decode::tests::change_feed_after_image_requires_exact_commit_version_and_identity ... ok
test literal_decode::tests::change_feed_events_bind_scope_and_commit_metadata_without_rejecting_filtered_gaps ... ok
test literal_decode::tests::change_feed_retention_gap_binds_original_position_and_checked_range ... ok
test literal_decode::tests::change_feed_schema_and_audit_construct_values_from_literal_spans ... ok

test result: ok. 4 passed; 0 failed; 0 ignored; 0 measured; 63 filtered out; finished in 0.01s

Runner: 195.10s; exit=0; matching=699/699
