Command: cargo test -p kasumi-engine --all-features --lib --locked --offline --config profile.test.package.kasumi-kv.opt-level=3 --config profile.test.package.sha2.opt-level=3 -- --test-threads=1 application_sources::tests:: primary_decode_real_
CARGO_TARGET_DIR=target/disk-backed-cache
   Compiling kasumi-engine v0.1.0 (/Users/takemiyamakoto/dev/kasumi/crates/kasumi-engine)
warning: variant `Mutation` is never constructed
  --> crates/kasumi-engine/src/security_audit_jobs.rs:26:5
   |
24 | enum JobEffect {
   |      --------- variant in this enum
25 |     Read,
26 |     Mutation(&'static str),
   |     ^^^^^^^^
   |
   = note: `JobEffect` has a derived impl for the trait `Clone`, but this is intentionally ignored during dead code analysis
   = note: `#[warn(dead_code)]` (part of `#[warn(unused)]`) on by default

warning: struct `ReadPause` is never constructed
  --> crates/kasumi-engine/src/security_audit_jobs.rs:57:19
   |
57 | pub(super) struct ReadPause {
   |                   ^^^^^^^^^

warning: method `run_mutation` is never used
   --> crates/kasumi-engine/src/security_audit_jobs.rs:120:25
    |
 62 | impl SecurityAudit {
    | ------------------ method in this implementation
...
120 |     pub(super) async fn run_mutation<T, F, R>(&self, component: &'static str, run: R) -> Result<T>
    |                         ^^^^^^^^^^^^

warning: `kasumi-engine` (lib) generated 3 warnings
error[E0603]: constant `CATALOG` is private
  --> crates/kasumi-engine/src/primary_read_tests.rs:5:12
   |
 5 |     read::{CATALOG, MANIFESTS, PAGES, SelectedPrimary},
   |            ^^^^^^^ private constant
   |
note: the constant `CATALOG` is defined here
  --> crates/kasumi-engine/src/primary_read.rs:21:1
   |
21 | pub(super) const CATALOG: &str = "engine.primary.catalog";
   | ^^^^^^^^^^^^^^^^^^^^^^^^^^^^^^^^^^^^^^^^^^^^^^^^^^^^^^^^^^

error[E0603]: constant `MANIFESTS` is private
  --> crates/kasumi-engine/src/primary_read_tests.rs:5:21
   |
 5 |     read::{CATALOG, MANIFESTS, PAGES, SelectedPrimary},
   |                     ^^^^^^^^^ private constant
   |
note: the constant `MANIFESTS` is defined here
  --> crates/kasumi-engine/src/primary_read.rs:22:1
   |
22 | pub(super) const MANIFESTS: &str = "engine.primary.manifests";
   | ^^^^^^^^^^^^^^^^^^^^^^^^^^^^^^^^^^^^^^^^^^^^^^^^^^^^^^^^^^^^^^

error[E0603]: constant `PAGES` is private
  --> crates/kasumi-engine/src/primary_read_tests.rs:5:32
   |
 5 |     read::{CATALOG, MANIFESTS, PAGES, SelectedPrimary},
   |                                ^^^^^ private constant
   |
note: the constant `PAGES` is defined here
  --> crates/kasumi-engine/src/primary_read.rs:23:1
   |
23 | pub(super) const PAGES: &str = "engine.primary.pages";
   | ^^^^^^^^^^^^^^^^^^^^^^^^^^^^^^^^^^^^^^^^^^^^^^^^^^^^^^

For more information about this error, try `rustc --explain E0603`.
error: could not compile `kasumi-engine` (lib test) due to 3 previous errors
Runner: 48.27s; exit=101; matching=776/776
