warning: variant `Mutation` is never constructed
  --> crates/kasumi-engine/src/security_audit_jobs.rs:26:5
   |
24 | enum JobEffect {
   |      --------- variant in this enum
25 |     Read,
26 |     Mutation(&'static str),
   |     ^^^^^^^^
   |
   = note: `JobEffect` has a derived impl for the trait `Clone`, but this is intentionally ignored during dead code analysis
   = note: `#[warn(dead_code)]` (part of `#[warn(unused)]`) on by default

warning: struct `ReadPause` is never constructed
  --> crates/kasumi-engine/src/security_audit_jobs.rs:57:19
   |
57 | pub(super) struct ReadPause {
   |                   ^^^^^^^^^

warning: method `run_mutation` is never used
   --> crates/kasumi-engine/src/security_audit_jobs.rs:120:25
    |
 62 | impl SecurityAudit {
    | ------------------ method in this implementation
...
120 |     pub(super) async fn run_mutation<T, F, R>(&self, component: &'static str, run: R) -> Result<T>
    |                         ^^^^^^^^^^^^

warning: `kasumi-engine` (lib) generated 3 warnings
warning: field `panic` is never read
  --> crates/kasumi-engine/src/security_audit_jobs.rs:52:9
   |
48 | pub(super) struct RecordFault {
   |                   ----------- field in this struct
...
52 |     pub panic: bool,
   |         ^^^^^

warning: `kasumi-engine` (lib test) generated 4 warnings (3 duplicates)
    Finished `test` profile [unoptimized + debuginfo] target(s) in 0.25s
     Running unittests src/lib.rs (target/disk-backed-cache/debug/deps/kasumi_engine-3656345440c90b6a)

running 1 test
test state::tenant_audit::tests::failed_prune_publication_keeps_selected_prefix_and_replays_staged_archive ... FAILED

failures:

---- state::tenant_audit::tests::failed_prune_publication_keeps_selected_prefix_and_replays_staged_archive stdout ----

thread 'state::tenant_audit::tests::failed_prune_publication_keeps_selected_prefix_and_replays_staged_archive' (5400074) panicked at crates/kasumi-engine/src/tenant_audit.rs:521:46:
called `Result::unwrap()` on an `Err` value: Error { code: Corruption, message: "scratch table setup failed: storage capacity denied" }
note: run with `RUST_BACKTRACE=1` environment variable to display a backtrace


failures:
    state::tenant_audit::tests::failed_prune_publication_keeps_selected_prefix_and_replays_staged_archive

test result: FAILED. 0 passed; 1 failed; 0 ignored; 0 measured; 347 filtered out; finished in 0.78s

error: test failed, to rerun pass `-p kasumi-engine --lib`
