Command: cargo test -p kasumi-store --lib --all-features --locked --offline --release --no-run
ISOLATED_SOURCE=/tmp/kasumi-source-cohort-validation-v1
CARGO_TARGET_DIR=/Users/takemiyamakoto/dev/kasumi/target/disk-backed-cache
   Compiling proc-macro2 v1.0.107
   Compiling quote v1.0.47
   Compiling unicode-ident v1.0.24
   Compiling smallvec v1.16.0
   Compiling pin-project-lite v0.2.17
   Compiling bytes v1.12.1
   Compiling parking_lot_core v0.9.12
   Compiling itoa v1.0.18
   Compiling stable_deref_trait v1.2.1
   Compiling futures-core v0.3.34
   Compiling scopeguard v1.2.0
   Compiling once_cell v1.21.4
   Compiling equivalent v1.0.2
   Compiling subtle v2.6.1
   Compiling getrandom v0.2.17
   Compiling errno v0.3.14
   Compiling socket2 v0.6.5
   Compiling mio v1.2.3
   Compiling log v0.4.34
   Compiling find-msvc-tools v0.1.12
   Compiling lock_api v0.4.14
   Compiling percent-encoding v2.3.2
   Compiling memchr v2.8.3
   Compiling signal-hook-registry v1.4.8
   Compiling rand_core v0.6.4
   Compiling shlex v2.0.1
   Compiling hashbrown v0.17.1
   Compiling tracing-core v0.1.36
   Compiling serde_core v1.0.229
   Compiling crypto-common v0.1.7
   Compiling litemap v0.8.3
   Compiling cc v1.4.5
   Compiling futures-sink v0.3.34
   Compiling slab v0.4.12
   Compiling writeable v0.6.4
   Compiling utf8_iter v1.0.4
   Compiling icu_normalizer_data v2.3.0
   Compiling parking_lot v0.12.5
   Compiling icu_properties_data v2.3.0
   Compiling http v1.5.0
   Compiling httparse v1.10.1
   Compiling autocfg v1.5.1
   Compiling tower-service v0.3.3
   Compiling futures-task v0.3.34
   Compiling untrusted v0.9.0
   Compiling try-lock v0.2.5
   Compiling fnv v1.0.7
   Compiling thiserror v2.0.20
   Compiling indexmap v2.14.1
   Compiling time-core v0.1.9
   Compiling num-conv v0.2.2
   Compiling atomic-waker v1.1.2
   Compiling want v0.3.1
   Compiling futures-util v0.3.34
   Compiling num-traits v0.2.19
   Compiling form_urlencoded v1.2.2
   Compiling futures-channel v0.3.34
   Compiling deranged v0.5.8
   Compiling ring v0.17.14
   Compiling http-body v1.1.0
   Compiling httpdate v1.0.3
   Compiling time-macros v0.2.32
   Compiling powerfmt v0.2.0
   Compiling sync_wrapper v1.0.2
   Compiling base64 v0.22.1
   Compiling minimal-lexical v0.2.1
   Compiling tower-layer v0.3.3
   Compiling syn v2.0.119
   Compiling syn v3.0.5
   Compiling ipnet v2.12.1
   Compiling serde v1.0.229
   Compiling zmij v1.0.23
   Compiling digest v0.10.7
   Compiling rustls v0.23.43
   Compiling serde_json v1.0.151 (/private/tmp/kasumi-source-cohort-validation-v1/vendor/serde_json-1.0.151)
   Compiling anyhow v1.0.104
   Compiling nom v7.1.3
   Compiling getrandom v0.4.3
   Compiling http-body-util v0.1.5
   Compiling bytemuck v1.25.2
   Compiling oid-registry v0.8.1
   Compiling sha2 v0.10.9
   Compiling bitmaps v3.2.1 (/private/tmp/kasumi-source-cohort-validation-v1/vendor/bitmaps-3.2.1)
   Compiling time v0.3.55
   Compiling rand_core v0.9.5
   Compiling bitflags v2.13.1
   Compiling safe_arch v0.7.4
   Compiling inout v0.1.4
   Compiling archery v1.2.3
   Compiling rustix v1.1.4
   Compiling rand_xoshiro v0.7.0
   Compiling imbl-sized-chunks v0.1.3
   Compiling wide v0.7.33
   Compiling ryu v1.0.23
   Compiling num-integer v0.1.47
   Compiling uuid v1.26.0
   Compiling universal-hash v0.5.1
   Compiling kasumi-clock v0.1.0 (/private/tmp/kasumi-source-cohort-validation-v1/crates/kasumi-clock)
   Compiling base64 v0.23.1
   Compiling getrandom v0.3.4
   Compiling data-encoding v2.11.1
   Compiling mime v0.3.17
   Compiling lazy_static v1.5.0
   Compiling num-bigint v0.4.8
   Compiling opaque-debug v0.3.1
   Compiling pem v4.0.0
   Compiling serde_path_to_error v0.1.20
   Compiling aead v0.5.2
   Compiling hex v0.4.3
   Compiling fastrand v2.5.0
   Compiling poly1305 v0.8.0
   Compiling matchit v0.8.4
   Compiling kasumi-kv v0.1.0 (/private/tmp/kasumi-source-cohort-validation-v1/crates/kasumi-kv)
   Compiling hmac v0.12.1
   Compiling quick-xml v0.42.0
   Compiling rusticata-macros v4.1.0
   Compiling imbl v7.0.1
   Compiling displaydoc v0.2.7
   Compiling tokio-macros v2.7.2
   Compiling zerovec-derive v0.11.6
   Compiling thiserror-impl v2.0.20
   Compiling serde_derive v1.0.229
   Compiling async-trait v0.1.92
   Compiling yasna v0.6.0
   Compiling tempfile v3.27.0
   Compiling synstructure v0.13.2
   Compiling zeroize_derive v1.5.0
   Compiling tracing-attributes v0.1.31
   Compiling tokio v1.53.1
   Compiling asn1-rs-impl v0.2.0
   Compiling pin-project-internal v1.1.13
   Compiling zerofrom-derive v0.1.7
   Compiling yoke-derive v0.8.2
   Compiling zeroize v1.9.0
   Compiling asn1-rs-derive v0.6.0
   Compiling tracing v0.1.44
   Compiling rustls-pki-types v1.15.1
   Compiling cipher v0.4.4
   Compiling pin-project v1.1.13
   Compiling asn1-rs v0.7.2
   Compiling zerofrom v0.1.8
   Compiling axum-core v0.5.6
   Compiling chacha20 v0.9.1
   Compiling yoke v0.8.3
   Compiling webpki-roots v1.0.9
   Compiling chacha20poly1305 v0.10.1
   Compiling zerovec v0.11.8
   Compiling zerotrie v0.2.5
   Compiling serde_urlencoded v0.7.1
   Compiling tinystr v0.8.4
   Compiling potential_utf v0.1.6
   Compiling der-parser v10.0.0
   Compiling icu_collections v2.3.0
   Compiling icu_locale_core v2.3.0
   Compiling x509-parser v0.18.1
   Compiling icu_provider v2.3.1
   Compiling rustls-webpki v0.103.15
   Compiling rcgen v0.14.10
   Compiling icu_normalizer v2.3.0
   Compiling icu_properties v2.3.0
   Compiling tokio-util v0.7.19
   Compiling tokio-stream v0.1.19
   Compiling idna_adapter v1.2.2
   Compiling idna v1.1.0
   Compiling h2 v0.4.19
   Compiling tower v0.5.3
   Compiling url v2.5.8
   Compiling tower-http v0.6.11
   Compiling kasumi-types v0.1.0 (/private/tmp/kasumi-source-cohort-validation-v1/crates/kasumi-types)
   Compiling hyper v1.11.1
   Compiling tokio-rustls v0.26.5
   Compiling hyper-util v0.1.20
   Compiling hyper-timeout v0.5.2
   Compiling hyper-rustls v0.27.9
   Compiling axum v0.8.9
   Compiling tonic v0.14.6
   Compiling reqwest v0.12.28
   Compiling kasumi-transport v0.1.0 (/private/tmp/kasumi-source-cohort-validation-v1/crates/kasumi-transport)
   Compiling kasumi-serving v0.1.0 (/private/tmp/kasumi-source-cohort-validation-v1/crates/kasumi-serving)
   Compiling kasumi-store v0.1.0 (/private/tmp/kasumi-source-cohort-validation-v1/crates/kasumi-store)
warning: field `database` is never read
  --> crates/kasumi-store/src/storage_opening/publication.rs:59:5
   |
56 | struct PublicationRequest {
   |        ------------------ field in this struct
...
59 |     database: StorageRegistration<DatabaseOwner>,
   |     ^^^^^^^^
   |
   = note: `#[warn(dead_code)]` (part of `#[warn(unused)]`) on by default

warning: `kasumi-store` (lib test) generated 1 warning
    Finished `release` profile [optimized] target(s) in 3m 30s
  Executable unittests src/lib.rs (/Users/takemiyamakoto/dev/kasumi/target/disk-backed-cache/release/deps/kasumi_store-f8c0bfda057c8ce1)
Runner: 210.52s; exit=0; matching=1683/1683
