Command: cargo test --locked --offline --config profile.test.package.kasumi-kv.opt-level=3 --config profile.test.package.sha2.opt-level=3 -p kasumi-store --all-features --lib -- scratch_ storage_domains::read_memory_quote
CARGO_TARGET_DIR=target/disk-backed-cache
   Compiling kasumi-store v0.1.0 (/Users/takemiyamakoto/dev/kasumi/crates/kasumi-store)
    Finished `test` profile [unoptimized + debuginfo] target(s) in 1m 19s
     Running unittests src/lib.rs (target/disk-backed-cache/debug/deps/kasumi_store-98be0c6afb7030c8)

running 56 tests
test scratch_disk::tests::scratch_cache_limit_is_required_explicit_and_round_trips_large_values ... ok
test scratch_disk::memory_tests::fixture_directory_custody_stays_with_caller_while_metadata_stays_installed ... ok
TestDiskMemory::reserve_installed denied: provider=0x10748ced0 requested_bytes=70088 charged_bytes=74200 bookkeeping_bytes=10296 used_bytes=0 next_used_bytes=74200 max_bytes=84495 live_reservations=0 max_reservations=4 attempts=1 error=Kind(OutOfMemory)
test scratch_disk::tests::rejects_symlinks_and_overflowing_configuration ... ok
test scratch_disk::registry_busy_tests::busy_scratch_registry_does_not_allocate_admit_or_create_directory ... ok
test scratch_disk::memory_tests::scratch_metadata_denial_precedes_directory_creation ... ok
test scratch_disk::memory_tests::installed_scratch_reuse_keeps_metadata_funded_after_public_strong_handles_drop ... ok
test scratch_disk::tests::physical_filesystem_capacity_is_measured_on_the_installed_directory ... ok
test scratch_disk::tests::physical_directory_reopens_share_budget_and_cannot_change_it ... ok
test scratch_disk::tests::pending_files_share_filesystem_promises_and_keep_recovery_reserve ... ok
test scratch_disk::tests::concurrent_spools_cannot_each_spend_the_aggregate_budget ... ok
test scratch_disk::tests::pinned_directory_survives_path_substitution_without_using_replacement ... ok
test scratch_disk::tests::separate_governors_cannot_double_spend_filesystem_promises ... ok
test scratch_disk::memory_tests::scratch_file_release_does_not_release_installed_owner_or_registry_memory ... ok
test node_disk::tests::unknown_filesystem_observation_fences_scratch_until_a_drained_census ... ok
test node_disk::tests::persistent_and_scratch_cannot_spend_the_same_filesystem_promise ... ok
test scratch_disk::tests::immutable_image_readers_retain_capacity_until_the_last_owner_drains ... ok
test scratch_table::group::claim::tests::scratch_claim_corrupt_protected_roots_fence_the_real_owner_and_keep_original_core_error ... ok
test scratch_table::group::claim::tests::scratch_claim_does_not_finish_an_empty_created_file_below_its_promised_minimum ... ok
test scratch_table::group::claim::tests::scratch_claim_partial_native_acquisition_retains_exact_error_descriptor_and_all_rights ... ok
TestDiskMemory::reserve_installed denied: provider=0x77468d0110 requested_bytes=0 charged_bytes=4112 bookkeeping_bytes=2039928 used_bytes=17604012 next_used_bytes=17608124 max_bytes=268435456 live_reservations=4096 max_reservations=4096 attempts=4097 error=Kind(OutOfMemory)
TestDiskMemory::reserve_installed denied: provider=0x77468d0110 requested_bytes=12544 charged_bytes=16656 bookkeeping_bytes=2039928 used_bytes=17604012 next_used_bytes=17620668 max_bytes=268435456 live_reservations=4096 max_reservations=4096 attempts=4098 error=Kind(OutOfMemory)
test scratch_table::group::claim::tests::scratch_claim_capacity_denial_is_before_namespace_or_root_mutation ... ok
test scratch_table::tests::exact_settlement_mismatch_fences_owner_without_allocating_or_returning_credit ... ok
test scratch_disk::tests::truncation_and_rejected_growth_preserve_exact_file_charges ... ok
test scratch_table::group::claim::tests::scratch_claim_pristine_cancel_returns_aggregate_and_prepared_memory_without_file_effects ... ok
test scratch_table::tests::actual_spool_close_reports_native_drain_before_retiring_adapter_owner ... ok
test scratch_table::tests::explicit_scratch_close_retains_original_physical_failure_on_retry ... ok
test scratch_table::group::claim::tests::scratch_claim_wrong_native_header_minimum_fails_before_effects ... ok
test scratch_table::tests::failed_bootstrap_closes_the_exact_spool_before_returning ... ok
test scratch_table::tests::scratch_group_census_rejects_namespace_mutation_and_same_slot_reuse_without_restart ... ok
TestDiskMemory::reserve_installed denied: provider=0x77468d1610 requested_bytes=0 charged_bytes=4112 bookkeeping_bytes=40056 used_bytes=349828 next_used_bytes=353940 max_bytes=33554432 live_reservations=64 max_reservations=64 attempts=65 error=Kind(OutOfMemory)
TestDiskMemory::reserve_installed denied: provider=0x77468d1610 requested_bytes=267208 charged_bytes=271320 bookkeeping_bytes=40056 used_bytes=349828 next_used_bytes=621148 max_bytes=33554432 live_reservations=64 max_reservations=64 attempts=66 error=Kind(OutOfMemory)
test scratch_table::tests::scratch_group_metadata_denial_opens_no_file_and_census_callback_failure_is_retryable ... ok
test scratch_table::tests::rejected_resize_is_wholly_reserved_before_any_logical_or_physical_change ... ok
test scratch_table::tests::scratch_group_census_releases_owner_lock_for_admission_and_read_callbacks ... ok
test scratch_table::group::claim::tests::scratch_claim_consumes_real_quota_without_readmission_and_finishes_complete_private_prefix ... ok
test scratch_table::tests::segmented_scratch_limits_aggregate_extents_before_mutation_and_reuses_drained_slots ... ok
test scratch_table::tests::failed_bootstrap_retains_unproved_close_and_original_outcomes ... ok
test scratch_table::tests::exact_backend_publication_io_settlement_shrink_and_close_do_not_allocate ... ok
test spool::native_close_tests::uncertain_native_close_retains_one_attempt_and_fences_scratch_owner ... ok
TestDiskMemory::reserve_installed denied: provider=0x77468d1990 requested_bytes=4296 charged_bytes=8408 bookkeeping_bytes=24184 used_bytes=3749115 next_used_bytes=3757523 max_bytes=67108864 live_reservations=32 max_reservations=32 attempts=36 error=Kind(OutOfMemory)
test scratch_table::tests::batch_entry_limit_rejects_before_publication_and_aborts_partial_input ... ok
test scratch_table::tests::strict_create_rejects_a_non_empty_spool_instead_of_adopting_its_frames ... ok
test scratch_table::tests::dropping_an_explicitly_closed_table_never_reenters_native_close ... ok
test storage_domains::read_memory_quote::tests::provider_without_own_quote_refuses_without_guessing_or_allocating ... ok
test scratch_table::tests::batch_outliving_table_observes_close_after_its_transaction_ends ... ok
test scratch_table::tests::accepted_transaction_keeps_scratch_close_retained_until_actual_drain ... ok
test scratch_table::tests::dropping_a_failed_table_keeps_spool_and_charge_without_allocating ... ok
test scratch_table::tests::accepted_batch_keeps_physical_table_until_commit_and_close ... ok
test scratch_table::tests::dropping_a_table_observes_native_close_before_returning_scratch_credit ... ok
test scratch_table::tests::failed_explicit_close_keeps_charge_and_drop_never_reenters_close ... ok
test scratch_table::tests::workspace_tests::scratch_workspace_capacity_after_prepare_rolls_back_without_fencing ... ok
test scratch_table::tests::dropping_a_drained_table_closes_natively_once_without_allocating ... ok
test scratch_table::tests::dropping_a_table_under_a_live_transaction_never_enters_close_or_returns_credit ... ok
test storage_domains::read_memory_quote::tests::paired_read_quote_covers_real_encrypted_get_requested_allocations ... ok
test scratch_table::tests::unpublished_batch_aborts_on_drop_and_preserves_duplicate_error ... ok
test storage_domains::read_memory_quote::tests::paired_read_quote_has_no_allocations_or_admission_and_matches_reader_retention ... ok
test storage_domains::read_memory_quote::tests::paired_read_quote_key_id_ceiling_is_owned_and_stale_growth_is_rejected ... ok
test tests::separate_node_stores_and_pinned_reads_share_one_scratch_budget ... ok
test scratch_table::tests::segmented_scratch_descriptor_ceiling_is_pre_admitted_and_does_not_open_on_denial ... ok
test scratch_table::tests::segmented_scratch_streams_rows_larger_than_its_explicit_cache has been running for over 60 seconds
test scratch_table::tests::segmented_scratch_streams_rows_larger_than_its_explicit_cache ... ok

test result: ok. 56 passed; 0 failed; 0 ignored; 0 measured; 630 filtered out; finished in 178.64s

Runner: 258.99s; exit=0; matching=849/849
