Command: cargo +1.97.1 test --manifest-path vendor/openraft-0.9.25/openraft/Cargo.toml --locked --offline --target-dir /Users/takemiyamakoto/dev/kasumi/target/disk-backed-cache --features serde,storage-v2 --lib bounded_apply -- --test-threads=1
CARGO_TARGET_DIR=target/disk-backed-cache
   Compiling unicode-ident v1.0.26
   Compiling serde_core v1.0.229
   Compiling libc v0.2.189
   Compiling zerocopy v0.8.57
   Compiling serde v1.0.229
   Compiling cfg-if v1.0.5
   Compiling futures-sink v0.3.34
   Compiling futures-core v0.3.34
   Compiling num-traits v0.2.19
   Compiling slab v0.4.12
   Compiling syn v1.0.109
   Compiling serde_json v1.0.151
   Compiling clap_lex v1.1.1
   Compiling yansi v1.0.1
   Compiling diff v0.1.13
   Compiling futures-channel v0.3.34
   Compiling proc-macro2 v1.0.107
   Compiling pretty_assertions v1.4.1
   Compiling clap_builder v4.6.7
   Compiling quote v1.0.47
   Compiling syn v3.0.6
   Compiling syn v2.0.119
   Compiling getrandom v0.2.17
   Compiling rust_decimal v1.43.0
   Compiling chrono v0.4.45
   Compiling rand_core v0.6.4
   Compiling byte-unit v5.2.6
   Compiling async-entry v0.3.3
   Compiling futures-macro v0.3.34
   Compiling serde_derive v1.0.229
   Compiling tokio-macros v2.7.2
   Compiling clap_derive v4.6.7
   Compiling ppv-lite86 v0.2.21
   Compiling tokio v1.53.1
   Compiling futures-util v0.3.34
   Compiling rand_chacha v0.3.1
   Compiling tracing-attributes v0.1.31
   Compiling pin-project-internal v1.1.13
   Compiling thiserror-impl v1.0.69
   Compiling derive_more-impl v1.0.0
   Compiling openraft-macros v0.9.25 (/Users/takemiyamakoto/dev/kasumi/vendor/openraft-0.9.25/macros)
   Compiling clap v4.6.7
   Compiling rand v0.8.8
   Compiling thiserror v1.0.69
   Compiling pin-project v1.1.13
   Compiling tracing v0.1.44
   Compiling tracing-futures v0.2.5
   Compiling derive_more v1.0.0
   Compiling anyerror v0.1.13
   Compiling validit v0.2.6
   Compiling futures-executor v0.3.34
   Compiling futures v0.3.34
   Compiling openraft v0.9.25 (/Users/takemiyamakoto/dev/kasumi/vendor/openraft-0.9.25/openraft)
warning: unused import: `crate::core::sm::CommandSeq`
  --> openraft/src/core/raft_core.rs:37:5
   |
37 | use crate::core::sm::CommandSeq;
   |     ^^^^^^^^^^^^^^^^^^^^^^^^^^^
   |
   = note: `#[warn(unused_imports)]` (part of `#[warn(unused)]`) on by default

error: unnecessary qualification
   --> openraft/src/error.rs:308:27
    |
308 |     fn fmt(&self, f: &mut std::fmt::Formatter<'_>) -> std::fmt::Result {
    |                           ^^^^^^^^^^^^^^^^^^^^^^^
    |
note: the lint level is defined here
   --> openraft/src/lib.rs:8:9
    |
  8 | #![deny(unused_qualifications)]
    |         ^^^^^^^^^^^^^^^^^^^^^
help: remove the unnecessary path segments
    |
308 -     fn fmt(&self, f: &mut std::fmt::Formatter<'_>) -> std::fmt::Result {
308 +     fn fmt(&self, f: &mut fmt::Formatter<'_>) -> std::fmt::Result {
    |

error: unnecessary qualification
   --> openraft/src/error.rs:308:55
    |
308 |     fn fmt(&self, f: &mut std::fmt::Formatter<'_>) -> std::fmt::Result {
    |                                                       ^^^^^^^^^^^^^^^^
    |
help: remove the unnecessary path segments
    |
308 -     fn fmt(&self, f: &mut std::fmt::Formatter<'_>) -> std::fmt::Result {
308 +     fn fmt(&self, f: &mut std::fmt::Formatter<'_>) -> fmt::Result {
    |

warning: `openraft` (lib test) generated 1 warning
error: could not compile `openraft` (lib test) due to 2 previous errors; 1 warning emitted
Runner: 94.70s; exit=101; matching=1540/1540
