Command: cargo test --locked --offline --config profile.test.package.kasumi-kv.opt-level=3 --config profile.test.package.sha2.opt-level=3 -p kasumi-kv -p kasumi-store -p kasumi-query -p kasumi-raft -p kasumi-engine -p kasumi-authority --all-features --lib --no-fail-fast -- group_publication_ primary_query_adapter_ selected_primary_ snapshot_retained_decoder_ snapshot_prepared_child_ snapshot_cancel_received_ index_input_tests --nocapture
ISOLATED_SOURCE=/tmp/kasumi-source-cohort-validation-v1
CARGO_TARGET_DIR=/Users/takemiyamakoto/dev/kasumi/target/disk-backed-cache
warning: field `publication_generation` is never read
   --> crates/kasumi-store/src/node_disk.rs:446:5
    |
425 | struct State {
    |        ----- field in this struct
...
446 |     publication_generation: u64,
    |     ^^^^^^^^^^^^^^^^^^^^^^
    |
    = note: `#[warn(dead_code)]` (part of `#[warn(unused)]`) on by default

warning: method `reserve_publication_space` is never used
  --> crates/kasumi-store/src/node_disk/publication.rs:34:19
   |
29 | impl NodeDisk {
   | ------------- method in this implementation
...
34 |     pub(crate) fn reserve_publication_space(
   |                   ^^^^^^^^^^^^^^^^^^^^^^^^^

warning: methods `take_transaction`, `finish`, `cancel`, and `release` are never used
   --> crates/kasumi-store/src/node_disk/publication.rs:157:19
    |
133 | impl PublicationSpace {
    | --------------------- methods in this implementation
...
157 |     pub(crate) fn take_transaction(
    |                   ^^^^^^^^^^^^^^^^
...
219 |     pub(crate) fn finish(&mut self) -> io::Result<()> {
    |                   ^^^^^^
...
223 |     pub(crate) fn cancel(&mut self) -> io::Result<()> {
    |                   ^^^^^^
...
227 |     fn release(&mut self, pristine: bool) -> io::Result<()> {
    |        ^^^^^^^

warning: field `publication_generation` is never read
   --> crates/kasumi-store/src/node_file/segment_group.rs:274:5
    |
257 | struct Resources {
    |        --------- field in this struct
...
274 |     publication_generation: u64,
    |     ^^^^^^^^^^^^^^^^^^^^^^

warning: struct `PreparedGroupPublication` is never constructed
  --> crates/kasumi-store/src/node_file/segment_group/publication.rs:18:19
   |
18 | pub(crate) struct PreparedGroupPublication {
   |                   ^^^^^^^^^^^^^^^^^^^^^^^^

warning: methods `reserve_transaction`, `finish`, `cancel`, and `release` are never used
  --> crates/kasumi-store/src/node_file/segment_group/publication.rs:24:19
   |
23 | impl PreparedGroupPublication {
   | ----------------------------- methods in this implementation
24 |     pub(crate) fn reserve_transaction(&mut self, plan: &TransactionSpacePlan) -> io::Result<()> {
   |                   ^^^^^^^^^^^^^^^^^^^
...
31 |     pub(crate) fn finish(&mut self) -> io::Result<()> {
   |                   ^^^^^^
...
34 |     pub(crate) fn cancel(&mut self) -> io::Result<()> {
   |                   ^^^^^^
...
37 |     fn release(&mut self, pristine: bool) -> io::Result<()> {
   |        ^^^^^^^

warning: methods `prepare_publication_space` and `reserve_publication_transaction` are never used
   --> crates/kasumi-store/src/node_file/segment_group/publication.rs:85:19
    |
 81 | impl NodeSegmentGroup {
    | --------------------- methods in this implementation
...
 85 |     pub(crate) fn prepare_publication_space(
    |                   ^^^^^^^^^^^^^^^^^^^^^^^^^
...
139 |     fn reserve_publication_transaction(
    |        ^^^^^^^^^^^^^^^^^^^^^^^^^^^^^^^

warning: `kasumi-store` (lib) generated 7 warnings
   Compiling kasumi-query v0.1.0 (/private/tmp/kasumi-source-cohort-validation-v1/crates/kasumi-query)
   Compiling kasumi-raft v0.1.0 (/private/tmp/kasumi-source-cohort-validation-v1/crates/kasumi-raft)
error[E0004]: non-exhaustive patterns: `Some(&snapshot_buffer::Backing::Prepared(_))` not covered
   --> crates/kasumi-raft/src/snapshot_buffer/prepared_child.rs:632:19
    |
632 |             match backing.as_ref() {
    |                   ^^^^^^^^^^^^^^^^ pattern `Some(&snapshot_buffer::Backing::Prepared(_))` not covered
    |
note: `std::option::Option<&snapshot_buffer::Backing>` defined here
   --> /rustc/8bab26f4f68e0e26f0bb7960be334d5b520ea452/library/core/src/option.rs:597:0
   ::: /rustc/8bab26f4f68e0e26f0bb7960be334d5b520ea452/library/core/src/option.rs:605:4
    |
    = note: not covered
    = note: the matched value is of type `std::option::Option<&snapshot_buffer::Backing>`
help: ensure that all possible cases are being handled by adding a match arm with a wildcard pattern or an explicit pattern as shown
    |
661 ~                 },
662 +                 Some(&snapshot_buffer::Backing::Prepared(_)) => todo!()
    |

For more information about this error, try `rustc --explain E0004`.
error: could not compile `kasumi-raft` (lib) due to 1 previous error
warning: build failed, waiting for other jobs to finish...
error: could not compile `kasumi-raft` (lib test) due to 1 previous error
Runner: 14.29s; exit=101; matching=1585/1585
