   Compiling kasumi-engine v0.1.0 (/Users/takemiyamakoto/dev/kasumi/crates/kasumi-engine)
warning: variant `Mutation` is never constructed
  --> crates/kasumi-engine/src/security_audit_jobs.rs:26:5
   |
24 | enum JobEffect {
   |      --------- variant in this enum
25 |     Read,
26 |     Mutation(&'static str),
   |     ^^^^^^^^
   |
   = note: `JobEffect` has a derived impl for the trait `Clone`, but this is intentionally ignored during dead code analysis
   = note: `#[warn(dead_code)]` (part of `#[warn(unused)]`) on by default

warning: struct `ReadPause` is never constructed
  --> crates/kasumi-engine/src/security_audit_jobs.rs:57:19
   |
57 | pub(super) struct ReadPause {
   |                   ^^^^^^^^^

warning: method `run_mutation` is never used
   --> crates/kasumi-engine/src/security_audit_jobs.rs:120:25
    |
 62 | impl SecurityAudit {
    | ------------------ method in this implementation
...
120 |     pub(super) async fn run_mutation<T, F, R>(&self, component: &'static str, run: R) -> Result<T>
    |                         ^^^^^^^^^^^^

warning: `kasumi-engine` (lib) generated 3 warnings
warning: field `panic` is never read
  --> crates/kasumi-engine/src/security_audit_jobs.rs:52:9
   |
48 | pub(super) struct RecordFault {
   |                   ----------- field in this struct
...
52 |     pub panic: bool,
   |         ^^^^^

warning: `kasumi-engine` (lib test) generated 4 warnings (3 duplicates)
    Finished `test` profile [unoptimized + debuginfo] target(s) in 45.42s
     Running unittests src/lib.rs (target/disk-backed-cache/debug/deps/kasumi_engine-3656345440c90b6a)

running 2 tests
test state::snapshot_validation::tests::indexed_terminal_provenance_retains_the_intermediate_incarnation_genesis ... ok
test state::snapshot_validation::tests::indexed_verification_keeps_all_staging_on_the_image_owner_until_drain ... ok

test result: ok. 2 passed; 0 failed; 0 ignored; 0 measured; 365 filtered out; finished in 37.92s

     Running tests/contracts.rs (target/disk-backed-cache/debug/deps/contracts-e692866b1fcf3ab8)

running 3 tests
test batch_failure_leaves_no_partial_document_or_index_effects ... ok
test receipts_survive_snapshot_and_precede_changed_schema_and_cas ... ok
test unique_index_swap_is_atomic_and_old_generation_remains_coherent ... ok

test result: ok. 3 passed; 0 failed; 0 ignored; 0 measured; 23 filtered out; finished in 12.91s

     Running tests/history.rs (target/disk-backed-cache/debug/deps/history-bbe5e788b94d5025)

running 1 test
test archived_prefixes_keep_logical_reads_unique_indexes_and_dedup_after_restart ... ok

test result: ok. 1 passed; 0 failed; 0 ignored; 0 measured; 4 filtered out; finished in 81.60s

     Running tests/schema_activation.rs (target/disk-backed-cache/debug/deps/schema_activation-818029a802236aa6)

running 4 tests
test atomic_bundle_publishes_all_indexes_once_and_preserves_read_generations ... ok
test encrypted_restart_and_full_restore_preserve_permanent_activation_receipts ... FAILED
test rejection_is_permanent_and_never_publishes_an_earlier_valid_change ... ok
test text_and_structured_indexes_publish_together_after_existing_documents_validate ... ok

failures:

---- encrypted_restart_and_full_restore_preserve_permanent_activation_receipts stdout ----

thread 'encrypted_restart_and_full_restore_preserve_permanent_activation_receipts' (7401487) panicked at crates/kasumi-engine/tests/schema_activation.rs:1556:6:
called `Result::unwrap()` on an `Err` value: backup verification deadline expired
note: run with `RUST_BACKTRACE=1` environment variable to display a backtrace


failures:
    encrypted_restart_and_full_restore_preserve_permanent_activation_receipts

test result: FAILED. 3 passed; 1 failed; 0 ignored; 0 measured; 14 filtered out; finished in 555.16s

error: test failed, to rerun pass `-p kasumi-engine --test schema_activation`
