Command: cargo test -p kasumi-engine --all-features --lib --locked --offline --config profile.test.package.kasumi-kv.opt-level=3 --config profile.test.package.sha2.opt-level=3 -- --test-threads=1 control::memory::tests:: admission::startup_integration_tests::
CARGO_TARGET_DIR=target/disk-backed-cache
    Blocking waiting for file lock on package cache
    Blocking waiting for file lock on package cache
   Compiling kasumi-store v0.1.0 (/Users/takemiyamakoto/dev/kasumi/crates/kasumi-store)
   Compiling kasumi-raft v0.1.0 (/Users/takemiyamakoto/dev/kasumi/crates/kasumi-raft)
   Compiling kasumi-engine v0.1.0 (/Users/takemiyamakoto/dev/kasumi/crates/kasumi-engine)
warning: variant `Mutation` is never constructed
  --> crates/kasumi-engine/src/security_audit_jobs.rs:26:5
   |
24 | enum JobEffect {
   |      --------- variant in this enum
25 |     Read,
26 |     Mutation(&'static str),
   |     ^^^^^^^^
   |
   = note: `JobEffect` has a derived impl for the trait `Clone`, but this is intentionally ignored during dead code analysis
   = note: `#[warn(dead_code)]` (part of `#[warn(unused)]`) on by default

warning: struct `ReadPause` is never constructed
  --> crates/kasumi-engine/src/security_audit_jobs.rs:57:19
   |
57 | pub(super) struct ReadPause {
   |                   ^^^^^^^^^

warning: method `run_mutation` is never used
   --> crates/kasumi-engine/src/security_audit_jobs.rs:120:25
    |
 62 | impl SecurityAudit {
    | ------------------ method in this implementation
...
120 |     pub(super) async fn run_mutation<T, F, R>(&self, component: &'static str, run: R) -> Result<T>
    |                         ^^^^^^^^^^^^

warning: `kasumi-engine` (lib) generated 3 warnings
warning: field `panic` is never read
  --> crates/kasumi-engine/src/security_audit_jobs.rs:52:9
   |
48 | pub(super) struct RecordFault {
   |                   ----------- field in this struct
...
52 |     pub panic: bool,
   |         ^^^^^

warning: `kasumi-engine` (lib test) generated 4 warnings (3 duplicates)
    Finished `test` profile [unoptimized + debuginfo] target(s) in 4m 26s
     Running unittests src/lib.rs (target/disk-backed-cache/debug/deps/kasumi_engine-b15d1192089511a8)

running 6 tests
test admission::startup_integration_tests::cancelled_local_startup_and_node_census_keep_actual_group_and_charges_until_join ... ok
test control::memory::tests::local_topology_cancelled_or_invalid_decode_drains_without_reclassifying_errors ... ok
test control::memory::tests::local_topology_consuming_or_mutable_downcast_cannot_detach_failure_charge ... ok
test control::memory::tests::local_topology_denial_precedes_decode_and_allocation ... ok
test control::memory::tests::local_topology_retains_independent_output_and_one_slot_until_final_drop ... ok
test control::memory::tests::selected_decode_keeps_optional_and_installed_validation_semantics ... FAILED

failures:

---- control::memory::tests::selected_decode_keeps_optional_and_installed_validation_semantics stdout ----

thread 'control::memory::tests::selected_decode_keeps_optional_and_installed_validation_semantics' (11935426) panicked at crates/kasumi-engine/src/control_topology_memory_tests.rs:212:5:
assertion `left == right` failed
  left: "InvalidArgument: invalid tenant incarnation"
 right: "invalid tenant incarnation"
note: run with `RUST_BACKTRACE=1` environment variable to display a backtrace


failures:
    control::memory::tests::selected_decode_keeps_optional_and_installed_validation_semantics

test result: FAILED. 5 passed; 1 failed; 0 ignored; 0 measured; 434 filtered out; finished in 4.07s

error: test failed, to rerun pass `-p kasumi-engine --lib`
Runner: 270.59s; exit=101; matching=734/734
