   Compiling kasumi-store v0.1.0 (/Users/takemiyamakoto/dev/kasumi/crates/kasumi-store)
   Compiling kasumi-raft v0.1.0 (/Users/takemiyamakoto/dev/kasumi/crates/kasumi-raft)
   Compiling kasumi-engine v0.1.0 (/Users/takemiyamakoto/dev/kasumi/crates/kasumi-engine)
warning: variant `Mutation` is never constructed
  --> crates/kasumi-engine/src/security_audit_jobs.rs:26:5
   |
24 | enum JobEffect {
   |      --------- variant in this enum
25 |     Read,
26 |     Mutation(&'static str),
   |     ^^^^^^^^
   |
   = note: `JobEffect` has a derived impl for the trait `Clone`, but this is intentionally ignored during dead code analysis
   = note: `#[warn(dead_code)]` (part of `#[warn(unused)]`) on by default

warning: struct `ReadPause` is never constructed
  --> crates/kasumi-engine/src/security_audit_jobs.rs:57:19
   |
57 | pub(super) struct ReadPause {
   |                   ^^^^^^^^^

warning: method `run_mutation` is never used
   --> crates/kasumi-engine/src/security_audit_jobs.rs:120:25
    |
 62 | impl SecurityAudit {
    | ------------------ method in this implementation
...
120 |     pub(super) async fn run_mutation<T, F, R>(&self, component: &'static str, run: R) -> Result<T>
    |                         ^^^^^^^^^^^^

warning: `kasumi-engine` (lib) generated 3 warnings
warning: field `panic` is never read
  --> crates/kasumi-engine/src/security_audit_jobs.rs:52:9
   |
48 | pub(super) struct RecordFault {
   |                   ----------- field in this struct
...
52 |     pub panic: bool,
   |         ^^^^^

warning: `kasumi-engine` (lib test) generated 4 warnings (3 duplicates)
    Finished `test` profile [unoptimized + debuginfo] target(s) in 1m 03s
     Running unittests src/lib.rs (target/disk-backed-cache/debug/deps/kasumi_engine-3656345440c90b6a)

running 22 tests
test staged_terminal::tests::failed_terminal_ordinal_insert_aborts_uncommitted_batch_and_head ... ok
test state::mutation_apply::tests::metadata_publication_covers_forward_and_replayed_positions ... ok
test state::mutation_apply::tests::revision_only_audit_exhaustion_waits_for_publication ... ok
test state::mutation_apply::tests::terminal_reservation_covers_error_codes_escaped_versions_and_counter_widths ... ok
test state::mutation_apply::tests::verified_point_history_crosses_former_count_limit_before_a_real_new_mutation ... ignored, explicit permanent-receipt capacity cohort; streams 100,000 encrypted point rows
test state::recovery::publication_tests::rejected_recovery_waits_for_publication_and_retries_exact_response ... ok
test state::mutation_apply::tests::deterministic_rejection_waits_for_publication ... ok
test state::mutation_apply::tests::command_publication_keeps_candidate_private_until_commit ... ok
test mutation_receipt::tests::durable_future_row_is_invisible_and_only_exact_original_replay_can_reuse_it ... ok
test staged_terminal::tests::durable_future_row_is_invisible_and_only_exact_original_replay_can_reuse_it ... ok
test state::mutation_apply::tests::failed_publication_keeps_staged_receipt_hidden_until_exact_retry ... ok
test staged_terminal::tests::encrypted_reopen_keeps_unapplied_terminal_rows_hidden_until_exact_replay ... ok
test state::mutation_apply::tests::text_materialization_failure_is_outer_and_does_not_select_a_receipt ... ok
test state::mutation_apply::tests::hot_audit_exhaustion_cannot_rewrite_original_or_admit_a_new_identity ... ok
test mutation_receipt::tests::encrypted_reopen_keeps_unapplied_receipt_rows_hidden_until_exact_replay ... ok
test mutation_receipt::tests::fixture_staging_reuses_only_complete_exact_pairs ... ok
test staged_terminal::tests::fixture_staging_reuses_only_complete_exact_pairs ... ok
test state::mutation_apply::tests::snapshot_quota_rejection_preserves_text_writer_and_original_receipts ... ok
test state::mutation_apply::tests::admitted_failure_survives_byte_exhaustion_expansion_and_snapshot_replay ... ok
test state::mutation_apply::tests::invalid_index_inputs_remain_deterministic_rejections_before_text_materialization ... ok
test state::tenant_audit::tests::failed_prune_publication_keeps_selected_prefix_and_replays_staged_archive ... ok
test state::mutation_apply::tests::recovery_seal_two_writes_three_reads_are_atomic_and_replay_original_receipts ... ok

test result: ok. 21 passed; 0 failed; 1 ignored; 0 measured; 328 filtered out; finished in 6.28s

