Command: cargo test --locked --offline --config profile.test.package.kasumi-kv.opt-level=3 --config profile.test.package.sha2.opt-level=3 -p kasumi-engine --all-features --lib -- validation_baseline_failed_publish_retires_candidate_before_apply_owner
CARGO_TARGET_DIR=target/disk-backed-cache
   Compiling kasumi-engine v0.1.0 (/Users/takemiyamakoto/dev/kasumi/crates/kasumi-engine)
warning: variant `Mutation` is never constructed
  --> crates/kasumi-engine/src/security_audit_jobs.rs:26:5
   |
24 | enum JobEffect {
   |      --------- variant in this enum
25 |     Read,
26 |     Mutation(&'static str),
   |     ^^^^^^^^
   |
   = note: `JobEffect` has a derived impl for the trait `Clone`, but this is intentionally ignored during dead code analysis
   = note: `#[warn(dead_code)]` (part of `#[warn(unused)]`) on by default

warning: struct `ReadPause` is never constructed
  --> crates/kasumi-engine/src/security_audit_jobs.rs:57:19
   |
57 | pub(super) struct ReadPause {
   |                   ^^^^^^^^^

warning: method `run_mutation` is never used
   --> crates/kasumi-engine/src/security_audit_jobs.rs:120:25
    |
 62 | impl SecurityAudit {
    | ------------------ method in this implementation
...
120 |     pub(super) async fn run_mutation<T, F, R>(&self, component: &'static str, run: R) -> Result<T>
    |                         ^^^^^^^^^^^^

warning: `kasumi-engine` (lib) generated 3 warnings
warning: field `panic` is never read
  --> crates/kasumi-engine/src/security_audit_jobs.rs:52:9
   |
48 | pub(super) struct RecordFault {
   |                   ----------- field in this struct
...
52 |     pub panic: bool,
   |         ^^^^^

warning: `kasumi-engine` (lib test) generated 4 warnings (3 duplicates)
    Finished `test` profile [unoptimized + debuginfo] target(s) in 7m 41s
     Running unittests src/lib.rs (target/disk-backed-cache/debug/deps/kasumi_engine-b15d1192089511a8)

running 1 test
test state::validation_baseline_tests::validation_baseline_failed_publish_retires_candidate_before_apply_owner ... FAILED

failures:

---- state::validation_baseline_tests::validation_baseline_failed_publish_retires_candidate_before_apply_owner stdout ----

thread 'state::validation_baseline_tests::validation_baseline_failed_publish_retires_candidate_before_apply_owner' (19869814) panicked at crates/kasumi-engine/src/validation_baseline_tests.rs:1034:5:
assertion `left == right` failed
  left: [RestoreRetirement { candidate_retired: true, apply_lock: Available }]
 right: [RestoreRetirement { candidate_retired: true, apply_lock: Held }]
note: run with `RUST_BACKTRACE=1` environment variable to display a backtrace


failures:
    state::validation_baseline_tests::validation_baseline_failed_publish_retires_candidate_before_apply_owner

test result: FAILED. 0 passed; 1 failed; 0 ignored; 0 measured; 613 filtered out; finished in 8.32s

error: test failed, to rerun pass `-p kasumi-engine --lib`
Runner: 469.74s; exit=101; matching=848/848
