Command: cargo test --locked --offline --config profile.test.package.kasumi-kv.opt-level=3 --config profile.test.package.sha2.opt-level=3 -p kasumi-kv -p kasumi-store -p kasumi-raft -p kasumi-engine --all-features --lib --no-fail-fast -- source_actor_provider_layout source_capacity_actor_handoff source_capacity_real_actor_slot source_constructor_ source_lane_growth_ --nocapture
ISOLATED_SOURCE=/tmp/kasumi-source-cohort-validation-v1
CARGO_TARGET_DIR=/Users/takemiyamakoto/dev/kasumi/target/disk-backed-cache
   Compiling kasumi-raft v0.1.0 (/private/tmp/kasumi-source-cohort-validation-v1/crates/kasumi-raft)
warning: associated function `for_provider` is never used
  --> crates/kasumi-raft/src/application_source_capacity.rs:12:19
   |
11 | impl ApplicationSourceActorLayout {
   | --------------------------------- associated function in this implementation
12 |     pub(crate) fn for_provider<T>() -> anyhow::Result<Self> {
   |                   ^^^^^^^^^^^^
   |
   = note: `#[warn(dead_code)]` (part of `#[warn(unused)]`) on by default

   Compiling kasumi-engine v0.1.0 (/private/tmp/kasumi-source-cohort-validation-v1/crates/kasumi-engine)
error[E0433]: cannot find module or crate `openraft` in this scope
    --> crates/kasumi-engine/src/application_sources.rs:1725:17
     |
1725 |     ) -> Result<openraft::storage::capacity::CapacitySlot<u64>> {
     |                 ^^^^^^^^ use of unresolved module or unlinked crate `openraft`
     |
     = help: if you wanted to use a crate named `openraft`, use `cargo add openraft` to add it to your `Cargo.toml`

error[E0433]: cannot find module or crate `openraft` in this scope
    --> crates/kasumi-engine/src/application_sources.rs:1741:13
     |
1741 |             openraft::storage::capacity::CapacitySlot::<u64>::required_bytes::<ActorSlotFunding>()
     |             ^^^^^^^^ use of unresolved module or unlinked crate `openraft`
     |
     = help: if you wanted to use a crate named `openraft`, use `cargo add openraft` to add it to your `Cargo.toml`

error[E0433]: cannot find module or crate `openraft` in this scope
    --> crates/kasumi-engine/src/application_sources.rs:1756:12
     |
1756 |         Ok(openraft::storage::capacity::CapacitySlot::new(
     |            ^^^^^^^^ use of unresolved module or unlinked crate `openraft`
     |
     = help: if you wanted to use a crate named `openraft`, use `cargo add openraft` to add it to your `Cargo.toml`

warning: `kasumi-raft` (lib) generated 1 warning
For more information about this error, try `rustc --explain E0433`.
error: could not compile `kasumi-engine` (lib) due to 3 previous errors
warning: build failed, waiting for other jobs to finish...
Runner: 16.19s; exit=101; matching=1565/1565
