Command: cargo test --locked --offline --config profile.test.package.kasumi-kv.opt-level=3 --config profile.test.package.sha2.opt-level=3 -p kasumi-kv -p kasumi-store -p kasumi-query -p kasumi-raft -p kasumi-engine -p kasumi-authority --all-features --lib --no-fail-fast -- selected_primary_ primary_document_source_ document_pool selected_sources_ source_quote_ source_root_ source_binding_ source_failure_ logical_index_ image_inventory_ publication_inventory streamed_record_inventory_ --nocapture
ISOLATED_SOURCE=/tmp/kasumi-source-cohort-validation-v1
CARGO_TARGET_DIR=/Users/takemiyamakoto/dev/kasumi/target/disk-backed-cache
   Compiling kasumi-kv v0.1.0 (/private/tmp/kasumi-source-cohort-validation-v1/crates/kasumi-kv)
warning: method `last_sm_seq` is never used
  --> vendor/openraft-0.9.25/openraft/src/engine/engine_output.rs:35:19
   |
24 | / impl<C> EngineOutput<C>
25 | | where
26 | |     C: RaftTypeConfig,
   | |______________________- method in this implementation
...
35 |       pub(crate) fn last_sm_seq(&self) -> CommandSeq {
   |                     ^^^^^^^^^^^
   |
   = note: `#[warn(dead_code)]` (part of `#[warn(unused)]`) on by default

warning: method `accept_vote` is never used
  --> vendor/openraft-0.9.25/openraft/src/engine/handler/vote_handler/mod.rs:58:19
   |
45 | / impl<C> VoteHandler<'_, C>
46 | | where
47 | |     C: RaftTypeConfig,
   | |______________________- method in this implementation
...
58 |       pub(crate) fn accept_vote<T, E, F>(
   |                     ^^^^^^^^^^^

warning: `openraft` (lib) generated 2 warnings
   Compiling kasumi-store v0.1.0 (/private/tmp/kasumi-source-cohort-validation-v1/crates/kasumi-store)
warning: field `database` is never read
  --> crates/kasumi-store/src/storage_opening/publication.rs:58:5
   |
55 | struct PublicationRequest {
   |        ------------------ field in this struct
...
58 |     database: StorageRegistration<DatabaseOwner>,
   |     ^^^^^^^^
   |
   = note: `#[warn(dead_code)]` (part of `#[warn(unused)]`) on by default

   Compiling kasumi-raft v0.1.0 (/private/tmp/kasumi-source-cohort-validation-v1/crates/kasumi-raft)
warning: `kasumi-store` (lib) generated 1 warning
warning: field `0` is never read
  --> crates/kasumi-raft/src/owned_prepared_restore.rs:25:33
   |
25 | struct CandidateRetirementPanic(std::sync::Mutex<Box<dyn std::any::Any + Send>>);
   |        ------------------------ ^^^^^^^^^^^^^^^^^^^^^^^^^^^^^^^^^^^^^^^^^^^^^^^
   |        |
   |        field in this struct
   |
   = help: consider removing this field
   = note: `#[warn(dead_code)]` (part of `#[warn(unused)]`) on by default

warning: method `prepared_snapshot_publication` is never used
   --> crates/kasumi-raft/src/custody_machine.rs:235:19
    |
135 | impl CustodyMachine {
    | ------------------- method in this implementation
...
235 |     pub(crate) fn prepared_snapshot_publication(
    |                   ^^^^^^^^^^^^^^^^^^^^^^^^^^^^^

warning: method `publish` is never used
   --> crates/kasumi-raft/src/custody_snapshot_preparation.rs:298:19
    |
188 | impl PreparedCustodySnapshotPublication {
    | --------------------------------------- method in this implementation
...
298 |     pub(crate) fn publish(&mut self, control: &OwnedControlGuard) -> Result<()> {
    |                   ^^^^^^^

warning: field `0` is never read
   --> crates/kasumi-raft/src/custody_snapshot_preparation.rs:382:32
    |
382 | struct SnapshotRetirementPanic(std::sync::Mutex<Box<dyn std::any::Any + Send>>);
    |        ----------------------- ^^^^^^^^^^^^^^^^^^^^^^^^^^^^^^^^^^^^^^^^^^^^^^^
    |        |
    |        field in this struct
    |
    = help: consider removing this field

warning: field `0` is never read
   --> crates/kasumi-raft/src/lifetime.rs:249:17
    |
249 |     Application(StorageHandle<kasumi_store::TenantStorageSet>),
    |     ----------- ^^^^^^^^^^^^^^^^^^^^^^^^^^^^^^^^^^^^^^^^^^^^^
    |     |
    |     field in this variant
    |
help: consider changing the field to be of unit type to suppress this warning while preserving the field numbering, or remove the field
    |
249 -     Application(StorageHandle<kasumi_store::TenantStorageSet>),
249 +     Application(()),
    |

warning: field `0` is never read
   --> crates/kasumi-raft/src/lifetime.rs:250:13
    |
250 |     Custody(StorageHandle<kasumi_store::CustodyStore>),
    |     ------- ^^^^^^^^^^^^^^^^^^^^^^^^^^^^^^^^^^^^^^^^^
    |     |
    |     field in this variant
    |
help: consider changing the field to be of unit type to suppress this warning while preserving the field numbering, or remove the field
    |
250 -     Custody(StorageHandle<kasumi_store::CustodyStore>),
250 +     Custody(()),
    |

warning: associated function `new` is never used
  --> crates/kasumi-raft/src/snapshot_buffer/prepared_child.rs:84:8
   |
83 | impl PreparedChild {
   | ------------------ associated function in this implementation
84 |     fn new(body: PreparedSnapshotBody) -> Self {
   |        ^^^

warning: field `0` is never read
   --> crates/kasumi-raft/src/snapshot_buffer/prepared_child.rs:307:19
    |
307 | struct ChildPanic(Mutex<Box<dyn std::any::Any + Send>>);
    |        ---------- ^^^^^^^^^^^^^^^^^^^^^^^^^^^^^^^^^^^^
    |        |
    |        field in this struct
    |
    = help: consider removing this field

warning: methods `begin_prepared_body` and `cancel_body` are never used
   --> crates/kasumi-raft/src/snapshot_buffer/prepared_child.rs:406:19
    |
320 | impl SnapshotBuffer {
    | ------------------- methods in this implementation
...
406 |     pub(crate) fn begin_prepared_body(
    |                   ^^^^^^^^^^^^^^^^^^^
...
470 |     pub(crate) async fn cancel_body(&mut self) -> DrainResult {
    |                         ^^^^^^^^^^^

warning: method `prepare_engine_publication` is never used
    --> crates/kasumi-raft/src/storage.rs:1121:19
     |
1083 | impl PendingSnapshot {
     | -------------------- method in this implementation
...
1121 |     pub(crate) fn prepare_engine_publication<'backend>(
     |                   ^^^^^^^^^^^^^^^^^^^^^^^^^^

warning: enum `SnapshotPublicationPhase` is never used
    --> crates/kasumi-raft/src/storage.rs:1175:6
     |
1175 | enum SnapshotPublicationPhase {
     |      ^^^^^^^^^^^^^^^^^^^^^^^^

warning: struct `PreparedEngineSnapshotPublication` is never constructed
    --> crates/kasumi-raft/src/storage.rs:1181:19
     |
1181 | pub(crate) struct PreparedEngineSnapshotPublication<'backend> {
     |                   ^^^^^^^^^^^^^^^^^^^^^^^^^^^^^^^^^

warning: methods `source` and `publish` are never used
    --> crates/kasumi-raft/src/storage.rs:1191:19
     |
1190 | impl PreparedEngineSnapshotPublication<'_> {
     | ------------------------------------------ methods in this implementation
1191 |     pub(crate) fn source(&self) -> &crate::PreparedSnapshotSourceEnvelope {
     |                   ^^^^^^
...
1194 |     pub(crate) fn publish(&mut self, domains: &TenantStorageSet) -> Result<()> {
     |                   ^^^^^^^

warning: method `context` is never used
   --> crates/kasumi-raft/src/storage/snapshot_conflict.rs:403:19
    |
134 | impl PreparedSnapshotConflict {
    | ----------------------------- method in this implementation
...
403 |     pub(crate) fn context(&self) -> &SnapshotAcceptanceContext<u64> {
    |                   ^^^^^^^

warning: method `source` is never used
   --> crates/kasumi-raft/src/storage/owned_snapshot_body.rs:328:19
    |
 59 | impl PreparedApplicationSnapshot {
    | -------------------------------- method in this implementation
...
328 |     pub(crate) fn source(&self) -> Option<&crate::PreparedSnapshotSourceEnvelope> {
    |                   ^^^^^^

warning: field `0` is never read
   --> crates/kasumi-raft/src/storage/owned_snapshot_body.rs:770:32
    |
770 | struct SnapshotRetirementPanic(std::sync::Mutex<Box<dyn std::any::Any + Send>>);
    |        ----------------------- ^^^^^^^^^^^^^^^^^^^^^^^^^^^^^^^^^^^^^^^^^^^^^^^
    |        |
    |        field in this struct
    |
    = help: consider removing this field

warning: methods `log` and `expected` are never used
   --> crates/kasumi-raft/src/storage/snapshot_seed.rs:461:19
    |
132 | impl SnapshotSeed {
    | ----------------- methods in this implementation
...
461 |     pub(crate) fn log(&self) -> &LogStore {
    |                   ^^^
...
464 |     pub(crate) fn expected(&self) -> &SnapshotMeta<u64, BasicNode> {
    |                   ^^^^^^^^

warning: `kasumi-store` (lib test) generated 1 warning (1 duplicate)
   Compiling kasumi-engine v0.1.0 (/private/tmp/kasumi-source-cohort-validation-v1/crates/kasumi-engine)
warning: `kasumi-raft` (lib) generated 17 warnings
warning: methods `fixture_install_snapshot` and `prepared_snapshot_publication` are never used
   --> crates/kasumi-raft/src/custody_machine.rs:139:25
    |
135 | impl CustodyMachine {
    | ------------------- methods in this implementation
...
139 |     pub(crate) async fn fixture_install_snapshot(
    |                         ^^^^^^^^^^^^^^^^^^^^^^^^
...
235 |     pub(crate) fn prepared_snapshot_publication(
    |                   ^^^^^^^^^^^^^^^^^^^^^^^^^^^^^
    |
    = note: `#[warn(dead_code)]` (part of `#[warn(unused)]`) on by default

warning: `kasumi-raft` (lib test) generated 7 warnings (6 duplicates)
warning: methods `prepare` and `prepare_kind` are never used
   --> crates/kasumi-engine/src/application_sources.rs:760:19
    |
652 | impl SourceRootsRef {
    | ------------------- methods in this implementation
...
760 |     pub(crate) fn prepare(&self) -> Result<RootPreparation> {
    |                   ^^^^^^^
...
799 |     fn prepare_kind(&self, canonical: bool) -> Result<RootPreparation> {
    |        ^^^^^^^^^^^^
    |
    = note: `#[warn(dead_code)]` (part of `#[warn(unused)]`) on by default

warning: `kasumi-engine` (lib) generated 1 warning
   Compiling kasumi-authority v0.1.0 (/private/tmp/kasumi-source-cohort-validation-v1/crates/kasumi-authority)
warning: unused imports: `AcceptedPublicationInventory`, `CollectionPublication`, and `DocumentChange`
   --> crates/kasumi-engine/src/primary_projection.rs:208:5
    |
208 |     AcceptedPublicationInventory, CollectionAction, CollectionPublication, DocumentChange,
    |     ^^^^^^^^^^^^^^^^^^^^^^^^^^^^                    ^^^^^^^^^^^^^^^^^^^^^  ^^^^^^^^^^^^^^
    |
    = note: `#[warn(unused_imports)]` (part of `#[warn(unused)]`) on by default

warning: field `quote` is never read
  --> crates/kasumi-engine/src/primary_cache_warm.rs:19:5
   |
17 | pub(super) struct Cursor {
   |                   ------ field in this struct
18 |     frames: Vec<Frame>,
19 |     quote: u64,
   |     ^^^^^
   |
   = note: `#[warn(dead_code)]` (part of `#[warn(unused)]`) on by default

warning: method `request_cache_refill` is never used
  --> crates/kasumi-engine/src/primary_cache_warm.rs:42:19
   |
23 | impl SelectedPrimary {
   | -------------------- method in this implementation
...
42 |     pub(crate) fn request_cache_refill(self) -> std::result::Result<Self, ReadFailure> {
   |                   ^^^^^^^^^^^^^^^^^^^^

warning: methods `warm_batch` and `request_cache_refill` are never used
  --> crates/kasumi-engine/src/primary_document_source.rs:78:19
   |
61 | impl PrimaryDocumentSource {
   | -------------------------- methods in this implementation
...
78 |     pub(crate) fn warm_batch(
   |                   ^^^^^^^^^^
...
85 |     pub(crate) fn request_cache_refill(&self) -> ReadResult<(), ReadFailure> {
   |                   ^^^^^^^^^^^^^^^^^^^^

warning: `kasumi-engine` (lib test) generated 4 warnings (run `cargo fix --lib -p kasumi-engine --tests` to apply 1 suggestion)
    Finished `test` profile [unoptimized + debuginfo] target(s) in 8m 08s
     Running unittests src/lib.rs (/Users/takemiyamakoto/dev/kasumi/target/disk-backed-cache/debug/deps/kasumi_authority-e63a7f831ec29de9)

running 0 tests

test result: ok. 0 passed; 0 failed; 0 ignored; 0 measured; 78 filtered out; finished in 0.00s

     Running unittests src/lib.rs (/Users/takemiyamakoto/dev/kasumi/target/disk-backed-cache/debug/deps/kasumi_engine-707e7a92ed2be845)

running 66 tests
test application_sources::tests::primary_read_tests::selected_primary_cache_constructor_and_clone_payloads_are_under_actual_aggregate_quote ... ok
test admission::source_publication::tests::native_source_binding_rejects_same_policy_foreign_core_without_fallback ... ok
test application_sources::tests::allocation_tails::source_root_weak_retains_shell_credit_after_payload_is_gone ... ok
test application_sources::tests::point_retirement_tests::selected_sources_actual_point_drop_panic_still_cancels_queued_reader ... ok
test application_sources::tests::point_retirement_tests::selected_sources_actual_point_drop_panic_preserves_capture_error_and_separate_payload ... ok
test application_sources::tests::allocation_tails::source_binding_box_retires_before_its_real_root_credit ... ok
test application_sources::tests::allocation_tails::source_root_and_credit_arcs_remain_funded_through_actual_deallocation ... ok
test application_sources::tests::primary_read_tests::selected_primary_cache_hit_still_rechecks_actual_key_access_after_callback ... ok
test application_sources::tests::primary_read_tests::selected_primary_actual_node_denial_precedes_lending_and_keeps_error_credit ... ok
test application_sources::tests::primary_read_tests::selected_primary_cache_finite_warm_keeps_all_pages_records_and_metadata ... ok
test application_sources::tests::quote_tests::source_quote_actual_engine_provider_token_is_preclaimed_and_request_is_pure ... ok
test application_sources::tests::primary_read_tests::selected_primary_encrypted_branch_live_archive_absence_and_old_pin ... ok
test application_sources::tests::primary_read_tests::selected_primary_empty_tree_still_rechecks_current_storage_access ... ok
test application_sources::tests::primary_read_tests::selected_primary_actual_decode_denial_retains_complete_wire_without_lending ... ok
test application_sources::tests::primary_read_tests::selected_primary_callback_access_change_is_rechecked_before_success ... ok
test application_sources::tests::primary_read_tests::selected_primary_cache_last_payload_guard_keeps_original_credit_after_source_retirement ... ok
test application_sources::tests::primary_read_tests::selected_primary_failure_retains_original_reader_and_actual_workspace_until_drop ... ok
test application_sources::tests::allocation_tails::source_failure_actual_error_aliases_hold_credit_through_owner_deallocation ... ok
test application_sources::tests::primary_read_tests::selected_primary_headers_cross_leaf_boundaries_without_loading_document_chunks ... ok
test application_sources::tests::quote_tests::source_quote_reader_retained_amount_matches_actual_installed_provider_requests ... ok
publication_owner_layout expectation=72 challenge=72 receipt=216 plan=384 root_preparation=2272 publication_preparation=2288 source_roots=2416 cell_bytes=15424
test application_sources::tests::primary_read_tests::selected_primary_headers_use_the_exact_old_root_and_preserve_cancellation ... ok
test application_sources::tests::quote_tests::source_quote_is_allocation_free_bound_and_covers_real_capture_peak ... ok
test application_sources::tests::quote_tests::source_quote_covered_planning_tracks_actual_rows_and_transferred_backing ... ok
test application_sources::tests::selected_sources_alias_refusal_preserves_later_actual_native_close_failure ... ok
test application_sources::tests::selected_sources_canonical_failure_closes_parent_preserves_original_and_issue ... ok
test application_sources::tests::primary_read_tests::selected_primary_overflow_corruption_and_missing_never_lend_partial_dto ... ok
test application_sources::tests::selected_sources_maintenance_publication_requires_actual_scope_for_owner_and_growth ... ok
test application_sources::tests::selected_sources_capture_finalization_settles_handle_before_retirement ... ok
test application_sources::tests::primary_read_tests::selected_primary_page_corruption_and_foreign_registry_are_rejected ... ok
test application_sources::tests::selected_sources_failed_consuming_close_never_becomes_success_from_none ... ok
test application_sources::tests::selected_sources_last_selected_handle_closes_during_ordinary_operation ... ok
test application_sources::tests::selected_sources_fork_seal_closes_registered_child_before_releasing_permit ... ok
test application_sources::tests::selected_sources_actual_entry_hands_point_backing_to_capture_and_queue_cancellation ... ok
test document_pool::allocation_tests::document_pool_aliasing_is_allocation_free_and_denial_never_clones_large_source ... ok
test document_pool::allocation_tests::document_pool_concurrent_last_drop_frees_payload_and_pool_arcs_before_refund ... ok
test document_pool::allocation_tests::document_pool_empty_control_quote_covers_actual_wait_and_final_retirement ... ok
test document_pool::allocation_tests::document_pool_quotes_allocate_nothing_and_cover_control_and_compact_clones ... ok
test document_pool::tests::document_pool_concurrent_growth_and_retirement_leave_exact_control ... ok
test document_pool::tests::document_pool_creation_and_growth_preserve_both_slot_floors ... ok
test document_pool::tests::document_pool_creation_preserves_work_and_protected_byte_floors ... ok
test document_pool::tests::document_pool_denial_and_overflow_preserve_existing_credit_and_source ... ok
test document_pool::tests::document_pool_growth_preserves_exact_work_and_protected_byte_floors ... ok
test document_pool::tests::document_pool_thousands_of_documents_share_one_resident_slot ... ok

thread 'document_pool::tests::document_pool_unwind_retires_private_document_and_unpublished_credit' (27529644) panicked at crates/kasumi-engine/src/document_pool_tests.rs:136:13:
failure after private document preparation
note: run with `RUST_BACKTRACE=1` environment variable to display a backtrace

thread 'document_pool::tests::document_pool_unwind_retires_private_document_and_unpublished_credit' (27529644) panicked at crates/kasumi-engine/src/document_pool_tests.rs:147:13:
failure before document construction
test document_pool::tests::document_pool_unwind_retires_private_document_and_unpublished_credit ... ok
test primary_tree::index::tests::logical_index_encoder_refuses_invalid_shapes_before_mutating_backing ... ok
test primary_tree::index::tests::logical_index_frame_rejects_foreign_generation_digest_padding_and_counts ... ok
test primary_tree::index::tests::logical_index_leaf_roles_and_branch_counts_are_exact ... ok
test primary_tree::index::tests::logical_index_page_frames_keep_external_key_lengths_and_fixed_capacity ... ok
test application_sources::tests::selected_sources_fork_keeps_exact_old_native_generation_after_parent_retirement ... ok
test application_sources::tests::selected_sources_initial_install_fits_actual_rows_below_format_ceiling ... ok

thread 'application_sources::tests::primary_read_tests::selected_primary_panic_payload_survives_as_original_failure_until_drop' (27528396) panicked at crates/kasumi-engine/src/primary_read_tests.rs:866:13:
Box<dyn Any>
test application_sources::tests::primary_read_tests::selected_primary_panic_payload_survives_as_original_failure_until_drop ... ok
test application_sources::tests::selected_sources_missing_prospective_callback_never_publishes_generation ... ok
test application_sources::tests::selected_sources_prospective_denial_preserves_cursor_generation_and_original_then_retries ... ok
test admission::source_publication::protected_point_tests::protected_source_binding_rejects_foreign_pair_provider_and_uncaptured_owner ... ok
test application_sources::tests::selected_sources_repeated_prospective_callback_is_sticky_and_cancels_queued_reader ... ok

thread 'application_sources::tests::selected_sources_unknown_capture_panic_without_view_never_drains_as_clean' (27529506) panicked at crates/kasumi-engine/src/application_sources_tests.rs:710:17:
Box<dyn Any>
test application_sources::tests::selected_sources_shutdown_closes_native_parent_with_metadata_alias_alive ... ok
test application_sources::tests::selected_sources_routine_bounded_read_error_retires_with_original_report_alive ... ok
test application_sources::tests::selected_sources_unknown_capture_panic_without_view_never_drains_as_clean ... ok
test application_sources::tests::primary_read_tests::selected_primary_preserves_restored_zero_document_versions ... ok
test application_sources::tests::selected_sources_covered_capture_cannot_settle_after_serving_handoff ... ok
test application_sources::tests::primary_read_tests::selected_primary_rejects_catalog_manifest_and_selector_substitution ... ok
test state::primary_projection::tests::inventory_tests::accepted_publication_inventory_archive_preserves_version_and_exact_index_fields ... ok
test application_sources::tests::selected_sources_real_local_startup_publishes_entry_and_drains_surviving_generation ... ok
test state::primary_projection::tests::inventory_tests::accepted_publication_inventory_replays_exact_old_and_final_rows_without_allocating ... ok
test state::primary_projection::tests::inventory_tests::accepted_publication_inventory_definition_actions_require_same_producer ... ok

thread 'application_sources::tests::selected_sources_actual_snapshot_install_and_encrypted_reopen_preserve_identity' (27528729) panicked at crates/kasumi-engine/src/application_sources_tests.rs:1235:5:
assertion failed: bootstrap_cell.state.lock().unwrap().closed
test application_sources::tests::selected_sources_actual_snapshot_install_and_encrypted_reopen_preserve_identity ... FAILED

failures:

failures:
    application_sources::tests::selected_sources_actual_snapshot_install_and_encrypted_reopen_preserve_identity

test result: FAILED. 65 passed; 1 failed; 0 ignored; 0 measured; 639 filtered out; finished in 23.39s

error: test failed, to rerun pass `-p kasumi-engine --lib`
     Running unittests src/lib.rs (/Users/takemiyamakoto/dev/kasumi/target/disk-backed-cache/debug/deps/kasumi_kv-221aa5373d25965b)

running 15 tests
test publication_inventory::image::tests::image_inventory_rejects_noncanonical_encodings_and_forged_valid_shape_totals ... ok
test publication_inventory::record::tests::streamed_record_inventory_matches_preexisting_canonical_digest_for_every_window ... ok
test publication_inventory::tests::publication_inventory_geometry_has_one_reusable_tail_slack_and_checked_native_bounds ... ok
test publication_inventory::record::tests::streamed_record_inventory_partial_or_rejected_values_cannot_advance_parent ... ok
test publication_inventory::record::tests::streamed_record_inventory_checks_shape_before_value_and_rejects_extra_bytes ... ok
test publication_inventory::tests::publication_inventory_borrows_exact_bytes_and_round_trips_without_allocation ... ok
test publication_inventory::tests::publication_inventory_distinguishes_tombstone_empty_value_order_and_changed_ciphertext ... ok

thread 'segment::publication::tests::streamed_publication_effectful_source_failure_and_panic_retain_original_and_fence' (27530457) panicked at crates/kasumi-kv/src/segment_publication_tests.rs:88:17:
Box<dyn Any>
note: run with `RUST_BACKTRACE=1` environment variable to display a backtrace
test segment::publication::tests::streamed_publication_effectful_source_failure_and_panic_retain_original_and_fence ... ok
test tables::read_fork_tests::source_quote_constructor_requests_are_pure_and_match_actual_native_capture ... ok
test publication_inventory::tests::publication_inventory_rejects_limits_and_overflow_before_mutating_prior_stream ... ok
test segment::space::tests::publication_inventory_segment_geometry_covers_actual_commits_with_intervening_writes ... ok
test publication_inventory::image::tests::image_inventory_exact_chunk_digest_rejects_reorder_duplicate_and_tombstone_changes ... ok
test publication_inventory::image::tests::image_inventory_preserves_invalid_record_refusal_without_closing_or_changing_chunk ... ok
test publication_inventory::image::tests::image_inventory_streams_more_than_one_hundred_thousand_rows_in_bounded_chunks ... ok
test publication_inventory::image::tests::image_inventory_crosses_byte_limit_without_raising_any_record_or_chunk_limit ... ok

test result: ok. 15 passed; 0 failed; 0 ignored; 0 measured; 568 filtered out; finished in 0.37s

     Running unittests src/lib.rs (/Users/takemiyamakoto/dev/kasumi/target/disk-backed-cache/debug/deps/kasumi_query-98098ded30f605b4)

running 1 test
test index_input_tests::second_unique_pass_preserves_original_source_failure_and_published_indexes ... ok

test result: ok. 1 passed; 0 failed; 0 ignored; 0 measured; 75 filtered out; finished in 0.03s

     Running unittests src/lib.rs (/Users/takemiyamakoto/dev/kasumi/target/disk-backed-cache/debug/deps/kasumi_raft-80f97d1b4f50c7fa)

running 1 test
test snapshot_buffer::application_source_custody_tests::application_source_binding_is_single_use_idle_and_before_acquisition ... ok

test result: ok. 1 passed; 0 failed; 0 ignored; 0 measured; 248 filtered out; finished in 0.02s

     Running unittests src/lib.rs (/Users/takemiyamakoto/dev/kasumi/target/disk-backed-cache/debug/deps/kasumi_store-6fd2a1f28b2df75c)

running 0 tests

test result: ok. 0 passed; 0 failed; 0 ignored; 0 measured; 762 filtered out; finished in 0.00s

error: 1 target failed:
    `-p kasumi-engine --lib`
Runner: 512.56s; exit=101; matching=1633/1633
