Command: cargo test -p kasumi-store --all-features --lib --locked --offline --config profile.test.package.kasumi-kv.opt-level=3 --config profile.test.package.sha2.opt-level=3 -- --test-threads=1
CARGO_TARGET_DIR=target/disk-backed-cache
    Finished `test` profile [unoptimized + debuginfo] target(s) in 5.20s
     Running unittests src/lib.rs (target/disk-backed-cache/debug/deps/kasumi_store-98be0c6afb7030c8)

running 635 tests
test audit_archive::owned::tests::enrolled_pending_or_final_disappearance_fences_instead_of_reporting_absence ... ok
test audit_archive::owned::tests::exclusive_rename_preserves_an_existing_destination_and_the_source_inode ... ok
test audit_archive::owned::tests::owned_publication_resolves_partial_writes_and_uncertain_rename_without_adopting_files ... ok
test audit_archive::owned::tests::publication_readback_and_identity_use_only_the_published_handle ... ok
test audit_archive::owned::tests::restart_converges_pending_final_or_both_to_one_enrolled_final_inode ... ok
test audit_archive::owned::tests::substituted_final_name_fences_before_any_identity_is_observed ... ok
test audit_archive::tests::authentication_and_final_record_counts_precede_any_release ... ok
test audit_archive::tests::custody_fixtures_install_only_the_explicit_fixture_placement ... ok
test audit_archive::tests::existing_nonprivate_archive_directory_is_rejected_without_chmod ... ok
test audit_archive::tests::historical_source_is_exact_and_does_not_reopen_a_live_generation ... ok
test audit_archive::tests::historical_verification_checks_the_original_clock_and_release_fence ... ok
test audit_archive::tests::missing_placement_is_unavailable_and_never_writes_a_default_across_restart ... ok
test audit_archive::tests::object_symlink_cannot_read_or_overwrite_unrelated_files ... ok
test audit_archive::tests::persisted_external_placement_never_falls_back_to_default_after_restart ... ok
test audit_archive::tests::persisted_s3_placement_rejects_a_later_filesystem_install_after_restart ... ok
test audit_archive::tests::reverse_archive_dependencies_are_bounded_and_require_exact_link_and_source_verification ... ok
test audit_archive::tests::segment_capacity_is_bounded_and_positions_use_checked_u64 ... ok
test audit_archive::tests::verified_archive_is_private_immutable_contiguous_and_reopenable ... ok
test backup::minio_live::actual_minio_tls_sigv4_encrypted_roundtrip_create_only_and_access_denial ... ignored, requires explicit KASUMI_MINIO_DOCKER_HOST, KASUMI_MINIO_DOCKER_CONFIG and KASUMI_MINIO_WORKDIR; official pinned image must be pre-pulled
test backup::s3_tests::aws_published_signature_v4_get_object_vector ... ok
test backup::s3_tests::s3_credentials_are_reloaded_as_one_atomic_bundle ... ok
test backup::s3_tests::s3_namespace_binding_tracks_physical_namespace_not_credentials ... ok
test backup::s3_tests::s3_tls_round_trip_signed_session_token_create_only_and_bounded_download ... ok
test backup::sessions_s3::tests::bounded_s3_versions_preserve_exact_ids_and_service_order ... ok
test backup::sessions_s3::tests::bounded_s3_versions_reject_malformed_scope_duplicates_and_oversized_records ... ok
test backup::sessions_s3::tests::signed_query_uses_aws_encoding_and_sorting ... ok
test backup::tests::cancelled_destination_put_retires_bundle_only_after_future_drop ... ok
test backup::tests::decoded_and_related_backup_manifest_reserve_installed_memory_before_allocation ... ok
test backup::tests::destination_byte_limits_and_untrusted_format_are_rejected ... ok
test backup::tests::direct_ciphertext_output_requires_owner_headroom_before_crypto ... ok
test backup::tests::encrypted_bundle_round_trip_filesystem_reopen_and_tamper_rejection ... ok
test backup::tests::historical_backup_keeps_original_key_dependencies_after_rewrap ... ok
test backup::tests::manifest_canonical_check_denies_before_ciphertext_copy ... ok
test backup::tests::manifest_serialization_denies_decrypt_and_related_before_provider ... ok
test backup::tests::manifest_serialization_denies_direct_backup_and_bundle_before_output ... ok
test backup::tests::non_capacity_bundle_owner_failure_retains_typed_cause_and_no_output ... ok
test backup::tests::parsed_backup_ciphertext_copy_requires_installed_headroom_and_keeps_lease ... ok
test backup::tests::related_ciphertext_output_requires_owner_headroom_before_provider ... ok
test backup::tests::removal_of_an_inactive_backup_key_dependency_breaks_authentication ... ok
test backup::tests::serialized_bundle_requires_owner_headroom_and_retains_it_through_http_body ... ok
test backup_destination_index::tests::different_signing_regions_cannot_claim_the_same_s3_object_keys ... ok
test backup_destination_index::tests::duplicate_rotated_credentials_and_unbound_filesystem_reject ... ok
test backup_destination_index::tests::exact_identity_survives_registry_growth_but_never_redirects ... ok
test backup_destination_index::tests::filesystem_namespaces_install_once_without_overlapping_roots ... ok
test backup_destination_index::tests::index_limit_rejects_a_new_namespace_without_losing_existing_bindings ... ok
test backup_destination_index::tests::nested_prefixes_cannot_claim_each_others_session_object_keys ... ok
test backup_marker::tests::exact_first_release_vector_round_trips ... ok
test backup_marker::tests::filesystem_binding_is_exactly_the_marker_and_s3_has_none ... ok
test backup_marker::tests::invalid_owner_namespace_and_directory_reject_even_with_valid_digest ... ok
test backup_marker::tests::length_version_magic_and_digest_corruption_reject ... ok
test backup_sessions::filesystem::enrollment_tests::backup_enrollment_crash_cuts_complete_or_fail_closed_without_repair ... ok
test backup_sessions::filesystem::enrollment_tests::backup_root_binding_survives_device_renumbering_but_not_a_copied_directory ... ok
test backup_sessions::filesystem::enrollment_tests::enrolled_backup_root_binds_marker_owner_and_reopens_only_exactly ... ok
test backup_sessions::filesystem::enrollment_tests::enrollment_inside_an_enrolled_root_is_rejected_before_any_effect ... ok
test backup_sessions::filesystem::enrollment_tests::root_substituted_after_an_effect_leaves_it_unconfirmed_and_in_place ... ok
test backup_sessions::filesystem::enrollment_tests::sibling_device_uncertainty_refuses_backup_calls_without_fencing_their_owner ... ok
test backup_sessions::filesystem::enrollment_tests::substituted_backup_root_fences_every_destination_method ... ok
test backup_sessions::filesystem::enrollment_tests::unmarked_foreign_corrupt_and_copied_backup_markers_reject_without_recreation ... ok
test backup_sessions::filesystem::file_admission_tests::backup_file_claim_rejects_nil_and_busy_without_owned_path_allocation ... ok
test backup_sessions::filesystem::file_admission_tests::backup_file_denies_complete_extent_before_creating_a_pending_inode ... ok
test backup_sessions::filesystem::file_admission_tests::backup_file_denies_inode_cardinality_before_creating_a_pending_inode ... ok
test backup_sessions::filesystem::file_admission_tests::backup_file_failed_creation_retains_complete_charge_until_explicit_census ... ok
test backup_sessions::filesystem::file_admission_tests::backup_file_never_adopts_existing_pending_or_overwrites_published_bytes ... ok
test backup_sessions::filesystem::file_admission_tests::backup_file_publishes_original_inode_with_complete_precreation_reservation ... ok
test backup_sessions::filesystem::file_admission_tests::backup_file_two_wrappers_serialize_absence_classification_through_publication ... ok
test backup_sessions::filesystem::ownership_tests::missing_enrolled_leaf_fences_both_read_and_cleanup_without_releasing_credit ... ok
test backup_sessions::filesystem::ownership_tests::missing_unknown_or_admitted_deleted_leaf_is_repeatably_absent ... ok
test backup_sessions::filesystem::ownership_tests::retained_backup_directory_identity_fences_substitution ... ok
test backup_sessions::filesystem::session_admission_tests::new_session_denies_before_mkdir_when_both_terminal_inodes_cannot_fit ... ok
test backup_sessions::filesystem::session_admission_tests::permanent_terminal_capacity_survives_real_process_restart_at_full_file_and_byte_limits ... ok
test backup_sessions::filesystem::session_admission_tests::session_claim_acquires_or_rejects_without_owned_path_allocations ... ok
test backup_sessions::filesystem::session_admission_tests::terminal_publication_keeps_original_inode_full_extent_and_exact_ciphertext ... ok
test backup_sessions::filesystem::session_admission_tests::terminal_restart_worker ... ok
test backup_sessions::filesystem::session_admission_tests::two_wrappers_cannot_recreate_reserve_across_terminal_classification_and_rename ... ok
test backup_sessions::filesystem::terminal::tests::fixed_terminal_roundtrip_preserves_exact_ciphertext_and_full_extent ... ok
test backup_sessions::filesystem::terminal::tests::unknown_formats_legacy_bytes_and_every_noncanonical_field_reject ... ok
test backup_sessions::tests::completion_excludes_abort_and_corrupt_publication_never_grants_cleanup ... ok
test backup_sessions::tests::filesystem_abort_cleanup_is_bounded_repeatable_and_retains_control_and_other_namespaces ... ok
test backup_sessions::tests::filesystem_cleanup_rejects_directory_symlink_substitution ... ok
test backup_sessions::tests::recovered_session_root_requires_file_and_directory_sync_before_readback ... ok
test backup_sessions::tests::session_keeps_historical_source_purpose_separate_from_current_access ... ok
test backup_sessions::tests::visible_session_outcomes_require_durable_readback_before_resolution_or_cleanup ... ok
test cache_warmer::tests::automatic_warmer_fills_cold_reopen_without_foreground_reads ... ok
test cache_warmer::tests::automatic_warmer_parks_cache_limited_pass_and_resumes_after_budget_growth ... ok
test cache_warmer::tests::automatic_warmer_recovers_pressure_released_inside_the_denied_step ... ok
test cache_warmer::tests::automatic_warmer_rejects_a_runtime_lost_before_handoff ... ok
test cache_warmer::tests::automatic_warmer_retains_original_native_failure_through_shutdown ... ok
test cache_warmer::tests::automatic_warmer_retries_blocked_item_after_shared_pressure_releases ... ok
test cache_warmer::tests::automatic_warmer_shutdown_cancellation_retains_blocked_child_and_charge ... ok
test cache_warmer::tests::automatic_warmer_start_denial_spawns_nothing_and_can_retry ... ok
test cache_warmer::tests::automatic_warmer_stays_dormant_until_acknowledged_activation ... ok
test catalog_budget::catalog_byte_quota_rejects_initialization_rotation_and_rewrap_before_persistence ... ok
test catalog_budget::exact_catalog_boundary_leaves_room_for_worst_case_manifest_tenant_encoding ... ok
test catalog_budget::production_backup_catalog_clone_denies_low_headroom_and_lives_with_backup ... ok
test catalog_budget::production_catalog_mutation_clones_deny_low_headroom_and_keep_one_resident_charge ... ok
test catalog_budget::production_catalog_typed_admission_denial_precedes_serde_allocation ... ok
test catalog_budget::production_catalog_typed_owner_retains_installed_memory_until_drop ... ok
test catalog_budget::production_refresh_catalog_clone_denies_low_headroom_and_keeps_charge_until_probe_end ... ok
test catalog_read_budget::tests::shape_pass_rejects_large_map_before_typed_decode ... ok
test device_disk::memory_tests::device_registry_and_registration_have_exact_independent_lifetime_charges ... ok
test device_disk::memory_tests::failed_registration_and_foreign_core_do_not_grow_retained_device_metadata ... ok
test device_disk::registry_busy_tests::busy_device_registry_does_not_allocate_or_touch_memory_admission ... ok
test device_disk::tests::abandoned_uncertainty_or_pending_bytes_cannot_be_released_by_drop ... ok
test device_disk::tests::poisoned_device_stays_closed_after_all_registration_handles_drop ... ok
test disk_memory::tests::installed_lease_cannot_return_bytes_or_slot_before_actual_box_deallocation ... ok
test disk_memory::tests::mandatory_opaque_lease_preserves_inline_layout_and_provider_denial_accounting ... ok
test disk_memory::tests::panicking_token_keeps_single_retirement_and_frees_box_before_field_unwind ... ok
test file_keys::tests::file_keyring_rotation_binding_fresh_reads_and_reopen ... ok
test file_keys::tests::keyring_rejects_writer_impossible_domain_and_generation_gaps_without_repair ... ok
test file_keys::tests::keyring_requires_current_writer_bytes_without_repair ... ok
test file_keys::tests::rejects_public_keyrings_symlinks_and_unsupported_formats ... ok
test file_keys::tests::standalone_catalog_binds_installation_tenant_and_generation ... ok
test file_keys::workspace::tests::file_key_open_workspace_covers_real_bounded_factory ... ok
test file_keys::workspace::tests::file_key_open_workspace_is_checked_and_allocation_free ... ok
test file_keys::workspace::tests::prepared_file_input_selects_one_generation_and_preserves_validation_errors ... ok
test keys::historical_resolver_tests::duplicate_identity_is_rejected_even_when_providers_are_distinct_objects ... ok
test keys::historical_resolver_tests::exact_source_only_and_no_missing_or_failed_source_fallback ... ok
test keys::historical_resolver_tests::file_source_identity_comes_from_installed_keyring_not_path ... ok
test keys::historical_resolver_tests::historical_set_must_be_present_and_bounded ... ok
test keys::historical_resolver_tests::installed_descriptor_set_is_unique_and_order_independent ... ok
test keys::historical_resolver_tests::transit_identity_ignores_credential_rotation_but_not_key_resource ... ok
test keys::historical_source_descriptor_tests::file_descriptor_comes_from_opened_keyring_identity_not_path_or_generation ... ok
test keys::historical_source_descriptor_tests::transit_descriptor_tracks_exact_resource_mode_and_pinned_trust ... ok
test keys::historical_source_descriptor_tests::unpinned_transit_source_cannot_get_historical_descriptor ... ok
test keys::historical_source_set_tests::file_source_set_survives_restart_move_and_rotation_but_not_replacement ... ok
test keys::historical_source_set_tests::primary_entry_is_exact_dispatch_with_one_probe_per_identity ... ok
test keys::historical_source_set_tests::public_wrapping_identity_keeps_first_release_bounds ... ok
test keys::historical_source_set_tests::resolver_digest_is_order_independent_and_excludes_the_primary ... ok
test keys::historical_source_set_tests::source_cap_counts_the_primary ... ok
test keys::historical_source_set_tests::source_set_digest_is_domain_separated_count_prefixed_and_framed ... ok
test keys::historical_source_set_tests::source_set_digest_tracks_every_security_descriptor_field ... ok
test keys::historical_source_set_tests::transit_source_set_ignores_credentials_but_tracks_resource_and_trust ... ok
test keys::historical_source_set_tests::with_primary_rejects_a_historical_source_equal_to_the_primary ... ok
test keys::tests::transit_origin_path_and_wrapped_version_validation ... ok
test keys::tests::transit_reads_replaced_token_for_every_request_and_never_caches_failure ... ok
test keys::tests::transit_rejects_missing_trust_tls12_redirects_malformed_and_oversized_responses ... ok
test keys::tests::transit_timeout_is_bounded_and_seals_existing_plaintext ... ok
test keys::tests::transit_tls_generation_fresh_decrypt_rewrap_context_and_revocation ... ok
test live_trust::tests::complete_file_reopen_retains_exact_trust_and_permanent_key_bindings ... ok
test live_trust::tests::current_writer_trust_rows_reject_alternate_bytes_without_repair_then_restore ... ok
test live_trust::tests::dropped_closed_verifier_keeps_cache_fence_until_actual_background_join ... ok
test live_trust::tests::encrypted_current_generation_fences_lease_admission_and_retained_responses ... ok
test live_trust::tests::encrypted_restart_and_clock_regression_restart_the_complete_retirement_drain ... ok
test live_trust::tests::exact_live_generation_rejects_historical_and_reused_key_forgery ... FAILED
test live_trust::tests::failed_worker_outcome_survives_facade_drop_and_blocks_silent_cache_replacement ... ok
test live_trust::tests::issuance_and_encoded_response_require_the_exact_active_signer_owner ... ok
test live_trust::tests::stopped_stage_and_new_admin_requests_preserve_original_identity_and_reject_format_fallback ... ok
test live_trust::tests::uncertain_activation_closes_old_owner_and_exact_receipt_recovers_from_encrypted_state ... ok
test node_database::tests::already_queued_writer_retains_database_without_blocking_close ... ok
test node_database::tests::close_panic_retains_original_payload_and_cannot_become_clean_on_retry ... ok
test node_database::tests::drop_fallback_after_failed_explicit_close_retains_without_reentry ... ok
test node_database::tests::drop_fallback_contains_close_panic_without_claiming_drain_or_reentry ... ok
test node_database::tests::drop_fallback_never_claims_or_reenters_an_unproved_native_close ... ok
test node_database::tests::drop_fallback_waits_for_live_handles_and_enters_native_close_once ... ok
test node_database::tests::logical_close_success_without_native_evidence_never_becomes_complete_on_retry ... ok
test node_database::tests::pinned_transaction_keeps_close_retained_and_repeated_issue_identity ... ok
test node_disk::batch::tests::abandoned_or_partially_consumed_plan_stays_retained_until_complete_census ... ok
test node_disk::batch::tests::complete_plan_shortages_precede_every_namespace_effect ... ok
test node_disk::batch::tests::descendant_claim_uses_retained_prefix_and_exact_component_limits ... ok
test node_disk::batch::tests::permits_transfer_exactly_once_without_charging_extent_twice ... ok
test node_disk::batch::tests::physical_owner_excludes_a_second_reservation_writer_until_actual_retirement ... ok
test node_disk::batch::tests::pristine_cancel_retires_all_future_backing_and_returns_exact_credit ... ok
test node_disk::batch::tests::reserved_binding_and_parent_allowance_remain_unavailable_to_unrelated_creates ... ok
test node_disk::batch::tests::wrong_binding_duplicate_transfer_and_premature_finish_cannot_spend_permits ... ok
test node_disk::census::tests::actual_initial_promise_overflow_removes_only_the_unpublished_registration ... ok
test node_disk::census::tests::cancellation_between_steps_closes_actual_stream_and_resets_partial_spare ... ok
test node_disk::census::tests::cancellation_retains_independent_native_close_error_without_retry ... ok
test node_disk::census::tests::checked_geometry_never_substitutes_step_work_for_namespace_capacity ... ok
test node_disk::census::tests::file_and_subdirectory_excess_fail_without_candidate_publication ... ok
test node_disk::census::tests::full_file_and_directory_geometry_progresses_without_reopening_streams ... ok
test node_disk::census::tests::ordinary_initial_failure_retires_descriptors_before_admission_credit ... ok
test node_disk::census::tests::original_tiny_file_population_reconciles_without_reducing_admission ... ok
test node_disk::census::tests::provisional_arc_allocation_retires_before_lease_on_error_and_unwind ... ok
test node_disk::census::tests::uncertain_initial_close_retains_registered_outcome_and_resources_through_error_or_unwind ... ok
test node_disk::census::tests::uncertain_reconcile_close_retains_old_ledger_promises_and_drain_fence ... ok
test node_disk::census::tests::unfinished_or_unwound_session_cannot_publish_partial_candidate ... ok
test node_disk::directory::cursor::tests::alias_denial_and_cancellation_preserve_exact_cursor_and_directory_lifetimes ... ok
test node_disk::directory::cursor::tests::an_unenrolled_actual_entry_fences_and_failed_cursor_cannot_report_later_eof ... ok
test node_disk::directory::cursor::tests::cancellation_preserves_independent_close_error_and_explicit_close_cannot_report_success ... ok
test node_disk::directory::cursor::tests::census_workspace_cursor_limit_does_not_reduce_independent_directory_handle_limit ... ok
test node_disk::directory::cursor::tests::configured_name_boundary_is_read_without_truncation_or_native_name_copy ... ok
test node_disk::directory::cursor::tests::explicit_failed_partial_page_close_cannot_advertise_later_eof ... ok
test node_disk::directory::cursor::tests::managed_same_extent_rename_invalidates_scan_without_fencing_healthy_storage ... ok
test node_disk::directory::cursor::tests::repeated_independent_streams_borrow_bounded_names_and_retire_without_allocating ... ok
test node_disk::directory::cursor::tests::same_length_raw_sparse_materialization_rejects_changed_settled_extent ... ok
test node_disk::directory::cursor::tests::stream_fd_and_buffer_close_before_cursor_credit_and_before_directory_owner_drain ... ok
test node_disk::directory::cursor::tests::uncertain_stream_close_retains_the_actual_installed_owner_after_all_external_arcs_drop ... ok
test node_disk::directory::managed::tests::census_retires_actual_prepared_arc_backing_before_reopening_slot_admission ... ok
test node_disk::directory::managed::tests::generic_nonroot_open_retains_walk_close_failure_before_publication ... ok
test node_disk::directory::managed::tests::generic_nonroot_open_uses_retained_parent_walk_and_exact_identity ... ok
test node_disk::directory::managed::tests::managed_child_creation_open_and_removal_preserve_exact_enrollment_and_charge ... ok
test node_disk::directory::managed::tests::managed_child_names_depth_existing_identity_and_root_removal_are_exact ... ok
test node_disk::directory::managed::tests::managed_directory_cardinality_and_owner_capacity_deny_before_allocations_or_effects ... ok
test node_disk::directory::managed::tests::post_mkdir_error_retains_original_failure_and_allows_only_complete_census_resolution ... ok
test node_disk::directory::managed::tests::post_unlink_error_holds_actual_child_descriptor_and_extent_until_census ... ok
test node_disk::directory::managed::tests::preflight_ancestry_close_failure_keeps_new_descriptor_custody_before_mkdir ... ok
test node_disk::directory::managed::tests::retained_child_parent_prevents_removal_with_live_descendant_custody ... ok
test node_disk::directory::managed::tests::uncertain_native_close_is_sticky_and_preserves_primary_error_and_custody ... ok
test node_disk::directory::managed::tests::unknown_child_absence_retires_prepared_backing_and_descriptors_before_slot_reuse ... ok
test node_disk::directory::tests::admitted_directory_sync_read_and_last_drop_do_not_allocate_or_credit_extent ... ok
test node_disk::directory::tests::census_charges_directory_ceilings_and_records_actual_blocks_and_remaining_promises ... ok
test node_disk::directory::tests::directory_quota_denies_before_allocation_and_preserves_file_quota ... ok
test node_disk::directory::tests::failed_directory_census_replacement_retains_previous_entries_and_charge ... ok
test node_disk::directory::tests::failed_shared_device_rejects_directory_sync_without_releasing_custody_or_bytes ... ok
test node_disk::directory::tests::file_capacity_remains_independent_of_directory_membership ... ok
test node_disk::directory::tests::metadata_denial_precedes_directory_path_access_and_retains_no_partial_owner ... ok
test node_disk::directory::tests::operational_drain_is_not_published_until_after_actual_directory_close ... ok
test node_disk::directory::tests::required_directory_limit_is_not_deserialized_from_a_fallback ... ok
test node_disk::directory::tests::unchanged_final_directory_inode_does_not_hide_replaced_intermediate_ancestor ... ok
test node_disk::directory::tests::unknown_final_directory_absence_is_healthy_but_known_disappearance_fences ... ok
test node_disk::directory::tests::verified_identity_uses_enrolled_directory_and_fences_path_substitution ... ok
test node_disk::fixed_map::tests::absent_insertion_rebuilds_before_effect_without_any_new_allocation ... ok
test node_disk::fixed_map::tests::empty_tombstones_require_drain_not_clear_and_reset_does_not_allocate ... ok
test node_disk::fixed_map::tests::failed_and_cancelled_real_census_preserve_old_enrollment_then_publish_complete_candidate ... ok
test node_disk::fixed_map::tests::native_entry_geometry_preserves_original_million_entry_and_handle_policy ... ok
test node_disk::fixed_map::tests::occupied_replacement_at_zero_growth_does_not_call_hashmap_insert ... ok
test node_disk::fixed_map::tests::panic_during_spare_copy_preserves_complete_published_active_map ... ok
test node_disk::fixed_map::tests::pinned_requested_bytes_cover_exact_two_bank_allocations_without_growth_factor ... ok
test node_disk::fixed_map::tests::rebuilt_weak_registry_retires_duplicates_before_actual_last_weak_allocation_destruction ... ok
test node_disk::fixed_map::tests::repeated_churn_retains_every_logical_slot_without_allocating_or_reducing_limits ... ok
test node_disk::fixed_map::tests::smaller_census_stage_preserves_full_retained_quota_after_swap_and_cancel ... ok
test node_disk::ledger::tests::peak_cardinality_overflow_fails_before_allocation ... ok
test node_disk::ledger::tests::retained_and_replacement_bounds_preserve_independent_file_capacity ... ok
test node_disk::ledger::tests::typed_entries_never_reinterpret_another_inode_kind ... ok
test node_disk::ledger::tests::unified_identity_rejects_cross_kind_double_enrollment ... ok
test node_disk::namespace::tests::create_same_parent_publish_cross_parent_publish_and_unlink_settle_actual_parents ... ok
test node_disk::namespace::tests::failed_parent_sync_retains_all_promises_and_an_unsettled_parent_until_census ... ok
test node_disk::namespace::tests::file_custody_rejects_a_replaced_intermediate_ancestor_even_when_final_inode_survives ... ok
test node_disk::namespace::tests::required_policy_and_entry_limit_reject_before_create_without_reducing_cleanup ... ok
test node_disk::reopen_tests::concurrent_open_during_the_reopen_census_is_busy_and_never_half_counted ... ok
test node_disk::reopen_tests::failed_or_cancelled_reopen_census_keeps_the_fence_and_charges_until_retry ... ok
test node_disk::reopen_tests::fenced_owner_is_refused_while_holders_live_then_reopens_exactly_once_drained ... ok
test node_disk::reopen_tests::paused_owner_is_fenced_for_open_and_reopens_only_through_a_census ... ok
test node_disk::reopen_tests::reopen_never_retries_an_uncertain_native_close ... ok
test node_disk::reopen_tests::reopen_rejects_foreign_identity_absent_owners_and_shared_poison_before_census ... ok
test node_disk::tests::a_retiring_predecessor_keeps_exclusive_registration_until_all_resources_close ... ok
test node_disk::tests::abandoned_namespace_preparation_releases_registration_without_deadlock ... ok
test node_disk::tests::abandoned_preparation_closes_target_descriptors_before_the_next_preparation ... ok
test node_disk::tests::acknowledged_outcome_drop_panic_withholds_census_receipt_and_retains_original_panic ... ok
test node_disk::tests::acknowledged_transfer_preserves_same_witness_across_real_state_contention ... ok
test node_disk::tests::admitted_publication_rebinds_name_and_reclaim_forgets_it ... ok
test node_disk::tests::cancelled_or_cardinality_exhausted_census_publishes_no_partial_owner ... ok
test node_disk::tests::census_counts_closed_files_and_repeated_cursors_start_at_the_beginning ... ok
test node_disk::tests::census_failure_closes_real_descriptors_before_releasing_metadata ... ok
test node_disk::tests::concurrent_final_file_clones_retire_exactly_one_registration ... ok
test node_disk::tests::disappeared_censused_and_closed_created_names_fence_without_credit ... ok
test node_disk::tests::dropped_unmaterialized_growth_is_retained_until_exclusive_reconciliation ... ok
test node_disk::tests::duplicate_live_inode_open_requires_explicit_owner_clone ... ok
test node_disk::tests::enrolled_extents_survive_all_physical_updates_and_descriptor_reopens ... ok
test node_disk::tests::enrolled_file_metadata_limit_rejects_before_creating_an_untracked_inode ... ok
test node_disk::tests::enrolled_target_conflict_accepts_only_actual_admitted_growth ... ok
test node_disk::tests::enrolled_target_unauthorized_growth_never_becomes_a_healthy_conflict ... ok
test node_disk::tests::envelope_identity_and_durability_retain_custody_until_the_last_handle_closes ... ok
test node_disk::tests::envelope_inspection_and_publication_reject_inode_and_parent_substitution ... ok
test node_disk::tests::exhausted_close_generation_denies_new_effects_but_preserves_terminal_native_observation ... ok
test node_disk::tests::explicit_close_unwind_preserves_exact_owner_weak_and_repeat_error_at_both_stages ... ok
test node_disk::tests::explicit_file_close_drains_original_resources_before_credit_and_closed_calls ... ok
test node_disk::tests::explicit_owner_failure_or_unsettled_extent_cannot_report_positive_close ... ok
test node_disk::tests::explicit_settlement_returns_only_unused_promises_and_requires_exact_extent ... ok
test node_disk::tests::explicit_unknown_data_close_keeps_exact_owner_error_and_never_retries_integer ... ok
test node_disk::tests::explicit_unknown_parent_close_keeps_registration_and_original_diagnostic ... ok
test node_disk::tests::failed_creation_retains_provisional_enrollment_without_registered_drop ... ok
test node_disk::tests::failed_direct_handles_never_release_bytes_or_restart_sync ... ok
test node_disk::tests::failed_file_creation_keeps_original_outcome_backing_until_accepted_census ... ok
test node_disk::tests::failed_file_owner_rejects_before_verification_descriptor_acquisition ... ok
test node_disk::tests::file_preparation_unknown_native_close_retains_slot_and_never_retries_descriptor ... ok
test node_disk::tests::file_verification_walk_close_failure_keeps_registered_custody_after_owner_drop ... ok
test node_disk::tests::identity_failure_and_uncertain_file_drop_fence_without_allocating ... ok
test node_disk::tests::immutable_publication_preserves_the_inode_and_its_capacity_charge ... ok
test node_disk::tests::installed_metadata_reuse_keeps_one_exact_core_and_one_retained_envelope ... ok
test node_disk::tests::live_enrolled_target_conflicts_remain_healthy_and_preserve_content ... ok
test node_disk::tests::live_shrink_cannot_release_unmaterialized_or_unsynced_growth ... ok
test node_disk::tests::live_shrink_failure_retains_charges_through_drop_and_fences_shared_device ... ok
test node_disk::tests::live_shrink_requires_the_only_mutable_file_owner ... ok
test node_disk::tests::live_shrink_retains_identity_and_lock_with_exact_reopen_accounting ... ok
test node_disk::tests::maintenance_has_reserved_capacity_and_denial_changes_no_extent_or_charge ... ok
test node_disk::tests::metadata_denial_precedes_root_open_and_retained_census_allocation ... ok
test node_disk::tests::metadata_planning_has_no_heap_or_filesystem_effect_and_checks_overflow ... ok
test node_disk::tests::missing_enrolled_target_cannot_be_recreated_or_published_over ... ok
test node_disk::tests::node_store_rejects_different_isolated_memory_before_touching_file ... ok
test node_disk::tests::open_file_metadata_budget_is_bounded_and_close_returns_only_metadata_capacity ... ok
test node_disk::tests::owner_check_latches_inode_substitution_until_a_drained_census ... ok
test node_disk::tests::owner_check_under_uncertain_shared_admission_latches_until_census ... ok
test node_disk::tests::partial_metadata_admission_never_leaves_unfunded_provisional_owners ... ok
test node_disk::tests::pause_seals_new_reservations_but_drains_reserved_io_and_retains_sparse_promises ... ok
test node_disk::tests::paused_direct_handles_can_finish_only_already_admitted_io ... ok
test node_disk::tests::persistent_and_scratch_cannot_spend_the_same_filesystem_promise ... ok
test node_disk::tests::physical_filesystem_capacity_is_measured_on_the_installed_root ... ok
test node_disk::tests::physical_reclaim_requires_sole_owner_and_releases_only_verified_extent ... ok
test node_disk::tests::poisoned_shared_promises_cannot_be_reopened_by_either_owner ... ok
test node_disk::tests::post_reclaim_failures_keep_credit_until_actual_drain_and_census_without_allocating ... ok
test node_disk::tests::post_rename_failures_keep_the_charge_and_return_without_allocating ... ok
test node_disk::tests::prepared_cross_directory_publication_and_physical_reclaim_do_not_allocate ... ok
test node_disk::tests::prepared_file_creation_registers_and_retires_without_allocating ... ok
test node_disk::tests::prepared_publication_abandonment_retires_old_weak_registration_once_without_allocation ... ok
test node_disk::tests::prepared_publication_conflict_returns_inline_without_fencing_or_replacing ... ok
test node_disk::tests::prepared_unknown_absence_revalidates_replaced_parent ... ok
test node_disk::tests::publication_conflict_keeps_both_files_and_the_owner_usable ... ok
test node_disk::tests::publication_preparation_missing_or_symlinked_ancestor_fences ... ok
test node_disk::tests::publication_preparation_replaced_root_fences_before_rename ... ok
test node_disk::tests::publication_replaced_private_source_ancestor_fences_before_rename ... ok
test node_disk::tests::publication_requires_actual_descriptor_clone_drain ... ok
test node_disk::tests::raw_created_file_is_not_adopted_after_the_installed_census ... ok
test node_disk::tests::raw_growth_of_a_closed_censused_inode_fences_without_rebasing_its_charge ... ok
test node_disk::tests::raw_rename_fences_both_missing_old_name_and_present_new_name ... ok
test node_disk::tests::reclaim_retires_parent_metadata_and_weak_backing_before_releasing_promises ... ok
test node_disk::tests::registry_busy_precedes_memory_acquisition_without_allocating ... ok
test node_disk::tests::replaced_parent_cannot_hide_enrolled_missing_leaf ... ok
test node_disk::tests::retained_file_io_settlement_shrink_and_drop_do_not_allocate ... ok
test node_disk::tests::retiring_file_cannot_lend_handle_or_metadata_credit_before_parent_and_backing_release ... ok
test node_disk::tests::standing_file_allowance_create_collision_never_duplicates_charge ... ok
test node_disk::tests::standing_file_allowance_denial_precedes_inode_creation ... ok
test node_disk::tests::standing_file_allowance_is_required_in_serialized_installation_policy ... ok
test node_disk::tests::standing_file_allowance_is_retained_after_uncertain_empty_creation ... ok
test node_disk::tests::standing_file_allowance_observation_accounts_excess_before_fencing ... ok
test node_disk::tests::standing_file_allowance_observation_consumes_promises_without_growing_charge ... ok
test node_disk::tests::standing_file_allowance_quotes_observed_overallocation_and_rejects_excess ... ok
test node_disk::tests::standing_file_allowance_survives_settlement_close_overwrite_and_census ... ok
test node_disk::tests::substitution_closes_shared_admission_and_does_not_delete_the_replacement ... ok
test node_disk::tests::symlinks_hardlinks_and_overlapping_roots_cannot_duplicate_census_charge ... ok
test node_disk::tests::transfer_receipt_retains_exact_disk_and_exhausted_generation_refuses_before_transfer ... ok
test node_disk::tests::uncertain_envelope_parent_sync_preserves_charges_through_close_and_census ... ok
test node_disk::tests::unenrolled_missing_leaf_preserves_admission_without_allocating ... ok
test node_disk::tests::unknown_filesystem_observation_fences_scratch_until_a_drained_census ... ok
test node_disk::tests::unwound_file_retirement_keeps_parent_and_weak_backing_until_census ... ok
test node_file::segment_group::directory_arena_tests::directory_arenas_reopen_through_the_bounded_descriptor_cache ... ok
test node_file::segment_group::directory_arena_tests::directory_names_are_canonical_and_kind_bound ... ok
test node_file::segment_group::tests::admitted_growth_pins_the_newest_segment_and_capacity_denial_has_no_effect ... ok
test node_file::segment_group::tests::census_equals_extents_after_crash_child_restart ... FAILED
test node_file::segment_group::tests::cleanup_claims_only_recognized_groups_and_resumes_after_an_interrupted_delete ... ok
test node_file::segment_group::tests::crash_child ... ignored, subprocess helper; invoked with an owned temporary path
test node_file::segment_group::tests::created_group_reopens_only_after_verifying_every_envelope ... ok
test node_file::segment_group::tests::direct_group_witness_retains_fixed_backing_until_final_identity_drop ... ok
test node_file::segment_group::tests::failed_descriptor_close_keeps_the_exact_owner_and_blocks_the_census ... ok
test node_file::segment_group::tests::failed_parent_sync_and_unconfirmed_unlink_fence_and_keep_every_charge ... ok
test node_file::segment_group::tests::foreign_runtime_entry_fences_the_listing ... ok
test node_file::segment_group::tests::interrupted_create_reopens_as_an_empty_file_finished_by_the_next_mutation ... ok
test node_file::segment_group::tests::journal_owned_empty_root_is_initialized_only_when_exact ... ok
test node_file::segment_group::tests::more_than_768_segments_reopen_and_evict_within_the_descriptor_budget ... FAILED
test node_file::segment_group::tests::names_have_exactly_the_kv_group_spelling ... ok
test node_file::segment_group::tests::native_entry_visitor_allows_admission_and_read_reentry_without_locking_callbacks ... ok
test node_file::segment_group::tests::native_entry_visitor_does_not_replay_callbacks_after_a_namespace_race ... ok
test node_file::segment_group::tests::native_entry_visitor_epoch_cannot_wrap_after_namespace_effect ... ok
test node_file::segment_group::tests::native_entry_visitor_same_owner_mutation_interrupts_once_and_can_retry ... ok
test node_file::segment_group::tests::native_entry_visitor_stops_once_and_retires_its_cursor_without_fencing ... ok
test node_file::segment_group::tests::offsets_follow_the_envelope_and_enforce_the_group_contract ... ok
test node_file::segment_group::tests::previous_formats_and_foreign_files_are_rejected_before_any_mutation ... ok
test node_file::segment_group::tests::ready_publication_rewrites_only_the_first_sector ... ok
test node_file::segment_group::tests::registered_group_is_one_census_owner_until_its_failed_owners_are_accepted ... ok
test node_file::segment_group::tests::sealed_group_witness_is_allocation_free_and_rejects_foreign_identity ... ok
test node_file::segment_group::tests::shared_native_backend_serves_every_file_kind_and_root_slot ... ok
test node_file::segment_group::tests::unlink_confirmed_before_the_garbage_update_is_idempotent_after_restart ... FAILED
test node_file::tests::acknowledged_known_drained_file_waits_for_accepted_census_without_reopening ... ok
test node_file::tests::backend_close_preserves_busy_owner_then_retires_before_positive_idempotent_close ... ok
test node_file::tests::backend_close_reports_native_error_and_keeps_exact_file_and_original_outcome ... ok
test node_file::tests::canonical_header_rejects_nil_identity_without_creating_a_file ... ok
test node_file::tests::cleanup_custody_accepts_only_exact_recognized_headers_and_holds_the_inode_lock ... ok
test node_file::tests::closed_prepared_node_file_cannot_acquire_a_new_descriptor ... ok
test node_file::tests::crash_child ... ignored, subprocess helper; invoked with an owned temporary path
test node_file::tests::existing_header_requires_exact_canonical_fields_and_checksum ... ok
test node_file::tests::failed_file_report_blocks_transfer_and_foreign_witnesses_do_not_move_custody ... ok
test node_file::tests::initialization_requires_exact_journal_owned_empty_inode ... ok
test node_file::tests::offset_io_preserves_header_and_retained_backend_cannot_outlive_close ... ok
test node_file::tests::partial_envelopes_are_never_adopted_or_reinitialized ... ok
test node_file::tests::previous_node_format_is_rejected_without_changing_its_bytes ... ok
test node_file::tests::reads_enforce_payload_bounds_even_for_empty_buffers ... ok
test node_file::tests::recognized_store_recovers_after_actual_process_exit_without_close ... ok
test node_file::tests::resize_drains_a_write_after_its_extent_check_before_truncating ... ok
test node_file::tests::retained_database_retries_node_close_after_lower_arc_pre_entry_contention ... ok
test node_file::tests::retained_database_retries_node_close_only_after_proved_pre_entry_contention ... ok
test node_file::tests::retained_partial_opening_retries_node_close_after_pre_entry_contention ... ok
test node_file::tests::substituted_inode_stays_owner_failed_until_drain_and_census_then_reopens_last_ack ... ok
test node_file::tests::unknown_native_close_cannot_mint_recovery_witness_or_retry_a_reused_descriptor ... ok
test node_file::tests::unrelated_clean_and_unclean_old_format_rejection_is_byte_exact ... ok
test node_file::tests::validated_descriptor_handoff_never_reopens_a_substituted_path ... ok
test node_store_ids::tests::immutable_identity_derivations_are_stable_and_domain_separated ... ok
test read_view::fork_tests::selected_view_fork_keeps_both_encrypted_domains_on_one_old_root ... ok
test read_view::fork_tests::selected_view_fork_preserves_single_domain_point_and_range_after_parent_drop ... ok
test read_view::fork_tests::selected_view_fork_rechecks_expiry_and_settles_post_fork_denial ... ok
test read_view::fork_tests::selected_view_fork_rejects_foreign_database_even_with_same_provider_and_uuid ... ok
test read_view::workspace_tests::plaintext_get_workspace_covers_authenticated_long_fields_and_ciphertext_failures ... ok
test read_view::workspace_tests::plaintext_get_workspace_covers_first_read_pages_large_values_and_max_names ... ok
test read_view::workspace_tests::plaintext_get_workspace_quote_is_checked_bounded_and_allocation_free ... ok
test scratch_disk::memory_tests::fixture_directory_custody_stays_with_caller_while_metadata_stays_installed ... ok
test scratch_disk::memory_tests::installed_scratch_reuse_keeps_metadata_funded_after_public_strong_handles_drop ... ok
test scratch_disk::memory_tests::scratch_file_release_does_not_release_installed_owner_or_registry_memory ... ok
test scratch_disk::memory_tests::scratch_metadata_denial_precedes_directory_creation ... ok
test scratch_disk::registry_busy_tests::busy_scratch_registry_does_not_allocate_admit_or_create_directory ... ok
test scratch_disk::tests::concurrent_spools_cannot_each_spend_the_aggregate_budget ... ok
test scratch_disk::tests::immutable_image_readers_retain_capacity_until_the_last_owner_drains ... ok
test scratch_disk::tests::pending_files_share_filesystem_promises_and_keep_recovery_reserve ... ok
test scratch_disk::tests::physical_directory_reopens_share_budget_and_cannot_change_it ... ok
test scratch_disk::tests::physical_filesystem_capacity_is_measured_on_the_installed_directory ... ok
test scratch_disk::tests::pinned_directory_survives_path_substitution_without_using_replacement ... ok
test scratch_disk::tests::rejects_symlinks_and_overflowing_configuration ... ok
test scratch_disk::tests::scratch_cache_limit_is_required_explicit_and_round_trips_large_values ... ok
test scratch_disk::tests::separate_governors_cannot_double_spend_filesystem_promises ... ok
test scratch_disk::tests::truncation_and_rejected_growth_preserve_exact_file_charges ... ok
test scratch_table::tests::accepted_batch_keeps_physical_table_until_commit_and_close ... ok
test scratch_table::tests::accepted_transaction_keeps_scratch_close_retained_until_actual_drain ... ok
test scratch_table::tests::actual_spool_close_reports_native_drain_before_retiring_adapter_owner ... ok
test scratch_table::tests::batch_entry_limit_rejects_before_publication_and_aborts_partial_input ... ok
test scratch_table::tests::batch_outliving_table_observes_close_after_its_transaction_ends ... ok
test scratch_table::tests::dropping_a_drained_table_closes_natively_once_without_allocating ... ok
test scratch_table::tests::dropping_a_failed_table_keeps_spool_and_charge_without_allocating ... ok
test scratch_table::tests::dropping_a_table_observes_native_close_before_returning_scratch_credit ... ok
test scratch_table::tests::dropping_a_table_under_a_live_transaction_never_enters_close_or_returns_credit ... ok
test scratch_table::tests::dropping_an_explicitly_closed_table_never_reenters_native_close ... ok
test scratch_table::tests::exact_backend_publication_io_settlement_shrink_and_close_do_not_allocate ... ok
test scratch_table::tests::exact_settlement_mismatch_fences_owner_without_allocating_or_returning_credit ... ok
test scratch_table::tests::explicit_scratch_close_retains_original_physical_failure_on_retry ... ok
test scratch_table::tests::failed_bootstrap_closes_the_exact_spool_before_returning ... ok
test scratch_table::tests::failed_bootstrap_retains_unproved_close_and_original_outcomes ... ok
test scratch_table::tests::failed_explicit_close_keeps_charge_and_drop_never_reenters_close ... ok
test scratch_table::tests::rejected_resize_is_wholly_reserved_before_any_logical_or_physical_change ... ok
test scratch_table::tests::scratch_group_census_rejects_namespace_mutation_and_same_slot_reuse_without_restart ... ok
test scratch_table::tests::scratch_group_census_releases_owner_lock_for_admission_and_read_callbacks ... ok
test scratch_table::tests::scratch_group_metadata_denial_opens_no_file_and_census_callback_failure_is_retryable ... ok
test scratch_table::tests::segmented_scratch_descriptor_ceiling_is_pre_admitted_and_does_not_open_on_denial ... ok
test scratch_table::tests::segmented_scratch_limits_aggregate_extents_before_mutation_and_reuses_drained_slots ... ok
test scratch_table::tests::segmented_scratch_streams_rows_larger_than_its_explicit_cache ... ok
test scratch_table::tests::strict_create_rejects_a_non_empty_spool_instead_of_adopting_its_frames ... ok
test scratch_table::tests::unpublished_batch_aborts_on_drop_and_preserves_duplicate_error ... ok
test single_catalog::tests::borrowed_singleton_keeps_original_provider_clock_and_deadline ... ok
test single_catalog::tests::buffered_singleton_preparation_errors_require_actual_claim_and_preserve_partial_installation ... ok
test single_catalog::tests::buffered_singleton_success_publishes_only_on_claim_and_abandonment_preserves_borrowers ... ok
test single_catalog::tests::cancelled_singleton_drain_retains_buffered_preparation_error ... ok
test single_catalog::tests::cancelling_during_singleton_key_preparation_retains_actual_node_until_provider_drains ... ok
test single_catalog::tests::existing_singleton_requires_installed_catalog_and_never_repairs_cached_substitution ... ok
test single_catalog::tests::production_singletons_reject_paired_capabilities_before_provider_or_catalog_effects ... ok
test single_catalog::tests::singleton_initialization_registers_before_waiting_for_native_writer ... ok
test single_catalog::tests::strict_singleton_creation_rejects_orphan_partial_and_existing_catalogs_without_mutation ... ok
test spool::native_close_tests::native_close_unwind_retains_original_payload_and_never_retries_number ... ok
test spool::native_close_tests::original_sync_error_retains_open_spool_without_claiming_native_drain ... ok
test spool::native_close_tests::retained_spool_retires_actual_descriptor_before_releasing_its_charge ... ok
test spool::native_close_tests::sync_unwind_fences_owner_and_preserves_original_payload_without_native_entry ... ok
test spool::native_close_tests::uncertain_native_close_retains_one_attempt_and_fences_scratch_owner ... ok
test spool::native_close_tests::unknown_native_close_keeps_charge_after_aggregate_owner_drop ... ok
test spool::retained_spool::tests::actual_final_sync_panic_reaches_database_with_same_payload_and_spool_still_present ... ok
test spool::retained_spool::tests::file_key_and_each_buffer_retire_before_extent_credit_is_reusable ... ok
test spool::retained_spool::tests::group_root_and_data_files_are_independently_encrypted_anonymous_spools ... ok
test spool::retained_spool::tests::original_sync_error_moves_once_to_database_while_spool_and_charge_stay_owned ... ok
test spool::tests::corrupted_or_reordered_blocks_fail_authentication ... ok
test spool::tests::encrypted_spool_seek_overwrite_and_bounds ... ok
test spool::tests::interleaved_record_appends_preserve_admission_and_authentication ... ok
test spool::tests::unused_reservation_and_denied_growth_preserve_authenticated_physical_extent ... ok
test storage_census::tests::child_registration_waits_for_parent_metadata_observation ... ok
test storage_census::tests::constructor_unwind_is_classified_before_dispatch_and_keeps_exact_payload ... ok
test storage_census::tests::denied_child_registration_never_increments_parent_count ... ok
test storage_census::tests::facade_cancellation_preserves_actual_owner_and_census_drives_later_retirement ... ok
test storage_census::tests::fixed_census_is_precharged_and_bound_to_the_exact_provider ... ok
test storage_census::tests::hard_capacity_and_byte_denial_precede_owner_construction ... ok
test storage_census::tests::panicked_child_constructor_retains_parent_and_both_leases ... ok
test storage_census::tests::payload_destructor_panic_keeps_original_and_charge_and_never_replays ... ok
test storage_census::tests::poisoned_parent_metadata_fences_child_registration ... ok
test storage_census::tests::post_drive_metadata_contention_keeps_completion_in_fixed_slot_without_waiting ... ok
test storage_census::tests::retained_original_observation_never_holds_metadata_or_stalls_another_owner ... ok
test storage_census::tests::settlement_unwind_keeps_the_actual_owner_and_exact_original_payload ... ok
test storage_domains::binding_install_tests::binding_bytes_admission_refusal_precedes_native_writer_registration ... ok
test storage_domains::binding_install_tests::close_during_settled_binding_disposal_preserves_exact_child ... ok
test storage_domains::binding_install_tests::installed_missing_binding_uses_registered_writer_and_decodes_exact_record ... ok
test storage_domains::binding_install_tests::native_commit_refusal_retains_original_terminal_and_never_replays ... ok
test storage_domains::binding_install_tests::post_commit_access_failure_remains_on_exact_child_after_facade_drop ... ok
test storage_domains::binding_install_tests::settled_binding_writer_waits_for_busy_opening_before_disposal ... ok
test storage_domains::binding_install_tests::staged_binding_capacity_denial_settles_and_a_later_binding_put_commits ... FAILED
test storage_domains::capacity_denial_tests::binding_install_commit_denial_publishes_nothing_across_restart_and_retries ... FAILED
test storage_domains::capacity_denial_tests::binding_install_staging_denial_settles_and_the_same_install_retries ... FAILED
test storage_domains::capacity_denial_tests::create_mode_table_denial_releases_the_reservation_and_requeues ... FAILED
test storage_domains::capacity_denial_tests::owner_failure_at_binding_commit_is_fenced_and_never_reported_as_capacity_denial ... ok
test storage_domains::capacity_denial_tests::owner_failure_during_table_creation_keeps_the_create_reservation ... ok
test storage_domains::capacity_denial_tests::owner_failure_is_fenced_and_never_reported_as_capacity_denial ... ok
test storage_domains::capacity_denial_tests::save_catalog_commit_denial_retires_its_child_and_retries_after_space_is_freed ... FAILED
test storage_domains::capacity_denial_tests::singleton_initialization_commit_denial_leaves_catalog_absent_and_retries ... FAILED
test storage_domains::catalog_initialization::tests::admission_reaper_reports_unclaimed_preparation_failure_before_new_work ... ok
test storage_domains::catalog_initialization::tests::buffered_preparation_error_requires_claim_before_registry_forgets_it ... ok
test storage_domains::catalog_initialization::tests::buffered_unclaimed_ticket_drains_only_unpublished_new_owners ... ok
test storage_domains::catalog_initialization::tests::cancelled_catalog_drain_preserves_a_joined_panic_while_another_owner_waits ... ok
test storage_domains::catalog_initialization::tests::cancelled_catalog_drain_preserves_unclaimed_preparation_error ... ok
test storage_domains::catalog_initialization::tests::cancelled_production_pair_waiter_drains_after_atomic_catalog_commit ... ok
test storage_domains::catalog_initialization::tests::cancelled_receiver_keeps_preparation_registered_until_actual_provider_work_drains ... ok
test storage_domains::catalog_initialization::tests::committed_pair_handoff_preserves_a_concurrent_borrower_through_initializer_drain ... ok
test storage_domains::catalog_initialization::tests::fresh_pair_rejects_shared_partial_and_orphan_domains_without_mutation ... ok
test storage_domains::catalog_initialization::tests::production_pair_rechecks_second_catalog_and_orphan_inside_one_transaction ... ok
test storage_domains::catalog_initialization::tests::production_pair_registers_one_writer_before_waiting_for_native_gate ... ok
test storage_domains::existing_catalogs::tests::application_failure_drains_new_custody_without_changing_existing_bytes ... ok
test storage_domains::existing_catalogs::tests::application_failure_preserves_borrowed_custody_and_original_deadline ... ok
test storage_domains::existing_catalogs::tests::buffered_existing_pair_ticket_publishes_nothing_and_drains_its_new_workers ... ok
test storage_domains::existing_catalogs::tests::buffered_existing_preparation_failure_requires_claim_and_preserves_borrowed_owners ... ok
test storage_domains::existing_catalogs::tests::caller_cancellation_drains_only_new_domains_after_active_provider_work ... ok
test storage_domains::existing_catalogs::tests::caller_cancellation_never_closes_a_borrowed_custody_owner ... ok
test storage_domains::existing_catalogs::tests::missing_binding_rejects_new_custody_and_leaves_every_existing_byte_unchanged ... ok
test storage_domains::existing_catalogs::tests::unclaimed_borrowed_pair_and_changed_binding_never_close_its_cached_owners ... ok
test storage_domains::existing_tests::corrupt_or_authenticated_wrong_binding_is_never_repaired_by_reopen ... ok
test storage_domains::existing_tests::exact_standalone_binding_reopens_after_both_domains_close_and_drain ... ok
test storage_domains::existing_tests::existing_binding_requires_current_writer_bytes_without_repair ... ok
test storage_domains::existing_tests::existing_catalog_admission_cannot_provision_after_waiting_for_the_open_gate ... ok
test storage_domains::existing_tests::existing_catalog_rejects_equivalent_alternate_bytes_without_repair ... ok
test storage_domains::existing_tests::missing_catalogs_and_authenticated_binding_never_provision_during_reopen ... ok
test storage_domains::tests::catalog_presence_classification_requires_both_domains ... ok
test storage_domains::tests::combined_quota_and_substituted_catalog_binding_fail_before_publication ... ok
test storage_domains::tests::control_reopens_without_any_application_key_probe_after_revocation ... ok
test storage_domains::tests::custody_deployment_read_retains_writer_bounded_charge_without_application ... ok
test storage_domains::tests::domains_require_distinct_actual_wrapping_policies_and_same_node ... ok
test storage_domains::tests::every_interrupted_domain_transaction_recovers_whole_old_or_whole_new ... ok
test storage_domains::tests::initial_bootstrap_identity_is_atomic_write_once_with_exact_retry ... ok
test storage_domains::tests::initial_state_checks_and_joint_publication_have_one_concurrent_winner ... ok
test storage_domains::tests::initial_state_rejects_delete_only_publications_without_consuming_initialization ... ok
test storage_domains::tests::initial_state_rejects_unknown_records_in_either_complete_domain ... ok
test storage_domains::tests::initial_state_requires_the_exact_retained_custody_binding ... ok
test storage_domains::tests::paired_deployment_read_accepts_exact_current_writer_boundary ... ok
test storage_domains::tests::paired_deployment_read_checks_domains_and_charge ... ok
test storage_domains::tests::paired_deployment_read_rejects_oversized_envelope_before_key_id_parse ... ok
test storage_domains::tests::pinned_bootstrap_view_survives_coherent_physical_identity_replacement ... ok
test storage_domains::tests::post_commit_domain_expiry_reports_uncertainty_and_retains_complete_write ... ok
test storage_opening::catalog_put::tests::catalog_capacity_child ... ignored, subprocess helper; invoked with an owned temporary path
test storage_opening::catalog_put::tests::catalog_terminal_refusal_keeps_exact_child_and_never_replays_commit ... ok
test storage_opening::catalog_put::tests::clean_catalog_writer_releases_busy_report_on_exact_retirement_retry ... ok
test storage_opening::catalog_put::tests::fresh_catalog_writer_aborts_existing_and_orphan_rows_without_replacing_them ... ok
test storage_opening::catalog_put::tests::installed_catalog_capacity_denial_keeps_opening_open_and_reopens_old_catalog ... FAILED
test storage_opening::catalog_put::tests::paired_catalog_rejects_foreign_owner_and_identity_before_registration ... ok
test storage_opening::catalog_put::tests::paired_catalog_terminal_refusal_retains_one_child_and_original_outcome ... ok
test storage_opening::catalog_put::tests::production_catalog_save_uses_registered_writer_and_reopens_value ... ok
test storage_opening::reads::fork_tests::selected_fork_keeps_old_root_and_closes_independently_in_both_orders ... ok
test storage_opening::reads::fork_tests::selected_fork_metadata_and_native_backing_denials_preserve_parent_and_exact_child ... ok
test storage_opening::reads::fork_tests::selected_fork_parent_close_before_install_retains_original_begin_failure ... ok
test storage_opening::reads::fork_tests::selected_fork_read_failure_is_local_and_survives_explicit_close ... ok
test storage_opening::reads::fork_tests::selected_fork_recovered_begin_cannot_select_current_root ... ok
test storage_opening::reads::fork_tests::selected_fork_recovered_finish_or_retire_wins_without_installing_transaction ... ok
test storage_opening::reads::read_report::tests::routine_report_concurrent_last_drop_releases_original_payload_before_credit ... ok
test storage_opening::reads::read_report::tests::routine_report_one_byte_admission_boundary_funds_both_actual_arcs ... ok
test storage_opening::reads::retirement_tests::close_drains_only_its_released_routine_reader_after_opening_lock_contention ... ok
test storage_opening::reads::retirement_tests::close_postpass_drains_routine_reader_dropped_inside_first_close ... ok
test storage_opening::reads::retirement_tests::finished_reader_retries_a_transient_busy_census_owner ... ok
test storage_opening::reads::retirement_tests::node_database_retirement_retry_drains_metadata_skipped_routine_child ... ok
test storage_opening::reads::retirement_tests::parent_shutdown_waits_for_disposed_child_cell_and_exact_lease ... ok
test storage_opening::reads::retirement_tests::routine_failure_retires_after_a_facade_reconstitutes_during_last_drop ... ok
test storage_opening::reads::retirement_tests::routine_permission_never_acknowledges_recovered_unknown_after_its_state_transition ... ok
test storage_opening::reads::retirement_tests::routine_reader_dropped_during_close_retry_drains_on_next_close ... ok
test storage_opening::startup::tests::failed_custody_parts_keep_consumed_child_id_and_disposition ... ok
test storage_opening::startup::tests::rejected_existing_envelope_transfers_the_original_failed_opening_for_close ... ok
test storage_opening::startup::tests::startup_uses_one_registered_owner_for_create_and_reopen ... ok
test storage_opening::tests::a_new_close_error_is_not_relinquished_by_the_call_that_first_starts_close ... ok
test storage_opening::tests::abandoned_failed_open_keeps_original_after_positive_close_until_explicit_report_release ... ok
test storage_opening::tests::aborted_table_body_is_not_a_ready_publication_proof ... ok
test storage_opening::tests::active_reader_finish_waits_for_opening_lock_before_reporting_completion ... ok
test storage_opening::tests::actual_body_error_is_retained_before_abort_and_disposal_without_replay ... ok
test storage_opening::tests::actual_queued_worker_keeps_request_without_blocking_close_and_cancels_after_seal ... ok
test storage_opening::tests::busy_worker_cannot_acknowledge_the_body_error_that_it_has_not_produced_yet ... ok
test storage_opening::tests::close_during_read_registration_returns_the_exact_cancelled_request ... ok
test storage_opening::tests::close_during_table_registration_returns_the_exact_cancelled_request ... ok
test storage_opening::tests::disposed_failed_owner_resumes_after_actual_transfer_contention_without_replaying_disposal ... ok
test storage_opening::tests::explicit_close_seals_admission_without_waiting_for_a_held_report ... ok
test storage_opening::tests::explicit_close_waits_for_the_actual_reader_then_retries_without_consuming_the_facade ... ok
test storage_opening::tests::explicit_failed_close_requires_original_acknowledgement_then_accepted_disk_census_before_retirement ... ok
test storage_opening::tests::failed_acknowledgement_cannot_cross_memory_cores_with_equal_public_owner_ids ... ok
test storage_opening::tests::failed_existing_name_acquisition_retires_the_registered_opening ... ok
test storage_opening::tests::failed_pre_descriptor_acquisition_retires_the_registered_opening ... ok
test storage_opening::tests::failed_ready_attempt_is_one_shot_and_keeps_the_original_registered_owner ... ok
test storage_opening::tests::inspected_reader_failure_retires_directly_after_successful_close ... ok
test storage_opening::tests::installed_native_cache_and_descriptor_ceilings_precede_allocation_and_effects ... ok
test storage_opening::tests::native_storage_policy_is_explicit_and_preserves_large_cache_limits ... ok
test storage_opening::tests::owned_reader_point_and_range_bytes_keep_exact_credit_after_close ... ok
test storage_opening::tests::private_opening_arc_is_admitted_before_any_prepared_owner_allocation ... ok
test storage_opening::tests::production_catalog_bounded_failure_retires_when_error_is_dropped ... ok
test storage_opening::tests::production_catalog_decode_failure_retires_its_clean_registered_reader ... ok
test storage_opening::tests::production_catalog_output_capacity_failure_retires_when_error_is_dropped ... ok
test storage_opening::tests::production_catalog_read_registers_child_and_retains_original_table_failure ... ok
test storage_opening::tests::production_delete_needs_no_prior_ciphertext_headroom_and_survives_reopen ... ok
test storage_opening::tests::production_long_lived_view_returns_exact_native_report_after_drop ... ok
test storage_opening::tests::production_node_create_reopen_and_shutdown_use_registered_owner ... ok
test storage_opening::tests::production_node_post_open_failure_retains_exact_registered_custody ... ok
test storage_opening::tests::production_node_rejects_wrong_identity_with_recoverable_failed_opening_id ... ok
test storage_opening::tests::production_paired_deployment_reads_one_registered_snapshot ... ok
test storage_opening::tests::production_paired_view_keeps_one_registered_generation_until_close ... ok
test storage_opening::tests::production_paired_view_returns_exact_native_report_after_drop ... ok
test storage_opening::tests::production_present_point_row_uses_native_credit_without_duplicate_outer_charge ... ok
test storage_opening::tests::production_pristine_probe_classifies_large_orphan_without_value_admission ... ok
test storage_opening::tests::production_read_view_keeps_exact_child_until_explicit_close ... ok
test storage_opening::tests::production_record_writer_denies_before_output_allocation ... ok
test storage_opening::tests::production_record_writer_refuses_unadmitted_live_envelope_peak ... ok
test storage_opening::tests::production_scoped_body_panic_cannot_auto_retire ... ok
test storage_opening::tests::production_tenant_get_accepts_maximum_writer_value ... ok
test storage_opening::tests::production_tenant_get_missing_and_tiny_rows_fit_low_headroom ... ok
test storage_opening::tests::production_tenant_point_read_retires_routine_failures_and_keeps_cancelled_child ... ok
test storage_opening::tests::production_view_drop_during_unwind_keeps_interrupted_child ... ok
test storage_opening::tests::production_visit_failure_retains_original_registered_report ... ok
test storage_opening::tests::queued_production_catalog_reader_is_cancelled_with_registered_custody ... ok
test storage_opening::tests::queued_relinquishment_seals_the_request_before_another_facade_can_run ... ok
test storage_opening::tests::queued_store_writer_does_not_hold_opening_lock_against_close ... ok
test storage_opening::tests::reader_output_admission_panic_is_reported_and_seals_new_work ... ok
test storage_opening::tests::ready_publication_requires_the_exact_committed_disposed_tables_request_once ... ok
test storage_opening::tests::real_commit_and_abort_failures_keep_actual_request_after_all_facades_cancel ... ok
test storage_opening::tests::registered_node_tables_retains_actual_transaction_and_reports_through_physical_close ... ok
test storage_opening::tests::registered_opening_exists_before_actual_creation_and_abandoned_prepare_has_no_file_effect ... ok
test storage_opening::tests::retained_reader_keeps_one_snapshot_and_admitted_bytes_through_close ... ok
test storage_opening::tests::routine_read_diagnostics::routine_read_known_clean_retirement_is_positive_after_another_exact_drainer ... ok
test storage_opening::tests::routine_read_diagnostics::routine_read_native_and_outer_capacity_keep_exact_errors_without_cleanup_admission ... ok
test storage_opening::tests::routine_read_diagnostics::routine_read_two_original_aliases_outlive_native_and_database_retirement ... ok
test storage_opening::tests::routine_read_diagnostics::routine_read_unknown_io_and_original_body_panic_keep_native_custody ... ok
test storage_opening::tests::unknown_native_opening_close_vetoes_acknowledgement_and_never_retries_the_handle ... ok
test storage_opening::write_plan::tests::catalog_input_is_admitted_before_its_fixed_serialized_buffer ... ok
test storage_opening::write_plan::tests::exact_catalog_limit_fits_fixed_buffer_and_one_extra_byte_is_rejected ... ok
test storage_opening::write_plan::tests::paired_catalog_input_releases_first_buffer_when_second_admission_is_denied ... ok
test storage_opening::write_plan::tests::refused_input_reservation_creates_no_plan_or_engine_effect ... ok
test test_utils::admitted_backend_tests::admitted_backend_rejects_foreign_memory_before_io_and_retains_exact_owner ... ok
test test_utils::fixture_directory_tests::consumer_fixture_creation_uses_the_installed_owner_with_a_live_file ... ok
test test_utils::registry_retry_tests::fixture_retry_distinguishes_registry_busy_from_provider_would_block ... ok
test tests::a_fresh_probe_covers_every_retained_version_and_revocation_seals_warm_state ... ok
test tests::a_late_success_cannot_undo_an_explicit_seal ... ok
test tests::atomic_batches_and_cross_namespace_isolation_survive_reopen ... ok
test tests::bounded_encrypted_reads_reject_payload_before_plaintext_allocation ... ok
test tests::canceled_shutdown_drains_blocked_probe_and_releases_the_database_file ... ok
test tests::cancelled_store_drain_retains_joined_panic_and_pending_physical_owner ... ok
test tests::ciphertext_corruption_swapping_and_wrong_tenant_are_rejected ... ok
test tests::completed_shutdown_allows_distinct_store_without_reviving_retained_handles ... ok
test tests::delayed_probe_cannot_extend_a_lease_past_sixty_seconds_from_start ... ok
test tests::different_tenants_do_not_share_a_slow_key_service_open_gate ... ok
test tests::dormant_store_workers_stop_cooperatively_and_external_abort_is_reported ... ok
test tests::every_injected_commit_failure_recovers_whole_batch_or_previous_state ... ok
test tests::expiry_during_fsync_reports_unknown_outcome_and_preserves_committed_batch ... ok
test tests::expiry_during_key_catalog_fsync_does_not_acknowledge_rotation ... ok
test tests::expiry_watchdog_discards_keys_and_notifies_without_an_incoming_request ... ok
test tests::failed_node_setup_keeps_the_original_panic_and_closes ... ok
test tests::failed_node_table_setup_observes_the_original_native_close ... ok
test tests::faulty_provider_rewrap_cannot_replace_data_keys_or_break_recovery ... ok
test tests::invalid_batch_does_not_apply_earlier_operations ... ok
test tests::names_keys_and_values_are_absent_from_disk_and_nonce_changes_on_overwrite ... FAILED
test tests::node_files_are_private_nofollow_and_keep_exclusive_database_ownership ... FAILED
test tests::periodic_probes_start_every_twenty_seconds_despite_provider_latency ... ok
test tests::pinned_read_roots_and_streamed_namespace_publication_preserve_isolation ... ok
test tests::rewrap_preserves_documents_after_retiring_old_wrapping_versions ... ok
test tests::separate_node_stores_and_pinned_reads_share_one_scratch_budget ... ok
test tests::shutdown_fences_a_waiting_background_task_registration ... ok
test tests::sixty_second_suspend_aware_expiry_and_explicit_recovery ... ok
test tests::wrapping_catalog_is_atomic_across_every_injected_commit_failure ... ok

failures:

---- live_trust::tests::exact_live_generation_rejects_historical_and_reused_key_forgery stdout ----

thread 'live_trust::tests::exact_live_generation_rejects_historical_and_reused_key_forgery' (12512612) panicked at crates/kasumi-store/src/live_trust_tests.rs:331:66:
called `Result::unwrap()` on an `Err` value: Os { code: 21, kind: IsADirectory, message: "Is a directory" }

---- node_file::segment_group::tests::census_equals_extents_after_crash_child_restart stdout ----

thread 'node_file::segment_group::tests::census_equals_extents_after_crash_child_restart' (12516052) panicked at crates/kasumi-store/src/node_file/segment_group_tests.rs:1269:5:
assertion `left == right` failed
  left: 16027648
 right: 2396160

---- node_file::segment_group::tests::more_than_768_segments_reopen_and_evict_within_the_descriptor_budget stdout ----

thread 'node_file::segment_group::tests::more_than_768_segments_reopen_and_evict_within_the_descriptor_budget' (12516444) panicked at crates/kasumi-store/src/node_file/segment_group_tests.rs:736:5:
assertion `left == right` failed
  left: 848564224
 right: 8654848

---- node_file::segment_group::tests::unlink_confirmed_before_the_garbage_update_is_idempotent_after_restart stdout ----

thread 'node_file::segment_group::tests::unlink_confirmed_before_the_garbage_update_is_idempotent_after_restart' (12521419) panicked at crates/kasumi-store/src/node_file/segment_group_tests.rs:452:5:
assertion `left == right` failed
  left: 5271552
 right: 6320128

---- storage_domains::binding_install_tests::staged_binding_capacity_denial_settles_and_a_later_binding_put_commits stdout ----

thread 'storage_domains::binding_install_tests::staged_binding_capacity_denial_settles_and_a_later_binding_put_commits' (12540677) panicked at crates/kasumi-store/src/storage_domains/binding_install_tests.rs:402:5:
assertion `left == right` failed
  left: Begin
 right: Finished

---- storage_domains::capacity_denial_tests::binding_install_commit_denial_publishes_nothing_across_restart_and_retries stdout ----

thread 'storage_domains::capacity_denial_tests::binding_install_commit_denial_publishes_nothing_across_restart_and_retries' (12540703) panicked at crates/kasumi-store/src/storage_domains/capacity_denial_tests.rs:207:28:
expected a typed capacity denial, got registered binding installation StorageOwnerId { index: 1, generation: 10 } has an unproved result

---- storage_domains::capacity_denial_tests::binding_install_staging_denial_settles_and_the_same_install_retries stdout ----

thread 'storage_domains::capacity_denial_tests::binding_install_staging_denial_settles_and_the_same_install_retries' (12540766) panicked at crates/kasumi-store/src/storage_domains/capacity_denial_tests.rs:207:28:
expected a typed capacity denial, got registered tenant point read StorageOwnerId { index: 1, generation: 10 } failed at begin

---- storage_domains::capacity_denial_tests::create_mode_table_denial_releases_the_reservation_and_requeues stdout ----

thread 'storage_domains::capacity_denial_tests::create_mode_table_denial_releases_the_reservation_and_requeues' (12540807) panicked at crates/kasumi-store/src/storage_domains/capacity_denial_tests.rs:432:5:
assertion `left == right` failed
  left: Disposal
 right: Finished

---- storage_domains::capacity_denial_tests::save_catalog_commit_denial_retires_its_child_and_retries_after_space_is_freed stdout ----

thread 'storage_domains::capacity_denial_tests::save_catalog_commit_denial_retires_its_child_and_retries_after_space_is_freed' (12541121) panicked at crates/kasumi-store/src/storage_domains/capacity_denial_tests.rs:207:28:
expected a typed capacity denial, got registered catalog write StorageOwnerId { index: 1, generation: 6 } has an unproved outcome

---- storage_domains::capacity_denial_tests::singleton_initialization_commit_denial_leaves_catalog_absent_and_retries stdout ----

thread 'storage_domains::capacity_denial_tests::singleton_initialization_commit_denial_leaves_catalog_absent_and_retries' (12541247) panicked at crates/kasumi-store/src/storage_domains/capacity_denial_tests.rs:207:28:
expected a typed capacity denial, got registered catalog write StorageOwnerId { index: 1, generation: 4 } has an unproved outcome

---- storage_opening::catalog_put::tests::installed_catalog_capacity_denial_keeps_opening_open_and_reopens_old_catalog stdout ----

thread 'storage_opening::catalog_put::tests::installed_catalog_capacity_denial_keeps_opening_open_and_reopens_old_catalog' (12589749) panicked at crates/kasumi-store/src/storage_opening/catalog_put_tests.rs:671:5:
catalog capacity child failed: Some(ExitStatus(unix_wait_status(25856))); log=
running 1 test

thread 'storage_opening::catalog_put::tests::catalog_capacity_child' (12589760) panicked at crates/kasumi-store/src/storage_opening/catalog_put_tests.rs:710:9:
assertion `left == right` failed
  left: Disposal
 right: Finished
note: run with `RUST_BACKTRACE=1` environment variable to display a backtrace
test storage_opening::catalog_put::tests::catalog_capacity_child ... FAILED

failures:

failures:
    storage_opening::catalog_put::tests::catalog_capacity_child

test result: FAILED. 0 passed; 1 failed; 0 ignored; 0 measured; 634 filtered out; finished in 1.14s



---- tests::names_keys_and_values_are_absent_from_disk_and_nonce_changes_on_overwrite stdout ----

thread 'tests::names_keys_and_values_are_absent_from_disk_and_nonce_changes_on_overwrite' (12604865) panicked at crates/kasumi-store/src/tests.rs:664:63:
called `Result::unwrap()` on an `Err` value: Os { code: 21, kind: IsADirectory, message: "Is a directory" }

---- tests::node_files_are_private_nofollow_and_keep_exclusive_database_ownership stdout ----

thread 'tests::node_files_are_private_nofollow_and_keep_exclusive_database_ownership' (12604996) panicked at crates/kasumi-store/src/tests.rs:1487:5:
assertion `left == right` failed
  left: 448
 right: 384


failures:
    live_trust::tests::exact_live_generation_rejects_historical_and_reused_key_forgery
    node_file::segment_group::tests::census_equals_extents_after_crash_child_restart
    node_file::segment_group::tests::more_than_768_segments_reopen_and_evict_within_the_descriptor_budget
    node_file::segment_group::tests::unlink_confirmed_before_the_garbage_update_is_idempotent_after_restart
    storage_domains::binding_install_tests::staged_binding_capacity_denial_settles_and_a_later_binding_put_commits
    storage_domains::capacity_denial_tests::binding_install_commit_denial_publishes_nothing_across_restart_and_retries
    storage_domains::capacity_denial_tests::binding_install_staging_denial_settles_and_the_same_install_retries
    storage_domains::capacity_denial_tests::create_mode_table_denial_releases_the_reservation_and_requeues
    storage_domains::capacity_denial_tests::save_catalog_commit_denial_retires_its_child_and_retries_after_space_is_freed
    storage_domains::capacity_denial_tests::singleton_initialization_commit_denial_leaves_catalog_absent_and_retries
    storage_opening::catalog_put::tests::installed_catalog_capacity_denial_keeps_opening_open_and_reopens_old_catalog
    tests::names_keys_and_values_are_absent_from_disk_and_nonce_changes_on_overwrite
    tests::node_files_are_private_nofollow_and_keep_exclusive_database_ownership

test result: FAILED. 618 passed; 13 failed; 4 ignored; 0 measured; 0 filtered out; finished in 1723.41s

error: test failed, to rerun pass `-p kasumi-store --lib`
Runner: 1728.74s; exit=101; matching=736/736
