Command: cargo clippy --workspace --all-features --all-targets --locked --offline --no-deps -- -D clippy::all
CARGO_TARGET_DIR=target/disk-backed-cache
    Checking kasumi-engine v0.1.0 (/Users/takemiyamakoto/dev/kasumi/crates/kasumi-engine)
warning: method `matches_response_id` is never used
   --> vendor/rmcp-3.2.0/src/model.rs:251:19
    |
236 | impl NumberOrString {
    | ------------------- method in this implementation
...
251 |     pub(crate) fn matches_response_id(&self, response_id: &Self) -> bool {
    |                   ^^^^^^^^^^^^^^^^^^^
    |
    = note: `#[warn(dead_code)]` (part of `#[warn(unused)]`) on by default

warning: method `set_client_request_metadata` is never used
    --> vendor/rmcp-3.2.0/src/service.rs:1032:19
     |
 806 | impl<R: ServiceRole> Peer<R> {
     | ---------------------------- method in this implementation
...
1032 |     pub(crate) fn set_client_request_metadata(&self, metadata: ClientRequestMetadata) {
     |                   ^^^^^^^^^^^^^^^^^^^^^^^^^^^

warning: method `is_authorization_required` is never used
   --> vendor/rmcp-3.2.0/src/transport.rs:275:19
    |
249 | impl DynamicTransportError {
    | -------------------------- method in this implementation
...
275 |     pub(crate) fn is_authorization_required(&self) -> bool {
    |                   ^^^^^^^^^^^^^^^^^^^^^^^^^

warning: `rmcp` (lib) generated 3 warnings
warning: variant `Mutation` is never constructed
  --> crates/kasumi-engine/src/security_audit_jobs.rs:26:5
   |
24 | enum JobEffect {
   |      --------- variant in this enum
25 |     Read,
26 |     Mutation(&'static str),
   |     ^^^^^^^^
   |
   = note: `JobEffect` has a derived impl for the trait `Clone`, but this is intentionally ignored during dead code analysis
   = note: `#[warn(dead_code)]` (part of `#[warn(unused)]`) on by default

warning: struct `ReadPause` is never constructed
  --> crates/kasumi-engine/src/security_audit_jobs.rs:57:19
   |
57 | pub(super) struct ReadPause {
   |                   ^^^^^^^^^

warning: method `run_mutation` is never used
   --> crates/kasumi-engine/src/security_audit_jobs.rs:120:25
    |
 62 | impl SecurityAudit {
    | ------------------ method in this implementation
...
120 |     pub(super) async fn run_mutation<T, F, R>(&self, component: &'static str, run: R) -> Result<T>
    |                         ^^^^^^^^^^^^

warning: `kasumi-engine` (lib) generated 3 warnings
    Checking kasumi-server v0.1.0 (/Users/takemiyamakoto/dev/kasumi/crates/kasumi-server)
    Checking kasumi-authority v0.1.0 (/Users/takemiyamakoto/dev/kasumi/crates/kasumi-authority)
warning: field `panic` is never read
  --> crates/kasumi-engine/src/security_audit_jobs.rs:52:9
   |
48 | pub(super) struct RecordFault {
   |                   ----------- field in this struct
...
52 |     pub panic: bool,
   |         ^^^^^

error: this `MutexGuard` is held across an await point
   --> crates/kasumi-engine/src/application_sources_tests.rs:757:9
    |
757 |     let state = cell.state.lock().unwrap();
    |         ^^^^^
    |
    = help: consider using an async-aware `Mutex` type or ensuring the `MutexGuard` is dropped before calling `await`
note: these are all the await points this lock is held through
   --> crates/kasumi-engine/src/application_sources_tests.rs:786:21
    |
786 |     fixture.close().await
    |                     ^^^^^
    = help: for further information visit https://rust-lang.github.io/rust-clippy/rust-1.97.0/index.html#await_holding_lock
    = note: `-D clippy::await-holding-lock` implied by `-D clippy::all`
    = help: to override `-D clippy::all` add `#[allow(clippy::await_holding_lock)]`

error: large size difference between variants
  --> crates/kasumi-engine/src/primary_read_tests.rs:15:1
   |
15 | / enum TestError {
16 | |     Read(crate::primary_tree::read::ReadFailure),
   | |     -------------------------------------------- the largest variant contains at least 592 bytes
17 | |     Other(anyhow::Error),
   | |     -------------------- the second-largest variant contains at least 8 bytes
18 | | }
   | |_^ the entire enum is at least 592 bytes
   |
   = help: for further information visit https://rust-lang.github.io/rust-clippy/rust-1.97.0/index.html#large_enum_variant
   = note: `-D clippy::large-enum-variant` implied by `-D clippy::all`
   = help: to override `-D clippy::all` add `#[allow(clippy::large_enum_variant)]`
help: consider boxing the large fields or introducing indirection in some other way to reduce the total size of the enum
   |
16 -     Read(crate::primary_tree::read::ReadFailure),
16 +     Read(Box<crate::primary_tree::read::ReadFailure>),
   |

error: the `Err`-variant returned from this function is very large
   --> crates/kasumi-engine/src/primary_read_tests.rs:291:10
    |
291 |     ) -> std::result::Result<SelectedPrimary, crate::primary_tree::read::ReadFailure> {
    |          ^^^^^^^^^^^^^^^^^^^^^^^^^^^^^^^^^^^^^^^^^^^^^^^^^^^^^^^^^^^^^^^^^^^^^^^^^^^^ the `Err`-variant is at least 592 bytes
    |
    = help: try reducing the size of `primary_tree::read::ReadFailure`, for example by boxing large elements or replacing it with `Box<primary_tree::read::ReadFailure>`
    = help: for further information visit https://rust-lang.github.io/rust-clippy/rust-1.97.0/index.html#result_large_err
    = note: `-D clippy::result-large-err` implied by `-D clippy::all`
    = help: to override `-D clippy::all` add `#[allow(clippy::result_large_err)]`

error: the `Err`-variant returned from this function is very large
   --> crates/kasumi-engine/src/primary_read_tests.rs:333:82
    |
 16 |     Read(crate::primary_tree::read::ReadFailure),
    |     -------------------------------------------- the largest variant contains at least 592 bytes
...
333 | async fn selected_primary_encrypted_branch_live_archive_absence_and_old_pin() -> TestResult<()> {
    |                                                                                  ^^^^^^^^^^^^^^
    |
    = help: try reducing the size of `application_sources::tests::primary_read_tests::TestError`, for example by boxing large elements or replacing it with `Box<application_sources::tests::primary_read_tests::TestError>`
    = help: for further information visit https://rust-lang.github.io/rust-clippy/rust-1.97.0/index.html#result_large_err

error: the `Err`-variant returned from this function is very large
   --> crates/kasumi-engine/src/primary_read_tests.rs:394:83
    |
 16 |     Read(crate::primary_tree::read::ReadFailure),
    |     -------------------------------------------- the largest variant contains at least 592 bytes
...
394 | async fn selected_primary_rejects_catalog_manifest_and_selector_substitution() -> TestResult<()> {
    |                                                                                   ^^^^^^^^^^^^^^
    |
    = help: try reducing the size of `application_sources::tests::primary_read_tests::TestError`, for example by boxing large elements or replacing it with `Box<application_sources::tests::primary_read_tests::TestError>`
    = help: for further information visit https://rust-lang.github.io/rust-clippy/rust-1.97.0/index.html#result_large_err

error: the `Err`-variant returned from this function is very large
   --> crates/kasumi-engine/src/primary_read_tests.rs:466:87
    |
 16 |     Read(crate::primary_tree::read::ReadFailure),
    |     -------------------------------------------- the largest variant contains at least 592 bytes
...
466 | async fn selected_primary_overflow_corruption_and_missing_never_lend_partial_dto() -> TestResult<()>
    |                                                                                       ^^^^^^^^^^^^^^
    |
    = help: try reducing the size of `application_sources::tests::primary_read_tests::TestError`, for example by boxing large elements or replacing it with `Box<application_sources::tests::primary_read_tests::TestError>`
    = help: for further information visit https://rust-lang.github.io/rust-clippy/rust-1.97.0/index.html#result_large_err

error: the `Err`-variant returned from this function is very large
   --> crates/kasumi-engine/src/primary_read_tests.rs:537:4
    |
 16 |     Read(crate::primary_tree::read::ReadFailure),
    |     -------------------------------------------- the largest variant contains at least 592 bytes
...
537 | -> TestResult<()> {
    |    ^^^^^^^^^^^^^^
    |
    = help: try reducing the size of `application_sources::tests::primary_read_tests::TestError`, for example by boxing large elements or replacing it with `Box<application_sources::tests::primary_read_tests::TestError>`
    = help: for further information visit https://rust-lang.github.io/rust-clippy/rust-1.97.0/index.html#result_large_err

error: the `Err`-variant returned from this function is very large
   --> crates/kasumi-engine/src/primary_read_tests.rs:573:4
    |
 16 |     Read(crate::primary_tree::read::ReadFailure),
    |     -------------------------------------------- the largest variant contains at least 592 bytes
...
573 | -> TestResult<()> {
    |    ^^^^^^^^^^^^^^
    |
    = help: try reducing the size of `application_sources::tests::primary_read_tests::TestError`, for example by boxing large elements or replacing it with `Box<application_sources::tests::primary_read_tests::TestError>`
    = help: for further information visit https://rust-lang.github.io/rust-clippy/rust-1.97.0/index.html#result_large_err

error: the `Err`-variant returned from this function is very large
   --> crates/kasumi-engine/src/primary_read_tests.rs:640:4
    |
 16 |     Read(crate::primary_tree::read::ReadFailure),
    |     -------------------------------------------- the largest variant contains at least 592 bytes
...
640 | -> TestResult<()> {
    |    ^^^^^^^^^^^^^^
    |
    = help: try reducing the size of `application_sources::tests::primary_read_tests::TestError`, for example by boxing large elements or replacing it with `Box<application_sources::tests::primary_read_tests::TestError>`
    = help: for further information visit https://rust-lang.github.io/rust-clippy/rust-1.97.0/index.html#result_large_err

error: the `Err`-variant returned from this function is very large
   --> crates/kasumi-engine/src/primary_read_tests.rs:689:82
    |
 16 |     Read(crate::primary_tree::read::ReadFailure),
    |     -------------------------------------------- the largest variant contains at least 592 bytes
...
689 | async fn selected_primary_page_corruption_and_foreign_registry_are_rejected() -> TestResult<()> {
    |                                                                                  ^^^^^^^^^^^^^^
    |
    = help: try reducing the size of `application_sources::tests::primary_read_tests::TestError`, for example by boxing large elements or replacing it with `Box<application_sources::tests::primary_read_tests::TestError>`
    = help: for further information visit https://rust-lang.github.io/rust-clippy/rust-1.97.0/index.html#result_large_err

error: the `Err`-variant returned from this function is very large
   --> crates/kasumi-engine/src/primary_read_tests.rs:734:74
    |
 16 |     Read(crate::primary_tree::read::ReadFailure),
    |     -------------------------------------------- the largest variant contains at least 592 bytes
...
734 | async fn selected_primary_preserves_restored_zero_document_versions() -> TestResult<()> {
    |                                                                          ^^^^^^^^^^^^^^
    |
    = help: try reducing the size of `application_sources::tests::primary_read_tests::TestError`, for example by boxing large elements or replacing it with `Box<application_sources::tests::primary_read_tests::TestError>`
    = help: for further information visit https://rust-lang.github.io/rust-clippy/rust-1.97.0/index.html#result_large_err

error: the `Err`-variant returned from this function is very large
   --> crates/kasumi-engine/src/primary_read_tests.rs:750:81
    |
 16 |     Read(crate::primary_tree::read::ReadFailure),
    |     -------------------------------------------- the largest variant contains at least 592 bytes
...
750 | async fn selected_primary_empty_tree_still_rechecks_current_storage_access() -> TestResult<()> {
    |                                                                                 ^^^^^^^^^^^^^^
    |
    = help: try reducing the size of `application_sources::tests::primary_read_tests::TestError`, for example by boxing large elements or replacing it with `Box<application_sources::tests::primary_read_tests::TestError>`
    = help: for further information visit https://rust-lang.github.io/rust-clippy/rust-1.97.0/index.html#result_large_err

error: the `Err`-variant returned from this function is very large
   --> crates/kasumi-engine/src/primary_read_tests.rs:796:83
    |
 16 |     Read(crate::primary_tree::read::ReadFailure),
    |     -------------------------------------------- the largest variant contains at least 592 bytes
...
796 | async fn selected_primary_callback_access_change_is_rechecked_before_success() -> TestResult<()> {
    |                                                                                   ^^^^^^^^^^^^^^
    |
    = help: try reducing the size of `application_sources::tests::primary_read_tests::TestError`, for example by boxing large elements or replacing it with `Box<application_sources::tests::primary_read_tests::TestError>`
    = help: for further information visit https://rust-lang.github.io/rust-clippy/rust-1.97.0/index.html#result_large_err

error: the `Err`-variant returned from this function is very large
   --> crates/kasumi-engine/src/primary_read_tests.rs:815:86
    |
 16 |     Read(crate::primary_tree::read::ReadFailure),
    |     -------------------------------------------- the largest variant contains at least 592 bytes
...
815 | async fn selected_primary_panic_payload_survives_as_original_failure_until_drop() -> TestResult<()>
    |                                                                                      ^^^^^^^^^^^^^^
    |
    = help: try reducing the size of `application_sources::tests::primary_read_tests::TestError`, for example by boxing large elements or replacing it with `Box<application_sources::tests::primary_read_tests::TestError>`
    = help: for further information visit https://rust-lang.github.io/rust-clippy/rust-1.97.0/index.html#result_large_err

error: manual implementation of `.is_multiple_of()`
   --> crates/kasumi-engine/src/primary_records.rs:566:56
    |
566 |     Ok(encoded_bytes / CHUNK_PAYLOAD_BYTES + u64::from(encoded_bytes % CHUNK_PAYLOAD_BYTES != 0))
    |                                                        ^^^^^^^^^^^^^^^^^^^^^^^^^^^^^^^^^^^^^^^^ help: replace with: `!encoded_bytes.is_multiple_of(CHUNK_PAYLOAD_BYTES)`
    |
    = help: for further information visit https://rust-lang.github.io/rust-clippy/rust-1.97.0/index.html#manual_is_multiple_of
    = note: `-D clippy::manual-is-multiple-of` implied by `-D clippy::all`
    = help: to override `-D clippy::all` add `#[allow(clippy::manual_is_multiple_of)]`

error: this `if` statement can be collapsed
   --> crates/kasumi-engine/src/primary_stage.rs:473:13
    |
473 | /             if let WriteOp::Put {
474 | |                 namespace, value, ..
475 | |             } = op
...   |
481 | |             }
    | |_____________^
    |
    = help: for further information visit https://rust-lang.github.io/rust-clippy/rust-1.97.0/index.html#collapsible_if
    = note: `-D clippy::collapsible-if` implied by `-D clippy::all`
    = help: to override `-D clippy::all` add `#[allow(clippy::collapsible_if)]`
help: collapse nested if block
    |
475 ~             } = op
476 ~                 && (namespace == CHUNKS || namespace == PAGES) {
477 |                     self.chunk = value;
478 |                     self.chunk.clear();
479 ~                 }
    |

error: the `Err`-variant returned from this function is very large
   --> crates/kasumi-engine/src/primary_read.rs:115:10
    |
115 |     ) -> std::result::Result<Self, ReadFailure> {
    |          ^^^^^^^^^^^^^^^^^^^^^^^^^^^^^^^^^^^^^^ the `Err`-variant is at least 592 bytes
    |
    = help: try reducing the size of `primary_tree::read::ReadFailure`, for example by boxing large elements or replacing it with `Box<primary_tree::read::ReadFailure>`
    = help: for further information visit https://rust-lang.github.io/rust-clippy/rust-1.97.0/index.html#result_large_err

error: the `Err`-variant returned from this function is very large
   --> crates/kasumi-engine/src/primary_read.rs:224:10
    |
224 |     ) -> std::result::Result<(Self, T), ReadFailure> {
    |          ^^^^^^^^^^^^^^^^^^^^^^^^^^^^^^^^^^^^^^^^^^^ the `Err`-variant is at least 592 bytes
    |
    = help: try reducing the size of `primary_tree::read::ReadFailure`, for example by boxing large elements or replacing it with `Box<primary_tree::read::ReadFailure>`
    = help: for further information visit https://rust-lang.github.io/rust-clippy/rust-1.97.0/index.html#result_large_err

error: the `Err`-variant returned from this function is very large
   --> crates/kasumi-engine/src/primary_read.rs:247:10
    |
247 |     ) -> std::result::Result<(Self, Option<T>), ReadFailure> {
    |          ^^^^^^^^^^^^^^^^^^^^^^^^^^^^^^^^^^^^^^^^^^^^^^^^^^^ the `Err`-variant is at least 592 bytes
    |
    = help: try reducing the size of `primary_tree::read::ReadFailure`, for example by boxing large elements or replacing it with `Box<primary_tree::read::ReadFailure>`
    = help: for further information visit https://rust-lang.github.io/rust-clippy/rust-1.97.0/index.html#result_large_err

error: the `Err`-variant returned from this function is very large
   --> crates/kasumi-engine/src/primary_read.rs:294:34
    |
294 |     pub(crate) fn close(self) -> std::result::Result<(), ReadFailure> {
    |                                  ^^^^^^^^^^^^^^^^^^^^^^^^^^^^^^^^^^^^ the `Err`-variant is at least 592 bytes
    |
    = help: try reducing the size of `primary_tree::read::ReadFailure`, for example by boxing large elements or replacing it with `Box<primary_tree::read::ReadFailure>`
    = help: for further information visit https://rust-lang.github.io/rust-clippy/rust-1.97.0/index.html#result_large_err

error: large size difference between variants
   --> crates/kasumi-engine/src/primary_read.rs:475:1
    |
475 | / enum Step {
476 | |     Leaf(Option<Leaf>),
    | |     ------------------ the second-largest variant contains at least 88 bytes
477 | |     Next(Route),
    | |     ----------- the largest variant contains at least 632 bytes
478 | | }
    | |_^ the entire enum is at least 640 bytes
    |
    = help: for further information visit https://rust-lang.github.io/rust-clippy/rust-1.97.0/index.html#large_enum_variant
help: consider boxing the large fields or introducing indirection in some other way to reduce the total size of the enum
    |
477 -     Next(Route),
477 +     Next(Box<Route>),
    |

warning: `kasumi-engine` (lib test) generated 4 warnings (3 duplicates)
error: could not compile `kasumi-engine` (lib test) due to 21 previous errors; 4 warnings emitted
warning: build failed, waiting for other jobs to finish...
Runner: 337.71s; exit=101; matching=776/776
