Command: cargo test --locked --offline --config profile.test.package.kasumi-kv.opt-level=3 --config profile.test.package.sha2.opt-level=3 -p kasumi-kv -p kasumi-store -p kasumi-engine --all-features --lib --no-fail-fast -- native_record_image_ prepared_record_publication_ database_source_census_ primary_index_inventory_exact_ primary_index_release_ physical_identity_ --nocapture
ISOLATED_SOURCE=/tmp/kasumi-source-cohort-validation-v1
CARGO_TARGET_DIR=/Users/takemiyamakoto/dev/kasumi/target/disk-backed-cache
   Compiling kasumi-kv v0.1.0 (/private/tmp/kasumi-source-cohort-validation-v1/crates/kasumi-kv)
warning: method `last_sm_seq` is never used
  --> vendor/openraft-0.9.25/openraft/src/engine/engine_output.rs:35:19
   |
24 | / impl<C> EngineOutput<C>
25 | | where
26 | |     C: RaftTypeConfig,
   | |______________________- method in this implementation
...
35 |       pub(crate) fn last_sm_seq(&self) -> CommandSeq {
   |                     ^^^^^^^^^^^
   |
   = note: `#[warn(dead_code)]` (part of `#[warn(unused)]`) on by default

warning: method `accept_vote` is never used
  --> vendor/openraft-0.9.25/openraft/src/engine/handler/vote_handler/mod.rs:58:19
   |
45 | / impl<C> VoteHandler<'_, C>
46 | | where
47 | |     C: RaftTypeConfig,
   | |______________________- method in this implementation
...
58 |       pub(crate) fn accept_vote<T, E, F>(
   |                     ^^^^^^^^^^^

warning: `openraft` (lib) generated 2 warnings
   Compiling kasumi-store v0.1.0 (/private/tmp/kasumi-source-cohort-validation-v1/crates/kasumi-store)
warning: field `database` is never read
  --> crates/kasumi-store/src/storage_opening/publication.rs:58:5
   |
55 | struct PublicationRequest {
   |        ------------------ field in this struct
...
58 |     database: StorageRegistration<DatabaseOwner>,
   |     ^^^^^^^^
   |
   = note: `#[warn(dead_code)]` (part of `#[warn(unused)]`) on by default

   Compiling kasumi-raft v0.1.0 (/private/tmp/kasumi-source-cohort-validation-v1/crates/kasumi-raft)
warning: `kasumi-store` (lib) generated 1 warning
warning: field `0` is never read
  --> crates/kasumi-raft/src/owned_prepared_restore.rs:25:33
   |
25 | struct CandidateRetirementPanic(std::sync::Mutex<Box<dyn std::any::Any + Send>>);
   |        ------------------------ ^^^^^^^^^^^^^^^^^^^^^^^^^^^^^^^^^^^^^^^^^^^^^^^
   |        |
   |        field in this struct
   |
   = help: consider removing this field
   = note: `#[warn(dead_code)]` (part of `#[warn(unused)]`) on by default

warning: method `prepared_snapshot_publication` is never used
   --> crates/kasumi-raft/src/custody_machine.rs:235:19
    |
135 | impl CustodyMachine {
    | ------------------- method in this implementation
...
235 |     pub(crate) fn prepared_snapshot_publication(
    |                   ^^^^^^^^^^^^^^^^^^^^^^^^^^^^^

warning: method `publish` is never used
   --> crates/kasumi-raft/src/custody_snapshot_preparation.rs:298:19
    |
188 | impl PreparedCustodySnapshotPublication {
    | --------------------------------------- method in this implementation
...
298 |     pub(crate) fn publish(&mut self, control: &OwnedControlGuard) -> Result<()> {
    |                   ^^^^^^^

warning: field `0` is never read
   --> crates/kasumi-raft/src/custody_snapshot_preparation.rs:382:32
    |
382 | struct SnapshotRetirementPanic(std::sync::Mutex<Box<dyn std::any::Any + Send>>);
    |        ----------------------- ^^^^^^^^^^^^^^^^^^^^^^^^^^^^^^^^^^^^^^^^^^^^^^^
    |        |
    |        field in this struct
    |
    = help: consider removing this field

warning: field `0` is never read
   --> crates/kasumi-raft/src/lifetime.rs:249:17
    |
249 |     Application(StorageHandle<kasumi_store::TenantStorageSet>),
    |     ----------- ^^^^^^^^^^^^^^^^^^^^^^^^^^^^^^^^^^^^^^^^^^^^^
    |     |
    |     field in this variant
    |
help: consider changing the field to be of unit type to suppress this warning while preserving the field numbering, or remove the field
    |
249 -     Application(StorageHandle<kasumi_store::TenantStorageSet>),
249 +     Application(()),
    |

warning: field `0` is never read
   --> crates/kasumi-raft/src/lifetime.rs:250:13
    |
250 |     Custody(StorageHandle<kasumi_store::CustodyStore>),
    |     ------- ^^^^^^^^^^^^^^^^^^^^^^^^^^^^^^^^^^^^^^^^^
    |     |
    |     field in this variant
    |
help: consider changing the field to be of unit type to suppress this warning while preserving the field numbering, or remove the field
    |
250 -     Custody(StorageHandle<kasumi_store::CustodyStore>),
250 +     Custody(()),
    |

warning: associated function `new` is never used
  --> crates/kasumi-raft/src/snapshot_buffer/prepared_child.rs:84:8
   |
83 | impl PreparedChild {
   | ------------------ associated function in this implementation
84 |     fn new(body: PreparedSnapshotBody) -> Self {
   |        ^^^

warning: field `0` is never read
   --> crates/kasumi-raft/src/snapshot_buffer/prepared_child.rs:307:19
    |
307 | struct ChildPanic(Mutex<Box<dyn std::any::Any + Send>>);
    |        ---------- ^^^^^^^^^^^^^^^^^^^^^^^^^^^^^^^^^^^^
    |        |
    |        field in this struct
    |
    = help: consider removing this field

warning: methods `begin_prepared_body` and `cancel_body` are never used
   --> crates/kasumi-raft/src/snapshot_buffer/prepared_child.rs:406:19
    |
320 | impl SnapshotBuffer {
    | ------------------- methods in this implementation
...
406 |     pub(crate) fn begin_prepared_body(
    |                   ^^^^^^^^^^^^^^^^^^^
...
470 |     pub(crate) async fn cancel_body(&mut self) -> DrainResult {
    |                         ^^^^^^^^^^^

warning: method `prepare_engine_publication` is never used
    --> crates/kasumi-raft/src/storage.rs:1121:19
     |
1083 | impl PendingSnapshot {
     | -------------------- method in this implementation
...
1121 |     pub(crate) fn prepare_engine_publication<'backend>(
     |                   ^^^^^^^^^^^^^^^^^^^^^^^^^^

warning: enum `SnapshotPublicationPhase` is never used
    --> crates/kasumi-raft/src/storage.rs:1175:6
     |
1175 | enum SnapshotPublicationPhase {
     |      ^^^^^^^^^^^^^^^^^^^^^^^^

warning: struct `PreparedEngineSnapshotPublication` is never constructed
    --> crates/kasumi-raft/src/storage.rs:1181:19
     |
1181 | pub(crate) struct PreparedEngineSnapshotPublication<'backend> {
     |                   ^^^^^^^^^^^^^^^^^^^^^^^^^^^^^^^^^

warning: methods `source` and `publish` are never used
    --> crates/kasumi-raft/src/storage.rs:1191:19
     |
1190 | impl PreparedEngineSnapshotPublication<'_> {
     | ------------------------------------------ methods in this implementation
1191 |     pub(crate) fn source(&self) -> &crate::PreparedSnapshotSourceEnvelope {
     |                   ^^^^^^
...
1194 |     pub(crate) fn publish(&mut self, domains: &TenantStorageSet) -> Result<()> {
     |                   ^^^^^^^

warning: method `context` is never used
   --> crates/kasumi-raft/src/storage/snapshot_conflict.rs:403:19
    |
134 | impl PreparedSnapshotConflict {
    | ----------------------------- method in this implementation
...
403 |     pub(crate) fn context(&self) -> &SnapshotAcceptanceContext<u64> {
    |                   ^^^^^^^

warning: method `source` is never used
   --> crates/kasumi-raft/src/storage/owned_snapshot_body.rs:328:19
    |
 59 | impl PreparedApplicationSnapshot {
    | -------------------------------- method in this implementation
...
328 |     pub(crate) fn source(&self) -> Option<&crate::PreparedSnapshotSourceEnvelope> {
    |                   ^^^^^^

warning: field `0` is never read
   --> crates/kasumi-raft/src/storage/owned_snapshot_body.rs:770:32
    |
770 | struct SnapshotRetirementPanic(std::sync::Mutex<Box<dyn std::any::Any + Send>>);
    |        ----------------------- ^^^^^^^^^^^^^^^^^^^^^^^^^^^^^^^^^^^^^^^^^^^^^^^
    |        |
    |        field in this struct
    |
    = help: consider removing this field

warning: methods `log` and `expected` are never used
   --> crates/kasumi-raft/src/storage/snapshot_seed.rs:461:19
    |
132 | impl SnapshotSeed {
    | ----------------- methods in this implementation
...
461 |     pub(crate) fn log(&self) -> &LogStore {
    |                   ^^^
...
464 |     pub(crate) fn expected(&self) -> &SnapshotMeta<u64, BasicNode> {
    |                   ^^^^^^^^

   Compiling kasumi-engine v0.1.0 (/private/tmp/kasumi-source-cohort-validation-v1/crates/kasumi-engine)
warning: `kasumi-raft` (lib) generated 17 warnings
warning: unused import: `ScopedSnapshotOperation`
    --> crates/kasumi-engine/src/admission/snapshot_work.rs:1172:24
     |
1172 | pub(crate) use scope::{ScopedSnapshotOperation, SnapshotWorkScope};
     |                        ^^^^^^^^^^^^^^^^^^^^^^^
     |
     = note: `#[warn(unused_imports)]` (part of `#[warn(unused)]`) on by default

warning: `kasumi-store` (lib test) generated 1 warning (1 duplicate)
warning: methods `prepare` and `prepare_kind` are never used
   --> crates/kasumi-engine/src/application_sources.rs:760:19
    |
652 | impl SourceRootsRef {
    | ------------------- methods in this implementation
...
760 |     pub(crate) fn prepare(&self) -> Result<RootPreparation> {
    |                   ^^^^^^^
...
799 |     fn prepare_kind(&self, canonical: bool) -> Result<RootPreparation> {
    |        ^^^^^^^^^^^^
    |
    = note: `#[warn(dead_code)]` (part of `#[warn(unused)]`) on by default

warning: trait `ExistingGrantOperation` is never used
   --> crates/kasumi-engine/src/admission/snapshot_work.rs:122:18
    |
122 | pub(crate) trait ExistingGrantOperation: SnapshotOperation {
    |                  ^^^^^^^^^^^^^^^^^^^^^^

warning: enum `SnapshotPreparationFailure` is never used
   --> crates/kasumi-engine/src/admission/snapshot_work.rs:129:17
    |
129 | pub(crate) enum SnapshotPreparationFailure {
    |                 ^^^^^^^^^^^^^^^^^^^^^^^^^^

warning: method `error` is never used
   --> crates/kasumi-engine/src/admission/snapshot_work.rs:140:19
    |
139 | impl SnapshotPreparationFailure {
    | ------------------------------- method in this implementation
140 |     pub(crate) fn error(&self) -> Option<&Error> {
    |                   ^^^^^

warning: struct `SnapshotWorkRejected` is never constructed
   --> crates/kasumi-engine/src/admission/snapshot_work.rs:149:19
    |
149 | pub(crate) struct SnapshotWorkRejected<P> {
    |                   ^^^^^^^^^^^^^^^^^^^^

warning: methods `failure`, `error`, and `into_parts` are never used
   --> crates/kasumi-engine/src/admission/snapshot_work.rs:154:19
    |
153 | impl<P> SnapshotWorkRejected<P> {
    | ------------------------------- methods in this implementation
154 |     pub(crate) fn failure(&self) -> &SnapshotPreparationFailure {
    |                   ^^^^^^^
...
157 |     pub(crate) fn error(&self) -> Option<&Error> {
    |                   ^^^^^
...
160 |     pub(crate) fn into_parts(self) -> (P, SnapshotPreparationFailure) {
    |                   ^^^^^^^^^^

warning: method `prepare_snapshot_work_from_existing` is never used
    --> crates/kasumi-engine/src/admission/snapshot_work.rs:1000:19
     |
 991 | impl NodeAdmission {
     | ------------------ method in this implementation
...
1000 |     pub(crate) fn prepare_snapshot_work_from_existing<O: ExistingGrantOperation>(
     |                   ^^^^^^^^^^^^^^^^^^^^^^^^^^^^^^^^^^^

warning: trait `ScopedSnapshotOperation` is never used
  --> crates/kasumi-engine/src/admission/snapshot_work_scope.rs:10:18
   |
10 | pub(crate) trait ScopedSnapshotOperation: ExistingGrantOperation {
   |                  ^^^^^^^^^^^^^^^^^^^^^^^

warning: variants `Preparing` and `Work` are never constructed
  --> crates/kasumi-engine/src/admission/snapshot_work_scope.rs:16:5
   |
14 | enum Slot {
   |      ---- variants in this enum
15 |     Empty,
16 |     Preparing {
   |     ^^^^^^^^^
...
20 |     Work(SnapshotWorkReport),
   |     ^^^^

warning: field `next` is never read
  --> crates/kasumi-engine/src/admission/snapshot_work_scope.rs:24:5
   |
22 | struct State {
   |        ----- field in this struct
23 |     sealed: bool,
24 |     next: u64,
   |     ^^^^

warning: field `admission` is never read
  --> crates/kasumi-engine/src/admission/snapshot_work_scope.rs:35:5
   |
32 | struct Inner {
   |        ----- field in this struct
...
35 |     admission: Arc<NodeAdmission>,
   |     ^^^^^^^^^

warning: struct `Preparation` is never constructed
  --> crates/kasumi-engine/src/admission/snapshot_work_scope.rs:38:8
   |
38 | struct Preparation<'a> {
   |        ^^^^^^^^^^^

warning: methods `begin`, `prepare`, `take_completed`, and `visit` are never used
   --> crates/kasumi-engine/src/admission/snapshot_work_scope.rs:127:8
    |
 72 | impl SnapshotWorkScope {
    | ---------------------- methods in this implementation
...
127 |     fn begin(&self) -> Result<Preparation<'_>> {
    |        ^^^^^
...
160 |     pub(crate) fn prepare<O: ScopedSnapshotOperation>(
    |                   ^^^^^^^
...
235 |     pub(crate) fn take_completed(&self, report: &SnapshotWorkReport) -> Result<SnapshotWorkReport> {
    |                   ^^^^^^^^^^^^^^
...
266 |     pub(crate) fn visit(&self, mut visit: impl FnMut(SnapshotWorkId, SnapshotObservation<'_>)) {
    |                   ^^^^^

warning: `kasumi-engine` (lib) generated 14 warnings (run `cargo fix --lib -p kasumi-engine` to apply 1 suggestion)
warning: unused imports: `EditedCollection`, `OrderedEditFailure`, `PrimaryPublicationInventory`, and `VerifiedOrderedEdits`
   --> crates/kasumi-engine/src/primary_stage_cow.rs:460:5
    |
460 |     EditedCollection, OrderedEditFailure, PendingOrderedEdits, PrimaryPublicationInventory,
    |     ^^^^^^^^^^^^^^^^  ^^^^^^^^^^^^^^^^^^                       ^^^^^^^^^^^^^^^^^^^^^^^^^^^
461 |     VerifiedOrderedEdits,
    |     ^^^^^^^^^^^^^^^^^^^^
    |
    = note: `#[warn(unused_imports)]` (part of `#[warn(unused)]`) on by default

warning: unused import: `QueryWorkspace`
   --> crates/kasumi-engine/src/query_source_work.rs:219:37
    |
219 |     use kasumi_query::{QueryMemory, QueryWorkspace};
    |                                     ^^^^^^^^^^^^^^

warning: unused import: `AcceptedPublicationInventory`
   --> crates/kasumi-engine/src/primary_projection.rs:208:5
    |
208 |     AcceptedPublicationInventory, CollectionAction, CollectionPublication, DocumentChange,
    |     ^^^^^^^^^^^^^^^^^^^^^^^^^^^^

warning: unused imports: `AcceptedIndexEdits` and `IndexChange`
   --> crates/kasumi-engine/src/primary_projection.rs:212:5
    |
212 |     AcceptedIndexEdits, FieldSlot, IndexChange, IndexInputFailure, IndexOperation, IndexRole,
    |     ^^^^^^^^^^^^^^^^^^             ^^^^^^^^^^^

warning: method `proposed` is never used
  --> crates/kasumi-engine/src/primary_stage_ordered.rs:43:19
   |
27 | impl EditedCollection {
   | --------------------- method in this implementation
...
43 |     pub(crate) fn proposed(&self) -> Option<(Manifest, ManifestRef)> {
   |                   ^^^^^^^^
   |
   = note: `#[warn(dead_code)]` (part of `#[warn(unused)]`) on by default

warning: field `resources` is never read
   --> crates/kasumi-engine/src/primary_stage_ordered.rs:135:5
    |
133 | pub(crate) struct OrderedEditFailure<'guard, 'engine> {
    |                   ------------------ field in this struct
134 |     original: anyhow::Error,
135 |     resources: OrderedResources<'guard, 'engine>,
    |     ^^^^^^^^^

warning: method `attempt` is never used
  --> crates/kasumi-engine/src/primary_stage_ordered_verify.rs:13:19
   |
 9 | impl<'guard, 'engine> VerifiedOrderedEdits<'guard, 'engine> {
   | ----------------------------------------------------------- method in this implementation
...
13 |     pub(crate) fn attempt(&self) -> Attempt {
   |                   ^^^^^^^

warning: method `request_cache_refill` is never used
  --> crates/kasumi-engine/src/primary_cache_warm.rs:45:19
   |
30 | impl SelectedPrimary {
   | -------------------- method in this implementation
...
45 |     pub(crate) fn request_cache_refill(self) -> std::result::Result<Self, ReadFailure> {
   |                   ^^^^^^^^^^^^^^^^^^^^

warning: methods `warm_batch` and `request_cache_refill` are never used
   --> crates/kasumi-engine/src/primary_document_source.rs:139:19
    |
 81 | impl PrimaryDocumentSource {
    | -------------------------- methods in this implementation
...
139 |     pub(crate) fn warm_batch(
    |                   ^^^^^^^^^^
...
146 |     pub(crate) fn request_cache_refill(&self) -> ReadResult<(), ReadFailure> {
    |                   ^^^^^^^^^^^^^^^^^^^^

warning: `kasumi-engine` (lib test) generated 9 warnings (run `cargo fix --lib -p kasumi-engine --tests` to apply 4 suggestions)
    Finished `test` profile [unoptimized + debuginfo] target(s) in 2m 09s
     Running unittests src/lib.rs (/Users/takemiyamakoto/dev/kasumi/target/disk-backed-cache/debug/deps/kasumi_engine-692600cc2115a508)

running 13 tests
test application_sources::tests::primary_stage_tests::index_objects::primary_index_inventory_exact_kinds_widths_and_prefixes ... ok
test application_sources::tests::primary_stage_tests::index_objects::release::primary_index_release_inventory_grammar_rejects_partial_or_nonindex_release ... ok

thread 'admission::snapshot_work::scope::tests::database_source_census_preparation_panic_keeps_original_and_reuses_exact_slot' (29338411) panicked at crates/kasumi-engine/src/admission/snapshot_work_scope_tests.rs:114:34:
Box<dyn Any>
note: run with `RUST_BACKTRACE=1` environment variable to display a backtrace
test admission::snapshot_work::scope::tests::database_source_census_preparation_panic_keeps_original_and_reuses_exact_slot ... ok
test admission::snapshot_work::scope::tests::database_source_census_retains_original_failure_through_cancelled_and_repeated_drain ... ok
test admission::snapshot_work::scope::tests::database_source_census_reentrant_preparation_drain_retains_without_deadlock ... ok
test admission::snapshot_work::scope::tests::database_source_census_seals_only_its_own_workers_on_shared_core ... ok
test admission::snapshot_work::scope::tests::database_source_census_stale_report_cannot_remove_reused_work_generation ... ok
test admission::snapshot_work::scope::tests::database_source_census_waits_entered_preparation_after_cancelled_drain ... ok
test service::database_worker_outcome_tests::database_source_census_shutdown_keeps_original_child_before_storage_close ... ok
test application_sources::tests::primary_stage_tests::index_objects::release::primary_index_release_exact_intent_chunks_once_counts_and_abort_tombstone ... ok
test application_sources::tests::primary_stage_tests::index_objects::release::primary_index_release_refuses_wrong_attempt_and_exact_descriptor_before_deletion ... ok
test application_sources::tests::primary_stage_tests::index_objects::release::primary_index_release_partial_and_fixed_intents_are_resumed_by_abort ... ok
test bootstrap::existing_replicated_tests::one_sided_physical_identity_fault_after_pin_rejects_existing_reopen ... ok

test result: ok. 13 passed; 0 failed; 0 ignored; 0 measured; 750 filtered out; finished in 12.88s

     Running unittests src/lib.rs (/Users/takemiyamakoto/dev/kasumi/target/disk-backed-cache/debug/deps/kasumi_kv-221aa5373d25965b)

running 14 tests
test disk_state::record_publication::counter_tests::prepared_record_publication_counter_headroom_rejects_competing_vote_at_limit ... ok

thread 'tables::record_publication::tests::image::native_record_image_original_source_failure_before_and_after_entry_has_exact_custody' (29339040) panicked at crates/kasumi-kv/src/tables_record_image_publication_tests.rs:251:30:
called `Result::unwrap()` on an `Err` value: Busy
note: run with `RUST_BACKTRACE=1` environment variable to display a backtrace
test tables::record_publication::tests::prepared_record_publication_failed_prepare_retains_unknown_without_generation ... ok
test tables::record_publication::tests::image::native_record_image_original_source_failure_before_and_after_entry_has_exact_custody ... FAILED
test tables::record_publication::tests::prepared_record_publication_keeps_all_fitting_rows_hot ... ok
test tables::record_publication::tests::prepared_record_publication_entered_source_error_retains_original_and_refuses_cancel ... ok
test tables::record_publication::tests::prepared_record_publication_failed_slice_retains_original_writer_before_private_log ... ok
test tables::record_publication::tests::prepared_record_publication_pristine_refusal_and_sealed_cancel_keep_exact_owner ... ok
test tables::record_publication::tests::prepared_record_publication_reuses_native_workspace_and_original_writer_after_vote ... ok
test tables::record_publication::tests::prepared_record_publication_rejects_foreign_table_before_native_slice ... ok
test page_cache::tests::exact_physical_identity_and_owner_scope_never_alias ... ok
test tables::record_publication::tests::prepared_record_publication_preserves_repeated_and_descending_key_order ... ok
test tables::record_publication::tests::prepared_record_publication_batches_same_leaf_with_fixed_key_backing ... ok
test tables::record_publication::tests::image::native_record_image_over_ninety_six_mib_one_commit_reopens_complete ... ok
test tables::record_publication::tests::image::native_record_image_hundred_thousand_rows_one_commit_preserves_votes_pins_and_reopen ... ok

failures:

failures:
    tables::record_publication::tests::image::native_record_image_original_source_failure_before_and_after_entry_has_exact_custody

test result: FAILED. 13 passed; 1 failed; 0 ignored; 0 measured; 581 filtered out; finished in 19.15s

error: test failed, to rerun pass `-p kasumi-kv --lib`
     Running unittests src/lib.rs (/Users/takemiyamakoto/dev/kasumi/target/disk-backed-cache/debug/deps/kasumi_store-4ef75ebdc018c368)

running 3 tests
test storage_opening::tests::physical_identity_requires_actual_open_and_refuses_sealed_owner ... ok
test storage_opening::tests::physical_identity_does_not_wait_for_opening_state_during_publication ... ok
test storage_domains::tests::pinned_bootstrap_view_survives_coherent_physical_identity_replacement ... ok

test result: ok. 3 passed; 0 failed; 0 ignored; 0 measured; 761 filtered out; finished in 1.37s

error: 1 target failed:
    `-p kasumi-kv --lib`
Runner: 163.43s; exit=101; matching=1660/1660
