Command: cargo test --locked --offline --config profile.test.package.kasumi-kv.opt-level=3 --config profile.test.package.sha2.opt-level=3 -p kasumi-kv -p kasumi-store -p kasumi-raft -p kasumi-engine --all-features --lib --no-fail-fast -- non_application_capacity source_actor_startup selected_sources_real_local_startup_publishes_entry_and_drains_surviving_generation selected_sources_actual_snapshot_install_and_encrypted_reopen_preserve_identity selected_sources_covered_capture_cannot_settle_after_serving_handoff --nocapture
ISOLATED_SOURCE=/tmp/kasumi-source-cohort-validation-v1
CARGO_TARGET_DIR=/Users/takemiyamakoto/dev/kasumi/target/disk-backed-cache
    Blocking waiting for file lock on package cache
    Blocking waiting for file lock on package cache
   Compiling openraft v0.9.25 (/private/tmp/kasumi-source-cohort-validation-v1/vendor/openraft-0.9.25/openraft)
warning: unused import: `crate::entry::RaftEntry`
  --> vendor/openraft-0.9.25/openraft/src/engine/engine_impl.rs:25:5
   |
25 | use crate::entry::RaftEntry;
   |     ^^^^^^^^^^^^^^^^^^^^^^^
   |
   = note: `#[warn(unused_imports)]` (part of `#[warn(unused)]`) on by default

error[E0061]: this function takes 3 arguments but 2 arguments were supplied
  --> vendor/openraft-0.9.25/openraft/src/storage/v2/raft_log_storage_ext.rs:34:24
   |
34 |         let callback = LogFlushed::<C>::new(log_io_id, tx);
   |                        ^^^^^^^^^^^^^^^^^^^^--------------- argument #3 of type `CapacityFlush<<C as RaftTypeConfig>::NodeId>` is missing
   |
note: associated function defined here
  --> vendor/openraft-0.9.25/openraft/src/storage/callback.rs:28:19
   |
28 |     pub(crate) fn new(
   |                   ^^^
...
31 |         capacity: crate::storage::capacity::CapacityFlush<C::NodeId>,
   |         ------------------------------------------------------------
help: provide the argument
   |
34 |         let callback = LogFlushed::<C>::new(log_io_id, tx, /* CapacityFlush<<C as RaftTypeConfig>::NodeId> */);
   |                                                          ++++++++++++++++++++++++++++++++++++++++++++++++++++

For more information about this error, try `rustc --explain E0061`.
warning: `openraft` (lib) generated 1 warning
error: could not compile `openraft` (lib) due to 1 previous error; 1 warning emitted
Runner: 17.15s; exit=101; matching=1571/1571
