Command: cargo test -p kasumi-store --all-features --lib --locked --offline --config profile.test.package.kasumi-kv.opt-level=3 --config profile.test.package.sha2.opt-level=3 -- --test-threads=1 node_disk::transaction::tests:: node_file::segment_group::transaction_tests:: scratch_claim_
CARGO_TARGET_DIR=target/disk-backed-cache
   Compiling kasumi-store v0.1.0 (/Users/takemiyamakoto/dev/kasumi/crates/kasumi-store)
    Finished `test` profile [unoptimized + debuginfo] target(s) in 7.62s
     Running unittests src/lib.rs (target/disk-backed-cache/debug/deps/kasumi_store-98be0c6afb7030c8)

running 25 tests
test node_disk::transaction::tests::abandoned_effect_keeps_unassigned_bytes_until_real_owner_drain_and_census ... ok
test node_disk::transaction::tests::active_claim_prevents_removal_of_its_empty_parent_even_with_zero_files ... ok
test node_disk::transaction::tests::actual_create_parent_sync_failure_retains_claim_and_native_original_custody ... ok
test node_disk::transaction::tests::claimed_namespace_consumption_does_not_repeat_foreground_or_floor_admission ... ok
test node_disk::transaction::tests::complete_atomic_quota_denial_and_pristine_cancel_leave_no_physical_effect ... ok
test node_disk::transaction::tests::descriptor_rights_recycle_across_more_files_than_the_peak_without_readmission ... ok
test node_disk::transaction::tests::growth_transfers_to_the_exact_existing_file_without_double_charge ... ok
test node_disk::transaction::tests::panic_after_entered_work_cannot_refund_the_unassigned_part_of_the_claim ... ok
test node_disk::transaction::tests::range_rounding_quote_covers_individual_rounding_and_standing_allocations ... ok
test node_disk::transaction::tests::zero_file_claim_is_exclusive_and_unrelated_parent_claims_can_coexist ... ok
test node_file::segment_group::transaction_tests::caller_lowered_native_minimum_is_refused_before_root_or_file_effects ... ok
test node_file::segment_group::transaction_tests::claim_transfers_actual_group_files_through_one_descriptor_cache_without_new_admission ... ok
test node_file::segment_group::transaction_tests::incomplete_envelope_or_native_minimum_cannot_finish_and_refund_a_claim ... ok
test node_file::segment_group::transaction_tests::metadata_shortage_precedes_root_or_file_effects_and_targeted_retry_works ... ok
test node_file::segment_group::transaction_tests::namespace_epoch_exhaustion_refuses_the_whole_range_before_claim_admission ... ok
test node_file::segment_group::transaction_tests::plan_overrun_keeps_original_promise_and_forbids_any_retry_effect ... ok
test node_file::segment_group::transaction_tests::protected_root_corruption_fences_the_owner_and_retains_the_native_source ... ok
test node_file::segment_group::transaction_tests::stale_generation_foreign_incarnation_and_wrong_terminal_identity_are_rejected ... ok
test scratch_table::group::claim::tests::scratch_claim_capacity_denial_is_before_namespace_or_root_mutation ... ok
test scratch_table::group::claim::tests::scratch_claim_consumes_real_quota_without_readmission_and_finishes_complete_private_prefix ... ok
test scratch_table::group::claim::tests::scratch_claim_corrupt_protected_roots_fence_the_real_owner_and_keep_original_core_error ... ok
test scratch_table::group::claim::tests::scratch_claim_does_not_finish_an_empty_created_file_below_its_promised_minimum ... ok
test scratch_table::group::claim::tests::scratch_claim_partial_native_acquisition_retains_exact_error_descriptor_and_all_rights ... ok
test scratch_table::group::claim::tests::scratch_claim_pristine_cancel_returns_aggregate_and_prepared_memory_without_file_effects ... ok
test scratch_table::group::claim::tests::scratch_claim_wrong_native_header_minimum_fails_before_effects ... ok

test result: ok. 25 passed; 0 failed; 0 ignored; 0 measured; 640 filtered out; finished in 1.77s

Runner: 9.44s; exit=0; matching=764/764
