    Checking indexmap v2.14.1
   Compiling serde_json v1.0.151 (/Users/takemiyamakoto/dev/kasumi/vendor/serde_json-1.0.151)
   Compiling ring v0.17.14
    Checking uuid v1.26.0
    Checking axum-core v0.5.6
    Checking tokio-stream v0.1.19
   Compiling getrandom v0.4.3
    Checking x509-parser v0.18.1
    Checking chrono v0.4.45
    Checking kasumi-kv v0.1.0 (/Users/takemiyamakoto/dev/kasumi/crates/kasumi-kv)
    Checking tracing-futures v0.2.5
   Compiling tempfile v3.27.0
    Checking h2 v0.4.19
    Checking tower v0.5.3
    Checking serde_yaml_ng v0.10.0
   Compiling rustls v0.23.43
   Compiling prost-build v0.14.4
    Checking openraft v0.9.25 (/Users/takemiyamakoto/dev/kasumi/vendor/openraft-0.9.25/openraft)
    Checking kasumi-types v0.1.0 (/Users/takemiyamakoto/dev/kasumi/crates/kasumi-types)
    Checking lindera-dictionary v5.3.0
    Checking tantivy-query-grammar v0.26.0
    Checking referencing v0.52.1
    Checking jsonschema-value v0.52.1
    Checking axum v0.8.9
    Checking tower-http v0.6.11
   Compiling tonic-prost-build v0.14.6
    Checking jsonschema v0.52.1
    Checking rustls-webpki v0.103.15
   Compiling kasumi-client v0.1.0 (/Users/takemiyamakoto/dev/kasumi/crates/kasumi-client)
    Checking tantivy v0.26.1
    Checking hyper v1.11.1
    Checking hyper-util v0.1.20
    Checking tokio-rustls v0.26.5
    Checking hyper-timeout v0.5.2
    Checking hyper-rustls v0.27.9
    Checking tonic v0.14.6
    Checking reqwest v0.12.28
   Compiling ureq v3.4.0
    Checking kasumi-transport v0.1.0 (/Users/takemiyamakoto/dev/kasumi/crates/kasumi-transport)
    Checking tonic-prost v0.14.6
   Compiling lindera-ipadic v5.3.0
    Checking kasumi-serving v0.1.0 (/Users/takemiyamakoto/dev/kasumi/crates/kasumi-serving)
    Checking kasumi-store v0.1.0 (/Users/takemiyamakoto/dev/kasumi/crates/kasumi-store)
    Checking kasumi-raft v0.1.0 (/Users/takemiyamakoto/dev/kasumi/crates/kasumi-raft)
warning: field `payload` is never read
   --> crates/kasumi-raft/src/apply_failure.rs:112:5
    |
111 | pub(crate) struct ApplyBackendPanic {
    |                   ----------------- field in this struct
112 |     payload: Mutex<Box<dyn Any + Send>>,
    |     ^^^^^^^
    |
    = note: `#[warn(dead_code)]` (part of `#[warn(unused)]`) on by default

warning: method `with_payload` is never used
   --> crates/kasumi-raft/src/apply_failure.rs:124:19
    |
115 | impl ApplyBackendPanic {
    | ---------------------- method in this implementation
...
124 |     pub(crate) fn with_payload<R>(&self, inspect: impl FnOnce(&(dyn Any + Send)) -> R) -> R {
    |                   ^^^^^^^^^^^^

warning: `kasumi-raft` (lib) generated 2 warnings
    Checking kasumi-authority v0.1.0 (/Users/takemiyamakoto/dev/kasumi/crates/kasumi-authority)
    Checking lindera v5.3.0
    Checking lindera-analysis v5.3.0
    Checking lindera-tantivy v5.0.1
    Checking kasumi-query v0.1.0 (/Users/takemiyamakoto/dev/kasumi/crates/kasumi-query)
    Checking kasumi-engine v0.1.0 (/Users/takemiyamakoto/dev/kasumi/crates/kasumi-engine)
warning: variant `Mutation` is never constructed
  --> crates/kasumi-engine/src/security_audit_jobs.rs:26:5
   |
24 | enum JobEffect {
   |      --------- variant in this enum
25 |     Read,
26 |     Mutation(&'static str),
   |     ^^^^^^^^
   |
   = note: `JobEffect` has a derived impl for the trait `Clone`, but this is intentionally ignored during dead code analysis
   = note: `#[warn(dead_code)]` (part of `#[warn(unused)]`) on by default

warning: struct `ReadPause` is never constructed
  --> crates/kasumi-engine/src/security_audit_jobs.rs:57:19
   |
57 | pub(super) struct ReadPause {
   |                   ^^^^^^^^^

warning: method `run_mutation` is never used
   --> crates/kasumi-engine/src/security_audit_jobs.rs:120:25
    |
 62 | impl SecurityAudit {
    | ------------------ method in this implementation
...
120 |     pub(super) async fn run_mutation<T, F, R>(&self, component: &'static str, run: R) -> Result<T>
    |                         ^^^^^^^^^^^^

warning: `kasumi-engine` (lib) generated 3 warnings
    Finished `dev` profile [unoptimized + debuginfo] target(s) in 29.56s
