   Compiling futures-macro v0.3.34
   Compiling tokio v1.53.1
   Compiling serde v1.0.229
   Compiling ring v0.17.14
   Compiling serde_json v1.0.151 (/Users/takemiyamakoto/dev/kasumi/vendor/serde_json-1.0.151)
   Compiling clap_derive v4.6.4
   Compiling cobs v0.3.0
   Compiling anyerror v0.1.13
   Compiling serde_urlencoded v0.7.1
   Compiling postcard v1.1.3
   Compiling futures-util v0.3.34
   Compiling validit v0.2.6
   Compiling kasumi-types v0.1.0 (/Users/takemiyamakoto/dev/kasumi/crates/kasumi-types)
   Compiling clap v4.6.6
   Compiling rustls-webpki v0.103.15
   Compiling rustls v0.23.43
   Compiling futures-executor v0.3.34
   Compiling futures v0.3.34
   Compiling tokio-util v0.7.19
   Compiling tokio-stream v0.1.19
   Compiling openraft v0.9.25 (/Users/takemiyamakoto/dev/kasumi/vendor/openraft-0.9.25/openraft)
   Compiling h2 v0.4.19
   Compiling tower v0.5.3
   Compiling tokio-rustls v0.26.5
   Compiling tower-http v0.6.11
   Compiling hyper v1.11.1
   Compiling hyper-util v0.1.20
   Compiling hyper-timeout v0.5.2
   Compiling hyper-rustls v0.27.9
   Compiling tonic v0.14.6
   Compiling reqwest v0.12.28
   Compiling kasumi-serving v0.1.0 (/Users/takemiyamakoto/dev/kasumi/crates/kasumi-serving)
   Compiling kasumi-transport v0.1.0 (/Users/takemiyamakoto/dev/kasumi/crates/kasumi-transport)
   Compiling kasumi-store v0.1.0 (/Users/takemiyamakoto/dev/kasumi/crates/kasumi-store)
   Compiling kasumi-raft v0.1.0 (/Users/takemiyamakoto/dev/kasumi/crates/kasumi-raft)
error[E0275]: overflow evaluating the requirement `std::result::Result<Box<snapshot_buffer::SnapshotBuffer>, openraft::error::Infallible>: Send`
   --> crates/kasumi-raft/src/custody_machine.rs:214:43
    |
214 |     async fn build_snapshot(&mut self) -> Result<Snapshot<TypeConfig>, StorageError<u64>> {
    |                                           ^^^^^^^^^^^^^^^^^^^^^^^^^^^^^^^^^^^^^^^^^^^^^^^
    |
    = note: required for `std::result::Result<Box<snapshot_buffer::SnapshotBuffer>, openraft::error::Infallible>` to implement `OptionalSend`
note: required by a bound in `openraft::AsyncRuntime::OneshotSender`
   --> vendor/openraft-0.9.25/openraft/src/async_runtime.rs:55:27
    |
 55 |     type OneshotSender<T: OptionalSend>: AsyncOneshotSendExt<T> + OptionalSend + OptionalSync + Debug + Sized;
    |                           ^^^^^^^^^^^^ required by this bound in `AsyncRuntime::OneshotSender`

error[E0275]: overflow evaluating the requirement `std::result::Result<std::option::Option<openraft::Snapshot<TypeConfig>>, openraft::error::Infallible>: Send`
   --> crates/kasumi-raft/src/custody_machine.rs:392:9
    |
392 | /         tokio::task::spawn_blocking(move || {
393 | |             let _gate = gate
394 | |                 .lock()
395 | |                 .map_err(|_| anyhow::anyhow!("control gate poisoned"))?;
...   |
398 | |                 .transpose()
399 | |         })
    | |__________^
    |
    = note: required for `Result<Option<Snapshot<TypeConfig>>, Infallible>` to implement `OptionalSend`
note: required by a bound in `openraft::AsyncRuntime::OneshotSender`
   --> vendor/openraft-0.9.25/openraft/src/async_runtime.rs:55:27
    |
 55 |     type OneshotSender<T: OptionalSend>: AsyncOneshotSendExt<T> + OptionalSend + OptionalSync + Debug + Sized;
    |                           ^^^^^^^^^^^^ required by this bound in `AsyncRuntime::OneshotSender`
    = note: the full name for the type has been written to '/Users/takemiyamakoto/dev/kasumi/target/disk-backed-cache/debug/deps/kasumi_raft-9f4f6e59afebc73e.long-type-9016587525485644027.txt'
    = note: consider using `--verbose` to print the full type name to the console

error[E0275]: overflow evaluating the requirement `std::result::Result<Box<snapshot_buffer::SnapshotBuffer>, openraft::error::Infallible>: Send`
    --> crates/kasumi-raft/src/storage.rs:1204:9
     |
1204 | /         tokio::task::spawn_blocking(move || -> Result<Snapshot<TypeConfig>> {
1205 | |             let failure = StorageWorkFailure::new(failed.clone());
1206 | |             let _gate = gate;
1207 | |             ensure!(
...    |
1271 | |             Ok(snapshot)
1272 | |         })
     | |__________^
     |
     = note: required for `std::result::Result<Box<snapshot_buffer::SnapshotBuffer>, openraft::error::Infallible>` to implement `OptionalSend`
note: required by a bound in `openraft::AsyncRuntime::OneshotSender`
    --> vendor/openraft-0.9.25/openraft/src/async_runtime.rs:55:27
     |
  55 |     type OneshotSender<T: OptionalSend>: AsyncOneshotSendExt<T> + OptionalSend + OptionalSync + Debug + Sized;
     |                           ^^^^^^^^^^^^ required by this bound in `AsyncRuntime::OneshotSender`

error[E0275]: overflow evaluating the requirement `std::result::Result<std::option::Option<openraft::Snapshot<TypeConfig>>, openraft::error::Infallible>: Send`
    --> crates/kasumi-raft/src/storage.rs:1611:9
     |
1611 | /         tokio::task::spawn_blocking(move || {
1612 | |             domains.check_access()?;
1613 | |             let result = load_snapshot(&store, limit)?
1614 | |                 .map(|snapshot| {
...    |
1620 | |             Ok::<_, anyhow::Error>(result)
1621 | |         })
     | |__________^
     |
     = note: required for `Result<Option<Snapshot<TypeConfig>>, Infallible>` to implement `OptionalSend`
note: required by a bound in `openraft::AsyncRuntime::OneshotSender`
    --> vendor/openraft-0.9.25/openraft/src/async_runtime.rs:55:27
     |
  55 |     type OneshotSender<T: OptionalSend>: AsyncOneshotSendExt<T> + OptionalSend + OptionalSync + Debug + Sized;
     |                           ^^^^^^^^^^^^ required by this bound in `AsyncRuntime::OneshotSender`
     = note: the full name for the type has been written to '/Users/takemiyamakoto/dev/kasumi/target/disk-backed-cache/debug/deps/kasumi_raft-9f4f6e59afebc73e.long-type-9016587525485644027.txt'
     = note: consider using `--verbose` to print the full type name to the console

For more information about this error, try `rustc --explain E0275`.
error: could not compile `kasumi-raft` (lib test) due to 4 previous errors
