Command: cargo test --locked --offline --config profile.test.package.kasumi-kv.opt-level=3 --config profile.test.package.sha2.opt-level=3 -p kasumi-kv -p kasumi-store -p kasumi-raft -p kasumi-engine --all-features --lib --no-fail-fast -- existing_replicas_replay_committed_state_and_membership_after_full_close --nocapture
CARGO_TARGET_DIR=target/disk-backed-cache
    Finished `test` profile [unoptimized + debuginfo] target(s) in 0.93s
     Running unittests src/lib.rs (target/disk-backed-cache/debug/deps/kasumi_engine-44db468831cfc59f)

running 1 test
 INFO openraft::engine::engine_impl: startup begin: state: RaftState { vote: UTime { data: Vote { leader_id: LeaderId { term: 0, node_id: 0 }, committed: false }, utime: Some(Instant { tv_sec: 153323, tv_nsec: 952230208 }) }, committed: None, purged_next: 0, log_ids: LogIdList { key_log_ids: [] }, membership_state: MembershipState { committed: EffectiveMembership { log_id: None, membership: Membership { configs: [], nodes: {} }, voter_ids: {} }, effective: EffectiveMembership { log_id: None, membership: Membership { configs: [], nodes: {} }, voter_ids: {} }, observer: MembershipObserverSlot { observer: Mutex { data: None, poisoned: false, .. } } }, snapshot_meta: SnapshotMeta { last_log_id: None, last_membership: StoredMembership { log_id: None, membership: Membership { configs: [], nodes: {} } }, snapshot_id: "" }, server_state: Learner, accepted: Accepted { leader_id: LeaderId { term: 0, node_id: 0 }, log_id: None }, io_state: IOState { building_snapshot: false, vote: Vote { leader_id: LeaderId { term: 0, node_id: 0 }, committed: false }, flushed: LogIOId { committed_leader_id: LeaderId { term: 0, node_id: 0 }, log_id: None }, applied: None, snapshot: None, purged: None }, purge_upto: None }, is_leader: false, is_voter: false
 INFO openraft::engine::engine_impl: startup done: id=1 target_state: Learner
 INFO openraft::engine::engine_impl: startup begin: state: RaftState { vote: UTime { data: Vote { leader_id: LeaderId { term: 0, node_id: 0 }, committed: false }, utime: Some(Instant { tv_sec: 153326, tv_nsec: 429659750 }) }, committed: None, purged_next: 0, log_ids: LogIdList { key_log_ids: [] }, membership_state: MembershipState { committed: EffectiveMembership { log_id: None, membership: Membership { configs: [], nodes: {} }, voter_ids: {} }, effective: EffectiveMembership { log_id: None, membership: Membership { configs: [], nodes: {} }, voter_ids: {} }, observer: MembershipObserverSlot { observer: Mutex { data: None, poisoned: false, .. } } }, snapshot_meta: SnapshotMeta { last_log_id: None, last_membership: StoredMembership { log_id: None, membership: Membership { configs: [], nodes: {} } }, snapshot_id: "" }, server_state: Learner, accepted: Accepted { leader_id: LeaderId { term: 0, node_id: 0 }, log_id: None }, io_state: IOState { building_snapshot: false, vote: Vote { leader_id: LeaderId { term: 0, node_id: 0 }, committed: false }, flushed: LogIOId { committed_leader_id: LeaderId { term: 0, node_id: 0 }, log_id: None }, applied: None, snapshot: None, purged: None }, purge_upto: None }, is_leader: false, is_voter: false
 INFO openraft::engine::engine_impl: startup done: id=2 target_state: Learner
 INFO openraft::engine::engine_impl: startup begin: state: RaftState { vote: UTime { data: Vote { leader_id: LeaderId { term: 0, node_id: 0 }, committed: false }, utime: Some(Instant { tv_sec: 153329, tv_nsec: 108388625 }) }, committed: None, purged_next: 0, log_ids: LogIdList { key_log_ids: [] }, membership_state: MembershipState { committed: EffectiveMembership { log_id: None, membership: Membership { configs: [], nodes: {} }, voter_ids: {} }, effective: EffectiveMembership { log_id: None, membership: Membership { configs: [], nodes: {} }, voter_ids: {} }, observer: MembershipObserverSlot { observer: Mutex { data: None, poisoned: false, .. } } }, snapshot_meta: SnapshotMeta { last_log_id: None, last_membership: StoredMembership { log_id: None, membership: Membership { configs: [], nodes: {} } }, snapshot_id: "" }, server_state: Learner, accepted: Accepted { leader_id: LeaderId { term: 0, node_id: 0 }, log_id: None }, io_state: IOState { building_snapshot: false, vote: Vote { leader_id: LeaderId { term: 0, node_id: 0 }, committed: false }, flushed: LogIOId { committed_leader_id: LeaderId { term: 0, node_id: 0 }, log_id: None }, applied: None, snapshot: None, purged: None }, purge_upto: None }, is_leader: false, is_voter: false
 INFO openraft::engine::engine_impl: startup done: id=3 target_state: Learner
 INFO openraft::engine::engine_impl: startup begin: state: RaftState { vote: UTime { data: Vote { leader_id: LeaderId { term: 0, node_id: 0 }, committed: false }, utime: Some(Instant { tv_sec: 153330, tv_nsec: 994067708 }) }, committed: None, purged_next: 0, log_ids: LogIdList { key_log_ids: [] }, membership_state: MembershipState { committed: EffectiveMembership { log_id: None, membership: Membership { configs: [], nodes: {} }, voter_ids: {} }, effective: EffectiveMembership { log_id: None, membership: Membership { configs: [], nodes: {} }, voter_ids: {} }, observer: MembershipObserverSlot { observer: Mutex { data: None, poisoned: false, .. } } }, snapshot_meta: SnapshotMeta { last_log_id: None, last_membership: StoredMembership { log_id: None, membership: Membership { configs: [], nodes: {} } }, snapshot_id: "" }, server_state: Learner, accepted: Accepted { leader_id: LeaderId { term: 0, node_id: 0 }, log_id: None }, io_state: IOState { building_snapshot: false, vote: Vote { leader_id: LeaderId { term: 0, node_id: 0 }, committed: false }, flushed: LogIOId { committed_leader_id: LeaderId { term: 0, node_id: 0 }, log_id: None }, applied: None, snapshot: None, purged: None }, purge_upto: None }, is_leader: false, is_voter: false
 INFO openraft::engine::engine_impl: startup done: id=4 target_state: Learner
DEBUG elect: openraft::engine::engine_impl: new
 INFO elect: openraft::engine::engine_impl: openraft::engine::engine_impl::Engine<_>::elect, new candidate: {T1-N1:uncommitted@12:24:47.824350, last_log_id:T0-N0-0 progress:{1: false, 2: false, 3: false}}
DEBUG elect: openraft::engine::engine_impl: close
raft_vote_save phase=submitted owner=4555477040 term=1 leader=1 elapsed_ms=0 succeeded=None
raft_vote_save phase=write_entered owner=4555477040 term=1 leader=1 elapsed_ms=0 succeeded=None
raft_vote_save phase=write_returned owner=4555477040 term=1 leader=1 elapsed_ms=115 succeeded=Some(true)
raft_vote_save phase=wait_returned owner=4555477040 term=1 leader=1 elapsed_ms=115 succeeded=Some(true)
TRACE spawn_parallel_vote_requests{vote="{vote:T1-N1:uncommitted, last_log:T0-N0-0}"}: openraft::core::raft_core: new
DEBUG spawn_parallel_vote_requests{vote="{vote:T1-N1:uncommitted, last_log:T0-N0-0}"}:send_vote_req{target=2}: openraft::core::raft_core: new
DEBUG spawn_parallel_vote_requests{vote="{vote:T1-N1:uncommitted, last_log:T0-N0-0}"}:send_vote_req{target=3}: openraft::core::raft_core: new
DEBUG spawn_parallel_vote_requests{vote="{vote:T1-N1:uncommitted, last_log:T0-N0-0}"}:vote_round_collector: openraft::core::raft_core: new
DEBUG handle_vote_resp{target=1}: openraft::engine::engine_impl: new
 INFO handle_vote_resp{target=1}: openraft::engine::engine_impl: openraft::engine::engine_impl::Engine<_>::handle_vote_resp resp={T1-N1:uncommitted, last_log:None} target=1 my_vote=T1-N1:uncommitted my_last_log_id=Some(T0-N0-0)
DEBUG handle_vote_resp{target=1}: openraft::engine::engine_impl: close
DEBUG handle_vote_request: openraft::core::raft_core: new
DEBUG handle_vote_request: openraft::core::raft_core: new
DEBUG handle_vote_request:handle_vote_req: openraft::engine::engine_impl: new
DEBUG handle_vote_request:handle_vote_req: openraft::engine::engine_impl: new
 INFO handle_vote_request:handle_vote_req: openraft::engine::engine_impl: Engine::handle_vote_req req={vote:T1-N1:uncommitted, last_log:T0-N0-0}
 INFO handle_vote_request:handle_vote_req: openraft::engine::engine_impl: Engine::handle_vote_req req={vote:T1-N1:uncommitted, last_log:T0-N0-0}
 INFO handle_vote_request:handle_vote_req: openraft::engine::engine_impl: Engine::handle_vote_req my_vote=T0-N0:uncommitted my_last_log_id=None
 INFO handle_vote_request:handle_vote_req: openraft::engine::engine_impl: Engine::handle_vote_req my_vote=T0-N0:uncommitted my_last_log_id=None
 INFO handle_vote_request:handle_vote_req: openraft::engine::engine_impl: now; 12:24:48.134124, vote is updated at: 12:24:43.232710, vote is updated before 4.901413916s, leader lease(400ms) will expire after 0ns
 INFO handle_vote_request:handle_vote_req: openraft::engine::engine_impl: now; 12:24:48.134117, vote is updated at: 12:24:45.911439, vote is updated before 2.222678416s, leader lease(400ms) will expire after 0ns
 INFO handle_vote_request:handle_vote_req: openraft::engine::engine_impl: handle vote request result req={vote:T1-N1:uncommitted, last_log:T0-N0-0} result=Ok(())
 INFO handle_vote_request:handle_vote_req: openraft::engine::engine_impl: handle vote request result req={vote:T1-N1:uncommitted, last_log:T0-N0-0} result=Ok(())
DEBUG handle_vote_request:handle_vote_req: openraft::engine::engine_impl: close
DEBUG handle_vote_request: openraft::core::raft_core: close
DEBUG handle_vote_request:handle_vote_req: openraft::engine::engine_impl: close
raft_vote_save phase=submitted owner=512850316816 term=1 leader=1 elapsed_ms=0 succeeded=None
DEBUG handle_vote_request: openraft::core::raft_core: close
raft_vote_save phase=submitted owner=512850322192 term=1 leader=1 elapsed_ms=0 succeeded=None
raft_vote_save phase=write_entered owner=512850316816 term=1 leader=1 elapsed_ms=0 succeeded=None
raft_vote_save phase=write_entered owner=512850322192 term=1 leader=1 elapsed_ms=0 succeeded=None
DEBUG elect: openraft::engine::engine_impl: new
 INFO elect: openraft::engine::engine_impl: openraft::engine::engine_impl::Engine<_>::elect, new candidate: {T2-N1:uncommitted@12:24:48.221846, last_log_id:T0-N0-0 progress:{1: false, 2: false, 3: false}}
DEBUG elect: openraft::engine::engine_impl: close
raft_vote_save phase=submitted owner=4555477040 term=2 leader=1 elapsed_ms=0 succeeded=None
raft_vote_save phase=write_entered owner=4555477040 term=2 leader=1 elapsed_ms=0 succeeded=None
raft_vote_save phase=write_returned owner=512850322192 term=1 leader=1 elapsed_ms=123 succeeded=Some(true)
raft_vote_save phase=wait_returned owner=512850322192 term=1 leader=1 elapsed_ms=123 succeeded=Some(true)
 WARN openraft::core::raft_core: A message will be ignored because vote changed: msg sent by vote: T1-N1:uncommitted; current my vote: None; when (VoteResponse)
DEBUG spawn_parallel_vote_requests{vote="{vote:T1-N1:uncommitted, last_log:T0-N0-0}"}:send_vote_req{target=3}: openraft::core::raft_core: close
raft_vote_save phase=write_returned owner=512850316816 term=1 leader=1 elapsed_ms=129 succeeded=Some(true)
raft_vote_save phase=wait_returned owner=512850316816 term=1 leader=1 elapsed_ms=129 succeeded=Some(true)
 WARN openraft::core::raft_core: A message will be ignored because vote changed: msg sent by vote: T1-N1:uncommitted; current my vote: None; when (VoteResponse)
DEBUG spawn_parallel_vote_requests{vote="{vote:T1-N1:uncommitted, last_log:T0-N0-0}"}:send_vote_req{target=2}: openraft::core::raft_core: close
DEBUG spawn_parallel_vote_requests{vote="{vote:T1-N1:uncommitted, last_log:T0-N0-0}"}:vote_round_collector: openraft::core::raft_core: close
TRACE spawn_parallel_vote_requests{vote="{vote:T1-N1:uncommitted, last_log:T0-N0-0}"}: openraft::core::raft_core: close
raft_vote_save phase=write_returned owner=4555477040 term=2 leader=1 elapsed_ms=131 succeeded=Some(true)
raft_vote_save phase=wait_returned owner=4555477040 term=2 leader=1 elapsed_ms=131 succeeded=Some(true)
TRACE spawn_parallel_vote_requests{vote="{vote:T2-N1:uncommitted, last_log:T0-N0-0}"}: openraft::core::raft_core: new
DEBUG spawn_parallel_vote_requests{vote="{vote:T2-N1:uncommitted, last_log:T0-N0-0}"}:send_vote_req{target=2}: openraft::core::raft_core: new
DEBUG spawn_parallel_vote_requests{vote="{vote:T2-N1:uncommitted, last_log:T0-N0-0}"}:send_vote_req{target=3}: openraft::core::raft_core: new
DEBUG spawn_parallel_vote_requests{vote="{vote:T2-N1:uncommitted, last_log:T0-N0-0}"}:vote_round_collector: openraft::core::raft_core: new
 WARN openraft::core::raft_core: A message will be ignored because vote changed: msg sent by vote: T1-N1:uncommitted; current my vote: T2-N1:uncommitted; when (VoteResponse)
 WARN openraft::core::raft_core: A message will be ignored because vote changed: msg sent by vote: T1-N1:uncommitted; current my vote: T2-N1:uncommitted; when (VoteResponse)
DEBUG handle_vote_resp{target=1}: openraft::engine::engine_impl: new
 INFO handle_vote_resp{target=1}: openraft::engine::engine_impl: openraft::engine::engine_impl::Engine<_>::handle_vote_resp resp={T2-N1:uncommitted, last_log:None} target=1 my_vote=T2-N1:uncommitted my_last_log_id=Some(T0-N0-0)
DEBUG handle_vote_resp{target=1}: openraft::engine::engine_impl: close
DEBUG handle_vote_request: openraft::core::raft_core: new
DEBUG handle_vote_request: openraft::core::raft_core: new
DEBUG handle_vote_request:handle_vote_req: openraft::engine::engine_impl: new
DEBUG handle_vote_request:handle_vote_req: openraft::engine::engine_impl: new
 INFO handle_vote_request:handle_vote_req: openraft::engine::engine_impl: Engine::handle_vote_req req={vote:T2-N1:uncommitted, last_log:T0-N0-0}
 INFO handle_vote_request:handle_vote_req: openraft::engine::engine_impl: Engine::handle_vote_req req={vote:T2-N1:uncommitted, last_log:T0-N0-0}
 INFO handle_vote_request:handle_vote_req: openraft::engine::engine_impl: Engine::handle_vote_req my_vote=T1-N1:uncommitted my_last_log_id=None
 INFO handle_vote_request:handle_vote_req: openraft::engine::engine_impl: now; 12:24:48.354057, vote is updated at: 12:24:48.134165, vote is updated before 219.890958ms, leader lease(400ms) will expire after 180.109042ms
 INFO handle_vote_request:handle_vote_req: openraft::engine::engine_impl: handle vote request result req={vote:T2-N1:uncommitted, last_log:T0-N0-0} result=Ok(())
 INFO handle_vote_request:handle_vote_req: openraft::engine::engine_impl: Engine::handle_vote_req my_vote=T1-N1:uncommitted my_last_log_id=None
DEBUG handle_vote_request:handle_vote_req: openraft::engine::engine_impl: close
DEBUG handle_vote_request: openraft::core::raft_core: close
raft_vote_save phase=submitted owner=512850316816 term=2 leader=1 elapsed_ms=0 succeeded=None
 INFO handle_vote_request:handle_vote_req: openraft::engine::engine_impl: now; 12:24:48.354022, vote is updated at: 12:24:48.134235, vote is updated before 219.78675ms, leader lease(400ms) will expire after 180.21325ms
raft_vote_save phase=write_entered owner=512850316816 term=2 leader=1 elapsed_ms=0 succeeded=None
 INFO handle_vote_request:handle_vote_req: openraft::engine::engine_impl: handle vote request result req={vote:T2-N1:uncommitted, last_log:T0-N0-0} result=Ok(())
DEBUG handle_vote_request:handle_vote_req: openraft::engine::engine_impl: close
DEBUG handle_vote_request: openraft::core::raft_core: close
raft_vote_save phase=submitted owner=512850322192 term=2 leader=1 elapsed_ms=0 succeeded=None
raft_vote_save phase=write_entered owner=512850322192 term=2 leader=1 elapsed_ms=0 succeeded=None
raft_vote_save phase=write_returned owner=512850316816 term=2 leader=1 elapsed_ms=176 succeeded=Some(true)
raft_vote_save phase=wait_returned owner=512850316816 term=2 leader=1 elapsed_ms=176 succeeded=Some(true)
 WARN openraft::core::raft_core: A message will be ignored because vote changed: msg sent by vote: T2-N1:uncommitted; current my vote: None; when (VoteResponse)
DEBUG spawn_parallel_vote_requests{vote="{vote:T2-N1:uncommitted, last_log:T0-N0-0}"}:send_vote_req{target=2}: openraft::core::raft_core: close
DEBUG handle_vote_resp{target=2}: openraft::engine::engine_impl: new
 INFO handle_vote_resp{target=2}: openraft::engine::engine_impl: openraft::engine::engine_impl::Engine<_>::handle_vote_resp resp={T2-N1:uncommitted, last_log:None} target=2 my_vote=T2-N1:uncommitted my_last_log_id=Some(T0-N0-0)
 INFO handle_vote_resp{target=2}: openraft::engine::engine_impl: a quorum granted my vote
 INFO handle_vote_resp{target=2}: openraft::engine::engine_impl: openraft::engine::engine_impl::Engine<_>::establish_leader
DEBUG handle_vote_resp{target=2}: openraft::engine::engine_impl: close
raft_vote_save phase=submitted owner=4555477040 term=2 leader=1 elapsed_ms=0 succeeded=None
raft_vote_save phase=write_entered owner=4555477040 term=2 leader=1 elapsed_ms=0 succeeded=None
raft_vote_save phase=write_returned owner=512850322192 term=2 leader=1 elapsed_ms=181 succeeded=Some(true)
raft_vote_save phase=wait_returned owner=512850322192 term=2 leader=1 elapsed_ms=182 succeeded=Some(true)
 WARN openraft::core::raft_core: A message will be ignored because vote changed: msg sent by vote: T2-N1:uncommitted; current my vote: None; when (VoteResponse)
DEBUG spawn_parallel_vote_requests{vote="{vote:T2-N1:uncommitted, last_log:T0-N0-0}"}:send_vote_req{target=3}: openraft::core::raft_core: close
DEBUG spawn_parallel_vote_requests{vote="{vote:T2-N1:uncommitted, last_log:T0-N0-0}"}:vote_round_collector: openraft::core::raft_core: close
TRACE spawn_parallel_vote_requests{vote="{vote:T2-N1:uncommitted, last_log:T0-N0-0}"}: openraft::core::raft_core: close
raft_vote_save phase=write_returned owner=4555477040 term=2 leader=1 elapsed_ms=98 succeeded=Some(true)
raft_vote_save phase=wait_returned owner=4555477040 term=2 leader=1 elapsed_ms=98 succeeded=Some(true)
 WARN openraft::core::raft_core: A message will be ignored because vote changed: msg sent by vote: T2-N1:uncommitted; current my vote: None; when (VoteResponse)
DEBUG handle_vote_resp{target=1}: openraft::engine::engine_impl: new
 INFO handle_vote_resp{target=1}: openraft::engine::engine_impl: openraft::engine::engine_impl::Engine<_>::handle_vote_resp resp={T2-N1:committed, last_log:None} target=1 my_vote=T2-N1:committed my_last_log_id=Some(T2-N1-1)
DEBUG handle_vote_resp{target=1}: openraft::engine::engine_impl: close
raft_vote_save phase=submitted owner=512850316816 term=2 leader=1 elapsed_ms=0 succeeded=None
raft_vote_save phase=submitted owner=512850322192 term=2 leader=1 elapsed_ms=0 succeeded=None
raft_vote_save phase=write_entered owner=512850316816 term=2 leader=1 elapsed_ms=0 succeeded=None
raft_vote_save phase=write_entered owner=512850322192 term=2 leader=1 elapsed_ms=0 succeeded=None
ERROR openraft::core::raft_core: timeout while confirming leadership for read request target=2 error=Unreachable node: std::io::error::Error: deadline has elapsed
ERROR openraft::core::raft_core: timeout while confirming leadership for read request target=3 error=Unreachable node: std::io::error::Error: deadline has elapsed
ERROR openraft::core::raft_core: timeout while confirming leadership for read request target=2 error=Unreachable node: std::io::error::Error: deadline has elapsed
ERROR openraft::core::raft_core: timeout while confirming leadership for read request target=3 error=Unreachable node: std::io::error::Error: deadline has elapsed
ERROR openraft::core::raft_core: timeout while confirming leadership for read request target=2 error=Unreachable node: std::io::error::Error: deadline has elapsed
ERROR openraft::core::raft_core: timeout while confirming leadership for read request target=3 error=Unreachable node: std::io::error::Error: deadline has elapsed
raft_vote_save phase=write_returned owner=512850322192 term=2 leader=1 elapsed_ms=213 succeeded=Some(true)
raft_vote_save phase=write_returned owner=512850316816 term=2 leader=1 elapsed_ms=214 succeeded=Some(true)
raft_vote_save phase=wait_returned owner=512850322192 term=2 leader=1 elapsed_ms=214 succeeded=Some(true)
raft_vote_save phase=wait_returned owner=512850316816 term=2 leader=1 elapsed_ms=214 succeeded=Some(true)
ERROR openraft::core::raft_core: timeout while confirming leadership for read request target=2 error=Unreachable node: std::io::error::Error: deadline has elapsed
ERROR openraft::core::raft_core: timeout while confirming leadership for read request target=3 error=Unreachable node: std::io::error::Error: deadline has elapsed
ERROR openraft::core::raft_core: timeout while confirming leadership for read request target=2 error=Unreachable node: std::io::error::Error: deadline has elapsed
ERROR openraft::core::raft_core: timeout while confirming leadership for read request target=3 error=Unreachable node: std::io::error::Error: deadline has elapsed
ERROR openraft::core::raft_core: timeout while confirming leadership for read request target=2 error=Unreachable node: std::io::error::Error: deadline has elapsed
ERROR openraft::core::raft_core: timeout while confirming leadership for read request target=3 error=Unreachable node: std::io::error::Error: deadline has elapsed
ERROR openraft::core::raft_core: timeout while confirming leadership for read request target=2 error=Unreachable node: std::io::error::Error: deadline has elapsed
ERROR openraft::core::raft_core: timeout while confirming leadership for read request target=3 error=Unreachable node: std::io::error::Error: deadline has elapsed
 WARN openraft::core::raft_core: A message will be ignored because vote changed: msg sent by vote: T2-N1:committed; current my vote: None; when (VoteResponse)
 WARN openraft::core::raft_core: A message will be ignored because vote changed: msg sent by vote: T2-N1:committed; current my vote: None; when (VoteResponse)
raft_vote_save phase=submitted owner=512850327568 term=2 leader=1 elapsed_ms=0 succeeded=None
raft_vote_save phase=write_entered owner=512850327568 term=2 leader=1 elapsed_ms=0 succeeded=None
raft_vote_save phase=write_returned owner=512850327568 term=2 leader=1 elapsed_ms=153 succeeded=Some(true)
raft_vote_save phase=wait_returned owner=512850327568 term=2 leader=1 elapsed_ms=153 succeeded=Some(true)
 WARN openraft::core::raft_core: membership_log_id changed: msg sent by: Some(T2-N1-3); curr: Some(T2-N1-4); ignore when (UpdateReplicationMatched)
 WARN openraft::core::raft_core: membership_log_id changed: msg sent by: Some(T2-N1-3); curr: Some(T2-N1-4); ignore when (UpdateReplicationMatched)
 WARN openraft::core::raft_core: membership_log_id changed: msg sent by: Some(T2-N1-4); curr: Some(T2-N1-5); ignore when (UpdateReplicationMatched)
 WARN openraft::core::raft_core: A message will be ignored because vote changed: msg sent by vote: T2-N1:committed; current my vote: None; when (VoteResponse)
DEBUG elect: openraft::engine::engine_impl: new
 INFO elect: openraft::engine::engine_impl: openraft::engine::engine_impl::Engine<_>::elect, new candidate: {T3-N2:uncommitted@12:24:54.286341, last_log_id:T2-N1-4 progress:{1: false, 2: false, 3: false, 4: false}}
DEBUG elect: openraft::engine::engine_impl: close
raft_vote_save phase=submitted owner=512850316816 term=3 leader=2 elapsed_ms=0 succeeded=None
raft_vote_save phase=write_entered owner=512850316816 term=3 leader=2 elapsed_ms=0 succeeded=None
raft_vote_save phase=write_returned owner=512850316816 term=3 leader=2 elapsed_ms=170 succeeded=Some(true)
raft_vote_save phase=wait_returned owner=512850316816 term=3 leader=2 elapsed_ms=170 succeeded=Some(true)
TRACE spawn_parallel_vote_requests{vote="{vote:T3-N2:uncommitted, last_log:T2-N1-4}"}: openraft::core::raft_core: new
DEBUG spawn_parallel_vote_requests{vote="{vote:T3-N2:uncommitted, last_log:T2-N1-4}"}:send_vote_req{target=1}: openraft::core::raft_core: new
DEBUG spawn_parallel_vote_requests{vote="{vote:T3-N2:uncommitted, last_log:T2-N1-4}"}:send_vote_req{target=3}: openraft::core::raft_core: new
DEBUG spawn_parallel_vote_requests{vote="{vote:T3-N2:uncommitted, last_log:T2-N1-4}"}:send_vote_req{target=4}: openraft::core::raft_core: new
DEBUG spawn_parallel_vote_requests{vote="{vote:T3-N2:uncommitted, last_log:T2-N1-4}"}:vote_round_collector: openraft::core::raft_core: new
DEBUG handle_vote_resp{target=2}: openraft::engine::engine_impl: new
 INFO handle_vote_resp{target=2}: openraft::engine::engine_impl: openraft::engine::engine_impl::Engine<_>::handle_vote_resp resp={T3-N2:uncommitted, last_log:None} target=2 my_vote=T3-N2:uncommitted my_last_log_id=Some(T2-N1-4)
DEBUG handle_vote_resp{target=2}: openraft::engine::engine_impl: close
DEBUG handle_vote_request: openraft::core::raft_core: new
DEBUG handle_vote_request:handle_vote_req: openraft::engine::engine_impl: new
 INFO handle_vote_request:handle_vote_req: openraft::engine::engine_impl: Engine::handle_vote_req req={vote:T3-N2:uncommitted, last_log:T2-N1-4}
 INFO handle_vote_request:handle_vote_req: openraft::engine::engine_impl: Engine::handle_vote_req my_vote=T2-N1:committed my_last_log_id=Some(T2-N1-5)
 INFO handle_vote_request:handle_vote_req: openraft::engine::engine_impl: now; 12:24:54.457701, vote is updated at: 12:24:54.440051, vote is updated before 17.650375ms, leader lease(400ms) will expire after 382.349625ms
 INFO handle_vote_request:handle_vote_req: openraft::engine::engine_impl: reject vote-request: leader lease has not yet expire; now; Instant { tv_sec: 153337, tv_nsec: 654609208 }, vote is updatd at: Instant { tv_sec: 153337, tv_nsec: 636958833 }, leader lease(400ms) will expire after 382.349625ms
DEBUG handle_vote_request:handle_vote_req: openraft::engine::engine_impl: close
DEBUG handle_vote_request: openraft::core::raft_core: close
DEBUG handle_vote_request: openraft::core::raft_core: new
DEBUG spawn_parallel_vote_requests{vote="{vote:T3-N2:uncommitted, last_log:T2-N1-4}"}:send_vote_req{target=3}: openraft::core::raft_core: close
DEBUG handle_vote_resp{target=3}: openraft::engine::engine_impl: new
 INFO handle_vote_resp{target=3}: openraft::engine::engine_impl: openraft::engine::engine_impl::Engine<_>::handle_vote_resp resp={T2-N1:committed, last_log:Some("T2-N1-5")} target=3 my_vote=T3-N2:uncommitted my_last_log_id=Some(T2-N1-4)
DEBUG handle_vote_request:handle_vote_req: openraft::engine::engine_impl: new
 INFO handle_vote_resp{target=3}: openraft::engine::engine_impl: seen a greater log id when openraft::engine::engine_impl::Engine<_>::handle_vote_resp greater_log_id=Some(T2-N1-5)
DEBUG handle_vote_resp{target=3}: openraft::engine::engine_impl: close
 INFO handle_vote_request:handle_vote_req: openraft::engine::engine_impl: Engine::handle_vote_req req={vote:T3-N2:uncommitted, last_log:T2-N1-4}
 INFO handle_vote_request:handle_vote_req: openraft::engine::engine_impl: Engine::handle_vote_req my_vote=T2-N1:committed my_last_log_id=Some(T2-N1-5)
 INFO handle_vote_request:handle_vote_req: openraft::engine::engine_impl: now; 12:24:54.457830, vote is updated at: 12:24:48.531286, vote is updated before 5.926543458s, leader lease(400ms) will expire after 0ns
 INFO handle_vote_request:handle_vote_req: openraft::engine::engine_impl: reject vote-request: by last_log_id: !(req.last_log_id(Some(T2-N1-4)) >= my_last_log_id(Some(T2-N1-5))
DEBUG handle_vote_request:handle_vote_req: openraft::engine::engine_impl: close
DEBUG handle_vote_request: openraft::core::raft_core: close
DEBUG spawn_parallel_vote_requests{vote="{vote:T3-N2:uncommitted, last_log:T2-N1-4}"}:send_vote_req{target=1}: openraft::core::raft_core: close
DEBUG handle_vote_resp{target=1}: openraft::engine::engine_impl: new
 INFO handle_vote_resp{target=1}: openraft::engine::engine_impl: openraft::engine::engine_impl::Engine<_>::handle_vote_resp resp={T2-N1:committed, last_log:Some("T2-N1-5")} target=1 my_vote=T3-N2:uncommitted my_last_log_id=Some(T2-N1-4)
 INFO handle_vote_resp{target=1}: openraft::engine::engine_impl: seen a greater log id when openraft::engine::engine_impl::Engine<_>::handle_vote_resp greater_log_id=Some(T2-N1-5)
DEBUG handle_vote_resp{target=1}: openraft::engine::engine_impl: close
ERROR spawn_parallel_vote_requests{vote="{vote:T3-N2:uncommitted, last_log:T2-N1-4}"}:send_vote_req{target=4}: openraft::core::raft_core: while requesting vote error=Unreachable node: std::io::error::Error: deadline has elapsed target=4
DEBUG spawn_parallel_vote_requests{vote="{vote:T3-N2:uncommitted, last_log:T2-N1-4}"}:send_vote_req{target=4}: openraft::core::raft_core: close
DEBUG spawn_parallel_vote_requests{vote="{vote:T3-N2:uncommitted, last_log:T2-N1-4}"}:vote_round_collector: openraft::core::raft_core: close
TRACE spawn_parallel_vote_requests{vote="{vote:T3-N2:uncommitted, last_log:T2-N1-4}"}: openraft::core::raft_core: close
DEBUG handle_vote_request: openraft::core::raft_core: new
DEBUG handle_vote_request:handle_vote_req: openraft::engine::engine_impl: new
 INFO handle_vote_request:handle_vote_req: openraft::engine::engine_impl: Engine::handle_vote_req req={vote:T3-N2:uncommitted, last_log:T2-N1-4}
 INFO handle_vote_request:handle_vote_req: openraft::engine::engine_impl: Engine::handle_vote_req my_vote=T2-N1:committed my_last_log_id=Some(T2-N1-5)
 INFO handle_vote_request:handle_vote_req: openraft::engine::engine_impl: now; 12:24:54.730506, vote is updated at: 12:24:54.730450, vote is updated before 56.375µs, leader lease(400ms) will expire after 399.943625ms
 INFO handle_vote_request:handle_vote_req: openraft::engine::engine_impl: reject vote-request: leader lease has not yet expire; now; Instant { tv_sec: 153337, tv_nsec: 927412458 }, vote is updatd at: Instant { tv_sec: 153337, tv_nsec: 927356083 }, leader lease(400ms) will expire after 399.943625ms
DEBUG handle_vote_request:handle_vote_req: openraft::engine::engine_impl: close
DEBUG handle_vote_request: openraft::core::raft_core: close
Error: open existing replicated database 1

Caused by:
    ResourceExhausted: document source retention budget exhausted
test bootstrap::existing_replicated_tests::existing_replicas_replay_committed_state_and_membership_after_full_close ... FAILED

failures:

failures:
    bootstrap::existing_replicated_tests::existing_replicas_replay_committed_state_and_membership_after_full_close

test result: FAILED. 0 passed; 1 failed; 0 ignored; 0 measured; 627 filtered out; finished in 16.48s

error: test failed, to rerun pass `-p kasumi-engine --lib`
     Running unittests src/lib.rs (target/disk-backed-cache/debug/deps/kasumi_kv-221aa5373d25965b)

running 0 tests

test result: ok. 0 passed; 0 failed; 0 ignored; 0 measured; 548 filtered out; finished in 0.00s

     Running unittests src/lib.rs (target/disk-backed-cache/debug/deps/kasumi_raft-8af78bc0d2a8574c)

running 0 tests

test result: ok. 0 passed; 0 failed; 0 ignored; 0 measured; 170 filtered out; finished in 0.00s

     Running unittests src/lib.rs (target/disk-backed-cache/debug/deps/kasumi_store-4ef75ebdc018c368)

running 0 tests

test result: ok. 0 passed; 0 failed; 0 ignored; 0 measured; 708 filtered out; finished in 0.00s

error: 1 target failed:
    `-p kasumi-engine --lib`
Runner: 17.52s; exit=101; matching=1528/1528
