Command: cargo test -p kasumi-engine --all-features --lib --locked --offline --config profile.test.package.kasumi-kv.opt-level=3 --config profile.test.package.sha2.opt-level=3 -- --test-threads=1 selected_sources_ topology_input_ primary_tree:: primary_stage_
CARGO_TARGET_DIR=target/disk-backed-cache
warning: variant `Mutation` is never constructed
  --> crates/kasumi-engine/src/security_audit_jobs.rs:26:5
   |
24 | enum JobEffect {
   |      --------- variant in this enum
25 |     Read,
26 |     Mutation(&'static str),
   |     ^^^^^^^^
   |
   = note: `JobEffect` has a derived impl for the trait `Clone`, but this is intentionally ignored during dead code analysis
   = note: `#[warn(dead_code)]` (part of `#[warn(unused)]`) on by default

warning: struct `ReadPause` is never constructed
  --> crates/kasumi-engine/src/security_audit_jobs.rs:57:19
   |
57 | pub(super) struct ReadPause {
   |                   ^^^^^^^^^

warning: method `run_mutation` is never used
   --> crates/kasumi-engine/src/security_audit_jobs.rs:120:25
    |
 62 | impl SecurityAudit {
    | ------------------ method in this implementation
...
120 |     pub(super) async fn run_mutation<T, F, R>(&self, component: &'static str, run: R) -> Result<T>
    |                         ^^^^^^^^^^^^

warning: `kasumi-engine` (lib) generated 3 warnings
   Compiling kasumi-engine v0.1.0 (/Users/takemiyamakoto/dev/kasumi/crates/kasumi-engine)
warning: field `panic` is never read
  --> crates/kasumi-engine/src/security_audit_jobs.rs:52:9
   |
48 | pub(super) struct RecordFault {
   |                   ----------- field in this struct
...
52 |     pub panic: bool,
   |         ^^^^^

warning: `kasumi-engine` (lib test) generated 4 warnings (3 duplicates)
    Finished `test` profile [unoptimized + debuginfo] target(s) in 19.57s
     Running unittests src/lib.rs (target/disk-backed-cache/debug/deps/kasumi_engine-b15d1192089511a8)

running 44 tests
test application_sources::tests::primary_stage_tests::primary_stage_archive_and_definition_keep_exact_dto_and_kind_identity ... ok
test application_sources::tests::primary_stage_tests::primary_stage_large_encrypted_object_and_old_selected_pin_survive_current_abort ... ok
test application_sources::tests::primary_stage_tests::primary_stage_native_bound_failure_keeps_original_diagnostic_through_positive_close ... ok
test application_sources::tests::primary_stage_tests::primary_stage_nonselection_readers_and_denied_begin_do_not_publish_or_write ... ok
test application_sources::tests::primary_stage_tests::primary_stage_partial_attempt_resumes_after_actual_encrypted_reopen ... ok
test application_sources::tests::primary_stage_tests::primary_stage_partial_high_water_and_abort_resume_are_atomic ... ok
test application_sources::tests::primary_stage_tests::primary_stage_rejects_payload_corruption_before_lending_and_keeps_old_pin_exact ... ok
test application_sources::tests::selected_sources_actual_snapshot_install_and_encrypted_reopen_preserve_identity ... ok
test application_sources::tests::selected_sources_alias_refusal_preserves_later_actual_native_close_failure ... ok
test application_sources::tests::selected_sources_canonical_failure_closes_parent_preserves_original_and_issue ... ok
test application_sources::tests::selected_sources_capture_finalization_settles_handle_before_retirement ... ok
test application_sources::tests::selected_sources_covered_capture_cannot_settle_after_serving_handoff ... ok
test application_sources::tests::selected_sources_failed_consuming_close_never_becomes_success_from_none ... ok
test application_sources::tests::selected_sources_fork_keeps_exact_old_native_generation_after_parent_retirement ... ok
test application_sources::tests::selected_sources_fork_seal_closes_registered_child_before_releasing_permit ... ok
test application_sources::tests::selected_sources_last_selected_handle_closes_during_ordinary_operation ... ok
test application_sources::tests::selected_sources_maintenance_publication_requires_actual_scope_for_owner_and_growth ... ok
test application_sources::tests::selected_sources_precommit_slot_denial_keeps_generation_and_never_calls_publisher ... ok
test application_sources::tests::selected_sources_real_local_startup_publishes_entry_and_drains_surviving_generation ... ok
test application_sources::tests::selected_sources_routine_bounded_read_error_retires_with_original_report_alive ... ok
test application_sources::tests::selected_sources_shutdown_closes_native_parent_with_metadata_alias_alive ... ok
test application_sources::tests::selected_sources_unknown_capture_panic_without_view_never_drains_as_clean ... ok
test primary_tree::tests::logical_page_codec_borrowed_encode_validate_lookup_and_refusals_allocate_nothing ... ok
test primary_tree::tests::logical_page_codec_exact_fanout_and_checked_aggregate_overflow ... ok
test primary_tree::tests::logical_page_codec_preserves_distinct_quota_metrics_and_canonical_archive_ids ... ok
test primary_tree::tests::logical_page_codec_refuses_bad_inputs_before_output_mutation ... ok
test primary_tree::tests::logical_page_codec_rejects_rehashed_noncanonical_pages_and_unchecked_lengths ... ok
test primary_tree::tests::logical_page_codec_three_level_parent_bounds_and_totals_bind_each_descent ... ok
test primary_tree::tests::record_tests::fixed_primary_accepted_mutations_are_canonical_without_heap ... ok
test primary_tree::tests::record_tests::fixed_primary_attempt_counters_check_before_output_and_decode ... ok
test primary_tree::tests::record_tests::fixed_primary_boundary_fingerprints_match_real_producer_and_checkpoint ... ok
test primary_tree::tests::record_tests::fixed_primary_inventory_kind_completion_and_deletion_contracts ... ok
test primary_tree::tests::record_tests::fixed_primary_manifest_root_and_reference_contracts ... ok
test primary_tree::tests::record_tests::fixed_primary_optional_uuid_flags_and_link_shape_are_canonical ... ok
test primary_tree::tests::record_tests::fixed_primary_record_golden_layouts_without_heap ... ok
test primary_tree::tests::record_tests::fixed_primary_record_rejects_every_truncation_and_wrong_header ... ok
test primary_tree::tests::record_tests::fixed_primary_record_rejects_unknown_tags_reserved_bits_and_padding ... ok
test primary_tree::tests::record_tests::fixed_primary_scope_and_name_hashes_are_length_delimited_without_heap ... ok
test primary_tree::tests::record_tests::fixed_primary_selector_empty_bootstrap_and_revision_contracts ... ok
test service::proposal_input::tests::topology_input_denial_same_core_and_ordered_unpolled_destruction ... ok
test service::proposal_input::tests::topology_input_quote_covers_concrete_validation_and_json_factory_heap ... ok
test service::proposal_input::tests::topology_input_validation_failures_preserve_canonical_error_and_release_payload ... ok
test service::tests::topology_input_credit_survives_actual_child_after_caller_cancellation ... ok
test service::tests::topology_input_refused_actual_proposal_destroys_json_before_its_credit ... ok

test result: ok. 44 passed; 0 failed; 0 ignored; 0 measured; 434 filtered out; finished in 81.66s

Runner: 101.33s; exit=0; matching=752/752
