Command: cargo test --locked --offline --config profile.test.package.kasumi-kv.opt-level=3 --config profile.test.package.sha2.opt-level=3 -p kasumi-engine --all-features --lib -- staged_terminal::tests staging_capacity_tests restored_identity_metadata_is_validated_before_bootstrap_persistence control_archive_transfer_uses_exact_reserved_domain_without_application_authority incomplete_or_corrupt_bundle_never_publishes_pruned_state missing_archive_and_incorrect_totals_prevent_snapshot_completion replacement_receives_complete_chain_and_restart_uses_local_dependencies
CARGO_TARGET_DIR=target/disk-backed-cache
   Compiling kasumi-store v0.1.0 (/Users/takemiyamakoto/dev/kasumi/crates/kasumi-store)
   Compiling kasumi-raft v0.1.0 (/Users/takemiyamakoto/dev/kasumi/crates/kasumi-raft)
   Compiling kasumi-engine v0.1.0 (/Users/takemiyamakoto/dev/kasumi/crates/kasumi-engine)
warning: variant `Mutation` is never constructed
  --> crates/kasumi-engine/src/security_audit_jobs.rs:26:5
   |
24 | enum JobEffect {
   |      --------- variant in this enum
25 |     Read,
26 |     Mutation(&'static str),
   |     ^^^^^^^^
   |
   = note: `JobEffect` has a derived impl for the trait `Clone`, but this is intentionally ignored during dead code analysis
   = note: `#[warn(dead_code)]` (part of `#[warn(unused)]`) on by default

warning: struct `ReadPause` is never constructed
  --> crates/kasumi-engine/src/security_audit_jobs.rs:57:19
   |
57 | pub(super) struct ReadPause {
   |                   ^^^^^^^^^

warning: method `run_mutation` is never used
   --> crates/kasumi-engine/src/security_audit_jobs.rs:120:25
    |
 62 | impl SecurityAudit {
    | ------------------ method in this implementation
...
120 |     pub(super) async fn run_mutation<T, F, R>(&self, component: &'static str, run: R) -> Result<T>
    |                         ^^^^^^^^^^^^

warning: `kasumi-engine` (lib) generated 3 warnings
warning: field `panic` is never read
  --> crates/kasumi-engine/src/security_audit_jobs.rs:52:9
   |
48 | pub(super) struct RecordFault {
   |                   ----------- field in this struct
...
52 |     pub panic: bool,
   |         ^^^^^

warning: `kasumi-engine` (lib test) generated 4 warnings (3 duplicates)
    Finished `test` profile [unoptimized + debuginfo] target(s) in 2m 33s
     Running unittests src/lib.rs (target/disk-backed-cache/debug/deps/kasumi_engine-b15d1192089511a8)

running 18 tests
test staged_terminal::tests::original_begin_reservation_covers_maximum_terminal_envelope_and_counter_widths ... ok
test staged_terminal::tests::terminal_applied_provenance_cannot_be_relabelled_across_two_restore_geneses ... ok
test staged_terminal::tests::deferred_fixture_terminal_owner_rejects_foreign_origin_and_missing_prefix ... ok
test staged_terminal::tests::rejected_terminal_row_permanently_disqualifies_valid_prefix ... ok
test staged_terminal::tests::failed_terminal_ordinal_insert_aborts_uncommitted_batch_and_head ... ok
test staged_terminal::tests::point_admission_precedes_decoding_even_for_an_unpublished_row ... ok
TestDiskMemory::reserve_installed denied: provider=0x7a8a840610 requested_bytes=82192 charged_bytes=86304 bookkeeping_bytes=24184 used_bytes=4767283 next_used_bytes=4853587 max_bytes=67108864 live_reservations=32 max_reservations=32 attempts=392 error=Kind(OutOfMemory)
test staged_terminal::tests::fixture_terminal_storage_is_created_only_for_new_local_rows_and_reused ... ok
test state::restore_budget_tests::restored_identity_metadata_is_validated_before_bootstrap_persistence ... FAILED
test staged_terminal::tests::durable_future_row_is_invisible_and_only_exact_original_replay_can_reuse_it ... ok
test staged_terminal::tests::encrypted_reopen_keeps_unapplied_terminal_rows_hidden_until_exact_replay ... ok
test staged_terminal::tests::checkpoint_catalog_requires_current_writer_bytes_without_repair ... ok
test staged_terminal::tests::fixture_staging_reuses_only_complete_exact_pairs ... ok
test state::snapshot_bundle::tests::missing_archive_and_incorrect_totals_prevent_snapshot_completion ... ok
test staged_terminal::tests::selected_physical_rows_require_current_writer_bytes_without_repair ... ok
test staged_terminal::tests::snapshot_namespace_binding_selects_exact_prefix_and_preserves_older_live_views ... ok
test state::snapshot_bundle::tests::control_archive_transfer_uses_exact_reserved_domain_without_application_authority ... ok
test state::snapshot_bundle::tests::incomplete_or_corrupt_bundle_never_publishes_pruned_state ... ok
test state::snapshot_bundle::tests::replacement_receives_complete_chain_and_restart_uses_local_dependencies ... ok

failures:

---- state::restore_budget_tests::restored_identity_metadata_is_validated_before_bootstrap_persistence stdout ----

thread 'state::restore_budget_tests::restored_identity_metadata_is_validated_before_bootstrap_persistence' (20649032) panicked at crates/kasumi-engine/src/state.rs:3393:42:
called `Result::unwrap()` on an `Err` value: Error { code: Corruption, message: "invalid tenant snapshot" }
note: run with `RUST_BACKTRACE=1` environment variable to display a backtrace


failures:
    state::restore_budget_tests::restored_identity_metadata_is_validated_before_bootstrap_persistence

test result: FAILED. 17 passed; 1 failed; 0 ignored; 0 measured; 598 filtered out; finished in 8.25s

error: test failed, to rerun pass `-p kasumi-engine --lib`
Runner: 162.01s; exit=101; matching=850/850
