Command: cargo clippy --locked --offline -p kasumi-engine --all-features --all-targets --no-deps -- -D clippy::all
CARGO_TARGET_DIR=target/disk-backed-cache
    Checking kasumi-clock v0.1.0 (/Users/takemiyamakoto/dev/kasumi/crates/kasumi-clock)
    Checking kasumi-transport v0.1.0 (/Users/takemiyamakoto/dev/kasumi/crates/kasumi-transport)
    Checking kasumi-kv v0.1.0 (/Users/takemiyamakoto/dev/kasumi/crates/kasumi-kv)
    Checking kasumi-types v0.1.0 (/Users/takemiyamakoto/dev/kasumi/crates/kasumi-types)
    Checking kasumi-serving v0.1.0 (/Users/takemiyamakoto/dev/kasumi/crates/kasumi-serving)
    Checking kasumi-query v0.1.0 (/Users/takemiyamakoto/dev/kasumi/crates/kasumi-query)
    Checking kasumi-store v0.1.0 (/Users/takemiyamakoto/dev/kasumi/crates/kasumi-store)
    Checking kasumi-raft v0.1.0 (/Users/takemiyamakoto/dev/kasumi/crates/kasumi-raft)
    Checking kasumi-engine v0.1.0 (/Users/takemiyamakoto/dev/kasumi/crates/kasumi-engine)
warning: variant `Mutation` is never constructed
  --> crates/kasumi-engine/src/security_audit_jobs.rs:26:5
   |
24 | enum JobEffect {
   |      --------- variant in this enum
25 |     Read,
26 |     Mutation(&'static str),
   |     ^^^^^^^^
   |
   = note: `JobEffect` has a derived impl for the trait `Clone`, but this is intentionally ignored during dead code analysis
   = note: `#[warn(dead_code)]` (part of `#[warn(unused)]`) on by default

warning: struct `ReadPause` is never constructed
  --> crates/kasumi-engine/src/security_audit_jobs.rs:57:19
   |
57 | pub(super) struct ReadPause {
   |                   ^^^^^^^^^

warning: method `run_mutation` is never used
   --> crates/kasumi-engine/src/security_audit_jobs.rs:120:25
    |
 62 | impl SecurityAudit {
    | ------------------ method in this implementation
...
120 |     pub(super) async fn run_mutation<T, F, R>(&self, component: &'static str, run: R) -> Result<T>
    |                         ^^^^^^^^^^^^

warning: `kasumi-engine` (lib) generated 3 warnings
warning: field `panic` is never read
  --> crates/kasumi-engine/src/security_audit_jobs.rs:52:9
   |
48 | pub(super) struct RecordFault {
   |                   ----------- field in this struct
...
52 |     pub panic: bool,
   |         ^^^^^

error: called `ok().expect()` on a `Result` value
   --> crates/kasumi-engine/src/admission/source_publication_allocation_tests.rs:112:9
    |
112 | /         self.0
113 | |             .take()
114 | |             .unwrap()
115 | |             .join()
116 | |             .ok()
117 | |             .expect("retirement worker failed")
    | |_______________________________________________^
    |
    = help: for further information visit https://rust-lang.github.io/rust-clippy/rust-1.97.0/index.html#ok_expect
    = note: `-D clippy::ok-expect` implied by `-D clippy::all`
    = help: to override `-D clippy::all` add `#[allow(clippy::ok_expect)]`
help: call `expect()` directly on the `Result`
    |
115 -             .join()
116 -             .ok()
117 -             .expect("retirement worker failed")
115 +             .join().expect("retirement worker failed")
    |

error: methods called `new` usually take no `self`
  --> crates/kasumi-engine/src/primary_projection.rs:48:23
   |
48 |     pub(crate) fn new(&self) -> &Document {
   |                       ^^^^^
   |
   = help: consider choosing a less ambiguous name
   = help: for further information visit https://rust-lang.github.io/rust-clippy/rust-1.97.0/index.html#wrong_self_convention
   = note: `-D clippy::wrong-self-convention` implied by `-D clippy::all`
   = help: to override `-D clippy::all` add `#[allow(clippy::wrong_self_convention)]`

error: methods called `new` usually return `Self`
  --> crates/kasumi-engine/src/primary_projection.rs:48:5
   |
48 | /     pub(crate) fn new(&self) -> &Document {
49 | |         self.new
50 | |     }
   | |_____^
   |
   = help: for further information visit https://rust-lang.github.io/rust-clippy/rust-1.97.0/index.html#new_ret_no_self
   = note: `-D clippy::new-ret-no-self` implied by `-D clippy::all`
   = help: to override `-D clippy::all` add `#[allow(clippy::new_ret_no_self)]`

warning: `kasumi-engine` (lib test) generated 4 warnings (3 duplicates)
error: could not compile `kasumi-engine` (lib test) due to 3 previous errors; 4 warnings emitted
Runner: 207.53s; exit=101; matching=821/821
