Command: cargo test --locked -p kasumi-query --test text_runtime_allocation -- --nocapture
ISOLATED_SOURCE=/tmp/kasumi-source-cohort-validation-v1
CARGO_TARGET_DIR=/Users/takemiyamakoto/dev/kasumi/target/disk-backed-cache
   Compiling kasumi-query v0.1.0 (/private/tmp/kasumi-source-cohort-validation-v1/crates/kasumi-query)
warning: method `get` is never used
  --> crates/kasumi-query/src/text_runtime_slot.rs:25:8
   |
19 | impl<T, W> Slot<T, W> {
   | --------------------- method in this implementation
...
25 |     fn get(&self) -> Option<Strong<T, W>> {
   |        ^^^
   |
   = note: `#[warn(dead_code)]` (part of `#[warn(unused)]`) on by default

warning: `kasumi-query` (lib) generated 1 warning
    Finished `test` profile [unoptimized + debuginfo] target(s) in 3.84s
     Running tests/text_runtime_allocation.rs (/Users/takemiyamakoto/dev/kasumi/target/disk-backed-cache/debug/deps/text_runtime_allocation-c86a997f1aa55e18)

running 1 test
embedded=47524744 requested_heap_peak=278548 requested_retained_heap=275348 admitted_total=52988594
test text_runtime_allocation_pure_preflight_real_loader_and_final_clone_release ... ok

test result: ok. 1 passed; 0 failed; 0 ignored; 0 measured; 0 filtered out; finished in 2.09s

Runner: 5.97s; exit=0; matching=1801/1801
