Command: cargo test -p kasumi-store --all-features --lib --locked --offline --config profile.test.package.kasumi-kv.opt-level=3 --config profile.test.package.sha2.opt-level=3 -- --test-threads=1 node_disk::transaction::tests:: node_file::segment_group::transaction_tests:: scratch_claim_
CARGO_TARGET_DIR=target/disk-backed-cache
   Compiling kasumi-kv v0.1.0 (/Users/takemiyamakoto/dev/kasumi/crates/kasumi-kv)
   Compiling kasumi-types v0.1.0 (/Users/takemiyamakoto/dev/kasumi/crates/kasumi-types)
   Compiling kasumi-serving v0.1.0 (/Users/takemiyamakoto/dev/kasumi/crates/kasumi-serving)
   Compiling kasumi-store v0.1.0 (/Users/takemiyamakoto/dev/kasumi/crates/kasumi-store)
error[E0502]: cannot borrow `state` as immutable because it is also borrowed as mutable
   --> crates/kasumi-store/src/node_disk/batch.rs:546:37
    |
542 |         state.accounted.try_reserve(
    |         -----           ----------- mutable borrow later used by call
    |         |
    |         mutable borrow occurs here
...
546 |                     usize::try_from(state.transaction_files)
    |                                     ^^^^^ immutable borrow occurs here

error[E0502]: cannot borrow `state` as immutable because it is also borrowed as mutable
   --> crates/kasumi-store/src/node_disk/batch.rs:553:30
    |
551 |         state.live.try_reserve(
    |         -----      ----------- mutable borrow later used by call
    |         |
    |         mutable borrow occurs here
552 |             (files as usize)
553 |                 .checked_add(state.transaction_descriptors as usize)
    |                              ^^^^^ immutable borrow occurs here

For more information about this error, try `rustc --explain E0502`.
error: could not compile `kasumi-store` (lib test) due to 2 previous errors
Runner: 20.05s; exit=101; matching=764/764
