Command: cargo test --manifest-path vendor/openraft-0.9.25/openraft/Cargo.toml --locked --offline --features serde,storage-v2 --lib storage::capacity::tests -- --test-threads=1 --nocapture
ISOLATED_SOURCE=/tmp/kasumi-source-cohort-validation-v1
CARGO_TARGET_DIR=/Users/takemiyamakoto/dev/kasumi/target/disk-backed-cache
   Compiling openraft v0.9.25 (/private/tmp/kasumi-source-cohort-validation-v1/vendor/openraft-0.9.25/openraft)
    Finished `test` profile [unoptimized + debuginfo] target(s) in 38.55s
     Running unittests src/lib.rs (/Users/takemiyamakoto/dev/kasumi/target/disk-backed-cache/debug/deps/openraft-5e17d9bd08c72f35)

running 10 tests
test storage::capacity::tests::a_reused_slots_retirement_panic_does_not_change_the_previous_obligations_outcome ... 
thread 'storage::capacity::tests::a_reused_slots_retirement_panic_does_not_change_the_previous_obligations_outcome' (24868510) panicked at openraft/src/storage/capacity/tests.rs:173:9:
Box<dyn Any>
note: run with `RUST_BACKTRACE=1` environment variable to display a backtrace
ok
test storage::capacity::tests::accepted_cancel_and_either_unknown_producer_keep_actual_tokens ... ok
test storage::capacity::tests::both_original_failures_stay_inspectable_without_retiring_obligation ... ok
test storage::capacity::tests::concurrent_real_completions_cannot_retire_twice ... ok
test storage::capacity::tests::explicit_close_returns_same_owner_while_actual_report_is_borrowed ... ok
test storage::capacity::tests::explicit_funding_close_preserves_payload_in_outer_preowned_shutdown_state ... 
thread 'storage::capacity::tests::explicit_funding_close_preserves_payload_in_outer_preowned_shutdown_state' (24868517) panicked at openraft/src/storage/capacity/tests.rs:173:9:
Box<dyn Any>
ok
test storage::capacity::tests::raw_final_drop_during_existing_unwind_never_invokes_second_funding_callback ... 
thread 'storage::capacity::tests::raw_final_drop_during_existing_unwind_never_invokes_second_funding_callback' (24868518) panicked at openraft/src/storage/capacity/tests.rs:225:9:
Box<dyn Any>
ok
test storage::capacity::tests::refused_slot_returns_the_exact_unaccepted_owner_and_prepared_cancel_releases ... ok
test storage::capacity::tests::separate_append_and_flush_success_release_once_in_either_order ... ok
test storage::capacity::tests::successful_publication_retirement_panic_keeps_actual_payload_not_consumed_token ... 
thread 'storage::capacity::tests::successful_publication_retirement_panic_keeps_actual_payload_not_consumed_token' (24868521) panicked at openraft/src/storage/capacity/tests.rs:173:9:
Box<dyn Any>
ok

test result: ok. 10 passed; 0 failed; 0 ignored; 0 measured; 228 filtered out; finished in 0.00s

Runner: 38.69s; exit=0; matching=1565/1565
