Command: cargo test -p kasumi-engine --lib --all-features --locked --offline -- --nocapture primary_reclaimer_registry_ primary_cache_actual_same_core_ document_pool::tests:: primary_refill_session_ collection_protection admission::text_runtime::
ISOLATED_SOURCE=/tmp/kasumi-source-cohort-validation-v1
CARGO_TARGET_DIR=/Users/takemiyamakoto/dev/kasumi/target/disk-backed-cache
warning: method `last_sm_seq` is never used
  --> vendor/openraft-0.9.25/openraft/src/engine/engine_output.rs:35:19
   |
24 | / impl<C> EngineOutput<C>
25 | | where
26 | |     C: RaftTypeConfig,
   | |______________________- method in this implementation
...
35 |       pub(crate) fn last_sm_seq(&self) -> CommandSeq {
   |                     ^^^^^^^^^^^
   |
   = note: `#[warn(dead_code)]` (part of `#[warn(unused)]`) on by default

warning: method `accept_vote` is never used
  --> vendor/openraft-0.9.25/openraft/src/engine/handler/vote_handler/mod.rs:58:19
   |
45 | / impl<C> VoteHandler<'_, C>
46 | | where
47 | |     C: RaftTypeConfig,
   | |______________________- method in this implementation
...
58 |       pub(crate) fn accept_vote<T, E, F>(
   |                     ^^^^^^^^^^^

warning: field `database` is never read
  --> crates/kasumi-store/src/storage_opening/publication.rs:59:5
   |
56 | struct PublicationRequest {
   |        ------------------ field in this struct
...
59 |     database: StorageRegistration<DatabaseOwner>,
   |     ^^^^^^^^
   |
   = note: `#[warn(dead_code)]` (part of `#[warn(unused)]`) on by default

warning: `openraft` (lib) generated 2 warnings
warning: `kasumi-store` (lib) generated 1 warning
warning: field `0` is never read
  --> crates/kasumi-raft/src/owned_prepared_restore.rs:25:33
   |
25 | struct CandidateRetirementPanic(std::sync::Mutex<Box<dyn std::any::Any + Send>>);
   |        ------------------------ ^^^^^^^^^^^^^^^^^^^^^^^^^^^^^^^^^^^^^^^^^^^^^^^
   |        |
   |        field in this struct
   |
   = help: consider removing this field
   = note: `#[warn(dead_code)]` (part of `#[warn(unused)]`) on by default

warning: method `prepared_snapshot_publication` is never used
   --> crates/kasumi-raft/src/custody_machine.rs:235:19
    |
135 | impl CustodyMachine {
    | ------------------- method in this implementation
...
235 |     pub(crate) fn prepared_snapshot_publication(
    |                   ^^^^^^^^^^^^^^^^^^^^^^^^^^^^^

warning: method `publish` is never used
   --> crates/kasumi-raft/src/custody_snapshot_preparation.rs:298:19
    |
188 | impl PreparedCustodySnapshotPublication {
    | --------------------------------------- method in this implementation
...
298 |     pub(crate) fn publish(&mut self, control: &OwnedControlGuard) -> Result<()> {
    |                   ^^^^^^^

warning: field `0` is never read
   --> crates/kasumi-raft/src/custody_snapshot_preparation.rs:382:32
    |
382 | struct SnapshotRetirementPanic(std::sync::Mutex<Box<dyn std::any::Any + Send>>);
    |        ----------------------- ^^^^^^^^^^^^^^^^^^^^^^^^^^^^^^^^^^^^^^^^^^^^^^^
    |        |
    |        field in this struct
    |
    = help: consider removing this field

warning: field `0` is never read
   --> crates/kasumi-raft/src/lifetime.rs:249:17
    |
249 |     Application(StorageHandle<kasumi_store::TenantStorageSet>),
    |     ----------- ^^^^^^^^^^^^^^^^^^^^^^^^^^^^^^^^^^^^^^^^^^^^^
    |     |
    |     field in this variant
    |
help: consider changing the field to be of unit type to suppress this warning while preserving the field numbering, or remove the field
    |
249 -     Application(StorageHandle<kasumi_store::TenantStorageSet>),
249 +     Application(()),
    |

warning: field `0` is never read
   --> crates/kasumi-raft/src/lifetime.rs:250:13
    |
250 |     Custody(StorageHandle<kasumi_store::CustodyStore>),
    |     ------- ^^^^^^^^^^^^^^^^^^^^^^^^^^^^^^^^^^^^^^^^^
    |     |
    |     field in this variant
    |
help: consider changing the field to be of unit type to suppress this warning while preserving the field numbering, or remove the field
    |
250 -     Custody(StorageHandle<kasumi_store::CustodyStore>),
250 +     Custody(()),
    |

warning: associated function `new` is never used
  --> crates/kasumi-raft/src/snapshot_buffer/prepared_child.rs:84:8
   |
83 | impl PreparedChild {
   | ------------------ associated function in this implementation
84 |     fn new(body: PreparedSnapshotBody) -> Self {
   |        ^^^

warning: field `0` is never read
   --> crates/kasumi-raft/src/snapshot_buffer/prepared_child.rs:307:19
    |
307 | struct ChildPanic(Mutex<Box<dyn std::any::Any + Send>>);
    |        ---------- ^^^^^^^^^^^^^^^^^^^^^^^^^^^^^^^^^^^^
    |        |
    |        field in this struct
    |
    = help: consider removing this field

warning: methods `begin_prepared_body` and `cancel_body` are never used
   --> crates/kasumi-raft/src/snapshot_buffer/prepared_child.rs:406:19
    |
320 | impl SnapshotBuffer {
    | ------------------- methods in this implementation
...
406 |     pub(crate) fn begin_prepared_body(
    |                   ^^^^^^^^^^^^^^^^^^^
...
470 |     pub(crate) async fn cancel_body(&mut self) -> DrainResult {
    |                         ^^^^^^^^^^^

warning: method `prepare_engine_publication` is never used
    --> crates/kasumi-raft/src/storage.rs:1121:19
     |
1083 | impl PendingSnapshot {
     | -------------------- method in this implementation
...
1121 |     pub(crate) fn prepare_engine_publication<'backend>(
     |                   ^^^^^^^^^^^^^^^^^^^^^^^^^^

warning: enum `SnapshotPublicationPhase` is never used
    --> crates/kasumi-raft/src/storage.rs:1175:6
     |
1175 | enum SnapshotPublicationPhase {
     |      ^^^^^^^^^^^^^^^^^^^^^^^^

warning: struct `PreparedEngineSnapshotPublication` is never constructed
    --> crates/kasumi-raft/src/storage.rs:1181:19
     |
1181 | pub(crate) struct PreparedEngineSnapshotPublication<'backend> {
     |                   ^^^^^^^^^^^^^^^^^^^^^^^^^^^^^^^^^

warning: methods `source` and `publish` are never used
    --> crates/kasumi-raft/src/storage.rs:1191:19
     |
1190 | impl PreparedEngineSnapshotPublication<'_> {
     | ------------------------------------------ methods in this implementation
1191 |     pub(crate) fn source(&self) -> &crate::PreparedSnapshotSourceEnvelope {
     |                   ^^^^^^
...
1194 |     pub(crate) fn publish(&mut self, domains: &TenantStorageSet) -> Result<()> {
     |                   ^^^^^^^

warning: method `context` is never used
   --> crates/kasumi-raft/src/storage/snapshot_conflict.rs:403:19
    |
134 | impl PreparedSnapshotConflict {
    | ----------------------------- method in this implementation
...
403 |     pub(crate) fn context(&self) -> &SnapshotAcceptanceContext<u64> {
    |                   ^^^^^^^

warning: method `source` is never used
   --> crates/kasumi-raft/src/storage/owned_snapshot_body.rs:328:19
    |
 59 | impl PreparedApplicationSnapshot {
    | -------------------------------- method in this implementation
...
328 |     pub(crate) fn source(&self) -> Option<&crate::PreparedSnapshotSourceEnvelope> {
    |                   ^^^^^^

warning: field `0` is never read
   --> crates/kasumi-raft/src/storage/owned_snapshot_body.rs:770:32
    |
770 | struct SnapshotRetirementPanic(std::sync::Mutex<Box<dyn std::any::Any + Send>>);
    |        ----------------------- ^^^^^^^^^^^^^^^^^^^^^^^^^^^^^^^^^^^^^^^^^^^^^^^
    |        |
    |        field in this struct
    |
    = help: consider removing this field

warning: methods `log` and `expected` are never used
   --> crates/kasumi-raft/src/storage/snapshot_seed.rs:461:19
    |
132 | impl SnapshotSeed {
    | ----------------- methods in this implementation
...
461 |     pub(crate) fn log(&self) -> &LogStore {
    |                   ^^^
...
464 |     pub(crate) fn expected(&self) -> &SnapshotMeta<u64, BasicNode> {
    |                   ^^^^^^^^

warning: method `get` is never used
  --> crates/kasumi-query/src/text_runtime_slot.rs:25:8
   |
19 | impl<T, W> Slot<T, W> {
   | --------------------- method in this implementation
...
25 |     fn get(&self) -> Option<Strong<T, W>> {
   |        ^^^
   |
   = note: `#[warn(dead_code)]` (part of `#[warn(unused)]`) on by default

warning: `kasumi-raft` (lib) generated 17 warnings
warning: `kasumi-query` (lib) generated 1 warning
warning: unused import: `PublicationStamp`
    --> crates/kasumi-engine/src/application_sources.rs:2678:36
     |
2678 | pub(crate) use cache_publication::{PublicationStamp, PublicationWake};
     |                                    ^^^^^^^^^^^^^^^^
     |
     = note: `#[warn(unused_imports)]` (part of `#[warn(unused)]`) on by default

warning: methods `prepare` and `prepare_kind` are never used
   --> crates/kasumi-engine/src/application_sources.rs:763:19
    |
655 | impl SourceRootsRef {
    | ------------------- methods in this implementation
...
763 |     pub(crate) fn prepare(&self) -> Result<RootPreparation> {
    |                   ^^^^^^^
...
802 |     fn prepare_kind(&self, canonical: bool) -> Result<RootPreparation> {
    |        ^^^^^^^^^^^^
    |
    = note: `#[warn(dead_code)]` (part of `#[warn(unused)]`) on by default

warning: method `cache_publication_after` is never used
   --> crates/kasumi-engine/src/cache_publication_events.rs:111:25
    |
 45 | impl SourceRootsRef {
    | ------------------- method in this implementation
...
111 |     pub(crate) async fn cache_publication_after(
    |                         ^^^^^^^^^^^^^^^^^^^^^^^

warning: field `idle_text_runtime` is never read
    --> crates/kasumi-engine/src/admission.rs:1090:5
     |
1086 | pub struct NodeAdmission {
     |            ------------- field in this struct
...
1090 |     idle_text_runtime: text_runtime::IdleCache,
     |     ^^^^^^^^^^^^^^^^^

warning: method `require_governor` is never used
    --> crates/kasumi-engine/src/admission.rs:1411:19
     |
1408 | impl Reservation {
     | ---------------- method in this implementation
...
1411 |     pub(crate) fn require_governor(&self, node: &Arc<NodeAdmission>) -> Result<()> {
     |                   ^^^^^^^^^^^^^^^^

warning: struct `CacheHeadroom` is never constructed
    --> crates/kasumi-engine/src/admission.rs:2578:19
     |
2578 | pub(crate) struct CacheHeadroom {
     |                   ^^^^^^^^^^^^^

warning: method `improves` is never used
    --> crates/kasumi-engine/src/admission.rs:2586:19
     |
2585 | impl CacheHeadroom {
     | ------------------ method in this implementation
2586 |     pub(crate) fn improves(self, prior: Self) -> bool {
     |                   ^^^^^^^^

warning: methods `cache_retention_ceiling_bytes`, `cache_headroom`, and `cache_relief_after` are never used
    --> crates/kasumi-engine/src/admission.rs:2598:19
     |
2594 | impl MemoryCore {
     | --------------- methods in this implementation
...
2598 |     pub(crate) fn cache_retention_ceiling_bytes(&self) -> u64 {
     |                   ^^^^^^^^^^^^^^^^^^^^^^^^^^^^^
...
2607 |     pub(crate) fn cache_headroom(&self) -> CacheHeadroom {
     |                   ^^^^^^^^^^^^^^
...
2652 |     pub(crate) async fn cache_relief_after(&self, prior: CacheHeadroom) -> CacheHeadroom {
     |                         ^^^^^^^^^^^^^^^^^^

warning: trait `ExistingGrantOperation` is never used
   --> crates/kasumi-engine/src/admission/snapshot_work.rs:122:18
    |
122 | pub(crate) trait ExistingGrantOperation: SnapshotOperation {
    |                  ^^^^^^^^^^^^^^^^^^^^^^

warning: enum `SnapshotPreparationFailure` is never used
   --> crates/kasumi-engine/src/admission/snapshot_work.rs:129:17
    |
129 | pub(crate) enum SnapshotPreparationFailure {
    |                 ^^^^^^^^^^^^^^^^^^^^^^^^^^

warning: method `error` is never used
   --> crates/kasumi-engine/src/admission/snapshot_work.rs:140:19
    |
139 | impl SnapshotPreparationFailure {
    | ------------------------------- method in this implementation
140 |     pub(crate) fn error(&self) -> Option<&Error> {
    |                   ^^^^^

warning: struct `SnapshotWorkRejected` is never constructed
   --> crates/kasumi-engine/src/admission/snapshot_work.rs:149:19
    |
149 | pub(crate) struct SnapshotWorkRejected<P> {
    |                   ^^^^^^^^^^^^^^^^^^^^

warning: methods `failure`, `error`, and `into_parts` are never used
   --> crates/kasumi-engine/src/admission/snapshot_work.rs:154:19
    |
153 | impl<P> SnapshotWorkRejected<P> {
    | ------------------------------- methods in this implementation
154 |     pub(crate) fn failure(&self) -> &SnapshotPreparationFailure {
    |                   ^^^^^^^
...
157 |     pub(crate) fn error(&self) -> Option<&Error> {
    |                   ^^^^^
...
160 |     pub(crate) fn into_parts(self) -> (P, SnapshotPreparationFailure) {
    |                   ^^^^^^^^^^

warning: variants `Running`, `Ready`, and `Failed` are never constructed
   --> crates/kasumi-engine/src/admission/snapshot_work.rs:192:5
    |
190 | enum PreparationPhase {
    |      ---------------- variants in this enum
191 |     Unused,
192 |     Running(std::thread::ThreadId),
    |     ^^^^^^^
193 |     Ready,
    |     ^^^^^
194 |     Failed,
    |     ^^^^^^
    |
    = note: `PreparationPhase` has a derived impl for the trait `Clone`, but this is intentionally ignored during dead code analysis

warning: method `prepare_inputs` is never used
   --> crates/kasumi-engine/src/admission/snapshot_work.rs:471:8
    |
455 | impl<O: SnapshotOperation> Owner<O> {
    | ----------------------------------- method in this implementation
...
471 |     fn prepare_inputs(&self)
    |        ^^^^^^^^^^^^^^

warning: methods `require_memory` and `wait_ready` are never used
   --> crates/kasumi-engine/src/admission/snapshot_work.rs:904:19
    |
903 | impl SnapshotWorkReport {
    | ----------------------- methods in this implementation
904 |     pub(crate) fn require_memory(&self, core: &Arc<MemoryCore>) -> Result<()> {
    |                   ^^^^^^^^^^^^^^
...
924 |     pub(crate) async fn wait_ready(&self) {
    |                         ^^^^^^^^^^

warning: method `prepare_snapshot_work_from_existing` is never used
    --> crates/kasumi-engine/src/admission/snapshot_work.rs:1105:19
     |
1096 | impl NodeAdmission {
     | ------------------ method in this implementation
...
1105 |     pub(crate) fn prepare_snapshot_work_from_existing<O: ExistingGrantOperation>(
     |                   ^^^^^^^^^^^^^^^^^^^^^^^^^^^^^^^^^^^

warning: trait `ScopedSnapshotOperation` is never used
  --> crates/kasumi-engine/src/admission/snapshot_work_scope.rs:10:18
   |
10 | pub(crate) trait ScopedSnapshotOperation: ExistingGrantOperation {
   |                  ^^^^^^^^^^^^^^^^^^^^^^^

warning: trait `ProspectiveSnapshotOperation` is never used
  --> crates/kasumi-engine/src/admission/snapshot_work_scope.rs:18:18
   |
18 | pub(crate) trait ProspectiveSnapshotOperation: ScopedSnapshotOperation {
   |                  ^^^^^^^^^^^^^^^^^^^^^^^^^^^^

warning: variants `Preparing` and `Work` are never constructed
  --> crates/kasumi-engine/src/admission/snapshot_work_scope.rs:24:5
   |
22 | enum Slot {
   |      ---- variants in this enum
23 |     Empty,
24 |     Preparing {
   |     ^^^^^^^^^
...
28 |     Work(SnapshotWorkReport),
   |     ^^^^

warning: field `next` is never read
  --> crates/kasumi-engine/src/admission/snapshot_work_scope.rs:32:5
   |
30 | struct State {
   |        ----- field in this struct
31 |     sealed: bool,
32 |     next: u64,
   |     ^^^^

warning: field `admission` is never read
  --> crates/kasumi-engine/src/admission/snapshot_work_scope.rs:43:5
   |
40 | struct Inner {
   |        ----- field in this struct
...
43 |     admission: Arc<NodeAdmission>,
   |     ^^^^^^^^^

warning: struct `Preparation` is never constructed
  --> crates/kasumi-engine/src/admission/snapshot_work_scope.rs:46:8
   |
46 | struct Preparation<'a> {
   |        ^^^^^^^^^^^

warning: multiple methods are never used
   --> crates/kasumi-engine/src/admission/snapshot_work_scope.rs:136:8
    |
 81 | impl SnapshotWorkScope {
    | ---------------------- methods in this implementation
...
136 |     fn begin(&self) -> Result<Preparation<'_>> {
    |        ^^^^^
...
169 |     pub(crate) fn prepare<O: ScopedSnapshotOperation>(
    |                   ^^^^^^^
...
221 |     pub(crate) fn prepare_prospective<O: ProspectiveSnapshotOperation>(
    |                   ^^^^^^^^^^^^^^^^^^^
...
229 |     pub(crate) fn require_open_memory(&self, core: &Arc<MemoryCore>) -> Result<()> {
    |                   ^^^^^^^^^^^^^^^^^^^
...
247 |     pub(crate) async fn when_sealed(&self) {
    |                         ^^^^^^^^^^^
...
290 |     pub(crate) fn take_completed(&self, report: &SnapshotWorkReport) -> Result<SnapshotWorkReport> {
    |                   ^^^^^^^^^^^^^^
...
321 |     pub(crate) fn visit(&self, mut visit: impl FnMut(SnapshotWorkId, SnapshotObservation<'_>)) {
    |                   ^^^^^

warning: variants `Preparing` and `Failed` are never constructed
  --> crates/kasumi-engine/src/admission/text_runtime.rs:25:5
   |
23 | enum Phase {
   |      ----- variants in this enum
24 |     Idle,
25 |     Preparing,
   |     ^^^^^^^^^
26 |     Failed,
   |     ^^^^^^
   |
   = note: `Phase` has a derived impl for the trait `Clone`, but this is intentionally ignored during dead code analysis

warning: fields `slot`, `phase`, `serial`, `next`, `thread`, and `report` are never read
  --> crates/kasumi-engine/src/admission/text_runtime.rs:29:5
   |
28 | struct RegistryState {
   |        ------------- fields in this struct
29 |     slot: TextRuntimeSlot<Reservation>,
   |     ^^^^
30 |     idle: idle::Slot,
31 |     phase: Phase,
   |     ^^^^^
32 |     serial: u64,
   |     ^^^^^^
33 |     next: u64,
   |     ^^^^
34 |     thread: Option<std::thread::ThreadId>,
   |     ^^^^^^
...
37 |     report: Option<SnapshotWorkReport>,
   |     ^^^^^^

warning: field `changed` is never read
  --> crates/kasumi-engine/src/admission/text_runtime.rs:41:5
   |
39 | pub(super) struct Registry {
   |                   -------- field in this struct
40 |     state: Mutex<RegistryState>,
41 |     changed: tokio::sync::Notify,
   |     ^^^^^^^

warning: method `fail` is never used
  --> crates/kasumi-engine/src/admission/text_runtime.rs:69:8
   |
43 | impl Registry {
   | ------------- method in this implementation
...
69 |     fn fail(&self, serial: u64) {
   |        ^^^^

warning: struct `Ticket` is never constructed
  --> crates/kasumi-engine/src/admission/text_runtime.rs:81:8
   |
81 | struct Ticket {
   |        ^^^^^^

warning: methods `entered`, `failed`, and `publish` are never used
   --> crates/kasumi-engine/src/admission/text_runtime.rs:87:8
    |
 86 | impl Ticket {
    | ----------- methods in this implementation
 87 |     fn entered(&self) {
    |        ^^^^^^^
...
101 |     fn failed(&mut self) {
    |        ^^^^^^
...
105 |     fn publish(&mut self, runtime: &Runtime, idle: &IdleCache) -> Result<()> {
    |        ^^^^^^^

warning: function `require_operation_grant` is never used
   --> crates/kasumi-engine/src/admission/text_runtime.rs:182:4
    |
182 | fn require_operation_grant(grant: &Reservation, core: &Arc<MemoryCore>) -> Result<()> {
    |    ^^^^^^^^^^^^^^^^^^^^^^^

warning: function `require_runtime` is never used
   --> crates/kasumi-engine/src/admission/text_runtime.rs:211:4
    |
211 | fn require_runtime(runtime: &Runtime, core: &Arc<MemoryCore>) -> Result<()> {
    |    ^^^^^^^^^^^^^^^

warning: enum `Acquisition` is never used
   --> crates/kasumi-engine/src/admission/text_runtime.rs:218:17
    |
218 | pub(crate) enum Acquisition {
    |                 ^^^^^^^^^^^

warning: enum `RequestFailure` is never used
   --> crates/kasumi-engine/src/admission/text_runtime.rs:224:17
    |
224 | pub(crate) enum RequestFailure {
    |                 ^^^^^^^^^^^^^^

warning: methods `preparation_failure` and `visit_diagnostics` are never used
   --> crates/kasumi-engine/src/admission/text_runtime.rs:229:19
    |
228 | impl RequestFailure {
    | ------------------- methods in this implementation
229 |     pub(crate) fn preparation_failure(&self) -> Option<&snapshot_work::SnapshotPreparationFailure> {
    |                   ^^^^^^^^^^^^^^^^^^^
...
235 |     pub(crate) fn visit_diagnostics(&self, visit: &mut dyn FnMut(&(dyn StdError + 'static))) {
    |                   ^^^^^^^^^^^^^^^^^

warning: struct `Wait` is never constructed
   --> crates/kasumi-engine/src/admission/text_runtime.rs:256:19
    |
256 | pub(crate) struct Wait {
    |                   ^^^^

warning: method `changed` is never used
   --> crates/kasumi-engine/src/admission/text_runtime.rs:264:25
    |
260 | impl Wait {
    | --------- method in this implementation
...
264 |     pub(crate) async fn changed(&self, scope: &SnapshotWorkScope) -> Result<()> {
    |                         ^^^^^^^

warning: struct `Plan` is never constructed
   --> crates/kasumi-engine/src/admission/text_runtime.rs:312:19
    |
312 | pub(crate) struct Plan {
    |                   ^^^^

warning: struct `Initialize` is never constructed
   --> crates/kasumi-engine/src/admission/text_runtime.rs:319:19
    |
319 | pub(crate) struct Initialize {
    |                   ^^^^^^^^^^

warning: enum `Failure` is never used
   --> crates/kasumi-engine/src/admission/text_runtime.rs:329:17
    |
329 | pub(crate) enum Failure {
    |                 ^^^^^^^

warning: struct `FailureWake` is never constructed
   --> crates/kasumi-engine/src/admission/text_runtime.rs:338:8
    |
338 | struct FailureWake {
    |        ^^^^^^^^^^^

warning: methods `request_text_runtime` and `request_text_runtime_inner` are never used
   --> crates/kasumi-engine/src/admission/text_runtime.rs:471:19
    |
470 | impl NodeAdmission {
    | ------------------ methods in this implementation
471 |     pub(crate) fn request_text_runtime(
    |                   ^^^^^^^^^^^^^^^^^^^^
...
483 |     fn request_text_runtime_inner(
    |        ^^^^^^^^^^^^^^^^^^^^^^^^^^

warning: methods `text_runtime_report` and `acknowledge_text_runtime_failure` are never used
   --> crates/kasumi-engine/src/admission/text_runtime.rs:621:19
    |
620 | impl MemoryCore {
    | --------------- methods in this implementation
621 |     pub(crate) fn text_runtime_report(&self) -> Option<SnapshotWorkReport> {
    |                   ^^^^^^^^^^^^^^^^^^^
...
631 |     pub(crate) fn acknowledge_text_runtime_failure(
    |                   ^^^^^^^^^^^^^^^^^^^^^^^^^^^^^^^^

warning: methods `retain_hit` and `retain_charged` are never used
   --> crates/kasumi-engine/src/admission/text_runtime_idle.rs:168:19
    |
104 | impl Cache {
    | ---------- methods in this implementation
...
168 |     pub(super) fn retain_hit(&self, runtime: &Runtime, core: &Arc<MemoryCore>) -> Result<()> {
    |                   ^^^^^^^^^^
...
183 |     pub(super) fn retain_charged(
    |                   ^^^^^^^^^^^^^^

warning: method `cache_capacity_after` is never used
  --> crates/kasumi-engine/src/admission/budget_events.rs:90:25
   |
 5 | impl MemoryCore {
   | --------------- method in this implementation
...
90 |     pub(crate) async fn cache_capacity_after(&self, prior: CacheHeadroom) -> CacheHeadroom {
   |                         ^^^^^^^^^^^^^^^^^^^^

warning: struct `CacheResidencyBounds` is never constructed
   --> crates/kasumi-engine/src/admission/budget_events.rs:116:19
    |
116 | pub(crate) struct CacheResidencyBounds {
    |                   ^^^^^^^^^^^^^^^^^^^^

warning: method `with_cache_residency_bounds` is never used
   --> crates/kasumi-engine/src/admission/budget_events.rs:123:19
    |
122 | impl MemoryCore {
    | --------------- method in this implementation
123 |     pub(crate) fn with_cache_residency_bounds<T>(
    |                   ^^^^^^^^^^^^^^^^^^^^^^^^^^^

warning: `kasumi-engine` (lib) generated 47 warnings (run `cargo fix --lib -p kasumi-engine` to apply 1 suggestion)
   Compiling kasumi-engine v0.1.0 (/private/tmp/kasumi-source-cohort-validation-v1/crates/kasumi-engine)
warning: unused import: `Retire`
  --> crates/kasumi-engine/src/primary_stage_cow.rs:12:78
   |
12 | use records::{CatalogEntry, CatalogId, CatalogMember, Manifest, ManifestRef, Retire, Root};
   |                                                                              ^^^^^^
   |
   = note: `#[warn(unused_imports)]` (part of `#[warn(unused)]`) on by default

warning: unused imports: `EditedCollection`, `OrderedEditFailure`, `PrimaryPublicationInventory`, and `VerifiedOrderedEdits`
   --> crates/kasumi-engine/src/primary_stage_cow.rs:463:5
    |
463 |     EditedCollection, OrderedEditFailure, PendingOrderedEdits, PrimaryPublicationInventory,
    |     ^^^^^^^^^^^^^^^^  ^^^^^^^^^^^^^^^^^^                       ^^^^^^^^^^^^^^^^^^^^^^^^^^^
464 |     VerifiedOrderedEdits,
    |     ^^^^^^^^^^^^^^^^^^^^

warning: unused import: `QueryWorkspace`
   --> crates/kasumi-engine/src/query_source_work.rs:235:37
    |
235 |     use kasumi_query::{QueryMemory, QueryWorkspace};
    |                                     ^^^^^^^^^^^^^^

warning: unused import: `stage::index as staged`
 --> crates/kasumi-engine/src/primary_stage_index_span_tests.rs:7:5
  |
7 |     stage::index as staged,
  |     ^^^^^^^^^^^^^^^^^^^^^^

warning: unused import: `AcceptedPublicationInventory`
   --> crates/kasumi-engine/src/primary_projection.rs:208:5
    |
208 |     AcceptedPublicationInventory, CollectionAction, CollectionPublication, DocumentChange,
    |     ^^^^^^^^^^^^^^^^^^^^^^^^^^^^

warning: unused import: `AcceptedIndexEdits`
   --> crates/kasumi-engine/src/primary_projection.rs:212:5
    |
212 |     AcceptedIndexEdits, FieldSlot, IndexChange, IndexInputFailure, IndexOperation, IndexRole,
    |     ^^^^^^^^^^^^^^^^^^

warning: unused import: `AcceptedTextSnapshot`
   --> crates/kasumi-engine/src/primary_projection.rs:218:29
    |
218 |     AcceptedFullCollection, AcceptedTextSnapshot, FullCollectionKind,
    |                             ^^^^^^^^^^^^^^^^^^^^

warning: field `grant` is never read
  --> crates/kasumi-engine/src/primary_stage_collection.rs:27:16
   |
13 | pub(crate) struct AcceptedPrimaryDraft {
   |                   -------------------- field in this struct
...
27 |     pub(super) grant: Reservation,
   |                ^^^^^
   |
   = note: `#[warn(dead_code)]` (part of `#[warn(unused)]`) on by default

warning: method `check_draft_graph` is never used
   --> crates/kasumi-engine/src/primary_stage_collection_verify.rs:328:19
    |
323 | impl PrimaryStage<'_, '_> {
    | ------------------------- method in this implementation
...
328 |     pub(crate) fn check_draft_graph(
    |                   ^^^^^^^^^^^^^^^^^

warning: field `owner` is never read
  --> crates/kasumi-engine/src/primary_stage_baseline_capture.rs:18:5
   |
16 | pub(crate) struct BaselineCaptureFailure {
   |                   ---------------------- field in this struct
17 |     original: anyhow::Error,
18 |     owner: PreparedBaselineCapture,
   |     ^^^^^

warning: methods `original`, `retire`, and `visit_diagnostics` are never used
  --> crates/kasumi-engine/src/primary_stage_baseline_capture.rs:28:19
   |
27 | impl BaselineCaptureFailure {
   | --------------------------- methods in this implementation
28 |     pub(crate) fn original(&self) -> &anyhow::Error {
   |                   ^^^^^^^^
...
31 |     pub(crate) fn retire(&mut self) -> Result<kasumi_types::drain::DrainCompletion> {
   |                   ^^^^^^
...
34 |     pub(crate) fn visit_diagnostics(
   |                   ^^^^^^^^^^^^^^^^^

warning: methods `visit_diagnostics` and `retire` are never used
   --> crates/kasumi-engine/src/primary_stage_baseline_capture.rs:98:19
    |
 61 | impl PreparedBaselineCapture {
    | ---------------------------- methods in this implementation
...
 98 |     pub(crate) fn visit_diagnostics(
    |                   ^^^^^^^^^^^^^^^^^
...
106 |     pub(crate) fn retire(&mut self) -> Result<kasumi_types::drain::DrainCompletion> {
    |                   ^^^^^^

warning: method `proposed` is never used
  --> crates/kasumi-engine/src/primary_stage_ordered.rs:54:19
   |
38 | impl EditedCollection {
   | --------------------- method in this implementation
...
54 |     pub(crate) fn proposed(&self) -> Option<(Manifest, ManifestRef)> {
   |                   ^^^^^^^^

warning: field `resources` is never read
   --> crates/kasumi-engine/src/primary_stage_ordered.rs:146:5
    |
144 | pub(crate) struct OrderedEditFailure<'guard, 'engine> {
    |                   ------------------ field in this struct
145 |     original: anyhow::Error,
146 |     resources: OrderedResources<'guard, 'engine>,
    |     ^^^^^^^^^

warning: associated function `bind_index_baseline_prepared` is never used
   --> crates/kasumi-engine/src/primary_stage_index_baseline.rs:118:19
    |
106 | impl<'guard, 'engine> PrimaryStage<'guard, 'engine> {
    | --------------------------------------------------- associated function in this implementation
...
118 |     pub(crate) fn bind_index_baseline_prepared(
    |                   ^^^^^^^^^^^^^^^^^^^^^^^^^^^^

warning: field `grant` is never read
  --> crates/kasumi-engine/src/primary_stage_index_rebuild.rs:72:16
   |
62 | pub(super) struct Parts {
   |                   ----- field in this struct
...
72 |     pub(super) grant: Reservation,
   |                ^^^^^

warning: field `grant` is never read
  --> crates/kasumi-engine/src/primary_stage_index_text_import.rs:51:5
   |
47 | struct Work {
   |        ---- field in this struct
...
51 |     grant: Reservation,
   |     ^^^^^

warning: method `reader` is never used
   --> crates/kasumi-engine/src/primary_stage_index_text_journal.rs:742:19
    |
731 | impl UnverifiedJournalSegment {
    | ----------------------------- method in this implementation
...
742 |     pub(crate) fn reader(&self) -> Result<&SegmentReader> {
    |                   ^^^^^^

warning: field `owner` is never read
   --> crates/kasumi-engine/src/primary_stage_index_text_journal.rs:808:5
    |
806 | struct OpenFailure {
    |        ----------- field in this struct
807 |     original: anyhow::Error,
808 |     owner: Mutex<UnverifiedJournalSegment>,
    |     ^^^^^

warning: function `close_failed_open` is never used
   --> crates/kasumi-engine/src/primary_stage_index_text_journal.rs:827:15
    |
827 | pub(crate) fn close_failed_open(error: &anyhow::Error) -> Result<bool> {
    |               ^^^^^^^^^^^^^^^^^

warning: field `grant` is never read
  --> crates/kasumi-engine/src/primary_stage_index_text_producer.rs:57:16
   |
48 | pub(super) struct TextParts {
   |                   --------- field in this struct
...
57 |     pub(super) grant: Reservation,
   |                ^^^^^

warning: method `visit_diagnostics` is never used
  --> crates/kasumi-engine/src/primary_stage_prepared_old.rs:91:19
   |
16 | impl PreparedPrimaryOld {
   | ----------------------- method in this implementation
...
91 |     pub(crate) fn visit_diagnostics(
   |                   ^^^^^^^^^^^^^^^^^

warning: method `request_cache_refill` is never used
  --> crates/kasumi-engine/src/primary_cache_warm.rs:45:19
   |
30 | impl SelectedPrimary {
   | -------------------- method in this implementation
...
45 |     pub(crate) fn request_cache_refill(self) -> std::result::Result<Self, ReadFailure> {
   |                   ^^^^^^^^^^^^^^^^^^^^

warning: method `request_cache_refill` is never used
   --> crates/kasumi-engine/src/primary_document_source.rs:177:19
    |
 88 | impl PrimaryDocumentSource {
    | -------------------------- method in this implementation
...
177 |     pub(crate) fn request_cache_refill(&self) -> ReadResult<(), ReadFailure> {
    |                   ^^^^^^^^^^^^^^^^^^^^

warning: field `plan` is never read
   --> crates/kasumi-engine/src/admission/text_runtime.rs:225:15
    |
225 |     Refused { plan: Plan, original: Error },
    |     -------   ^^^^
    |     |
    |     field in this variant

warning: method `preparation_failure` is never used
   --> crates/kasumi-engine/src/admission/text_runtime.rs:229:19
    |
228 | impl RequestFailure {
    | ------------------- method in this implementation
229 |     pub(crate) fn preparation_failure(&self) -> Option<&snapshot_work::SnapshotPreparationFailure> {
    |                   ^^^^^^^^^^^^^^^^^^^

warning: method `prepare_primary_document_source` is never used
    --> crates/kasumi-engine/src/service.rs:3198:8
     |
3194 | impl Database {
     | ------------- method in this implementation
...
3198 |     fn prepare_primary_document_source(
     |        ^^^^^^^^^^^^^^^^^^^^^^^^^^^^^^^

warning: method `cache_refill_session` is never used
    --> crates/kasumi-engine/src/service.rs:3218:8
     |
3217 | impl Database {
     | ------------- method in this implementation
3218 |     fn cache_refill_session(
     |        ^^^^^^^^^^^^^^^^^^^^

warning: field `0` is never read
  --> crates/kasumi-engine/src/cache_refill_session.rs:31:12
   |
31 |     Source(kasumi_query::ReadFailure<ReadFailure>),
   |     ------ ^^^^^^^^^^^^^^^^^^^^^^^^^^^^^^^^^^^^^^
   |     |
   |     field in this variant
   |
help: consider changing the field to be of unit type to suppress this warning while preserving the field numbering, or remove the field
   |
31 -     Source(kasumi_query::ReadFailure<ReadFailure>),
31 +     Source(()),
   |

warning: field `0` is never read
  --> crates/kasumi-engine/src/cache_refill_session.rs:32:14
   |
32 |     Rejected(SnapshotWorkRejected<Plan>),
   |     -------- ^^^^^^^^^^^^^^^^^^^^^^^^^^
   |     |
   |     field in this variant
   |
help: consider changing the field to be of unit type to suppress this warning while preserving the field numbering, or remove the field
   |
32 -     Rejected(SnapshotWorkRejected<Plan>),
32 +     Rejected(()),
   |

warning: field `original` is never read
  --> crates/kasumi-engine/src/cache_refill_session.rs:35:9
   |
34 |     Start {
   |     ----- field in this variant
35 |         original: Error,
   |         ^^^^^^^^

warning: method `run` is never used
   --> crates/kasumi-engine/src/cache_refill_session.rs:243:25
    |
 79 | impl<'a> Session<'a> {
    | -------------------- method in this implementation
...
243 |     pub(crate) async fn run(&mut self) -> std::result::Result<(), Failure> {
    |                         ^^^

warning: struct `AcceptedTextSnapshot` is never constructed
   --> crates/kasumi-engine/src/primary_full_collection_input.rs:103:19
    |
103 | pub(crate) struct AcceptedTextSnapshot<'full, 'input, 'generation> {
    |                   ^^^^^^^^^^^^^^^^^^^^

warning: method `baseline_text_snapshot` is never used
   --> crates/kasumi-engine/src/primary_full_collection_input.rs:109:19
    |
108 | impl<'input, 'generation> AcceptedFullCollection<'input, 'generation> {
    | --------------------------------------------------------------------- method in this implementation
109 |     pub(crate) fn baseline_text_snapshot<'full>(
    |                   ^^^^^^^^^^^^^^^^^^^^^^

warning: methods `require_authority`, `input`, `name`, `definition`, `data_epoch`, and `physical` are never used
   --> crates/kasumi-engine/src/primary_full_collection_input.rs:133:19
    |
132 | impl<'full, 'input, 'generation> AcceptedTextSnapshot<'full, 'input, 'generation> {
    | --------------------------------------------------------------------------------- methods in this implementation
133 |     pub(crate) fn require_authority(
    |                   ^^^^^^^^^^^^^^^^^
...
139 |     pub(crate) fn input(&self) -> &PrimaryCandidate<'generation> {
    |                   ^^^^^
...
142 |     pub(crate) fn name(&self) -> &str {
    |                   ^^^^
...
145 |     pub(crate) fn definition(&self) -> &CollectionDefinition {
    |                   ^^^^^^^^^^
...
148 |     pub(crate) fn data_epoch(&self) -> u64 {
    |                   ^^^^^^^^^^
...
151 |     pub(crate) fn physical(&self) -> &kasumi_query::ResidentTextSnapshot<'_> {
    |                   ^^^^^^^^

warning: `kasumi-engine` (lib test) generated 35 warnings (run `cargo fix --lib -p kasumi-engine --tests` to apply 7 suggestions)
    Finished `test` profile [unoptimized + debuginfo] target(s) in 59.48s
     Running unittests src/lib.rs (/Users/takemiyamakoto/dev/kasumi/target/disk-backed-cache/debug/deps/kasumi_engine-fe8ede86cb1fd23f)

running 41 tests
test admission::cache_reclaimers::tests::primary_reclaimer_registry_uses_exact_pool_bound_and_retires_before_original_grant ... ok
test admission::text_runtime::idle::tests::memory_text_idle_constructor_quotes_shared_owner_and_preserves_exact_capacity ... ok
test admission::text_runtime::tests::memory_text_runtime_registry_attaches_same_report_after_prestart_shutdown_race ... ok
test admission::text_runtime::idle::tests::memory_text_idle_failed_upgrade_defers_actual_reservation_relief_until_unlock ... ok
test admission::text_runtime::tests::memory_text_runtime_registry_refuses_foreign_and_sealed_scope_without_preparation ... ok
test admission::text_runtime::tests::memory_text_runtime_registry_prequotes_before_loader_under_actual_budget ... ok
test admission::text_runtime::tests::memory_text_runtime_registry_broadcasts_to_every_waiter_and_seal_wakes_locally ... ok
test admission::text_runtime::tests::memory_text_runtime_registry_keeps_original_typed_failure_until_exact_acknowledgement ... ok
test application_sources::tests::primary_read_tests::collection_protection_tests::collection_protection_table_backing_is_charged_before_allocation ... ok
test admission::text_runtime::tests::memory_text_runtime_registry_reentrant_initializer_cannot_wait_on_itself ... ok
test admission::text_runtime::tests::memory_text_runtime_registry_last_drop_and_upgrade_keep_exact_live_credit ... ok
test admission::text_runtime::tests::memory_text_runtime_registry_shares_original_credit_and_releases_core ... ok
test admission::text_runtime::tests::memory_text_runtime_registry_rechecks_original_cancellation_for_idle_busy_and_ready ... ok
test admission::text_runtime::idle::tests::memory_text_idle_active_runtime_keeps_original_credit_during_pressure ... ok
test admission::text_runtime::idle::tests::memory_text_idle_stale_or_failed_sampling_keeps_already_admitted_runtime ... ok
test admission::text_runtime::idle::tests::memory_text_idle_retains_all_fitting_runtime_across_queries_and_facades ... ok

thread 'tokio-rt-worker' (30470699) panicked at crates/kasumi-engine/src/admission/text_runtime_tests.rs:317:46:
Box<dyn Any>
note: run with `RUST_BACKTRACE=1` environment variable to display a backtrace
test admission::text_runtime::tests::memory_text_runtime_registry_retains_loaded_dictionary_grant_and_original_panic_in_census ... ok
test document_pool::tests::document_pool_creation_and_growth_preserve_both_slot_floors ... ok
test document_pool::tests::document_pool_creation_preserves_work_and_protected_byte_floors ... ok
test document_pool::tests::document_pool_credit_relief_reenters_only_after_pool_unlock_and_original_restore ... ok
test document_pool::tests::document_pool_denial_and_overflow_preserve_existing_credit_and_source ... ok
test document_pool::tests::document_pool_flight_relief_reenters_only_after_original_provider_is_restored ... ok
test document_pool::tests::document_pool_growth_preserves_exact_work_and_protected_byte_floors ... ok
test document_pool::tests::document_pool_previous_slot_caps_remain_precise_negative_fixtures ... ok
test admission::text_runtime::idle::tests::memory_text_idle_fixed_slot_and_operation_caps_do_not_evict_fitting_bytes ... ok

thread 'document_pool::tests::document_pool_unwind_retires_private_document_and_unpublished_credit' (30470815) panicked at crates/kasumi-engine/src/document_pool_tests.rs:141:13:
failure after private document preparation

thread 'document_pool::tests::document_pool_unwind_retires_private_document_and_unpublished_credit' (30470815) panicked at crates/kasumi-engine/src/document_pool_tests.rs:152:13:
failure before document construction
test document_pool::tests::document_pool_unwind_retires_private_document_and_unpublished_credit ... ok
test document_pool::tests::document_pool_concurrent_growth_and_retirement_leave_exact_control ... ok
test document_pool::tests::document_pool_thousands_of_documents_share_one_resident_slot ... ok
test admission::text_runtime::idle::tests::memory_text_idle_stale_byte_refusal_does_not_evict_after_actual_release ... ok
test admission::text_runtime::idle::tests::memory_text_idle_actual_byte_refusal_reclaims_only_idle_credit_and_can_fill_again ... ok
test admission::text_runtime::idle::tests::memory_text_idle_actual_rss_pressure_reclaims_without_an_idle_reload_loop ... ok
test application_sources::tests::primary_read_tests::collection_protection_tests::collection_protection_reconciles_actual_budget_without_stale_or_full_fit_eviction ... ok
test application_sources::tests::primary_read_tests::collection_protection_tests::collection_protection_keeps_full_fit_and_bounds_shared_version_pressure ... ok
test application_sources::tests::primary_read_tests::collection_protection_tests::collection_protection_rejects_invalid_policy_and_never_overshoots ... ok
test application_sources::tests::primary_read_tests::primary_refill_session_dropped_entered_future_leaves_actual_source_in_database_census ... ok
test application_sources::tests::primary_read_tests::primary_refill_session_original_failure_survives_delivery_drop_in_actual_census ... ok
test application_sources::tests::primary_read_tests::primary_refill_session_exact_generation_recheck_rejects_superseded_completion ... ok
test application_sources::tests::primary_read_tests::primary_refill_session_actual_capacity_release_refills_after_finite_pressure ... ok
test application_sources::tests::primary_read_tests::primary_refill_session_initial_full_fit_idles_without_own_release_loop ... ok
test application_sources::tests::primary_read_tests::primary_cache_actual_same_core_refusals_reclaim_only_released_credit_and_retry_original ... ok
test application_sources::tests::primary_read_tests::primary_refill_session_budget_changes_and_same_cell_publication_wake_finite_passes ... ok

test result: ok. 41 passed; 0 failed; 0 ignored; 0 measured; 871 filtered out; finished in 15.44s

Runner: 74.98s; exit=0; matching=1777/1777
