Command: cargo test --locked -p kasumi-query --lib
ISOLATED_SOURCE=/tmp/kasumi-source-cohort-validation-v1
CARGO_TARGET_DIR=/Users/takemiyamakoto/dev/kasumi/target/disk-backed-cache
   Compiling kasumi-query v0.1.0 (/private/tmp/kasumi-source-cohort-validation-v1/crates/kasumi-query)
error[E0283]: type annotations needed
   --> crates/kasumi-query/src/document_id_page.rs:150:55
    |
150 |             documents: [("a".into(), Arc::new(live))].into_iter().collect(),
    |                              ----                     ^^^^^^^^^
    |                              |
    |                              type must be known at this point
    |
    = note: the type must implement `From<&str>`
    = note: required for `&str` to implement `Into<_>`
help: try using a fully qualified path to specify the expected types
    |
150 -             documents: [("a".into(), Arc::new(live))].into_iter().collect(),
150 +             documents: <[(_, std::sync::Arc<kasumi_types::Document>); 1] as IntoIterator>::into_iter([("a".into(), Arc::new(live))]).collect(),
    |

error[E0283]: type annotations needed
   --> crates/kasumi-query/src/document_id_page.rs:150:55
    |
150 |             documents: [("a".into(), Arc::new(live))].into_iter().collect(),
    |                                                       ^^^^^^^^^   ------- type must be known at this point
    |
    = note: multiple `impl`s satisfying `std::string::String: From<_>` found in the following crates: `alloc`, `email_address`, `tantivy_common`, `url`, `uuid`:
            - impl From<Box<str>> for std::string::String;
            - impl From<char> for std::string::String;
            - impl From<email_address::EmailAddress> for std::string::String;
            - impl From<tantivy_common::json_path_writer::JsonPathWriter> for std::string::String;
            - impl From<url::Url> for std::string::String;
            - impl From<uuid::Uuid> for std::string::String;
    = note: required for `GenericOrdMap<std::string::String, std::sync::Arc<kasumi_types::Document>, ArcK>` to implement `FromIterator<(_, std::sync::Arc<kasumi_types::Document>)>`
note: required by a bound in `std::iter::Iterator::collect`
   --> /rustc/8bab26f4f68e0e26f0bb7960be334d5b520ea452/library/core/src/iter/traits/iterator.rs:2077:4
help: try using a fully qualified path to specify the expected types
    |
150 -             documents: [("a".into(), Arc::new(live))].into_iter().collect(),
150 +             documents: <[(_, std::sync::Arc<kasumi_types::Document>); 1] as IntoIterator>::into_iter([("a".into(), Arc::new(live))]).collect(),
    |

error[E0283]: type annotations needed
   --> crates/kasumi-query/src/document_id_page.rs:151:68
    |
151 |             archived_documents: [("z".into(), Arc::new(archived))].into_iter().collect(),
    |                                                                    ^^^^^^^^^   ------- type must be known at this point
    |
    = note: multiple `impl`s satisfying `std::string::String: From<_>` found in the following crates: `alloc`, `email_address`, `tantivy_common`, `url`, `uuid`:
            - impl From<Box<str>> for std::string::String;
            - impl From<char> for std::string::String;
            - impl From<email_address::EmailAddress> for std::string::String;
            - impl From<tantivy_common::json_path_writer::JsonPathWriter> for std::string::String;
            - impl From<url::Url> for std::string::String;
            - impl From<uuid::Uuid> for std::string::String;
    = note: required for `GenericOrdMap<std::string::String, std::sync::Arc<kasumi_types::ArchivedDocument>, ArcK>` to implement `FromIterator<(_, std::sync::Arc<kasumi_types::ArchivedDocument>)>`
note: required by a bound in `std::iter::Iterator::collect`
   --> /rustc/8bab26f4f68e0e26f0bb7960be334d5b520ea452/library/core/src/iter/traits/iterator.rs:2077:4
help: try using a fully qualified path to specify the expected types
    |
151 -             archived_documents: [("z".into(), Arc::new(archived))].into_iter().collect(),
151 +             archived_documents: <[(_, std::sync::Arc<kasumi_types::ArchivedDocument>); 1] as IntoIterator>::into_iter([("z".into(), Arc::new(archived))]).collect(),
    |

For more information about this error, try `rustc --explain E0283`.
error: could not compile `kasumi-query` (lib test) due to 3 previous errors
Runner: 2.06s; exit=101; matching=1823/1823
