Command: cargo test --locked --offline --config profile.test.package.kasumi-kv.opt-level=3 --config profile.test.package.sha2.opt-level=3 -p kasumi-engine --all-features --lib -- --nocapture state::primary_projection::tests::primary_cow_
CARGO_TARGET_DIR=target/disk-backed-cache
    Blocking waiting for file lock on package cache
    Blocking waiting for file lock on package cache
    Blocking waiting for file lock on package cache
warning: variant `Mutation` is never constructed
  --> crates/kasumi-engine/src/security_audit_jobs.rs:26:5
   |
24 | enum JobEffect {
   |      --------- variant in this enum
25 |     Read,
26 |     Mutation(&'static str),
   |     ^^^^^^^^
   |
   = note: `JobEffect` has a derived impl for the trait `Clone`, but this is intentionally ignored during dead code analysis
   = note: `#[warn(dead_code)]` (part of `#[warn(unused)]`) on by default

warning: struct `ReadPause` is never constructed
  --> crates/kasumi-engine/src/security_audit_jobs.rs:57:19
   |
57 | pub(super) struct ReadPause {
   |                   ^^^^^^^^^

warning: method `run_mutation` is never used
   --> crates/kasumi-engine/src/security_audit_jobs.rs:120:25
    |
 62 | impl SecurityAudit {
    | ------------------ method in this implementation
...
120 |     pub(super) async fn run_mutation<T, F, R>(&self, component: &'static str, run: R) -> Result<T>
    |                         ^^^^^^^^^^^^

warning: `kasumi-engine` (lib) generated 3 warnings
warning: field `panic` is never read
  --> crates/kasumi-engine/src/security_audit_jobs.rs:52:9
   |
48 | pub(super) struct RecordFault {
   |                   ----------- field in this struct
...
52 |     pub panic: bool,
   |         ^^^^^

warning: `kasumi-engine` (lib test) generated 4 warnings (3 duplicates)
    Finished `test` profile [unoptimized + debuginfo] target(s) in 1.40s
     Running unittests src/lib.rs (target/disk-backed-cache/debug/deps/kasumi_engine-b15d1192089511a8)

running 10 tests
test state::primary_projection::tests::primary_cow_actual_two_page_working_set_and_retirement_are_precharged ... ok
test state::primary_projection::tests::primary_cow_real_slot_refusal_precedes_pending_effects ... ok
test state::primary_projection::tests::primary_cow_foreign_apply_guard_on_same_store_pair_is_refused_before_pending ... ok
test state::primary_projection::tests::primary_cow_captured_mapping_refuses_valid_alternate_manifest_with_unchanged_selector ... ok
test state::primary_projection::tests::primary_cow_complete_map_diff_rejects_omitted_id_and_real_multi_id_shape ... ok
test state::primary_projection::tests::primary_cow_cancel_during_new_chunks_retains_original_and_pending_is_abortable ... ok
test state::primary_projection::tests::primary_cow_baseline_rejects_cross_collection_dto_alias_even_with_same_tree_identity ... ok
test state::primary_projection::tests::primary_cow_baseline_checks_actual_inventory_count_and_original_cancellation ... ok
test state::primary_projection::tests::primary_cow_abort_rejects_bootstrap_missing_inventory_and_ambiguous_committed_phase ... ok
test state::primary_projection::tests::primary_cow_actual_accepted_path_is_unselected_and_abort_is_separately_bounded ... ok

test result: ok. 10 passed; 0 failed; 0 ignored; 0 measured; 552 filtered out; finished in 44.90s

Runner: 46.50s; exit=0; matching=822/822
