Command: cargo clippy --workspace --all-features --all-targets --locked --offline --no-deps -- -D clippy::all
CARGO_TARGET_DIR=target/disk-backed-cache
    Checking kasumi-raft v0.1.0 (/Users/takemiyamakoto/dev/kasumi/crates/kasumi-raft)
warning: method `matches_response_id` is never used
   --> vendor/rmcp-3.2.0/src/model.rs:251:19
    |
236 | impl NumberOrString {
    | ------------------- method in this implementation
...
251 |     pub(crate) fn matches_response_id(&self, response_id: &Self) -> bool {
    |                   ^^^^^^^^^^^^^^^^^^^
    |
    = note: `#[warn(dead_code)]` (part of `#[warn(unused)]`) on by default

warning: method `set_client_request_metadata` is never used
    --> vendor/rmcp-3.2.0/src/service.rs:1032:19
     |
 806 | impl<R: ServiceRole> Peer<R> {
     | ---------------------------- method in this implementation
...
1032 |     pub(crate) fn set_client_request_metadata(&self, metadata: ClientRequestMetadata) {
     |                   ^^^^^^^^^^^^^^^^^^^^^^^^^^^

warning: method `is_authorization_required` is never used
   --> vendor/rmcp-3.2.0/src/transport.rs:275:19
    |
249 | impl DynamicTransportError {
    | -------------------------- method in this implementation
...
275 |     pub(crate) fn is_authorization_required(&self) -> bool {
    |                   ^^^^^^^^^^^^^^^^^^^^^^^^^

warning: `rmcp` (lib) generated 3 warnings
    Checking kasumi-engine v0.1.0 (/Users/takemiyamakoto/dev/kasumi/crates/kasumi-engine)
    Checking kasumi-authority v0.1.0 (/Users/takemiyamakoto/dev/kasumi/crates/kasumi-authority)
warning: variant `Mutation` is never constructed
  --> crates/kasumi-engine/src/security_audit_jobs.rs:26:5
   |
24 | enum JobEffect {
   |      --------- variant in this enum
25 |     Read,
26 |     Mutation(&'static str),
   |     ^^^^^^^^
   |
   = note: `JobEffect` has a derived impl for the trait `Clone`, but this is intentionally ignored during dead code analysis
   = note: `#[warn(dead_code)]` (part of `#[warn(unused)]`) on by default

warning: struct `ReadPause` is never constructed
  --> crates/kasumi-engine/src/security_audit_jobs.rs:57:19
   |
57 | pub(super) struct ReadPause {
   |                   ^^^^^^^^^

warning: method `run_mutation` is never used
   --> crates/kasumi-engine/src/security_audit_jobs.rs:120:25
    |
 62 | impl SecurityAudit {
    | ------------------ method in this implementation
...
120 |     pub(super) async fn run_mutation<T, F, R>(&self, component: &'static str, run: R) -> Result<T>
    |                         ^^^^^^^^^^^^

error: this `if` statement can be collapsed
   --> crates/kasumi-engine/src/application_sources.rs:163:9
    |
163 | /         if self.cell.handles.fetch_sub(1, Ordering::AcqRel) == 1 {
164 | |             if let Some(roots) = self.cell.roots.upgrade() {
165 | |                 roots.retire(&self.cell, false);
166 | |             }
167 | |         }
    | |_________^
    |
    = help: for further information visit https://rust-lang.github.io/rust-clippy/rust-1.97.0/index.html#collapsible_if
    = note: `-D clippy::collapsible-if` implied by `-D clippy::all`
    = help: to override `-D clippy::all` add `#[allow(clippy::collapsible_if)]`
help: collapse nested if block
    |
163 ~         if self.cell.handles.fetch_sub(1, Ordering::AcqRel) == 1
164 ~             && let Some(roots) = self.cell.roots.upgrade() {
165 |                 roots.retire(&self.cell, false);
166 ~             }
    |

error: match expression looks like `matches!` macro
   --> crates/kasumi-engine/src/admission.rs:292:9
    |
292 | /         match self {
293 | |             Self::NativeCache => true,
294 | |             Self::DocumentSource => true,
295 | |             _ => false,
296 | |         }
    | |_________^
    |
    = help: for further information visit https://rust-lang.github.io/rust-clippy/rust-1.97.0/index.html#match_like_matches_macro
    = note: `-D clippy::match-like-matches-macro` implied by `-D clippy::all`
    = help: to override `-D clippy::all` add `#[allow(clippy::match_like_matches_macro)]`
help: use `matches!` directly
    |
292 -         match self {
293 -             Self::NativeCache => true,
294 -             Self::DocumentSource => true,
295 -             _ => false,
296 -         }
292 +         matches!(self, Self::NativeCache | Self::DocumentSource)
    |

warning: `kasumi-engine` (lib) generated 3 warnings
error: could not compile `kasumi-engine` (lib) due to 2 previous errors; 3 warnings emitted
Runner: 58.07s; exit=101; matching=776/776
