Command: cargo test --locked --offline --config profile.test.package.kasumi-kv.opt-level=3 --config profile.test.package.sha2.opt-level=3 -p kasumi-kv --lib source_funding::tests -- --nocapture
CARGO_TARGET_DIR=target/disk-backed-cache
    Blocking waiting for file lock on package cache
   Compiling kasumi-kv v0.1.0 (/Users/takemiyamakoto/dev/kasumi/crates/kasumi-kv)
    Finished `test` profile [unoptimized + debuginfo] target(s) in 52.96s
     Running unittests src/lib.rs (target/disk-backed-cache/debug/deps/kasumi_kv-7c66dd9ab067962c)

running 10 tests
test retained::source_funding::tests::child_foreign_and_repeated_claims_are_terminal_before_another_constructor ... ok
test retained::source_funding::tests::invalid_account_stamp_keeps_the_actual_bound_owner_and_sticky_rejection ... ok

thread 'retained::source_funding::tests::each_child_bind_keeps_original_and_pending_credit_after_provider_error_or_panic' (15788222) panicked at crates/kasumi-kv/src/source_funding_tests.rs:264:14:
original native failure was not retained
note: run with `RUST_BACKTRACE=1` environment variable to display a backtrace
test retained::source_funding::tests::actual_child_token_and_native_outer_box_deallocate_before_final_credit ... ok

thread 'retained::source_funding::tests::pool_bind_retains_original_error_or_panic_and_actual_backend_without_retry' (15788226) panicked at crates/kasumi-kv/src/source_funding_tests.rs:60:18:
Box<dyn Any>

thread 'retained::source_funding::tests::seal_busy_poll_can_progress_but_first_poll_panic_is_retained_without_retry' (15788227) panicked at crates/kasumi-kv/src/source_funding_tests.rs:146:13:
Box<dyn Any>

thread 'retained::source_funding::tests::final_controller_disposal_panic_retains_original_database_and_does_not_retry' (15788223) panicked at crates/kasumi-kv/src/source_funding_tests.rs:99:13:
Box<dyn Any>

thread 'retained::source_funding::tests::account_bind_retains_original_error_or_panic_and_actual_backend_without_retry' (15788219) panicked at crates/kasumi-kv/src/source_funding_tests.rs:60:18:
Box<dyn Any>

thread 'retained::source_funding::tests::unbound_install_failure_disposes_exact_database_once_and_keeps_original' (15788228) panicked at crates/kasumi-kv/src/source_funding_tests.rs:60:18:
Box<dyn Any>
test retained::source_funding::tests::seal_busy_poll_can_progress_but_first_poll_panic_is_retained_without_retry ... ok
test retained::source_funding::tests::funded_corridor_rejects_ordinary_foreign_database_pool_and_repeated_account_before_children ... ok
test retained::source_funding::tests::pool_bind_retains_original_error_or_panic_and_actual_backend_without_retry ... ok
test retained::source_funding::tests::each_child_bind_keeps_original_and_pending_credit_after_provider_error_or_panic ... FAILED
test retained::source_funding::tests::account_bind_retains_original_error_or_panic_and_actual_backend_without_retry ... ok
test retained::source_funding::tests::final_controller_disposal_panic_retains_original_database_and_does_not_retry ... ok
test retained::source_funding::tests::unbound_install_failure_disposes_exact_database_once_and_keeps_original ... ok

failures:

failures:
    retained::source_funding::tests::each_child_bind_keeps_original_and_pending_credit_after_provider_error_or_panic

test result: FAILED. 9 passed; 1 failed; 0 ignored; 0 measured; 514 filtered out; finished in 0.00s

error: test failed, to rerun pass `-p kasumi-kv --lib`
Runner: 53.17s; exit=101; matching=814/814
