Command: cargo test --locked --offline --config profile.test.package.kasumi-kv.opt-level=3 --config profile.test.package.sha2.opt-level=3 -p kasumi-kv -p kasumi-store -p kasumi-raft -p kasumi-engine -p kasumi-authority --all-features --lib --no-fail-fast -- prepared_custody_snapshot_ --nocapture
ISOLATED_SOURCE=/tmp/kasumi-source-cohort-validation-v1
CARGO_TARGET_DIR=/Users/takemiyamakoto/dev/kasumi/target/disk-backed-cache
   Compiling kasumi-raft v0.1.0 (/private/tmp/kasumi-source-cohort-validation-v1/crates/kasumi-raft)
error[E0433]: cannot find module or crate `kasumi_kv` in this scope
   --> crates/kasumi-raft/src/custody_snapshot_preparation.rs:392:17
    |
392 |                 kasumi_kv::BackendNativeDisposition::Retained,
    |                 ^^^^^^^^^ use of unresolved module or unlinked crate `kasumi_kv`
    |
    = help: if you wanted to use a crate named `kasumi_kv`, use `cargo add kasumi_kv` to add it to your `Cargo.toml`

error[E0433]: cannot find module or crate `kasumi_kv` in this scope
   --> crates/kasumi-raft/src/custody_snapshot_preparation.rs:397:31
    |
397 |         *phase = if native == kasumi_kv::BackendNativeDisposition::Drained {
    |                               ^^^^^^^^^ use of unresolved module or unlinked crate `kasumi_kv`
    |
    = help: if you wanted to use a crate named `kasumi_kv`, use `cargo add kasumi_kv` to add it to your `Cargo.toml`

warning: unused import: `WriteOp`
 --> crates/kasumi-raft/src/custody_machine.rs:9:34
  |
9 | use kasumi_store::{CustodyStore, WriteOp};
  |                                  ^^^^^^^
  |
  = note: `#[warn(unused_imports)]` (part of `#[warn(unused)]`) on by default

For more information about this error, try `rustc --explain E0433`.
warning: `kasumi-raft` (lib) generated 1 warning
error: could not compile `kasumi-raft` (lib) due to 2 previous errors; 1 warning emitted
warning: build failed, waiting for other jobs to finish...
warning: method `prepare_snapshot` is never used
  --> crates/kasumi-raft/src/non_application_source_capacity.rs:62:19
   |
61 | impl FixedProvider {
   | ------------------ method in this implementation
62 |     pub(crate) fn prepare_snapshot(&self) -> CapacityPreparation {
   |                   ^^^^^^^^^^^^^^^^
   |
   = note: `#[warn(dead_code)]` (part of `#[warn(unused)]`) on by default

warning: method `prepared_snapshot_publication` is never used
   --> crates/kasumi-raft/src/custody_machine.rs:164:19
    |
130 | impl CustodyMachine {
    | ------------------- method in this implementation
...
164 |     pub(crate) fn prepared_snapshot_publication(
    |                   ^^^^^^^^^^^^^^^^^^^^^^^^^^^^^

warning: method `meta` is never used
   --> crates/kasumi-raft/src/custody_snapshot_preparation.rs:253:19
    |
187 | impl PreparedCustodySnapshotPublication {
    | --------------------------------------- method in this implementation
...
253 |     pub(crate) fn meta(&self) -> &openraft::SnapshotMeta<u64, crate::BasicNode> {
    |                   ^^^^

warning: field `0` is never read
   --> crates/kasumi-raft/src/custody_snapshot_preparation.rs:327:32
    |
327 | struct SnapshotRetirementPanic(std::sync::Mutex<Box<dyn std::any::Any + Send>>);
    |        ----------------------- ^^^^^^^^^^^^^^^^^^^^^^^^^^^^^^^^^^^^^^^^^^^^^^^
    |        |
    |        field in this struct
    |
    = help: consider removing this field

warning: method `prepare_fixed_snapshot_capacity` is never used
   --> crates/kasumi-raft/src/snapshot_buffer.rs:378:19
    |
302 | impl SnapshotBufferOwner {
    | ------------------------ method in this implementation
...
378 |     pub(crate) fn prepare_fixed_snapshot_capacity(
    |                   ^^^^^^^^^^^^^^^^^^^^^^^^^^^^^^^

warning: `kasumi-raft` (lib test) generated 5 warnings
Runner: 37.41s; exit=101; matching=1578/1578
