Command: cargo test -p kasumi-store --all-features --lib --locked --offline --config profile.test.package.kasumi-kv.opt-level=3 --config profile.test.package.sha2.opt-level=3 -- --test-threads=1 production_catalog_typed_admission_denial_precedes_serde_allocation production_catalog_read_registers_child_and_retains_original_table_failure
CARGO_TARGET_DIR=target/disk-backed-cache
   Compiling kasumi-store v0.1.0 (/Users/takemiyamakoto/dev/kasumi/crates/kasumi-store)
    Finished `test` profile [unoptimized + debuginfo] target(s) in 40.57s
     Running unittests src/lib.rs (target/disk-backed-cache/debug/deps/kasumi_store-98be0c6afb7030c8)

running 2 tests
test catalog_budget::production_catalog_typed_admission_denial_precedes_serde_allocation ... FAILED
test storage_opening::tests::production_catalog_read_registers_child_and_retains_original_table_failure ... FAILED

failures:

---- catalog_budget::production_catalog_typed_admission_denial_precedes_serde_allocation stdout ----
catalog outer output error: Kind(OutOfMemory)

thread 'catalog_budget::production_catalog_typed_admission_denial_precedes_serde_allocation' (12336413) panicked at crates/kasumi-store/src/catalog_budget.rs:122:5:
actual catalog failure: NodeCatalogReadFailure {
    reader_id: StorageOwnerId {
        index: 1,
        generation: 5,
    },
    stage: "catalog bytes",
    reader_phase: Failed,
    access: Some(
        Reported,
    ),
    validation_error: None,
}
note: run with `RUST_BACKTRACE=1` environment variable to display a backtrace

---- storage_opening::tests::production_catalog_read_registers_child_and_retains_original_table_failure stdout ----
injected catalog native begin error: TransactionError(Core(OwnerFailed))

thread 'storage_opening::tests::production_catalog_read_registers_child_and_retains_original_table_failure' (12336521) panicked at crates/kasumi-store/src/storage_opening_tests.rs:2140:5:
assertion failed: matches!(failure.reader().report().tables(),
    TerminalObservation::Returned(Err(_)))


failures:
    catalog_budget::production_catalog_typed_admission_denial_precedes_serde_allocation
    storage_opening::tests::production_catalog_read_registers_child_and_retains_original_table_failure

test result: FAILED. 0 passed; 2 failed; 0 ignored; 0 measured; 633 filtered out; finished in 1.10s

error: test failed, to rerun pass `-p kasumi-store --lib`
Runner: 41.76s; exit=101; matching=736/736
