Command: cargo test --locked --offline --all-features --config profile.test.package.kasumi-kv.opt-level=3 --config profile.test.package.sha2.opt-level=3 -p kasumi-engine --lib application_sources::tests::allocation_tails::
CARGO_TARGET_DIR=target/disk-backed-cache
warning: variant `Mutation` is never constructed
  --> crates/kasumi-engine/src/security_audit_jobs.rs:26:5
   |
24 | enum JobEffect {
   |      --------- variant in this enum
25 |     Read,
26 |     Mutation(&'static str),
   |     ^^^^^^^^
   |
   = note: `JobEffect` has a derived impl for the trait `Clone`, but this is intentionally ignored during dead code analysis
   = note: `#[warn(dead_code)]` (part of `#[warn(unused)]`) on by default

warning: struct `ReadPause` is never constructed
  --> crates/kasumi-engine/src/security_audit_jobs.rs:57:19
   |
57 | pub(super) struct ReadPause {
   |                   ^^^^^^^^^

warning: method `run_mutation` is never used
   --> crates/kasumi-engine/src/security_audit_jobs.rs:120:25
    |
 62 | impl SecurityAudit {
    | ------------------ method in this implementation
...
120 |     pub(super) async fn run_mutation<T, F, R>(&self, component: &'static str, run: R) -> Result<T>
    |                         ^^^^^^^^^^^^

warning: `kasumi-engine` (lib) generated 3 warnings
warning: field `panic` is never read
  --> crates/kasumi-engine/src/security_audit_jobs.rs:52:9
   |
48 | pub(super) struct RecordFault {
   |                   ----------- field in this struct
...
52 |     pub panic: bool,
   |         ^^^^^

warning: `kasumi-engine` (lib test) generated 4 warnings (3 duplicates)
    Finished `test` profile [unoptimized + debuginfo] target(s) in 0.73s
     Running unittests src/lib.rs (target/disk-backed-cache/debug/deps/kasumi_engine-b15d1192089511a8)

running 7 tests
test application_sources::tests::allocation_tails::source_root_weak_retains_shell_credit_after_payload_is_gone ... ok
test application_sources::tests::allocation_tails::source_binding_box_retires_before_its_real_root_credit ... ok
test application_sources::tests::allocation_tails::source_view_unique_close_holds_cell_credit_while_arc_backing_retires ... ok
test application_sources::tests::allocation_tails::source_view_weak_retains_credit_after_unique_native_close ... ok
test application_sources::tests::allocation_tails::source_cell_concurrent_strong_and_weak_drops_hold_the_actual_credit_tail ... ok
test application_sources::tests::allocation_tails::source_root_and_credit_arcs_remain_funded_through_actual_deallocation ... ok
test application_sources::tests::allocation_tails::source_failure_actual_error_aliases_hold_credit_through_owner_deallocation ... ok

test result: ok. 7 passed; 0 failed; 0 ignored; 0 measured; 535 filtered out; finished in 5.61s

Runner: 6.53s; exit=0; matching=805/805
