Command: cargo test --locked -p kasumi-engine --lib -- primary_index_text_journal_ primary_index_text_private_journal_ primary_index_text_component_equivalence_
ISOLATED_SOURCE=/tmp/kasumi-source-cohort-validation-v1
CARGO_TARGET_DIR=/Users/takemiyamakoto/dev/kasumi/target/disk-backed-cache
warning: field `database` is never read
  --> crates/kasumi-store/src/storage_opening/publication.rs:59:5
   |
56 | struct PublicationRequest {
   |        ------------------ field in this struct
...
59 |     database: StorageRegistration<DatabaseOwner>,
   |     ^^^^^^^^
   |
   = note: `#[warn(dead_code)]` (part of `#[warn(unused)]`) on by default

warning: method `last_sm_seq` is never used
  --> vendor/openraft-0.9.25/openraft/src/engine/engine_output.rs:35:19
   |
24 | / impl<C> EngineOutput<C>
25 | | where
26 | |     C: RaftTypeConfig,
   | |______________________- method in this implementation
...
35 |       pub(crate) fn last_sm_seq(&self) -> CommandSeq {
   |                     ^^^^^^^^^^^
   |
   = note: `#[warn(dead_code)]` (part of `#[warn(unused)]`) on by default

warning: method `accept_vote` is never used
  --> vendor/openraft-0.9.25/openraft/src/engine/handler/vote_handler/mod.rs:58:19
   |
45 | / impl<C> VoteHandler<'_, C>
46 | | where
47 | |     C: RaftTypeConfig,
   | |______________________- method in this implementation
...
58 |       pub(crate) fn accept_vote<T, E, F>(
   |                     ^^^^^^^^^^^

warning: `kasumi-store` (lib) generated 1 warning
warning: `openraft` (lib) generated 2 warnings
warning: field `0` is never read
  --> crates/kasumi-raft/src/owned_prepared_restore.rs:25:33
   |
25 | struct CandidateRetirementPanic(std::sync::Mutex<Box<dyn std::any::Any + Send>>);
   |        ------------------------ ^^^^^^^^^^^^^^^^^^^^^^^^^^^^^^^^^^^^^^^^^^^^^^^
   |        |
   |        field in this struct
   |
   = help: consider removing this field
   = note: `#[warn(dead_code)]` (part of `#[warn(unused)]`) on by default

warning: method `prepared_snapshot_publication` is never used
   --> crates/kasumi-raft/src/custody_machine.rs:235:19
    |
135 | impl CustodyMachine {
    | ------------------- method in this implementation
...
235 |     pub(crate) fn prepared_snapshot_publication(
    |                   ^^^^^^^^^^^^^^^^^^^^^^^^^^^^^

warning: method `publish` is never used
   --> crates/kasumi-raft/src/custody_snapshot_preparation.rs:298:19
    |
188 | impl PreparedCustodySnapshotPublication {
    | --------------------------------------- method in this implementation
...
298 |     pub(crate) fn publish(&mut self, control: &OwnedControlGuard) -> Result<()> {
    |                   ^^^^^^^

warning: field `0` is never read
   --> crates/kasumi-raft/src/custody_snapshot_preparation.rs:382:32
    |
382 | struct SnapshotRetirementPanic(std::sync::Mutex<Box<dyn std::any::Any + Send>>);
    |        ----------------------- ^^^^^^^^^^^^^^^^^^^^^^^^^^^^^^^^^^^^^^^^^^^^^^^
    |        |
    |        field in this struct
    |
    = help: consider removing this field

warning: field `0` is never read
   --> crates/kasumi-raft/src/lifetime.rs:249:17
    |
249 |     Application(StorageHandle<kasumi_store::TenantStorageSet>),
    |     ----------- ^^^^^^^^^^^^^^^^^^^^^^^^^^^^^^^^^^^^^^^^^^^^^
    |     |
    |     field in this variant
    |
help: consider changing the field to be of unit type to suppress this warning while preserving the field numbering, or remove the field
    |
249 -     Application(StorageHandle<kasumi_store::TenantStorageSet>),
249 +     Application(()),
    |

warning: field `0` is never read
   --> crates/kasumi-raft/src/lifetime.rs:250:13
    |
250 |     Custody(StorageHandle<kasumi_store::CustodyStore>),
    |     ------- ^^^^^^^^^^^^^^^^^^^^^^^^^^^^^^^^^^^^^^^^^
    |     |
    |     field in this variant
    |
help: consider changing the field to be of unit type to suppress this warning while preserving the field numbering, or remove the field
    |
250 -     Custody(StorageHandle<kasumi_store::CustodyStore>),
250 +     Custody(()),
    |

warning: associated function `new` is never used
  --> crates/kasumi-raft/src/snapshot_buffer/prepared_child.rs:84:8
   |
83 | impl PreparedChild {
   | ------------------ associated function in this implementation
84 |     fn new(body: PreparedSnapshotBody) -> Self {
   |        ^^^

warning: field `0` is never read
   --> crates/kasumi-raft/src/snapshot_buffer/prepared_child.rs:307:19
    |
307 | struct ChildPanic(Mutex<Box<dyn std::any::Any + Send>>);
    |        ---------- ^^^^^^^^^^^^^^^^^^^^^^^^^^^^^^^^^^^^
    |        |
    |        field in this struct
    |
    = help: consider removing this field

warning: methods `begin_prepared_body` and `cancel_body` are never used
   --> crates/kasumi-raft/src/snapshot_buffer/prepared_child.rs:406:19
    |
320 | impl SnapshotBuffer {
    | ------------------- methods in this implementation
...
406 |     pub(crate) fn begin_prepared_body(
    |                   ^^^^^^^^^^^^^^^^^^^
...
470 |     pub(crate) async fn cancel_body(&mut self) -> DrainResult {
    |                         ^^^^^^^^^^^

warning: method `prepare_engine_publication` is never used
    --> crates/kasumi-raft/src/storage.rs:1121:19
     |
1083 | impl PendingSnapshot {
     | -------------------- method in this implementation
...
1121 |     pub(crate) fn prepare_engine_publication<'backend>(
     |                   ^^^^^^^^^^^^^^^^^^^^^^^^^^

warning: enum `SnapshotPublicationPhase` is never used
    --> crates/kasumi-raft/src/storage.rs:1175:6
     |
1175 | enum SnapshotPublicationPhase {
     |      ^^^^^^^^^^^^^^^^^^^^^^^^

warning: struct `PreparedEngineSnapshotPublication` is never constructed
    --> crates/kasumi-raft/src/storage.rs:1181:19
     |
1181 | pub(crate) struct PreparedEngineSnapshotPublication<'backend> {
     |                   ^^^^^^^^^^^^^^^^^^^^^^^^^^^^^^^^^

warning: methods `source` and `publish` are never used
    --> crates/kasumi-raft/src/storage.rs:1191:19
     |
1190 | impl PreparedEngineSnapshotPublication<'_> {
     | ------------------------------------------ methods in this implementation
1191 |     pub(crate) fn source(&self) -> &crate::PreparedSnapshotSourceEnvelope {
     |                   ^^^^^^
...
1194 |     pub(crate) fn publish(&mut self, domains: &TenantStorageSet) -> Result<()> {
     |                   ^^^^^^^

warning: method `context` is never used
   --> crates/kasumi-raft/src/storage/snapshot_conflict.rs:403:19
    |
134 | impl PreparedSnapshotConflict {
    | ----------------------------- method in this implementation
...
403 |     pub(crate) fn context(&self) -> &SnapshotAcceptanceContext<u64> {
    |                   ^^^^^^^

warning: method `source` is never used
   --> crates/kasumi-raft/src/storage/owned_snapshot_body.rs:328:19
    |
 59 | impl PreparedApplicationSnapshot {
    | -------------------------------- method in this implementation
...
328 |     pub(crate) fn source(&self) -> Option<&crate::PreparedSnapshotSourceEnvelope> {
    |                   ^^^^^^

warning: field `0` is never read
   --> crates/kasumi-raft/src/storage/owned_snapshot_body.rs:770:32
    |
770 | struct SnapshotRetirementPanic(std::sync::Mutex<Box<dyn std::any::Any + Send>>);
    |        ----------------------- ^^^^^^^^^^^^^^^^^^^^^^^^^^^^^^^^^^^^^^^^^^^^^^^
    |        |
    |        field in this struct
    |
    = help: consider removing this field

warning: methods `log` and `expected` are never used
   --> crates/kasumi-raft/src/storage/snapshot_seed.rs:461:19
    |
132 | impl SnapshotSeed {
    | ----------------- methods in this implementation
...
461 |     pub(crate) fn log(&self) -> &LogStore {
    |                   ^^^
...
464 |     pub(crate) fn expected(&self) -> &SnapshotMeta<u64, BasicNode> {
    |                   ^^^^^^^^

warning: method `get` is never used
  --> crates/kasumi-query/src/text_runtime_slot.rs:25:8
   |
19 | impl<T, W> Slot<T, W> {
   | --------------------- method in this implementation
...
25 |     fn get(&self) -> Option<Strong<T, W>> {
   |        ^^^
   |
   = note: `#[warn(dead_code)]` (part of `#[warn(unused)]`) on by default

warning: `kasumi-raft` (lib) generated 17 warnings
warning: `kasumi-query` (lib) generated 1 warning
warning: unused import: `PublicationStamp`
    --> crates/kasumi-engine/src/application_sources.rs:2679:36
     |
2679 | pub(crate) use cache_publication::{PublicationStamp, PublicationWake};
     |                                    ^^^^^^^^^^^^^^^^
     |
     = note: `#[warn(unused_imports)]` (part of `#[warn(unused)]`) on by default

warning: methods `prepare` and `prepare_kind` are never used
   --> crates/kasumi-engine/src/application_sources.rs:763:19
    |
655 | impl SourceRootsRef {
    | ------------------- methods in this implementation
...
763 |     pub(crate) fn prepare(&self) -> Result<RootPreparation> {
    |                   ^^^^^^^
...
802 |     fn prepare_kind(&self, canonical: bool) -> Result<RootPreparation> {
    |        ^^^^^^^^^^^^
    |
    = note: `#[warn(dead_code)]` (part of `#[warn(unused)]`) on by default

warning: method `cache_publication_after` is never used
   --> crates/kasumi-engine/src/cache_publication_events.rs:111:25
    |
 45 | impl SourceRootsRef {
    | ------------------- method in this implementation
...
111 |     pub(crate) async fn cache_publication_after(
    |                         ^^^^^^^^^^^^^^^^^^^^^^^

warning: field `idle_text_runtime` is never read
    --> crates/kasumi-engine/src/admission.rs:1099:5
     |
1095 | pub struct NodeAdmission {
     |            ------------- field in this struct
...
1099 |     idle_text_runtime: text_runtime::IdleCache,
     |     ^^^^^^^^^^^^^^^^^

warning: method `require_governor` is never used
    --> crates/kasumi-engine/src/admission.rs:1420:19
     |
1417 | impl Reservation {
     | ---------------- method in this implementation
...
1420 |     pub(crate) fn require_governor(&self, node: &Arc<NodeAdmission>) -> Result<()> {
     |                   ^^^^^^^^^^^^^^^^

warning: struct `CacheHeadroom` is never constructed
    --> crates/kasumi-engine/src/admission.rs:2587:19
     |
2587 | pub(crate) struct CacheHeadroom {
     |                   ^^^^^^^^^^^^^

warning: method `improves` is never used
    --> crates/kasumi-engine/src/admission.rs:2595:19
     |
2594 | impl CacheHeadroom {
     | ------------------ method in this implementation
2595 |     pub(crate) fn improves(self, prior: Self) -> bool {
     |                   ^^^^^^^^

warning: methods `cache_retention_ceiling_bytes`, `cache_headroom`, `cache_relief_after`, and `next_sampler_observation` are never used
    --> crates/kasumi-engine/src/admission.rs:2607:19
     |
2603 | impl MemoryCore {
     | --------------- methods in this implementation
...
2607 |     pub(crate) fn cache_retention_ceiling_bytes(&self) -> u64 {
     |                   ^^^^^^^^^^^^^^^^^^^^^^^^^^^^^
...
2616 |     pub(crate) fn cache_headroom(&self) -> CacheHeadroom {
     |                   ^^^^^^^^^^^^^^
...
2661 |     pub(crate) async fn cache_relief_after(&self, prior: CacheHeadroom) -> CacheHeadroom {
     |                         ^^^^^^^^^^^^^^^^^^
...
2682 |     async fn next_sampler_observation(&self) {
     |              ^^^^^^^^^^^^^^^^^^^^^^^^

warning: trait `ExistingGrantOperation` is never used
   --> crates/kasumi-engine/src/admission/snapshot_work.rs:133:18
    |
133 | pub(crate) trait ExistingGrantOperation: SnapshotOperation {
    |                  ^^^^^^^^^^^^^^^^^^^^^^

warning: struct `CensusRefusal` is never constructed
   --> crates/kasumi-engine/src/admission/snapshot_work.rs:142:19
    |
142 | pub(crate) struct CensusRefusal {
    |                   ^^^^^^^^^^^^^

warning: enum `CensusSite` is never used
   --> crates/kasumi-engine/src/admission/snapshot_work.rs:147:6
    |
147 | enum CensusSite {
    |      ^^^^^^^^^^

warning: enum `SnapshotPreparationFailure` is never used
   --> crates/kasumi-engine/src/admission/snapshot_work.rs:154:17
    |
154 | pub(crate) enum SnapshotPreparationFailure {
    |                 ^^^^^^^^^^^^^^^^^^^^^^^^^^

warning: methods `census_refusal` and `error` are never used
   --> crates/kasumi-engine/src/admission/snapshot_work.rs:169:19
    |
168 | impl SnapshotPreparationFailure {
    | ------------------------------- methods in this implementation
169 |     pub(crate) fn census_refusal(&self) -> Option<CensusRefusal> {
    |                   ^^^^^^^^^^^^^^
...
175 |     pub(crate) fn error(&self) -> Option<&Error> {
    |                   ^^^^^

warning: struct `SnapshotWorkRejected` is never constructed
   --> crates/kasumi-engine/src/admission/snapshot_work.rs:187:19
    |
187 | pub(crate) struct SnapshotWorkRejected<P> {
    |                   ^^^^^^^^^^^^^^^^^^^^

warning: methods `failure`, `error`, and `into_parts` are never used
   --> crates/kasumi-engine/src/admission/snapshot_work.rs:192:19
    |
191 | impl<P> SnapshotWorkRejected<P> {
    | ------------------------------- methods in this implementation
192 |     pub(crate) fn failure(&self) -> &SnapshotPreparationFailure {
    |                   ^^^^^^^
...
195 |     pub(crate) fn error(&self) -> Option<&Error> {
    |                   ^^^^^
...
198 |     pub(crate) fn into_parts(self) -> (P, SnapshotPreparationFailure) {
    |                   ^^^^^^^^^^

warning: variants `Running`, `Ready`, and `Failed` are never constructed
   --> crates/kasumi-engine/src/admission/snapshot_work.rs:230:5
    |
228 | enum PreparationPhase {
    |      ---------------- variants in this enum
229 |     Unused,
230 |     Running(std::thread::ThreadId),
    |     ^^^^^^^
231 |     Ready,
    |     ^^^^^
232 |     Failed,
    |     ^^^^^^
    |
    = note: `PreparationPhase` has a derived impl for the trait `Clone`, but this is intentionally ignored during dead code analysis

warning: method `prepare_inputs` is never used
   --> crates/kasumi-engine/src/admission/snapshot_work.rs:509:8
    |
493 | impl<O: SnapshotOperation> Owner<O> {
    | ----------------------------------- method in this implementation
...
509 |     fn prepare_inputs(&self)
    |        ^^^^^^^^^^^^^^

warning: methods `require_memory` and `wait_ready` are never used
   --> crates/kasumi-engine/src/admission/snapshot_work.rs:959:19
    |
958 | impl SnapshotWorkReport {
    | ----------------------- methods in this implementation
959 |     pub(crate) fn require_memory(&self, core: &Arc<MemoryCore>) -> Result<()> {
    |                   ^^^^^^^^^^^^^^
...
979 |     pub(crate) async fn wait_ready(&self) {
    |                         ^^^^^^^^^^

warning: method `prepare_snapshot_work_from_existing` is never used
    --> crates/kasumi-engine/src/admission/snapshot_work.rs:1179:19
     |
1170 | impl NodeAdmission {
     | ------------------ method in this implementation
...
1179 |     pub(crate) fn prepare_snapshot_work_from_existing<O: ExistingGrantOperation>(
     |                   ^^^^^^^^^^^^^^^^^^^^^^^^^^^^^^^^^^^

warning: trait `ScopedSnapshotOperation` is never used
  --> crates/kasumi-engine/src/admission/snapshot_work_scope.rs:10:18
   |
10 | pub(crate) trait ScopedSnapshotOperation: ExistingGrantOperation {
   |                  ^^^^^^^^^^^^^^^^^^^^^^^

warning: trait `ProspectiveSnapshotOperation` is never used
  --> crates/kasumi-engine/src/admission/snapshot_work_scope.rs:18:18
   |
18 | pub(crate) trait ProspectiveSnapshotOperation: ScopedSnapshotOperation {
   |                  ^^^^^^^^^^^^^^^^^^^^^^^^^^^^

warning: variants `Preparing` and `Work` are never constructed
  --> crates/kasumi-engine/src/admission/snapshot_work_scope.rs:24:5
   |
22 | enum Slot {
   |      ---- variants in this enum
23 |     Empty,
24 |     Preparing {
   |     ^^^^^^^^^
...
28 |     Work(SnapshotWorkReport),
   |     ^^^^

warning: field `next` is never read
  --> crates/kasumi-engine/src/admission/snapshot_work_scope.rs:32:5
   |
30 | struct State {
   |        ----- field in this struct
31 |     sealed: bool,
32 |     next: u64,
   |     ^^^^

warning: field `admission` is never read
  --> crates/kasumi-engine/src/admission/snapshot_work_scope.rs:49:5
   |
46 | struct Inner {
   |        ----- field in this struct
...
49 |     admission: Arc<NodeAdmission>,
   |     ^^^^^^^^^

warning: struct `Preparation` is never constructed
  --> crates/kasumi-engine/src/admission/snapshot_work_scope.rs:52:8
   |
52 | struct Preparation<'a> {
   |        ^^^^^^^^^^^

warning: multiple methods are never used
   --> crates/kasumi-engine/src/admission/snapshot_work_scope.rs:152:8
    |
 91 | impl SnapshotWorkScope {
    | ---------------------- methods in this implementation
...
152 |     fn begin_kind(
    |        ^^^^^^^^^^
...
206 |     pub(crate) fn prepare<O: ScopedSnapshotOperation>(
    |                   ^^^^^^^
...
255 |     pub(crate) fn prepare_prospective<O: ProspectiveSnapshotOperation>(
    |                   ^^^^^^^^^^^^^^^^^^^
...
267 |     pub(crate) async fn when_census_available(&self, refused: CensusRefusal) {
    |                         ^^^^^^^^^^^^^^^^^^^^^
...
325 |     pub(crate) fn require_open_memory(&self, core: &Arc<MemoryCore>) -> Result<()> {
    |                   ^^^^^^^^^^^^^^^^^^^
...
343 |     pub(crate) async fn when_sealed(&self) {
    |                         ^^^^^^^^^^^
...
386 |     pub(crate) fn take_completed(&self, report: &SnapshotWorkReport) -> Result<SnapshotWorkReport> {
    |                   ^^^^^^^^^^^^^^
...
421 |     pub(crate) fn visit(&self, mut visit: impl FnMut(SnapshotWorkId, SnapshotObservation<'_>)) {
    |                   ^^^^^

warning: variants `Preparing` and `Failed` are never constructed
  --> crates/kasumi-engine/src/admission/text_runtime.rs:25:5
   |
23 | enum Phase {
   |      ----- variants in this enum
24 |     Idle,
25 |     Preparing,
   |     ^^^^^^^^^
26 |     Failed,
   |     ^^^^^^
   |
   = note: `Phase` has a derived impl for the trait `Clone`, but this is intentionally ignored during dead code analysis

warning: fields `slot`, `phase`, `serial`, `next`, `thread`, and `report` are never read
  --> crates/kasumi-engine/src/admission/text_runtime.rs:29:5
   |
28 | struct RegistryState {
   |        ------------- fields in this struct
29 |     slot: TextRuntimeSlot<Reservation>,
   |     ^^^^
30 |     idle: idle::Slot,
31 |     phase: Phase,
   |     ^^^^^
32 |     serial: u64,
   |     ^^^^^^
33 |     next: u64,
   |     ^^^^
34 |     thread: Option<std::thread::ThreadId>,
   |     ^^^^^^
...
37 |     report: Option<SnapshotWorkReport>,
   |     ^^^^^^

warning: field `changed` is never read
  --> crates/kasumi-engine/src/admission/text_runtime.rs:41:5
   |
39 | pub(super) struct Registry {
   |                   -------- field in this struct
40 |     state: Mutex<RegistryState>,
41 |     changed: tokio::sync::Notify,
   |     ^^^^^^^

warning: method `fail` is never used
  --> crates/kasumi-engine/src/admission/text_runtime.rs:69:8
   |
43 | impl Registry {
   | ------------- method in this implementation
...
69 |     fn fail(&self, serial: u64) {
   |        ^^^^

warning: struct `Ticket` is never constructed
  --> crates/kasumi-engine/src/admission/text_runtime.rs:81:8
   |
81 | struct Ticket {
   |        ^^^^^^

warning: methods `entered`, `failed`, and `publish` are never used
   --> crates/kasumi-engine/src/admission/text_runtime.rs:87:8
    |
 86 | impl Ticket {
    | ----------- methods in this implementation
 87 |     fn entered(&self) {
    |        ^^^^^^^
...
101 |     fn failed(&mut self) {
    |        ^^^^^^
...
105 |     fn publish(&mut self, runtime: &Runtime, idle: &IdleCache) -> Result<()> {
    |        ^^^^^^^

warning: function `require_operation_grant` is never used
   --> crates/kasumi-engine/src/admission/text_runtime.rs:182:4
    |
182 | fn require_operation_grant(grant: &Reservation, core: &Arc<MemoryCore>) -> Result<()> {
    |    ^^^^^^^^^^^^^^^^^^^^^^^

warning: function `require_runtime` is never used
   --> crates/kasumi-engine/src/admission/text_runtime.rs:211:4
    |
211 | fn require_runtime(runtime: &Runtime, core: &Arc<MemoryCore>) -> Result<()> {
    |    ^^^^^^^^^^^^^^^

warning: enum `Acquisition` is never used
   --> crates/kasumi-engine/src/admission/text_runtime.rs:218:17
    |
218 | pub(crate) enum Acquisition {
    |                 ^^^^^^^^^^^

warning: enum `RequestFailure` is never used
   --> crates/kasumi-engine/src/admission/text_runtime.rs:224:17
    |
224 | pub(crate) enum RequestFailure {
    |                 ^^^^^^^^^^^^^^

warning: methods `preparation_failure` and `visit_diagnostics` are never used
   --> crates/kasumi-engine/src/admission/text_runtime.rs:229:19
    |
228 | impl RequestFailure {
    | ------------------- methods in this implementation
229 |     pub(crate) fn preparation_failure(&self) -> Option<&snapshot_work::SnapshotPreparationFailure> {
    |                   ^^^^^^^^^^^^^^^^^^^
...
235 |     pub(crate) fn visit_diagnostics(&self, visit: &mut dyn FnMut(&(dyn StdError + 'static))) {
    |                   ^^^^^^^^^^^^^^^^^

warning: struct `Wait` is never constructed
   --> crates/kasumi-engine/src/admission/text_runtime.rs:259:19
    |
259 | pub(crate) struct Wait {
    |                   ^^^^

warning: method `changed` is never used
   --> crates/kasumi-engine/src/admission/text_runtime.rs:267:25
    |
263 | impl Wait {
    | --------- method in this implementation
...
267 |     pub(crate) async fn changed(&self, scope: &SnapshotWorkScope) -> Result<()> {
    |                         ^^^^^^^

warning: struct `Plan` is never constructed
   --> crates/kasumi-engine/src/admission/text_runtime.rs:315:19
    |
315 | pub(crate) struct Plan {
    |                   ^^^^

warning: struct `Initialize` is never constructed
   --> crates/kasumi-engine/src/admission/text_runtime.rs:322:19
    |
322 | pub(crate) struct Initialize {
    |                   ^^^^^^^^^^

warning: enum `Failure` is never used
   --> crates/kasumi-engine/src/admission/text_runtime.rs:332:17
    |
332 | pub(crate) enum Failure {
    |                 ^^^^^^^

warning: struct `FailureWake` is never constructed
   --> crates/kasumi-engine/src/admission/text_runtime.rs:341:8
    |
341 | struct FailureWake {
    |        ^^^^^^^^^^^

warning: methods `request_text_runtime` and `request_text_runtime_inner` are never used
   --> crates/kasumi-engine/src/admission/text_runtime.rs:474:19
    |
473 | impl NodeAdmission {
    | ------------------ methods in this implementation
474 |     pub(crate) fn request_text_runtime(
    |                   ^^^^^^^^^^^^^^^^^^^^
...
486 |     fn request_text_runtime_inner(
    |        ^^^^^^^^^^^^^^^^^^^^^^^^^^

warning: methods `text_runtime_report` and `acknowledge_text_runtime_failure` are never used
   --> crates/kasumi-engine/src/admission/text_runtime.rs:624:19
    |
623 | impl MemoryCore {
    | --------------- methods in this implementation
624 |     pub(crate) fn text_runtime_report(&self) -> Option<SnapshotWorkReport> {
    |                   ^^^^^^^^^^^^^^^^^^^
...
634 |     pub(crate) fn acknowledge_text_runtime_failure(
    |                   ^^^^^^^^^^^^^^^^^^^^^^^^^^^^^^^^

warning: methods `retain_hit` and `retain_charged` are never used
   --> crates/kasumi-engine/src/admission/text_runtime_idle.rs:168:19
    |
104 | impl Cache {
    | ---------- methods in this implementation
...
168 |     pub(super) fn retain_hit(&self, runtime: &Runtime, core: &Arc<MemoryCore>) -> Result<()> {
    |                   ^^^^^^^^^^
...
183 |     pub(super) fn retain_charged(
    |                   ^^^^^^^^^^^^^^

warning: method `cache_capacity_after` is never used
  --> crates/kasumi-engine/src/admission/budget_events.rs:90:25
   |
 5 | impl MemoryCore {
   | --------------- method in this implementation
...
90 |     pub(crate) async fn cache_capacity_after(&self, prior: CacheHeadroom) -> CacheHeadroom {
   |                         ^^^^^^^^^^^^^^^^^^^^

warning: struct `CacheResidencyBounds` is never constructed
   --> crates/kasumi-engine/src/admission/budget_events.rs:119:19
    |
119 | pub(crate) struct CacheResidencyBounds {
    |                   ^^^^^^^^^^^^^^^^^^^^

warning: method `with_cache_residency_bounds` is never used
   --> crates/kasumi-engine/src/admission/budget_events.rs:126:19
    |
125 | impl MemoryCore {
    | --------------- method in this implementation
126 |     pub(crate) fn with_cache_residency_bounds<T>(
    |                   ^^^^^^^^^^^^^^^^^^^^^^^^^^^

warning: `kasumi-engine` (lib) generated 49 warnings (run `cargo fix --lib -p kasumi-engine` to apply 1 suggestion)
   Compiling kasumi-engine v0.1.0 (/private/tmp/kasumi-source-cohort-validation-v1/crates/kasumi-engine)
warning: unused import: `Retire`
  --> crates/kasumi-engine/src/primary_stage_cow.rs:12:78
   |
12 | use records::{CatalogEntry, CatalogId, CatalogMember, Manifest, ManifestRef, Retire, Root};
   |                                                                              ^^^^^^
   |
   = note: `#[warn(unused_imports)]` (part of `#[warn(unused)]`) on by default

warning: unused imports: `EditedCollection`, `OrderedEditFailure`, `PreparedOrderedCapture`, `PrimaryPublicationInventory`, and `VerifiedOrderedEdits`
   --> crates/kasumi-engine/src/primary_stage_cow.rs:463:5
    |
463 |     EditedCollection, OrderedEditFailure, PendingOrderedEdits, PreparedOrderedCapture,
    |     ^^^^^^^^^^^^^^^^  ^^^^^^^^^^^^^^^^^^                       ^^^^^^^^^^^^^^^^^^^^^^
464 |     PreparedOrderedWorkspace, PrimaryPublicationInventory, VerifiedOrderedEdits,
    |                               ^^^^^^^^^^^^^^^^^^^^^^^^^^^  ^^^^^^^^^^^^^^^^^^^^

warning: unused import: `QueryWorkspace`
   --> crates/kasumi-engine/src/query_source_work.rs:235:37
    |
235 |     use kasumi_query::{QueryMemory, QueryWorkspace};
    |                                     ^^^^^^^^^^^^^^

warning: unused import: `stage::index as staged`
 --> crates/kasumi-engine/src/primary_stage_index_span_tests.rs:7:5
  |
7 |     stage::index as staged,
  |     ^^^^^^^^^^^^^^^^^^^^^^

warning: unused import: `AcceptedPublicationInventory`
   --> crates/kasumi-engine/src/primary_projection.rs:208:5
    |
208 |     AcceptedPublicationInventory, CollectionAction, CollectionPublication, DocumentChange,
    |     ^^^^^^^^^^^^^^^^^^^^^^^^^^^^

warning: unused import: `AcceptedIndexEdits`
   --> crates/kasumi-engine/src/primary_projection.rs:212:5
    |
212 |     AcceptedIndexEdits, FieldSlot, IndexChange, IndexInputFailure, IndexOperation, IndexRole,
    |     ^^^^^^^^^^^^^^^^^^

warning: variable does not need to be mutable
   --> crates/kasumi-engine/src/primary_stage_index_rebuild.rs:190:13
    |
190 |         let mut work = Self {
    |             ----^^^^
    |             |
    |             help: remove this `mut`
    |
    = note: `#[warn(unused_mut)]` (part of `#[warn(unused)]`) on by default

warning: method `value` is never used
   --> crates/kasumi-engine/src/document_pool.rs:159:19
    |
107 | impl DocumentPool {
    | ----------------- method in this implementation
...
159 |     pub(crate) fn value<T: CachePayload>(
    |                   ^^^^^
    |
    = note: `#[warn(dead_code)]` (part of `#[warn(unused)]`) on by default

warning: field `grant` is never read
  --> crates/kasumi-engine/src/primary_stage_collection.rs:27:16
   |
13 | pub(crate) struct AcceptedPrimaryDraft {
   |                   -------------------- field in this struct
...
27 |     pub(super) grant: Reservation,
   |                ^^^^^

warning: method `check_draft_graph` is never used
   --> crates/kasumi-engine/src/primary_stage_collection_verify.rs:328:19
    |
323 | impl PrimaryStage<'_, '_> {
    | ------------------------- method in this implementation
...
328 |     pub(crate) fn check_draft_graph(
    |                   ^^^^^^^^^^^^^^^^^

warning: field `owner` is never read
  --> crates/kasumi-engine/src/primary_stage_baseline_capture.rs:18:5
   |
16 | pub(crate) struct BaselineCaptureFailure {
   |                   ---------------------- field in this struct
17 |     original: anyhow::Error,
18 |     owner: PreparedBaselineCapture,
   |     ^^^^^

warning: methods `original`, `retire`, and `visit_diagnostics` are never used
  --> crates/kasumi-engine/src/primary_stage_baseline_capture.rs:28:19
   |
27 | impl BaselineCaptureFailure {
   | --------------------------- methods in this implementation
28 |     pub(crate) fn original(&self) -> &anyhow::Error {
   |                   ^^^^^^^^
...
31 |     pub(crate) fn retire(&mut self) -> Result<kasumi_types::drain::DrainCompletion> {
   |                   ^^^^^^
...
34 |     pub(crate) fn visit_diagnostics(
   |                   ^^^^^^^^^^^^^^^^^

warning: methods `visit_diagnostics` and `retire` are never used
   --> crates/kasumi-engine/src/primary_stage_baseline_capture.rs:98:19
    |
 61 | impl PreparedBaselineCapture {
    | ---------------------------- methods in this implementation
...
 98 |     pub(crate) fn visit_diagnostics(
    |                   ^^^^^^^^^^^^^^^^^
...
106 |     pub(crate) fn retire(&mut self) -> Result<kasumi_types::drain::DrainCompletion> {
    |                   ^^^^^^

warning: method `proposed` is never used
  --> crates/kasumi-engine/src/primary_stage_ordered.rs:61:19
   |
45 | impl EditedCollection {
   | --------------------- method in this implementation
...
61 |     pub(crate) fn proposed(&self) -> Option<(Manifest, ManifestRef)> {
   |                   ^^^^^^^^

warning: field `resources` is never read
   --> crates/kasumi-engine/src/primary_stage_ordered.rs:158:5
    |
156 | pub(crate) struct OrderedEditFailure<'guard, 'engine> {
    |                   ------------------ field in this struct
157 |     original: anyhow::Error,
158 |     resources: OrderedResources<'guard, 'engine>,
    |     ^^^^^^^^^

warning: method `visit_diagnostics` is never used
   --> crates/kasumi-engine/src/primary_stage_ordered_capture.rs:114:19
    |
 33 | impl PreparedOrderedCapture {
    | --------------------------- method in this implementation
...
114 |     pub(crate) fn visit_diagnostics(
    |                   ^^^^^^^^^^^^^^^^^

warning: method `retire` is never used
   --> crates/kasumi-engine/src/primary_stage_ordered_workspace.rs:177:19
    |
 21 | impl PreparedOrderedWorkspace {
    | ----------------------------- method in this implementation
...
177 |     pub(crate) fn retire(&mut self) -> Result<kasumi_types::drain::DrainCompletion> {
    |                   ^^^^^^

warning: associated function `bind_index_baseline_prepared` is never used
   --> crates/kasumi-engine/src/primary_stage_index_baseline.rs:117:19
    |
105 | impl<'guard, 'engine> PrimaryStage<'guard, 'engine> {
    | --------------------------------------------------- associated function in this implementation
...
117 |     pub(crate) fn bind_index_baseline_prepared(
    |                   ^^^^^^^^^^^^^^^^^^^^^^^^^^^^

warning: field `grant` is never read
  --> crates/kasumi-engine/src/primary_stage_index_rebuild.rs:77:16
   |
67 | pub(super) struct Parts {
   |                   ----- field in this struct
...
77 |     pub(super) grant: Reservation,
   |                ^^^^^

warning: field `grant` is never read
  --> crates/kasumi-engine/src/primary_stage_index_text_import.rs:54:5
   |
50 | struct Work {
   |        ---- field in this struct
...
54 |     grant: Reservation,
   |     ^^^^^

warning: field `node` is never read
   --> crates/kasumi-engine/src/primary_stage_index_text_journal.rs:159:5
    |
156 | struct Owner {
    |        ----- field in this struct
...
159 |     node: Arc<NodeAdmission>,
    |     ^^^^

warning: method `reader` is never used
   --> crates/kasumi-engine/src/primary_stage_index_text_journal.rs:836:19
    |
825 | impl UnverifiedJournalSegment {
    | ----------------------------- method in this implementation
...
836 |     pub(crate) fn reader(&self) -> Result<&SegmentReader> {
    |                   ^^^^^^

warning: field `owner` is never read
   --> crates/kasumi-engine/src/primary_stage_index_text_journal.rs:902:5
    |
900 | struct OpenFailure {
    |        ----------- field in this struct
901 |     original: anyhow::Error,
902 |     owner: Mutex<UnverifiedJournalSegment>,
    |     ^^^^^

warning: function `close_failed_open` is never used
   --> crates/kasumi-engine/src/primary_stage_index_text_journal.rs:921:15
    |
921 | pub(crate) fn close_failed_open(error: &anyhow::Error) -> Result<bool> {
    |               ^^^^^^^^^^^^^^^^^

warning: field `grant` is never read
  --> crates/kasumi-engine/src/primary_stage_index_text_component_equivalence.rs:14:5
   |
11 | pub(in crate::primary_tree::stage::index) struct PreparedComponentComparison {
   |                                                  --------------------------- field in this struct
...
14 |     grant: Reservation,
   |     ^^^^^

warning: method `verify_component_equivalence` is never used
   --> crates/kasumi-engine/src/primary_stage_index_text_component_equivalence.rs:148:50
    |
143 | impl UnverifiedJournalSegment {
    | ----------------------------- method in this implementation
...
148 |     pub(in crate::primary_tree::stage::index) fn verify_component_equivalence(
    |                                                  ^^^^^^^^^^^^^^^^^^^^^^^^^^^^

warning: field `grant` is never read
  --> crates/kasumi-engine/src/primary_stage_index_text_producer.rs:74:16
   |
63 | pub(super) struct TextParts {
   |                   --------- field in this struct
...
74 |     pub(super) grant: Reservation,
   |                ^^^^^

warning: fields `next_segment`, `commit_opstamp`, and `runtime` are never read
  --> crates/kasumi-engine/src/primary_stage_index_text_baseline.rs:20:5
   |
15 | pub(crate) struct UnverifiedPhysicalTextSpan {
   |                   -------------------------- fields in this struct
...
20 |     next_segment: u64,
   |     ^^^^^^^^^^^^
...
23 |     commit_opstamp: u64,
   |     ^^^^^^^^^^^^^^
24 |     runtime: TextRuntime<Reservation>,
   |     ^^^^^^^

warning: method `visit_diagnostics` is never used
  --> crates/kasumi-engine/src/primary_stage_prepared_old.rs:91:19
   |
16 | impl PreparedPrimaryOld {
   | ----------------------- method in this implementation
...
91 |     pub(crate) fn visit_diagnostics(
   |                   ^^^^^^^^^^^^^^^^^

warning: method `request_cache_refill` is never used
   --> crates/kasumi-engine/src/primary_document_source.rs:203:19
    |
 88 | impl PrimaryDocumentSource {
    | -------------------------- method in this implementation
...
203 |     pub(crate) fn request_cache_refill(&self) -> ReadResult<(), ReadFailure> {
    |                   ^^^^^^^^^^^^^^^^^^^^

warning: field `plan` is never read
   --> crates/kasumi-engine/src/admission/text_runtime.rs:225:15
    |
225 |     Refused { plan: Plan, original: Error },
    |     -------   ^^^^
    |     |
    |     field in this variant

warning: method `preparation_failure` is never used
   --> crates/kasumi-engine/src/admission/text_runtime.rs:229:19
    |
228 | impl RequestFailure {
    | ------------------- method in this implementation
229 |     pub(crate) fn preparation_failure(&self) -> Option<&snapshot_work::SnapshotPreparationFailure> {
    |                   ^^^^^^^^^^^^^^^^^^^

warning: method `prepare_primary_document_source` is never used
    --> crates/kasumi-engine/src/service.rs:3199:8
     |
3195 | impl Database {
     | ------------- method in this implementation
...
3199 |     fn prepare_primary_document_source(
     |        ^^^^^^^^^^^^^^^^^^^^^^^^^^^^^^^

warning: method `cache_refill_session` is never used
    --> crates/kasumi-engine/src/service.rs:3219:8
     |
3218 | impl Database {
     | ------------- method in this implementation
3219 |     fn cache_refill_session(
     |        ^^^^^^^^^^^^^^^^^^^^

warning: method `start_primary_cache_refill` is never used
    --> crates/kasumi-engine/src/service.rs:3237:19
     |
3233 | impl Database {
     | ------------- method in this implementation
...
3237 |     pub(crate) fn start_primary_cache_refill(
     |                   ^^^^^^^^^^^^^^^^^^^^^^^^^^

warning: method `run` is never used
   --> crates/kasumi-engine/src/cache_refill_session.rs:255:25
    |
 80 | impl<'a> Session<'a> {
    | -------------------- method in this implementation
...
255 |     pub(crate) async fn run(&mut self) -> std::result::Result<(), Failure> {
    |                         ^^^

warning: `kasumi-engine` (lib test) generated 36 warnings (run `cargo fix --lib -p kasumi-engine --tests` to apply 7 suggestions)
    Finished `test` profile [unoptimized + debuginfo] target(s) in 34.20s
     Running unittests src/lib.rs (/Users/takemiyamakoto/dev/kasumi/target/disk-backed-cache/debug/deps/kasumi_engine-fe8ede86cb1fd23f)

running 12 tests
test primary_tree::stage::index::text_journal::envelope_tests::primary_index_text_journal_read_envelope_is_original_bounded_and_reusable ... ok
test primary_tree::stage::index::text_journal::ownership_tests::primary_index_text_journal_original_diagnostic_retains_credit_after_close ... ok
test primary_tree::stage::index::text_journal::ownership_tests::primary_index_text_journal_byte_views_keep_original_owner_for_close_retry ... ok
test primary_tree::stage::index::text_journal::ownership_tests::primary_index_text_journal_simultaneous_visitor_and_access_errors_remain_original ... ok
test primary_tree::stage::index::text_journal::ownership_tests::primary_index_text_journal_close_typed_error_preserves_retryable_owner ... ok
test primary_tree::stage::index::text_journal::ownership_tests::primary_index_text_journal_close_original_unwind_cannot_become_positive_drain ... ok
test primary_tree::stage::index::text_journal::ownership_tests::primary_index_text_journal_handle_registry_requires_positive_unwrap ... ok
test primary_tree::stage::index::text_journal::envelope_tests::primary_index_text_journal_atomic_metadata_debit_retained_until_positive_join ... ok
test primary_tree::stage::index::text_journal::comparison::tests::primary_index_text_component_equivalence_checks_access_after_final_term_visitor ... ok
test primary_tree::stage::index::text_journal::comparison::tests::primary_index_text_component_equivalence_checks_exact_tf_positions_norms_and_rows ... ok
test state::primary_projection::tests::index_text_producer_tests::private_journal_tests::primary_index_text_private_journal_original_read_refusal_keeps_credit_and_cleanup has been running for over 60 seconds
test state::primary_projection::tests::index_text_producer_tests::private_journal_tests::primary_index_text_private_journal_same_capture_serial_reuse_and_exact_native_tails has been running for over 60 seconds
test state::primary_projection::tests::index_text_producer_tests::private_journal_tests::primary_index_text_private_journal_original_read_refusal_keeps_credit_and_cleanup ... ok
test state::primary_projection::tests::index_text_producer_tests::private_journal_tests::primary_index_text_private_journal_same_capture_serial_reuse_and_exact_native_tails ... ok

test result: ok. 12 passed; 0 failed; 0 ignored; 0 measured; 965 filtered out; finished in 198.52s

Runner: 232.77s; exit=0; matching=1809/1809
