Command: cargo test --locked --offline --config profile.test.package.kasumi-kv.opt-level=3 --config profile.test.package.sha2.opt-level=3 -p kasumi-store -p kasumi-raft --all-features --lib --no-fail-fast -- prepared_point prepared_finish prepared_transfer single_point selected_application scratch_prepared_workspace_survives_capacity_pressure_after_prepare scratch_preparation_capacity_refusal_has_no_private_effect_and_retries --nocapture
CARGO_TARGET_DIR=target/disk-backed-cache
   Compiling stable_deref_trait v1.2.1
   Compiling hashbrown v0.17.1
   Compiling syn v3.0.5
   Compiling cc v1.4.5
   Compiling deranged v0.5.8
   Compiling time-macros v0.2.32
   Compiling serde_json v1.0.151 (/Users/takemiyamakoto/dev/kasumi/vendor/serde_json-1.0.151)
   Compiling kasumi-kv v0.1.0 (/Users/takemiyamakoto/dev/kasumi/crates/kasumi-kv)
   Compiling yoke v0.8.3
   Compiling indexmap v2.14.1
   Compiling ring v0.17.14
   Compiling time v0.3.55
   Compiling rustls v0.23.43
   Compiling rustls-webpki v0.103.15
   Compiling yasna v0.6.0
   Compiling displaydoc v0.2.7
   Compiling tokio-macros v2.7.2
   Compiling zerovec-derive v0.11.6
   Compiling futures-macro v0.3.34
   Compiling serde_derive v1.0.229
   Compiling thiserror-impl v2.0.20
   Compiling async-trait v0.1.92
   Compiling clap_derive v4.6.4
   Compiling rcgen v0.14.10
   Compiling tokio v1.53.1
   Compiling zerotrie v0.2.5
   Compiling futures-util v0.3.34
   Compiling zerovec v0.11.8
   Compiling thiserror v2.0.20
   Compiling futures-executor v0.3.34
   Compiling asn1-rs v0.7.2
   Compiling cobs v0.3.0
   Compiling futures v0.3.34
   Compiling clap v4.6.6
   Compiling tinystr v0.8.4
   Compiling potential_utf v0.1.6
   Compiling icu_collections v2.3.0
   Compiling icu_locale_core v2.3.0
   Compiling serde v1.0.229
   Compiling serde_urlencoded v0.7.1
   Compiling anyerror v0.1.13
   Compiling postcard v1.1.3
   Compiling validit v0.2.6
   Compiling der-parser v10.0.0
   Compiling oid-registry v0.8.1
   Compiling icu_provider v2.3.1
   Compiling x509-parser v0.18.1
   Compiling icu_properties v2.3.0
   Compiling icu_normalizer v2.3.0
   Compiling idna_adapter v1.2.2
   Compiling idna v1.1.0
   Compiling url v2.5.8
   Compiling tokio-util v0.7.19
   Compiling tokio-rustls v0.26.5
   Compiling tokio-stream v0.1.19
   Compiling openraft v0.9.25 (/Users/takemiyamakoto/dev/kasumi/vendor/openraft-0.9.25/openraft)
   Compiling kasumi-types v0.1.0 (/Users/takemiyamakoto/dev/kasumi/crates/kasumi-types)
   Compiling h2 v0.4.19
   Compiling tower v0.5.3
   Compiling tower-http v0.6.11
   Compiling hyper v1.11.1
   Compiling hyper-util v0.1.20
   Compiling hyper-timeout v0.5.2
   Compiling hyper-rustls v0.27.9
   Compiling axum v0.8.9
   Compiling tonic v0.14.6
   Compiling reqwest v0.12.28
   Compiling kasumi-transport v0.1.0 (/Users/takemiyamakoto/dev/kasumi/crates/kasumi-transport)
   Compiling kasumi-serving v0.1.0 (/Users/takemiyamakoto/dev/kasumi/crates/kasumi-serving)
   Compiling kasumi-store v0.1.0 (/Users/takemiyamakoto/dev/kasumi/crates/kasumi-store)
error[E0308]: mismatched types
  --> crates/kasumi-store/src/read_view/prepared_points_tests.rs:47:9
   |
47 |         self.node.shutdown().await
   |         ^^^^^^^^^^^^^^^^^^^^^^^^^^ expected `Result<(), Error>`, found `Result<(), DrainFailure>`
   |
   = note: expected enum `std::result::Result<_, anyhow::Error>`
              found enum `std::result::Result<_, DrainFailure>`

error[E0277]: the trait bound `&Vec<{integer}>: Into<Vec<u8>>` is not satisfied
   --> crates/kasumi-store/src/read_view/prepared_points_tests.rs:56:42
    |
 56 |         WriteOp::put("payload", b"long", &long),
    |         ------------                     ^^^^^ the trait `From<&Vec<{integer}>>` is not implemented for `Vec<u8>`
    |         |
    |         required by a bound introduced by this call
    |
    = note: required for `&Vec<{integer}>` to implement `Into<Vec<u8>>`
note: required by a bound in `WriteOp::put`
   --> crates/kasumi-store/src/lib.rs:211:21
    |
208 |     pub fn put(
    |            --- required by a bound in this associated function
...
211 |         value: impl Into<Vec<u8>>,
    |                     ^^^^^^^^^^^^^ required by this bound in `WriteOp::put`
help: consider dereferencing here
    |
 56 |         WriteOp::put("payload", b"long", &*long),
    |                                           +

   Compiling kasumi-raft v0.1.0 (/Users/takemiyamakoto/dev/kasumi/crates/kasumi-raft)
Some errors have detailed explanations: E0277, E0308.
For more information about an error, try `rustc --explain E0277`.
error: could not compile `kasumi-store` (lib test) due to 2 previous errors
warning: build failed, waiting for other jobs to finish...
Runner: 274.13s; exit=101; matching=861/861
