Command: cargo test --manifest-path vendor/openraft-0.9.25/openraft/Cargo.toml --locked --offline --features serde,storage-v2 --lib -- core::sm::pending_snapshot::funding_tests raft::bounded_apply_test core::sm::bounded_apply_tests --test-threads=1 --nocapture
ISOLATED_SOURCE=/tmp/kasumi-source-cohort-validation-v1
CARGO_TARGET_DIR=/Users/takemiyamakoto/dev/kasumi/target/disk-backed-cache
   Compiling openraft v0.9.25 (/private/tmp/kasumi-source-cohort-validation-v1/vendor/openraft-0.9.25/openraft)
    Finished `test` profile [unoptimized + debuginfo] target(s) in 33.62s
     Running unittests src/lib.rs (/Users/takemiyamakoto/dev/kasumi/target/disk-backed-cache/debug/deps/openraft-5e17d9bd08c72f35)

running 15 tests
test core::sm::bounded_apply_tests::actual_commit_handoff_coalesces_without_channel_nodes_and_rejects_disconnected_ranges ... ok
test core::sm::bounded_apply_tests::actual_worker_waits_for_each_consumed_prefix_before_reading_or_building_snapshot ... ok
test core::sm::bounded_apply_tests::closed_core_before_notification_retains_the_actual_response_batch ... ok
test core::sm::bounded_apply_tests::dropped_core_notification_retains_the_actual_opaque_responses_and_original_worker_error ... ok
test core::sm::bounded_apply_tests::pending_snapshot_keeps_source_and_permit_after_waiter_cancel_until_safe_acceptance ... ok
test core::sm::bounded_apply_tests::queued_command_and_pending_take_race_preserves_one_exact_preceding_obligation ... ok
test core::sm::bounded_apply_tests::unknown_response_delivery_unwind_retains_remaining_originals_and_a_delivery_marker ... 
thread 'core::sm::bounded_apply_tests::unknown_response_delivery_unwind_retains_remaining_originals_and_a_delivery_marker' (26434363) panicked at openraft/src/core/sm/bounded_apply_tests.rs:492:9:
actual delivery task unwound after moving one reply
note: run with `RUST_BACKTRACE=1` environment variable to display a backtrace
ok
test core::sm::pending_snapshot::funding_tests::actual_snapshot_and_signal_allocations_retire_before_last_observer_or_waker_charge ... ok
test core::sm::pending_snapshot::funding_tests::actual_snapshot_constructor_fits_quote_and_first_decision_needs_no_allocation ... 
thread 'core::sm::pending_snapshot::funding_tests::actual_snapshot_constructor_fits_quote_and_first_decision_needs_no_allocation' (26434365) panicked at openraft/src/core/sm/pending_snapshot/funding_tests.rs:176:5:
assertion `left == right` failed: first actual decision/wake created late unquoted backing
  left: 64
 right: 0
FAILED
test raft::bounded_apply_test::actual_internal_noop_refusal_joins_and_closes_without_accepting_noop ... ok
test raft::bounded_apply_test::actual_source_wake_retries_same_snapshot_with_ticks_disabled ... ok
test raft::bounded_apply_test::blocked_committed_read_keeps_votes_and_appends_live_and_cancelled_snapshot_behind_exact_apply ... ok
test raft::bounded_apply_test::cancelled_shutdown_retains_pending_snapshot_and_unconsumed_real_apply_owner ... ok
test raft::bounded_apply_test::higher_vote_during_snapshot_preparation_cancels_before_conflict_acceptance ... 
thread 'raft::bounded_apply_test::higher_vote_during_snapshot_preparation_cancels_before_conflict_acceptance' (26434370) panicked at openraft/src/raft/bounded_apply_test.rs:648:9:
assertion failed: response.vote_granted
FAILED
test raft::bounded_apply_test::joined_shutdown_positively_cancels_unaccepted_prepared_snapshot ... ok

failures:

failures:
    core::sm::pending_snapshot::funding_tests::actual_snapshot_constructor_fits_quote_and_first_decision_needs_no_allocation
    raft::bounded_apply_test::higher_vote_during_snapshot_preparation_cancels_before_conflict_acceptance

test result: FAILED. 13 passed; 2 failed; 0 ignored; 0 measured; 236 filtered out; finished in 0.06s

error: test failed, to rerun pass `--lib`
Runner: 33.78s; exit=101; matching=1602/1602
