Command: cargo test --locked --offline --config profile.test.package.kasumi-kv.opt-level=3 --config profile.test.package.sha2.opt-level=3 -p kasumi-kv -p kasumi-store -p kasumi-raft -p kasumi-engine -p kasumi-authority --all-features --lib --no-fail-fast -- owned_prepared_candidate_retirement_ tracked_prepared_restore_ fixed_snapshot_capacity_wakes_ snapshot_source_capacity_waiter_ non_application_capacity_has_one_charged_token_ snapshot_owned_body_ snapshot_retirement_ --nocapture
ISOLATED_SOURCE=/tmp/kasumi-source-cohort-validation-v1
CARGO_TARGET_DIR=/Users/takemiyamakoto/dev/kasumi/target/disk-backed-cache
   Compiling kasumi-raft v0.1.0 (/private/tmp/kasumi-source-cohort-validation-v1/crates/kasumi-raft)
warning: field `0` is never read
  --> crates/kasumi-raft/src/owned_prepared_restore.rs:24:33
   |
24 | struct CandidateRetirementPanic(std::sync::Mutex<Box<dyn std::any::Any + Send>>);
   |        ------------------------ ^^^^^^^^^^^^^^^^^^^^^^^^^^^^^^^^^^^^^^^^^^^^^^^
   |        |
   |        field in this struct
   |
   = help: consider removing this field
   = note: `#[warn(dead_code)]` (part of `#[warn(unused)]`) on by default

warning: methods `register_snapshot_capacity_waiter`, `clear_snapshot_capacity_waiter`, and `prepare_snapshot` are never used
   --> crates/kasumi-raft/src/non_application_source_capacity.rs:80:19
    |
 79 | impl FixedProvider {
    | ------------------ methods in this implementation
 80 |     pub(crate) fn register_snapshot_capacity_waiter(&self, ready: &Waker) -> Result<()> {
    |                   ^^^^^^^^^^^^^^^^^^^^^^^^^^^^^^^^^
...
100 |     pub(crate) fn clear_snapshot_capacity_waiter(&self) -> Result<()> {
    |                   ^^^^^^^^^^^^^^^^^^^^^^^^^^^^^^
...
110 |     pub(crate) fn prepare_snapshot(&self) -> CapacityPreparation {
    |                   ^^^^^^^^^^^^^^^^

warning: variant `SnapshotPublication` is never constructed
  --> crates/kasumi-raft/src/selected_application/plan.rs:38:5
   |
33 | enum AppliedOrigin {
   |      ------------- variant in this enum
...
38 |     SnapshotPublication,
   |     ^^^^^^^^^^^^^^^^^^^
   |
   = note: `AppliedOrigin` has a derived impl for the trait `Clone`, but this is intentionally ignored during dead code analysis

warning: method `observe_snapshot_writes` is never used
   --> crates/kasumi-raft/src/selected_application/control_memory.rs:274:19
    |
263 | impl ControlMemory {
    | ------------------ method in this implementation
...
274 |     pub(super) fn observe_snapshot_writes(
    |                   ^^^^^^^^^^^^^^^^^^^^^^^

warning: associated functions `for_publication` and `at` are never used
  --> crates/kasumi-raft/src/selected_application/snapshot_source_envelope.rs:23:19
   |
18 | impl PreparedSnapshotSourceEnvelope {
   | ----------------------------------- associated functions in this implementation
...
23 |     pub(crate) fn for_publication(
   |                   ^^^^^^^^^^^^^^^
...
39 |     fn at(
   |        ^^

warning: function `write_effect` is never used
   --> crates/kasumi-raft/src/selected_application/snapshot_source_envelope.rs:235:4
    |
235 | fn write_effect<'a>(
    |    ^^^^^^^^^^^^

warning: function `prospective_bound` is never used
   --> crates/kasumi-raft/src/selected_application/snapshot_source_envelope.rs:253:4
    |
253 | fn prospective_bound(
    |    ^^^^^^^^^^^^^^^^^

warning: function `prospective_record` is never used
   --> crates/kasumi-raft/src/selected_application/snapshot_source_envelope.rs:279:4
    |
279 | fn prospective_record<'a>(
    |    ^^^^^^^^^^^^^^^^^^

warning: fields `joint_effects` and `context_identity` are never read
  --> crates/kasumi-raft/src/selected_application/closed_snapshot_source_envelope.rs:13:5
   |
10 | pub struct PreparedClosedSnapshotSourceEnvelope {
   |            ------------------------------------ fields in this struct
...
13 |     joint_effects: [u8; 32],
   |     ^^^^^^^^^^^^^
14 |     context_identity: [u8; 32],
   |     ^^^^^^^^^^^^^^^^
   |
   = note: `PreparedClosedSnapshotSourceEnvelope` has a derived impl for the trait `Clone`, but this is intentionally ignored during dead code analysis

warning: associated items `for_publication` and `require_producer` are never used
  --> crates/kasumi-raft/src/selected_application/closed_snapshot_source_envelope.rs:19:19
   |
18 | impl PreparedClosedSnapshotSourceEnvelope {
   | ----------------------------------------- associated items in this implementation
19 |     pub(crate) fn for_publication(
   |                   ^^^^^^^^^^^^^^^
...
60 |     pub(crate) fn require_producer(
   |                   ^^^^^^^^^^^^^^^^

warning: method `prepared_snapshot_publication` is never used
   --> crates/kasumi-raft/src/custody_machine.rs:168:19
    |
134 | impl CustodyMachine {
    | ------------------- method in this implementation
...
168 |     pub(crate) fn prepared_snapshot_publication(
    |                   ^^^^^^^^^^^^^^^^^^^^^^^^^^^^^

warning: variant `Retiring` is never constructed
  --> crates/kasumi-raft/src/custody_snapshot_preparation.rs:23:5
   |
17 | enum Phase {
   |      ----- variant in this enum
...
23 |     Retiring,
   |     ^^^^^^^^
   |
   = note: `Phase` has a derived impl for the trait `Clone`, but this is intentionally ignored during dead code analysis

warning: field `retirement` is never read
  --> crates/kasumi-raft/src/custody_snapshot_preparation.rs:31:5
   |
26 | struct PreparedCustodyWrites {
   |        --------------------- field in this struct
...
31 |     retirement: DrainReport,
   |     ^^^^^^^^^^

warning: method `retire_staging` is never used
   --> crates/kasumi-raft/src/custody_snapshot_preparation.rs:140:8
    |
 33 | impl PreparedCustodyWrites {
    | -------------------------- method in this implementation
...
140 |     fn retire_staging(&mut self) -> DrainResult {
    |        ^^^^^^^^^^^^^^

warning: enum `StoreOwner` is never used
   --> crates/kasumi-raft/src/custody_snapshot_preparation.rs:167:17
    |
167 | pub(crate) enum StoreOwner {
    |                 ^^^^^^^^^^

warning: method `custody` is never used
   --> crates/kasumi-raft/src/custody_snapshot_preparation.rs:172:8
    |
171 | impl StoreOwner {
    | --------------- method in this implementation
172 |     fn custody(&self) -> &CustodyStore {
    |        ^^^^^^^

warning: struct `PreparedCustodySnapshotPublication` is never constructed
   --> crates/kasumi-raft/src/custody_snapshot_preparation.rs:180:19
    |
180 | pub(crate) struct PreparedCustodySnapshotPublication {
    |                   ^^^^^^^^^^^^^^^^^^^^^^^^^^^^^^^^^^

warning: multiple associated items are never used
   --> crates/kasumi-raft/src/custody_snapshot_preparation.rs:189:19
    |
188 | impl PreparedCustodySnapshotPublication {
    | --------------------------------------- associated items in this implementation
189 |     pub(crate) fn for_application(
    |                   ^^^^^^^^^^^^^^^
...
201 |     pub(crate) fn for_custody(
    |                   ^^^^^^^^^^^
...
215 |     pub(crate) fn prepare(
    |                   ^^^^^^^
...
228 |     pub(crate) fn prepared_application_writes(
    |                   ^^^^^^^^^^^^^^^^^^^^^^^^^^^
...
247 |     pub(crate) fn publish(&mut self, control: &OwnedControlGuard) -> Result<()> {
    |                   ^^^^^^^
...
251 |     pub(crate) fn publication_started(&self) -> bool {
    |                   ^^^^^^^^^^^^^^^^^^^
...
254 |     pub(crate) fn retirement_store(&self) -> StoreOwner {
    |                   ^^^^^^^^^^^^^^^^
...
257 |     pub(crate) fn meta(&self) -> &openraft::SnapshotMeta<u64, crate::BasicNode> {
    |                   ^^^^
...
260 |     pub(crate) fn retire_staging(&mut self) -> DrainResult {
    |                   ^^^^^^^^^^^^^^

warning: enum `ImageRetirement` is never used
   --> crates/kasumi-raft/src/custody_snapshot_preparation.rs:326:6
    |
326 | enum ImageRetirement {
    |      ^^^^^^^^^^^^^^^

warning: struct `SnapshotRetirementPanic` is never constructed
   --> crates/kasumi-raft/src/custody_snapshot_preparation.rs:331:8
    |
331 | struct SnapshotRetirementPanic(std::sync::Mutex<Box<dyn std::any::Any + Send>>);
    |        ^^^^^^^^^^^^^^^^^^^^^^^

warning: function `observe_retirement` is never used
   --> crates/kasumi-raft/src/custody_snapshot_preparation.rs:344:4
    |
344 | fn observe_retirement(
    |    ^^^^^^^^^^^^^^^^^^

warning: function `retire_image` is never used
   --> crates/kasumi-raft/src/custody_snapshot_preparation.rs:381:4
    |
381 | fn retire_image(
    |    ^^^^^^^^^^^^

warning: method `retire_staging` is never used
   --> crates/kasumi-raft/src/custody_records.rs:251:19
    |
248 | impl Records {
    | ------------ method in this implementation
...
251 |     pub(crate) fn retire_staging(
    |                   ^^^^^^^^^^^^^^

warning: variant `Freezing` is never constructed
  --> crates/kasumi-raft/src/snapshot_buffer.rs:32:5
   |
29 | enum Backing {
   |      ------- variant in this enum
...
32 |     Freezing(Option<Box<EncryptedSpool>>),
   |     ^^^^^^^^
   |
   = note: `Backing` has a derived impl for the trait `Debug`, but this is intentionally ignored during dead code analysis

warning: variant `Freeze` is never constructed
  --> crates/kasumi-raft/src/snapshot_buffer.rs:39:5
   |
36 | enum Completion {
   |      ---------- variant in this enum
...
39 |     Freeze,
   |     ^^^^^^
   |
   = note: `Completion` has a derived impl for the trait `Debug`, but this is intentionally ignored during dead code analysis

warning: variant `Freeze` is never constructed
  --> crates/kasumi-raft/src/snapshot_buffer.rs:46:5
   |
43 | enum Kind {
   |      ---- variant in this enum
...
46 |     Freeze,
   |     ^^^^^^
   |
   = note: `Kind` has a derived impl for the trait `Debug`, but this is intentionally ignored during dead code analysis

warning: methods `prepare_fixed_snapshot_capacity`, `register_snapshot_capacity_waiter`, and `clear_snapshot_capacity_waiter` are never used
   --> crates/kasumi-raft/src/snapshot_buffer.rs:403:19
    |
327 | impl SnapshotBufferOwner {
    | ------------------------ methods in this implementation
...
403 |     pub(crate) fn prepare_fixed_snapshot_capacity(
    |                   ^^^^^^^^^^^^^^^^^^^^^^^^^^^^^^^
...
623 |     pub(crate) fn register_snapshot_capacity_waiter(&self, ready: &Waker) -> anyhow::Result<()> {
    |                   ^^^^^^^^^^^^^^^^^^^^^^^^^^^^^^^^^
...
642 |     pub(crate) fn clear_snapshot_capacity_waiter(&self) -> anyhow::Result<()> {
    |                   ^^^^^^^^^^^^^^^^^^^^^^^^^^^^^^

warning: method `prepare_image` is never used
    --> crates/kasumi-raft/src/snapshot_buffer.rs:1464:25
     |
1409 | impl SnapshotBuffer {
     | ------------------- method in this implementation
...
1464 |     pub(crate) async fn prepare_image(&mut self) -> io::Result<SnapshotImage> {
     |                         ^^^^^^^^^^^^^

warning: method `source_capacity_seed` is never used
   --> crates/kasumi-raft/src/snapshot_custody.rs:102:19
    |
 99 | impl SnapshotRetirement {
    | ----------------------- method in this implementation
...
102 |     pub(crate) fn source_capacity_seed(&self) -> &[u8] {
    |                   ^^^^^^^^^^^^^^^^^^^^

warning: method `prepare_engine_publication` is never used
    --> crates/kasumi-raft/src/storage.rs:1118:19
     |
1080 | impl PendingSnapshot {
     | -------------------- method in this implementation
...
1118 |     pub(crate) fn prepare_engine_publication<'backend>(
     |                   ^^^^^^^^^^^^^^^^^^^^^^^^^^

warning: enum `SnapshotPublicationPhase` is never used
    --> crates/kasumi-raft/src/storage.rs:1172:6
     |
1172 | enum SnapshotPublicationPhase {
     |      ^^^^^^^^^^^^^^^^^^^^^^^^

warning: struct `PreparedEngineSnapshotPublication` is never constructed
    --> crates/kasumi-raft/src/storage.rs:1178:19
     |
1178 | pub(crate) struct PreparedEngineSnapshotPublication<'backend> {
     |                   ^^^^^^^^^^^^^^^^^^^^^^^^^^^^^^^^^

warning: methods `source` and `publish` are never used
    --> crates/kasumi-raft/src/storage.rs:1188:19
     |
1187 | impl PreparedEngineSnapshotPublication<'_> {
     | ------------------------------------------ methods in this implementation
1188 |     pub(crate) fn source(&self) -> &crate::PreparedSnapshotSourceEnvelope {
     |                   ^^^^^^
...
1191 |     pub(crate) fn publish(&mut self, domains: &TenantStorageSet) -> Result<()> {
     |                   ^^^^^^^

warning: field `actor_role` is never read
    --> crates/kasumi-raft/src/storage.rs:1288:5
     |
1287 | pub struct StateMachine {
     |            ------------ field in this struct
1288 |     actor_role: crate::SourceActorRole,
     |     ^^^^^^^^^^
     |
     = note: `StateMachine` has a derived impl for the trait `Clone`, but this is intentionally ignored during dead code analysis

warning: struct `OwnedControlGuard` is never constructed
   --> crates/kasumi-raft/src/storage/control_gate.rs:107:19
    |
107 | pub(crate) struct OwnedControlGuard {
    |                   ^^^^^^^^^^^^^^^^^

warning: method `require_gate` is never used
   --> crates/kasumi-raft/src/storage/control_gate.rs:114:19
    |
111 | impl OwnedControlGuard {
    | ---------------------- method in this implementation
...
114 |     pub(crate) fn require_gate(&self, gate: &ControlGateRef) -> anyhow::Result<()> {
    |                   ^^^^^^^^^^^^

warning: methods `ptr_eq` and `lock_owned` are never used
   --> crates/kasumi-raft/src/storage/control_gate_registry.rs:106:19
    |
105 | impl ControlGateRef {
    | ------------------- methods in this implementation
106 |     pub(crate) fn ptr_eq(&self, other: &Self) -> bool {
    |                   ^^^^^^
...
112 |     pub(crate) fn lock_owned(&self) -> Result<OwnedControlGuard, super::Poisoned> {
    |                   ^^^^^^^^^^

warning: enum `SnapshotBodyCapacity` is never used
 --> crates/kasumi-raft/src/storage/owned_snapshot_body.rs:7:17
  |
7 | pub(crate) enum SnapshotBodyCapacity {
  |                 ^^^^^^^^^^^^^^^^^^^^

warning: enum `Phase` is never used
  --> crates/kasumi-raft/src/storage/owned_snapshot_body.rs:13:6
   |
13 | enum Phase {
   |      ^^^^^

warning: struct `PreparedApplicationSnapshot` is never constructed
  --> crates/kasumi-raft/src/storage/owned_snapshot_body.rs:27:19
   |
27 | pub(crate) struct PreparedApplicationSnapshot {
   |                   ^^^^^^^^^^^^^^^^^^^^^^^^^^^

warning: multiple associated items are never used
   --> crates/kasumi-raft/src/storage/owned_snapshot_body.rs:60:19
    |
 57 | impl PreparedApplicationSnapshot {
    | -------------------------------- associated items in this implementation
...
 60 |     pub(crate) fn new(
    |                   ^^^
...
 95 |     pub(crate) fn prepare(&mut self) -> Result<()> {
    |                   ^^^^^^^
...
156 |     pub(crate) fn prepare_capacity(
    |                   ^^^^^^^^^^^^^^^^
...
206 |     pub(crate) fn publish(&mut self) -> Result<()> {
    |                   ^^^^^^^
...
235 |     pub(crate) fn retire_staging(&mut self) -> DrainResult {
    |                   ^^^^^^^^^^^^^^
...
292 |     pub(crate) fn publication_started(&self) -> bool {
    |                   ^^^^^^^^^^^^^^^^^^^
...
296 |     pub(crate) fn control(&self) -> &control_gate::OwnedControlGuard {
    |                   ^^^^^^^
...
299 |     pub(crate) fn meta(&self) -> &SnapshotMeta<u64, BasicNode> {
    |                   ^^^^
...
302 |     pub(crate) fn source(&self) -> Option<&crate::PreparedSnapshotSourceEnvelope> {
    |                   ^^^^^^

warning: enum `ClosedSnapshotRole` is never used
   --> crates/kasumi-raft/src/storage/owned_snapshot_body.rs:309:17
    |
309 | pub(crate) enum ClosedSnapshotRole {
    |                 ^^^^^^^^^^^^^^^^^^

warning: struct `PreparedClosedSnapshot` is never constructed
   --> crates/kasumi-raft/src/storage/owned_snapshot_body.rs:314:19
    |
314 | pub(crate) struct PreparedClosedSnapshot {
    |                   ^^^^^^^^^^^^^^^^^^^^^^

warning: multiple associated items are never used
   --> crates/kasumi-raft/src/storage/owned_snapshot_body.rs:342:19
    |
339 | impl PreparedClosedSnapshot {
    | --------------------------- associated items in this implementation
...
342 |     pub(crate) fn for_application(
    |                   ^^^^^^^^^^^^^^^
...
367 |     pub(crate) fn for_custody(
    |                   ^^^^^^^^^^^
...
385 |     fn new(
    |        ^^^
...
413 |     pub(crate) fn prepare(&mut self) -> Result<()> {
    |                   ^^^^^^^
...
444 |     pub(crate) fn prepare_capacity(
    |                   ^^^^^^^^^^^^^^^^
...
481 |     pub(crate) fn publish(&mut self) -> Result<()> {
    |                   ^^^^^^^
...
504 |     pub(crate) fn retire_staging(&mut self) -> DrainResult {
    |                   ^^^^^^^^^^^^^^
...
524 |     pub(crate) fn meta(&self) -> &SnapshotMeta<u64, BasicNode> {
    |                   ^^^^
...
527 |     pub(crate) fn publication_started(&self) -> bool {
    |                   ^^^^^^^^^^^^^^^^^^^
...
530 |     pub(crate) fn control(&self) -> &control_gate::OwnedControlGuard {
    |                   ^^^^^^^

warning: struct `SnapshotRetirementCustody` is never constructed
   --> crates/kasumi-raft/src/storage/owned_snapshot_body.rs:537:19
    |
537 | pub(crate) struct SnapshotRetirementCustody {
    |                   ^^^^^^^^^^^^^^^^^^^^^^^^^

warning: enum `PreparedSnapshotBody` is never used
   --> crates/kasumi-raft/src/storage/owned_snapshot_body.rs:551:17
    |
551 | pub(crate) enum PreparedSnapshotBody {
    |                 ^^^^^^^^^^^^^^^^^^^^

warning: multiple methods are never used
   --> crates/kasumi-raft/src/storage/owned_snapshot_body.rs:556:19
    |
555 | impl PreparedSnapshotBody {
    | ------------------------- methods in this implementation
556 |     pub(crate) fn retain_capacity(
    |                   ^^^^^^^^^^^^^^^
...
570 |     pub(crate) fn take_retirement_custody(&mut self) -> SnapshotRetirementCustody {
    |                   ^^^^^^^^^^^^^^^^^^^^^^^
...
586 |     pub(crate) fn prepare(&mut self) -> Result<()> {
    |                   ^^^^^^^
...
592 |     pub(crate) fn prepare_capacity(
    |                   ^^^^^^^^^^^^^^^^
...
601 |     pub(crate) fn publish(&mut self) -> Result<()> {
    |                   ^^^^^^^
...
607 |     pub(crate) fn retire_staging(&mut self) -> DrainResult {
    |                   ^^^^^^^^^^^^^^
...
613 |     pub(crate) fn meta(&self) -> &SnapshotMeta<u64, BasicNode> {
    |                   ^^^^
...
619 |     pub(crate) fn publication_started(&self) -> bool {
    |                   ^^^^^^^^^^^^^^^^^^^
...
625 |     pub(crate) fn control(&self) -> &control_gate::OwnedControlGuard {
    |                   ^^^^^^^

warning: enum `ImageRetirement` is never used
   --> crates/kasumi-raft/src/storage/owned_snapshot_body.rs:634:6
    |
634 | enum ImageRetirement {
    |      ^^^^^^^^^^^^^^^

warning: struct `SnapshotRetirementPanic` is never constructed
   --> crates/kasumi-raft/src/storage/owned_snapshot_body.rs:639:8
    |
639 | struct SnapshotRetirementPanic(std::sync::Mutex<Box<dyn std::any::Any + Send>>);
    |        ^^^^^^^^^^^^^^^^^^^^^^^

warning: function `observe_retirement` is never used
   --> crates/kasumi-raft/src/storage/owned_snapshot_body.rs:652:4
    |
652 | fn observe_retirement(
    |    ^^^^^^^^^^^^^^^^^^

warning: function `retire_image` is never used
   --> crates/kasumi-raft/src/storage/owned_snapshot_body.rs:689:4
    |
689 | fn retire_image(
    |    ^^^^^^^^^^^^

   Compiling kasumi-engine v0.1.0 (/private/tmp/kasumi-source-cohort-validation-v1/crates/kasumi-engine)
warning: method `prepared_snapshot_publication` is never used
   --> crates/kasumi-raft/src/custody_machine.rs:168:19
    |
134 | impl CustodyMachine {
    | ------------------- method in this implementation
...
168 |     pub(crate) fn prepared_snapshot_publication(
    |                   ^^^^^^^^^^^^^^^^^^^^^^^^^^^^^
    |
    = note: `#[warn(dead_code)]` (part of `#[warn(unused)]`) on by default

warning: methods `retirement_store` and `meta` are never used
   --> crates/kasumi-raft/src/custody_snapshot_preparation.rs:254:19
    |
188 | impl PreparedCustodySnapshotPublication {
    | --------------------------------------- methods in this implementation
...
254 |     pub(crate) fn retirement_store(&self) -> StoreOwner {
    |                   ^^^^^^^^^^^^^^^^
...
257 |     pub(crate) fn meta(&self) -> &openraft::SnapshotMeta<u64, crate::BasicNode> {
    |                   ^^^^

warning: field `0` is never read
   --> crates/kasumi-raft/src/custody_snapshot_preparation.rs:331:32
    |
331 | struct SnapshotRetirementPanic(std::sync::Mutex<Box<dyn std::any::Any + Send>>);
    |        ----------------------- ^^^^^^^^^^^^^^^^^^^^^^^^^^^^^^^^^^^^^^^^^^^^^^^
    |        |
    |        field in this struct
    |
    = help: consider removing this field

warning: variants `BindingSource`, `Ready`, `Publishing`, and `Published` are never constructed
  --> crates/kasumi-raft/src/storage/owned_snapshot_body.rs:20:5
   |
13 | enum Phase {
   |      ----- variants in this enum
...
20 |     BindingSource,
   |     ^^^^^^^^^^^^^
21 |     Ready,
   |     ^^^^^
22 |     Publishing,
   |     ^^^^^^^^^^
23 |     Published,
   |     ^^^^^^^^^
   |
   = note: `Phase` has derived impls for the traits `Debug` and `Clone`, but these are intentionally ignored during dead code analysis

warning: field `capacity` is never read
  --> crates/kasumi-raft/src/storage/owned_snapshot_body.rs:38:5
   |
27 | pub(crate) struct PreparedApplicationSnapshot {
   |                   --------------------------- field in this struct
...
38 |     capacity: Option<openraft::storage::capacity::PreparedCapacity>,
   |     ^^^^^^^^

warning: methods `prepare_capacity`, `publish`, and `control` are never used
   --> crates/kasumi-raft/src/storage/owned_snapshot_body.rs:156:19
    |
 57 | impl PreparedApplicationSnapshot {
    | -------------------------------- methods in this implementation
...
156 |     pub(crate) fn prepare_capacity(
    |                   ^^^^^^^^^^^^^^^^
...
206 |     pub(crate) fn publish(&mut self) -> Result<()> {
    |                   ^^^^^^^
...
296 |     pub(crate) fn control(&self) -> &control_gate::OwnedControlGuard {
    |                   ^^^^^^^

warning: `kasumi-raft` (lib) generated 51 warnings
warning: methods `prepare` and `prepare_kind` are never used
   --> crates/kasumi-engine/src/application_sources.rs:756:19
    |
648 | impl SourceRootsRef {
    | ------------------- methods in this implementation
...
756 |     pub(crate) fn prepare(&self) -> Result<RootPreparation> {
    |                   ^^^^^^^
...
795 |     fn prepare_kind(&self, canonical: bool) -> Result<RootPreparation> {
    |        ^^^^^^^^^^^^
    |
    = note: `#[warn(dead_code)]` (part of `#[warn(unused)]`) on by default

warning: `kasumi-raft` (lib test) generated 15 warnings (9 duplicates)
warning: `kasumi-engine` (lib) generated 1 warning
   Compiling kasumi-authority v0.1.0 (/private/tmp/kasumi-source-cohort-validation-v1/crates/kasumi-authority)
    Finished `test` profile [unoptimized + debuginfo] target(s) in 4m 05s
     Running unittests src/lib.rs (/Users/takemiyamakoto/dev/kasumi/target/disk-backed-cache/debug/deps/kasumi_authority-e63a7f831ec29de9)

running 0 tests

test result: ok. 0 passed; 0 failed; 0 ignored; 0 measured; 78 filtered out; finished in 0.00s

     Running unittests src/lib.rs (/Users/takemiyamakoto/dev/kasumi/target/disk-backed-cache/debug/deps/kasumi_engine-707e7a92ed2be845)

running 1 test
test application_sources::tests::cohort_tests::snapshot_source_capacity_waiter_is_distinct_and_pending_does_not_wake_itself ... ok

test result: ok. 1 passed; 0 failed; 0 ignored; 0 measured; 678 filtered out; finished in 0.90s

     Running unittests src/lib.rs (/Users/takemiyamakoto/dev/kasumi/target/disk-backed-cache/debug/deps/kasumi_kv-221aa5373d25965b)

running 0 tests

test result: ok. 0 passed; 0 failed; 0 ignored; 0 measured; 555 filtered out; finished in 0.00s

     Running unittests src/lib.rs (/Users/takemiyamakoto/dev/kasumi/target/disk-backed-cache/debug/deps/kasumi_raft-80f97d1b4f50c7fa)

running 6 tests

thread 'storage::owned_snapshot_body::tests::snapshot_retirement_keeps_original_unwind_and_never_reenters_callback' (25968847) panicked at crates/kasumi-raft/src/storage/owned_snapshot_body.rs:742:17:
Box<dyn Any>
note: run with `RUST_BACKTRACE=1` environment variable to display a backtrace

thread 'owned_prepared_restore::tests::owned_prepared_candidate_retirement_observes_actual_drop_before_lifecycle_release' (25968845) panicked at crates/kasumi-raft/src/owned_prepared_restore.rs:411:17:
Box<dyn Any>
test storage::owned_snapshot_body::tests::snapshot_retirement_keeps_original_unwind_and_never_reenters_callback ... ok
test lifetime::tests::tracked_prepared_restore_retains_same_lease_after_failed_publication ... ok
test owned_prepared_restore::tests::owned_prepared_candidate_retirement_observes_actual_drop_before_lifecycle_release ... ok

thread 'non_application_source_capacity::tests::fixed_snapshot_capacity_wakes_only_after_actual_token_release_and_unregisters' (25968843) panicked at crates/kasumi-raft/src/selected_application/allocation_tests.rs:107:5:
assertion `left == right` failed
  left: (64, 64)
 right: (0, 0)
test non_application_source_capacity::tests::non_application_capacity_has_one_charged_token_and_bounded_actual_allocations ... ok
test non_application_source_capacity::tests::fixed_snapshot_capacity_wakes_only_after_actual_token_release_and_unregisters ... FAILED
test selected_application::plan::snapshot_source_envelope::tests::snapshot_owned_body_keeps_actual_staging_and_candidate_after_repeated_prepare ... ok

failures:

failures:
    non_application_source_capacity::tests::fixed_snapshot_capacity_wakes_only_after_actual_token_release_and_unregisters

test result: FAILED. 5 passed; 1 failed; 0 ignored; 0 measured; 222 filtered out; finished in 1.19s

error: test failed, to rerun pass `-p kasumi-raft --lib`
     Running unittests src/lib.rs (/Users/takemiyamakoto/dev/kasumi/target/disk-backed-cache/debug/deps/kasumi_store-6fd2a1f28b2df75c)

running 0 tests

test result: ok. 0 passed; 0 failed; 0 ignored; 0 measured; 729 filtered out; finished in 0.00s

error: 1 target failed:
    `-p kasumi-raft --lib`
Runner: 247.41s; exit=101; matching=1579/1579
