Command: cargo test -p kasumi-store --all-features --lib --locked --offline --config profile.test.package.kasumi-kv.opt-level=3 --config profile.test.package.sha2.opt-level=3 -- --test-threads=1 --nocapture production_tenant_point_read_retires_routine_failures_and_keeps_cancelled_child
CARGO_TARGET_DIR=target/disk-backed-cache
   Compiling kasumi-store v0.1.0 (/Users/takemiyamakoto/dev/kasumi/crates/kasumi-store)
    Finished `test` profile [unoptimized + debuginfo] target(s) in 40.16s
     Running unittests src/lib.rs (target/disk-backed-cache/debug/deps/kasumi_store-98be0c6afb7030c8)

running 1 test
test storage_opening::tests::production_tenant_point_read_retires_routine_failures_and_keeps_cancelled_child ... native-output-denial installed requested=4488 target=4450
native-output-denial installed requested=4368 target=4450
native-output-denial installed requested=4464 target=4450
native-output-denial installed requested=14528 target=4450
native-output-denial installed requested=20728 target=4450
native-output-denial installed requested=20832 target=4450
native-output-denial installed requested=14528 target=4450
native-output-denial installed requested=20728 target=4450
native-output-denial installed requested=20832 target=4450
native-output-denial installed requested=14528 target=4450
native-output-denial installed requested=20728 target=4450
native-output-denial installed requested=20832 target=4450
native-output-denial installed requested=14528 target=4450
native-output-denial installed requested=20728 target=4450
native-output-denial installed requested=20832 target=4450
native-output-denial installed requested=4346 target=4450
native-output-denial installed requested=4450 target=4450

thread 'storage_opening::tests::production_tenant_point_read_retires_routine_failures_and_keeps_cancelled_child' (10991783) panicked at crates/kasumi-store/src/storage_opening_tests.rs:3257:10:
called `Result::unwrap_err()` on an `Ok` value: Some([112, 97, 121, 108, 111, 97, 100])
note: run with `RUST_BACKTRACE=1` environment variable to display a backtrace
FAILED

failures:

failures:
    storage_opening::tests::production_tenant_point_read_retires_routine_failures_and_keeps_cancelled_child

test result: FAILED. 0 passed; 1 failed; 0 ignored; 0 measured; 621 filtered out; finished in 2.96s

error: test failed, to rerun pass `-p kasumi-store --lib`
Runner: 43.23s; exit=101; matching=717/717
