Command: cargo test --locked --offline --config profile.test.package.kasumi-kv.opt-level=3 --config profile.test.package.sha2.opt-level=3 -p kasumi-engine --all-features --lib admission::source_publication -- --nocapture
CARGO_TARGET_DIR=target/disk-backed-cache
   Compiling kasumi-engine v0.1.0 (/Users/takemiyamakoto/dev/kasumi/crates/kasumi-engine)
warning: variant `Mutation` is never constructed
  --> crates/kasumi-engine/src/security_audit_jobs.rs:26:5
   |
24 | enum JobEffect {
   |      --------- variant in this enum
25 |     Read,
26 |     Mutation(&'static str),
   |     ^^^^^^^^
   |
   = note: `JobEffect` has a derived impl for the trait `Clone`, but this is intentionally ignored during dead code analysis
   = note: `#[warn(dead_code)]` (part of `#[warn(unused)]`) on by default

warning: struct `ReadPause` is never constructed
  --> crates/kasumi-engine/src/security_audit_jobs.rs:57:19
   |
57 | pub(super) struct ReadPause {
   |                   ^^^^^^^^^

warning: method `run_mutation` is never used
   --> crates/kasumi-engine/src/security_audit_jobs.rs:120:25
    |
 62 | impl SecurityAudit {
    | ------------------ method in this implementation
...
120 |     pub(super) async fn run_mutation<T, F, R>(&self, component: &'static str, run: R) -> Result<T>
    |                         ^^^^^^^^^^^^

warning: `kasumi-engine` (lib) generated 3 warnings
warning: field `panic` is never read
  --> crates/kasumi-engine/src/security_audit_jobs.rs:52:9
   |
48 | pub(super) struct RecordFault {
   |                   ----------- field in this struct
...
52 |     pub panic: bool,
   |         ^^^^^

warning: `kasumi-engine` (lib test) generated 4 warnings (3 duplicates)
    Finished `test` profile [unoptimized + debuginfo] target(s) in 4m 51s
     Running unittests src/lib.rs (target/disk-backed-cache/debug/deps/kasumi_engine-b15d1192089511a8)

running 9 tests
test admission::source_publication::tests::native_source_bank_exact_byte_boundary_preserves_cache_and_ordinary_headroom ... ok
test admission::source_publication::tests::native_source_prepared_rights_block_actual_opening_close_before_capture ... ok
test admission::source_publication::tests::native_source_busy_seal_resumes_only_after_positive_account_retirement ... ok
test admission::source_publication::tests::native_source_history_transfers_actual_children_and_sealed_bank_keeps_only_fixed_credit ... ok
test admission::source_publication::tests::native_source_history_byte_denial_preserves_original_then_cancels_unentered_native_hold ... ok
test admission::source_publication::tests::native_source_binding_rejects_same_policy_foreign_core_without_fallback ... ok
test admission::source_publication::tests::native_source_history_slot_denial_retains_byte_grant_until_positive_cancel ... ok
test admission::source_publication::tests::native_source_bank_real_provider_two_lanes_capture_with_ordinary_bytes_full ... ok
test admission::source_publication::allocation_tests::source_bank_and_account_actual_arc_and_backend_box_tails_remain_funded ... ok

test result: ok. 9 passed; 0 failed; 0 ignored; 0 measured; 542 filtered out; finished in 2.13s

Runner: 293.74s; exit=0; matching=814/814
