Command: cargo test --locked --offline --config profile.test.package.kasumi-kv.opt-level=3 --config profile.test.package.sha2.opt-level=3 -p kasumi-kv -p kasumi-store -p kasumi-query -p kasumi-raft -p kasumi-engine -p kasumi-authority --all-features --lib --no-fail-fast -- publication_inventory_ native_publication_backend_ snapshot_actor_ storage::snapshot_conflict::tests group_publication --nocapture
ISOLATED_SOURCE=/tmp/kasumi-source-cohort-validation-v1
CARGO_TARGET_DIR=/Users/takemiyamakoto/dev/kasumi/target/disk-backed-cache
   Compiling kasumi-kv v0.1.0 (/private/tmp/kasumi-source-cohort-validation-v1/crates/kasumi-kv)
   Compiling openraft v0.9.25 (/private/tmp/kasumi-source-cohort-validation-v1/vendor/openraft-0.9.25/openraft)
error: unnecessary qualification
  --> vendor/openraft-0.9.25/openraft/src/core/sm/pending_snapshot.rs:98:26
   |
98 |         let owner: u64 = std::mem::size_of::<Self>()
   |                          ^^^^^^^^^^^^^^^^^^^^^^^^^
   |
note: the lint level is defined here
  --> vendor/openraft-0.9.25/openraft/src/lib.rs:8:9
   |
 8 | #![deny(unused_qualifications)]
   |         ^^^^^^^^^^^^^^^^^^^^^
help: remove the unnecessary path segments
   |
98 -         let owner: u64 = std::mem::size_of::<Self>()
98 +         let owner: u64 = size_of::<Self>()
   |

error: unnecessary qualification
  --> vendor/openraft-0.9.25/openraft/src/core/sm/pending_snapshot.rs:99:30
   |
99 |             .checked_add(2 * std::mem::size_of::<usize>())?
   |                              ^^^^^^^^^^^^^^^^^^^^^^^^^^
   |
help: remove the unnecessary path segments
   |
99 -             .checked_add(2 * std::mem::size_of::<usize>())?
99 +             .checked_add(2 * size_of::<usize>())?
   |

error: unnecessary qualification
   --> vendor/openraft-0.9.25/openraft/src/engine/engine_impl.rs:496:16
    |
496 |         meta: &crate::SnapshotMeta<C::NodeId, C::Node>,
    |                ^^^^^^^^^^^^^^^^^^^^^^^^^^^^^^^^^^^^^^^
    |
help: remove the unnecessary path segments
    |
496 -         meta: &crate::SnapshotMeta<C::NodeId, C::Node>,
496 +         meta: &SnapshotMeta<C::NodeId, C::Node>,
    |

error: unnecessary qualification
   --> vendor/openraft-0.9.25/openraft/src/engine/handler/following_handler/mod.rs:316:16
    |
316 |         owner: crate::core::sm::pending_snapshot::PendingSnapshotOwner<C>,
    |                ^^^^^^^^^^^^^^^^^^^^^^^^^^^^^^^^^^^^^^^^^^^^^^^^^^^^^^^^^^
    |
help: remove the unnecessary path segments
    |
316 -         owner: crate::core::sm::pending_snapshot::PendingSnapshotOwner<C>,
316 +         owner: sm::pending_snapshot::PendingSnapshotOwner<C>,
    |

error: unnecessary qualification
   --> vendor/openraft-0.9.25/openraft/src/storage/capacity/snapshot.rs:107:9
    |
107 |         std::mem::size_of::<Signal>()
    |         ^^^^^^^^^^^^^^^^^^^^^^^^^^^
    |
help: remove the unnecessary path segments
    |
107 -         std::mem::size_of::<Signal>()
107 +         size_of::<Signal>()
    |

error: unnecessary qualification
   --> vendor/openraft-0.9.25/openraft/src/storage/capacity/snapshot.rs:108:30
    |
108 |             .checked_add(2 * std::mem::size_of::<usize>())?
    |                              ^^^^^^^^^^^^^^^^^^^^^^^^^^
    |
help: remove the unnecessary path segments
    |
108 -             .checked_add(2 * std::mem::size_of::<usize>())?
108 +             .checked_add(2 * size_of::<usize>())?
    |

error: unnecessary qualification
   --> vendor/openraft-0.9.25/openraft/src/storage/capacity/refusal.rs:154:24
    |
154 |             operation: super::CapacityOperation::Append,
    |                        ^^^^^^^^^^^^^^^^^^^^^^^^^^^^^^^^
    |
help: remove the unnecessary path segments
    |
154 -             operation: super::CapacityOperation::Append,
154 +             operation: CapacityOperation::Append,
    |

error: unnecessary qualification
   --> vendor/openraft-0.9.25/openraft/src/storage/mod.rs:418:19
    |
418 |         context: &crate::storage::capacity::SnapshotAcceptanceContext<C::NodeId>,
    |                   ^^^^^^^^^^^^^^^^^^^^^^^^^^^^^^^^^^^^^^^^^^^^^^^^^^^^^^^^^^^^^^
    |
help: remove the unnecessary path segments
    |
418 -         context: &crate::storage::capacity::SnapshotAcceptanceContext<C::NodeId>,
418 +         context: &capacity::SnapshotAcceptanceContext<C::NodeId>,
    |

error: unnecessary qualification
   --> vendor/openraft-0.9.25/openraft/src/storage/mod.rs:421:17
    |
421 |     ) -> Result<crate::storage::capacity::SnapshotPreparation, StorageError<C::NodeId>>;
    |                 ^^^^^^^^^^^^^^^^^^^^^^^^^^^^^^^^^^^^^^^^^^^^^
    |
help: remove the unnecessary path segments
    |
421 -     ) -> Result<crate::storage::capacity::SnapshotPreparation, StorageError<C::NodeId>>;
421 +     ) -> Result<capacity::SnapshotPreparation, StorageError<C::NodeId>>;
    |

error[E0277]: `?` couldn't convert the error to `ShutdownTaskError<<C as RaftTypeConfig>::NodeId, ...>`
   --> vendor/openraft-0.9.25/openraft/src/core/sm/worker.rs:287:112
    |
286 |                         .complete(result)
    |                          ---------------- this has type `Result<_, CapacityPublicationFailed>`
287 |                         .map_err(|error| StorageIOError::write_state_machine(anyerror::AnyError::error(error)))?;
    |                          --------------------------------------------------------------------------------------^ the trait `From<StorageIOError<_>>` is not implemented for `ShutdownTaskError<<C as RaftTypeConfig>::NodeId, ...>`
    |                          |
    |                          this can't be annotated with `?` because it has type `Result<_, StorageIOError<_>>`
    |
note: `ShutdownTaskError<<C as RaftTypeConfig>::NodeId, <<C as RaftTypeConfig>::AsyncRuntime as AsyncRuntime>::JoinError>` needs to implement `From<StorageIOError<_>>`
   --> vendor/openraft-0.9.25/openraft/src/error.rs:249:1
    |
249 | pub enum ShutdownTaskError<NID: NodeId, J: Debug> {
    | ^^^^^^^^^^^^^^^^^^^^^^^^^^^^^^^^^^^^^^^^^^^^^^^^^
    = note: the question mark operation (`?`) implicitly performs a conversion on the error value using the `From` trait
help: the trait `From<StorageIOError<_>>` is not implemented for `ShutdownTaskError<<C as RaftTypeConfig>::NodeId, ...>`
      but trait `From<StorageError<<C as RaftTypeConfig>::NodeId>>` is implemented for it
   --> vendor/openraft-0.9.25/openraft/src/error.rs:271:1
    |
271 | impl<NID: NodeId, J: Debug> From<StorageError<NID>> for ShutdownTaskError<NID, J> {
    | ^^^^^^^^^^^^^^^^^^^^^^^^^^^^^^^^^^^^^^^^^^^^^^^^^^^^^^^^^^^^^^^^^^^^^^^^^^^^^^^^^
    = help: for that trait implementation, expected `StorageError<<C as RaftTypeConfig>::NodeId>`, found `StorageIOError<_>`
    = note: the full name for the type has been written to '/Users/takemiyamakoto/dev/kasumi/target/disk-backed-cache/debug/deps/openraft-0ff976cfd4ae65d0.long-type-8952568756554019733.txt'
    = note: consider using `--verbose` to print the full type name to the console

warning: method `space_requirements` is never used
   --> crates/kasumi-kv/src/publication_inventory.rs:306:19
    |
261 | impl PublicationInventory {
    | ------------------------- method in this implementation
...
306 |     pub(crate) fn space_requirements(
    |                   ^^^^^^^^^^^^^^^^^^
    |
    = note: `#[warn(dead_code)]` (part of `#[warn(unused)]`) on by default

   Compiling kasumi-store v0.1.0 (/private/tmp/kasumi-source-cohort-validation-v1/crates/kasumi-store)
warning: `kasumi-kv` (lib) generated 1 warning
warning: method `publication_pages` is never used
  --> crates/kasumi-kv/src/arena_space.rs:95:19
   |
94 | impl DirectoryArenaBackend {
   | -------------------------- method in this implementation
95 |     pub(crate) fn publication_pages(&self) -> Result<u64, CoreError> {
   |                   ^^^^^^^^^^^^^^^^^
   |
   = note: `#[warn(dead_code)]` (part of `#[warn(unused)]`) on by default

warning: method `publication_capacity` is never used
   --> crates/kasumi-kv/src/segment_space.rs:291:19
    |
290 | impl SegmentWriter {
    | ------------------ method in this implementation
291 |     pub(crate) fn publication_capacity(&self) -> Result<u64, CoreError> {
    |                   ^^^^^^^^^^^^^^^^^^^^

For more information about this error, try `rustc --explain E0277`.
error: could not compile `openraft` (lib) due to 10 previous errors
warning: build failed, waiting for other jobs to finish...
error[E0308]: mismatched types
  --> crates/kasumi-store/src/node_file/segment_group/publication.rs:31:9
   |
27 |       pub(crate) fn reserve_transaction(&mut self, plan: &TransactionSpacePlan) -> io::Result<()> {
   |                                                                                    -------------- expected `std::result::Result<(), std::io::Error>` because of return type
...
31 | /         self.group
32 | |             .reserve_publication_transaction(self.generation, plan)
   | |___________________________________________________________________^ expected `Result<(), Error>`, found `Result<(), TransactionReserveError>`
   |
   = note: expected enum `std::result::Result<_, std::io::Error>`
              found enum `std::result::Result<_, kasumi_kv::TransactionReserveError>`

warning: `kasumi-kv` (lib test) generated 2 warnings
For more information about this error, try `rustc --explain E0308`.
error: could not compile `kasumi-store` (lib test) due to 1 previous error
Runner: 56.86s; exit=101; matching=1593/1593
