Command: cargo test -p kasumi-engine --all-features --features serde_json/preserve_order --lib --locked --offline --config profile.test.package.kasumi-kv.opt-level=3 --config profile.test.package.sha2.opt-level=3 -- --test-threads=1 primary_stage_archive_and_definition_keep_exact_dto_and_kind_identity
CARGO_TARGET_DIR=target/disk-backed-cache
   Compiling serde_json v1.0.151 (/Users/takemiyamakoto/dev/kasumi/vendor/serde_json-1.0.151)
   Compiling lindera-dictionary v5.3.0
   Compiling kasumi-types v0.1.0 (/Users/takemiyamakoto/dev/kasumi/crates/kasumi-types)
   Compiling tantivy-query-grammar v0.26.0
   Compiling referencing v0.52.1
   Compiling reqwest v0.12.28
   Compiling jsonschema-value v0.52.1
   Compiling jsonschema v0.52.1
   Compiling tantivy v0.26.1
   Compiling lindera-ipadic v5.3.0
   Compiling lindera v5.3.0
   Compiling kasumi-serving v0.1.0 (/Users/takemiyamakoto/dev/kasumi/crates/kasumi-serving)
   Compiling lindera-analysis v5.3.0
   Compiling kasumi-store v0.1.0 (/Users/takemiyamakoto/dev/kasumi/crates/kasumi-store)
   Compiling lindera-tantivy v5.0.1
   Compiling kasumi-query v0.1.0 (/Users/takemiyamakoto/dev/kasumi/crates/kasumi-query)
   Compiling kasumi-raft v0.1.0 (/Users/takemiyamakoto/dev/kasumi/crates/kasumi-raft)
   Compiling kasumi-engine v0.1.0 (/Users/takemiyamakoto/dev/kasumi/crates/kasumi-engine)
warning: variant `Mutation` is never constructed
  --> crates/kasumi-engine/src/security_audit_jobs.rs:26:5
   |
24 | enum JobEffect {
   |      --------- variant in this enum
25 |     Read,
26 |     Mutation(&'static str),
   |     ^^^^^^^^
   |
   = note: `JobEffect` has a derived impl for the trait `Clone`, but this is intentionally ignored during dead code analysis
   = note: `#[warn(dead_code)]` (part of `#[warn(unused)]`) on by default

warning: struct `ReadPause` is never constructed
  --> crates/kasumi-engine/src/security_audit_jobs.rs:57:19
   |
57 | pub(super) struct ReadPause {
   |                   ^^^^^^^^^

warning: method `run_mutation` is never used
   --> crates/kasumi-engine/src/security_audit_jobs.rs:120:25
    |
 62 | impl SecurityAudit {
    | ------------------ method in this implementation
...
120 |     pub(super) async fn run_mutation<T, F, R>(&self, component: &'static str, run: R) -> Result<T>
    |                         ^^^^^^^^^^^^

warning: `kasumi-engine` (lib) generated 3 warnings
warning: field `panic` is never read
  --> crates/kasumi-engine/src/security_audit_jobs.rs:52:9
   |
48 | pub(super) struct RecordFault {
   |                   ----------- field in this struct
...
52 |     pub panic: bool,
   |         ^^^^^

warning: `kasumi-engine` (lib test) generated 4 warnings (3 duplicates)
    Finished `test` profile [unoptimized + debuginfo] target(s) in 3m 13s
     Running unittests src/lib.rs (target/disk-backed-cache/debug/deps/kasumi_engine-f324dcb498bcd990)

running 1 test
test application_sources::tests::primary_stage_tests::primary_stage_archive_and_definition_keep_exact_dto_and_kind_identity ... ok

test result: ok. 1 passed; 0 failed; 0 ignored; 0 measured; 477 filtered out; finished in 3.73s

Runner: 196.97s; exit=0; matching=752/752
