Command: cargo test --locked --offline --config profile.test.package.kasumi-kv.opt-level=3 --config profile.test.package.sha2.opt-level=3 -p kasumi-engine --all-features --lib -- --nocapture state::primary_projection::tests::
CARGO_TARGET_DIR=target/disk-backed-cache
warning: variant `Mutation` is never constructed
  --> crates/kasumi-engine/src/security_audit_jobs.rs:26:5
   |
24 | enum JobEffect {
   |      --------- variant in this enum
25 |     Read,
26 |     Mutation(&'static str),
   |     ^^^^^^^^
   |
   = note: `JobEffect` has a derived impl for the trait `Clone`, but this is intentionally ignored during dead code analysis
   = note: `#[warn(dead_code)]` (part of `#[warn(unused)]`) on by default

warning: struct `ReadPause` is never constructed
  --> crates/kasumi-engine/src/security_audit_jobs.rs:57:19
   |
57 | pub(super) struct ReadPause {
   |                   ^^^^^^^^^

warning: method `run_mutation` is never used
   --> crates/kasumi-engine/src/security_audit_jobs.rs:120:25
    |
 62 | impl SecurityAudit {
    | ------------------ method in this implementation
...
120 |     pub(super) async fn run_mutation<T, F, R>(&self, component: &'static str, run: R) -> Result<T>
    |                         ^^^^^^^^^^^^

warning: `kasumi-engine` (lib) generated 3 warnings
   Compiling kasumi-engine v0.1.0 (/Users/takemiyamakoto/dev/kasumi/crates/kasumi-engine)
error[E0603]: struct import `QueryCancellation` is private
   --> crates/kasumi-engine/src/primary_projection_publication_tests.rs:513:43
    |
513 |             let token = crate::admission::QueryCancellation::new();
    |                                           ^^^^^^^^^^^^^^^^^ private struct import
    |
note: the struct import `QueryCancellation` is defined here...
   --> crates/kasumi-engine/src/admission.rs:9:5
    |
  9 | use kasumi_query::QueryCancellation;
    |     ^^^^^^^^^^^^^^^^^^^^^^^^^^^^^^^
note: ...and refers to the struct `QueryCancellation` which is defined here
   --> crates/kasumi-query/src/lib.rs:17:9
    |
 17 | pub use cancellation::QueryCancellation;
    |         ^^^^^^^^^^^^^^^^^^^^^^^^^^^^^^^ you could import this directly
help: import `QueryCancellation` directly
    |
513 -             let token = crate::admission::QueryCancellation::new();
513 +             let token = kasumi_query::QueryCancellation();
    |

error[E0599]: the associated function or constant `new` exists for struct `kasumi_query::QueryCancellation`, but its trait bounds were not satisfied
   --> crates/kasumi-engine/src/primary_projection_publication_tests.rs:513:62
    |
513 |             let token = crate::admission::QueryCancellation::new();
    |                                                              ^^^ associated function or constant cannot be called on `kasumi_query::QueryCancellation` due to unsatisfied trait bounds
    |
   ::: crates/kasumi-query/src/cancellation.rs:10:1
    |
 10 | pub struct QueryCancellation(Arc<CancellationState>);
    | ---------------------------- doesn't satisfy `_: Update`, `kasumi_query::QueryCancellation: FixedOutput`, `kasumi_query::QueryCancellation: HashMarker` or `kasumi_query::QueryCancellation: sha2::Digest`
    |
    = note: the following trait bounds were not satisfied:
            `kasumi_query::QueryCancellation: FixedOutput`
            which is required by `kasumi_query::QueryCancellation: sha2::Digest`
            `kasumi_query::QueryCancellation: sha2::digest::Update`
            which is required by `kasumi_query::QueryCancellation: sha2::Digest`
            `kasumi_query::QueryCancellation: HashMarker`
            which is required by `kasumi_query::QueryCancellation: sha2::Digest`
            `&kasumi_query::QueryCancellation: FixedOutput`
            which is required by `&kasumi_query::QueryCancellation: sha2::Digest`
            `&kasumi_query::QueryCancellation: Default`
            which is required by `&kasumi_query::QueryCancellation: sha2::Digest`
            `&kasumi_query::QueryCancellation: sha2::digest::Update`
            which is required by `&kasumi_query::QueryCancellation: sha2::Digest`
            `&kasumi_query::QueryCancellation: HashMarker`
            which is required by `&kasumi_query::QueryCancellation: sha2::Digest`
            `&mut kasumi_query::QueryCancellation: FixedOutput`
            which is required by `&mut kasumi_query::QueryCancellation: sha2::Digest`
            `&mut kasumi_query::QueryCancellation: Default`
            which is required by `&mut kasumi_query::QueryCancellation: sha2::Digest`
            `&mut kasumi_query::QueryCancellation: sha2::digest::Update`
            which is required by `&mut kasumi_query::QueryCancellation: sha2::Digest`
            `&mut kasumi_query::QueryCancellation: HashMarker`
            which is required by `&mut kasumi_query::QueryCancellation: sha2::Digest`

Some errors have detailed explanations: E0599, E0603.
For more information about an error, try `rustc --explain E0599`.
error: could not compile `kasumi-engine` (lib test) due to 2 previous errors
Runner: 38.92s; exit=101; matching=834/834
