Command: cargo test --locked --offline --config profile.test.package.kasumi-kv.opt-level=3 --config profile.test.package.sha2.opt-level=3 -p kasumi-kv -p kasumi-store -p kasumi-raft -p kasumi-engine --all-features --lib --no-fail-fast -- application_sources::tests application_sources::production_capacity_tests constructor_envelope ordinary_envelope source_capacity_close --nocapture
CARGO_TARGET_DIR=target/disk-backed-cache
    Finished `test` profile [unoptimized + debuginfo] target(s) in 0.46s
     Running unittests src/lib.rs (target/disk-backed-cache/debug/deps/kasumi_engine-44db468831cfc59f)

running 93 tests
test application_sources::tests::completion_tests::ordinary_completion_drain_registers_before_busy_and_wakes_after_real_guard_release ... ok
test application_sources::tests::allocation_tails::source_view_weak_retains_credit_after_unique_native_close ... ok

thread 'application_sources::tests::completion_tests::ordinary_completion_capture_wake_unwind_retires_the_actual_counted_handle' (23980783) panicked at crates/kasumi-engine/src/application_source_completion_tests.rs:920:9:
Box<dyn Any>
note: run with `RUST_BACKTRACE=1` environment variable to display a backtrace
test application_sources::tests::completion_tests::ordinary_completion_bound_frozen_branch_keeps_source_without_new_preparation ... ok
test application_sources::tests::completion_tests::ordinary_completion_is_last_selected_owner_through_real_outer_finish ... ok
test application_sources::tests::allocation_tails::source_cell_concurrent_strong_and_weak_drops_hold_the_actual_credit_tail ... ok

thread 'application_sources::tests::completion_tests::ordinary_completion_outer_finish_panic_retains_original_response_after_facade_seal' (23980892) panicked at crates/kasumi-engine/src/application_source_completion_tests.rs:263:9:
Box<dyn Any>
test application_sources::tests::completion_tests::ordinary_completion_outer_finish_panic_retains_original_response_after_facade_seal ... ok
test application_sources::tests::completion_tests::ordinary_completion_cancelled_real_group_waiter_keeps_queued_source_and_original ... ok
test application_sources::tests::point_retirement_tests::incoming_tests::incoming_actual_duplicate_preserves_panic_and_cancels_original_queue ... ok
test application_sources::tests::point_retirement_tests::incoming_tests::incoming_actual_points_clean_retirement_resumes_the_exact_original_unwind ... ok
test application_sources::tests::primary_read_tests::primary_catalog_entry_is_fixed_canonical_and_context_explicit ... ok

thread 'application_sources::tests::completion_tests::ordinary_completion_capture_wake_unwind_retires_the_actual_counted_handle' (23980783) panicked at crates/kasumi-engine/src/application_source_completion_tests.rs:920:9:
Box<dyn Any>

thread 'application_sources::tests::completion_tests::ordinary_completion_capture_wake_unwind_retires_the_actual_counted_handle' (23980783) panicked at crates/kasumi-engine/src/application_source_completion_tests.rs:932:9:
Box<dyn Any>
stack backtrace:
   0:        0x10801c474 - std[7648081134ee26d8]::backtrace_rs::backtrace::libunwind::trace
                               at /rustc/8bab26f4f68e0e26f0bb7960be334d5b520ea452/library/std/src/../../backtrace/src/backtrace/libunwind.rs:117:9
   1:        0x10801c474 - std[7648081134ee26d8]::backtrace_rs::backtrace::trace_unsynchronized::<std[7648081134ee26d8]::sys::backtrace::_print_fmt::{closure#1}>
                               at /rustc/8bab26f4f68e0e26f0bb7960be334d5b520ea452/library/std/src/../../backtrace/src/backtrace/mod.rs:66:14
   2:        0x10801c474 - std[7648081134ee26d8]::sys::backtrace::_print_fmt
                               at /rustc/8bab26f4f68e0e26f0bb7960be334d5b520ea452/library/std/src/sys/backtrace.rs:74:9
   3:        0x10801c474 - <<std[7648081134ee26d8]::sys::backtrace::BacktraceLock>::print::DisplayBacktrace as core[318a34b566a36fe]::fmt::Display>::fmt
                               at /rustc/8bab26f4f68e0e26f0bb7960be334d5b520ea452/library/std/src/sys/backtrace.rs:44:26
   4:        0x108032f3c - <core[318a34b566a36fe]::fmt::rt::Argument>::fmt
                               at /rustc/8bab26f4f68e0e26f0bb7960be334d5b520ea452/library/core/src/fmt/rt.rs:152:76
   5:        0x108032f3c - core[318a34b566a36fe]::fmt::write
                               at /rustc/8bab26f4f68e0e26f0bb7960be334d5b520ea452/library/core/src/fmt/mod.rs:1687:22
   6:        0x1080222f4 - std[7648081134ee26d8]::io::default_write_fmt::<std[7648081134ee26d8]::sys::stdio::unix::Stderr>
                               at /rustc/8bab26f4f68e0e26f0bb7960be334d5b520ea452/library/std/src/io/mod.rs:622:11
   7:        0x1080222f4 - <std[7648081134ee26d8]::sys::stdio::unix::Stderr as std[7648081134ee26d8]::io::Write>::write_fmt
                               at /rustc/8bab26f4f68e0e26f0bb7960be334d5b520ea452/library/std/src/io/mod.rs:1977:13
   8:        0x108000bc4 - <std[7648081134ee26d8]::sys::backtrace::BacktraceLock>::print
                               at /rustc/8bab26f4f68e0e26f0bb7960be334d5b520ea452/library/std/src/sys/backtrace.rs:47:25
   9:        0x108000bc4 - std[7648081134ee26d8]::panicking::default_hook::{closure#0}
                               at /rustc/8bab26f4f68e0e26f0bb7960be334d5b520ea452/library/std/src/panicking.rs:292:27
  10:        0x108014a20 - std[7648081134ee26d8]::panicking::default_hook
                               at /rustc/8bab26f4f68e0e26f0bb7960be334d5b520ea452/library/std/src/panicking.rs:319:9
  11:        0x108014d48 - std[7648081134ee26d8]::panicking::panic_with_hook
                               at /rustc/8bab26f4f68e0e26f0bb7960be334d5b520ea452/library/std/src/panicking.rs:825:13
  12:        0x104579f90 - std[7648081134ee26d8]::panicking::begin_panic::<alloc[fd24334a81e9fcd2]::sync::Arc<kasumi_engine[ad032a02fa0a5487]::application_sources::tests::completion_tests::CompletionWakeOriginal>>::{closure#0}
                               at /rustc/8bab26f4f68e0e26f0bb7960be334d5b520ea452/library/std/src/panicking.rs:762:9
  13:        0x105f6c15c - std[7648081134ee26d8]::sys::backtrace::__rust_end_short_backtrace::<std[7648081134ee26d8]::panicking::begin_panic<alloc[fd24334a81e9fcd2]::sync::Arc<kasumi_engine[ad032a02fa0a5487]::application_sources::tests::completion_tests::CompletionWakeOriginal>>::{closure#0}, !>
                               at /rustc/8bab26f4f68e0e26f0bb7960be334d5b520ea452/library/std/src/sys/backtrace.rs:182:18
  14:        0x10803e20c - std[7648081134ee26d8]::panicking::begin_panic::<alloc[fd24334a81e9fcd2]::sync::Arc<kasumi_engine[ad032a02fa0a5487]::application_sources::tests::completion_tests::CompletionWakeOriginal>>
                               at /rustc/8bab26f4f68e0e26f0bb7960be334d5b520ea452/library/std/src/panicking.rs:761:5
test application_sources::tests::allocation_tails::source_root_and_credit_arcs_remain_funded_through_actual_deallocation ... ok
  15:        0x10556fc5c - std[7648081134ee26d8]::panic::panic_any::<alloc[fd24334a81e9fcd2]::sync::Arc<kasumi_engine[ad032a02fa0a5487]::application_sources::tests::completion_tests::CompletionWakeOriginal>>
                               at /rustc/8bab26f4f68e0e26f0bb7960be334d5b520ea452/library/std/src/panic.rs:260:5
  16:        0x105343c94 - <kasumi_engine[ad032a02fa0a5487]::application_sources::tests::completion_tests::CompletionUnwindWake as alloc[fd24334a81e9fcd2]::task::Wake>::wake
                               at /Users/takemiyamakoto/dev/kasumi/crates/kasumi-engine/src/application_source_completion_tests.rs:932:9
  17:        0x105ff5e5c - alloc[fd24334a81e9fcd2]::task::raw_waker::wake::<kasumi_engine[ad032a02fa0a5487]::application_sources::tests::completion_tests::CompletionUnwindWake>
                               at /rustc/8bab26f4f68e0e26f0bb7960be334d5b520ea452/library/alloc/src/task.rs:198:9
  18:        0x1052030f0 - <core[318a34b566a36fe]::task::wake::Waker>::wake
                               at /rustc/8bab26f4f68e0e26f0bb7960be334d5b520ea452/library/core/src/task/wake.rs:448:18
  19:        0x1045a032c - <kasumi_engine[ad032a02fa0a5487]::application_sources::completion::OrdinarySourceCompletion>::wake::{closure#1}
                               at /Users/takemiyamakoto/dev/kasumi/crates/kasumi-engine/src/application_source_completion.rs:166:79
  20:        0x1046fe200 - <core[318a34b566a36fe]::panic::unwind_safe::AssertUnwindSafe<<kasumi_engine[ad032a02fa0a5487]::application_sources::completion::OrdinarySourceCompletion>::wake::{closure#1}> as core[318a34b566a36fe]::ops::function::FnOnce<()>>::call_once
                               at /rustc/8bab26f4f68e0e26f0bb7960be334d5b520ea452/library/core/src/panic/unwind_safe.rs:275:9
  21:        0x1045403e0 - std[7648081134ee26d8]::panicking::catch_unwind::do_call::<core[318a34b566a36fe]::panic::unwind_safe::AssertUnwindSafe<<kasumi_engine[ad032a02fa0a5487]::application_sources::completion::OrdinarySourceCompletion>::wake::{closure#1}>, ()>
                               at /rustc/8bab26f4f68e0e26f0bb7960be334d5b520ea452/library/std/src/panicking.rs:581:40
  22:        0x10556fcec - ___rust_try
  23:        0x10556e720 - std[7648081134ee26d8]::panicking::catch_unwind::<(), core[318a34b566a36fe]::panic::unwind_safe::AssertUnwindSafe<<kasumi_engine[ad032a02fa0a5487]::application_sources::completion::OrdinarySourceCompletion>::wake::{closure#1}>>
                               at /rustc/8bab26f4f68e0e26f0bb7960be334d5b520ea452/library/std/src/panicking.rs:544:19
  24:        0x10556e720 - std[7648081134ee26d8]::panic::catch_unwind::<core[318a34b566a36fe]::panic::unwind_safe::AssertUnwindSafe<<kasumi_engine[ad032a02fa0a5487]::application_sources::completion::OrdinarySourceCompletion>::wake::{closure#1}>, ()>
                               at /rustc/8bab26f4f68e0e26f0bb7960be334d5b520ea452/library/std/src/panic.rs:359:14
  25:        0x104d3f398 - <kasumi_engine[ad032a02fa0a5487]::application_sources::completion::OrdinarySourceCompletion>::wake
                               at /Users/takemiyamakoto/dev/kasumi/crates/kasumi-engine/src/application_source_completion.rs:166:17
  26:        0x106177298 - <kasumi_engine[ad032a02fa0a5487]::application_sources::completion::Guard as core[318a34b566a36fe]::ops::drop::Drop>::drop
                               at /Users/takemiyamakoto/dev/kasumi/crates/kasumi-engine/src/application_source_completion.rs:70:20
  27:        0x106155e48 - core[318a34b566a36fe]::ptr::drop_glue::<kasumi_engine[ad032a02fa0a5487]::application_sources::completion::Guard>
                               at /rustc/8bab26f4f68e0e26f0bb7960be334d5b520ea452/library/core/src/ptr/mod.rs:825:1
  28:        0x106155cbc - core[318a34b566a36fe]::ptr::drop_glue::<kasumi_engine[ad032a02fa0a5487]::application_sources::completion::CompletionLoan>
                               at /rustc/8bab26f4f68e0e26f0bb7960be334d5b520ea452/library/core/src/ptr/mod.rs:825:1
  29:        0x105c2477c - <kasumi_engine[ad032a02fa0a5487]::state::ordered_command::OrdinaryAction as kasumi_raft[9001a0f49508a2f8]::apply_completion::CompletionAction>::run
                               at /Users/takemiyamakoto/dev/kasumi/crates/kasumi-engine/src/ordered_command.rs:275:5
test application_sources::tests::completion_tests::ordinary_completion_reuses_only_after_real_accept_reject_and_idempotent_finish ... ok
  30:        0x1068e39e8 - <kasumi_raft[9001a0f49508a2f8]::apply_publication::ApplyPublication as kasumi_raft[9001a0f49508a2f8]::apply_publication::ApplyPublisher>::with_completion::{closure#0}
                               at /Users/takemiyamakoto/dev/kasumi/crates/kasumi-raft/src/apply_publication.rs:390:20
  31:        0x1069140d4 - <<kasumi_raft[9001a0f49508a2f8]::apply_publication::ApplyPublication as kasumi_raft[9001a0f49508a2f8]::apply_publication::ApplyPublisher>::with_completion::{closure#0} as core[318a34b566a36fe]::ops::function::FnOnce<()>>::call_once
                               at /rustc/8bab26f4f68e0e26f0bb7960be334d5b520ea452/library/core/src/ops/function.rs:250:5
  32:        0x106813f0c - <core[318a34b566a36fe]::panic::unwind_safe::AssertUnwindSafe<<kasumi_raft[9001a0f49508a2f8]::apply_publication::ApplyPublication as kasumi_raft[9001a0f49508a2f8]::apply_publication::ApplyPublisher>::with_completion::{closure#0}> as core[318a34b566a36fe]::ops::function::FnOnce<()>>::call_once
                               at /rustc/8bab26f4f68e0e26f0bb7960be334d5b520ea452/library/core/src/panic/unwind_safe.rs:275:9
  33:        0x106770858 - std[7648081134ee26d8]::panicking::catch_unwind::do_call::<core[318a34b566a36fe]::panic::unwind_safe::AssertUnwindSafe<<kasumi_raft[9001a0f49508a2f8]::apply_publication::ApplyPublication as kasumi_raft[9001a0f49508a2f8]::apply_publication::ApplyPublisher>::with_completion::{closure#0}>, core[318a34b566a36fe]::result::Result<(), anyhow[ec8a847c544a36f6]::Error>>
                               at /rustc/8bab26f4f68e0e26f0bb7960be334d5b520ea452/library/std/src/panicking.rs:581:40
  34:        0x10668285c - ___rust_try
  35:        0x1066827dc - std[7648081134ee26d8]::panicking::catch_unwind::<core[318a34b566a36fe]::result::Result<(), anyhow[ec8a847c544a36f6]::Error>, core[318a34b566a36fe]::panic::unwind_safe::AssertUnwindSafe<<kasumi_raft[9001a0f49508a2f8]::apply_publication::ApplyPublication as kasumi_raft[9001a0f49508a2f8]::apply_publication::ApplyPublisher>::with_completion::{closure#0}>>
                               at /rustc/8bab26f4f68e0e26f0bb7960be334d5b520ea452/library/std/src/panicking.rs:544:19
  36:        0x1066827dc - std[7648081134ee26d8]::panic::catch_unwind::<core[318a34b566a36fe]::panic::unwind_safe::AssertUnwindSafe<<kasumi_raft[9001a0f49508a2f8]::apply_publication::ApplyPublication as kasumi_raft[9001a0f49508a2f8]::apply_publication::ApplyPublisher>::with_completion::{closure#0}>, core[318a34b566a36fe]::result::Result<(), anyhow[ec8a847c544a36f6]::Error>>
                               at /rustc/8bab26f4f68e0e26f0bb7960be334d5b520ea452/library/std/src/panic.rs:359:14
  37:        0x10680f444 - <kasumi_raft[9001a0f49508a2f8]::apply_publication::ApplyPublication as kasumi_raft[9001a0f49508a2f8]::apply_publication::ApplyPublisher>::with_completion
                               at /Users/takemiyamakoto/dev/kasumi/crates/kasumi-raft/src/apply_publication.rs:389:22
  38:        0x105c1f590 - kasumi_engine[ad032a02fa0a5487]::state::ordered_command::apply_ordinary
                               at /Users/takemiyamakoto/dev/kasumi/crates/kasumi-engine/src/ordered_command.rs:291:21
  39:        0x105b0d960 - <kasumi_engine[ad032a02fa0a5487]::state::TenantEngine as kasumi_raft[9001a0f49508a2f8]::StateMachineBackend>::apply_with_publisher
                               at /Users/takemiyamakoto/dev/kasumi/crates/kasumi-engine/src/state.rs:322:9
  40:        0x104ebd8b4 - <kasumi_engine[ad032a02fa0a5487]::application_sources::tests::completion_tests::OrdinaryFixture>::apply::<kasumi_engine[ad032a02fa0a5487]::application_sources::tests::completion_tests::ordinary_completion_capture_wake_unwind_retires_the_actual_counted_handle::{closure#0}::{closure#1}>::{closure#0}
                               at /Users/takemiyamakoto/dev/kasumi/crates/kasumi-engine/src/application_source_completion_tests.rs:76:29
  41:        0x105c323a8 - kasumi_raft[9001a0f49508a2f8]::apply_publication::with_application_publisher_bound_observed_for_test::<<kasumi_engine[ad032a02fa0a5487]::application_sources::tests::completion_tests::OrdinaryFixture>::apply<kasumi_engine[ad032a02fa0a5487]::application_sources::tests::completion_tests::ordinary_completion_capture_wake_unwind_retires_the_actual_counted_handle::{closure#0}::{closure#1}>::{closure#0}, kasumi_engine[ad032a02fa0a5487]::application_sources::tests::completion_tests::ordinary_completion_capture_wake_unwind_retires_the_actual_counted_handle::{closure#0}::{closure#1}>::{closure#0}
                               at /Users/takemiyamakoto/dev/kasumi/crates/kasumi-raft/src/apply_publication.rs:613:66
  42:        0x1046e9a40 - <core[318a34b566a36fe]::panic::unwind_safe::AssertUnwindSafe<kasumi_raft[9001a0f49508a2f8]::apply_publication::with_application_publisher_bound_observed_for_test<<kasumi_engine[ad032a02fa0a5487]::application_sources::tests::completion_tests::OrdinaryFixture>::apply<kasumi_engine[ad032a02fa0a5487]::application_sources::tests::completion_tests::ordinary_completion_capture_wake_unwind_retires_the_actual_counted_handle::{closure#0}::{closure#1}>::{closure#0}, kasumi_engine[ad032a02fa0a5487]::application_sources::tests::completion_tests::ordinary_completion_capture_wake_unwind_retires_the_actual_counted_handle::{closure#0}::{closure#1}>::{closure#0}> as core[318a34b566a36fe]::ops::function::FnOnce<()>>::call_once
                               at /rustc/8bab26f4f68e0e26f0bb7960be334d5b520ea452/library/core/src/panic/unwind_safe.rs:275:9
  43:        0x104520ab4 - std[7648081134ee26d8]::panicking::catch_unwind::do_call::<core[318a34b566a36fe]::panic::unwind_safe::AssertUnwindSafe<kasumi_raft[9001a0f49508a2f8]::apply_publication::with_application_publisher_bound_observed_for_test<<kasumi_engine[ad032a02fa0a5487]::application_sources::tests::completion_tests::OrdinaryFixture>::apply<kasumi_engine[ad032a02fa0a5487]::application_sources::tests::completion_tests::ordinary_completion_capture_wake_unwind_retires_the_actual_counted_handle::{closure#0}::{closure#1}>::{closure#0}, kasumi_engine[ad032a02fa0a5487]::application_sources::tests::completion_tests::ordinary_completion_capture_wake_unwind_retires_the_actual_counted_handle::{closure#0}::{closure#1}>::{closure#0}>, core[318a34b566a36fe]::result::Result<(), anyhow[ec8a847c544a36f6]::Error>>
                               at /rustc/8bab26f4f68e0e26f0bb7960be334d5b520ea452/library/std/src/panicking.rs:581:40
  44:        0x10556fcec - ___rust_try
  45:        0x105524478 - std[7648081134ee26d8]::panicking::catch_unwind::<core[318a34b566a36fe]::result::Result<(), anyhow[ec8a847c544a36f6]::Error>, core[318a34b566a36fe]::panic::unwind_safe::AssertUnwindSafe<kasumi_raft[9001a0f49508a2f8]::apply_publication::with_application_publisher_bound_observed_for_test<<kasumi_engine[ad032a02fa0a5487]::application_sources::tests::completion_tests::OrdinaryFixture>::apply<kasumi_engine[ad032a02fa0a5487]::application_sources::tests::completion_tests::ordinary_completion_capture_wake_unwind_retires_the_actual_counted_handle::{closure#0}::{closure#1}>::{closure#0}, kasumi_engine[ad032a02fa0a5487]::application_sources::tests::completion_tests::ordinary_completion_capture_wake_unwind_retires_the_actual_counted_handle::{closure#0}::{closure#1}>::{closure#0}>>
                               at /rustc/8bab26f4f68e0e26f0bb7960be334d5b520ea452/library/std/src/panicking.rs:544:19
  46:        0x105524478 - std[7648081134ee26d8]::panic::catch_unwind::<core[318a34b566a36fe]::panic::unwind_safe::AssertUnwindSafe<kasumi_raft[9001a0f49508a2f8]::apply_publication::with_application_publisher_bound_observed_for_test<<kasumi_engine[ad032a02fa0a5487]::application_sources::tests::completion_tests::OrdinaryFixture>::apply<kasumi_engine[ad032a02fa0a5487]::application_sources::tests::completion_tests::ordinary_completion_capture_wake_unwind_retires_the_actual_counted_handle::{closure#0}::{closure#1}>::{closure#0}, kasumi_engine[ad032a02fa0a5487]::application_sources::tests::completion_tests::ordinary_completion_capture_wake_unwind_retires_the_actual_counted_handle::{closure#0}::{closure#1}>::{closure#0}>, core[318a34b566a36fe]::result::Result<(), anyhow[ec8a847c544a36f6]::Error>>
                               at /rustc/8bab26f4f68e0e26f0bb7960be334d5b520ea452/library/std/src/panic.rs:359:14
  47:        0x105c2d7e0 - kasumi_raft[9001a0f49508a2f8]::apply_publication::with_application_publisher_bound_observed_for_test::<<kasumi_engine[ad032a02fa0a5487]::application_sources::tests::completion_tests::OrdinaryFixture>::apply<kasumi_engine[ad032a02fa0a5487]::application_sources::tests::completion_tests::ordinary_completion_capture_wake_unwind_retires_the_actual_counted_handle::{closure#0}::{closure#1}>::{closure#0}, kasumi_engine[ad032a02fa0a5487]::application_sources::tests::completion_tests::ordinary_completion_capture_wake_unwind_retires_the_actual_counted_handle::{closure#0}::{closure#1}>
                               at /Users/takemiyamakoto/dev/kasumi/crates/kasumi-raft/src/apply_publication.rs:613:9
  48:        0x104ebcb44 - <kasumi_engine[ad032a02fa0a5487]::application_sources::tests::completion_tests::OrdinaryFixture>::apply::<kasumi_engine[ad032a02fa0a5487]::application_sources::tests::completion_tests::ordinary_completion_capture_wake_unwind_retires_the_actual_counted_handle::{closure#0}::{closure#1}>
                               at /Users/takemiyamakoto/dev/kasumi/crates/kasumi-engine/src/application_source_completion_tests.rs:71:9
  49:        0x104ec27f8 - kasumi_engine[ad032a02fa0a5487]::application_sources::tests::completion_tests::ordinary_completion_capture_wake_unwind_retires_the_actual_counted_handle::{closure#0}
                               at /Users/takemiyamakoto/dev/kasumi/crates/kasumi-engine/src/application_source_completion_tests.rs:966:37
  50:        0x105e39988 - <core[318a34b566a36fe]::pin::Pin<&mut dyn core[318a34b566a36fe]::future::future::Future<Output = core[318a34b566a36fe]::result::Result<(), anyhow[ec8a847c544a36f6]::Error>>> as core[318a34b566a36fe]::future::future::Future>::poll
                               at /rustc/8bab26f4f68e0e26f0bb7960be334d5b520ea452/library/core/src/future/future.rs:133:9
  51:        0x105200830 - <tokio[5174ebaad4a2e31e]::runtime::park::CachedParkThread>::block_on::<core[318a34b566a36fe]::pin::Pin<&mut dyn core[318a34b566a36fe]::future::future::Future<Output = core[318a34b566a36fe]::result::Result<(), anyhow[ec8a847c544a36f6]::Error>>>>::{closure#0}
                               at /Users/takemiyamakoto/.cargo/registry/src/index.crates.io-1949cf8c6b5b557f/tokio-1.53.1/src/runtime/park.rs:284:71
  52:        0x1051f78e4 - tokio[5174ebaad4a2e31e]::task::coop::with_budget::<core[318a34b566a36fe]::task::poll::Poll<core[318a34b566a36fe]::result::Result<(), anyhow[ec8a847c544a36f6]::Error>>, <tokio[5174ebaad4a2e31e]::runtime::park::CachedParkThread>::block_on<core[318a34b566a36fe]::pin::Pin<&mut dyn core[318a34b566a36fe]::future::future::Future<Output = core[318a34b566a36fe]::result::Result<(), anyhow[ec8a847c544a36f6]::Error>>>>::{closure#0}>
                               at /Users/takemiyamakoto/.cargo/registry/src/index.crates.io-1949cf8c6b5b557f/tokio-1.53.1/src/task/coop/mod.rs:167:5
  53:        0x1051f78e4 - tokio[5174ebaad4a2e31e]::task::coop::budget::<core[318a34b566a36fe]::task::poll::Poll<core[318a34b566a36fe]::result::Result<(), anyhow[ec8a847c544a36f6]::Error>>, <tokio[5174ebaad4a2e31e]::runtime::park::CachedParkThread>::block_on<core[318a34b566a36fe]::pin::Pin<&mut dyn core[318a34b566a36fe]::future::future::Future<Output = core[318a34b566a36fe]::result::Result<(), anyhow[ec8a847c544a36f6]::Error>>>>::{closure#0}>
                               at /Users/takemiyamakoto/.cargo/registry/src/index.crates.io-1949cf8c6b5b557f/tokio-1.53.1/src/task/coop/mod.rs:133:5
  54:        0x1051f78e4 - <tokio[5174ebaad4a2e31e]::runtime::park::CachedParkThread>::block_on::<core[318a34b566a36fe]::pin::Pin<&mut dyn core[318a34b566a36fe]::future::future::Future<Output = core[318a34b566a36fe]::result::Result<(), anyhow[ec8a847c544a36f6]::Error>>>>
                               at /Users/takemiyamakoto/.cargo/registry/src/index.crates.io-1949cf8c6b5b557f/tokio-1.53.1/src/runtime/park.rs:284:31
  55:        0x105dd3144 - <tokio[5174ebaad4a2e31e]::runtime::context::blocking::BlockingRegionGuard>::block_on::<core[318a34b566a36fe]::pin::Pin<&mut dyn core[318a34b566a36fe]::future::future::Future<Output = core[318a34b566a36fe]::result::Result<(), anyhow[ec8a847c544a36f6]::Error>>>>
                               at /Users/takemiyamakoto/.cargo/registry/src/index.crates.io-1949cf8c6b5b557f/tokio-1.53.1/src/runtime/context/blocking.rs:66:14
  56:        0x104775790 - <tokio[5174ebaad4a2e31e]::runtime::scheduler::multi_thread::MultiThread>::block_on::<core[318a34b566a36fe]::pin::Pin<&mut dyn core[318a34b566a36fe]::future::future::Future<Output = core[318a34b566a36fe]::result::Result<(), anyhow[ec8a847c544a36f6]::Error>>>>::{closure#0}
                               at /Users/takemiyamakoto/.cargo/registry/src/index.crates.io-1949cf8c6b5b557f/tokio-1.53.1/src/runtime/scheduler/multi_thread/mod.rs:92:22
  57:        0x1056fcb34 - tokio[5174ebaad4a2e31e]::runtime::context::runtime::enter_runtime::<<tokio[5174ebaad4a2e31e]::runtime::scheduler::multi_thread::MultiThread>::block_on<core[318a34b566a36fe]::pin::Pin<&mut dyn core[318a34b566a36fe]::future::future::Future<Output = core[318a34b566a36fe]::result::Result<(), anyhow[ec8a847c544a36f6]::Error>>>>::{closure#0}, core[318a34b566a36fe]::result::Result<(), anyhow[ec8a847c544a36f6]::Error>>
                               at /Users/takemiyamakoto/.cargo/registry/src/index.crates.io-1949cf8c6b5b557f/tokio-1.53.1/src/runtime/context/runtime.rs:65:16
  58:        0x104774e78 - <tokio[5174ebaad4a2e31e]::runtime::scheduler::multi_thread::MultiThread>::block_on::<core[318a34b566a36fe]::pin::Pin<&mut dyn core[318a34b566a36fe]::future::future::Future<Output = core[318a34b566a36fe]::result::Result<(), anyhow[ec8a847c544a36f6]::Error>>>>
                               at /Users/takemiyamakoto/.cargo/registry/src/index.crates.io-1949cf8c6b5b557f/tokio-1.53.1/src/runtime/scheduler/multi_thread/mod.rs:91:9
  59:        0x104d2e52c - <tokio[5174ebaad4a2e31e]::runtime::runtime::Runtime>::block_on_inner::<core[318a34b566a36fe]::pin::Pin<&mut dyn core[318a34b566a36fe]::future::future::Future<Output = core[318a34b566a36fe]::result::Result<(), anyhow[ec8a847c544a36f6]::Error>>>>
                               at /Users/takemiyamakoto/.cargo/registry/src/index.crates.io-1949cf8c6b5b557f/tokio-1.53.1/src/runtime/runtime.rs:376:50
  60:        0x104d2ea94 - <tokio[5174ebaad4a2e31e]::runtime::runtime::Runtime>::block_on::<core[318a34b566a36fe]::pin::Pin<&mut dyn core[318a34b566a36fe]::future::future::Future<Output = core[318a34b566a36fe]::result::Result<(), anyhow[ec8a847c544a36f6]::Error>>>>
                               at /Users/takemiyamakoto/.cargo/registry/src/index.crates.io-1949cf8c6b5b557f/tokio-1.53.1/src/runtime/runtime.rs:343:18
  61:        0x10533dcc4 - kasumi_engine[ad032a02fa0a5487]::application_sources::tests::completion_tests::ordinary_completion_capture_wake_unwind_retires_the_actual_counted_handle
                               at /Users/takemiyamakoto/dev/kasumi/crates/kasumi-engine/src/application_source_completion_tests.rs:1070:7
  62:        0x104ec0d78 - kasumi_engine[ad032a02fa0a5487]::application_sources::tests::completion_tests::ordinary_completion_capture_wake_unwind_retires_the_actual_counted_handle::{closure#0}
                               at /Users/takemiyamakoto/dev/kasumi/crates/kasumi-engine/src/application_source_completion_tests.rs:936:89
  63:        0x1061f1288 - <kasumi_engine[ad032a02fa0a5487]::application_sources::tests::completion_tests::ordinary_completion_capture_wake_unwind_retires_the_actual_counted_handle::{closure#0} as core[318a34b566a36fe]::ops::function::FnOnce<()>>::call_once
                               at /rustc/8bab26f4f68e0e26f0bb7960be334d5b520ea452/library/core/src/ops/function.rs:250:5
  64:        0x1065330cc - <fn() -> core[318a34b566a36fe]::result::Result<(), alloc[fd24334a81e9fcd2]::string::String> as core[318a34b566a36fe]::ops::function::FnOnce<()>>::call_once
                               at /rustc/8bab26f4f68e0e26f0bb7960be334d5b520ea452/library/core/src/ops/function.rs:250:5
  65:        0x1065330cc - test[2c59eae1d55b8e96]::__rust_begin_short_backtrace::<core[318a34b566a36fe]::result::Result<(), alloc[fd24334a81e9fcd2]::string::String>, fn() -> core[318a34b566a36fe]::result::Result<(), alloc[fd24334a81e9fcd2]::string::String>>
                               at /rustc/8bab26f4f68e0e26f0bb7960be334d5b520ea452/library/test/src/lib.rs:724:18
  66:        0x10653e514 - test[2c59eae1d55b8e96]::run_test_in_process::{closure#0}
                               at /rustc/8bab26f4f68e0e26f0bb7960be334d5b520ea452/library/test/src/lib.rs:747:74
  67:        0x10653e514 - <core[318a34b566a36fe]::panic::unwind_safe::AssertUnwindSafe<test[2c59eae1d55b8e96]::run_test_in_process::{closure#0}> as core[318a34b566a36fe]::ops::function::FnOnce<()>>::call_once
                               at /rustc/8bab26f4f68e0e26f0bb7960be334d5b520ea452/library/core/src/panic/unwind_safe.rs:275:9
  68:        0x10653e514 - std[7648081134ee26d8]::panicking::catch_unwind::do_call::<core[318a34b566a36fe]::panic::unwind_safe::AssertUnwindSafe<test[2c59eae1d55b8e96]::run_test_in_process::{closure#0}>, core[318a34b566a36fe]::result::Result<(), alloc[fd24334a81e9fcd2]::string::String>>
                               at /rustc/8bab26f4f68e0e26f0bb7960be334d5b520ea452/library/std/src/panicking.rs:581:40
  69:        0x10653e514 - std[7648081134ee26d8]::panicking::catch_unwind::<core[318a34b566a36fe]::result::Result<(), alloc[fd24334a81e9fcd2]::string::String>, core[318a34b566a36fe]::panic::unwind_safe::AssertUnwindSafe<test[2c59eae1d55b8e96]::run_test_in_process::{closure#0}>>
                               at /rustc/8bab26f4f68e0e26f0bb7960be334d5b520ea452/library/std/src/panicking.rs:544:19
  70:        0x10653e514 - std[7648081134ee26d8]::panic::catch_unwind::<core[318a34b566a36fe]::panic::unwind_safe::AssertUnwindSafe<test[2c59eae1d55b8e96]::run_test_in_process::{closure#0}>, core[318a34b566a36fe]::result::Result<(), alloc[fd24334a81e9fcd2]::string::String>>
                               at /rustc/8bab26f4f68e0e26f0bb7960be334d5b520ea452/library/std/src/panic.rs:359:14
  71:        0x10653e514 - test[2c59eae1d55b8e96]::run_test_in_process
                               at /rustc/8bab26f4f68e0e26f0bb7960be334d5b520ea452/library/test/src/lib.rs:747:27
  72:        0x10653e514 - test[2c59eae1d55b8e96]::run_test::{closure#0}
                               at /rustc/8bab26f4f68e0e26f0bb7960be334d5b520ea452/library/test/src/lib.rs:668:43
  73:        0x10653939c - test[2c59eae1d55b8e96]::run_test::{closure#1}
                               at /rustc/8bab26f4f68e0e26f0bb7960be334d5b520ea452/library/test/src/lib.rs:698:41
  74:        0x10653939c - std[7648081134ee26d8]::sys::backtrace::__rust_begin_short_backtrace::<test[2c59eae1d55b8e96]::run_test::{closure#1}, ()>
                               at /rustc/8bab26f4f68e0e26f0bb7960be334d5b520ea452/library/std/src/sys/backtrace.rs:166:18
  75:        0x106540a6c - std[7648081134ee26d8]::thread::lifecycle::spawn_unchecked::<test[2c59eae1d55b8e96]::run_test::{closure#1}, ()>::{closure#1}::{closure#0}
                               at /rustc/8bab26f4f68e0e26f0bb7960be334d5b520ea452/library/std/src/thread/lifecycle.rs:70:13
  76:        0x106540a6c - <core[318a34b566a36fe]::panic::unwind_safe::AssertUnwindSafe<std[7648081134ee26d8]::thread::lifecycle::spawn_unchecked<test[2c59eae1d55b8e96]::run_test::{closure#1}, ()>::{closure#1}::{closure#0}> as core[318a34b566a36fe]::ops::function::FnOnce<()>>::call_once
                               at /rustc/8bab26f4f68e0e26f0bb7960be334d5b520ea452/library/core/src/panic/unwind_safe.rs:275:9
  77:        0x106540a6c - std[7648081134ee26d8]::panicking::catch_unwind::do_call::<core[318a34b566a36fe]::panic::unwind_safe::AssertUnwindSafe<std[7648081134ee26d8]::thread::lifecycle::spawn_unchecked<test[2c59eae1d55b8e96]::run_test::{closure#1}, ()>::{closure#1}::{closure#0}>, ()>
                               at /rustc/8bab26f4f68e0e26f0bb7960be334d5b520ea452/library/std/src/panicking.rs:581:40
  78:        0x106540a6c - std[7648081134ee26d8]::panicking::catch_unwind::<(), core[318a34b566a36fe]::panic::unwind_safe::AssertUnwindSafe<std[7648081134ee26d8]::thread::lifecycle::spawn_unchecked<test[2c59eae1d55b8e96]::run_test::{closure#1}, ()>::{closure#1}::{closure#0}>>
                               at /rustc/8bab26f4f68e0e26f0bb7960be334d5b520ea452/library/std/src/panicking.rs:544:19
  79:        0x106540a6c - std[7648081134ee26d8]::panic::catch_unwind::<core[318a34b566a36fe]::panic::unwind_safe::AssertUnwindSafe<std[7648081134ee26d8]::thread::lifecycle::spawn_unchecked<test[2c59eae1d55b8e96]::run_test::{closure#1}, ()>::{closure#1}::{closure#0}>, ()>
                               at /rustc/8bab26f4f68e0e26f0bb7960be334d5b520ea452/library/std/src/panic.rs:359:14
  80:        0x106540a6c - std[7648081134ee26d8]::thread::lifecycle::spawn_unchecked::<test[2c59eae1d55b8e96]::run_test::{closure#1}, ()>::{closure#1}
                               at /rustc/8bab26f4f68e0e26f0bb7960be334d5b520ea452/library/std/src/thread/lifecycle.rs:68:26
  81:        0x106540a6c - <std[7648081134ee26d8]::thread::lifecycle::spawn_unchecked<test[2c59eae1d55b8e96]::run_test::{closure#1}, ()>::{closure#1} as core[318a34b566a36fe]::ops::function::FnOnce<()>>::call_once::{shim:vtable#0}
                               at /rustc/8bab26f4f68e0e26f0bb7960be334d5b520ea452/library/core/src/ops/function.rs:250:5
  82:        0x10801b990 - <alloc[fd24334a81e9fcd2]::boxed::Box<dyn core[318a34b566a36fe]::ops::function::FnOnce<(), Output = ()> + core[318a34b566a36fe]::marker::Send> as core[318a34b566a36fe]::ops::function::FnOnce<()>>::call_once
                               at /rustc/8bab26f4f68e0e26f0bb7960be334d5b520ea452/library/alloc/src/boxed.rs:2275:9
  83:        0x10801b990 - <std[7648081134ee26d8]::sys::thread::unix::Thread>::new::thread_start
                               at /rustc/8bab26f4f68e0e26f0bb7960be334d5b520ea452/library/std/src/sys/thread/unix.rs:118:17
  84:        0x189d71d00 - __pthread_exit
test application_sources::tests::completion_tests::ordinary_completion_capture_wake_unwind_retires_the_actual_counted_handle ... ok
test application_sources::tests::point_retirement_tests::selected_sources_actual_point_drop_panic_still_cancels_queued_reader ... ok
test application_sources::tests::point_retirement_tests::selected_sources_actual_point_drop_panic_preserves_capture_error_and_separate_payload ... ok
test application_sources::tests::allocation_tails::completion_allocations::ordinary_completion_constructor_quote_covers_actual_three_allocations ... ok
test application_sources::tests::point_retirement_tests::incoming_tests::incoming_actual_points_retain_exact_error_or_panic_and_remain_unknown_in_cell ... ok
test application_sources::tests::allocation_tails::completion_allocations::ordinary_completion_cell_and_credit_remain_funded_through_actual_deallocation ... ok
test application_sources::tests::primary_read_tests::selected_primary_actual_decode_denial_retains_complete_wire_without_lending ... ok
test application_sources::tests::allocation_tails::source_view_unique_close_holds_cell_credit_while_arc_backing_retires ... ok
test application_sources::tests::primary_read_tests::selected_primary_callback_access_change_is_rechecked_before_success ... ok
test application_sources::tests::primary_read_tests::selected_primary_actual_node_denial_precedes_lending_and_keeps_error_credit ... ok
test application_sources::tests::primary_read_tests::selected_primary_empty_tree_still_rechecks_current_storage_access ... ok
test application_sources::tests::primary_read_tests::selected_primary_failure_retains_original_reader_and_actual_workspace_until_drop ... ok
test application_sources::tests::allocation_tails::source_failure_actual_error_aliases_hold_credit_through_owner_deallocation ... ok
test application_sources::tests::primary_read_tests::selected_primary_encrypted_branch_live_archive_absence_and_old_pin ... ok
test application_sources::tests::primary_read_tests::selected_primary_headers_cross_leaf_boundaries_without_loading_document_chunks ... ok
test application_sources::tests::primary_read_tests::selected_primary_headers_use_the_exact_old_root_and_preserve_cancellation ... ok
test application_sources::tests::allocation_tails::completion_allocations::ordinary_completion_erased_binding_retires_before_its_actual_credit ... ok
test application_sources::tests::primary_stage_tests::bulk_collections::primary_bulk_actual_frontier_allocation_stays_charged_through_dealloc ... ok
test application_sources::tests::point_retirement_tests::incoming_tests::incoming_actual_points_preserve_each_pre_cell_rejection_with_drop_panic ... ok
test application_sources::tests::primary_read_tests::selected_primary_overflow_corruption_and_missing_never_lend_partial_dto ... ok

thread 'application_sources::tests::primary_stage_tests::bulk_collections::primary_bulk_callback_error_survives_later_source_panic' (23982219) panicked at crates/kasumi-engine/src/primary_stage_bulk_tests.rs:143:13:
Box<dyn Any>
test application_sources::tests::primary_stage_tests::bulk_collections::primary_bulk_frontier_denial_precedes_backing_allocation_or_source_visit ... ok
test application_sources::tests::allocation_tails::source_root_weak_retains_shell_credit_after_payload_is_gone ... ok
test application_sources::tests::primary_stage_tests::bulk_collections::primary_bulk_callback_error_survives_later_source_panic ... ok

thread 'application_sources::tests::primary_read_tests::selected_primary_panic_payload_survives_as_original_failure_until_drop' (23982089) panicked at crates/kasumi-engine/src/primary_read_tests.rs:844:13:
Box<dyn Any>
test application_sources::tests::primary_stage_tests::bulk_collections::primary_bulk_empty_stream_has_definition_manifest_and_no_empty_page ... ok
test application_sources::tests::primary_read_tests::selected_primary_panic_payload_survives_as_original_failure_until_drop ... ok
test application_sources::tests::primary_stage_tests::catalogs::primary_catalog_member_codec_is_fixed_and_contextual ... ok
test application_sources::tests::primary_read_tests::selected_primary_page_corruption_and_foreign_registry_are_rejected ... ok
test application_sources::tests::primary_read_tests::selected_primary_preserves_restored_zero_document_versions ... ok

thread 'application_sources::tests::primary_stage_tests::bulk_collections::primary_bulk_swallowed_callback_panic_permanently_stops_writes' (23982619) panicked at crates/kasumi-engine/src/primary_stage_bulk_tests.rs:690:17:
Box<dyn Any>
test application_sources::tests::primary_read_tests::selected_primary_rejects_catalog_manifest_and_selector_substitution ... ok
test application_sources::tests::allocation_tails::source_binding_box_retires_before_its_real_root_credit ... ok
test application_sources::tests::primary_stage_tests::bulk_collections::primary_bulk_swallowed_callback_panic_permanently_stops_writes ... ok
test application_sources::tests::completion_tests::ordinary_completion_fault_checkpoints_preserve_exact_original_and_source_phase ... ok
test application_sources::tests::primary_stage_tests::bulk_collections::primary_bulk_swallowed_callback_stays_closed_and_keeps_independent_source_error ... ok
test application_sources::tests::primary_stage_tests::bulk_collections::primary_bulk_cancel_inside_large_dto_preserves_original_and_resumes_abort ... ok
test application_sources::tests::primary_stage_tests::bulk_collections::primary_bulk_rejects_order_identity_and_epoch_without_final_manifest ... ok
test application_sources::tests::primary_stage_tests::catalogs::primary_catalog_partial_verifier_keeps_its_exact_pin ... ok
test application_sources::tests::primary_stage_tests::catalogs::primary_catalog_encrypted_finish_and_separate_abort_units_preserve_old_pin ... ok
test application_sources::tests::primary_stage_tests::fixed_objects::primary_stage_fixed_objects_are_journaled_and_old_pin_survives_bounded_abort ... ok
test application_sources::tests::primary_stage_tests::fixed_objects::primary_stage_fixed_page_buffer_returns_for_following_multichunk_dto ... ok
test application_sources::tests::primary_stage_tests::catalogs::primary_catalog_real_admission_denial_precedes_append_effects ... ok
test application_sources::tests::primary_stage_tests::fixed_objects::primary_stage_fixed_page_framing_refuses_even_with_matching_inventory_digest ... ok
test application_sources::tests::primary_stage_tests::catalogs::primary_catalog_nonempty_totals_and_mapping_cow_preserve_membership ... ok
test application_sources::tests::primary_stage_tests::primary_stage_archive_and_definition_keep_exact_dto_and_kind_identity ... ok
test application_sources::tests::quote_tests::source_quote_actual_engine_provider_token_is_preclaimed_and_request_is_pure ... ok
test application_sources::tests::primary_stage_tests::primary_stage_native_bound_failure_keeps_original_diagnostic_through_positive_close ... ok
test application_sources::tests::primary_stage_tests::primary_stage_nonselection_readers_and_denied_begin_do_not_publish_or_write ... ok
test application_sources::tests::primary_stage_tests::fixed_objects::primary_stage_fixed_shape_refusal_creates_no_inventory_or_counter_change ... ok
publication_owner_layout expectation=72 challenge=72 receipt=216 plan=384 root_preparation=760 publication_preparation=776 source_roots=152 cell_bytes=9216
test application_sources::tests::quote_tests::source_quote_is_allocation_free_bound_and_covers_real_capture_peak ... ok
test application_sources::tests::quote_tests::source_quote_reader_retained_amount_matches_actual_installed_provider_requests ... ok
test application_sources::tests::quote_tests::source_quote_covered_planning_tracks_actual_rows_and_transferred_backing ... ok
test application_sources::tests::primary_stage_tests::primary_stage_partial_attempt_resumes_after_actual_encrypted_reopen ... ok
test application_sources::tests::primary_stage_tests::primary_stage_partial_high_water_and_abort_resume_are_atomic ... ok
test application_sources::tests::primary_stage_tests::fixed_objects::primary_stage_fixed_impossible_inventory_progress_refuses_without_erasing_custody ... ok
test application_sources::tests::selected_sources_canonical_failure_closes_parent_preserves_original_and_issue ... ok
test application_sources::tests::primary_stage_tests::primary_stage_rejects_payload_corruption_before_lending_and_keeps_old_pin_exact ... ok
test application_sources::tests::selected_sources_alias_refusal_preserves_later_actual_native_close_failure ... ok
test application_sources::tests::selected_sources_capture_finalization_settles_handle_before_retirement ... ok
test application_sources::tests::primary_stage_tests::catalogs::primary_catalog_empty_zero_work_and_first_finish_bind_actual_records ... ok
test application_sources::tests::selected_sources_maintenance_publication_requires_actual_scope_for_owner_and_growth ... ok
test application_sources::tests::selected_sources_failed_consuming_close_never_becomes_success_from_none ... ok
test application_sources::tests::selected_sources_actual_entry_hands_point_backing_to_capture_and_queue_cancellation ... ok
test application_sources::tests::selected_sources_fork_seal_closes_registered_child_before_releasing_permit ... ok
test application_sources::tests::selected_sources_fork_keeps_exact_old_native_generation_after_parent_retirement ... ok
test application_sources::tests::selected_sources_last_selected_handle_closes_during_ordinary_operation ... ok
test application_sources::tests::selected_sources_initial_install_fits_actual_rows_below_format_ceiling ... ok
test application_sources::tests::selected_sources_missing_prospective_callback_never_publishes_generation ... ok
test application_sources::tests::selected_sources_prospective_denial_preserves_cursor_generation_and_original_then_retries ... ok
test application_sources::tests::selected_sources_covered_capture_cannot_settle_after_serving_handoff ... ok
test application_sources::tests::selected_sources_repeated_prospective_callback_is_sticky_and_cancels_queued_reader ... ok
test application_sources::tests::selected_sources_shutdown_closes_native_parent_with_metadata_alias_alive ... ok

thread 'application_sources::tests::selected_sources_unknown_capture_panic_without_view_never_drains_as_clean' (23986480) panicked at crates/kasumi-engine/src/application_sources_tests.rs:707:17:
Box<dyn Any>
test application_sources::tests::selected_sources_unknown_capture_panic_without_view_never_drains_as_clean ... ok
test application_sources::tests::selected_sources_routine_bounded_read_error_retires_with_original_report_alive ... ok
test application_sources::tests::selected_sources_real_local_startup_publishes_entry_and_drains_surviving_generation ... ok
test application_sources::tests::primary_stage_tests::catalogs::primary_catalog_abort_missing_or_corrupt_owned_rows_retains_progress ... ok
test application_sources::tests::primary_stage_tests::fixed_objects::primary_stage_fixed_missing_or_corrupt_objects_refuse_before_abort_progress ... ok
test application_sources::tests::selected_sources_actual_snapshot_install_and_encrypted_reopen_preserve_identity ... ok
test application_sources::tests::primary_stage_tests::bulk_collections::primary_bulk_real_frontier_three_levels_recursive_spill_and_final_collapse ... ok
test application_sources::tests::primary_stage_tests::bulk_collections::primary_bulk_two_level_mixed_stream_zero_version_and_old_pin ... ok
test application_sources::tests::primary_stage_tests::catalogs::primary_catalog_append_refusals_preserve_durable_membership has been running for over 60 seconds
test application_sources::tests::primary_stage_tests::catalogs::primary_catalog_append_refusals_preserve_durable_membership ... ok
test application_sources::tests::primary_stage_tests::catalogs::primary_catalog_verifier_refuses_mutations_and_pin_replacement ... ok
test application_sources::tests::primary_stage_tests::primary_stage_large_encrypted_object_and_old_selected_pin_survive_current_abort ... ok

test result: ok. 93 passed; 0 failed; 0 ignored; 0 measured; 551 filtered out; finished in 86.72s

     Running unittests src/lib.rs (target/disk-backed-cache/debug/deps/kasumi_kv-221aa5373d25965b)

running 0 tests

test result: ok. 0 passed; 0 failed; 0 ignored; 0 measured; 551 filtered out; finished in 0.00s

     Running unittests src/lib.rs (target/disk-backed-cache/debug/deps/kasumi_raft-8af78bc0d2a8574c)

running 11 tests
test selected_application::plan::ordinary_envelope::tests::streamed_shape_quote_matches_actual_canonical_wire_and_number_channels ... ok
test selected_application::plan::ordinary_envelope::tests::borrowed_maximum_shape_matches_actual_cursor_schema_for_zero_single_and_joint_membership ... ok
test selected_application::plan::constructor_envelope::tests::constructor_preserves_actual_capacity_refusal_and_retires_reader_before_retry ... ok
test selected_application::plan::ordinary_envelope::tests::ordinary_shape_preserves_the_existing_maximum_control_record_ceiling ... ok
test selected_application::plan::ordinary_envelope::tests::ordinary_envelope_covers_actual_current_and_advancing_plans_but_not_covered_or_snapshot ... ok
test selected_application::plan::constructor_envelope::tests::constructor_header_peak_refusal_preserves_current_dtos_and_durable_tail ... ok
test selected_application::plan::constructor_envelope::tests::constructor_covers_retained_uncommitted_membership_and_real_capture_without_new_grants ... ok
test selected_application::plan::constructor_envelope::tests::constructor_snapshot_seed_covers_exact_reconstruction_but_rejects_same_size_replacement ... ok
test selected_application::plan::ordinary_envelope::tests::membership_growth_requires_expanded_quote_before_actual_internal_entry_publication ... ok
test selected_application::plan::ordinary_envelope::tests::ordinary_envelope_rejects_foreign_pair_and_changed_bootstrap_without_admission ... ok
test selected_application::plan::constructor_envelope::tests::constructor_rejects_foreign_workspace_and_noncanonical_or_disconnected_retained_headers ... ok

test result: ok. 11 passed; 0 failed; 0 ignored; 0 measured; 176 filtered out; finished in 4.27s

     Running unittests src/lib.rs (target/disk-backed-cache/debug/deps/kasumi_store-4ef75ebdc018c368)

running 0 tests

test result: ok. 0 passed; 0 failed; 0 ignored; 0 measured; 724 filtered out; finished in 0.00s

Runner: 91.65s; exit=0; matching=1550/1550
