Command: env KASUMI_TEST_RESTORE_TRACE=1 cargo test --locked --offline --config profile.test.package.kasumi-kv.opt-level=3 --config profile.test.package.sha2.opt-level=3 -p kasumi-engine --all-features --lib public_restore_admits_resident_state_without_charging_permanent_stream_as_ram -- --nocapture
CARGO_TARGET_DIR=target/disk-backed-cache
    Blocking waiting for file lock on package cache
   Compiling kasumi-store v0.1.0 (/Users/takemiyamakoto/dev/kasumi/crates/kasumi-store)
   Compiling kasumi-raft v0.1.0 (/Users/takemiyamakoto/dev/kasumi/crates/kasumi-raft)
   Compiling kasumi-engine v0.1.0 (/Users/takemiyamakoto/dev/kasumi/crates/kasumi-engine)
warning: variant `Mutation` is never constructed
  --> crates/kasumi-engine/src/security_audit_jobs.rs:26:5
   |
24 | enum JobEffect {
   |      --------- variant in this enum
25 |     Read,
26 |     Mutation(&'static str),
   |     ^^^^^^^^
   |
   = note: `JobEffect` has a derived impl for the trait `Clone`, but this is intentionally ignored during dead code analysis
   = note: `#[warn(dead_code)]` (part of `#[warn(unused)]`) on by default

warning: struct `ReadPause` is never constructed
  --> crates/kasumi-engine/src/security_audit_jobs.rs:57:19
   |
57 | pub(super) struct ReadPause {
   |                   ^^^^^^^^^

warning: method `run_mutation` is never used
   --> crates/kasumi-engine/src/security_audit_jobs.rs:120:25
    |
 62 | impl SecurityAudit {
    | ------------------ method in this implementation
...
120 |     pub(super) async fn run_mutation<T, F, R>(&self, component: &'static str, run: R) -> Result<T>
    |                         ^^^^^^^^^^^^

warning: `kasumi-engine` (lib) generated 3 warnings
error[E0599]: no method named `with_context` found for enum `std::result::Result<T, E>` in the current scope
   --> crates/kasumi-engine/src/bootstrap_existing_replicated_tests.rs:955:6
    |
932 |       Ok(tokio::time::timeout(Duration::from_secs(10), async {
    |  ________-
933 | |         loop {
934 | |             for (&id, node) in nodes {
...   |
954 | |     .await
955 | |     .with_context(|| {
    | |_____-^^^^^^^^^^^^
    |
   ::: /Users/takemiyamakoto/.cargo/registry/src/index.crates.io-1949cf8c6b5b557f/anyhow-1.0.104/src/lib.rs:624:8
    |
624 |       fn with_context<C, F>(self, f: F) -> Result<T, Error>
    |          ------------ the method is available for `std::result::Result<u64, Elapsed>` here
    |
    = help: items from traits can only be used if the trait is in scope
help: trait `Context` which provides `with_context` is implemented but not in scope; perhaps you want to import it
    |
  1 + use anyhow::Context;
    |
help: there is a method `context` with a similar name
    |
955 -     .with_context(|| {
955 +     .context(|| {
    |

For more information about this error, try `rustc --explain E0599`.
error: could not compile `kasumi-engine` (lib test) due to 1 previous error
Runner: 167.26s; exit=101; matching=852/852
