Command: cargo test -p kasumi-engine --all-features --lib --locked --offline --config profile.test.package.kasumi-kv.opt-level=3 --config profile.test.package.sha2.opt-level=3 -- --test-threads=1 primary_bulk_ primary_dto_workspace_ primary_quote_refusal_
CARGO_TARGET_DIR=target/disk-backed-cache
   Compiling kasumi-engine v0.1.0 (/Users/takemiyamakoto/dev/kasumi/crates/kasumi-engine)
warning: variant `Mutation` is never constructed
  --> crates/kasumi-engine/src/security_audit_jobs.rs:26:5
   |
24 | enum JobEffect {
   |      --------- variant in this enum
25 |     Read,
26 |     Mutation(&'static str),
   |     ^^^^^^^^
   |
   = note: `JobEffect` has a derived impl for the trait `Clone`, but this is intentionally ignored during dead code analysis
   = note: `#[warn(dead_code)]` (part of `#[warn(unused)]`) on by default

warning: struct `ReadPause` is never constructed
  --> crates/kasumi-engine/src/security_audit_jobs.rs:57:19
   |
57 | pub(super) struct ReadPause {
   |                   ^^^^^^^^^

warning: method `run_mutation` is never used
   --> crates/kasumi-engine/src/security_audit_jobs.rs:120:25
    |
 62 | impl SecurityAudit {
    | ------------------ method in this implementation
...
120 |     pub(super) async fn run_mutation<T, F, R>(&self, component: &'static str, run: R) -> Result<T>
    |                         ^^^^^^^^^^^^

warning: `kasumi-engine` (lib) generated 3 warnings
warning: field `panic` is never read
  --> crates/kasumi-engine/src/security_audit_jobs.rs:52:9
   |
48 | pub(super) struct RecordFault {
   |                   ----------- field in this struct
...
52 |     pub panic: bool,
   |         ^^^^^

warning: `kasumi-engine` (lib test) generated 4 warnings (3 duplicates)
    Finished `test` profile [unoptimized + debuginfo] target(s) in 2m 55s
     Running unittests src/lib.rs (target/disk-backed-cache/debug/deps/kasumi_engine-b15d1192089511a8)

running 11 tests
test application_sources::tests::primary_stage_tests::bulk_collections::primary_bulk_actual_frontier_allocation_stays_charged_through_dealloc ... ok
test application_sources::tests::primary_stage_tests::bulk_collections::primary_bulk_callback_error_survives_later_source_panic ... ok
test application_sources::tests::primary_stage_tests::bulk_collections::primary_bulk_cancel_inside_large_dto_preserves_original_and_resumes_abort ... ok
test application_sources::tests::primary_stage_tests::bulk_collections::primary_bulk_empty_stream_has_definition_manifest_and_no_empty_page ... ok
test application_sources::tests::primary_stage_tests::bulk_collections::primary_bulk_frontier_denial_precedes_backing_allocation_or_source_visit ... ok
test application_sources::tests::primary_stage_tests::bulk_collections::primary_bulk_rejects_order_identity_and_epoch_without_final_manifest ... ok
test application_sources::tests::primary_stage_tests::bulk_collections::primary_bulk_swallowed_callback_panic_permanently_stops_writes ... ok
test application_sources::tests::primary_stage_tests::bulk_collections::primary_bulk_swallowed_callback_stays_closed_and_keeps_independent_source_error ... ok
test application_sources::tests::primary_stage_tests::bulk_collections::primary_bulk_two_level_mixed_stream_zero_version_and_old_pin ... ok
test primary_tree::stage::workspace_tests::primary_dto_workspace_matches_archived_direct_and_live_canonical_writers ... ok
test primary_tree::stage::workspace_tests::primary_quote_refusal_keeps_pointer_bearing_original_before_full_walk ... ok

test result: ok. 11 passed; 0 failed; 0 ignored; 0 measured; 516 filtered out; finished in 131.04s

Runner: 306.34s; exit=0; matching=783/783
