    Blocking waiting for file lock on package cache
    Blocking waiting for file lock on package cache
   Compiling kasumi-query v0.1.0 (/Users/takemiyamakoto/dev/kasumi/crates/kasumi-query)
   Compiling kasumi-engine v0.1.0 (/Users/takemiyamakoto/dev/kasumi/crates/kasumi-engine)
warning: variant `Mutation` is never constructed
  --> crates/kasumi-engine/src/security_audit_jobs.rs:26:5
   |
24 | enum JobEffect {
   |      --------- variant in this enum
25 |     Read,
26 |     Mutation(&'static str),
   |     ^^^^^^^^
   |
   = note: `JobEffect` has a derived impl for the trait `Clone`, but this is intentionally ignored during dead code analysis
   = note: `#[warn(dead_code)]` (part of `#[warn(unused)]`) on by default

warning: struct `ReadPause` is never constructed
  --> crates/kasumi-engine/src/security_audit_jobs.rs:57:19
   |
57 | pub(super) struct ReadPause {
   |                   ^^^^^^^^^

warning: method `run_mutation` is never used
   --> crates/kasumi-engine/src/security_audit_jobs.rs:120:25
    |
 62 | impl SecurityAudit {
    | ------------------ method in this implementation
...
120 |     pub(super) async fn run_mutation<T, F, R>(&self, component: &'static str, run: R) -> Result<T>
    |                         ^^^^^^^^^^^^

warning: `kasumi-engine` (lib) generated 3 warnings
warning: field `panic` is never read
  --> crates/kasumi-engine/src/security_audit_jobs.rs:52:9
   |
48 | pub(super) struct RecordFault {
   |                   ----------- field in this struct
...
52 |     pub panic: bool,
   |         ^^^^^

warning: `kasumi-engine` (lib test) generated 4 warnings (3 duplicates)
    Finished `test` profile [unoptimized + debuginfo] target(s) in 2m 00s
     Running unittests src/lib.rs (target/disk-backed-cache/debug/deps/kasumi_engine-3656345440c90b6a)

running 27 tests
test document_source::tests::absent_records_require_presence_only_when_a_version_is_expected ... ok
test document_source::tests::cancellation_is_checked_before_lending_and_after_the_callback ... ok
test document_source::tests::corrupt_ids_versions_and_disagreeing_hydration_never_reach_the_loan ... ok
test document_source::tests::headers_merge_live_archive_and_hydrated_rows_once_in_exclusive_order ... ok
test document_source::tests::identity_retains_actual_generation_collection_and_exact_indexes ... ok
test document_source::tests::later_overlay_cannot_change_the_captured_records_or_indexes ... ok
test index_source::tests::collection_records_merge_hydration_once_without_cloning_bodies ... ok
test index_source::tests::delta_replays_one_sorted_old_final_pair_for_repeated_mutations ... ok
test index_source::tests::explicit_schema_rebuild_and_removal_do_not_require_document_journals ... ok
test index_source::tests::schema_candidates_and_empty_snapshot_metadata_have_exact_borrowed_owners ... ok
test index_source::tests::unexplained_live_and_archive_roots_fail_without_rebuild_fallback ... ok
test index_source::tests::unique_swap_uses_final_pairs_and_conflict_is_prevalidated ... ok
test snapshot_index::tests::denied_flush_and_duplicate_insert_drop_abort_only_the_pending_batch ... ok
test snapshot_index::tests::pending_index_commits_full_prefix_and_final_tail_at_bounded_boundaries ... ok
test snapshot_index::tests::staged_index_flushes_parent_kinds_and_retains_group_cursors_across_batches ... ok
test state::mutation_apply::tests::captured_index_corruption_is_outer_before_mutation_receipt_or_text_publication ... ok
test state::mutation_apply::tests::captured_index_corruption_leaves_staged_terminal_unselected_but_conflict_is_durable ... ok
test state::mutation_apply::tests::invalid_index_inputs_remain_deterministic_rejections_before_text_materialization ... ok
test state::mutation_apply::tests::recovery_seal_two_writes_three_reads_are_atomic_and_replay_original_receipts ... ok
test state::mutation_apply::tests::snapshot_quota_rejection_preserves_text_writer_and_original_receipts ... ok
test state::mutation_apply::tests::text_materialization_failure_is_outer_and_does_not_select_a_receipt ... ok
test state::snapshot_validation::tests::authenticated_semantic_substitutions_fail_both_validation_paths ... ok
test state::snapshot_validation::tests::indexed_terminal_provenance_retains_the_intermediate_incarnation_genesis ... FAILED
test state::snapshot_validation::tests::indexed_validation_matches_full_restore_and_canonical_closure ... FAILED
test state::snapshot_validation::tests::indexed_verification_keeps_all_staging_on_the_image_owner_until_drain ... FAILED
test state::snapshot_validation::tests::indexing_never_returns_a_proof_after_cancellation_or_corrupt_footer ... ok
test state::snapshot_validation::tests::receipt_original_scope_and_position_are_checked_in_both_snapshot_paths ... FAILED

failures:

---- state::snapshot_validation::tests::indexed_terminal_provenance_retains_the_intermediate_incarnation_genesis stdout ----

thread 'state::snapshot_validation::tests::indexed_terminal_provenance_retains_the_intermediate_incarnation_genesis' (7287219) panicked at crates/kasumi-engine/src/snapshot_validation.rs:1348:91:
called `Result::unwrap()` on an `Err` value: scratch table setup failed: storage capacity denied

Caused by:
    0: storage capacity denied
    1: storage capacity denied
    2: storage capacity denied
note: run with `RUST_BACKTRACE=1` environment variable to display a backtrace

---- state::snapshot_validation::tests::indexed_validation_matches_full_restore_and_canonical_closure stdout ----

thread 'state::snapshot_validation::tests::indexed_validation_matches_full_restore_and_canonical_closure' (7287347) panicked at crates/kasumi-engine/src/snapshot_validation.rs:1473:45:
called `Result::unwrap()` on an `Err` value: scratch table setup failed: storage capacity denied

Caused by:
    0: storage capacity denied
    1: storage capacity denied
    2: storage capacity denied

---- state::snapshot_validation::tests::indexed_verification_keeps_all_staging_on_the_image_owner_until_drain stdout ----

thread 'state::snapshot_validation::tests::indexed_verification_keeps_all_staging_on_the_image_owner_until_drain' (7287494) panicked at crates/kasumi-engine/src/snapshot_validation.rs:1439:83:
called `Result::unwrap()` on an `Err` value: scratch table setup failed: storage capacity denied

Caused by:
    0: storage capacity denied
    1: storage capacity denied
    2: storage capacity denied

---- state::snapshot_validation::tests::receipt_original_scope_and_position_are_checked_in_both_snapshot_paths stdout ----

thread 'state::snapshot_validation::tests::receipt_original_scope_and_position_are_checked_in_both_snapshot_paths' (7288115) panicked at crates/kasumi-engine/src/snapshot_validation.rs:1550:13:
assertion `left == right` failed: full original: Err(Corruption: scratch table setup failed: storage capacity denied)
  left: false
 right: true


failures:
    state::snapshot_validation::tests::indexed_terminal_provenance_retains_the_intermediate_incarnation_genesis
    state::snapshot_validation::tests::indexed_validation_matches_full_restore_and_canonical_closure
    state::snapshot_validation::tests::indexed_verification_keeps_all_staging_on_the_image_owner_until_drain
    state::snapshot_validation::tests::receipt_original_scope_and_position_are_checked_in_both_snapshot_paths

test result: FAILED. 23 passed; 4 failed; 0 ignored; 0 measured; 340 filtered out; finished in 175.66s

error: test failed, to rerun pass `-p kasumi-engine --lib`
