Command: cargo test --locked --offline --config profile.test.package.kasumi-kv.opt-level=3 --config profile.test.package.sha2.opt-level=3 -p kasumi-store -p kasumi-raft -p kasumi-engine --all-features --lib -- prepared_point plaintext_get_workspace paired_read_quote typed_domain_expiry_is_minted_only_after_actual_complete_commit apply_publication::completion_tests application_source_custody_tests application_sources::tests::quote staging::capacity_tests serving_expiry_rejects_queued_effect_and_late_read_or_committed_ack_then_reopens_exactly serving_expiry_drain_rejects_unrelated_storage_causes existing_replicas_replay_committed_state_and_membership_after_full_close
CARGO_TARGET_DIR=target/disk-backed-cache
   Compiling proc-macro2 v1.0.107
   Compiling quote v1.0.47
   Compiling unicode-ident v1.0.24
   Compiling libc v0.2.189
   Compiling cfg-if v1.0.4
   Compiling serde_core v1.0.229
   Compiling memchr v2.8.3
   Compiling itoa v1.0.18
   Compiling once_cell v1.21.4
   Compiling shlex v2.0.1
   Compiling find-msvc-tools v0.1.12
   Compiling serde v1.0.229
   Compiling autocfg v1.5.1
   Compiling bytes v1.12.1
   Compiling smallvec v1.16.0
   Compiling equivalent v1.0.2
   Compiling pin-project-lite v0.2.17
   Compiling log v0.4.34
   Compiling stable_deref_trait v1.2.1
   Compiling foldhash v0.2.0
   Compiling futures-core v0.3.34
   Compiling version_check v0.9.5
   Compiling allocator-api2 v0.2.21
   Compiling percent-encoding v2.3.2
   Compiling subtle v2.6.1
   Compiling num-traits v0.2.19
   Compiling parking_lot_core v0.9.12
   Compiling scopeguard v1.2.0
   Compiling zmij v1.0.23
   Compiling futures-sink v0.3.34
   Compiling untrusted v0.9.0
   Compiling hashbrown v0.17.1
   Compiling thiserror v2.0.20
   Compiling lock_api v0.4.14
   Compiling slab v0.4.12
   Compiling typenum v1.20.1
   Compiling futures-io v0.3.34
   Compiling futures-task v0.3.34
   Compiling generic-array v0.14.7
   Compiling futures-channel v0.3.34
   Compiling bitflags v2.13.1
   Compiling serde_json v1.0.151 (/Users/takemiyamakoto/dev/kasumi/vendor/serde_json-1.0.151)
   Compiling tracing-core v0.1.36
   Compiling writeable v0.6.4
   Compiling num-conv v0.2.2
   Compiling litemap v0.8.3
   Compiling time-core v0.1.9
   Compiling indexmap v2.14.1
   Compiling icu_normalizer_data v2.3.0
   Compiling ryu v1.0.23
   Compiling icu_properties_data v2.3.0
   Compiling powerfmt v0.2.0
   Compiling utf8_iter v1.0.4
   Compiling anyhow v1.0.104
   Compiling crossbeam-utils v0.8.22
   Compiling time-macros v0.2.32
   Compiling http v1.5.0
   Compiling heck v0.5.0
   Compiling fnv v1.0.7
   Compiling form_urlencoded v1.2.2
   Compiling crossbeam-epoch v0.9.20
   Compiling jobserver v0.1.35
   Compiling getrandom v0.2.17
   Compiling errno v0.3.14
   Compiling mio v1.2.3
   Compiling socket2 v0.6.5
   Compiling cc v1.4.5
   Compiling rand_core v0.6.4
   Compiling minimal-lexical v0.2.1
   Compiling byteorder v1.5.0
   Compiling signal-hook-registry v1.4.8
   Compiling crossbeam-deque v0.8.7
   Compiling httparse v1.10.1
   Compiling syn v3.0.5
   Compiling syn v2.0.119
   Compiling ring v0.17.14
   Compiling parking_lot v0.12.5
   Compiling rayon-core v1.13.0
   Compiling base64 v0.22.1
   Compiling nom v7.1.3
   Compiling tower-service v0.3.3
   Compiling num-integer v0.1.47
   Compiling zerocopy v0.8.56
   Compiling simdutf8 v0.1.5
   Compiling zeroize v1.9.0
   Compiling strsim v0.11.1
   Compiling crypto-common v0.1.7
   Compiling getrandom v0.4.3
   Compiling serde_derive v1.0.229
   Compiling displaydoc v0.2.7
   Compiling zerovec-derive v0.11.6
   Compiling thiserror-impl v2.0.20
   Compiling futures-macro v0.3.34
   Compiling tokio-macros v2.7.2
   Compiling http-body v1.1.0
   Compiling ptr_meta_derive v0.3.2
   Compiling num-bigint v0.4.8
   Compiling async-trait v0.1.92
   Compiling bytecheck_derive v0.8.3
   Compiling atomic-waker v1.1.2
   Compiling ptr_meta v0.3.2
   Compiling try-lock v0.2.5
   Compiling base64 v0.23.1
   Compiling tokio v1.53.1
   Compiling futures-util v0.3.34
   Compiling rancor v0.1.3
   Compiling deranged v0.5.8
   Compiling want v0.3.1
   Compiling rustls-pki-types v1.15.1
   Compiling bytecheck v0.8.3
   Compiling block-buffer v0.10.4
   Compiling time v0.3.55
   Compiling httpdate v1.0.3
   Compiling rustix v1.1.4
   Compiling regex-syntax v0.8.11
   Compiling digest v0.10.7
   Compiling rend v0.5.4
   Compiling rkyv_derive v0.8.18
   Compiling sync_wrapper v1.0.2
   Compiling csv-core v0.1.13
   Compiling pkg-config v0.3.34
   Compiling rustls v0.23.43
   Compiling getrandom v0.3.4
   Compiling tower-layer v0.3.3
   Compiling either v1.18.0
   Compiling ipnet v2.12.1
   Compiling crc32fast v1.5.1
   Compiling rustls-webpki v0.103.15
   Compiling zstd-sys v2.1.0+zstd.1.5.7
   Compiling memmap2 v0.9.11
   Compiling cpufeatures v0.2.17
   Compiling encoding_rs v0.8.35
   Compiling adler2 v2.0.1
   Compiling bytemuck v1.25.2
   Compiling simd-adler32 v0.3.10
   Compiling xattr v1.6.1
   Compiling sha2 v0.10.9
   Compiling ureq-proto v0.6.1
   Compiling miniz_oxide v0.9.1
   Compiling rusticata-macros v4.1.0
   Compiling uuid v1.26.0
   Compiling safe_arch v0.7.4
   Compiling webpki-roots v1.0.9
   Compiling encoding_rs_io v0.1.8
   Compiling http-body-util v0.1.5
   Compiling filetime v0.2.29
   Compiling bitmaps v3.2.1 (/Users/takemiyamakoto/dev/kasumi/vendor/bitmaps-3.2.1)
   Compiling utf8-zero v0.8.1
   Compiling rand_core v0.9.5
   Compiling rand_core v0.10.1
   Compiling crunchy v0.2.4
   Compiling glob v0.3.4
   Compiling daachorse v4.0.0
   Compiling crawdad v0.3.0
   Compiling rand v0.10.2
   Compiling ureq v3.4.0
   Compiling rayon v1.12.0
   Compiling tar v0.4.46
   Compiling wide v0.7.33
   Compiling flate2 v1.1.10
   Compiling rand_xoshiro v0.7.0
   Compiling csv v1.4.0
   Compiling aho-corasick v1.1.5
   Compiling data-encoding v2.11.1
   Compiling zstd-safe v7.3.0
   Compiling ident_case v1.0.1
   Compiling lazy_static v1.5.0
   Compiling archery v1.2.3
   Compiling oid-registry v0.8.1
   Compiling md5 v0.8.1
   Compiling fastrand v2.5.0
   Compiling darling_core v0.24.1
   Compiling regex-automata v0.4.18
   Compiling imbl-sized-chunks v0.1.3
   Compiling inout v0.1.4
   Compiling kasumi-clock v0.1.0 (/Users/takemiyamakoto/dev/kasumi/crates/kasumi-clock)
   Compiling ownedbytes v0.9.0
   Compiling core-foundation-sys v0.8.7
   Compiling typeid v1.0.3
   Compiling utf8parse v0.2.2
   Compiling prettyplease v0.3.0
   Compiling tantivy-common v0.11.0
   Compiling iana-time-zone v0.1.65
   Compiling darling_macro v0.24.1
   Compiling bitpacking v0.9.3
   Compiling anstyle-parse v1.0.0
   Compiling serde_urlencoded v0.7.1
   Compiling universal-hash v0.5.1
   Compiling ahash v0.8.12
   Compiling ref-cast v1.0.27
   Compiling opaque-debug v0.3.1
   Compiling colorchoice v1.0.5
   Compiling rust_decimal v1.43.0
   Compiling anstyle-query v1.1.5
   Compiling utf8-ranges v1.0.5
   Compiling tempfile v3.27.0
   Compiling erased-serde v0.4.10
   Compiling is_terminal_polyfill v1.70.2
   Compiling anstyle v1.0.14
   Compiling rustversion v1.0.23
   Compiling poly1305 v0.8.0
   Compiling synstructure v0.13.2
   Compiling tracing-attributes v0.1.31
   Compiling zeroize_derive v1.5.0
   Compiling munge_macro v0.4.7
   Compiling strum_macros v0.28.0
   Compiling pin-project-internal v1.1.13
   Compiling asn1-rs-impl v0.2.0
   Compiling tantivy-fst v0.5.0
   Compiling anstream v1.0.0
   Compiling darling v0.24.1
   Compiling tantivy-bitpacker v0.10.0
   Compiling regex v1.13.1
   Compiling ppv-lite86 v0.2.21
   Compiling munge v0.4.7
   Compiling itertools v0.14.0
   Compiling num-rational v0.4.2
   Compiling imbl v7.0.1
   Compiling zerofrom-derive v0.1.7
   Compiling yoke-derive v0.8.2
   Compiling asn1-rs-derive v0.6.0
   Compiling rkyv v0.8.18
   Compiling aead v0.5.2
   Compiling num-iter v0.1.46
   Compiling ref-cast-impl v1.0.27
   Compiling num-complex v0.4.6
   Compiling typetag v0.2.23
   Compiling thiserror v1.0.69
   Compiling tracing v0.1.44
   Compiling cipher v0.4.4
   Compiling pin-project v1.1.13
   Compiling clap_lex v1.1.0
   Compiling hex v0.4.3
   Compiling tinyvec_macros v0.1.1
   Compiling zerofrom v0.1.8
   Compiling unicode-xid v0.2.6
   Compiling murmurhash32 v0.3.1
   Compiling asn1-rs v0.7.2
   Compiling chacha20 v0.9.1
   Compiling arrayvec v0.7.8
   Compiling clap_builder v4.6.6
   Compiling der-parser v10.0.0
   Compiling chacha20poly1305 v0.10.1
   Compiling tinyvec v1.13.2
   Compiling derive_more-impl v1.0.0
   Compiling yoke v0.8.3
   Compiling tantivy-stacker v0.7.0
   Compiling num v0.4.3
   Compiling rand_chacha v0.3.1
   Compiling x509-parser v0.18.1
   Compiling zerovec v0.11.8
   Compiling zerotrie v0.2.5
   Compiling bon-macros v3.10.0
   Compiling chrono v0.4.45
   Compiling strum v0.28.0
   Compiling thiserror-impl v1.0.69
   Compiling anyerror v0.1.13
   Compiling kasumi-kv v0.1.0 (/Users/takemiyamakoto/dev/kasumi/crates/kasumi-kv)
   Compiling hmac v0.12.1
   Compiling tinystr v0.8.4
   Compiling potential_utf v0.1.6
   Compiling futures-executor v0.3.34
   Compiling lindera-dictionary v5.3.0
   Compiling icu_locale_core v2.3.0
   Compiling typetag-impl v0.2.23
   Compiling clap_derive v4.6.4
   Compiling ordered-float v5.5.0
   Compiling icu_collections v2.3.0
   Compiling hashbrown v0.16.1
   Compiling quick-xml v0.42.0
   Compiling semver v1.0.28
   Compiling icu_provider v2.3.1
   Compiling unsafe-libyaml v0.2.11
   Compiling fastdivide v0.4.2
   Compiling libm v0.2.16
   Compiling unicode-general-category v1.1.0
   Compiling bitflags v1.3.2
   Compiling icu_properties v2.3.0
   Compiling icu_normalizer v2.3.0
   Compiling downcast-rs v2.0.2
   Compiling borrow-or-share v0.2.4
   Compiling inventory v0.3.24
   Compiling bit-vec v0.8.0
   Compiling utf8-width v0.1.9
   Compiling serde_yaml_ng v0.10.0
   Compiling fluent-uri v0.4.1
   Compiling kanaria v0.2.0
   Compiling idna_adapter v1.2.2
   Compiling byte-unit v5.2.5
   Compiling bit-set v0.8.0
   Compiling openraft-macros v0.9.25 (/Users/takemiyamakoto/dev/kasumi/vendor/openraft-0.9.25/macros)
   Compiling lru v0.16.4 (/Users/takemiyamakoto/dev/kasumi/vendor/lru-0.16.4)
   Compiling tantivy-query-grammar v0.26.0
   Compiling idna v1.1.0
   Compiling derive_more v1.0.0
   Compiling arc-swap v1.9.2
   Compiling futures v0.3.34
   Compiling tokio-util v0.7.19
   Compiling tokio-rustls v0.26.5
   Compiling tokio-stream v0.1.19
   Compiling validit v0.2.6
   Compiling url v2.5.8
   Compiling fraction v0.17.0
   Compiling rand v0.8.8
   Compiling unicode-normalization v0.1.25
   Compiling tracing-futures v0.2.5
   Compiling fs4 v0.13.1
   Compiling clap v4.6.6
   Compiling sketches-ddsketch v0.4.1
   Compiling kasumi-types v0.1.0 (/Users/takemiyamakoto/dev/kasumi/crates/kasumi-types)
   Compiling tantivy-tokenizer-api v0.7.0
   Compiling rust-stemmers v1.2.0
   Compiling cobs v0.3.0
   Compiling crossbeam-channel v0.5.16
   Compiling measure_time v0.9.0
   Compiling bigdecimal v0.4.10
   Compiling lz4_flex v0.13.1
   Compiling micromap v0.3.0
   Compiling vsimd v0.8.0
   Compiling oneshot v0.1.13
   Compiling datasketches v0.2.0
   Compiling unicode-blocks v0.1.10
   Compiling num-cmp v0.1.0
   Compiling census v0.4.2
   Compiling levenshtein_automata v0.2.1
   Compiling bytecount v0.6.9
   Compiling htmlescape v0.3.1
   Compiling unicode-segmentation v1.13.3
   Compiling h2 v0.4.19
   Compiling tower v0.5.3
   Compiling maplit v1.0.2
   Compiling rustc-hash v2.1.3
   Compiling outref v0.5.2
   Compiling jsonschema-value v0.52.1
   Compiling referencing v0.52.1
   Compiling postcard v1.1.3
   Compiling fancy-regex v0.19.0
   Compiling openraft v0.9.25 (/Users/takemiyamakoto/dev/kasumi/vendor/openraft-0.9.25/openraft)
   Compiling email_address v0.2.9
   Compiling uuid-simd v0.8.0
   Compiling jsonschema-regex v0.52.1
   Compiling mime v0.3.17
   Compiling sharded-slab v0.1.7
   Compiling yasna v0.6.0
   Compiling pem v4.0.0
   Compiling serde_path_to_error v0.1.20
   Compiling jsonschema v0.52.1
   Compiling axum-core v0.5.6
   Compiling thread_local v1.1.10
   Compiling matchit v0.8.4
   Compiling bon v3.10.0
   Compiling tracing-subscriber v0.3.23
   Compiling lindera-ipadic v5.3.0
   Compiling rcgen v0.14.10
   Compiling tower-http v0.6.11
   Compiling zstd v0.13.3
   Compiling tantivy-sstable v0.7.0
   Compiling tantivy-columnar v0.7.0
   Compiling tantivy v0.26.1
   Compiling hyper v1.11.1
   Compiling hyper-util v0.1.20
   Compiling hyper-timeout v0.5.2
   Compiling hyper-rustls v0.27.9
   Compiling axum v0.8.9
   Compiling tonic v0.14.6
   Compiling reqwest v0.12.28
   Compiling kasumi-transport v0.1.0 (/Users/takemiyamakoto/dev/kasumi/crates/kasumi-transport)
   Compiling kasumi-serving v0.1.0 (/Users/takemiyamakoto/dev/kasumi/crates/kasumi-serving)
   Compiling lindera v5.3.0
   Compiling kasumi-store v0.1.0 (/Users/takemiyamakoto/dev/kasumi/crates/kasumi-store)
   Compiling lindera-analysis v5.3.0
   Compiling lindera-tantivy v5.0.1
   Compiling kasumi-query v0.1.0 (/Users/takemiyamakoto/dev/kasumi/crates/kasumi-query)
   Compiling kasumi-raft v0.1.0 (/Users/takemiyamakoto/dev/kasumi/crates/kasumi-raft)
   Compiling kasumi-engine v0.1.0 (/Users/takemiyamakoto/dev/kasumi/crates/kasumi-engine)
warning: variant `Mutation` is never constructed
  --> crates/kasumi-engine/src/security_audit_jobs.rs:26:5
   |
24 | enum JobEffect {
   |      --------- variant in this enum
25 |     Read,
26 |     Mutation(&'static str),
   |     ^^^^^^^^
   |
   = note: `JobEffect` has a derived impl for the trait `Clone`, but this is intentionally ignored during dead code analysis
   = note: `#[warn(dead_code)]` (part of `#[warn(unused)]`) on by default

warning: struct `ReadPause` is never constructed
  --> crates/kasumi-engine/src/security_audit_jobs.rs:57:19
   |
57 | pub(super) struct ReadPause {
   |                   ^^^^^^^^^

warning: method `run_mutation` is never used
   --> crates/kasumi-engine/src/security_audit_jobs.rs:120:25
    |
 62 | impl SecurityAudit {
    | ------------------ method in this implementation
...
120 |     pub(super) async fn run_mutation<T, F, R>(&self, component: &'static str, run: R) -> Result<T>
    |                         ^^^^^^^^^^^^

warning: `kasumi-engine` (lib) generated 3 warnings
warning: field `panic` is never read
  --> crates/kasumi-engine/src/security_audit_jobs.rs:52:9
   |
48 | pub(super) struct RecordFault {
   |                   ----------- field in this struct
...
52 |     pub panic: bool,
   |         ^^^^^

warning: `kasumi-engine` (lib test) generated 4 warnings (3 duplicates)
    Finished `test` profile [unoptimized + debuginfo] target(s) in 8m 46s
     Running unittests src/lib.rs (target/disk-backed-cache/debug/deps/kasumi_engine-44db468831cfc59f)

running 11 tests
test service::tests::serving_expiry_drain_rejects_unrelated_storage_causes ... ok
test state::staging::capacity_tests::permanent_staged_configuration_rejects_old_count_policy_and_missing_byte_budget ... ok
test application_sources::tests::quote_tests::source_quote_actual_engine_provider_token_is_preclaimed_and_request_is_pure ... ok
test state::staging::capacity_tests::permanent_staged_reservation_bounds_all_terminal_outcomes_and_maximum_counter_widths ... ok
test state::staging::capacity_tests::permanent_staged_snapshot_boundary_reserves_aggregate_counter_digit_growth ... ok
TestDiskMemory::reserve_installed denied: provider=0x78f8828010 requested_bytes=82192 charged_bytes=86304 bookkeeping_bytes=24184 used_bytes=4767283 next_used_bytes=4853587 max_bytes=67108864 live_reservations=32 max_reservations=32 attempts=232 error=Kind(OutOfMemory)
test state::staging::capacity_tests::permanent_staged_point_capacity_transfers_to_outcome_and_can_expand_without_identity_reuse ... FAILED
test application_sources::tests::quote_tests::source_quote_reader_retained_amount_matches_actual_installed_provider_requests ... ok
test application_sources::tests::quote_tests::source_quote_is_allocation_free_bound_and_covers_real_capture_peak ... ok
test application_sources::tests::quote_tests::source_quote_covered_planning_uses_actual_format_bound_before_exact_lengths_exist ... ok
test bootstrap::existing_replicated_tests::existing_replicas_replay_committed_state_and_membership_after_full_close ... FAILED
physical enrollment mismatch: stage=directory-cursor, identity=Identity(16777230, 1552625948), identity_equal=true, file_kind=true, binding_equal=true, old_bytes=Some(1433600), old_pending=Some(1032192), old_actual_len=Some(385024), old_reserved_len=Some(385024), old_settled=Some(true), old_represented_bytes=Some(401408), observed_bytes=1433600, observed_pending=1048576, observed_actual_len=385024, observed_reserved_len=385024, observed_settled=true, observed_represented_bytes=Some(385024), allocated=Some(385024), unit=4096, observed_bytes_exceed_old=Some(false)
physical acquisition failed: stage=listing-cursor-next
physical acquisition failed: stage=existing-census
test service::tests::serving_expiry_rejects_queued_effect_and_late_read_or_committed_ack_then_reopens_exactly ... FAILED

failures:

---- state::staging::capacity_tests::permanent_staged_point_capacity_transfers_to_outcome_and_can_expand_without_identity_reuse stdout ----

thread 'state::staging::capacity_tests::permanent_staged_point_capacity_transfers_to_outcome_and_can_expand_without_identity_reuse' (21204620) panicked at crates/kasumi-engine/src/staging_capacity_tests.rs:208:10:
called `Result::unwrap()` on an `Err` value: scratch table setup failed: storage capacity denied

Caused by:
    0: storage capacity denied
    1: storage capacity denied
    2: storage capacity denied
note: run with `RUST_BACKTRACE=1` environment variable to display a backtrace

---- bootstrap::existing_replicated_tests::existing_replicas_replay_committed_state_and_membership_after_full_close stdout ----
Error: elect initial leader with a successful linearizable barrier

Caused by:
    0: linearizable leader barrier did not complete; ["node 1: running=Ok(()); Metrics{id:1, Candidate, term:37, vote:T37-N1:uncommitted, last_log:0, last_applied:None, leader:None(since_last_ack:None ms), membership:{log_id:T0-N0-0, {voters:[{1:BasicNode { addr: \"replica-1\" },2:BasicNode { addr: \"replica-2\" },3:BasicNode { addr: \"replica-3\" }}], learners:[]}}, snapshot:None, purged:None, replication:{}}; retained_apply=Ok(None)", "node 2: running=Ok(()); Metrics{id:2, Learner, term:0, vote:T0-N0:uncommitted, last_log:None, last_applied:None, leader:None(since_last_ack:None ms), membership:{log_id:None, {voters:[], learners:[]}}, snapshot:None, purged:None, replication:{}}; retained_apply=Ok(None)", "node 3: running=Ok(()); Metrics{id:3, Learner, term:0, vote:T0-N0:uncommitted, last_log:None, last_applied:None, leader:None(since_last_ack:None ms), membership:{log_id:None, {voters:[], learners:[]}}, snapshot:None, purged:None, replication:{}}; retained_apply=Ok(None)", "node 4: running=Ok(()); Metrics{id:4, Learner, term:0, vote:T0-N0:uncommitted, last_log:None, last_applied:None, leader:None(since_last_ack:None ms), membership:{log_id:None, {voters:[], learners:[]}}, snapshot:None, purged:None, replication:{}}; retained_apply=Ok(None)"]
    1: deadline has elapsed

---- service::tests::serving_expiry_rejects_queued_effect_and_late_read_or_committed_ack_then_reopens_exactly stdout ----

thread 'service::tests::serving_expiry_rejects_queued_effect_and_late_read_or_committed_ack_then_reopens_exactly' (21204618) panicked at crates/kasumi-engine/src/service_serving_tests.rs:168:14:
called `Result::unwrap()` on an `Err` value: node startup Failed retained registered opening StorageOwnerId { index: 0, generation: 262 }


failures:
    bootstrap::existing_replicated_tests::existing_replicas_replay_committed_state_and_membership_after_full_close
    service::tests::serving_expiry_rejects_queued_effect_and_late_read_or_committed_ack_then_reopens_exactly
    state::staging::capacity_tests::permanent_staged_point_capacity_transfers_to_outcome_and_can_expand_without_identity_reuse

test result: FAILED. 8 passed; 3 failed; 0 ignored; 0 measured; 605 filtered out; finished in 53.81s

error: test failed, to rerun pass `-p kasumi-engine --lib`
Runner: 580.09s; exit=101; matching=852/852
