Command: cargo test --manifest-path vendor/openraft-0.9.25/openraft/Cargo.toml --locked --offline --features serde,storage-v2 --lib -- core::sm::pending_snapshot::funding_tests raft::bounded_apply_test core::sm::bounded_apply_tests --test-threads=1 --nocapture
ISOLATED_SOURCE=/tmp/kasumi-source-cohort-validation-v1
CARGO_TARGET_DIR=/Users/takemiyamakoto/dev/kasumi/target/disk-backed-cache
   Compiling openraft v0.9.25 (/private/tmp/kasumi-source-cohort-validation-v1/vendor/openraft-0.9.25/openraft)
error[E0433]: cannot find type `PendingSnapshot` in this scope
  --> openraft/src/core/sm/command.rs:94:41
   |
94 |         Self::install_prepared_snapshot(PendingSnapshot::fixture(snapshot), meta)
   |                                         ^^^^^^^^^^^^^^^ use of undeclared type `PendingSnapshot`
   |
help: a struct with a similar name exists
   |
94 |         Self::install_prepared_snapshot(PendingSnapshotOwner::fixture(snapshot), meta)
   |                                                        +++++
help: consider importing this struct
   |
 1 + use crate::core::sm::pending_snapshot::PendingSnapshot;
   |

error: unnecessary qualification
   --> openraft/src/core/sm/bounded_apply_tests.rs:165:9
    |
165 |         crate::core::sm::pending_snapshot::PendingSnapshot::fixture_empty(),
    |         ^^^^^^^^^^^^^^^^^^^^^^^^^^^^^^^^^^^^^^^^^^^^^^^^^^^^^^^^^^^^^^^^^
    |
note: the lint level is defined here
   --> openraft/src/lib.rs:8:9
    |
  8 | #![deny(unused_qualifications)]
    |         ^^^^^^^^^^^^^^^^^^^^^
help: remove the unnecessary path segments
    |
165 -         crate::core::sm::pending_snapshot::PendingSnapshot::fixture_empty(),
165 +         PendingSnapshot::fixture_empty(),
    |

error: unnecessary qualification
   --> openraft/src/core/sm/bounded_apply_tests.rs:276:9
    |
276 |         crate::core::sm::pending_snapshot::PendingSnapshot::fixture_empty(),
    |         ^^^^^^^^^^^^^^^^^^^^^^^^^^^^^^^^^^^^^^^^^^^^^^^^^^^^^^^^^^^^^^^^^
    |
help: remove the unnecessary path segments
    |
276 -         crate::core::sm::pending_snapshot::PendingSnapshot::fixture_empty(),
276 +         PendingSnapshot::fixture_empty(),
    |

error: unnecessary qualification
   --> openraft/src/core/sm/bounded_apply_tests.rs:443:9
    |
443 |         crate::core::sm::pending_snapshot::PendingSnapshot::fixture_empty(),
    |         ^^^^^^^^^^^^^^^^^^^^^^^^^^^^^^^^^^^^^^^^^^^^^^^^^^^^^^^^^^^^^^^^^
    |
help: remove the unnecessary path segments
    |
443 -         crate::core::sm::pending_snapshot::PendingSnapshot::fixture_empty(),
443 +         PendingSnapshot::fixture_empty(),
    |

error: unnecessary qualification
   --> openraft/src/core/sm/bounded_apply_tests.rs:476:9
    |
476 |         crate::core::sm::pending_snapshot::PendingSnapshot::fixture_empty(),
    |         ^^^^^^^^^^^^^^^^^^^^^^^^^^^^^^^^^^^^^^^^^^^^^^^^^^^^^^^^^^^^^^^^^
    |
help: remove the unnecessary path segments
    |
476 -         crate::core::sm::pending_snapshot::PendingSnapshot::fixture_empty(),
476 +         PendingSnapshot::fixture_empty(),
    |

error: unnecessary qualification
   --> openraft/src/engine/handler/following_handler/mod.rs:364:21
    |
364 |         let owner = crate::core::sm::pending_snapshot::PendingSnapshot::fixture(snapshot);
    |                     ^^^^^^^^^^^^^^^^^^^^^^^^^^^^^^^^^^^^^^^^^^^^^^^^^^^^^^^^^^^
    |
help: remove the unnecessary path segments
    |
364 -         let owner = crate::core::sm::pending_snapshot::PendingSnapshot::fixture(snapshot);
364 +         let owner = sm::pending_snapshot::PendingSnapshot::fixture(snapshot);
    |

error: unnecessary qualification
   --> openraft/src/engine/handler/following_handler/mod.rs:377:27
    |
377 |             state.phase = crate::core::sm::pending_snapshot::Phase::Accepted;
    |                           ^^^^^^^^^^^^^^^^^^^^^^^^^^^^^^^^^^^^^^^^^^^^^^^^^^
    |
help: remove the unnecessary path segments
    |
377 -             state.phase = crate::core::sm::pending_snapshot::Phase::Accepted;
377 +             state.phase = sm::pending_snapshot::Phase::Accepted;
    |

For more information about this error, try `rustc --explain E0433`.
error: could not compile `openraft` (lib test) due to 7 previous errors
Runner: 31.79s; exit=101; matching=1602/1602
