Command: cargo test --locked --offline --config profile.test.package.kasumi-kv.opt-level=3 --config profile.test.package.sha2.opt-level=3 -p kasumi-kv -p kasumi-store -p kasumi-raft -p kasumi-engine -p kasumi-authority --all-features --lib --no-fail-fast -- source_cohort_ source_actor_slot_ selected_sources_real_local_startup_publishes_entry_and_drains_surviving_generation selected_sources_covered_capture_cannot_settle_after_serving_handoff --nocapture
ISOLATED_SOURCE=/tmp/kasumi-source-cohort-validation-v1
CARGO_TARGET_DIR=/Users/takemiyamakoto/dev/kasumi/target/disk-backed-cache
warning: method `prepare_snapshot` is never used
  --> crates/kasumi-raft/src/non_application_source_capacity.rs:62:19
   |
61 | impl FixedProvider {
   | ------------------ method in this implementation
62 |     pub(crate) fn prepare_snapshot(&self) -> CapacityPreparation {
   |                   ^^^^^^^^^^^^^^^^
   |
   = note: `#[warn(dead_code)]` (part of `#[warn(unused)]`) on by default

warning: variant `SnapshotPublication` is never constructed
  --> crates/kasumi-raft/src/selected_application/plan.rs:35:5
   |
30 | enum AppliedOrigin {
   |      ------------- variant in this enum
...
35 |     SnapshotPublication,
   |     ^^^^^^^^^^^^^^^^^^^
   |
   = note: `AppliedOrigin` has a derived impl for the trait `Clone`, but this is intentionally ignored during dead code analysis

warning: method `observe_snapshot_writes` is never used
   --> crates/kasumi-raft/src/selected_application/control_memory.rs:274:19
    |
263 | impl ControlMemory {
    | ------------------ method in this implementation
...
274 |     pub(super) fn observe_snapshot_writes(
    |                   ^^^^^^^^^^^^^^^^^^^^^^^

warning: associated functions `for_publication` and `at` are never used
  --> crates/kasumi-raft/src/selected_application/snapshot_source_envelope.rs:23:19
   |
18 | impl PreparedSnapshotSourceEnvelope {
   | ----------------------------------- associated functions in this implementation
...
23 |     pub(crate) fn for_publication(
   |                   ^^^^^^^^^^^^^^^
...
39 |     fn at(
   |        ^^

warning: function `write_effect` is never used
   --> crates/kasumi-raft/src/selected_application/snapshot_source_envelope.rs:235:4
    |
235 | fn write_effect<'a>(
    |    ^^^^^^^^^^^^

warning: function `prospective_bound` is never used
   --> crates/kasumi-raft/src/selected_application/snapshot_source_envelope.rs:253:4
    |
253 | fn prospective_bound(
    |    ^^^^^^^^^^^^^^^^^

warning: function `prospective_record` is never used
   --> crates/kasumi-raft/src/selected_application/snapshot_source_envelope.rs:279:4
    |
279 | fn prospective_record<'a>(
    |    ^^^^^^^^^^^^^^^^^^

warning: variant `Freezing` is never constructed
  --> crates/kasumi-raft/src/snapshot_buffer.rs:32:5
   |
29 | enum Backing {
   |      ------- variant in this enum
...
32 |     Freezing(Option<Box<EncryptedSpool>>),
   |     ^^^^^^^^
   |
   = note: `Backing` has a derived impl for the trait `Debug`, but this is intentionally ignored during dead code analysis

warning: variant `Freeze` is never constructed
  --> crates/kasumi-raft/src/snapshot_buffer.rs:39:5
   |
36 | enum Completion {
   |      ---------- variant in this enum
...
39 |     Freeze,
   |     ^^^^^^
   |
   = note: `Completion` has a derived impl for the trait `Debug`, but this is intentionally ignored during dead code analysis

warning: variant `Freeze` is never constructed
  --> crates/kasumi-raft/src/snapshot_buffer.rs:46:5
   |
43 | enum Kind {
   |      ---- variant in this enum
...
46 |     Freeze,
   |     ^^^^^^
   |
   = note: `Kind` has a derived impl for the trait `Debug`, but this is intentionally ignored during dead code analysis

warning: method `prepare_fixed_snapshot_capacity` is never used
   --> crates/kasumi-raft/src/snapshot_buffer.rs:378:19
    |
302 | impl SnapshotBufferOwner {
    | ------------------------ method in this implementation
...
378 |     pub(crate) fn prepare_fixed_snapshot_capacity(
    |                   ^^^^^^^^^^^^^^^^^^^^^^^^^^^^^^^

warning: method `prepare_image` is never used
    --> crates/kasumi-raft/src/snapshot_buffer.rs:1403:25
     |
1348 | impl SnapshotBuffer {
     | ------------------- method in this implementation
...
1403 |     pub(crate) async fn prepare_image(&mut self) -> io::Result<SnapshotImage> {
     |                         ^^^^^^^^^^^^^

warning: method `source_capacity_seed` is never used
   --> crates/kasumi-raft/src/snapshot_custody.rs:102:19
    |
 99 | impl SnapshotRetirement {
    | ----------------------- method in this implementation
...
102 |     pub(crate) fn source_capacity_seed(&self) -> &[u8] {
    |                   ^^^^^^^^^^^^^^^^^^^^

warning: method `prepare_engine_publication` is never used
    --> crates/kasumi-raft/src/storage.rs:1068:19
     |
1037 | impl PendingSnapshot {
     | -------------------- method in this implementation
...
1068 |     pub(crate) fn prepare_engine_publication<'backend>(
     |                   ^^^^^^^^^^^^^^^^^^^^^^^^^^

warning: enum `SnapshotPublicationPhase` is never used
    --> crates/kasumi-raft/src/storage.rs:1122:6
     |
1122 | enum SnapshotPublicationPhase {
     |      ^^^^^^^^^^^^^^^^^^^^^^^^

warning: struct `PreparedEngineSnapshotPublication` is never constructed
    --> crates/kasumi-raft/src/storage.rs:1128:19
     |
1128 | pub(crate) struct PreparedEngineSnapshotPublication<'backend> {
     |                   ^^^^^^^^^^^^^^^^^^^^^^^^^^^^^^^^^

warning: methods `source` and `publish` are never used
    --> crates/kasumi-raft/src/storage.rs:1138:19
     |
1137 | impl PreparedEngineSnapshotPublication<'_> {
     | ------------------------------------------ methods in this implementation
1138 |     pub(crate) fn source(&self) -> &crate::PreparedSnapshotSourceEnvelope {
     |                   ^^^^^^
...
1141 |     pub(crate) fn publish(&mut self, domains: &TenantStorageSet) -> Result<()> {
     |                   ^^^^^^^

warning: struct `OwnedControlGuard` is never constructed
   --> crates/kasumi-raft/src/storage/control_gate.rs:107:19
    |
107 | pub(crate) struct OwnedControlGuard {
    |                   ^^^^^^^^^^^^^^^^^

warning: method `require_gate` is never used
   --> crates/kasumi-raft/src/storage/control_gate.rs:114:19
    |
111 | impl OwnedControlGuard {
    | ---------------------- method in this implementation
...
114 |     pub(crate) fn require_gate(&self, gate: &ControlGateRef) -> anyhow::Result<()> {
    |                   ^^^^^^^^^^^^

warning: methods `ptr_eq` and `lock_owned` are never used
   --> crates/kasumi-raft/src/storage/control_gate_registry.rs:106:19
    |
105 | impl ControlGateRef {
    | ------------------- methods in this implementation
106 |     pub(crate) fn ptr_eq(&self, other: &Self) -> bool {
    |                   ^^^^^^
...
112 |     pub(crate) fn lock_owned(&self) -> Result<OwnedControlGuard, super::Poisoned> {
    |                   ^^^^^^^^^^

warning: `kasumi-raft` (lib) generated 20 warnings
warning: `kasumi-raft` (lib test) generated 2 warnings (2 duplicates)
warning: methods `prepare` and `prepare_kind` are never used
   --> crates/kasumi-engine/src/application_sources.rs:756:19
    |
648 | impl SourceRootsRef {
    | ------------------- methods in this implementation
...
756 |     pub(crate) fn prepare(&self) -> Result<RootPreparation> {
    |                   ^^^^^^^
...
795 |     fn prepare_kind(&self, canonical: bool) -> Result<RootPreparation> {
    |        ^^^^^^^^^^^^
    |
    = note: `#[warn(dead_code)]` (part of `#[warn(unused)]`) on by default

warning: `kasumi-engine` (lib) generated 1 warning
    Finished `test` profile [unoptimized + debuginfo] target(s) in 0.58s
     Running unittests src/lib.rs (/Users/takemiyamakoto/dev/kasumi/target/disk-backed-cache/debug/deps/kasumi_authority-e63a7f831ec29de9)

running 0 tests

test result: ok. 0 passed; 0 failed; 0 ignored; 0 measured; 78 filtered out; finished in 0.00s

     Running unittests src/lib.rs (/Users/takemiyamakoto/dev/kasumi/target/disk-backed-cache/debug/deps/kasumi_engine-707e7a92ed2be845)

running 15 tests
test application_sources::tests::cohort_tests::source_cohort_partial_admission_keeps_original_until_actual_fields_retire ... ok
test application_sources::tests::cohort_tests::source_cohort_real_capture_has_no_new_grant_under_complete_slot_refusal ... ok
test application_sources::tests::cohort_tests::source_actor_slot_empty_constructor_is_counted_until_clean_close ... ok
test application_sources::tests::cohort_tests::source_actor_slot_denial_retries_same_preallocated_failure_owner ... ok
test application_sources::tests::cohort_tests::source_cohort_pre_cell_cancellation_returns_actual_backing_and_unused_ticket ... ok
test application_sources::tests::cohort_tests::source_cohort_close_retires_actual_capacity_and_workspaces_before_drained ... ok
test application_sources::tests::cohort_tests::source_actor_slot_original_funding_panic_is_retained_by_root_and_shutdown ... ok
test application_sources::tests::cohort_tests::source_actor_slot_seal_during_admission_preserves_preparation_and_cleanup_originals ... ok
test application_sources::tests::cohort_tests::source_cohort_unused_preparation_returns_exact_native_right_and_backing ... ok
test application_sources::tests::cohort_tests::source_actor_slot_retirement_callback_can_reenter_and_observe_counted_drain ... ok
test application_sources::tests::cohort_tests::source_cohort_prior_control_failure_retains_exact_original_before_close_and_no_write ... ok
test application_sources::tests::cohort_tests::source_cohort_public_history_refusal_preserves_current_and_then_funds_real_reuse ... ok
test application_sources::tests::cohort_tests::source_cohort_actual_entry_reuses_planning_right_then_captures_without_source_admission ... ok
test application_sources::tests::selected_sources_covered_capture_cannot_settle_after_serving_handoff ... ok
test application_sources::tests::selected_sources_real_local_startup_publishes_entry_and_drains_surviving_generation ... ok

test result: ok. 15 passed; 0 failed; 0 ignored; 0 measured; 663 filtered out; finished in 6.98s

     Running unittests src/lib.rs (/Users/takemiyamakoto/dev/kasumi/target/disk-backed-cache/debug/deps/kasumi_kv-221aa5373d25965b)

running 0 tests

test result: ok. 0 passed; 0 failed; 0 ignored; 0 measured; 555 filtered out; finished in 0.00s

     Running unittests src/lib.rs (/Users/takemiyamakoto/dev/kasumi/target/disk-backed-cache/debug/deps/kasumi_raft-80f97d1b4f50c7fa)

running 0 tests

test result: ok. 0 passed; 0 failed; 0 ignored; 0 measured; 221 filtered out; finished in 0.00s

     Running unittests src/lib.rs (/Users/takemiyamakoto/dev/kasumi/target/disk-backed-cache/debug/deps/kasumi_store-6fd2a1f28b2df75c)

running 0 tests

test result: ok. 0 passed; 0 failed; 0 ignored; 0 measured; 729 filtered out; finished in 0.00s

Runner: 7.77s; exit=0; matching=1576/1576
