Command: cargo test --locked --offline --config profile.test.package.kasumi-kv.opt-level=3 --config profile.test.package.sha2.opt-level=3 -p kasumi-store -p kasumi-raft -p kasumi-engine --all-features --lib --no-fail-fast -- prepared_point prepared_finish prepared_transfer single_point selected_application application_sources::tests ordinary_completion primary_cow installed_scan scratch_prepared_workspace_survives_capacity_pressure_after_prepare scratch_preparation_capacity_refusal_has_no_private_effect_and_retries permanent_staged_point_capacity_transfers_to_outcome_and_can_expand_without_identity_reuse security_audit::jobs::tests --nocapture
CARGO_TARGET_DIR=target/disk-backed-cache
   Compiling kasumi-store v0.1.0 (/Users/takemiyamakoto/dev/kasumi/crates/kasumi-store)
   Compiling kasumi-raft v0.1.0 (/Users/takemiyamakoto/dev/kasumi/crates/kasumi-raft)
   Compiling kasumi-engine v0.1.0 (/Users/takemiyamakoto/dev/kasumi/crates/kasumi-engine)
    Finished `test` profile [unoptimized + debuginfo] target(s) in 2m 30s
     Running unittests src/lib.rs (target/disk-backed-cache/debug/deps/kasumi_engine-44db468831cfc59f)

running 114 tests
test application_sources::tests::allocation_tails::source_cell_concurrent_strong_and_weak_drops_hold_the_actual_credit_tail ... ok
test application_sources::tests::completion_tests::ordinary_completion_drain_registers_before_busy_and_wakes_after_real_guard_release ... ok

thread 'application_sources::tests::completion_tests::ordinary_completion_capture_wake_unwind_retires_the_actual_counted_handle' (22039394) panicked at crates/kasumi-engine/src/application_source_completion_tests.rs:920:9:
Box<dyn Any>
note: run with `RUST_BACKTRACE=1` environment variable to display a backtrace
test application_sources::tests::completion_tests::ordinary_completion_bound_frozen_branch_keeps_source_without_new_preparation ... ok
test application_sources::tests::completion_tests::ordinary_completion_is_last_selected_owner_through_real_outer_finish ... ok
test application_sources::tests::allocation_tails::source_failure_actual_error_aliases_hold_credit_through_owner_deallocation ... ok

thread 'application_sources::tests::completion_tests::ordinary_completion_outer_finish_panic_retains_original_response_after_facade_seal' (22039607) panicked at crates/kasumi-engine/src/application_source_completion_tests.rs:263:9:
Box<dyn Any>
test application_sources::tests::completion_tests::ordinary_completion_outer_finish_panic_retains_original_response_after_facade_seal ... ok
test application_sources::tests::completion_tests::ordinary_completion_cancelled_real_group_waiter_keeps_queued_source_and_original ... ok
test application_sources::tests::point_retirement_tests::incoming_tests::incoming_actual_duplicate_preserves_panic_and_cancels_original_queue ... ok
test application_sources::tests::primary_read_tests::primary_catalog_entry_is_fixed_canonical_and_context_explicit ... ok

thread 'application_sources::tests::completion_tests::ordinary_completion_capture_wake_unwind_retires_the_actual_counted_handle' (22039394) panicked at crates/kasumi-engine/src/application_source_completion_tests.rs:920:9:
Box<dyn Any>

thread 'application_sources::tests::completion_tests::ordinary_completion_capture_wake_unwind_retires_the_actual_counted_handle' (22039394) panicked at crates/kasumi-engine/src/application_source_completion_tests.rs:932:9:
Box<dyn Any>
stack backtrace:
   0:        0x106c5cbb0 - std[7648081134ee26d8]::backtrace_rs::backtrace::libunwind::trace
                               at /rustc/8bab26f4f68e0e26f0bb7960be334d5b520ea452/library/std/src/../../backtrace/src/backtrace/libunwind.rs:117:9
   1:        0x106c5cbb0 - std[7648081134ee26d8]::backtrace_rs::backtrace::trace_unsynchronized::<std[7648081134ee26d8]::sys::backtrace::_print_fmt::{closure#1}>
                               at /rustc/8bab26f4f68e0e26f0bb7960be334d5b520ea452/library/std/src/../../backtrace/src/backtrace/mod.rs:66:14
   2:        0x106c5cbb0 - std[7648081134ee26d8]::sys::backtrace::_print_fmt
                               at /rustc/8bab26f4f68e0e26f0bb7960be334d5b520ea452/library/std/src/sys/backtrace.rs:74:9
   3:        0x106c5cbb0 - <<std[7648081134ee26d8]::sys::backtrace::BacktraceLock>::print::DisplayBacktrace as core[318a34b566a36fe]::fmt::Display>::fmt
                               at /rustc/8bab26f4f68e0e26f0bb7960be334d5b520ea452/library/std/src/sys/backtrace.rs:44:26
   4:        0x106c73678 - <core[318a34b566a36fe]::fmt::rt::Argument>::fmt
                               at /rustc/8bab26f4f68e0e26f0bb7960be334d5b520ea452/library/core/src/fmt/rt.rs:152:76
   5:        0x106c73678 - core[318a34b566a36fe]::fmt::write
                               at /rustc/8bab26f4f68e0e26f0bb7960be334d5b520ea452/library/core/src/fmt/mod.rs:1687:22
   6:        0x106c62a30 - std[7648081134ee26d8]::io::default_write_fmt::<std[7648081134ee26d8]::sys::stdio::unix::Stderr>
                               at /rustc/8bab26f4f68e0e26f0bb7960be334d5b520ea452/library/std/src/io/mod.rs:622:11
   7:        0x106c62a30 - <std[7648081134ee26d8]::sys::stdio::unix::Stderr as std[7648081134ee26d8]::io::Write>::write_fmt
                               at /rustc/8bab26f4f68e0e26f0bb7960be334d5b520ea452/library/std/src/io/mod.rs:1977:13
   8:        0x106c41300 - <std[7648081134ee26d8]::sys::backtrace::BacktraceLock>::print
                               at /rustc/8bab26f4f68e0e26f0bb7960be334d5b520ea452/library/std/src/sys/backtrace.rs:47:25
   9:        0x106c41300 - std[7648081134ee26d8]::panicking::default_hook::{closure#0}
                               at /rustc/8bab26f4f68e0e26f0bb7960be334d5b520ea452/library/std/src/panicking.rs:292:27
  10:        0x106c5515c - std[7648081134ee26d8]::panicking::default_hook
                               at /rustc/8bab26f4f68e0e26f0bb7960be334d5b520ea452/library/std/src/panicking.rs:319:9
  11:        0x106c55484 - std[7648081134ee26d8]::panicking::panic_with_hook
                               at /rustc/8bab26f4f68e0e26f0bb7960be334d5b520ea452/library/std/src/panicking.rs:825:13
  12:        0x10321e6c8 - std[7648081134ee26d8]::panicking::begin_panic::<alloc[fd24334a81e9fcd2]::sync::Arc<kasumi_engine[ad032a02fa0a5487]::application_sources::tests::completion_tests::CompletionWakeOriginal>>::{closure#0}
                               at /rustc/8bab26f4f68e0e26f0bb7960be334d5b520ea452/library/std/src/panicking.rs:762:9
  13:        0x1031026c4 - std[7648081134ee26d8]::sys::backtrace::__rust_end_short_backtrace::<std[7648081134ee26d8]::panicking::begin_panic<alloc[fd24334a81e9fcd2]::sync::Arc<kasumi_engine[ad032a02fa0a5487]::application_sources::tests::completion_tests::CompletionWakeOriginal>>::{closure#0}, !>
                               at /rustc/8bab26f4f68e0e26f0bb7960be334d5b520ea452/library/std/src/sys/backtrace.rs:182:18
  14:        0x106c810c4 - std[7648081134ee26d8]::panicking::begin_panic::<alloc[fd24334a81e9fcd2]::sync::Arc<kasumi_engine[ad032a02fa0a5487]::application_sources::tests::completion_tests::CompletionWakeOriginal>>
                               at /rustc/8bab26f4f68e0e26f0bb7960be334d5b520ea452/library/std/src/panicking.rs:761:5
  15:        0x10420a1f8 - std[7648081134ee26d8]::panic::panic_any::<alloc[fd24334a81e9fcd2]::sync::Arc<kasumi_engine[ad032a02fa0a5487]::application_sources::tests::completion_tests::CompletionWakeOriginal>>
                               at /rustc/8bab26f4f68e0e26f0bb7960be334d5b520ea452/library/std/src/panic.rs:260:5
  16:        0x1039212b8 - <kasumi_engine[ad032a02fa0a5487]::application_sources::tests::completion_tests::CompletionUnwindWake as alloc[fd24334a81e9fcd2]::task::Wake>::wake
                               at /Users/takemiyamakoto/dev/kasumi/crates/kasumi-engine/src/application_source_completion_tests.rs:932:9
  17:        0x1039edad0 - alloc[fd24334a81e9fcd2]::task::raw_waker::wake::<kasumi_engine[ad032a02fa0a5487]::application_sources::tests::completion_tests::CompletionUnwindWake>
                               at /rustc/8bab26f4f68e0e26f0bb7960be334d5b520ea452/library/alloc/src/task.rs:198:9
  18:        0x10480f460 - <core[318a34b566a36fe]::task::wake::Waker>::wake
                               at /rustc/8bab26f4f68e0e26f0bb7960be334d5b520ea452/library/core/src/task/wake.rs:448:18
  19:        0x104fe1f60 - <kasumi_engine[ad032a02fa0a5487]::application_sources::completion::OrdinarySourceCompletion>::wake::{closure#1}
                               at /Users/takemiyamakoto/dev/kasumi/crates/kasumi-engine/src/application_source_completion.rs:166:79
  20:        0x1033a91c0 - <core[318a34b566a36fe]::panic::unwind_safe::AssertUnwindSafe<<kasumi_engine[ad032a02fa0a5487]::application_sources::completion::OrdinarySourceCompletion>::wake::{closure#1}> as core[318a34b566a36fe]::ops::function::FnOnce<()>>::call_once
                               at /rustc/8bab26f4f68e0e26f0bb7960be334d5b520ea452/library/core/src/panic/unwind_safe.rs:275:9
  21:        0x1031e4db8 - std[7648081134ee26d8]::panicking::catch_unwind::do_call::<core[318a34b566a36fe]::panic::unwind_safe::AssertUnwindSafe<<kasumi_engine[ad032a02fa0a5487]::application_sources::completion::OrdinarySourceCompletion>::wake::{closure#1}>, ()>
                               at /rustc/8bab26f4f68e0e26f0bb7960be334d5b520ea452/library/std/src/panicking.rs:581:40
  22:        0x10420a288 - ___rust_try
  23:        0x104208cbc - std[7648081134ee26d8]::panicking::catch_unwind::<(), core[318a34b566a36fe]::panic::unwind_safe::AssertUnwindSafe<<kasumi_engine[ad032a02fa0a5487]::application_sources::completion::OrdinarySourceCompletion>::wake::{closure#1}>>
                               at /rustc/8bab26f4f68e0e26f0bb7960be334d5b520ea452/library/std/src/panicking.rs:544:19
  24:        0x104208cbc - std[7648081134ee26d8]::panic::catch_unwind::<core[318a34b566a36fe]::panic::unwind_safe::AssertUnwindSafe<<kasumi_engine[ad032a02fa0a5487]::application_sources::completion::OrdinarySourceCompletion>::wake::{closure#1}>, ()>
                               at /rustc/8bab26f4f68e0e26f0bb7960be334d5b520ea452/library/std/src/panic.rs:359:14
  25:        0x1033217b0 - <kasumi_engine[ad032a02fa0a5487]::application_sources::completion::OrdinarySourceCompletion>::wake
                               at /Users/takemiyamakoto/dev/kasumi/crates/kasumi-engine/src/application_source_completion.rs:166:17
  26:        0x104dcfeb8 - <kasumi_engine[ad032a02fa0a5487]::application_sources::completion::Guard as core[318a34b566a36fe]::ops::drop::Drop>::drop
                               at /Users/takemiyamakoto/dev/kasumi/crates/kasumi-engine/src/application_source_completion.rs:70:20
  27:        0x104daf0b8 - core[318a34b566a36fe]::ptr::drop_glue::<kasumi_engine[ad032a02fa0a5487]::application_sources::completion::Guard>
                               at /rustc/8bab26f4f68e0e26f0bb7960be334d5b520ea452/library/core/src/ptr/mod.rs:825:1
  28:        0x104daef2c - core[318a34b566a36fe]::ptr::drop_glue::<kasumi_engine[ad032a02fa0a5487]::application_sources::completion::CompletionLoan>
                               at /rustc/8bab26f4f68e0e26f0bb7960be334d5b520ea452/library/core/src/ptr/mod.rs:825:1
  29:        0x103fbe07c - <kasumi_engine[ad032a02fa0a5487]::state::ordered_command::OrdinaryAction as kasumi_raft[9001a0f49508a2f8]::apply_completion::CompletionAction>::run
                               at /Users/takemiyamakoto/dev/kasumi/crates/kasumi-engine/src/ordered_command.rs:275:5
  30:        0x10553c288 - <kasumi_raft[9001a0f49508a2f8]::apply_publication::ApplyPublication as kasumi_raft[9001a0f49508a2f8]::apply_publication::ApplyPublisher>::with_completion::{closure#0}
                               at /Users/takemiyamakoto/dev/kasumi/crates/kasumi-raft/src/apply_publication.rs:390:20
  31:        0x10556ca54 - <<kasumi_raft[9001a0f49508a2f8]::apply_publication::ApplyPublication as kasumi_raft[9001a0f49508a2f8]::apply_publication::ApplyPublisher>::with_completion::{closure#0} as core[318a34b566a36fe]::ops::function::FnOnce<()>>::call_once
                               at /rustc/8bab26f4f68e0e26f0bb7960be334d5b520ea452/library/core/src/ops/function.rs:250:5
  32:        0x105466974 - <core[318a34b566a36fe]::panic::unwind_safe::AssertUnwindSafe<<kasumi_raft[9001a0f49508a2f8]::apply_publication::ApplyPublication as kasumi_raft[9001a0f49508a2f8]::apply_publication::ApplyPublisher>::with_completion::{closure#0}> as core[318a34b566a36fe]::ops::function::FnOnce<()>>::call_once
                               at /rustc/8bab26f4f68e0e26f0bb7960be334d5b520ea452/library/core/src/panic/unwind_safe.rs:275:9
  33:        0x1053c67c4 - std[7648081134ee26d8]::panicking::catch_unwind::do_call::<core[318a34b566a36fe]::panic::unwind_safe::AssertUnwindSafe<<kasumi_raft[9001a0f49508a2f8]::apply_publication::ApplyPublication as kasumi_raft[9001a0f49508a2f8]::apply_publication::ApplyPublisher>::with_completion::{closure#0}>, core[318a34b566a36fe]::result::Result<(), anyhow[ec8a847c544a36f6]::Error>>
                               at /rustc/8bab26f4f68e0e26f0bb7960be334d5b520ea452/library/std/src/panicking.rs:581:40
  34:        0x1052dd818 - ___rust_try
  35:        0x1052dd798 - std[7648081134ee26d8]::panicking::catch_unwind::<core[318a34b566a36fe]::result::Result<(), anyhow[ec8a847c544a36f6]::Error>, core[318a34b566a36fe]::panic::unwind_safe::AssertUnwindSafe<<kasumi_raft[9001a0f49508a2f8]::apply_publication::ApplyPublication as kasumi_raft[9001a0f49508a2f8]::apply_publication::ApplyPublisher>::with_completion::{closure#0}>>
                               at /rustc/8bab26f4f68e0e26f0bb7960be334d5b520ea452/library/std/src/panicking.rs:544:19
  36:        0x1052dd798 - std[7648081134ee26d8]::panic::catch_unwind::<core[318a34b566a36fe]::panic::unwind_safe::AssertUnwindSafe<<kasumi_raft[9001a0f49508a2f8]::apply_publication::ApplyPublication as kasumi_raft[9001a0f49508a2f8]::apply_publication::ApplyPublisher>::with_completion::{closure#0}>, core[318a34b566a36fe]::result::Result<(), anyhow[ec8a847c544a36f6]::Error>>
                               at /rustc/8bab26f4f68e0e26f0bb7960be334d5b520ea452/library/std/src/panic.rs:359:14
  37:        0x105462060 - <kasumi_raft[9001a0f49508a2f8]::apply_publication::ApplyPublication as kasumi_raft[9001a0f49508a2f8]::apply_publication::ApplyPublisher>::with_completion
                               at /Users/takemiyamakoto/dev/kasumi/crates/kasumi-raft/src/apply_publication.rs:389:22
  38:        0x103fbde30 - kasumi_engine[ad032a02fa0a5487]::state::ordered_command::apply_ordinary
                               at /Users/takemiyamakoto/dev/kasumi/crates/kasumi-engine/src/ordered_command.rs:291:21
  39:        0x104763e0c - <kasumi_engine[ad032a02fa0a5487]::state::TenantEngine as kasumi_raft[9001a0f49508a2f8]::StateMachineBackend>::apply_with_publisher
                               at /Users/takemiyamakoto/dev/kasumi/crates/kasumi-engine/src/state.rs:322:9
  40:        0x103111abc - <kasumi_engine[ad032a02fa0a5487]::application_sources::tests::completion_tests::OrdinaryFixture>::apply::<kasumi_engine[ad032a02fa0a5487]::application_sources::tests::completion_tests::ordinary_completion_capture_wake_unwind_retires_the_actual_counted_handle::{closure#0}::{closure#1}>::{closure#0}
                               at /Users/takemiyamakoto/dev/kasumi/crates/kasumi-engine/src/application_source_completion_tests.rs:76:29
  41:        0x103244b98 - kasumi_raft[9001a0f49508a2f8]::apply_publication::with_application_publisher_bound_observed_for_test::<<kasumi_engine[ad032a02fa0a5487]::application_sources::tests::completion_tests::OrdinaryFixture>::apply<kasumi_engine[ad032a02fa0a5487]::application_sources::tests::completion_tests::ordinary_completion_capture_wake_unwind_retires_the_actual_counted_handle::{closure#0}::{closure#1}>::{closure#0}, kasumi_engine[ad032a02fa0a5487]::application_sources::tests::completion_tests::ordinary_completion_capture_wake_unwind_retires_the_actual_counted_handle::{closure#0}::{closure#1}>::{closure#0}
                               at /Users/takemiyamakoto/dev/kasumi/crates/kasumi-raft/src/apply_publication.rs:614:66
  42:        0x1033949b0 - <core[318a34b566a36fe]::panic::unwind_safe::AssertUnwindSafe<kasumi_raft[9001a0f49508a2f8]::apply_publication::with_application_publisher_bound_observed_for_test<<kasumi_engine[ad032a02fa0a5487]::application_sources::tests::completion_tests::OrdinaryFixture>::apply<kasumi_engine[ad032a02fa0a5487]::application_sources::tests::completion_tests::ordinary_completion_capture_wake_unwind_retires_the_actual_counted_handle::{closure#0}::{closure#1}>::{closure#0}, kasumi_engine[ad032a02fa0a5487]::application_sources::tests::completion_tests::ordinary_completion_capture_wake_unwind_retires_the_actual_counted_handle::{closure#0}::{closure#1}>::{closure#0}> as core[318a34b566a36fe]::ops::function::FnOnce<()>>::call_once
                               at /rustc/8bab26f4f68e0e26f0bb7960be334d5b520ea452/library/core/src/panic/unwind_safe.rs:275:9
  43:        0x1031c53d4 - std[7648081134ee26d8]::panicking::catch_unwind::do_call::<core[318a34b566a36fe]::panic::unwind_safe::AssertUnwindSafe<kasumi_raft[9001a0f49508a2f8]::apply_publication::with_application_publisher_bound_observed_for_test<<kasumi_engine[ad032a02fa0a5487]::application_sources::tests::completion_tests::OrdinaryFixture>::apply<kasumi_engine[ad032a02fa0a5487]::application_sources::tests::completion_tests::ordinary_completion_capture_wake_unwind_retires_the_actual_counted_handle::{closure#0}::{closure#1}>::{closure#0}, kasumi_engine[ad032a02fa0a5487]::application_sources::tests::completion_tests::ordinary_completion_capture_wake_unwind_retires_the_actual_counted_handle::{closure#0}::{closure#1}>::{closure#0}>, core[318a34b566a36fe]::result::Result<(), anyhow[ec8a847c544a36f6]::Error>>
                               at /rustc/8bab26f4f68e0e26f0bb7960be334d5b520ea452/library/std/src/panicking.rs:581:40
  44:        0x10420a288 - ___rust_try
  45:        0x1041be5a0 - std[7648081134ee26d8]::panicking::catch_unwind::<core[318a34b566a36fe]::result::Result<(), anyhow[ec8a847c544a36f6]::Error>, core[318a34b566a36fe]::panic::unwind_safe::AssertUnwindSafe<kasumi_raft[9001a0f49508a2f8]::apply_publication::with_application_publisher_bound_observed_for_test<<kasumi_engine[ad032a02fa0a5487]::application_sources::tests::completion_tests::OrdinaryFixture>::apply<kasumi_engine[ad032a02fa0a5487]::application_sources::tests::completion_tests::ordinary_completion_capture_wake_unwind_retires_the_actual_counted_handle::{closure#0}::{closure#1}>::{closure#0}, kasumi_engine[ad032a02fa0a5487]::application_sources::tests::completion_tests::ordinary_completion_capture_wake_unwind_retires_the_actual_counted_handle::{closure#0}::{closure#1}>::{closure#0}>>
                               at /rustc/8bab26f4f68e0e26f0bb7960be334d5b520ea452/library/std/src/panicking.rs:544:19
  46:        0x1041be5a0 - std[7648081134ee26d8]::panic::catch_unwind::<core[318a34b566a36fe]::panic::unwind_safe::AssertUnwindSafe<kasumi_raft[9001a0f49508a2f8]::apply_publication::with_application_publisher_bound_observed_for_test<<kasumi_engine[ad032a02fa0a5487]::application_sources::tests::completion_tests::OrdinaryFixture>::apply<kasumi_engine[ad032a02fa0a5487]::application_sources::tests::completion_tests::ordinary_completion_capture_wake_unwind_retires_the_actual_counted_handle::{closure#0}::{closure#1}>::{closure#0}, kasumi_engine[ad032a02fa0a5487]::application_sources::tests::completion_tests::ordinary_completion_capture_wake_unwind_retires_the_actual_counted_handle::{closure#0}::{closure#1}>::{closure#0}>, core[318a34b566a36fe]::result::Result<(), anyhow[ec8a847c544a36f6]::Error>>
                               at /rustc/8bab26f4f68e0e26f0bb7960be334d5b520ea452/library/std/src/panic.rs:359:14
  47:        0x10323d208 - kasumi_raft[9001a0f49508a2f8]::apply_publication::with_application_publisher_bound_observed_for_test::<<kasumi_engine[ad032a02fa0a5487]::application_sources::tests::completion_tests::OrdinaryFixture>::apply<kasumi_engine[ad032a02fa0a5487]::application_sources::tests::completion_tests::ordinary_completion_capture_wake_unwind_retires_the_actual_counted_handle::{closure#0}::{closure#1}>::{closure#0}, kasumi_engine[ad032a02fa0a5487]::application_sources::tests::completion_tests::ordinary_completion_capture_wake_unwind_retires_the_actual_counted_handle::{closure#0}::{closure#1}>
                               at /Users/takemiyamakoto/dev/kasumi/crates/kasumi-raft/src/apply_publication.rs:614:9
  48:        0x103111320 - <kasumi_engine[ad032a02fa0a5487]::application_sources::tests::completion_tests::OrdinaryFixture>::apply::<kasumi_engine[ad032a02fa0a5487]::application_sources::tests::completion_tests::ordinary_completion_capture_wake_unwind_retires_the_actual_counted_handle::{closure#0}::{closure#1}>
                               at /Users/takemiyamakoto/dev/kasumi/crates/kasumi-engine/src/application_source_completion_tests.rs:71:9
  49:        0x1031168c4 - kasumi_engine[ad032a02fa0a5487]::application_sources::tests::completion_tests::ordinary_completion_capture_wake_unwind_retires_the_actual_counted_handle::{closure#0}
                               at /Users/takemiyamakoto/dev/kasumi/crates/kasumi-engine/src/application_source_completion_tests.rs:966:37
  50:        0x105131da0 - <core[318a34b566a36fe]::pin::Pin<&mut dyn core[318a34b566a36fe]::future::future::Future<Output = core[318a34b566a36fe]::result::Result<(), anyhow[ec8a847c544a36f6]::Error>>> as core[318a34b566a36fe]::future::future::Future>::poll
                               at /rustc/8bab26f4f68e0e26f0bb7960be334d5b520ea452/library/core/src/future/future.rs:133:9
  51:        0x103d0796c - <tokio[5174ebaad4a2e31e]::runtime::park::CachedParkThread>::block_on::<core[318a34b566a36fe]::pin::Pin<&mut dyn core[318a34b566a36fe]::future::future::Future<Output = core[318a34b566a36fe]::result::Result<(), anyhow[ec8a847c544a36f6]::Error>>>>::{closure#0}
                               at /Users/takemiyamakoto/.cargo/registry/src/index.crates.io-1949cf8c6b5b557f/tokio-1.53.1/src/runtime/park.rs:284:71
  52:        0x103cfffa4 - tokio[5174ebaad4a2e31e]::task::coop::with_budget::<core[318a34b566a36fe]::task::poll::Poll<core[318a34b566a36fe]::result::Result<(), anyhow[ec8a847c544a36f6]::Error>>, <tokio[5174ebaad4a2e31e]::runtime::park::CachedParkThread>::block_on<core[318a34b566a36fe]::pin::Pin<&mut dyn core[318a34b566a36fe]::future::future::Future<Output = core[318a34b566a36fe]::result::Result<(), anyhow[ec8a847c544a36f6]::Error>>>>::{closure#0}>
                               at /Users/takemiyamakoto/.cargo/registry/src/index.crates.io-1949cf8c6b5b557f/tokio-1.53.1/src/task/coop/mod.rs:167:5
  53:        0x103cfffa4 - tokio[5174ebaad4a2e31e]::task::coop::budget::<core[318a34b566a36fe]::task::poll::Poll<core[318a34b566a36fe]::result::Result<(), anyhow[ec8a847c544a36f6]::Error>>, <tokio[5174ebaad4a2e31e]::runtime::park::CachedParkThread>::block_on<core[318a34b566a36fe]::pin::Pin<&mut dyn core[318a34b566a36fe]::future::future::Future<Output = core[318a34b566a36fe]::result::Result<(), anyhow[ec8a847c544a36f6]::Error>>>>::{closure#0}>
                               at /Users/takemiyamakoto/.cargo/registry/src/index.crates.io-1949cf8c6b5b557f/tokio-1.53.1/src/task/coop/mod.rs:133:5
  54:        0x103cfffa4 - <tokio[5174ebaad4a2e31e]::runtime::park::CachedParkThread>::block_on::<core[318a34b566a36fe]::pin::Pin<&mut dyn core[318a34b566a36fe]::future::future::Future<Output = core[318a34b566a36fe]::result::Result<(), anyhow[ec8a847c544a36f6]::Error>>>>
                               at /Users/takemiyamakoto/.cargo/registry/src/index.crates.io-1949cf8c6b5b557f/tokio-1.53.1/src/runtime/park.rs:284:31
  55:        0x1051802e4 - <tokio[5174ebaad4a2e31e]::runtime::context::blocking::BlockingRegionGuard>::block_on::<core[318a34b566a36fe]::pin::Pin<&mut dyn core[318a34b566a36fe]::future::future::Future<Output = core[318a34b566a36fe]::result::Result<(), anyhow[ec8a847c544a36f6]::Error>>>>
                               at /Users/takemiyamakoto/.cargo/registry/src/index.crates.io-1949cf8c6b5b557f/tokio-1.53.1/src/runtime/context/blocking.rs:66:14
  56:        0x104bed754 - <tokio[5174ebaad4a2e31e]::runtime::scheduler::multi_thread::MultiThread>::block_on::<core[318a34b566a36fe]::pin::Pin<&mut dyn core[318a34b566a36fe]::future::future::Future<Output = core[318a34b566a36fe]::result::Result<(), anyhow[ec8a847c544a36f6]::Error>>>>::{closure#0}
                               at /Users/takemiyamakoto/.cargo/registry/src/index.crates.io-1949cf8c6b5b557f/tokio-1.53.1/src/runtime/scheduler/multi_thread/mod.rs:92:22
  57:        0x1047333bc - tokio[5174ebaad4a2e31e]::runtime::context::runtime::enter_runtime::<<tokio[5174ebaad4a2e31e]::runtime::scheduler::multi_thread::MultiThread>::block_on<core[318a34b566a36fe]::pin::Pin<&mut dyn core[318a34b566a36fe]::future::future::Future<Output = core[318a34b566a36fe]::result::Result<(), anyhow[ec8a847c544a36f6]::Error>>>>::{closure#0}, core[318a34b566a36fe]::result::Result<(), anyhow[ec8a847c544a36f6]::Error>>
                               at /Users/takemiyamakoto/.cargo/registry/src/index.crates.io-1949cf8c6b5b557f/tokio-1.53.1/src/runtime/context/runtime.rs:65:16
  58:        0x104be3b78 - <tokio[5174ebaad4a2e31e]::runtime::scheduler::multi_thread::MultiThread>::block_on::<core[318a34b566a36fe]::pin::Pin<&mut dyn core[318a34b566a36fe]::future::future::Future<Output = core[318a34b566a36fe]::result::Result<(), anyhow[ec8a847c544a36f6]::Error>>>>
                               at /Users/takemiyamakoto/.cargo/registry/src/index.crates.io-1949cf8c6b5b557f/tokio-1.53.1/src/runtime/scheduler/multi_thread/mod.rs:91:9
  59:        0x10415fc3c - <tokio[5174ebaad4a2e31e]::runtime::runtime::Runtime>::block_on_inner::<core[318a34b566a36fe]::pin::Pin<&mut dyn core[318a34b566a36fe]::future::future::Future<Output = core[318a34b566a36fe]::result::Result<(), anyhow[ec8a847c544a36f6]::Error>>>>
                               at /Users/takemiyamakoto/.cargo/registry/src/index.crates.io-1949cf8c6b5b557f/tokio-1.53.1/src/runtime/runtime.rs:376:50
  60:        0x1041601a4 - <tokio[5174ebaad4a2e31e]::runtime::runtime::Runtime>::block_on::<core[318a34b566a36fe]::pin::Pin<&mut dyn core[318a34b566a36fe]::future::future::Future<Output = core[318a34b566a36fe]::result::Result<(), anyhow[ec8a847c544a36f6]::Error>>>>
                               at /Users/takemiyamakoto/.cargo/registry/src/index.crates.io-1949cf8c6b5b557f/tokio-1.53.1/src/runtime/runtime.rs:343:18
  61:        0x10391c578 - kasumi_engine[ad032a02fa0a5487]::application_sources::tests::completion_tests::ordinary_completion_capture_wake_unwind_retires_the_actual_counted_handle
                               at /Users/takemiyamakoto/dev/kasumi/crates/kasumi-engine/src/application_source_completion_tests.rs:1070:7
  62:        0x103114e44 - kasumi_engine[ad032a02fa0a5487]::application_sources::tests::completion_tests::ordinary_completion_capture_wake_unwind_retires_the_actual_counted_handle::{closure#0}
                               at /Users/takemiyamakoto/dev/kasumi/crates/kasumi-engine/src/application_source_completion_tests.rs:936:89
  63:        0x104e49780 - <kasumi_engine[ad032a02fa0a5487]::application_sources::tests::completion_tests::ordinary_completion_capture_wake_unwind_retires_the_actual_counted_handle::{closure#0} as core[318a34b566a36fe]::ops::function::FnOnce<()>>::call_once
                               at /rustc/8bab26f4f68e0e26f0bb7960be334d5b520ea452/library/core/src/ops/function.rs:250:5
  64:        0x10518df04 - <fn() -> core[318a34b566a36fe]::result::Result<(), alloc[fd24334a81e9fcd2]::string::String> as core[318a34b566a36fe]::ops::function::FnOnce<()>>::call_once
                               at /rustc/8bab26f4f68e0e26f0bb7960be334d5b520ea452/library/core/src/ops/function.rs:250:5
  65:        0x10518df04 - test[2c59eae1d55b8e96]::__rust_begin_short_backtrace::<core[318a34b566a36fe]::result::Result<(), alloc[fd24334a81e9fcd2]::string::String>, fn() -> core[318a34b566a36fe]::result::Result<(), alloc[fd24334a81e9fcd2]::string::String>>
                               at /rustc/8bab26f4f68e0e26f0bb7960be334d5b520ea452/library/test/src/lib.rs:724:18
  66:        0x10519934c - test[2c59eae1d55b8e96]::run_test_in_process::{closure#0}
                               at /rustc/8bab26f4f68e0e26f0bb7960be334d5b520ea452/library/test/src/lib.rs:747:74
  67:        0x10519934c - <core[318a34b566a36fe]::panic::unwind_safe::AssertUnwindSafe<test[2c59eae1d55b8e96]::run_test_in_process::{closure#0}> as core[318a34b566a36fe]::ops::function::FnOnce<()>>::call_once
                               at /rustc/8bab26f4f68e0e26f0bb7960be334d5b520ea452/library/core/src/panic/unwind_safe.rs:275:9
  68:        0x10519934c - std[7648081134ee26d8]::panicking::catch_unwind::do_call::<core[318a34b566a36fe]::panic::unwind_safe::AssertUnwindSafe<test[2c59eae1d55b8e96]::run_test_in_process::{closure#0}>, core[318a34b566a36fe]::result::Result<(), alloc[fd24334a81e9fcd2]::string::String>>
                               at /rustc/8bab26f4f68e0e26f0bb7960be334d5b520ea452/library/std/src/panicking.rs:581:40
  69:        0x10519934c - std[7648081134ee26d8]::panicking::catch_unwind::<core[318a34b566a36fe]::result::Result<(), alloc[fd24334a81e9fcd2]::string::String>, core[318a34b566a36fe]::panic::unwind_safe::AssertUnwindSafe<test[2c59eae1d55b8e96]::run_test_in_process::{closure#0}>>
                               at /rustc/8bab26f4f68e0e26f0bb7960be334d5b520ea452/library/std/src/panicking.rs:544:19
  70:        0x10519934c - std[7648081134ee26d8]::panic::catch_unwind::<core[318a34b566a36fe]::panic::unwind_safe::AssertUnwindSafe<test[2c59eae1d55b8e96]::run_test_in_process::{closure#0}>, core[318a34b566a36fe]::result::Result<(), alloc[fd24334a81e9fcd2]::string::String>>
                               at /rustc/8bab26f4f68e0e26f0bb7960be334d5b520ea452/library/std/src/panic.rs:359:14
  71:        0x10519934c - test[2c59eae1d55b8e96]::run_test_in_process
                               at /rustc/8bab26f4f68e0e26f0bb7960be334d5b520ea452/library/test/src/lib.rs:747:27
  72:        0x10519934c - test[2c59eae1d55b8e96]::run_test::{closure#0}
                               at /rustc/8bab26f4f68e0e26f0bb7960be334d5b520ea452/library/test/src/lib.rs:668:43
  73:        0x1051941d4 - test[2c59eae1d55b8e96]::run_test::{closure#1}
                               at /rustc/8bab26f4f68e0e26f0bb7960be334d5b520ea452/library/test/src/lib.rs:698:41
  74:        0x1051941d4 - std[7648081134ee26d8]::sys::backtrace::__rust_begin_short_backtrace::<test[2c59eae1d55b8e96]::run_test::{closure#1}, ()>
                               at /rustc/8bab26f4f68e0e26f0bb7960be334d5b520ea452/library/std/src/sys/backtrace.rs:166:18
  75:        0x10519b8a4 - std[7648081134ee26d8]::thread::lifecycle::spawn_unchecked::<test[2c59eae1d55b8e96]::run_test::{closure#1}, ()>::{closure#1}::{closure#0}
                               at /rustc/8bab26f4f68e0e26f0bb7960be334d5b520ea452/library/std/src/thread/lifecycle.rs:70:13
  76:        0x10519b8a4 - <core[318a34b566a36fe]::panic::unwind_safe::AssertUnwindSafe<std[7648081134ee26d8]::thread::lifecycle::spawn_unchecked<test[2c59eae1d55b8e96]::run_test::{closure#1}, ()>::{closure#1}::{closure#0}> as core[318a34b566a36fe]::ops::function::FnOnce<()>>::call_once
                               at /rustc/8bab26f4f68e0e26f0bb7960be334d5b520ea452/library/core/src/panic/unwind_safe.rs:275:9
  77:        0x10519b8a4 - std[7648081134ee26d8]::panicking::catch_unwind::do_call::<core[318a34b566a36fe]::panic::unwind_safe::AssertUnwindSafe<std[7648081134ee26d8]::thread::lifecycle::spawn_unchecked<test[2c59eae1d55b8e96]::run_test::{closure#1}, ()>::{closure#1}::{closure#0}>, ()>
                               at /rustc/8bab26f4f68e0e26f0bb7960be334d5b520ea452/library/std/src/panicking.rs:581:40
  78:        0x10519b8a4 - std[7648081134ee26d8]::panicking::catch_unwind::<(), core[318a34b566a36fe]::panic::unwind_safe::AssertUnwindSafe<std[7648081134ee26d8]::thread::lifecycle::spawn_unchecked<test[2c59eae1d55b8e96]::run_test::{closure#1}, ()>::{closure#1}::{closure#0}>>
                               at /rustc/8bab26f4f68e0e26f0bb7960be334d5b520ea452/library/std/src/panicking.rs:544:19
  79:        0x10519b8a4 - std[7648081134ee26d8]::panic::catch_unwind::<core[318a34b566a36fe]::panic::unwind_safe::AssertUnwindSafe<std[7648081134ee26d8]::thread::lifecycle::spawn_unchecked<test[2c59eae1d55b8e96]::run_test::{closure#1}, ()>::{closure#1}::{closure#0}>, ()>
                               at /rustc/8bab26f4f68e0e26f0bb7960be334d5b520ea452/library/std/src/panic.rs:359:14
  80:        0x10519b8a4 - std[7648081134ee26d8]::thread::lifecycle::spawn_unchecked::<test[2c59eae1d55b8e96]::run_test::{closure#1}, ()>::{closure#1}
                               at /rustc/8bab26f4f68e0e26f0bb7960be334d5b520ea452/library/std/src/thread/lifecycle.rs:68:26
  81:        0x10519b8a4 - <std[7648081134ee26d8]::thread::lifecycle::spawn_unchecked<test[2c59eae1d55b8e96]::run_test::{closure#1}, ()>::{closure#1} as core[318a34b566a36fe]::ops::function::FnOnce<()>>::call_once::{shim:vtable#0}
                               at /rustc/8bab26f4f68e0e26f0bb7960be334d5b520ea452/library/core/src/ops/function.rs:250:5
  82:        0x106c5c0cc - <alloc[fd24334a81e9fcd2]::boxed::Box<dyn core[318a34b566a36fe]::ops::function::FnOnce<(), Output = ()> + core[318a34b566a36fe]::marker::Send> as core[318a34b566a36fe]::ops::function::FnOnce<()>>::call_once
                               at /rustc/8bab26f4f68e0e26f0bb7960be334d5b520ea452/library/alloc/src/boxed.rs:2275:9
  83:        0x106c5c0cc - <std[7648081134ee26d8]::sys::thread::unix::Thread>::new::thread_start
                               at /rustc/8bab26f4f68e0e26f0bb7960be334d5b520ea452/library/std/src/sys/thread/unix.rs:118:17
  84:        0x189d71d00 - __pthread_exit
test application_sources::tests::completion_tests::ordinary_completion_capture_wake_unwind_retires_the_actual_counted_handle ... ok
test application_sources::tests::allocation_tails::source_root_weak_retains_shell_credit_after_payload_is_gone ... ok
test application_sources::tests::completion_tests::ordinary_completion_reuses_only_after_real_accept_reject_and_idempotent_finish ... ok
test application_sources::tests::point_retirement_tests::selected_sources_actual_point_drop_panic_preserves_capture_error_and_separate_payload ... ok
test application_sources::tests::point_retirement_tests::selected_sources_actual_point_drop_panic_still_cancels_queued_reader ... ok
test application_sources::tests::allocation_tails::source_root_and_credit_arcs_remain_funded_through_actual_deallocation ... ok

thread 'application_sources::tests::completion_tests::ordinary_completion_fault_checkpoints_preserve_exact_original_and_source_phase' (22039396) panicked at crates/kasumi-engine/src/application_source_completion_tests.rs:712:34:
wrong original phase at Queued, unwind=true
test application_sources::tests::completion_tests::ordinary_completion_fault_checkpoints_preserve_exact_original_and_source_phase ... FAILED
test application_sources::tests::point_retirement_tests::incoming_tests::incoming_actual_points_retain_exact_error_or_panic_and_remain_unknown_in_cell ... ok
test application_sources::tests::allocation_tails::source_view_weak_retains_credit_after_unique_native_close ... ok
test application_sources::tests::allocation_tails::source_view_unique_close_holds_cell_credit_while_arc_backing_retires ... ok
test application_sources::tests::primary_read_tests::selected_primary_actual_node_denial_precedes_lending_and_keeps_error_credit ... ok
test application_sources::tests::primary_read_tests::selected_primary_actual_decode_denial_retains_complete_wire_without_lending ... ok
test application_sources::tests::primary_read_tests::selected_primary_callback_access_change_is_rechecked_before_success ... ok
test application_sources::tests::primary_read_tests::selected_primary_empty_tree_still_rechecks_current_storage_access ... ok
test application_sources::tests::primary_read_tests::selected_primary_failure_retains_original_reader_and_actual_workspace_until_drop ... ok
test application_sources::tests::allocation_tails::source_binding_box_retires_before_its_real_root_credit ... ok
test application_sources::tests::primary_read_tests::selected_primary_encrypted_branch_live_archive_absence_and_old_pin ... ok
test application_sources::tests::primary_read_tests::selected_primary_overflow_corruption_and_missing_never_lend_partial_dto ... ok

thread 'application_sources::tests::primary_read_tests::selected_primary_panic_payload_survives_as_original_failure_until_drop' (22040210) panicked at crates/kasumi-engine/src/primary_read_tests.rs:831:13:
Box<dyn Any>
test application_sources::tests::primary_read_tests::selected_primary_panic_payload_survives_as_original_failure_until_drop ... ok
test application_sources::tests::primary_read_tests::selected_primary_page_corruption_and_foreign_registry_are_rejected ... ok
test application_sources::tests::primary_stage_tests::bulk_collections::primary_bulk_actual_frontier_allocation_stays_charged_through_dealloc ... ok
test application_sources::tests::allocation_tails::completion_allocations::ordinary_completion_erased_binding_retires_before_its_actual_credit ... ok

thread 'application_sources::tests::primary_stage_tests::bulk_collections::primary_bulk_callback_error_survives_later_source_panic' (22041165) panicked at crates/kasumi-engine/src/primary_stage_bulk_tests.rs:143:13:
Box<dyn Any>
test application_sources::tests::point_retirement_tests::incoming_tests::incoming_actual_points_preserve_each_pre_cell_rejection_with_drop_panic ... ok
test application_sources::tests::primary_read_tests::selected_primary_preserves_restored_zero_document_versions ... ok
test application_sources::tests::primary_stage_tests::bulk_collections::primary_bulk_frontier_denial_precedes_backing_allocation_or_source_visit ... ok
test application_sources::tests::primary_stage_tests::catalogs::primary_catalog_member_codec_is_fixed_and_contextual ... ok
test application_sources::tests::primary_stage_tests::bulk_collections::primary_bulk_callback_error_survives_later_source_panic ... ok
test application_sources::tests::allocation_tails::completion_allocations::ordinary_completion_cell_and_credit_remain_funded_through_actual_deallocation ... ok
test application_sources::tests::primary_stage_tests::bulk_collections::primary_bulk_empty_stream_has_definition_manifest_and_no_empty_page ... ok

thread 'application_sources::tests::primary_stage_tests::bulk_collections::primary_bulk_swallowed_callback_panic_permanently_stops_writes' (22041562) panicked at crates/kasumi-engine/src/primary_stage_bulk_tests.rs:690:17:
Box<dyn Any>
test application_sources::tests::primary_stage_tests::bulk_collections::primary_bulk_swallowed_callback_panic_permanently_stops_writes ... ok
test application_sources::tests::allocation_tails::completion_allocations::ordinary_completion_constructor_quote_covers_actual_three_allocations ... ok
test application_sources::tests::primary_stage_tests::bulk_collections::primary_bulk_swallowed_callback_stays_closed_and_keeps_independent_source_error ... ok
test application_sources::tests::primary_read_tests::selected_primary_rejects_catalog_manifest_and_selector_substitution ... ok
test application_sources::tests::primary_stage_tests::bulk_collections::primary_bulk_rejects_order_identity_and_epoch_without_final_manifest ... ok
test application_sources::tests::primary_stage_tests::catalogs::primary_catalog_encrypted_finish_and_separate_abort_units_preserve_old_pin ... ok
test application_sources::tests::primary_stage_tests::bulk_collections::primary_bulk_cancel_inside_large_dto_preserves_original_and_resumes_abort ... ok
test application_sources::tests::primary_stage_tests::catalogs::primary_catalog_partial_verifier_keeps_its_exact_pin ... ok
test application_sources::tests::primary_stage_tests::fixed_objects::primary_stage_fixed_objects_are_journaled_and_old_pin_survives_bounded_abort ... ok
test application_sources::tests::primary_stage_tests::fixed_objects::primary_stage_fixed_page_buffer_returns_for_following_multichunk_dto ... ok
test application_sources::tests::primary_stage_tests::catalogs::primary_catalog_real_admission_denial_precedes_append_effects ... ok
test application_sources::tests::primary_stage_tests::primary_stage_nonselection_readers_and_denied_begin_do_not_publish_or_write ... ok
test application_sources::tests::primary_stage_tests::catalogs::primary_catalog_nonempty_totals_and_mapping_cow_preserve_membership ... ok
test application_sources::tests::primary_stage_tests::primary_stage_archive_and_definition_keep_exact_dto_and_kind_identity ... ok
test application_sources::tests::quote_tests::source_quote_actual_engine_provider_token_is_preclaimed_and_request_is_pure ... ok
test application_sources::tests::primary_stage_tests::primary_stage_native_bound_failure_keeps_original_diagnostic_through_positive_close ... ok
test application_sources::tests::primary_stage_tests::fixed_objects::primary_stage_fixed_page_framing_refuses_even_with_matching_inventory_digest ... ok
test application_sources::tests::primary_stage_tests::fixed_objects::primary_stage_fixed_shape_refusal_creates_no_inventory_or_counter_change ... ok
test application_sources::tests::quote_tests::source_quote_reader_retained_amount_matches_actual_installed_provider_requests ... ok
test application_sources::tests::quote_tests::source_quote_covered_planning_uses_actual_format_bound_before_exact_lengths_exist ... ok
publication_owner_layout expectation=72 challenge=72 receipt=216 plan=312 root_preparation=704 publication_preparation=720 source_roots=152 cell_bytes=9216
test application_sources::tests::quote_tests::source_quote_is_allocation_free_bound_and_covers_real_capture_peak ... ok
test application_sources::tests::primary_stage_tests::primary_stage_partial_attempt_resumes_after_actual_encrypted_reopen ... ok
test application_sources::tests::primary_stage_tests::fixed_objects::primary_stage_fixed_impossible_inventory_progress_refuses_without_erasing_custody ... ok
test application_sources::tests::primary_stage_tests::primary_stage_partial_high_water_and_abort_resume_are_atomic ... ok
test application_sources::tests::selected_sources_alias_refusal_preserves_later_actual_native_close_failure ... ok
test application_sources::tests::primary_stage_tests::primary_stage_rejects_payload_corruption_before_lending_and_keeps_old_pin_exact ... ok
test application_sources::tests::selected_sources_canonical_failure_closes_parent_preserves_original_and_issue ... ok
test application_sources::tests::primary_stage_tests::catalogs::primary_catalog_empty_zero_work_and_first_finish_bind_actual_records ... ok
test application_sources::tests::selected_sources_maintenance_publication_requires_actual_scope_for_owner_and_growth ... ok
test application_sources::tests::selected_sources_capture_finalization_settles_handle_before_retirement ... ok
test application_sources::tests::selected_sources_failed_consuming_close_never_becomes_success_from_none ... ok
test application_sources::tests::selected_sources_actual_entry_hands_point_backing_to_capture_and_queue_cancellation ... ok
test application_sources::tests::selected_sources_last_selected_handle_closes_during_ordinary_operation ... ok
test application_sources::tests::selected_sources_fork_seal_closes_registered_child_before_releasing_permit ... ok
test application_sources::tests::selected_sources_fork_keeps_exact_old_native_generation_after_parent_retirement ... ok
test application_sources::tests::selected_sources_missing_prospective_callback_never_publishes_generation ... ok
test application_sources::tests::selected_sources_prospective_denial_preserves_cursor_generation_and_original_then_retries ... ok
test application_sources::tests::selected_sources_shutdown_closes_native_parent_with_metadata_alias_alive ... ok
test application_sources::tests::selected_sources_repeated_prospective_callback_is_sticky_and_cancels_queued_reader ... ok

thread 'application_sources::tests::selected_sources_unknown_capture_panic_without_view_never_drains_as_clean' (22044975) panicked at crates/kasumi-engine/src/application_sources_tests.rs:697:17:
Box<dyn Any>
test application_sources::tests::selected_sources_routine_bounded_read_error_retires_with_original_report_alive ... ok
test application_sources::tests::selected_sources_unknown_capture_panic_without_view_never_drains_as_clean ... ok
test application_sources::tests::selected_sources_covered_capture_cannot_settle_after_serving_handoff ... ok
physical acquisition failed: stage=existing-root-open

thread 'tokio-rt-worker' (22045320) panicked at crates/kasumi-engine/src/security_audit.rs:296:13:
injected real blocking audit record panic
test security_audit::jobs::tests::cancelled_record_and_drain_retain_actual_blocking_panic_before_physical_reopen ... ok
test application_sources::tests::primary_stage_tests::catalogs::primary_catalog_abort_missing_or_corrupt_owned_rows_retains_progress ... ok
test application_sources::tests::selected_sources_real_local_startup_publishes_entry_and_drains_surviving_generation ... ok
test staged_terminal::tests::scan_tests::installed_scan_uses_one_snapshot_two_reads_per_row_and_settles_before_final_yield ... ok
test state::primary_projection::tests::primary_cow_actual_two_page_working_set_and_retirement_are_precharged ... ok
test application_sources::tests::primary_stage_tests::fixed_objects::primary_stage_fixed_missing_or_corrupt_objects_refuse_before_abort_progress ... ok
test staged_terminal::tests::scan_tests::installed_scan_rejects_each_canonical_tamper_without_repair_and_keeps_prefix_checks ... ok
test application_sources::tests::selected_sources_actual_snapshot_install_and_encrypted_reopen_preserve_identity ... ok
test application_sources::tests::primary_stage_tests::bulk_collections::primary_bulk_real_frontier_three_levels_recursive_spill_and_final_collapse has been running for over 60 seconds
test application_sources::tests::primary_stage_tests::bulk_collections::primary_bulk_real_frontier_three_levels_recursive_spill_and_final_collapse ... ok
test application_sources::tests::primary_stage_tests::bulk_collections::primary_bulk_two_level_mixed_stream_zero_version_and_old_pin has been running for over 60 seconds
test state::primary_projection::tests::primary_cow_captured_mapping_refuses_valid_alternate_manifest_with_unchanged_selector ... ok
test application_sources::tests::primary_stage_tests::catalogs::primary_catalog_append_refusals_preserve_durable_membership has been running for over 60 seconds
test state::primary_projection::tests::primary_cow_complete_map_diff_rejects_omitted_id_and_real_multi_id_shape ... ok
test state::primary_projection::tests::primary_cow_real_slot_refusal_precedes_pending_effects ... ok
test state::primary_projection::tests::primary_cow_foreign_apply_guard_on_same_store_pair_is_refused_before_pending ... ok
test application_sources::tests::primary_stage_tests::catalogs::primary_catalog_verifier_refuses_mutations_and_pin_replacement has been running for over 60 seconds
test state::primary_projection::tests::publication::primary_cow_actual_durable_ahead_refuses_before_new_attempt ... ok
test state::primary_projection::tests::primary_cow_cancel_during_new_chunks_retains_original_and_pending_is_abortable ... ok
test application_sources::tests::primary_stage_tests::bulk_collections::primary_bulk_two_level_mixed_stream_zero_version_and_old_pin ... ok
test state::primary_projection::tests::primary_cow_baseline_rejects_cross_collection_dto_alias_even_with_same_tree_identity ... ok
test state::primary_projection::tests::unknown_staging::primary_cow_unknown_staging_reopens_complete_pending_and_chunk_batches ... ok
test state::primary_projection::tests::primary_cow_baseline_checks_actual_inventory_count_and_original_cancellation ... ok
test state::staging::capacity_tests::permanent_staged_point_capacity_transfers_to_outcome_and_can_expand_without_identity_reuse ... ok
test state::primary_projection::tests::unknown_staging::unknown_publication::primary_cow_unknown_final_publication_reopens_complete_commit_and_refuses_abort ... ok
test state::primary_projection::tests::publication::primary_cow_authentic_receipt_rejects_captured_mapping_substitution ... ok
test state::primary_projection::tests::publication::primary_cow_real_publisher_admission_refusal_keeps_exact_final_effects ... ok
test state::primary_projection::tests::publication::primary_cow_late_actual_replay_refuses_before_final_effects ... ok
test state::primary_projection::tests::unknown_staging::unknown_abort::primary_cow_unknown_abort_reopens_complete_progress_resource_and_settlement_batches ... ok
test application_sources::tests::primary_stage_tests::primary_stage_large_encrypted_object_and_old_selected_pin_survive_current_abort has been running for over 60 seconds
test state::primary_projection::tests::publication::primary_cow_actual_final_effect_allocations_and_baseline_grants_retire_in_order ... ok
test state::primary_projection::tests::publication::primary_cow_closed_factory_retains_cancellation_and_final_grant_refusal ... ok
test application_sources::tests::primary_stage_tests::catalogs::primary_catalog_append_refusals_preserve_durable_membership ... ok
test application_sources::tests::primary_stage_tests::catalogs::primary_catalog_verifier_refuses_mutations_and_pin_replacement ... ok
test state::primary_projection::tests::primary_cow_abort_rejects_bootstrap_missing_inventory_and_ambiguous_committed_phase ... ok
test security_audit::jobs::tests::cancelled_maintenance_retains_publication_panic_and_unpruned_history has been running for over 60 seconds
test application_sources::tests::primary_stage_tests::primary_stage_large_encrypted_object_and_old_selected_pin_survive_current_abort ... ok
test state::primary_projection::tests::primary_cow_actual_accepted_path_is_unselected_and_abort_is_separately_bounded ... ok
test state::primary_projection::tests::publication::primary_cow_two_real_publications_preserve_old_pin_and_commit_five_effects ... ok

thread 'security_audit::jobs::tests::cancelled_maintenance_retains_publication_panic_and_unpruned_history' (22045026) panicked at crates/kasumi-engine/src/security_audit_jobs.rs:252:13:
actual admitted archive publication panic
test security_audit::jobs::tests::cancelled_maintenance_retains_publication_panic_and_unpruned_history ... ok

failures:

failures:
    application_sources::tests::completion_tests::ordinary_completion_fault_checkpoints_preserve_exact_original_and_source_phase

test result: FAILED. 113 passed; 1 failed; 0 ignored; 0 measured; 510 filtered out; finished in 147.17s

error: test failed, to rerun pass `-p kasumi-engine --lib`
     Running unittests src/lib.rs (target/disk-backed-cache/debug/deps/kasumi_raft-8af78bc0d2a8574c)

running 24 tests
test selected_application::plan_tests::producer_wire_shape_overquotes_actual_decoder_for_escaped_unicode_and_nested_metadata ... ok
test selected_application::plan_tests::producer_wire_quote_covers_arbitrary_numbers_without_reclassifying_literal_markers ... ok
test selected_application::allocation_tests::selected_application_allocation_census_covers_expanding_typed_diagnostics ... ok
test selected_application::allocation_tests::selected_application_allocation_census_covers_membership_and_noncanonical_defaults ... ok
test selected_application::tests::selected_application_denial_foreign_provider_and_retain_failure_keep_grant ... ok
test selected_application::receipt_tests::invocation_receipt_rejects_concrete_retirement_seed_and_response_fields_before_effects ... ok
test selected_application::receipt_tests::invocation_receipt_fixed_inputs_hash_and_authentic_consume_allocate_nothing ... ok
test selected_application::handoff_tests::prepared_capture_actual_entry_preserves_access_failure_and_drops_queued_ownership ... ok
test selected_application::plan_tests::prospective_covered_snapshot_uses_actual_five_record_proof ... ok
test selected_application::receipt_tests::invocation_receipt_reentrant_early_consume_cannot_change_entered_mint_state ... ok
test selected_application::handoff_tests::prepared_capture_actual_entry_uses_transferred_loans_when_new_installed_grants_are_denied ... ok
test selected_application::tests::selected_application_checks_complete_entry_and_bootstrap_identity ... ok
test selected_application::plan_tests::prospective_callback_prepares_before_real_producer_publication_and_keeps_original_refusal ... ok
test selected_application::receipt_tests::invocation_receipt_binds_the_actual_preparer_plan_and_joint_effects ... ok
test selected_application::plan_tests::prospective_covered_replay_quotes_actual_newer_cursor ... ok
test selected_application::plan_tests::prospective_advancing_origin_refuses_real_exact_replay_before_application_effects ... ok
test selected_application::receipt_tests::invocation_receipt_authenticates_advance_and_identical_covered_replays ... ok
test selected_application::receipt_tests::invocation_receipt_rejects_pair_context_response_and_ordered_effect_substitution_before_effects ... ok
test selected_application::receipt_tests::invocation_receipt_consumes_covered_replay_with_changed_and_empty_effects ... ok
test selected_application::plan_tests::prospective_plan_rejects_later_actual_record_and_foreign_domain_pair ... ok
test selected_application::tests::selected_application_exact_old_entry_and_real_covered_replay_remain_distinct ... ok
test selected_application::tests::selected_application_snapshot_uses_actual_manifest_and_snapshot_cursor ... ok
test selected_application::tests::selected_application_original_bounded_read_failure_retains_exact_reader ... ok
test selected_application::tests::selected_application_older_image_and_entry_replay_keep_newer_snapshot_identity ... ok

test result: ok. 24 passed; 0 failed; 0 ignored; 0 measured; 138 filtered out; finished in 6.04s

     Running unittests src/lib.rs (target/disk-backed-cache/debug/deps/kasumi_store-4ef75ebdc018c368)

running 17 tests
TestDiskMemory::reserve_installed denied: provider=0x108e78af0 requested_bytes=4351 charged_bytes=8471 bookkeeping_bytes=24224 used_bytes=980660 next_used_bytes=989131 max_bytes=67108864 live_reservations=32 max_reservations=32 attempts=33 error=Kind(OutOfMemory)
test scratch_table::tests::workspace_tests::scratch_preparation_capacity_refusal_has_no_private_effect_and_retries ... ok
test scratch_table::tests::workspace_tests::scratch_prepared_workspace_survives_capacity_pressure_after_prepare ... ok
test read_view::prepared_points::tests::single_point_finish_keeps_original_error_and_actual_retirement_panic ... ok
TestDiskMemory::reserve_installed denied: provider=0x7bf905c470 requested_bytes=4515 charged_bytes=8635 bookkeeping_bytes=71840 used_bytes=52299046 next_used_bytes=52307681 max_bytes=67108864 live_reservations=128 max_reservations=128 attempts=287 error=Kind(OutOfMemory)
test read_view::prepared_points::tests::single_points_check_expiry_on_old_root_hits_and_absence_and_clear_failed_loans ... ok
test read_view::prepared_points::tests::single_point_partial_admission_denial_keeps_actual_failure_and_has_no_allocating_fallback ... ok
test read_view::prepared_points::tests::single_points_share_exact_root_and_reuse_backing_without_point_admission ... ok
TestDiskMemory::reserve_installed denied: provider=0x108e797e0 requested_bytes=4515 charged_bytes=8635 bookkeeping_bytes=71840 used_bytes=52298953 next_used_bytes=52307588 max_bytes=268435456 live_reservations=128 max_reservations=128 attempts=462 error=Kind(OutOfMemory)
TestDiskMemory::reserve_installed denied: provider=0x7bf905c1f0 requested_bytes=16924 charged_bytes=21044 bookkeeping_bytes=71840 used_bytes=52303468 next_used_bytes=52324512 max_bytes=268435456 live_reservations=128 max_reservations=128 attempts=462 error=Kind(OutOfMemory)
test storage_domains::prepared_point_read::tests::prepared_point_partial_construction_denial_retires_backing_and_registered_reader ... ok
test storage_domains::prepared_point_read::tests::prepared_point_final_capacity_quotes_real_overlap_and_refusal_keeps_original ... ok
test storage_domains::prepared_point_read::tests::prepared_points_reuse_real_encrypted_backing_with_exact_overlapping_charges ... ok
test storage_domains::prepared_point_read::tests::prepared_point_handoff_reuses_backing_on_exact_roots_and_clears_short_suffix ... ok

thread 'storage_domains::prepared_point_read::tests::prepared_transfer_preserves_native_failure_when_backing_retirement_also_panics' (22055274) panicked at crates/kasumi-store/src/storage_domains/prepared_point_read_tests.rs:679:14:
called `Option::unwrap()` on a `None` value
note: run with `RUST_BACKTRACE=1` environment variable to display a backtrace
test storage_domains::prepared_point_read::tests::prepared_points_keep_both_domains_on_the_same_snapshot_across_writes_and_rotation ... ok
test storage_domains::prepared_point_read::tests::prepared_transfer_preserves_native_failure_when_backing_retirement_also_panics ... FAILED
test storage_domains::prepared_point_read::tests::prepared_finish_preserves_original_and_actual_lease_drop_panic ... ok
test storage_domains::prepared_point_read::tests::prepared_points_check_peer_access_even_on_application_cache_hit_and_absence ... ok
test storage_domains::prepared_point_read::tests::prepared_points_retain_full_fit_cache_and_check_expiry_on_hits_and_absence ... ok
test storage_domains::prepared_point_read::tests::prepared_point_handoff_checks_pair_authentication_and_expiry_without_admission ... ok
test storage_domains::prepared_point_read::tests::prepared_points_authenticate_and_reject_wrong_identity_trailing_and_missing_key ... ok

failures:

failures:
    storage_domains::prepared_point_read::tests::prepared_transfer_preserves_native_failure_when_backing_retirement_also_panics

test result: FAILED. 16 passed; 1 failed; 0 ignored; 0 measured; 688 filtered out; finished in 6.15s

error: test failed, to rerun pass `-p kasumi-store --lib`
error: 2 targets failed:
    `-p kasumi-engine --lib`
    `-p kasumi-store --lib`
Runner: 310.51s; exit=101; matching=862/862
