Command: cargo test --locked --offline --config profile.test.package.kasumi-kv.opt-level=3 --config profile.test.package.sha2.opt-level=3 -p kasumi-kv -p kasumi-store -p kasumi-raft -p kasumi-engine --all-features --lib --no-fail-fast -- restored_identity_metadata selected_primary_ retained_logs directory::tests::workspace cached_identity_proof warm_proof publication_proof post_publication_workspace prepared_point_final_capacity full_fit --nocapture
CARGO_TARGET_DIR=target/disk-backed-cache
   Compiling kasumi-kv v0.1.0 (/Users/takemiyamakoto/dev/kasumi/crates/kasumi-kv)
   Compiling kasumi-store v0.1.0 (/Users/takemiyamakoto/dev/kasumi/crates/kasumi-store)
   Compiling kasumi-raft v0.1.0 (/Users/takemiyamakoto/dev/kasumi/crates/kasumi-raft)
   Compiling kasumi-engine v0.1.0 (/Users/takemiyamakoto/dev/kasumi/crates/kasumi-engine)
    Finished `test` profile [unoptimized + debuginfo] target(s) in 1m 25s
     Running unittests src/lib.rs (target/disk-backed-cache/debug/deps/kasumi_engine-44db468831cfc59f)

running 15 tests
TestDiskMemory::reserve_installed denied: provider=0x7a70808b90 requested_bytes=4351 charged_bytes=8471 bookkeeping_bytes=24184 used_bytes=2894460 next_used_bytes=2902931 max_bytes=67108864 live_reservations=32 max_reservations=32 attempts=944 error=Kind(OutOfMemory)

thread 'state::restore_budget_tests::restored_identity_metadata_is_validated_before_bootstrap_persistence' (22547981) panicked at crates/kasumi-engine/src/state.rs:3414:9:
assertion `left == right` failed
  left: Corruption
 right: QuotaExceeded
note: run with `RUST_BACKTRACE=1` environment variable to display a backtrace
test state::restore_budget_tests::restored_identity_metadata_is_validated_before_bootstrap_persistence ... FAILED
test application_sources::tests::primary_read_tests::selected_primary_actual_decode_denial_retains_complete_wire_without_lending ... ok
test application_sources::tests::primary_read_tests::selected_primary_preserves_restored_zero_document_versions ... ok

thread 'application_sources::tests::primary_read_tests::selected_primary_panic_payload_survives_as_original_failure_until_drop' (22547977) panicked at crates/kasumi-engine/src/primary_read_tests.rs:844:13:
Box<dyn Any>
test application_sources::tests::primary_read_tests::selected_primary_empty_tree_still_rechecks_current_storage_access ... ok
test application_sources::tests::primary_read_tests::selected_primary_failure_retains_original_reader_and_actual_workspace_until_drop ... ok
test application_sources::tests::primary_read_tests::selected_primary_panic_payload_survives_as_original_failure_until_drop ... ok
test application_sources::tests::primary_read_tests::selected_primary_encrypted_branch_live_archive_absence_and_old_pin ... ok
test application_sources::tests::primary_read_tests::selected_primary_callback_access_change_is_rechecked_before_success ... ok
test application_sources::tests::primary_read_tests::selected_primary_actual_node_denial_precedes_lending_and_keeps_error_credit ... ok
test application_sources::tests::primary_read_tests::selected_primary_headers_use_the_exact_old_root_and_preserve_cancellation ... ok
test application_sources::tests::primary_read_tests::selected_primary_page_corruption_and_foreign_registry_are_rejected ... ok
test application_sources::tests::primary_read_tests::selected_primary_headers_cross_leaf_boundaries_without_loading_document_chunks ... ok
test application_sources::tests::primary_read_tests::selected_primary_rejects_catalog_manifest_and_selector_substitution ... ok
test application_sources::tests::primary_read_tests::selected_primary_overflow_corruption_and_missing_never_lend_partial_dto ... ok
backup publication original failure before proof release: Error { code: UnknownOutcome, message: "write task failed; resolve or retry with the same idempotency key" }; raft metrics: Ref { inner: RwLockReadGuard(PhantomData<std::sync::poison::rwlock::RwLockReadGuard<'_, openraft::metrics::raft_metrics::RaftMetrics<u64, openraft::node::BasicNode>>>, RaftMetrics { running_state: Err(StorageError(IO { source: StorageIOError { subject: Store, verb: Write, source: std::io::error::Error: Raft apply failed; original failure retained, backtrace: None } })), id: 1, current_term: 1, vote: Vote { leader_id: LeaderId { term: 1, node_id: 1 }, committed: true }, last_log_index: Some(4), last_applied: Some(LogId { leader_id: LeaderId { term: 1, node_id: 1 }, index: 3 }), snapshot: None, purged: None, state: Shutdown, current_leader: Some(1), millis_since_quorum_ack: Some(28), membership_config: StoredMembership { log_id: Some(LogId { leader_id: LeaderId { term: 0, node_id: 0 }, index: 0 }), membership: Membership { configs: [{1, 2, 3}], nodes: {1: BasicNode { addr: "node-1" }, 2: BasicNode { addr: "node-2" }, 3: BasicNode { addr: "node-3" }} } }, replication: None }), has_changed: true }

thread 'service::tests::serving_expiry_suppresses_long_backup_verification_and_post_publication_proof' (22547980) panicked at crates/kasumi-engine/src/service_serving_tests.rs:694:10:
called `Result::unwrap()` on an `Err` value: Error { code: UnknownOutcome, message: "backup publication was admitted but complete proof release failed; immutable artifacts may exist and no verified proof was released" }
test service::tests::serving_expiry_suppresses_long_backup_verification_and_post_publication_proof ... FAILED

failures:

failures:
    service::tests::serving_expiry_suppresses_long_backup_verification_and_post_publication_proof
    state::restore_budget_tests::restored_identity_metadata_is_validated_before_bootstrap_persistence

test result: FAILED. 13 passed; 2 failed; 0 ignored; 0 measured; 615 filtered out; finished in 14.32s

error: test failed, to rerun pass `-p kasumi-engine --lib`
     Running unittests src/lib.rs (target/disk-backed-cache/debug/deps/kasumi_kv-221aa5373d25965b)

running 16 tests
test root::directory::tests::directory_retirement_rejects_stale_commit_or_publication_proof ... ok
test directory::tests::workspace::read_workspace_constructor_refusal_has_no_effect_and_same_owner_retries ... ok
test directory::tests::workspace::read_workspace_admits_its_entire_buffer_and_traversal_before_allocation ... ok
test disk_state::tests::warming_failures::cached_identity_proof_one_grant_covers_complete_owner_before_allocation ... ok
test directory::tests::workspace::workspace_rejects_foreign_admission_and_failed_owner_before_io ... ok
test directory::tests::workspace::write_workspace_rejects_an_operation_outside_its_admitted_envelope ... ok
test directory::tests::workspace::reused_workspace_preserves_candidate_validation_and_parent_bounds ... ok
test directory::tests::workspace::write_workspace_is_one_grant_and_reuses_actual_pages_for_checks_and_edits ... ok
test disk_state::tests::warming_failures::warm_proof_read_failure_fences_and_preserves_the_unproved_value ... ok
test directory::tests::workspace::reused_workspace_preserves_read_failures_and_post_io_owner_checks ... ok
test disk_state::tests::warming_failures::cached_identity_proof_reuses_actual_owner_for_current_and_pinned_history_under_denial ... ok
test disk_state::tests::publication_failures::disabled_cache_skips_post_publication_proofs_and_warming ... ok
test disk_state::tests::warming_failures::warm_proof_admission_denial_retries_the_unproved_stale_identity ... ok
test disk_state::tests::publication_failures::post_publication_workspace_denial_uses_preadmitted_proofs_and_keeps_commit_successful ... ok
test disk_state::tests::publication_cache::publication_proof_preflight_denials_leave_cache_and_root_unchanged ... ok
test directory::tests::workspace::point_membership_and_warming_reuse_one_buffer_without_new_admission ... ok

test result: ok. 16 passed; 0 failed; 0 ignored; 0 measured; 534 filtered out; finished in 0.01s

     Running unittests src/lib.rs (target/disk-backed-cache/debug/deps/kasumi_raft-8af78bc0d2a8574c)

running 8 tests
test storage::retained_logs::tests::limited_read_prefix_accounts_exact_bytes_and_never_rejects_the_first_entry ... ok
test storage::retained_logs::tests::authenticated_unique_header_fold_is_order_independent_and_checks_extreme_holes ... ok
test storage::retained_logs::tests::append_chunk_schedule_preserves_every_durable_connected_prefix ... ok
test storage::retained_logs::tests::point_log_reads_check_internal_metadata_commitment_and_current_custody_access ... ok
test storage::retained_logs::tests::streamed_open_rejects_holes_malformed_keys_and_noncanonical_headers ... ok
test storage::retained_logs::tests::streamed_log_inventory_reopens_and_cloned_readers_follow_exact_range_changes ... ok
test storage::retained_logs::tests::limited_read_returns_bounded_ordered_prefixes_while_exact_reads_remain_complete ... ok
test storage::retained_logs::tests::limited_read_accepts_full_size_entries_and_checks_each_returned_body ... ok

test result: ok. 8 passed; 0 failed; 0 ignored; 0 measured; 165 filtered out; finished in 23.92s

     Running unittests src/lib.rs (target/disk-backed-cache/debug/deps/kasumi_store-4ef75ebdc018c368)

running 3 tests
test storage_opening::tests::aborted_table_body_is_not_a_ready_publication_proof ... ok
TestDiskMemory::reserve_installed denied: provider=0x106cd3a30 requested_bytes=16908 charged_bytes=21028 bookkeeping_bytes=71840 used_bytes=52299108 next_used_bytes=52320136 max_bytes=268435456 live_reservations=128 max_reservations=128 attempts=462 error=Kind(OutOfMemory)
test storage_domains::prepared_point_read::tests::prepared_point_final_capacity_quotes_real_overlap_and_refusal_keeps_original ... ok
test storage_domains::prepared_point_read::tests::prepared_points_retain_full_fit_cache_and_check_expiry_on_hits_and_absence ... ok

test result: ok. 3 passed; 0 failed; 0 ignored; 0 measured; 705 filtered out; finished in 1.62s

error: 1 target failed:
    `-p kasumi-engine --lib`
Runner: 125.49s; exit=101; matching=1528/1528
