Command: cargo test --manifest-path vendor/openraft-0.9.25/openraft/Cargo.toml --locked --offline --features serde,storage-v2 --lib storage::capacity::tests -- --test-threads=1 --nocapture
ISOLATED_SOURCE=/tmp/kasumi-source-cohort-validation-v1
CARGO_TARGET_DIR=/Users/takemiyamakoto/dev/kasumi/target/disk-backed-cache
   Compiling openraft v0.9.25 (/private/tmp/kasumi-source-cohort-validation-v1/vendor/openraft-0.9.25/openraft)
error: unnecessary qualification
  --> openraft/src/storage/capacity.rs:28:9
   |
28 |         std::mem::size_of::<T>()
   |         ^^^^^^^^^^^^^^^^^^^^^^
   |
note: the lint level is defined here
  --> openraft/src/lib.rs:8:9
   |
 8 | #![deny(unused_qualifications)]
   |         ^^^^^^^^^^^^^^^^^^^^^
help: remove the unnecessary path segments
   |
28 -         std::mem::size_of::<T>()
28 +         size_of::<T>()
   |

error: unnecessary qualification
   --> openraft/src/storage/capacity.rs:130:13
    |
130 |             std::mem::size_of::<Slot<NID>>().checked_add(2 * std::mem::size_of::<usize>())?,
    |             ^^^^^^^^^^^^^^^^^^^^^^^^^^^^^^
    |
help: remove the unnecessary path segments
    |
130 -             std::mem::size_of::<Slot<NID>>().checked_add(2 * std::mem::size_of::<usize>())?,
130 +             size_of::<Slot<NID>>().checked_add(2 * std::mem::size_of::<usize>())?,
    |

error: unnecessary qualification
   --> openraft/src/storage/capacity.rs:130:62
    |
130 |             std::mem::size_of::<Slot<NID>>().checked_add(2 * std::mem::size_of::<usize>())?,
    |                                                              ^^^^^^^^^^^^^^^^^^^^^^^^^^
    |
help: remove the unnecessary path segments
    |
130 -             std::mem::size_of::<Slot<NID>>().checked_add(2 * std::mem::size_of::<usize>())?,
130 +             std::mem::size_of::<Slot<NID>>().checked_add(2 * size_of::<usize>())?,
    |

error: unnecessary qualification
   --> openraft/src/storage/capacity.rs:132:32
    |
132 |         let state = allocation(std::mem::size_of::<State<NID>>())?;
    |                                ^^^^^^^^^^^^^^^^^^^^^^^^^^^^^^^
    |
help: remove the unnecessary path segments
    |
132 -         let state = allocation(std::mem::size_of::<State<NID>>())?;
132 +         let state = allocation(size_of::<State<NID>>())?;
    |

error: could not compile `openraft` (lib test) due to 4 previous errors
Runner: 13.86s; exit=101; matching=1565/1565
