
running 21 tests
test state::mutation_apply::tests::metadata_publication_covers_forward_and_replayed_positions ... ok
test state::mutation_apply::tests::revision_only_audit_exhaustion_waits_for_publication ... ok
test staged_terminal::tests::durable_future_row_is_invisible_and_only_exact_original_replay_can_reuse_it ... FAILED
test staged_terminal::tests::encrypted_reopen_keeps_unapplied_terminal_rows_hidden_until_exact_replay ... FAILED
test mutation_receipt::tests::encrypted_reopen_keeps_unapplied_receipt_rows_hidden_until_exact_replay ... FAILED
test state::mutation_apply::tests::verified_point_history_crosses_former_count_limit_before_a_real_new_mutation ... ignored, explicit permanent-receipt capacity cohort; streams 100,000 encrypted point rows
test mutation_receipt::tests::durable_future_row_is_invisible_and_only_exact_original_replay_can_reuse_it ... FAILED
test state::mutation_apply::tests::terminal_reservation_covers_error_codes_escaped_versions_and_counter_widths ... ok
test state::recovery::publication_tests::rejected_recovery_waits_for_publication_and_retries_exact_response ... ok
test state::mutation_apply::tests::deterministic_rejection_waits_for_publication ... ok
test state::mutation_apply::tests::command_publication_keeps_candidate_private_until_commit ... ok
test state::mutation_apply::tests::failed_publication_keeps_staged_receipt_hidden_until_exact_retry ... ok
test state::mutation_apply::tests::hot_audit_exhaustion_cannot_rewrite_original_or_admit_a_new_identity ... ok
test state::mutation_apply::tests::text_materialization_failure_is_outer_and_does_not_select_a_receipt ... ok
test state::mutation_apply::tests::snapshot_quota_rejection_preserves_text_writer_and_original_receipts ... ok
test staged_terminal::tests::fixture_staging_reuses_only_complete_exact_pairs ... ok
test mutation_receipt::tests::fixture_staging_reuses_only_complete_exact_pairs ... ok
test state::mutation_apply::tests::admitted_failure_survives_byte_exhaustion_expansion_and_snapshot_replay ... ok
test state::tenant_audit::tests::failed_prune_publication_keeps_selected_prefix_and_replays_staged_archive ... FAILED
test state::mutation_apply::tests::invalid_index_inputs_remain_deterministic_rejections_before_text_materialization ... ok
test state::mutation_apply::tests::recovery_seal_two_writes_three_reads_are_atomic_and_replay_original_receipts ... ok

failures:

---- staged_terminal::tests::durable_future_row_is_invisible_and_only_exact_original_replay_can_reuse_it stdout ----

thread 'staged_terminal::tests::durable_future_row_is_invisible_and_only_exact_original_replay_can_reuse_it' (5600127) panicked at crates/kasumi-engine/src/staged_terminal_tests.rs:177:10:
called `Result::unwrap()` on an `Err` value: scratch table setup failed: storage capacity denied

Caused by:
    0: storage capacity denied
    1: storage capacity denied
    2: storage capacity denied
note: run with `RUST_BACKTRACE=1` environment variable to display a backtrace

---- staged_terminal::tests::encrypted_reopen_keeps_unapplied_terminal_rows_hidden_until_exact_replay stdout ----

thread 'staged_terminal::tests::encrypted_reopen_keeps_unapplied_terminal_rows_hidden_until_exact_replay' (5600128) panicked at crates/kasumi-engine/src/staged_terminal_tests.rs:177:10:
called `Result::unwrap()` on an `Err` value: scratch table setup failed: storage capacity denied

Caused by:
    0: storage capacity denied
    1: storage capacity denied
    2: storage capacity denied

---- mutation_receipt::tests::encrypted_reopen_keeps_unapplied_receipt_rows_hidden_until_exact_replay stdout ----

thread 'mutation_receipt::tests::encrypted_reopen_keeps_unapplied_receipt_rows_hidden_until_exact_replay' (5600125) panicked at crates/kasumi-engine/src/mutation_receipt_tests.rs:157:10:
called `Result::unwrap()` on an `Err` value: scratch table setup failed: storage capacity denied

Caused by:
    0: storage capacity denied
    1: storage capacity denied
    2: storage capacity denied

---- mutation_receipt::tests::durable_future_row_is_invisible_and_only_exact_original_replay_can_reuse_it stdout ----

thread 'mutation_receipt::tests::durable_future_row_is_invisible_and_only_exact_original_replay_can_reuse_it' (5600124) panicked at crates/kasumi-engine/src/mutation_receipt_tests.rs:157:10:
called `Result::unwrap()` on an `Err` value: scratch table setup failed: storage capacity denied

Caused by:
    0: storage capacity denied
    1: storage capacity denied
    2: storage capacity denied

---- state::tenant_audit::tests::failed_prune_publication_keeps_selected_prefix_and_replays_staged_archive stdout ----

thread 'state::tenant_audit::tests::failed_prune_publication_keeps_selected_prefix_and_replays_staged_archive' (5600578) panicked at crates/kasumi-engine/src/tenant_audit.rs:525:46:
called `Result::unwrap()` on an `Err` value: Error { code: Corruption, message: "scratch table setup failed: storage capacity denied" }


failures:
    mutation_receipt::tests::durable_future_row_is_invisible_and_only_exact_original_replay_can_reuse_it
    mutation_receipt::tests::encrypted_reopen_keeps_unapplied_receipt_rows_hidden_until_exact_replay
    staged_terminal::tests::durable_future_row_is_invisible_and_only_exact_original_replay_can_reuse_it
    staged_terminal::tests::encrypted_reopen_keeps_unapplied_terminal_rows_hidden_until_exact_replay
    state::tenant_audit::tests::failed_prune_publication_keeps_selected_prefix_and_replays_staged_archive

test result: FAILED. 15 passed; 5 failed; 1 ignored; 0 measured; 329 filtered out; finished in 4.98s

