Command: cargo test --locked --offline --config profile.test.package.kasumi-kv.opt-level=3 --config profile.test.package.sha2.opt-level=3 -p kasumi-kv -p kasumi-store -p kasumi-engine --all-features --lib --no-fail-fast -- physical_identity_ primary_ordered_edits_ primary_index_stage_ primary_index_inventory_exact_ primary_query_deferred_source_ image_inventory_ selected_sources_actual_snapshot_install_and_encrypted_reopen_preserve_identity --nocapture
ISOLATED_SOURCE=/tmp/kasumi-source-cohort-validation-v1
CARGO_TARGET_DIR=/Users/takemiyamakoto/dev/kasumi/target/disk-backed-cache
warning: field `database` is never read
  --> crates/kasumi-store/src/storage_opening/publication.rs:58:5
   |
55 | struct PublicationRequest {
   |        ------------------ field in this struct
...
58 |     database: StorageRegistration<DatabaseOwner>,
   |     ^^^^^^^^
   |
   = note: `#[warn(dead_code)]` (part of `#[warn(unused)]`) on by default

warning: `kasumi-store` (lib) generated 1 warning
warning: method `last_sm_seq` is never used
  --> vendor/openraft-0.9.25/openraft/src/engine/engine_output.rs:35:19
   |
24 | / impl<C> EngineOutput<C>
25 | | where
26 | |     C: RaftTypeConfig,
   | |______________________- method in this implementation
...
35 |       pub(crate) fn last_sm_seq(&self) -> CommandSeq {
   |                     ^^^^^^^^^^^
   |
   = note: `#[warn(dead_code)]` (part of `#[warn(unused)]`) on by default

warning: method `accept_vote` is never used
  --> vendor/openraft-0.9.25/openraft/src/engine/handler/vote_handler/mod.rs:58:19
   |
45 | / impl<C> VoteHandler<'_, C>
46 | | where
47 | |     C: RaftTypeConfig,
   | |______________________- method in this implementation
...
58 |       pub(crate) fn accept_vote<T, E, F>(
   |                     ^^^^^^^^^^^

warning: `openraft` (lib) generated 2 warnings
warning: field `0` is never read
  --> crates/kasumi-raft/src/owned_prepared_restore.rs:25:33
   |
25 | struct CandidateRetirementPanic(std::sync::Mutex<Box<dyn std::any::Any + Send>>);
   |        ------------------------ ^^^^^^^^^^^^^^^^^^^^^^^^^^^^^^^^^^^^^^^^^^^^^^^
   |        |
   |        field in this struct
   |
   = help: consider removing this field
   = note: `#[warn(dead_code)]` (part of `#[warn(unused)]`) on by default

warning: method `prepared_snapshot_publication` is never used
   --> crates/kasumi-raft/src/custody_machine.rs:235:19
    |
135 | impl CustodyMachine {
    | ------------------- method in this implementation
...
235 |     pub(crate) fn prepared_snapshot_publication(
    |                   ^^^^^^^^^^^^^^^^^^^^^^^^^^^^^

warning: method `publish` is never used
   --> crates/kasumi-raft/src/custody_snapshot_preparation.rs:298:19
    |
188 | impl PreparedCustodySnapshotPublication {
    | --------------------------------------- method in this implementation
...
298 |     pub(crate) fn publish(&mut self, control: &OwnedControlGuard) -> Result<()> {
    |                   ^^^^^^^

warning: field `0` is never read
   --> crates/kasumi-raft/src/custody_snapshot_preparation.rs:382:32
    |
382 | struct SnapshotRetirementPanic(std::sync::Mutex<Box<dyn std::any::Any + Send>>);
    |        ----------------------- ^^^^^^^^^^^^^^^^^^^^^^^^^^^^^^^^^^^^^^^^^^^^^^^
    |        |
    |        field in this struct
    |
    = help: consider removing this field

warning: field `0` is never read
   --> crates/kasumi-raft/src/lifetime.rs:249:17
    |
249 |     Application(StorageHandle<kasumi_store::TenantStorageSet>),
    |     ----------- ^^^^^^^^^^^^^^^^^^^^^^^^^^^^^^^^^^^^^^^^^^^^^
    |     |
    |     field in this variant
    |
help: consider changing the field to be of unit type to suppress this warning while preserving the field numbering, or remove the field
    |
249 -     Application(StorageHandle<kasumi_store::TenantStorageSet>),
249 +     Application(()),
    |

warning: field `0` is never read
   --> crates/kasumi-raft/src/lifetime.rs:250:13
    |
250 |     Custody(StorageHandle<kasumi_store::CustodyStore>),
    |     ------- ^^^^^^^^^^^^^^^^^^^^^^^^^^^^^^^^^^^^^^^^^
    |     |
    |     field in this variant
    |
help: consider changing the field to be of unit type to suppress this warning while preserving the field numbering, or remove the field
    |
250 -     Custody(StorageHandle<kasumi_store::CustodyStore>),
250 +     Custody(()),
    |

warning: associated function `new` is never used
  --> crates/kasumi-raft/src/snapshot_buffer/prepared_child.rs:84:8
   |
83 | impl PreparedChild {
   | ------------------ associated function in this implementation
84 |     fn new(body: PreparedSnapshotBody) -> Self {
   |        ^^^

warning: field `0` is never read
   --> crates/kasumi-raft/src/snapshot_buffer/prepared_child.rs:307:19
    |
307 | struct ChildPanic(Mutex<Box<dyn std::any::Any + Send>>);
    |        ---------- ^^^^^^^^^^^^^^^^^^^^^^^^^^^^^^^^^^^^
    |        |
    |        field in this struct
    |
    = help: consider removing this field

warning: methods `begin_prepared_body` and `cancel_body` are never used
   --> crates/kasumi-raft/src/snapshot_buffer/prepared_child.rs:406:19
    |
320 | impl SnapshotBuffer {
    | ------------------- methods in this implementation
...
406 |     pub(crate) fn begin_prepared_body(
    |                   ^^^^^^^^^^^^^^^^^^^
...
470 |     pub(crate) async fn cancel_body(&mut self) -> DrainResult {
    |                         ^^^^^^^^^^^

warning: method `prepare_engine_publication` is never used
    --> crates/kasumi-raft/src/storage.rs:1121:19
     |
1083 | impl PendingSnapshot {
     | -------------------- method in this implementation
...
1121 |     pub(crate) fn prepare_engine_publication<'backend>(
     |                   ^^^^^^^^^^^^^^^^^^^^^^^^^^

warning: enum `SnapshotPublicationPhase` is never used
    --> crates/kasumi-raft/src/storage.rs:1175:6
     |
1175 | enum SnapshotPublicationPhase {
     |      ^^^^^^^^^^^^^^^^^^^^^^^^

warning: struct `PreparedEngineSnapshotPublication` is never constructed
    --> crates/kasumi-raft/src/storage.rs:1181:19
     |
1181 | pub(crate) struct PreparedEngineSnapshotPublication<'backend> {
     |                   ^^^^^^^^^^^^^^^^^^^^^^^^^^^^^^^^^

warning: methods `source` and `publish` are never used
    --> crates/kasumi-raft/src/storage.rs:1191:19
     |
1190 | impl PreparedEngineSnapshotPublication<'_> {
     | ------------------------------------------ methods in this implementation
1191 |     pub(crate) fn source(&self) -> &crate::PreparedSnapshotSourceEnvelope {
     |                   ^^^^^^
...
1194 |     pub(crate) fn publish(&mut self, domains: &TenantStorageSet) -> Result<()> {
     |                   ^^^^^^^

warning: method `context` is never used
   --> crates/kasumi-raft/src/storage/snapshot_conflict.rs:403:19
    |
134 | impl PreparedSnapshotConflict {
    | ----------------------------- method in this implementation
...
403 |     pub(crate) fn context(&self) -> &SnapshotAcceptanceContext<u64> {
    |                   ^^^^^^^

warning: method `source` is never used
   --> crates/kasumi-raft/src/storage/owned_snapshot_body.rs:328:19
    |
 59 | impl PreparedApplicationSnapshot {
    | -------------------------------- method in this implementation
...
328 |     pub(crate) fn source(&self) -> Option<&crate::PreparedSnapshotSourceEnvelope> {
    |                   ^^^^^^

warning: field `0` is never read
   --> crates/kasumi-raft/src/storage/owned_snapshot_body.rs:770:32
    |
770 | struct SnapshotRetirementPanic(std::sync::Mutex<Box<dyn std::any::Any + Send>>);
    |        ----------------------- ^^^^^^^^^^^^^^^^^^^^^^^^^^^^^^^^^^^^^^^^^^^^^^^
    |        |
    |        field in this struct
    |
    = help: consider removing this field

warning: methods `log` and `expected` are never used
   --> crates/kasumi-raft/src/storage/snapshot_seed.rs:461:19
    |
132 | impl SnapshotSeed {
    | ----------------- methods in this implementation
...
461 |     pub(crate) fn log(&self) -> &LogStore {
    |                   ^^^
...
464 |     pub(crate) fn expected(&self) -> &SnapshotMeta<u64, BasicNode> {
    |                   ^^^^^^^^

warning: `kasumi-raft` (lib) generated 17 warnings
warning: methods `prepare` and `prepare_kind` are never used
   --> crates/kasumi-engine/src/application_sources.rs:760:19
    |
652 | impl SourceRootsRef {
    | ------------------- methods in this implementation
...
760 |     pub(crate) fn prepare(&self) -> Result<RootPreparation> {
    |                   ^^^^^^^
...
799 |     fn prepare_kind(&self, canonical: bool) -> Result<RootPreparation> {
    |        ^^^^^^^^^^^^
    |
    = note: `#[warn(dead_code)]` (part of `#[warn(unused)]`) on by default

warning: `kasumi-engine` (lib) generated 1 warning
   Compiling kasumi-engine v0.1.0 (/private/tmp/kasumi-source-cohort-validation-v1/crates/kasumi-engine)
warning: `kasumi-store` (lib test) generated 1 warning (1 duplicate)
warning: unused imports: `EditedCollection`, `OrderedEditFailure`, `PrimaryPublicationInventory`, and `VerifiedOrderedEdits`
   --> crates/kasumi-engine/src/primary_stage_cow.rs:460:5
    |
460 |     EditedCollection, OrderedEditFailure, PendingOrderedEdits, PrimaryPublicationInventory,
    |     ^^^^^^^^^^^^^^^^  ^^^^^^^^^^^^^^^^^^                       ^^^^^^^^^^^^^^^^^^^^^^^^^^^
461 |     VerifiedOrderedEdits,
    |     ^^^^^^^^^^^^^^^^^^^^
    |
    = note: `#[warn(unused_imports)]` (part of `#[warn(unused)]`) on by default

warning: unused import: `QueryWorkspace`
   --> crates/kasumi-engine/src/query_source_work.rs:219:37
    |
219 |     use kasumi_query::{QueryMemory, QueryWorkspace};
    |                                     ^^^^^^^^^^^^^^

warning: unused import: `AcceptedPublicationInventory`
   --> crates/kasumi-engine/src/primary_projection.rs:208:5
    |
208 |     AcceptedPublicationInventory, CollectionAction, CollectionPublication, DocumentChange,
    |     ^^^^^^^^^^^^^^^^^^^^^^^^^^^^

warning: unused imports: `AcceptedIndexEdits` and `IndexChange`
   --> crates/kasumi-engine/src/primary_projection.rs:212:5
    |
212 |     AcceptedIndexEdits, FieldSlot, IndexChange, IndexInputFailure, IndexOperation, IndexRole,
    |     ^^^^^^^^^^^^^^^^^^             ^^^^^^^^^^^

warning: method `proposed` is never used
  --> crates/kasumi-engine/src/primary_stage_ordered.rs:43:19
   |
27 | impl EditedCollection {
   | --------------------- method in this implementation
...
43 |     pub(crate) fn proposed(&self) -> Option<(Manifest, ManifestRef)> {
   |                   ^^^^^^^^
   |
   = note: `#[warn(dead_code)]` (part of `#[warn(unused)]`) on by default

warning: field `resources` is never read
   --> crates/kasumi-engine/src/primary_stage_ordered.rs:135:5
    |
133 | pub(crate) struct OrderedEditFailure<'guard, 'engine> {
    |                   ------------------ field in this struct
134 |     original: anyhow::Error,
135 |     resources: OrderedResources<'guard, 'engine>,
    |     ^^^^^^^^^

warning: method `attempt` is never used
  --> crates/kasumi-engine/src/primary_stage_ordered_verify.rs:13:19
   |
 9 | impl<'guard, 'engine> VerifiedOrderedEdits<'guard, 'engine> {
   | ----------------------------------------------------------- method in this implementation
...
13 |     pub(crate) fn attempt(&self) -> Attempt {
   |                   ^^^^^^^

warning: method `request_cache_refill` is never used
  --> crates/kasumi-engine/src/primary_cache_warm.rs:45:19
   |
30 | impl SelectedPrimary {
   | -------------------- method in this implementation
...
45 |     pub(crate) fn request_cache_refill(self) -> std::result::Result<Self, ReadFailure> {
   |                   ^^^^^^^^^^^^^^^^^^^^

warning: methods `warm_batch` and `request_cache_refill` are never used
   --> crates/kasumi-engine/src/primary_document_source.rs:139:19
    |
 81 | impl PrimaryDocumentSource {
    | -------------------------- methods in this implementation
...
139 |     pub(crate) fn warm_batch(
    |                   ^^^^^^^^^^
...
146 |     pub(crate) fn request_cache_refill(&self) -> ReadResult<(), ReadFailure> {
    |                   ^^^^^^^^^^^^^^^^^^^^

warning: `kasumi-engine` (lib test) generated 9 warnings (run `cargo fix --lib -p kasumi-engine --tests` to apply 4 suggestions)
    Finished `test` profile [unoptimized + debuginfo] target(s) in 43.81s
     Running unittests src/lib.rs (/Users/takemiyamakoto/dev/kasumi/target/disk-backed-cache/debug/deps/kasumi_engine-692600cc2115a508)

running 23 tests
Error: test primary decode: Length
test application_sources::tests::primary_stage_tests::index_objects::primary_index_inventory_exact_kinds_widths_and_prefixes ... FAILED
test primary_tree::stage::cow::ordered::primary_ordered_edits_child_rejects_generation_newer_than_actual_parent ... ok
test application_sources::tests::primary_stage_tests::index_objects::primary_index_stage_partial_original_attempt_resumes_exact_chunk_cleanup ... ok
test application_sources::tests::primary_read_tests::primary_query_deferred_source_runs_under_actual_snapshot_worker ... ok
test state::primary_projection::tests::ordered_tests::primary_ordered_edits_actual_archived_definition_rebuild_is_refused_before_staging ... ok
test application_sources::tests::primary_read_tests::primary_query_deferred_source_entered_fork_failure_keeps_original_after_cleanup ... ok
test application_sources::tests::primary_read_tests::primary_query_deferred_source_cancellation_never_enters_native_acquisition ... ok
test state::primary_projection::tests::ordered_tests::primary_ordered_edits_actual_metadata_generation_preserves_graph_without_objects ... ok
test state::primary_projection::tests::ordered_tests::primary_ordered_edits_actual_archive_transition_preserves_version_epoch_and_canonical_dto ... ok
test state::primary_projection::tests::ordered_tests::primary_ordered_edits_partial_staging_retains_original_and_aborts_without_old_source_changes ... ok
test state::primary_projection::tests::ordered_tests::primary_ordered_edits_actual_create_uses_verified_referenced_catalog_and_preserves_old_roots ... ok
test bootstrap::existing_replicated_tests::one_sided_physical_identity_fault_after_pin_rejects_existing_reopen ... ok
test application_sources::tests::primary_stage_tests::index_objects::primary_index_stage_real_key_page_catalog_and_pinned_abort ... ok
test application_sources::tests::selected_sources_actual_snapshot_install_and_encrypted_reopen_preserve_identity ... ok
test state::primary_projection::tests::ordered_tests::primary_ordered_edits_verifier_retains_original_callback_and_exact_pending_owner ... ok
test state::primary_projection::tests::ordered_tests::primary_ordered_edits_referenced_catalog_partial_failure_keeps_original_and_aborts ... ok
test state::primary_projection::tests::ordered_tests::primary_ordered_edits_actual_schema_rebuilds_each_accepted_collection_in_one_attempt ... ok
test state::primary_projection::tests::ordered_tests::primary_ordered_edits_referenced_catalog_rejects_forged_preserved_mapping ... ok
test state::primary_projection::tests::ordered_tests::primary_ordered_edits_verified_graph_rejects_actual_payload_and_retire_tampering ... ok
test state::primary_projection::tests::ordered_tests::primary_ordered_edits_rebuild_verifier_rejects_definition_and_whole_retire_tampering ... ok
test state::primary_projection::tests::ordered_tests::primary_ordered_edits_actual_replace_rebuilds_full_rows_and_retires_exact_old_graph has been running for over 60 seconds
test state::primary_projection::tests::ordered_tests::primary_ordered_edits_empty_root_insert_split_and_delete_to_empty has been running for over 60 seconds
test state::primary_projection::tests::ordered_tests::primary_ordered_edits_multiple_collections_preserve_exact_untouched_subtree has been running for over 60 seconds
test state::primary_projection::tests::ordered_tests::primary_ordered_edits_multiple_collections_preserve_exact_untouched_subtree ... ok
test state::primary_projection::tests::ordered_tests::primary_ordered_edits_actual_replace_rebuilds_full_rows_and_retires_exact_old_graph ... ok
test state::primary_projection::tests::ordered_tests::primary_ordered_edits_empty_root_insert_split_and_delete_to_empty ... ok

failures:

failures:
    application_sources::tests::primary_stage_tests::index_objects::primary_index_inventory_exact_kinds_widths_and_prefixes

test result: FAILED. 22 passed; 1 failed; 0 ignored; 0 measured; 729 filtered out; finished in 108.75s

error: test failed, to rerun pass `-p kasumi-engine --lib`
     Running unittests src/lib.rs (/Users/takemiyamakoto/dev/kasumi/target/disk-backed-cache/debug/deps/kasumi_kv-221aa5373d25965b)

running 8 tests
test publication_inventory::image::tests::image_inventory_rejects_noncanonical_encodings_and_forged_valid_shape_totals ... ok
test publication_inventory::image::tests::image_inventory_one_visible_boundary_binds_chunks_and_quotes_all_native_markers ... ok
test page_cache::tests::exact_physical_identity_and_owner_scope_never_alias ... ok
test publication_inventory::image::tests::image_inventory_exact_chunk_digest_rejects_reorder_duplicate_and_tombstone_changes ... ok
test publication_inventory::image::tests::image_inventory_mixed_sequence_preserves_order_and_one_chunk_workspace ... ok
test publication_inventory::image::tests::image_inventory_streams_more_than_one_hundred_thousand_rows_in_bounded_chunks ... ok
test publication_inventory::image::tests::image_inventory_preserves_invalid_record_refusal_without_closing_or_changing_chunk ... ok
test publication_inventory::image::tests::image_inventory_crosses_byte_limit_without_raising_any_record_or_chunk_limit ... ok

test result: ok. 8 passed; 0 failed; 0 ignored; 0 measured; 584 filtered out; finished in 0.36s

     Running unittests src/lib.rs (/Users/takemiyamakoto/dev/kasumi/target/disk-backed-cache/debug/deps/kasumi_store-4ef75ebdc018c368)

running 3 tests
test storage_opening::tests::physical_identity_does_not_wait_for_opening_state_during_publication ... ok
test storage_opening::tests::physical_identity_requires_actual_open_and_refuses_sealed_owner ... ok
test storage_domains::tests::pinned_bootstrap_view_survives_coherent_physical_identity_replacement ... ok

test result: ok. 3 passed; 0 failed; 0 ignored; 0 measured; 761 filtered out; finished in 1.12s

error: 1 target failed:
    `-p kasumi-engine --lib`
Runner: 154.14s; exit=101; matching=1654/1654
