Command: python3 -m unittest discover -s scripts -p test_*.py
CARGO_TARGET_DIR=target/disk-backed-cache
.................................................running raw-1
running local-1
running replicated-1
running text-1
running network-1
/private/var/folders/7l/w31n0ppj4zg874c4szhllss00000gn/T/kasumi-matrix-test-8s7149dl/results/capacity.json
.................................................................................................................................................................................................................E......E.........E..........
======================================================================
ERROR: test_attempt_census_rejects_unfinished_and_aliased_entries (test_verify_release_acceptance.AcceptanceTests.test_attempt_census_rejects_unfinished_and_aliased_entries)
----------------------------------------------------------------------
Traceback (most recent call last):
  File "/Users/takemiyamakoto/dev/kasumi/scripts/test_verify_release_acceptance.py", line 861, in test_attempt_census_rejects_unfinished_and_aliased_entries
    _, original = self.indexed_attempt("failed-1", [process])
                  ~~~~~~~~~~~~~~~~~~~~^^^^^^^^^^^^^^^^^^^^^^^
  File "/Users/takemiyamakoto/dev/kasumi/scripts/test_verify_release_acceptance.py", line 42, in indexed_attempt
    attempt_index.begin(self.root, attempt_id, "repeatable-assembly", output, started)
    ~~~~~~~~~~~~~~~~~~~^^^^^^^^^^^^^^^^^^^^^^^^^^^^^^^^^^^^^^^^^^^^^^^^^^^^^^^^^^^^^^^
  File "/Users/takemiyamakoto/dev/kasumi/scripts/attempt_index.py", line 545, in begin
    with locked_index(root) as (root, attempts, descriptor, journal):
         ~~~~~~~~~~~~^^^^^^
  File "/opt/homebrew/Cellar/python@3.14/3.14.7/Frameworks/Python.framework/Versions/3.14/lib/python3.14/contextlib.py", line 141, in __enter__
    return next(self.gen)
  File "/Users/takemiyamakoto/dev/kasumi/scripts/attempt_index.py", line 434, in locked_index
    require(not attempts.is_symlink() and attempts.is_dir(), "attempt namespace is absent or aliased")
    ~~~~~~~^^^^^^^^^^^^^^^^^^^^^^^^^^^^^^^^^^^^^^^^^^^^^^^^^^^^^^^^^^^^^^^^^^^^^^^^^^^^^^^^^^^^^^^^^^^
  File "/Users/takemiyamakoto/dev/kasumi/scripts/attempt_index.py", line 90, in require
    raise ValueError(message)
ValueError: attempt namespace is absent or aliased

======================================================================
ERROR: test_failure_history_is_preserved_and_cannot_be_selected_as_success (test_verify_release_acceptance.AcceptanceTests.test_failure_history_is_preserved_and_cannot_be_selected_as_success)
----------------------------------------------------------------------
Traceback (most recent call last):
  File "/Users/takemiyamakoto/dev/kasumi/scripts/test_verify_release_acceptance.py", line 844, in test_failure_history_is_preserved_and_cannot_be_selected_as_success
    evidence, ref = self.indexed_attempt("failed-1", [process])
                    ~~~~~~~~~~~~~~~~~~~~^^^^^^^^^^^^^^^^^^^^^^^
  File "/Users/takemiyamakoto/dev/kasumi/scripts/test_verify_release_acceptance.py", line 42, in indexed_attempt
    attempt_index.begin(self.root, attempt_id, "repeatable-assembly", output, started)
    ~~~~~~~~~~~~~~~~~~~^^^^^^^^^^^^^^^^^^^^^^^^^^^^^^^^^^^^^^^^^^^^^^^^^^^^^^^^^^^^^^^
  File "/Users/takemiyamakoto/dev/kasumi/scripts/attempt_index.py", line 545, in begin
    with locked_index(root) as (root, attempts, descriptor, journal):
         ~~~~~~~~~~~~^^^^^^
  File "/opt/homebrew/Cellar/python@3.14/3.14.7/Frameworks/Python.framework/Versions/3.14/lib/python3.14/contextlib.py", line 141, in __enter__
    return next(self.gen)
  File "/Users/takemiyamakoto/dev/kasumi/scripts/attempt_index.py", line 434, in locked_index
    require(not attempts.is_symlink() and attempts.is_dir(), "attempt namespace is absent or aliased")
    ~~~~~~~^^^^^^^^^^^^^^^^^^^^^^^^^^^^^^^^^^^^^^^^^^^^^^^^^^^^^^^^^^^^^^^^^^^^^^^^^^^^^^^^^^^^^^^^^^^
  File "/Users/takemiyamakoto/dev/kasumi/scripts/attempt_index.py", line 90, in require
    raise ValueError(message)
ValueError: attempt namespace is absent or aliased

======================================================================
ERROR: test_missing_native_attempt_index_rejects_acceptance (test_verify_release_acceptance.AcceptanceTests.test_missing_native_attempt_index_rejects_acceptance)
----------------------------------------------------------------------
Traceback (most recent call last):
  File "/Users/takemiyamakoto/dev/kasumi/scripts/test_verify_release_acceptance.py", line 923, in test_missing_native_attempt_index_rejects_acceptance
    _, ref = self.indexed_attempt("failed-1", [process])
             ~~~~~~~~~~~~~~~~~~~~^^^^^^^^^^^^^^^^^^^^^^^
  File "/Users/takemiyamakoto/dev/kasumi/scripts/test_verify_release_acceptance.py", line 42, in indexed_attempt
    attempt_index.begin(self.root, attempt_id, "repeatable-assembly", output, started)
    ~~~~~~~~~~~~~~~~~~~^^^^^^^^^^^^^^^^^^^^^^^^^^^^^^^^^^^^^^^^^^^^^^^^^^^^^^^^^^^^^^^
  File "/Users/takemiyamakoto/dev/kasumi/scripts/attempt_index.py", line 545, in begin
    with locked_index(root) as (root, attempts, descriptor, journal):
         ~~~~~~~~~~~~^^^^^^
  File "/opt/homebrew/Cellar/python@3.14/3.14.7/Frameworks/Python.framework/Versions/3.14/lib/python3.14/contextlib.py", line 141, in __enter__
    return next(self.gen)
  File "/Users/takemiyamakoto/dev/kasumi/scripts/attempt_index.py", line 434, in locked_index
    require(not attempts.is_symlink() and attempts.is_dir(), "attempt namespace is absent or aliased")
    ~~~~~~~^^^^^^^^^^^^^^^^^^^^^^^^^^^^^^^^^^^^^^^^^^^^^^^^^^^^^^^^^^^^^^^^^^^^^^^^^^^^^^^^^^^^^^^^^^^
  File "/Users/takemiyamakoto/dev/kasumi/scripts/attempt_index.py", line 90, in require
    raise ValueError(message)
ValueError: attempt namespace is absent or aliased

----------------------------------------------------------------------
Ran 286 tests in 87.657s

FAILED (errors=3)
/private/var/folders/7l/w31n0ppj4zg874c4szhllss00000gn/T/kasumi-matrix-test-8s7149dl/results/matrix.json
Native functional acceptance host recorded
Runner: 88.47s; exit=1; matching=765/765
