Command: cargo test --locked --offline --config profile.test.package.kasumi-kv.opt-level=3 --config profile.test.package.sha2.opt-level=3 -p kasumi-raft --all-features --lib -- canonical_control_ --nocapture
ISOLATED_SOURCE=/tmp/kasumi-source-cohort-validation-v1
CARGO_TARGET_DIR=/Users/takemiyamakoto/dev/kasumi/target/disk-backed-cache
   Compiling tokio v1.53.1
   Compiling serde_json v1.0.151 (/private/tmp/kasumi-source-cohort-validation-v1/vendor/serde_json-1.0.151)
   Compiling kasumi-types v0.1.0 (/private/tmp/kasumi-source-cohort-validation-v1/crates/kasumi-types)
   Compiling tokio-util v0.7.19
   Compiling tokio-rustls v0.26.5
   Compiling tokio-stream v0.1.19
   Compiling openraft v0.9.25 (/private/tmp/kasumi-source-cohort-validation-v1/vendor/openraft-0.9.25/openraft)
   Compiling h2 v0.4.19
   Compiling tower v0.5.3
   Compiling tower-http v0.6.11
   Compiling hyper v1.11.1
   Compiling hyper-util v0.1.20
   Compiling kasumi-serving v0.1.0 (/private/tmp/kasumi-source-cohort-validation-v1/crates/kasumi-serving)
   Compiling hyper-timeout v0.5.2
   Compiling hyper-rustls v0.27.9
   Compiling tonic v0.14.6
   Compiling reqwest v0.12.28
   Compiling kasumi-transport v0.1.0 (/private/tmp/kasumi-source-cohort-validation-v1/crates/kasumi-transport)
   Compiling kasumi-store v0.1.0 (/private/tmp/kasumi-source-cohort-validation-v1/crates/kasumi-store)
   Compiling kasumi-raft v0.1.0 (/private/tmp/kasumi-source-cohort-validation-v1/crates/kasumi-raft)
    Finished `test` profile [unoptimized + debuginfo] target(s) in 33.71s
     Running unittests src/lib.rs (/Users/takemiyamakoto/dev/kasumi/target/disk-backed-cache/debug/deps/kasumi_raft-322a2bc95e307dbb)

running 4 tests

thread 'storage::control_gate::tests::canonical_control_owned_and_borrowed_unwind_poison_same_gate' (25099871) panicked at crates/kasumi-raft/src/storage/control_gate_tests.rs:51:21:
borrowed publication interrupted
note: run with `RUST_BACKTRACE=1` environment variable to display a backtrace

thread 'storage::control_gate::tests::canonical_control_owned_and_borrowed_unwind_poison_same_gate' (25099871) panicked at crates/kasumi-raft/src/storage/control_gate_tests.rs:48:21:
owned publication interrupted
test storage::control_gate::tests::canonical_control_owned_and_borrowed_unwind_poison_same_gate ... ok
test storage::control_gate::tests::canonical_control_quote_covers_constructor_real_wait_and_retirement ... ok
test storage::control_gate::tests::canonical_control_owned_permit_moves_without_allocation_and_excludes_borrowed_writer ... ok
test storage::control_gate::tests::canonical_control_owned_permit_uses_actual_store_registry ... ok

test result: ok. 4 passed; 0 failed; 0 ignored; 0 measured; 197 filtered out; finished in 0.03s

Runner: 33.80s; exit=0; matching=1567/1567
