Command: cargo test --locked --offline --config profile.test.package.kasumi-kv.opt-level=3 --config profile.test.package.sha2.opt-level=3 -p kasumi-kv -p kasumi-store -p kasumi-query -p kasumi-raft -p kasumi-engine -p kasumi-authority --all-features --lib --no-fail-fast -- primary_query_adapter_ selected_primary_ rejected_metadata_admission_returns_exact_selected_source_for_cleanup --nocapture
ISOLATED_SOURCE=/tmp/kasumi-source-cohort-validation-v1
CARGO_TARGET_DIR=/Users/takemiyamakoto/dev/kasumi/target/disk-backed-cache
warning: field `publication_generation` is never read
   --> crates/kasumi-store/src/node_disk.rs:446:5
    |
425 | struct State {
    |        ----- field in this struct
...
446 |     publication_generation: u64,
    |     ^^^^^^^^^^^^^^^^^^^^^^
    |
    = note: `#[warn(dead_code)]` (part of `#[warn(unused)]`) on by default

warning: method `reserve_publication_space` is never used
  --> crates/kasumi-store/src/node_disk/publication.rs:34:19
   |
29 | impl NodeDisk {
   | ------------- method in this implementation
...
34 |     pub(crate) fn reserve_publication_space(
   |                   ^^^^^^^^^^^^^^^^^^^^^^^^^

warning: methods `take_transaction`, `finish`, `cancel`, and `release` are never used
   --> crates/kasumi-store/src/node_disk/publication.rs:157:19
    |
133 | impl PublicationSpace {
    | --------------------- methods in this implementation
...
157 |     pub(crate) fn take_transaction(
    |                   ^^^^^^^^^^^^^^^^
...
219 |     pub(crate) fn finish(&mut self) -> io::Result<()> {
    |                   ^^^^^^
...
223 |     pub(crate) fn cancel(&mut self) -> io::Result<()> {
    |                   ^^^^^^
...
227 |     fn release(&mut self, pristine: bool) -> io::Result<()> {
    |        ^^^^^^^

warning: field `publication_generation` is never read
   --> crates/kasumi-store/src/node_file/segment_group.rs:274:5
    |
257 | struct Resources {
    |        --------- field in this struct
...
274 |     publication_generation: u64,
    |     ^^^^^^^^^^^^^^^^^^^^^^

warning: struct `PreparedGroupPublication` is never constructed
  --> crates/kasumi-store/src/node_file/segment_group/publication.rs:18:19
   |
18 | pub(crate) struct PreparedGroupPublication {
   |                   ^^^^^^^^^^^^^^^^^^^^^^^^

warning: methods `reserve_transaction`, `finish`, `cancel`, and `release` are never used
  --> crates/kasumi-store/src/node_file/segment_group/publication.rs:24:19
   |
23 | impl PreparedGroupPublication {
   | ----------------------------- methods in this implementation
24 |     pub(crate) fn reserve_transaction(&mut self, plan: &TransactionSpacePlan) -> io::Result<()> {
   |                   ^^^^^^^^^^^^^^^^^^^
...
31 |     pub(crate) fn finish(&mut self) -> io::Result<()> {
   |                   ^^^^^^
...
34 |     pub(crate) fn cancel(&mut self) -> io::Result<()> {
   |                   ^^^^^^
...
37 |     fn release(&mut self, pristine: bool) -> io::Result<()> {
   |        ^^^^^^^

warning: methods `prepare_publication_space` and `reserve_publication_transaction` are never used
   --> crates/kasumi-store/src/node_file/segment_group/publication.rs:85:19
    |
 81 | impl NodeSegmentGroup {
    | --------------------- methods in this implementation
...
 85 |     pub(crate) fn prepare_publication_space(
    |                   ^^^^^^^^^^^^^^^^^^^^^^^^^
...
139 |     fn reserve_publication_transaction(
    |        ^^^^^^^^^^^^^^^^^^^^^^^^^^^^^^^

warning: `kasumi-store` (lib) generated 7 warnings
warning: field `0` is never read
  --> crates/kasumi-raft/src/owned_prepared_restore.rs:24:33
   |
24 | struct CandidateRetirementPanic(std::sync::Mutex<Box<dyn std::any::Any + Send>>);
   |        ------------------------ ^^^^^^^^^^^^^^^^^^^^^^^^^^^^^^^^^^^^^^^^^^^^^^^
   |        |
   |        field in this struct
   |
   = help: consider removing this field
   = note: `#[warn(dead_code)]` (part of `#[warn(unused)]`) on by default

warning: methods `register_snapshot_capacity_waiter` and `prepare_snapshot` are never used
   --> crates/kasumi-raft/src/non_application_source_capacity.rs:93:19
    |
 92 | impl FixedProvider {
    | ------------------ methods in this implementation
 93 |     pub(crate) fn register_snapshot_capacity_waiter(&self, ready: &Waker) -> Result<()> {
    |                   ^^^^^^^^^^^^^^^^^^^^^^^^^^^^^^^^^
...
123 |     pub(crate) fn prepare_snapshot(&self) -> CapacityPreparation {
    |                   ^^^^^^^^^^^^^^^^

warning: variant `SnapshotPublication` is never constructed
  --> crates/kasumi-raft/src/selected_application/plan.rs:38:5
   |
33 | enum AppliedOrigin {
   |      ------------- variant in this enum
...
38 |     SnapshotPublication,
   |     ^^^^^^^^^^^^^^^^^^^
   |
   = note: `AppliedOrigin` has a derived impl for the trait `Clone`, but this is intentionally ignored during dead code analysis

warning: method `observe_snapshot_writes` is never used
   --> crates/kasumi-raft/src/selected_application/control_memory.rs:274:19
    |
263 | impl ControlMemory {
    | ------------------ method in this implementation
...
274 |     pub(super) fn observe_snapshot_writes(
    |                   ^^^^^^^^^^^^^^^^^^^^^^^

warning: associated functions `for_publication` and `at` are never used
  --> crates/kasumi-raft/src/selected_application/snapshot_source_envelope.rs:23:19
   |
18 | impl PreparedSnapshotSourceEnvelope {
   | ----------------------------------- associated functions in this implementation
...
23 |     pub(crate) fn for_publication(
   |                   ^^^^^^^^^^^^^^^
...
39 |     fn at(
   |        ^^

warning: function `write_effect` is never used
   --> crates/kasumi-raft/src/selected_application/snapshot_source_envelope.rs:235:4
    |
235 | fn write_effect<'a>(
    |    ^^^^^^^^^^^^

warning: function `prospective_bound` is never used
   --> crates/kasumi-raft/src/selected_application/snapshot_source_envelope.rs:253:4
    |
253 | fn prospective_bound(
    |    ^^^^^^^^^^^^^^^^^

warning: function `prospective_record` is never used
   --> crates/kasumi-raft/src/selected_application/snapshot_source_envelope.rs:279:4
    |
279 | fn prospective_record<'a>(
    |    ^^^^^^^^^^^^^^^^^^

warning: fields `joint_effects` and `context_identity` are never read
  --> crates/kasumi-raft/src/selected_application/closed_snapshot_source_envelope.rs:13:5
   |
10 | pub struct PreparedClosedSnapshotSourceEnvelope {
   |            ------------------------------------ fields in this struct
...
13 |     joint_effects: [u8; 32],
   |     ^^^^^^^^^^^^^
14 |     context_identity: [u8; 32],
   |     ^^^^^^^^^^^^^^^^
   |
   = note: `PreparedClosedSnapshotSourceEnvelope` has a derived impl for the trait `Clone`, but this is intentionally ignored during dead code analysis

warning: associated items `for_publication` and `require_producer` are never used
  --> crates/kasumi-raft/src/selected_application/closed_snapshot_source_envelope.rs:19:19
   |
18 | impl PreparedClosedSnapshotSourceEnvelope {
   | ----------------------------------------- associated items in this implementation
19 |     pub(crate) fn for_publication(
   |                   ^^^^^^^^^^^^^^^
...
60 |     pub(crate) fn require_producer(
   |                   ^^^^^^^^^^^^^^^^

warning: method `prepared_snapshot_publication` is never used
   --> crates/kasumi-raft/src/custody_machine.rs:168:19
    |
134 | impl CustodyMachine {
    | ------------------- method in this implementation
...
168 |     pub(crate) fn prepared_snapshot_publication(
    |                   ^^^^^^^^^^^^^^^^^^^^^^^^^^^^^

warning: field `0` is never read
   --> crates/kasumi-raft/src/custody_snapshot_preparation.rs:168:17
    |
168 |     Application(StorageHandle<TenantStorageSet>),
    |     ----------- ^^^^^^^^^^^^^^^^^^^^^^^^^^^^^^^
    |     |
    |     field in this variant
    |
    = note: `StoreOwner` has a derived impl for the trait `Clone`, but this is intentionally ignored during dead code analysis
help: consider changing the field to be of unit type to suppress this warning while preserving the field numbering, or remove the field
    |
168 -     Application(StorageHandle<TenantStorageSet>),
168 +     Application(()),
    |

warning: field `0` is never read
   --> crates/kasumi-raft/src/custody_snapshot_preparation.rs:169:13
    |
169 |     Custody(StorageHandle<CustodyStore>),
    |     ------- ^^^^^^^^^^^^^^^^^^^^^^^^^^^
    |     |
    |     field in this variant
    |
    = note: `StoreOwner` has a derived impl for the trait `Clone`, but this is intentionally ignored during dead code analysis
help: consider changing the field to be of unit type to suppress this warning while preserving the field numbering, or remove the field
    |
169 -     Custody(StorageHandle<CustodyStore>),
169 +     Custody(()),
    |

warning: method `custody` is never used
   --> crates/kasumi-raft/src/custody_snapshot_preparation.rs:172:8
    |
171 | impl StoreOwner {
    | --------------- method in this implementation
172 |     fn custody(&self) -> &CustodyStore {
    |        ^^^^^^^

warning: associated items `for_application`, `for_custody`, `prepare`, `prepared_application_writes`, `publish`, and `meta` are never used
   --> crates/kasumi-raft/src/custody_snapshot_preparation.rs:189:19
    |
188 | impl PreparedCustodySnapshotPublication {
    | --------------------------------------- associated items in this implementation
189 |     pub(crate) fn for_application(
    |                   ^^^^^^^^^^^^^^^
...
201 |     pub(crate) fn for_custody(
    |                   ^^^^^^^^^^^
...
215 |     pub(crate) fn prepare(
    |                   ^^^^^^^
...
228 |     pub(crate) fn prepared_application_writes(
    |                   ^^^^^^^^^^^^^^^^^^^^^^^^^^^
...
247 |     pub(crate) fn publish(&mut self, control: &OwnedControlGuard) -> Result<()> {
    |                   ^^^^^^^
...
257 |     pub(crate) fn meta(&self) -> &openraft::SnapshotMeta<u64, crate::BasicNode> {
    |                   ^^^^

warning: variant `Open` is never constructed
   --> crates/kasumi-raft/src/custody_snapshot_preparation.rs:327:5
    |
326 | enum ImageRetirement {
    |      --------------- variant in this enum
327 |     Open,
    |     ^^^^
    |
    = note: `ImageRetirement` has a derived impl for the trait `Debug`, but this is intentionally ignored during dead code analysis

warning: field `0` is never read
   --> crates/kasumi-raft/src/custody_snapshot_preparation.rs:331:32
    |
331 | struct SnapshotRetirementPanic(std::sync::Mutex<Box<dyn std::any::Any + Send>>);
    |        ----------------------- ^^^^^^^^^^^^^^^^^^^^^^^^^^^^^^^^^^^^^^^^^^^^^^^
    |        |
    |        field in this struct
    |
    = help: consider removing this field

warning: variants `Freezing`, `Prepared`, and `RetiringTransfer` are never constructed
  --> crates/kasumi-raft/src/snapshot_buffer.rs:36:5
   |
33 | enum Backing {
   |      ------- variants in this enum
...
36 |     Freezing(Option<Box<EncryptedSpool>>),
   |     ^^^^^^^^
37 |     Captured(SnapshotImage),
38 |     Prepared(prepared_child::PreparedChild),
   |     ^^^^^^^^
39 |     RetiringTransfer(prepared_child::TransferRetirement),
   |     ^^^^^^^^^^^^^^^^
   |
   = note: `Backing` has a derived impl for the trait `Debug`, but this is intentionally ignored during dead code analysis

warning: variants `Freeze` and `Install` are never constructed
  --> crates/kasumi-raft/src/snapshot_buffer.rs:45:5
   |
42 | enum Completion {
   |      ---------- variants in this enum
...
45 |     Freeze,
   |     ^^^^^^
...
48 |     Install(DrainResult),
   |     ^^^^^^^
   |
   = note: `Completion` has a derived impl for the trait `Debug`, but this is intentionally ignored during dead code analysis

warning: variants `Freeze`, `Prepare`, and `Install` are never constructed
  --> crates/kasumi-raft/src/snapshot_buffer.rs:55:5
   |
52 | enum Kind {
   |      ---- variants in this enum
...
55 |     Freeze,
   |     ^^^^^^
56 |     Prepare,
   |     ^^^^^^^
57 |     Retire,
58 |     Install,
   |     ^^^^^^^
   |
   = note: `Kind` has a derived impl for the trait `Debug`, but this is intentionally ignored during dead code analysis

warning: methods `prepare_fixed_snapshot_capacity` and `register_snapshot_capacity_waiter` are never used
   --> crates/kasumi-raft/src/snapshot_buffer.rs:423:19
    |
341 | impl SnapshotBufferOwner {
    | ------------------------ methods in this implementation
...
423 |     pub(crate) fn prepare_fixed_snapshot_capacity(
    |                   ^^^^^^^^^^^^^^^^^^^^^^^^^^^^^^^
...
643 |     pub(crate) fn register_snapshot_capacity_waiter(&self, ready: &Waker) -> anyhow::Result<()> {
    |                   ^^^^^^^^^^^^^^^^^^^^^^^^^^^^^^^^^

warning: method `prepare_image` is never used
    --> crates/kasumi-raft/src/snapshot_buffer.rs:1593:25
     |
1538 | impl SnapshotBuffer {
     | ------------------- method in this implementation
...
1593 |     pub(crate) async fn prepare_image(&mut self) -> io::Result<SnapshotImage> {
     |                         ^^^^^^^^^^^^^

warning: variants `Pending` and `Refused` are never constructed
  --> crates/kasumi-raft/src/snapshot_buffer/prepared_child.rs:13:5
   |
11 | pub(crate) enum PreparedSnapshotCapacity {
   |                 ------------------------ variants in this enum
12 |     Ready(openraft::storage::capacity::PreparedCapacity),
13 |     Pending,
   |     ^^^^^^^
14 |     Refused(Box<dyn std::error::Error + Send + Sync>),
   |     ^^^^^^^
   |
   = note: `PreparedSnapshotCapacity` has a derived impl for the trait `Debug`, but this is intentionally ignored during dead code analysis

warning: fields `prepare_entered` and `refused` are never read
  --> crates/kasumi-raft/src/snapshot_buffer/prepared_child.rs:76:5
   |
72 | pub(super) struct PreparedChild {
   |                   ------------- fields in this struct
...
76 |     prepare_entered: bool,
   |     ^^^^^^^^^^^^^^^
...
79 |     refused: Option<anyhow::Error>,
   |     ^^^^^^^
   |
   = note: `PreparedChild` has a derived impl for the trait `Debug`, but this is intentionally ignored during dead code analysis

warning: associated items `new`, `from_seed`, `prepare`, and `install` are never used
   --> crates/kasumi-raft/src/snapshot_buffer/prepared_child.rs:84:8
    |
 83 | impl PreparedChild {
    | ------------------ associated items in this implementation
 84 |     fn new(body: PreparedSnapshotBody) -> Self {
    |        ^^^
...
 97 |     fn from_seed(seed: SnapshotSeed) -> Self {
    |        ^^^^^^^^^
...
138 |     fn prepare(&mut self, owner: &SnapshotBufferOwner, ready: &Waker) -> PrepareResult {
    |        ^^^^^^^
...
272 |     fn install(&mut self, owner: &SnapshotBufferOwner) -> DrainResult {
    |        ^^^^^^^

warning: field `0` is never read
   --> crates/kasumi-raft/src/snapshot_buffer/prepared_child.rs:293:19
    |
293 | struct ChildPanic(Mutex<Box<dyn std::any::Any + Send>>);
    |        ---------- ^^^^^^^^^^^^^^^^^^^^^^^^^^^^^^^^^^^^
    |        |
    |        field in this struct
    |
    = help: consider removing this field

warning: methods `begin_snapshot_seed`, `begin_prepared_body`, `prepare_body`, `cancel_body`, and `install_body` are never used
   --> crates/kasumi-raft/src/snapshot_buffer/prepared_child.rs:310:19
    |
306 | impl SnapshotBuffer {
    | ------------------- methods in this implementation
...
310 |     pub(crate) fn begin_snapshot_seed(
    |                   ^^^^^^^^^^^^^^^^^^^
...
334 |     pub(crate) fn begin_prepared_body(
    |                   ^^^^^^^^^^^^^^^^^^^
...
357 |     pub(crate) async fn prepare_body(&mut self, ready: &Waker) -> PrepareResult {
    |                         ^^^^^^^^^^^^
...
398 |     pub(crate) async fn cancel_body(&mut self) -> DrainResult {
    |                         ^^^^^^^^^^^
...
408 |     pub(crate) async fn install_body(&mut self) -> DrainResult {
    |                         ^^^^^^^^^^^^

warning: associated functions `receiving` and `captured` are never used
   --> crates/kasumi-raft/src/snapshot_buffer/prepared_child.rs:565:8
    |
564 | impl TransferRetirement {
    | ----------------------- associated functions in this implementation
565 |     fn receiving(spool: Box<EncryptedSpool>) -> Self {
    |        ^^^^^^^^^
...
574 |     fn captured(image: SnapshotImage) -> Self {
    |        ^^^^^^^^

warning: method `cancel_received_snapshot` is never used
   --> crates/kasumi-raft/src/snapshot_buffer/prepared_child.rs:612:25
    |
608 | impl SnapshotBuffer {
    | ------------------- method in this implementation
...
612 |     pub(crate) async fn cancel_received_snapshot(&mut self) -> DrainResult {
    |                         ^^^^^^^^^^^^^^^^^^^^^^^^

warning: method `source_capacity_seed` is never used
   --> crates/kasumi-raft/src/snapshot_custody.rs:102:19
    |
 99 | impl SnapshotRetirement {
    | ----------------------- method in this implementation
...
102 |     pub(crate) fn source_capacity_seed(&self) -> &[u8] {
    |                   ^^^^^^^^^^^^^^^^^^^^

warning: method `prepare_engine_publication` is never used
    --> crates/kasumi-raft/src/storage.rs:1118:19
     |
1080 | impl PendingSnapshot {
     | -------------------- method in this implementation
...
1118 |     pub(crate) fn prepare_engine_publication<'backend>(
     |                   ^^^^^^^^^^^^^^^^^^^^^^^^^^

warning: enum `SnapshotPublicationPhase` is never used
    --> crates/kasumi-raft/src/storage.rs:1172:6
     |
1172 | enum SnapshotPublicationPhase {
     |      ^^^^^^^^^^^^^^^^^^^^^^^^

warning: struct `PreparedEngineSnapshotPublication` is never constructed
    --> crates/kasumi-raft/src/storage.rs:1178:19
     |
1178 | pub(crate) struct PreparedEngineSnapshotPublication<'backend> {
     |                   ^^^^^^^^^^^^^^^^^^^^^^^^^^^^^^^^^

warning: methods `source` and `publish` are never used
    --> crates/kasumi-raft/src/storage.rs:1188:19
     |
1187 | impl PreparedEngineSnapshotPublication<'_> {
     | ------------------------------------------ methods in this implementation
1188 |     pub(crate) fn source(&self) -> &crate::PreparedSnapshotSourceEnvelope {
     |                   ^^^^^^
...
1191 |     pub(crate) fn publish(&mut self, domains: &TenantStorageSet) -> Result<()> {
     |                   ^^^^^^^

warning: field `actor_role` is never read
    --> crates/kasumi-raft/src/storage.rs:1288:5
     |
1287 | pub struct StateMachine {
     |            ------------ field in this struct
1288 |     actor_role: crate::SourceActorRole,
     |     ^^^^^^^^^^
     |
     = note: `StateMachine` has a derived impl for the trait `Clone`, but this is intentionally ignored during dead code analysis

warning: method `require_gate` is never used
   --> crates/kasumi-raft/src/storage/control_gate.rs:114:19
    |
111 | impl OwnedControlGuard {
    | ---------------------- method in this implementation
...
114 |     pub(crate) fn require_gate(&self, gate: &ControlGateRef) -> anyhow::Result<()> {
    |                   ^^^^^^^^^^^^

warning: methods `ptr_eq` and `lock_owned` are never used
   --> crates/kasumi-raft/src/storage/control_gate_registry.rs:106:19
    |
105 | impl ControlGateRef {
    | ------------------- methods in this implementation
106 |     pub(crate) fn ptr_eq(&self, other: &Self) -> bool {
    |                   ^^^^^^
...
112 |     pub(crate) fn lock_owned(&self) -> Result<OwnedControlGuard, super::Poisoned> {
    |                   ^^^^^^^^^^

warning: enum `SnapshotBodyCapacity` is never used
 --> crates/kasumi-raft/src/storage/owned_snapshot_body.rs:7:17
  |
7 | pub(crate) enum SnapshotBodyCapacity {
  |                 ^^^^^^^^^^^^^^^^^^^^

warning: multiple variants are never constructed
  --> crates/kasumi-raft/src/storage/owned_snapshot_body.rs:14:5
   |
13 | enum Phase {
   |      ----- variants in this enum
14 |     Constructed,
   |     ^^^^^^^^^^^
15 |     Validating,
   |     ^^^^^^^^^^
16 |     Staging,
   |     ^^^^^^^
17 |     BuildingWrites,
   |     ^^^^^^^^^^^^^^
18 |     Certifying,
   |     ^^^^^^^^^^
19 |     Prepared,
   |     ^^^^^^^^
20 |     BindingSource,
   |     ^^^^^^^^^^^^^
21 |     Ready,
   |     ^^^^^
22 |     Publishing,
   |     ^^^^^^^^^^
23 |     Published,
   |     ^^^^^^^^^
   |
   = note: `Phase` has derived impls for the traits `Debug` and `Clone`, but these are intentionally ignored during dead code analysis

warning: fields `role`, `expected_meta`, `pending`, `source`, and `limit` are never read
  --> crates/kasumi-raft/src/storage/owned_snapshot_body.rs:28:5
   |
27 | pub(crate) struct PreparedApplicationSnapshot {
   |                   --------------------------- fields in this struct
28 |     role: crate::SourceActorRole,
   |     ^^^^
...
31 |     expected_meta: SnapshotMeta<u64, BasicNode>,
   |     ^^^^^^^^^^^^^
32 |     backend: crate::OwnedPreparedStateMachineRestore,
33 |     pending: Option<PendingSnapshot>,
   |     ^^^^^^^
34 |     writes: Option<PreparedSnapshotWrites>,
35 |     source: Option<crate::PreparedSnapshotSourceEnvelope>,
   |     ^^^^^^
...
44 |     limit: u64,
   |     ^^^^^

warning: multiple associated items are never used
   --> crates/kasumi-raft/src/storage/owned_snapshot_body.rs:60:19
    |
 57 | impl PreparedApplicationSnapshot {
    | -------------------------------- associated items in this implementation
...
 60 |     pub(crate) fn new(
    |                   ^^^
...
 95 |     pub(crate) fn prepare(&mut self) -> Result<()> {
    |                   ^^^^^^^
...
156 |     pub(crate) fn prepare_capacity(
    |                   ^^^^^^^^^^^^^^^^
...
210 |     pub(crate) fn publish(&mut self) -> Result<()> {
    |                   ^^^^^^^
...
300 |     pub(crate) fn control(&self) -> &control_gate::OwnedControlGuard {
    |                   ^^^^^^^
...
303 |     pub(crate) fn meta(&self) -> &SnapshotMeta<u64, BasicNode> {
    |                   ^^^^
...
306 |     pub(crate) fn source(&self) -> Option<&crate::PreparedSnapshotSourceEnvelope> {
    |                   ^^^^^^

warning: variants `Application` and `Custody` are never constructed
   --> crates/kasumi-raft/src/storage/owned_snapshot_body.rs:314:5
    |
313 | pub(crate) enum ClosedSnapshotRole {
    |                 ------------------ variants in this enum
314 |     Application(crate::SourceActorRole),
    |     ^^^^^^^^^^^
315 |     Custody,
    |     ^^^^^^^

warning: fields `role`, `expected_meta`, `source`, `application`, and `limit` are never read
   --> crates/kasumi-raft/src/storage/owned_snapshot_body.rs:319:5
    |
318 | pub(crate) struct PreparedClosedSnapshot {
    |                   ---------------------- fields in this struct
319 |     role: ClosedSnapshotRole,
    |     ^^^^
...
322 |     expected_meta: SnapshotMeta<u64, BasicNode>,
    |     ^^^^^^^^^^^^^
323 |     source: Option<crate::PreparedClosedSnapshotSourceEnvelope>,
    |     ^^^^^^
...
327 |     application: Option<(StorageHandle<dyn StateMachineBackend>, Arc<AtomicBool>)>,
    |     ^^^^^^^^^^^
...
333 |     limit: u64,
    |     ^^^^^

warning: multiple associated items are never used
   --> crates/kasumi-raft/src/storage/owned_snapshot_body.rs:346:19
    |
343 | impl PreparedClosedSnapshot {
    | --------------------------- associated items in this implementation
...
346 |     pub(crate) fn for_application(
    |                   ^^^^^^^^^^^^^^^
...
371 |     pub(crate) fn for_custody(
    |                   ^^^^^^^^^^^
...
389 |     fn new(
    |        ^^^
...
417 |     pub(crate) fn prepare(&mut self) -> Result<()> {
    |                   ^^^^^^^
...
448 |     pub(crate) fn prepare_capacity(
    |                   ^^^^^^^^^^^^^^^^
...
495 |     pub(crate) fn publish(&mut self) -> Result<()> {
    |                   ^^^^^^^
...
538 |     pub(crate) fn meta(&self) -> &SnapshotMeta<u64, BasicNode> {
    |                   ^^^^
...
544 |     pub(crate) fn control(&self) -> &control_gate::OwnedControlGuard {
    |                   ^^^^^^^

warning: variants `Application` and `Closed` are never constructed
   --> crates/kasumi-raft/src/storage/owned_snapshot_body.rs:579:5
    |
578 | pub(crate) enum PreparedSnapshotBody {
    |                 -------------------- variants in this enum
579 |     Application(PreparedApplicationSnapshot),
    |     ^^^^^^^^^^^
580 |     Closed(PreparedClosedSnapshot),
    |     ^^^^^^
    |
    = note: `PreparedSnapshotBody` has a derived impl for the trait `Debug`, but this is intentionally ignored during dead code analysis

warning: methods `publication_succeeded`, `prepare`, `prepare_capacity`, `publish`, `meta`, and `control` are never used
   --> crates/kasumi-raft/src/storage/owned_snapshot_body.rs:583:19
    |
582 | impl PreparedSnapshotBody {
    | ------------------------- methods in this implementation
583 |     pub(crate) fn publication_succeeded(&self) -> bool {
    |                   ^^^^^^^^^^^^^^^^^^^^^
...
627 |     pub(crate) fn prepare(&mut self) -> Result<()> {
    |                   ^^^^^^^
...
633 |     pub(crate) fn prepare_capacity(
    |                   ^^^^^^^^^^^^^^^^
...
643 |     pub(crate) fn publish(&mut self) -> Result<()> {
    |                   ^^^^^^^
...
655 |     pub(crate) fn meta(&self) -> &SnapshotMeta<u64, BasicNode> {
    |                   ^^^^
...
667 |     pub(crate) fn control(&self) -> &control_gate::OwnedControlGuard {
    |                   ^^^^^^^

warning: field `0` is never read
   --> crates/kasumi-raft/src/storage/owned_snapshot_body.rs:681:32
    |
681 | struct SnapshotRetirementPanic(std::sync::Mutex<Box<dyn std::any::Any + Send>>);
    |        ----------------------- ^^^^^^^^^^^^^^^^^^^^^^^^^^^^^^^^^^^^^^^^^^^^^^^
    |        |
    |        field in this struct
    |
    = help: consider removing this field

warning: struct `ApplicationSnapshotInputs` is never constructed
 --> crates/kasumi-raft/src/storage/snapshot_seed.rs:9:19
  |
9 | pub(crate) struct ApplicationSnapshotInputs {
  |                   ^^^^^^^^^^^^^^^^^^^^^^^^^

warning: struct `CustodySnapshotInputs` is never constructed
  --> crates/kasumi-raft/src/storage/snapshot_seed.rs:20:19
   |
20 | pub(crate) struct CustodySnapshotInputs {
   |                   ^^^^^^^^^^^^^^^^^^^^^

warning: variants `Application` and `Custody` are never constructed
  --> crates/kasumi-raft/src/storage/snapshot_seed.rs:28:5
   |
27 | enum Target {
   |      ------ variants in this enum
28 |     Application {
   |     ^^^^^^^^^^^
...
35 |     Custody {
   |     ^^^^^^^

warning: variants `New`, `Validating`, `Decoding`, and `Prepared` are never constructed
  --> crates/kasumi-raft/src/storage/snapshot_seed.rs:42:5
   |
41 | enum Phase {
   |      ----- variants in this enum
42 |     New,
   |     ^^^
43 |     Validating,
   |     ^^^^^^^^^^
44 |     Decoding,
   |     ^^^^^^^^
45 |     PreparingBackend,
46 |     Prepared,
   |     ^^^^^^^^
   |
   = note: `Phase` has derived impls for the traits `Debug` and `Clone`, but these are intentionally ignored during dead code analysis

warning: fields `expected`, `applied`, `control_gate`, `log`, and `limit` are never read
  --> crates/kasumi-raft/src/storage/snapshot_seed.rs:51:5
   |
49 | pub(crate) struct SnapshotSeed {
   |                   ------------ fields in this struct
50 |     target: Target,
51 |     expected: SnapshotMeta<u64, BasicNode>,
   |     ^^^^^^^^
52 |     applied: Option<AppliedState>,
   |     ^^^^^^^
...
59 |     control_gate: ControlGateRef,
   |     ^^^^^^^^^^^^
60 |     log: LogStore,
   |     ^^^
61 |     limit: u64,
   |     ^^^^^

warning: method `snapshot_inputs` is never used
  --> crates/kasumi-raft/src/storage/snapshot_seed.rs:78:19
   |
75 | impl StateMachine {
   | ----------------- method in this implementation
...
78 |     pub(crate) fn snapshot_inputs(
   |                   ^^^^^^^^^^^^^^^

warning: associated function `new` is never used
   --> crates/kasumi-raft/src/storage/snapshot_seed.rs:101:19
    |
100 | impl CustodySnapshotInputs {
    | -------------------------- associated function in this implementation
101 |     pub(crate) fn new(
    |                   ^^^

warning: multiple associated items are never used
   --> crates/kasumi-raft/src/storage/snapshot_seed.rs:122:19
    |
121 | impl SnapshotSeed {
    | ----------------- associated items in this implementation
122 |     pub(crate) fn application(
    |                   ^^^^^^^^^^^
...
159 |     pub(crate) fn custody(
    |                   ^^^^^^^
...
182 |     fn new(
    |        ^^^
...
214 |     pub(crate) fn prepare(&mut self) -> Result<PreparedSnapshotBody> {
    |                   ^^^^^^^
...
344 |     pub(crate) fn log(&self) -> &LogStore {
    |                   ^^^
...
347 |     pub(crate) fn expected(&self) -> &SnapshotMeta<u64, BasicNode> {
    |                   ^^^^^^^^
...
352 |     pub(crate) fn publish_applied(&mut self, body: &PreparedSnapshotBody) -> Result<()> {
    |                   ^^^^^^^^^^^^^^^

warning: method `prepared_snapshot_publication` is never used
   --> crates/kasumi-raft/src/custody_machine.rs:168:19
    |
134 | impl CustodyMachine {
    | ------------------- method in this implementation
...
168 |     pub(crate) fn prepared_snapshot_publication(
    |                   ^^^^^^^^^^^^^^^^^^^^^^^^^^^^^
    |
    = note: `#[warn(dead_code)]` (part of `#[warn(unused)]`) on by default

warning: variant `Install` is never constructed
  --> crates/kasumi-raft/src/snapshot_buffer.rs:48:5
   |
42 | enum Completion {
   |      ---------- variant in this enum
...
48 |     Install(DrainResult),
   |     ^^^^^^^
   |
   = note: `Completion` has a derived impl for the trait `Debug`, but this is intentionally ignored during dead code analysis

warning: variant `Install` is never constructed
  --> crates/kasumi-raft/src/snapshot_buffer.rs:58:5
   |
52 | enum Kind {
   |      ---- variant in this enum
...
58 |     Install,
   |     ^^^^^^^
   |
   = note: `Kind` has a derived impl for the trait `Debug`, but this is intentionally ignored during dead code analysis

warning: associated items `from_seed` and `install` are never used
   --> crates/kasumi-raft/src/snapshot_buffer/prepared_child.rs:97:8
    |
 83 | impl PreparedChild {
    | ------------------ associated items in this implementation
...
 97 |     fn from_seed(seed: SnapshotSeed) -> Self {
    |        ^^^^^^^^^
...
272 |     fn install(&mut self, owner: &SnapshotBufferOwner) -> DrainResult {
    |        ^^^^^^^

warning: methods `begin_snapshot_seed` and `install_body` are never used
   --> crates/kasumi-raft/src/snapshot_buffer/prepared_child.rs:310:19
    |
306 | impl SnapshotBuffer {
    | ------------------- methods in this implementation
...
310 |     pub(crate) fn begin_snapshot_seed(
    |                   ^^^^^^^^^^^^^^^^^^^
...
408 |     pub(crate) async fn install_body(&mut self) -> DrainResult {
    |                         ^^^^^^^^^^^^

warning: variants `Publishing` and `Published` are never constructed
  --> crates/kasumi-raft/src/storage/owned_snapshot_body.rs:22:5
   |
13 | enum Phase {
   |      ----- variants in this enum
...
22 |     Publishing,
   |     ^^^^^^^^^^
23 |     Published,
   |     ^^^^^^^^^
   |
   = note: `Phase` has derived impls for the traits `Debug` and `Clone`, but these are intentionally ignored during dead code analysis

warning: methods `publish` and `control` are never used
   --> crates/kasumi-raft/src/storage/owned_snapshot_body.rs:210:19
    |
 57 | impl PreparedApplicationSnapshot {
    | -------------------------------- methods in this implementation
...
210 |     pub(crate) fn publish(&mut self) -> Result<()> {
    |                   ^^^^^^^
...
300 |     pub(crate) fn control(&self) -> &control_gate::OwnedControlGuard {
    |                   ^^^^^^^

warning: field `application` is never read
   --> crates/kasumi-raft/src/storage/owned_snapshot_body.rs:327:5
    |
318 | pub(crate) struct PreparedClosedSnapshot {
    |                   ---------------------- field in this struct
...
327 |     application: Option<(StorageHandle<dyn StateMachineBackend>, Arc<AtomicBool>)>,
    |     ^^^^^^^^^^^

warning: methods `publish`, `meta`, and `control` are never used
   --> crates/kasumi-raft/src/storage/owned_snapshot_body.rs:495:19
    |
343 | impl PreparedClosedSnapshot {
    | --------------------------- methods in this implementation
...
495 |     pub(crate) fn publish(&mut self) -> Result<()> {
    |                   ^^^^^^^
...
538 |     pub(crate) fn meta(&self) -> &SnapshotMeta<u64, BasicNode> {
    |                   ^^^^
...
544 |     pub(crate) fn control(&self) -> &control_gate::OwnedControlGuard {
    |                   ^^^^^^^

warning: methods `publication_succeeded`, `publish`, `meta`, and `control` are never used
   --> crates/kasumi-raft/src/storage/owned_snapshot_body.rs:583:19
    |
582 | impl PreparedSnapshotBody {
    | ------------------------- methods in this implementation
583 |     pub(crate) fn publication_succeeded(&self) -> bool {
    |                   ^^^^^^^^^^^^^^^^^^^^^
...
643 |     pub(crate) fn publish(&mut self) -> Result<()> {
    |                   ^^^^^^^
...
655 |     pub(crate) fn meta(&self) -> &SnapshotMeta<u64, BasicNode> {
    |                   ^^^^
...
667 |     pub(crate) fn control(&self) -> &control_gate::OwnedControlGuard {
    |                   ^^^^^^^

warning: fields `applied` and `log` are never read
  --> crates/kasumi-raft/src/storage/snapshot_seed.rs:52:5
   |
49 | pub(crate) struct SnapshotSeed {
   |                   ------------ fields in this struct
...
52 |     applied: Option<AppliedState>,
   |     ^^^^^^^
...
60 |     log: LogStore,
   |     ^^^

warning: associated items `application`, `custody`, `new`, `log`, `expected`, and `publish_applied` are never used
   --> crates/kasumi-raft/src/storage/snapshot_seed.rs:122:19
    |
121 | impl SnapshotSeed {
    | ----------------- associated items in this implementation
122 |     pub(crate) fn application(
    |                   ^^^^^^^^^^^
...
159 |     pub(crate) fn custody(
    |                   ^^^^^^^
...
182 |     fn new(
    |        ^^^
...
344 |     pub(crate) fn log(&self) -> &LogStore {
    |                   ^^^
...
347 |     pub(crate) fn expected(&self) -> &SnapshotMeta<u64, BasicNode> {
    |                   ^^^^^^^^
...
352 |     pub(crate) fn publish_applied(&mut self, body: &PreparedSnapshotBody) -> Result<()> {
    |                   ^^^^^^^^^^^^^^^

warning: `kasumi-raft` (lib) generated 55 warnings
warning: `kasumi-raft` (lib test) generated 20 warnings (8 duplicates)
warning: methods `prepare` and `prepare_kind` are never used
   --> crates/kasumi-engine/src/application_sources.rs:756:19
    |
648 | impl SourceRootsRef {
    | ------------------- methods in this implementation
...
756 |     pub(crate) fn prepare(&self) -> Result<RootPreparation> {
    |                   ^^^^^^^
...
795 |     fn prepare_kind(&self, canonical: bool) -> Result<RootPreparation> {
    |        ^^^^^^^^^^^^
    |
    = note: `#[warn(dead_code)]` (part of `#[warn(unused)]`) on by default

warning: `kasumi-engine` (lib) generated 1 warning
   Compiling kasumi-engine v0.1.0 (/private/tmp/kasumi-source-cohort-validation-v1/crates/kasumi-engine)
    Finished `test` profile [unoptimized + debuginfo] target(s) in 54.84s
     Running unittests src/lib.rs (/Users/takemiyamakoto/dev/kasumi/target/disk-backed-cache/debug/deps/kasumi_authority-e63a7f831ec29de9)

running 0 tests

test result: ok. 0 passed; 0 failed; 0 ignored; 0 measured; 78 filtered out; finished in 0.00s

     Running unittests src/lib.rs (/Users/takemiyamakoto/dev/kasumi/target/disk-backed-cache/debug/deps/kasumi_engine-707e7a92ed2be845)

running 18 tests
test application_sources::tests::primary_read_tests::selected_primary_preserves_restored_zero_document_versions ... ok
test application_sources::tests::primary_read_tests::selected_primary_actual_node_denial_precedes_lending_and_keeps_error_credit ... ok
test application_sources::tests::primary_read_tests::selected_primary_actual_decode_denial_retains_complete_wire_without_lending ... ok
test application_sources::tests::primary_read_tests::selected_primary_headers_cross_leaf_boundaries_without_loading_document_chunks ... ok
test application_sources::tests::primary_read_tests::selected_primary_headers_use_the_exact_old_root_and_preserve_cancellation ... ok
test application_sources::tests::primary_read_tests::selected_primary_empty_tree_still_rechecks_current_storage_access ... ok

thread 'application_sources::tests::primary_read_tests::selected_primary_panic_payload_survives_as_original_failure_until_drop' (26257597) panicked at crates/kasumi-engine/src/primary_read_tests.rs:854:13:
Box<dyn Any>
note: run with `RUST_BACKTRACE=1` environment variable to display a backtrace
test application_sources::tests::primary_read_tests::selected_primary_failure_retains_original_reader_and_actual_workspace_until_drop ... ok

thread 'application_sources::tests::primary_read_tests::primary_query_adapter_executes_with_empty_resident_maps_and_exact_old_root' (26257585) panicked at crates/kasumi-engine/src/primary_read_tests.rs:1056:5:
assertion `left == right` failed
  left: Null
 right: 17
test application_sources::tests::primary_read_tests::selected_primary_callback_access_change_is_rechecked_before_success ... ok
test application_sources::tests::primary_read_tests::selected_primary_panic_payload_survives_as_original_failure_until_drop ... ok
test application_sources::tests::primary_read_tests::selected_primary_page_corruption_and_foreign_registry_are_rejected ... ok
test application_sources::tests::primary_read_tests::primary_query_adapter_executes_with_empty_resident_maps_and_exact_old_root ... FAILED
test application_sources::tests::primary_read_tests::primary_query_adapter_absence_still_rechecks_access_after_lending ... ok
test application_sources::tests::primary_read_tests::selected_primary_encrypted_branch_live_archive_absence_and_old_pin ... ok
test application_sources::tests::primary_read_tests::selected_primary_overflow_corruption_and_missing_never_lend_partial_dto ... ok
test application_sources::tests::primary_read_tests::primary_query_adapter_storage_failure_never_uses_resident_fallback ... ok
test service::query_source_work::tests::rejected_metadata_admission_returns_exact_selected_source_for_cleanup ... ok
test application_sources::tests::primary_read_tests::primary_query_adapter_checks_metadata_versions_cancellation_and_exclusive_headers ... ok
test application_sources::tests::primary_read_tests::selected_primary_rejects_catalog_manifest_and_selector_substitution ... ok

failures:

failures:
    application_sources::tests::primary_read_tests::primary_query_adapter_executes_with_empty_resident_maps_and_exact_old_root

test result: FAILED. 17 passed; 1 failed; 0 ignored; 0 measured; 665 filtered out; finished in 14.29s

error: test failed, to rerun pass `-p kasumi-engine --lib`
     Running unittests src/lib.rs (/Users/takemiyamakoto/dev/kasumi/target/disk-backed-cache/debug/deps/kasumi_kv-221aa5373d25965b)

running 0 tests

test result: ok. 0 passed; 0 failed; 0 ignored; 0 measured; 555 filtered out; finished in 0.00s

     Running unittests src/lib.rs (/Users/takemiyamakoto/dev/kasumi/target/disk-backed-cache/debug/deps/kasumi_query-98098ded30f605b4)

running 0 tests

test result: ok. 0 passed; 0 failed; 0 ignored; 0 measured; 71 filtered out; finished in 0.00s

     Running unittests src/lib.rs (/Users/takemiyamakoto/dev/kasumi/target/disk-backed-cache/debug/deps/kasumi_raft-80f97d1b4f50c7fa)

running 0 tests

test result: ok. 0 passed; 0 failed; 0 ignored; 0 measured; 236 filtered out; finished in 0.00s

     Running unittests src/lib.rs (/Users/takemiyamakoto/dev/kasumi/target/disk-backed-cache/debug/deps/kasumi_store-6fd2a1f28b2df75c)

running 0 tests

test result: ok. 0 passed; 0 failed; 0 ignored; 0 measured; 741 filtered out; finished in 0.00s

error: 1 target failed:
    `-p kasumi-engine --lib`
Runner: 69.31s; exit=101; matching=1585/1585
