Command: cargo test -p kasumi-server --all-features --lib --locked --offline --config profile.test.package.kasumi-kv.opt-level=3 --config profile.test.package.sha2.opt-level=3 -- --test-threads=1 administration::configured_tenant_enrollment::approval::tests:: administration::configured_tenant_enrollment::tests::cancelled_preparation_of_borrowed_resident_preserves_its_original_storage_owner administration::configured_tenant_enrollment::tests::closure_before_actual_enrollment_handoff_rejects_publication_and_preserves_borrowed_owner runtime::lifecycle_tests::local_runtime_opens_real_transit_tls_publishes_control_serves_and_reopens_durable_state readiness_sweep_classes_survive_context_without_error_text
CARGO_TARGET_DIR=target/disk-backed-cache
warning: method `matches_response_id` is never used
   --> vendor/rmcp-3.2.0/src/model.rs:251:19
    |
236 | impl NumberOrString {
    | ------------------- method in this implementation
...
251 |     pub(crate) fn matches_response_id(&self, response_id: &Self) -> bool {
    |                   ^^^^^^^^^^^^^^^^^^^
    |
    = note: `#[warn(dead_code)]` (part of `#[warn(unused)]`) on by default

warning: method `set_client_request_metadata` is never used
    --> vendor/rmcp-3.2.0/src/service.rs:1032:19
     |
 806 | impl<R: ServiceRole> Peer<R> {
     | ---------------------------- method in this implementation
...
1032 |     pub(crate) fn set_client_request_metadata(&self, metadata: ClientRequestMetadata) {
     |                   ^^^^^^^^^^^^^^^^^^^^^^^^^^^

warning: method `is_authorization_required` is never used
   --> vendor/rmcp-3.2.0/src/transport.rs:275:19
    |
249 | impl DynamicTransportError {
    | -------------------------- method in this implementation
...
275 |     pub(crate) fn is_authorization_required(&self) -> bool {
    |                   ^^^^^^^^^^^^^^^^^^^^^^^^^

warning: variant `Mutation` is never constructed
  --> crates/kasumi-engine/src/security_audit_jobs.rs:26:5
   |
24 | enum JobEffect {
   |      --------- variant in this enum
25 |     Read,
26 |     Mutation(&'static str),
   |     ^^^^^^^^
   |
   = note: `JobEffect` has a derived impl for the trait `Clone`, but this is intentionally ignored during dead code analysis
   = note: `#[warn(dead_code)]` (part of `#[warn(unused)]`) on by default

warning: struct `ReadPause` is never constructed
  --> crates/kasumi-engine/src/security_audit_jobs.rs:57:19
   |
57 | pub(super) struct ReadPause {
   |                   ^^^^^^^^^

warning: method `run_mutation` is never used
   --> crates/kasumi-engine/src/security_audit_jobs.rs:120:25
    |
 62 | impl SecurityAudit {
    | ------------------ method in this implementation
...
120 |     pub(super) async fn run_mutation<T, F, R>(&self, component: &'static str, run: R) -> Result<T>
    |                         ^^^^^^^^^^^^

warning: `rmcp` (lib) generated 3 warnings
warning: `kasumi-engine` (lib) generated 3 warnings
   Compiling kasumi-server v0.1.0 (/Users/takemiyamakoto/dev/kasumi/crates/kasumi-server)
warning: linker stderr: ld: __eh_frame section too large (max 16MB) to encode dwarf unwind offsets in compact unwind table, performance of exception handling might be affected
  |
  = note: `#[warn(linker_messages)]` on by default

warning: `kasumi-server` (lib test) generated 1 warning
    Finished `test` profile [unoptimized + debuginfo] target(s) in 7m 41s
     Running unittests src/lib.rs (target/disk-backed-cache/debug/deps/kasumi_server-fd84d7784597ef6b)

running 6 tests
test administration::configured_tenant_enrollment::approval::tests::approval_denial_cancel_error_and_digest_retire_their_real_owners ... ok
test administration::configured_tenant_enrollment::approval::tests::approval_workspace_covers_concrete_decode_hash_and_malformed_inputs ... ok
test administration::configured_tenant_enrollment::tests::cancelled_preparation_of_borrowed_resident_preserves_its_original_storage_owner ... ok
test administration::configured_tenant_enrollment::tests::closure_before_actual_enrollment_handoff_rejects_publication_and_preserves_borrowed_owner ... ok
test administration::readiness::tests::readiness_sweep_classes_survive_context_without_error_text ... ok
test runtime::lifecycle_tests::local_runtime_opens_real_transit_tls_publishes_control_serves_and_reopens_durable_state ... ok

test result: ok. 6 passed; 0 failed; 0 ignored; 0 measured; 285 filtered out; finished in 60.44s

Runner: 521.75s; exit=0; matching=734/734
