   Compiling kasumi-query v0.1.0 (/Users/takemiyamakoto/dev/kasumi/crates/kasumi-query)
   Compiling kasumi-engine v0.1.0 (/Users/takemiyamakoto/dev/kasumi/crates/kasumi-engine)
warning: variant `Mutation` is never constructed
  --> crates/kasumi-engine/src/security_audit_jobs.rs:26:5
   |
24 | enum JobEffect {
   |      --------- variant in this enum
25 |     Read,
26 |     Mutation(&'static str),
   |     ^^^^^^^^
   |
   = note: `JobEffect` has a derived impl for the trait `Clone`, but this is intentionally ignored during dead code analysis
   = note: `#[warn(dead_code)]` (part of `#[warn(unused)]`) on by default

warning: struct `ReadPause` is never constructed
  --> crates/kasumi-engine/src/security_audit_jobs.rs:57:19
   |
57 | pub(super) struct ReadPause {
   |                   ^^^^^^^^^

warning: method `run_mutation` is never used
   --> crates/kasumi-engine/src/security_audit_jobs.rs:120:25
    |
 62 | impl SecurityAudit {
    | ------------------ method in this implementation
...
120 |     pub(super) async fn run_mutation<T, F, R>(&self, component: &'static str, run: R) -> Result<T>
    |                         ^^^^^^^^^^^^

warning: `kasumi-engine` (lib) generated 3 warnings
warning: field `panic` is never read
  --> crates/kasumi-engine/src/security_audit_jobs.rs:52:9
   |
48 | pub(super) struct RecordFault {
   |                   ----------- field in this struct
...
52 |     pub panic: bool,
   |         ^^^^^

warning: `kasumi-engine` (lib test) generated 4 warnings (3 duplicates)
    Finished `test` profile [unoptimized + debuginfo] target(s) in 1m 07s
     Running unittests src/lib.rs (target/disk-backed-cache/debug/deps/kasumi_engine-3656345440c90b6a)

running 9 tests
test document_source::tests::absent_records_require_presence_only_when_a_version_is_expected ... ok
test document_source::tests::cancellation_is_checked_before_lending_and_after_the_callback ... ok
test document_source::tests::corrupt_ids_versions_and_disagreeing_hydration_never_reach_the_loan ... ok
test document_source::tests::headers_merge_live_archive_and_hydrated_rows_once_in_exclusive_order ... ok
test document_source::tests::identity_retains_actual_generation_collection_and_exact_indexes ... ok
test document_source::tests::later_overlay_cannot_change_the_captured_records_or_indexes ... ok
test state::mutation_apply::tests::invalid_index_inputs_remain_deterministic_rejections_before_text_materialization ... ok
test state::mutation_apply::tests::snapshot_quota_rejection_preserves_text_writer_and_original_receipts ... ok
test state::mutation_apply::tests::text_materialization_failure_is_outer_and_does_not_select_a_receipt ... ok

test result: ok. 9 passed; 0 failed; 0 ignored; 0 measured; 347 filtered out; finished in 13.20s

     Running tests/contracts.rs (target/disk-backed-cache/debug/deps/contracts-e692866b1fcf3ab8)

running 5 tests
test actual_raft_writes_queries_and_snapshot_pagination ... ok
test coherent_snapshot_reads_span_collections_under_concurrent_commits_and_strict_audit ... ok
test key_revocation_evicts_retained_coherent_leases_and_rejects_every_page ... ok
test snapshot_reads_reject_partial_queries_cursors_and_foreign_authority ... ok
test unique_index_swap_is_atomic_and_old_generation_remains_coherent ... FAILED

failures:

---- unique_index_swap_is_atomic_and_old_generation_remains_coherent stdout ----

thread 'unique_index_swap_is_atomic_and_old_generation_remains_coherent' (6623508) panicked at crates/kasumi-engine/tests/contracts.rs:1043:6:
called `Result::unwrap()` on an `Err` value: scratch table setup failed: storage capacity denied

Caused by:
    0: storage capacity denied
    1: storage capacity denied
    2: storage capacity denied
note: run with `RUST_BACKTRACE=1` environment variable to display a backtrace


failures:
    unique_index_swap_is_atomic_and_old_generation_remains_coherent

test result: FAILED. 4 passed; 1 failed; 0 ignored; 0 measured; 21 filtered out; finished in 62.45s

error: test failed, to rerun pass `-p kasumi-engine --test contracts`
