Command: cargo test --locked --offline --config profile.test.package.kasumi-kv.opt-level=3 --config profile.test.package.sha2.opt-level=3 -p kasumi-kv -p kasumi-store -p kasumi-raft -p kasumi-engine --all-features --lib --no-fail-fast -- scratch_table::tests restored_identity_metadata production_source_capacity_tests source_quote_covered_planning_tracks selected_sources_repeated_prospective audit_maintenance::tests planning_session_tests ordinary_envelope selected_application::allocation_tests selected_application::plan_tests --nocapture
CARGO_TARGET_DIR=target/disk-backed-cache
   Compiling kasumi-store v0.1.0 (/Users/takemiyamakoto/dev/kasumi/crates/kasumi-store)
   Compiling kasumi-raft v0.1.0 (/Users/takemiyamakoto/dev/kasumi/crates/kasumi-raft)
   Compiling kasumi-engine v0.1.0 (/Users/takemiyamakoto/dev/kasumi/crates/kasumi-engine)
    Finished `test` profile [unoptimized + debuginfo] target(s) in 2m 36s
     Running unittests src/lib.rs (target/disk-backed-cache/debug/deps/kasumi_engine-44db468831cfc59f)

running 9 tests
test audit_maintenance::tests::eight_slots_cannot_install_audit_and_cache_work_protection ... ok
test audit_maintenance::tests::operation_reservations_leave_four_slots_for_raft_resident_work ... ok
test audit_maintenance::tests::retained_ordinary_charge_cannot_grow_into_audit_headroom ... ok
test audit_maintenance::tests::resident_saturation_cannot_spend_scoped_native_escrow ... ok
test audit_maintenance::tests::tenants_share_capacity_and_retained_workers_keep_it_owned ... ok
test audit_maintenance::tests::facades_sharing_memory_share_one_pool_and_preparation_lane ... ok
test application_sources::tests::quote_tests::source_quote_covered_planning_tracks_actual_rows_and_transferred_backing ... ok
test application_sources::tests::selected_sources_repeated_prospective_callback_is_sticky_and_cancels_queued_reader ... ok
test state::restore_budget_tests::restored_identity_metadata_is_validated_before_bootstrap_persistence ... ok

test result: ok. 9 passed; 0 failed; 0 ignored; 0 measured; 635 filtered out; finished in 3.26s

     Running unittests src/lib.rs (target/disk-backed-cache/debug/deps/kasumi_kv-221aa5373d25965b)

running 0 tests

test result: ok. 0 passed; 0 failed; 0 ignored; 0 measured; 551 filtered out; finished in 0.00s

     Running unittests src/lib.rs (target/disk-backed-cache/debug/deps/kasumi_raft-8af78bc0d2a8574c)

running 21 tests
test selected_application::plan_tests::producer_wire_quote_covers_arbitrary_numbers_without_reclassifying_literal_markers ... ok
test selected_application::plan_tests::producer_wire_shape_overquotes_actual_decoder_for_escaped_unicode_and_nested_metadata ... ok
test selected_application::plan::ordinary_envelope::tests::streamed_shape_quote_matches_actual_canonical_wire_and_number_channels ... ok
test selected_application::plan::ordinary_envelope::tests::borrowed_maximum_shape_matches_actual_cursor_schema_for_zero_single_and_joint_membership ... ok
test selected_application::allocation_tests::selected_application_allocation_census_covers_membership_and_noncanonical_defaults ... ok
test selected_application::allocation_tests::selected_application_allocation_census_covers_expanding_typed_diagnostics ... ok
test selected_application::plan::ordinary_envelope::tests::ordinary_shape_preserves_the_existing_maximum_control_record_ceiling ... ok

thread 'selected_application::plan::ordinary_envelope::tests::membership_growth_requires_expanded_quote_before_actual_internal_entry_publication' (23566628) panicked at crates/kasumi-raft/src/selected_application/ordinary_envelope_tests.rs:170:9:
assertion failed: envelope.require_plan(&plan).is_err()
note: run with `RUST_BACKTRACE=1` environment variable to display a backtrace
test selected_application::plan_tests::prospective_advancing_origin_refuses_real_exact_replay_before_application_effects ... ok
test selected_application::plan::ordinary_envelope::tests::membership_growth_requires_expanded_quote_before_actual_internal_entry_publication ... FAILED
test selected_application::planning_session_tests::control_planning_sizes_ordinary_entry_from_required_rows_and_ignores_unused_snapshot ... ok
test selected_application::planning_session_tests::initial_planning_uses_actual_small_root_and_ignores_unused_snapshot_rows ... ok
test selected_application::plan_tests::prospective_covered_replay_quotes_actual_newer_cursor ... ok
test selected_application::plan_tests::prospective_callback_prepares_before_real_producer_publication_and_keeps_original_refusal ... ok
test selected_application::planning_session_tests::control_planning_covered_snapshot_keeps_five_record_capture_prepared ... ok
test selected_application::planning_session_tests::initial_planning_binds_snapshot_five_records_and_rejects_later_cursor_change ... ok
test selected_application::planning_session_tests::initial_planning_snapshot_row_selection_does_not_accept_noncanonical_cursor ... ok
test selected_application::plan_tests::prospective_covered_snapshot_uses_actual_five_record_proof ... ok
test selected_application::plan::ordinary_envelope::tests::ordinary_envelope_covers_actual_current_and_advancing_plans_but_not_covered_or_snapshot ... ok
test selected_application::planning_session_tests::control_planning_reuses_historical_membership_and_rejects_exact_association_corruption ... ok
test selected_application::plan::ordinary_envelope::tests::ordinary_envelope_rejects_foreign_pair_and_changed_bootstrap_without_admission ... ok
test selected_application::plan_tests::prospective_plan_rejects_later_actual_record_and_foreign_domain_pair ... ok

failures:

failures:
    selected_application::plan::ordinary_envelope::tests::membership_growth_requires_expanded_quote_before_actual_internal_entry_publication

test result: FAILED. 20 passed; 1 failed; 0 ignored; 0 measured; 161 filtered out; finished in 4.50s

error: test failed, to rerun pass `-p kasumi-raft --lib`
     Running unittests src/lib.rs (target/disk-backed-cache/debug/deps/kasumi_store-4ef75ebdc018c368)

running 36 tests
test scratch_table::tests::exact_settlement_mismatch_fences_owner_without_allocating_or_returning_credit ... ok

thread 'scratch_table::tests::actual_spool_close_reports_native_drain_before_retiring_adapter_owner' (23567281) panicked at crates/kasumi-store/src/scratch_table_tests.rs:751:5:
assertion `left == right` failed
  left: 1
 right: 0
note: run with `RUST_BACKTRACE=1` environment variable to display a backtrace
test scratch_table::tests::actual_spool_close_reports_native_drain_before_retiring_adapter_owner ... FAILED
test scratch_table::tests::explicit_scratch_close_retains_original_physical_failure_on_retry ... ok

thread 'scratch_table::tests::exact_backend_publication_io_settlement_shrink_and_close_do_not_allocate' (23567293) panicked at crates/kasumi-store/src/scratch_table_tests.rs:354:5:
assertion `left == right` failed
  left: 1
 right: 0
test scratch_table::tests::exact_backend_publication_io_settlement_shrink_and_close_do_not_allocate ... FAILED
test scratch_table::tests::failed_bootstrap_closes_the_exact_spool_before_returning ... ok
test scratch_table::tests::failed_bootstrap_retains_unproved_close_and_original_outcomes ... ok
test scratch_table::tests::batch_open_retirement_keeps_actual_type_error_and_actual_lease_panic ... ok
test scratch_table::tests::an_existing_unwind_keeps_the_actual_batch_lease_unentered_and_charged ... ok

thread 'scratch_table::tests::batch_commit_retirement_keeps_failed_and_successful_native_outcomes_unknown' (23567283) panicked at crates/kasumi-store/src/scratch_table_tests.rs:1308:14:
called `Option::unwrap()` on a `None` value
test scratch_table::tests::batch_commit_retirement_keeps_failed_and_successful_native_outcomes_unknown ... FAILED
test scratch_table::tests::batch_reuses_one_real_typed_table_instead_of_repeating_cold_catalog_reads ... ok
test scratch_table::tests::rejected_resize_is_wholly_reserved_before_any_logical_or_physical_change ... ok
test scratch_table::tests::batch_entry_limit_rejects_before_publication_and_aborts_partial_input ... ok
test scratch_table::tests::dropping_a_table_under_a_live_transaction_never_enters_close_or_returns_credit ... ok
TestDiskMemory::reserve_installed denied: provider=0x775b140790 requested_bytes=0 charged_bytes=4120 bookkeeping_bytes=40096 used_bytes=350340 next_used_bytes=354460 max_bytes=33554432 live_reservations=64 max_reservations=64 attempts=65 error=Kind(OutOfMemory)
TestDiskMemory::reserve_installed denied: provider=0x775b140790 requested_bytes=271576 charged_bytes=275696 bookkeeping_bytes=40096 used_bytes=350340 next_used_bytes=626036 max_bytes=33554432 live_reservations=64 max_reservations=64 attempts=66 error=Kind(OutOfMemory)
test scratch_table::tests::scratch_group_census_rejects_namespace_mutation_and_same_slot_reuse_without_restart ... ok
test scratch_table::tests::accepted_batch_keeps_physical_table_until_commit_and_close ... ok
test scratch_table::tests::batch_outliving_table_observes_close_after_its_transaction_ends ... ok
test scratch_table::tests::dropping_a_table_observes_native_close_before_returning_scratch_credit ... ok
test scratch_table::tests::scratch_group_metadata_denial_opens_no_file_and_census_callback_failure_is_retryable ... ok
test scratch_table::tests::dropping_an_explicitly_closed_table_never_reenters_native_close ... ok
test scratch_table::tests::scratch_group_census_releases_owner_lock_for_admission_and_read_callbacks ... ok
test scratch_table::tests::dropping_a_failed_table_keeps_spool_and_charge_without_allocating ... ok
TestDiskMemory::reserve_installed denied: provider=0x775b141050 requested_bytes=69680 charged_bytes=73800 bookkeeping_bytes=24224 used_bytes=1209722 next_used_bytes=1283522 max_bytes=67108864 live_reservations=32 max_reservations=32 attempts=52 error=Kind(OutOfMemory)
TestDiskMemory::reserve_installed denied: provider=0x775b141050 requested_bytes=6422 charged_bytes=10542 bookkeeping_bytes=24224 used_bytes=1209722 next_used_bytes=1220264 max_bytes=67108864 live_reservations=32 max_reservations=32 attempts=53 error=Kind(OutOfMemory)
test scratch_table::tests::dropping_a_drained_table_closes_natively_once_without_allocating ... ok
TestDiskMemory::reserve_installed denied: provider=0x775b141050 requested_bytes=69680 charged_bytes=73800 bookkeeping_bytes=24224 used_bytes=1231048 next_used_bytes=1304848 max_bytes=67108864 live_reservations=32 max_reservations=32 attempts=81 error=Kind(OutOfMemory)
TestDiskMemory::reserve_installed denied: provider=0x775b141050 requested_bytes=6423 charged_bytes=10543 bookkeeping_bytes=24224 used_bytes=1231048 next_used_bytes=1241591 max_bytes=67108864 live_reservations=32 max_reservations=32 attempts=82 error=Kind(OutOfMemory)

thread 'scratch_table::tests::independently_failed_live_batches_keep_each_real_table_and_shell_charge' (23567408) panicked at crates/kasumi-store/src/scratch_table_tests.rs:1193:5:
assertion `left == right` failed
  left: 3
 right: 2
test scratch_table::tests::independently_failed_live_batches_keep_each_real_table_and_shell_charge ... FAILED
test scratch_table::tests::accepted_transaction_keeps_scratch_close_retained_until_actual_drain ... ok
TestDiskMemory::reserve_installed denied: provider=0x775b1412d0 requested_bytes=4351 charged_bytes=8471 bookkeeping_bytes=24224 used_bytes=984996 next_used_bytes=993467 max_bytes=67108864 live_reservations=32 max_reservations=32 attempts=33 error=Kind(OutOfMemory)
test scratch_table::tests::failed_explicit_close_keeps_charge_and_drop_never_reenters_close ... ok
test scratch_table::tests::segmented_scratch_limits_aggregate_extents_before_mutation_and_reuses_drained_slots ... ok

thread 'scratch_table::tests::raw_batch_cancellation_fences_the_actual_owner_before_retirement_unwinds' (23567436) panicked at crates/kasumi-store/src/scratch_table_tests.rs:1353:88:
called `Result::unwrap_err()` on an `Ok` value: ()
test scratch_table::tests::raw_batch_cancellation_fences_the_actual_owner_before_retirement_unwinds ... FAILED
test scratch_table::tests::retained_typed_table_checks_the_current_native_owner_on_every_insert ... ok
test scratch_table::tests::retained_batch_table_rejects_a_duplicate_committed_by_an_earlier_batch ... ok
test scratch_table::tests::workspace_tests::scratch_preparation_capacity_refusal_has_no_private_effect_and_retries ... ok
test scratch_table::tests::strict_create_rejects_a_non_empty_spool_instead_of_adopting_its_frames ... ok
test scratch_table::tests::workspace_tests::scratch_prepared_workspace_survives_capacity_pressure_after_prepare ... ok
test scratch_table::tests::unpublished_batch_aborts_on_drop_and_preserves_duplicate_error ... ok
test scratch_table::tests::retained_batch_table_preserves_exact_byte_bound_and_abort_before_publication ... ok
test scratch_table::tests::segmented_scratch_descriptor_ceiling_is_pre_admitted_and_does_not_open_on_denial ... ok
test scratch_table::tests::segmented_scratch_streams_rows_larger_than_its_explicit_cache ... ok

failures:

failures:
    scratch_table::tests::actual_spool_close_reports_native_drain_before_retiring_adapter_owner
    scratch_table::tests::batch_commit_retirement_keeps_failed_and_successful_native_outcomes_unknown
    scratch_table::tests::exact_backend_publication_io_settlement_shrink_and_close_do_not_allocate
    scratch_table::tests::independently_failed_live_batches_keep_each_real_table_and_shell_charge
    scratch_table::tests::raw_batch_cancellation_fences_the_actual_owner_before_retirement_unwinds

test result: FAILED. 31 passed; 5 failed; 0 ignored; 0 measured; 681 filtered out; finished in 33.76s

error: test failed, to rerun pass `-p kasumi-store --lib`
error: 2 targets failed:
    `-p kasumi-raft --lib`
    `-p kasumi-store --lib`
Runner: 197.79s; exit=101; matching=1546/1546
