Command: cargo test --manifest-path vendor/lindera-dictionary-5.3.0/Cargo.toml --locked --lib -- normal_lattice_ common_prefix
ISOLATED_SOURCE=/tmp/kasumi-source-cohort-validation-v1
CARGO_TARGET_DIR=/Users/takemiyamakoto/dev/kasumi/target/disk-backed-cache
 Downloading crates ...
  Downloaded cc v1.2.60
  Downloaded bytecheck v0.8.2
  Downloaded bytecheck_derive v0.8.2
  Downloaded syn v3.0.2
   Compiling proc-macro2 v1.0.106
   Compiling quote v1.0.45
   Compiling libc v0.2.186
   Compiling serde_core v1.0.229
   Compiling zerocopy v0.8.48
   Compiling crossbeam-utils v0.8.21
   Compiling serde v1.0.229
   Compiling zmij v1.0.21
   Compiling shlex v1.3.0
   Compiling find-msvc-tools v0.1.9
   Compiling either v1.15.0
   Compiling autocfg v1.5.0
   Compiling getrandom v0.4.2
   Compiling ciborium-io v0.2.2
   Compiling regex-syntax v0.8.11
   Compiling clap_builder v4.6.6
   Compiling bitflags v2.11.1
   Compiling cast v0.3.0
   Compiling same-file v1.0.6
   Compiling fastrand v2.4.1
   Compiling oorandom v11.1.5
   Compiling num-traits v0.2.19
   Compiling rand_core v0.10.1
   Compiling itertools v0.13.0
   Compiling cc v1.2.60
   Compiling regex-automata v0.4.16
   Compiling walkdir v2.5.0
   Compiling anes v0.1.6
   Compiling log v0.4.33
   Compiling crossbeam-epoch v0.9.20
   Compiling clap v4.6.6
   Compiling errno v0.3.14
   Compiling page_size v0.6.0
   Compiling memmap2 v0.9.11
   Compiling rand v0.10.2
   Compiling alloca v0.4.0
   Compiling serde_json v1.0.151
   Compiling criterion-plot v0.8.2
   Compiling csv v1.4.0
   Compiling regex v1.13.1
   Compiling rustix v1.1.4
   Compiling crossbeam-deque v0.8.7
   Compiling syn v2.0.117
   Compiling syn v3.0.2
   Compiling rayon-core v1.13.0
   Compiling tempfile v3.27.0
   Compiling serde_derive v1.0.229
   Compiling rkyv_derive v0.8.18
   Compiling thiserror-impl v2.0.20
   Compiling rayon v1.12.0
   Compiling ptr_meta_derive v0.3.1
   Compiling zerocopy-derive v0.8.48
   Compiling bytecheck_derive v0.8.2
   Compiling munge_macro v0.4.7
   Compiling strum_macros v0.28.0
   Compiling thiserror v2.0.20
   Compiling ptr_meta v0.3.1
   Compiling munge v0.4.7
   Compiling strum v0.28.0
   Compiling rancor v0.1.1
   Compiling bytecheck v0.8.2
   Compiling rend v0.5.3
   Compiling tinytemplate v1.2.1
   Compiling half v2.7.1
   Compiling rkyv v0.8.18
   Compiling ciborium-ll v0.2.2
   Compiling ciborium v0.2.2
   Compiling criterion v0.8.2
   Compiling lindera-dictionary v5.3.0 (/private/tmp/kasumi-source-cohort-validation-v1/vendor/lindera-dictionary-5.3.0)
    Finished `test` profile [unoptimized + debuginfo] target(s) in 29.40s
     Running unittests src/lib.rs (/Users/takemiyamakoto/dev/kasumi/target/disk-backed-cache/debug/deps/lindera_dictionary-c55924c84e0c9976)

running 3 tests
test viterbi::memory::tests::normal_lattice_quote_arithmetic_refuses_overflow ... ok
test dictionary::prefix_dictionary::tests::common_prefix_iterator_counts_characters ... ok
test viterbi::memory::tests::normal_lattice_bound_covers_dense_matches_unknowns_and_reused_sentence_slots ... ok

test result: ok. 3 passed; 0 failed; 0 ignored; 0 measured; 82 filtered out; finished in 0.35s

Runner: 29.80s; exit=0; matching=1798/1798
