Command: cargo fmt --all --check
CARGO_TARGET_DIR=target/disk-backed-cache
Diff in /Users/takemiyamakoto/dev/kasumi/crates/kasumi-kv/src/root_space_tests.rs:1:
 use super::*;
[31m-use crate::segment::ReplayStart;
(B[m use crate::group::{ExistingFileSpace, FileSpaceRange, TransactionSpacePlan};
[32m+use crate::segment::ReplayStart;
(B[m 
 const GROUP: [u8; 16] = *b"space-plan-root1";
 
Diff in /Users/takemiyamakoto/dev/kasumi/crates/kasumi-store/src/node_disk/batch.rs:542:
         let accounted = requests
             .len()
             .checked_add(
[31m-                usize::try_from(state.transaction_files)
(B[m[31m-                    .map_err(|_| io::ErrorKind::OutOfMemory)?,
(B[m[32m+                usize::try_from(state.transaction_files).map_err(|_| io::ErrorKind::OutOfMemory)?,
(B[m             )
             .ok_or(io::ErrorKind::OutOfMemory)?;
         let live = (files as usize)
Diff in /Users/takemiyamakoto/dev/kasumi/crates/kasumi-store/src/scratch_transaction_space.rs:207:
         name[..CLAIM_FILE_PREFIX.len()].copy_from_slice(CLAIM_FILE_PREFIX);
         for (index, byte) in uuid::Uuid::new_v4().as_bytes().iter().enumerate() {
             name[CLAIM_FILE_PREFIX.len() + index * 2] = b"0123456789abcdef"[(byte >> 4) as usize];
[31m-            name[CLAIM_FILE_PREFIX.len() + index * 2 + 1] = b"0123456789abcdef"[(byte & 15) as usize];
(B[m[32m+            name[CLAIM_FILE_PREFIX.len() + index * 2 + 1] =
(B[m[32m+                b"0123456789abcdef"[(byte & 15) as usize];
(B[m         }
         Self {
             disk: disk.clone(),
Runner: 8.85s; exit=1; matching=765/765
