Command: cargo test --locked --offline --config profile.test.package.kasumi-kv.opt-level=3 --config profile.test.package.sha2.opt-level=3 -p kasumi-kv -p kasumi-store -p kasumi-query -p kasumi-raft -p kasumi-engine -p kasumi-authority --all-features --lib --no-fail-fast -- native_image_segment_ borrowed_index borrowed_unique accepted_index_edits accepted_publication_inventory_archive snapshot_work_ query_source_work_ selected_primary_scoped_cleanup selected_primary_entered_acquisition primary_query_work_ primary_query_adapter_ --nocapture
ISOLATED_SOURCE=/tmp/kasumi-source-cohort-validation-v1
CARGO_TARGET_DIR=/Users/takemiyamakoto/dev/kasumi/target/disk-backed-cache
   Compiling kasumi-kv v0.1.0 (/private/tmp/kasumi-source-cohort-validation-v1/crates/kasumi-kv)
warning: method `last_sm_seq` is never used
  --> vendor/openraft-0.9.25/openraft/src/engine/engine_output.rs:35:19
   |
24 | / impl<C> EngineOutput<C>
25 | | where
26 | |     C: RaftTypeConfig,
   | |______________________- method in this implementation
...
35 |       pub(crate) fn last_sm_seq(&self) -> CommandSeq {
   |                     ^^^^^^^^^^^
   |
   = note: `#[warn(dead_code)]` (part of `#[warn(unused)]`) on by default

warning: method `accept_vote` is never used
  --> vendor/openraft-0.9.25/openraft/src/engine/handler/vote_handler/mod.rs:58:19
   |
45 | / impl<C> VoteHandler<'_, C>
46 | | where
47 | |     C: RaftTypeConfig,
   | |______________________- method in this implementation
...
58 |       pub(crate) fn accept_vote<T, E, F>(
   |                     ^^^^^^^^^^^

warning: `openraft` (lib) generated 2 warnings
   Compiling kasumi-query v0.1.0 (/private/tmp/kasumi-source-cohort-validation-v1/crates/kasumi-query)
   Compiling kasumi-store v0.1.0 (/private/tmp/kasumi-source-cohort-validation-v1/crates/kasumi-store)
warning: field `database` is never read
  --> crates/kasumi-store/src/storage_opening/publication.rs:58:5
   |
55 | struct PublicationRequest {
   |        ------------------ field in this struct
...
58 |     database: StorageRegistration<DatabaseOwner>,
   |     ^^^^^^^^
   |
   = note: `#[warn(dead_code)]` (part of `#[warn(unused)]`) on by default

   Compiling kasumi-raft v0.1.0 (/private/tmp/kasumi-source-cohort-validation-v1/crates/kasumi-raft)
warning: `kasumi-store` (lib) generated 1 warning
warning: field `0` is never read
  --> crates/kasumi-raft/src/owned_prepared_restore.rs:25:33
   |
25 | struct CandidateRetirementPanic(std::sync::Mutex<Box<dyn std::any::Any + Send>>);
   |        ------------------------ ^^^^^^^^^^^^^^^^^^^^^^^^^^^^^^^^^^^^^^^^^^^^^^^
   |        |
   |        field in this struct
   |
   = help: consider removing this field
   = note: `#[warn(dead_code)]` (part of `#[warn(unused)]`) on by default

warning: method `prepared_snapshot_publication` is never used
   --> crates/kasumi-raft/src/custody_machine.rs:235:19
    |
135 | impl CustodyMachine {
    | ------------------- method in this implementation
...
235 |     pub(crate) fn prepared_snapshot_publication(
    |                   ^^^^^^^^^^^^^^^^^^^^^^^^^^^^^

warning: method `publish` is never used
   --> crates/kasumi-raft/src/custody_snapshot_preparation.rs:298:19
    |
188 | impl PreparedCustodySnapshotPublication {
    | --------------------------------------- method in this implementation
...
298 |     pub(crate) fn publish(&mut self, control: &OwnedControlGuard) -> Result<()> {
    |                   ^^^^^^^

warning: field `0` is never read
   --> crates/kasumi-raft/src/custody_snapshot_preparation.rs:382:32
    |
382 | struct SnapshotRetirementPanic(std::sync::Mutex<Box<dyn std::any::Any + Send>>);
    |        ----------------------- ^^^^^^^^^^^^^^^^^^^^^^^^^^^^^^^^^^^^^^^^^^^^^^^
    |        |
    |        field in this struct
    |
    = help: consider removing this field

warning: field `0` is never read
   --> crates/kasumi-raft/src/lifetime.rs:249:17
    |
249 |     Application(StorageHandle<kasumi_store::TenantStorageSet>),
    |     ----------- ^^^^^^^^^^^^^^^^^^^^^^^^^^^^^^^^^^^^^^^^^^^^^
    |     |
    |     field in this variant
    |
help: consider changing the field to be of unit type to suppress this warning while preserving the field numbering, or remove the field
    |
249 -     Application(StorageHandle<kasumi_store::TenantStorageSet>),
249 +     Application(()),
    |

warning: field `0` is never read
   --> crates/kasumi-raft/src/lifetime.rs:250:13
    |
250 |     Custody(StorageHandle<kasumi_store::CustodyStore>),
    |     ------- ^^^^^^^^^^^^^^^^^^^^^^^^^^^^^^^^^^^^^^^^^
    |     |
    |     field in this variant
    |
help: consider changing the field to be of unit type to suppress this warning while preserving the field numbering, or remove the field
    |
250 -     Custody(StorageHandle<kasumi_store::CustodyStore>),
250 +     Custody(()),
    |

warning: associated function `new` is never used
  --> crates/kasumi-raft/src/snapshot_buffer/prepared_child.rs:84:8
   |
83 | impl PreparedChild {
   | ------------------ associated function in this implementation
84 |     fn new(body: PreparedSnapshotBody) -> Self {
   |        ^^^

warning: field `0` is never read
   --> crates/kasumi-raft/src/snapshot_buffer/prepared_child.rs:307:19
    |
307 | struct ChildPanic(Mutex<Box<dyn std::any::Any + Send>>);
    |        ---------- ^^^^^^^^^^^^^^^^^^^^^^^^^^^^^^^^^^^^
    |        |
    |        field in this struct
    |
    = help: consider removing this field

warning: methods `begin_prepared_body` and `cancel_body` are never used
   --> crates/kasumi-raft/src/snapshot_buffer/prepared_child.rs:406:19
    |
320 | impl SnapshotBuffer {
    | ------------------- methods in this implementation
...
406 |     pub(crate) fn begin_prepared_body(
    |                   ^^^^^^^^^^^^^^^^^^^
...
470 |     pub(crate) async fn cancel_body(&mut self) -> DrainResult {
    |                         ^^^^^^^^^^^

warning: method `prepare_engine_publication` is never used
    --> crates/kasumi-raft/src/storage.rs:1121:19
     |
1083 | impl PendingSnapshot {
     | -------------------- method in this implementation
...
1121 |     pub(crate) fn prepare_engine_publication<'backend>(
     |                   ^^^^^^^^^^^^^^^^^^^^^^^^^^

warning: enum `SnapshotPublicationPhase` is never used
    --> crates/kasumi-raft/src/storage.rs:1175:6
     |
1175 | enum SnapshotPublicationPhase {
     |      ^^^^^^^^^^^^^^^^^^^^^^^^

warning: struct `PreparedEngineSnapshotPublication` is never constructed
    --> crates/kasumi-raft/src/storage.rs:1181:19
     |
1181 | pub(crate) struct PreparedEngineSnapshotPublication<'backend> {
     |                   ^^^^^^^^^^^^^^^^^^^^^^^^^^^^^^^^^

warning: methods `source` and `publish` are never used
    --> crates/kasumi-raft/src/storage.rs:1191:19
     |
1190 | impl PreparedEngineSnapshotPublication<'_> {
     | ------------------------------------------ methods in this implementation
1191 |     pub(crate) fn source(&self) -> &crate::PreparedSnapshotSourceEnvelope {
     |                   ^^^^^^
...
1194 |     pub(crate) fn publish(&mut self, domains: &TenantStorageSet) -> Result<()> {
     |                   ^^^^^^^

warning: method `context` is never used
   --> crates/kasumi-raft/src/storage/snapshot_conflict.rs:403:19
    |
134 | impl PreparedSnapshotConflict {
    | ----------------------------- method in this implementation
...
403 |     pub(crate) fn context(&self) -> &SnapshotAcceptanceContext<u64> {
    |                   ^^^^^^^

warning: method `source` is never used
   --> crates/kasumi-raft/src/storage/owned_snapshot_body.rs:328:19
    |
 59 | impl PreparedApplicationSnapshot {
    | -------------------------------- method in this implementation
...
328 |     pub(crate) fn source(&self) -> Option<&crate::PreparedSnapshotSourceEnvelope> {
    |                   ^^^^^^

warning: field `0` is never read
   --> crates/kasumi-raft/src/storage/owned_snapshot_body.rs:770:32
    |
770 | struct SnapshotRetirementPanic(std::sync::Mutex<Box<dyn std::any::Any + Send>>);
    |        ----------------------- ^^^^^^^^^^^^^^^^^^^^^^^^^^^^^^^^^^^^^^^^^^^^^^^
    |        |
    |        field in this struct
    |
    = help: consider removing this field

warning: methods `log` and `expected` are never used
   --> crates/kasumi-raft/src/storage/snapshot_seed.rs:461:19
    |
132 | impl SnapshotSeed {
    | ----------------- methods in this implementation
...
461 |     pub(crate) fn log(&self) -> &LogStore {
    |                   ^^^
...
464 |     pub(crate) fn expected(&self) -> &SnapshotMeta<u64, BasicNode> {
    |                   ^^^^^^^^

   Compiling kasumi-engine v0.1.0 (/private/tmp/kasumi-source-cohort-validation-v1/crates/kasumi-engine)
warning: methods `fixture_install_snapshot` and `prepared_snapshot_publication` are never used
   --> crates/kasumi-raft/src/custody_machine.rs:139:25
    |
135 | impl CustodyMachine {
    | ------------------- methods in this implementation
...
139 |     pub(crate) async fn fixture_install_snapshot(
    |                         ^^^^^^^^^^^^^^^^^^^^^^^^
...
235 |     pub(crate) fn prepared_snapshot_publication(
    |                   ^^^^^^^^^^^^^^^^^^^^^^^^^^^^^
    |
    = note: `#[warn(dead_code)]` (part of `#[warn(unused)]`) on by default

warning: `kasumi-store` (lib test) generated 1 warning (1 duplicate)
warning: `kasumi-raft` (lib) generated 17 warnings
warning: `kasumi-raft` (lib test) generated 7 warnings (6 duplicates)
warning: methods `prepare` and `prepare_kind` are never used
   --> crates/kasumi-engine/src/application_sources.rs:760:19
    |
652 | impl SourceRootsRef {
    | ------------------- methods in this implementation
...
760 |     pub(crate) fn prepare(&self) -> Result<RootPreparation> {
    |                   ^^^^^^^
...
799 |     fn prepare_kind(&self, canonical: bool) -> Result<RootPreparation> {
    |        ^^^^^^^^^^^^
    |
    = note: `#[warn(dead_code)]` (part of `#[warn(unused)]`) on by default

warning: `kasumi-engine` (lib) generated 1 warning
   Compiling kasumi-authority v0.1.0 (/private/tmp/kasumi-source-cohort-validation-v1/crates/kasumi-authority)
warning: unused imports: `EditedCollection`, `OrderedEditFailure`, `PrimaryPublicationInventory`, and `VerifiedOrderedEdits`
   --> crates/kasumi-engine/src/primary_stage_cow.rs:452:5
    |
452 |     EditedCollection, OrderedEditFailure, PendingOrderedEdits, PrimaryPublicationInventory,
    |     ^^^^^^^^^^^^^^^^  ^^^^^^^^^^^^^^^^^^                       ^^^^^^^^^^^^^^^^^^^^^^^^^^^
453 |     VerifiedOrderedEdits,
    |     ^^^^^^^^^^^^^^^^^^^^
    |
    = note: `#[warn(unused_imports)]` (part of `#[warn(unused)]`) on by default

warning: unused import: `QueryWorkspace`
   --> crates/kasumi-engine/src/query_source_work.rs:219:37
    |
219 |     use kasumi_query::{QueryMemory, QueryWorkspace};
    |                                     ^^^^^^^^^^^^^^

warning: unused imports: `AcceptedPublicationInventory` and `CollectionPublication`
   --> crates/kasumi-engine/src/primary_projection.rs:208:5
    |
208 |     AcceptedPublicationInventory, CollectionAction, CollectionPublication, DocumentChange,
    |     ^^^^^^^^^^^^^^^^^^^^^^^^^^^^                    ^^^^^^^^^^^^^^^^^^^^^

warning: unused imports: `AcceptedIndexEdits` and `IndexChange`
   --> crates/kasumi-engine/src/primary_projection.rs:212:5
    |
212 |     AcceptedIndexEdits, FieldSlot, IndexChange, IndexInputFailure, IndexOperation, IndexRole,
    |     ^^^^^^^^^^^^^^^^^^             ^^^^^^^^^^^

warning: method `previous_reference` is never used
  --> crates/kasumi-engine/src/primary_stage_ordered.rs:29:19
   |
22 | impl EditedCollection {
   | --------------------- method in this implementation
...
29 |     pub(crate) fn previous_reference(&self) -> ManifestRef {
   |                   ^^^^^^^^^^^^^^^^^^
   |
   = note: `#[warn(dead_code)]` (part of `#[warn(unused)]`) on by default

warning: field `resources` is never read
   --> crates/kasumi-engine/src/primary_stage_ordered.rs:107:5
    |
105 | pub(crate) struct OrderedEditFailure<'guard, 'engine> {
    |                   ------------------ field in this struct
106 |     original: anyhow::Error,
107 |     resources: OrderedResources<'guard, 'engine>,
    |     ^^^^^^^^^

warning: method `attempt` is never used
  --> crates/kasumi-engine/src/primary_stage_ordered_verify.rs:13:19
   |
 9 | impl<'guard, 'engine> VerifiedOrderedEdits<'guard, 'engine> {
   | ----------------------------------------------------------- method in this implementation
...
13 |     pub(crate) fn attempt(&self) -> Attempt {
   |                   ^^^^^^^

warning: method `request_cache_refill` is never used
  --> crates/kasumi-engine/src/primary_cache_warm.rs:45:19
   |
30 | impl SelectedPrimary {
   | -------------------- method in this implementation
...
45 |     pub(crate) fn request_cache_refill(self) -> std::result::Result<Self, ReadFailure> {
   |                   ^^^^^^^^^^^^^^^^^^^^

warning: methods `warm_batch` and `request_cache_refill` are never used
   --> crates/kasumi-engine/src/primary_document_source.rs:96:19
    |
 68 | impl PrimaryDocumentSource {
    | -------------------------- methods in this implementation
...
 96 |     pub(crate) fn warm_batch(
    |                   ^^^^^^^^^^
...
103 |     pub(crate) fn request_cache_refill(&self) -> ReadResult<(), ReadFailure> {
    |                   ^^^^^^^^^^^^^^^^^^^^

warning: `kasumi-engine` (lib test) generated 9 warnings (run `cargo fix --lib -p kasumi-engine --tests` to apply 4 suggestions)
    Finished `test` profile [unoptimized + debuginfo] target(s) in 1m 07s
     Running unittests src/lib.rs (/Users/takemiyamakoto/dev/kasumi/target/disk-backed-cache/debug/deps/kasumi_authority-e63a7f831ec29de9)

running 0 tests

test result: ok. 0 passed; 0 failed; 0 ignored; 0 measured; 78 filtered out; finished in 0.00s

     Running unittests src/lib.rs (/Users/takemiyamakoto/dev/kasumi/target/disk-backed-cache/debug/deps/kasumi_engine-707e7a92ed2be845)

running 15 tests
test admission::snapshot_work::tests::snapshot_work_cleanup_borrows_the_same_inline_original_as_report ... ok
test state::primary_projection::tests::inventory_tests::index::accepted_index_edits_reject_rebuild_and_preserve_as_sparse_inputs ... ok
test state::primary_projection::tests::inventory_tests::accepted_publication_inventory_archive_preserves_version_and_exact_index_fields ... ok
test state::primary_projection::tests::inventory_tests::index::accepted_index_edits_preserve_the_original_consumer_failure ... ok
test state::primary_projection::tests::inventory_tests::index::accepted_index_edits_borrow_complete_roles_and_remove_all_unique_owners_first ... ok
test application_sources::tests::primary_read_tests::selected_primary_entered_acquisition_failure_keeps_same_cell_for_scoped_cleanup ... ok

thread 'application_sources::tests::primary_read_tests::selected_primary_scoped_cleanup_never_certifies_opaque_callback_panic' (29199402) panicked at crates/kasumi-engine/src/primary_read_tests.rs:1703:13:
Box<dyn Any>
note: run with `RUST_BACKTRACE=1` environment variable to display a backtrace
test application_sources::tests::primary_read_tests::primary_query_adapter_storage_failure_never_uses_resident_fallback ... ok
test application_sources::tests::primary_read_tests::primary_query_adapter_scans_preserve_actual_hot_demand_history ... ok
test application_sources::tests::primary_read_tests::selected_primary_scoped_cleanup_never_certifies_opaque_callback_panic ... ok
test application_sources::tests::primary_read_tests::primary_query_work_actual_source_success_and_unstarted_cancel_retire_same_reader ... ok
test application_sources::tests::primary_read_tests::selected_primary_scoped_cleanup_retires_exact_reader_keeps_original_diagnostic ... ok
test application_sources::tests::primary_read_tests::primary_query_adapter_executes_with_empty_resident_maps_and_exact_old_root ... ok
test application_sources::tests::primary_read_tests::primary_query_adapter_checks_metadata_versions_cancellation_and_exclusive_headers ... ok
test application_sources::tests::primary_read_tests::primary_query_adapter_absence_still_rechecks_access_after_lending ... ok
test application_sources::tests::primary_read_tests::primary_query_work_actual_source_failure_retains_inline_original_after_cleanup ... ok

test result: ok. 15 passed; 0 failed; 0 ignored; 0 measured; 723 filtered out; finished in 7.62s

     Running unittests src/lib.rs (/Users/takemiyamakoto/dev/kasumi/target/disk-backed-cache/debug/deps/kasumi_kv-221aa5373d25965b)

running 7 tests

thread 'segment::image::tests::native_image_segment_begin_panic_retains_original_and_fences_every_entry_phase' (29199669) panicked at crates/kasumi-kv/src/segment_image_tests.rs:439:9:
Box<dyn Any>
note: run with `RUST_BACKTRACE=1` environment variable to display a backtrace
test segment::image::tests::native_image_segment_rejects_prior_segment_and_empty_root_versions ... ok

thread 'segment::image::tests::native_image_segment_begin_panic_retains_original_and_fences_every_entry_phase' (29199669) panicked at crates/kasumi-kv/src/segment_image_tests.rs:439:9:
Box<dyn Any>

thread 'segment::image::tests::native_image_segment_begin_panic_retains_original_and_fences_every_entry_phase' (29199669) panicked at crates/kasumi-kv/src/segment_image_tests.rs:448:9:
Box<dyn Any>

thread 'segment::image::tests::native_image_segment_begin_panic_retains_original_and_fences_every_entry_phase' (29199669) panicked at crates/kasumi-kv/src/segment_image_tests.rs:448:9:
Box<dyn Any>
test segment::image::tests::native_image_segment_begin_panic_retains_original_and_fences_every_entry_phase ... ok
test segment::image::tests::native_image_segment_rejects_resealed_chunk_and_commit_substitutions ... ok
test segment::image::tests::native_image_segment_torn_commit_reconstructs_exact_image_body ... ok
test segment::image::tests::native_image_segment_failures_at_every_write_and_sync_expose_old_or_complete ... ok
test segment::image::tests::native_image_segment_100000_operations_remain_private_until_one_commit ... ok
test segment::image::tests::native_image_segment_over_96mib_reuses_one_chunk_workspace ... ok

test result: ok. 7 passed; 0 failed; 0 ignored; 0 measured; 583 filtered out; finished in 4.38s

     Running unittests src/lib.rs (/Users/takemiyamakoto/dev/kasumi/target/disk-backed-cache/debug/deps/kasumi_query-98098ded30f605b4)

running 6 tests
test index_key::values::tests::borrowed_index_pointer_uses_fixed_backing_and_matches_canonical_json_pointer ... ok
test index_key::values::tests::borrowed_index_values_preserve_presence_empty_arrays_and_fixed_distinct_order ... ok
test index_key::values::tests::borrowed_index_archives_use_exact_indexed_fields_without_hydration ... ok
test index_key::values::tests::borrowed_unique_tuple_keeps_null_sparse_errors_exact_numbers_and_long_strings ... ok
test index_key::values::tests::borrowed_index_values_match_existing_scalar_and_array_error_semantics ... ok
test index_key::values::tests::borrowed_index_values_validate_array_tail_and_keep_exact_4096_bound ... ok

test result: ok. 6 passed; 0 failed; 0 ignored; 0 measured; 77 filtered out; finished in 0.04s

     Running unittests src/lib.rs (/Users/takemiyamakoto/dev/kasumi/target/disk-backed-cache/debug/deps/kasumi_raft-80f97d1b4f50c7fa)

running 0 tests

test result: ok. 0 passed; 0 failed; 0 ignored; 0 measured; 249 filtered out; finished in 0.00s

     Running unittests src/lib.rs (/Users/takemiyamakoto/dev/kasumi/target/disk-backed-cache/debug/deps/kasumi_store-6fd2a1f28b2df75c)

running 0 tests

test result: ok. 0 passed; 0 failed; 0 ignored; 0 measured; 762 filtered out; finished in 0.00s

Runner: 79.22s; exit=0; matching=1650/1650
