Command: cargo test --locked --offline --config profile.test.package.kasumi-kv.opt-level=3 --config profile.test.package.sha2.opt-level=3 -p kasumi-kv -p kasumi-store -p kasumi-raft -p kasumi-engine --all-features --lib --no-fail-fast -- committed_writer committed_empty_writer held_writer_commit key_only_delete_crash log_source_publication storage_domains::tests --nocapture
CARGO_TARGET_DIR=target/disk-backed-cache
   Compiling kasumi-kv v0.1.0 (/Users/takemiyamakoto/dev/kasumi/crates/kasumi-kv)
   Compiling kasumi-store v0.1.0 (/Users/takemiyamakoto/dev/kasumi/crates/kasumi-store)
   Compiling kasumi-raft v0.1.0 (/Users/takemiyamakoto/dev/kasumi/crates/kasumi-raft)
   Compiling kasumi-engine v0.1.0 (/Users/takemiyamakoto/dev/kasumi/crates/kasumi-engine)
warning: method `install_source_cohort` is never used
   --> crates/kasumi-engine/src/application_sources.rs:634:19
    |
606 | impl SourceRootsRef {
    | ------------------- method in this implementation
...
634 |     pub(crate) fn install_source_cohort(
    |                   ^^^^^^^^^^^^^^^^^^^^^
    |
    = note: `#[warn(dead_code)]` (part of `#[warn(unused)]`) on by default

warning: associated function `new` is never used
  --> crates/kasumi-engine/src/application_source_capacity.rs:35:43
   |
34 | impl LaneFunding {
   | ---------------- associated function in this implementation
35 |     pub(in crate::application_sources) fn new(
   |                                           ^^^

warning: associated items `empty` and `install` are never used
  --> crates/kasumi-engine/src/application_source_cohort.rs:18:19
   |
17 | impl SourceCohort {
   | ----------------- associated items in this implementation
18 |     pub(super) fn empty(envelope: kasumi_raft::PreparedOrdinarySourceEnvelope) -> Self {
   |                   ^^^^^
...
33 |     pub(super) fn install(&self, roots: &SourceRootsRef) -> Result<()> {
   |                   ^^^^^^^

warning: variants `Empty` and `Installed` are never constructed
   --> crates/kasumi-engine/src/application_source_cohort.rs:268:5
    |
267 | enum CapacityState {
    |      ------------- variants in this enum
268 |     Empty,
    |     ^^^^^
269 |     Installed(kasumi_store::RegisteredSourceCapacity),
    |     ^^^^^^^^^

warning: associated function `new` is never used
   --> crates/kasumi-engine/src/application_source_cohort.rs:338:8
    |
337 | impl CohortAdmissionRefusal {
    | --------------------------- associated function in this implementation
338 |     fn new(error: impl Into<anyhow::Error>) -> Self {
    |        ^^^

warning: `kasumi-engine` (lib) generated 5 warnings
    Finished `test` profile [unoptimized + debuginfo] target(s) in 55.11s
     Running unittests src/lib.rs (target/disk-backed-cache/debug/deps/kasumi_engine-44db468831cfc59f)

running 3 tests
test admission::source_publication::protected_point_tests::log_source_publication_tests::sole_domain_publication_captures_without_application_access ... ok
test admission::source_publication::protected_point_tests::log_source_publication_tests::source_publication_rejects_foreign_provider_before_any_write ... ok
test admission::source_publication::protected_point_tests::log_source_publication_tests::paired_publication_captures_its_exact_replacement_before_later_writes ... ok

test result: ok. 3 passed; 0 failed; 0 ignored; 0 measured; 657 filtered out; finished in 1.88s

     Running unittests src/lib.rs (target/disk-backed-cache/debug/deps/kasumi_kv-221aa5373d25965b)

running 4 tests
test tables::read_fork_tests::source_reads::committed_empty_writer_is_a_live_owner_until_its_success_guard_retires ... ok
test tables::read_fork_tests::source_reads::held_writer_commit_capacity_refusal_mints_no_guard_and_releases_actual_writer ... ok
test tables::read_fork_tests::source_reads::committed_writer_holds_exact_root_through_preowned_capture_without_new_grants ... ok
test tables::tests::key_only_delete_crash_replay_is_atomic_after_sync_failure ... ok

test result: ok. 4 passed; 0 failed; 0 ignored; 0 measured; 551 filtered out; finished in 0.05s

     Running unittests src/lib.rs (target/disk-backed-cache/debug/deps/kasumi_raft-8af78bc0d2a8574c)

running 0 tests

test result: ok. 0 passed; 0 failed; 0 ignored; 0 measured; 188 filtered out; finished in 0.00s

     Running unittests src/lib.rs (target/disk-backed-cache/debug/deps/kasumi_store-4ef75ebdc018c368)

running 18 tests
test storage_domains::tests::every_interrupted_domain_transaction_recovers_whole_old_or_whole_new ... ok
test storage_domains::tests::post_commit_domain_expiry_reports_uncertainty_and_retains_complete_write ... ok
test storage_domains::tests::typed_domain_expiry_is_minted_only_after_actual_complete_commit ... ok
test storage_domains::tests::control_reopens_without_any_application_key_probe_after_revocation ... ok
test storage_domains::tests::initial_state_rejects_delete_only_publications_without_consuming_initialization ... ok
test storage_domains::tests::initial_state_checks_and_joint_publication_have_one_concurrent_winner ... ok
test storage_domains::tests::combined_quota_and_substituted_catalog_binding_fail_before_publication ... ok
test storage_domains::tests::pinned_bootstrap_view_survives_coherent_physical_identity_replacement ... ok
test storage_domains::tests::paired_deployment_read_rejects_oversized_envelope_before_key_id_parse ... ok
test storage_domains::tests::custody_deployment_read_retains_writer_bounded_charge_without_application ... ok
test storage_domains::tests::domains_require_distinct_actual_wrapping_policies_and_same_node ... ok
test storage_domains::tests::empty_namespace_replacements_roll_back_both_domains_when_real_source_is_closed ... ok
test storage_domains::tests::initial_state_rejects_unknown_records_in_either_complete_domain ... ok
test storage_domains::tests::initial_state_requires_the_exact_retained_custody_binding ... ok
test storage_domains::tests::catalog_presence_classification_requires_both_domains ... ok
test storage_domains::tests::paired_deployment_read_checks_domains_and_charge ... ok
test storage_domains::tests::initial_bootstrap_identity_is_atomic_write_once_with_exact_retry ... ok
test storage_domains::tests::paired_deployment_read_accepts_exact_current_writer_boundary ... ok

test result: ok. 18 passed; 0 failed; 0 ignored; 0 measured; 708 filtered out; finished in 23.00s

Runner: 80.13s; exit=0; matching=1560/1560
