Command: cargo test --locked --offline --all-features --config profile.test.package.kasumi-kv.opt-level=3 --config profile.test.package.sha2.opt-level=3 -p kasumi-engine --lib state::tenant_audit::tests::
CARGO_TARGET_DIR=target/disk-backed-cache
warning: variant `Mutation` is never constructed
  --> crates/kasumi-engine/src/security_audit_jobs.rs:26:5
   |
24 | enum JobEffect {
   |      --------- variant in this enum
25 |     Read,
26 |     Mutation(&'static str),
   |     ^^^^^^^^
   |
   = note: `JobEffect` has a derived impl for the trait `Clone`, but this is intentionally ignored during dead code analysis
   = note: `#[warn(dead_code)]` (part of `#[warn(unused)]`) on by default

warning: struct `ReadPause` is never constructed
  --> crates/kasumi-engine/src/security_audit_jobs.rs:57:19
   |
57 | pub(super) struct ReadPause {
   |                   ^^^^^^^^^

warning: method `run_mutation` is never used
   --> crates/kasumi-engine/src/security_audit_jobs.rs:120:25
    |
 62 | impl SecurityAudit {
    | ------------------ method in this implementation
...
120 |     pub(super) async fn run_mutation<T, F, R>(&self, component: &'static str, run: R) -> Result<T>
    |                         ^^^^^^^^^^^^

warning: `kasumi-engine` (lib) generated 3 warnings
warning: field `panic` is never read
  --> crates/kasumi-engine/src/security_audit_jobs.rs:52:9
   |
48 | pub(super) struct RecordFault {
   |                   ----------- field in this struct
...
52 |     pub panic: bool,
   |         ^^^^^

warning: `kasumi-engine` (lib test) generated 4 warnings (3 duplicates)
    Finished `test` profile [unoptimized + debuginfo] target(s) in 1.14s
     Running unittests src/lib.rs (target/disk-backed-cache/debug/deps/kasumi_engine-b15d1192089511a8)

running 5 tests
test state::tenant_audit::tests::replay_without_an_installed_placement_is_unavailable_and_selects_no_default ... ok
test state::tenant_audit::tests::failed_prune_publication_keeps_selected_prefix_and_replays_staged_archive ... ok
test state::tenant_audit::tests::uncertain_publication_keeps_hot_prefix_and_apply_never_recontacts_external_archive ... ok
test state::tenant_audit::tests::authenticated_wrong_prefix_and_corrupt_ciphertext_never_prune ... ok
test state::tenant_audit::tests::uncertain_preparation_reopens_the_same_encrypted_object_after_restart ... ok

test result: ok. 5 passed; 0 failed; 0 ignored; 0 measured; 537 filtered out; finished in 5.68s

Runner: 7.01s; exit=0; matching=805/805
