Command: cargo test -p kasumi-engine --lib --locked --offline --config profile.test.package.kasumi-kv.opt-level=3 --config profile.test.package.sha2.opt-level=3 -- --test-threads=1 query_memory pagination_memory output::tests lease_retention::tests document_source::tests query_shutdown snapshot_leases::workspace_tests snapshot_quota_rejection_preserves_text_writer_and_original_receipts captured_index_corruption_is_outer_before_mutation_receipt_or_text_publication
CARGO_TARGET_DIR=target/disk-backed-cache
   Compiling kasumi-engine v0.1.0 (/Users/takemiyamakoto/dev/kasumi/crates/kasumi-engine)
warning: variant `Mutation` is never constructed
  --> crates/kasumi-engine/src/security_audit_jobs.rs:26:5
   |
24 | enum JobEffect {
   |      --------- variant in this enum
25 |     Read,
26 |     Mutation(&'static str),
   |     ^^^^^^^^
   |
   = note: `JobEffect` has a derived impl for the trait `Clone`, but this is intentionally ignored during dead code analysis
   = note: `#[warn(dead_code)]` (part of `#[warn(unused)]`) on by default

warning: struct `ReadPause` is never constructed
  --> crates/kasumi-engine/src/security_audit_jobs.rs:57:19
   |
57 | pub(super) struct ReadPause {
   |                   ^^^^^^^^^

warning: method `run_mutation` is never used
   --> crates/kasumi-engine/src/security_audit_jobs.rs:120:25
    |
 62 | impl SecurityAudit {
    | ------------------ method in this implementation
...
120 |     pub(super) async fn run_mutation<T, F, R>(&self, component: &'static str, run: R) -> Result<T>
    |                         ^^^^^^^^^^^^

warning: `kasumi-engine` (lib) generated 3 warnings
warning: field `panic` is never read
  --> crates/kasumi-engine/src/security_audit_jobs.rs:52:9
   |
48 | pub(super) struct RecordFault {
   |                   ----------- field in this struct
...
52 |     pub panic: bool,
   |         ^^^^^

warning: `kasumi-engine` (lib test) generated 4 warnings (3 duplicates)
    Finished `test` profile [unoptimized + debuginfo] target(s) in 6m 48s
     Running unittests src/lib.rs (target/disk-backed-cache/debug/deps/kasumi_engine-b15d1192089511a8)

running 29 tests
test document_source::tests::absent_records_require_presence_only_when_a_version_is_expected ... ok
test document_source::tests::cancellation_is_checked_before_lending_and_after_the_callback ... ok
test document_source::tests::corrupt_ids_versions_and_disagreeing_hydration_never_reach_the_loan ... ok
test document_source::tests::headers_merge_live_archive_and_hydrated_rows_once_in_exclusive_order ... ok
test document_source::tests::identity_retains_actual_generation_collection_and_exact_indexes ... ok
test document_source::tests::later_overlay_cannot_change_the_captured_records_or_indexes ... ok
test output::tests::admitted_output_survives_completed_worker_and_cross_thread_handoff ... ok
test output::tests::admitted_output_unwind_destroys_payload_before_releasing_its_charge ... ok
test service::snapshot_leases::workspace_tests::cancelled_page_preparation_keeps_selected_payload_and_charge_together ... ok
test service::snapshot_leases::workspace_tests::completed_scan_keeps_output_charged_after_lease_expiry_until_abandoned ... ok
test service::tests::pagination_memory_await_cancellation_and_unwind_drain_payload_before_charge ... ok
test service::tests::pagination_memory_completed_fresh_owner_releases_only_its_operation_slot ... ok
test service::tests::pagination_memory_concurrent_continuations_use_independent_page_charges ... ok
test service::tests::pagination_memory_fresh_clone_admits_full_response_and_page_before_cursor_handoff ... ok
test service::tests::pagination_memory_output_charge_denial_keeps_the_completed_payload_owned ... ok
test service::tests::pagination_memory_public_read_outputs_outlive_shutdown_and_release_independently ... ok
test service::tests::pagination_memory_strict_fresh_queries_release_the_completed_operation_slot ... ok
test service::tests::query_memory_reuses_prepaid_slot_and_preserves_growth_on_denial_and_cancellation ... ok
test service::tests::query_memory_success_and_source_error_outputs_hold_custody_until_abandoned ... ok
test service::tests::query_shutdown_drains_abandoned_output_and_captured_generation ... ok
test service::tests::snapshot_query_memory_keeps_points_and_prior_results_live_and_denies_second_peak ... ok
test state::lease_retention::tests::archive_leaf_clones_share_unchanged_large_values_and_manifest_payloads ... ok
test state::lease_retention::tests::metadata_allocation_is_charged_before_opening_and_snapshot_replace_invalidates_handles ... ok
test state::lease_retention::tests::primary_id_paths_stay_charged_after_temporary_insert_and_delete ... ok
test state::lease_retention::tests::publication_enforces_aggregate_retention_before_another_page_or_monitor_tick ... ok
test state::lease_retention::tests::publication_expires_full_roots_while_two_inflight_selections_keep_only_bounded_pages ... ok
test state::lease_retention::tests::selected_input_baseline_reuses_grown_charge_and_survives_lease_expiry ... ok
test state::mutation_apply::tests::captured_index_corruption_is_outer_before_mutation_receipt_or_text_publication ... ok
test state::mutation_apply::tests::snapshot_quota_rejection_preserves_text_writer_and_original_receipts ... ok

test result: ok. 29 passed; 0 failed; 0 ignored; 0 measured; 366 filtered out; finished in 44.71s

Runner: 453.24s; exit=0; matching=556/556
