Command: cargo clippy --locked --offline --config profile.test.package.kasumi-kv.opt-level=3 --config profile.test.package.sha2.opt-level=3 -p kasumi-raft --all-features --all-targets --no-deps -- -D warnings
CARGO_TARGET_DIR=target/disk-backed-cache
    Checking tokio v1.53.1
    Checking futures-util v0.3.34
    Checking serde v1.0.229
    Checking ring v0.17.14
   Compiling serde_json v1.0.151 (/Users/takemiyamakoto/dev/kasumi/vendor/serde_json-1.0.151)
    Checking clap v4.6.6
    Checking kasumi-kv v0.1.0 (/Users/takemiyamakoto/dev/kasumi/crates/kasumi-kv)
    Checking cobs v0.3.0
    Checking anyerror v0.1.13
    Checking serde_urlencoded v0.7.1
    Checking postcard v1.1.3
    Checking rustls-webpki v0.103.15
    Checking futures-executor v0.3.34
    Checking validit v0.2.6
    Checking rustls v0.23.43
    Checking futures v0.3.34
    Checking kasumi-types v0.1.0 (/Users/takemiyamakoto/dev/kasumi/crates/kasumi-types)
    Checking tokio-util v0.7.19
    Checking tokio-rustls v0.26.5
    Checking tokio-stream v0.1.19
    Checking openraft v0.9.25 (/Users/takemiyamakoto/dev/kasumi/vendor/openraft-0.9.25/openraft)
    Checking h2 v0.4.19
    Checking tower v0.5.3
    Checking tower-http v0.6.11
    Checking hyper v1.11.1
    Checking hyper-util v0.1.20
    Checking hyper-timeout v0.5.2
    Checking hyper-rustls v0.27.9
    Checking reqwest v0.12.28
    Checking tonic v0.14.6
    Checking kasumi-transport v0.1.0 (/Users/takemiyamakoto/dev/kasumi/crates/kasumi-transport)
    Checking kasumi-serving v0.1.0 (/Users/takemiyamakoto/dev/kasumi/crates/kasumi-serving)
    Checking kasumi-store v0.1.0 (/Users/takemiyamakoto/dev/kasumi/crates/kasumi-store)
    Checking kasumi-raft v0.1.0 (/Users/takemiyamakoto/dev/kasumi/crates/kasumi-raft)
error: this `if` statement can be collapsed
   --> crates/kasumi-raft/src/storage.rs:318:17
    |
318 | /                 if let Some(batch) = &mut batch {
319 | |                     if !batch.admit(encoded.len())? {
320 | |                         break;
321 | |                     }
322 | |                 }
    | |_________________^
    |
    = help: for further information visit https://rust-lang.github.io/rust-clippy/rust-1.97.0/index.html#collapsible_if
    = note: `-D clippy::collapsible-if` implied by `-D warnings`
    = help: to override `-D warnings` add `#[allow(clippy::collapsible_if)]`
help: collapse nested if block
    |
318 ~                 if let Some(batch) = &mut batch
319 ~                     && !batch.admit(encoded.len())? {
320 |                         break;
321 ~                     }
    |

error: could not compile `kasumi-raft` (lib) due to 1 previous error
warning: build failed, waiting for other jobs to finish...
error: this function has too many arguments (8/7)
   --> crates/kasumi-raft/src/control_tests.rs:431:1
    |
431 | / async fn target_serving_fixture(
432 | |     disk: FaultBackend,
433 | |     create: bool,
434 | |     fixture_scratch: Arc<kasumi_store::ScratchDisk>,
...   |
439 | |     custody_provider: Arc<LocalKeyProvider>,
440 | | ) -> Result<(Arc<TenantStorageSet>, LogStore)> {
    | |______________________________________________^
    |
    = help: for further information visit https://rust-lang.github.io/rust-clippy/rust-1.97.0/index.html#too_many_arguments
    = note: `-D clippy::too-many-arguments` implied by `-D warnings`
    = help: to override `-D warnings` add `#[allow(clippy::too_many_arguments)]`

error: could not compile `kasumi-raft` (lib test) due to 2 previous errors
Runner: 56.35s; exit=101; matching=1560/1560
