Command: cargo check --locked --offline --config profile.test.package.kasumi-kv.opt-level=3 --config profile.test.package.sha2.opt-level=3 -p kasumi-engine -p kasumi-raft -p kasumi-authority --all-features --all-targets
CARGO_TARGET_DIR=target/disk-backed-cache
    Checking kasumi-types v0.1.0 (/Users/takemiyamakoto/dev/kasumi/crates/kasumi-types)
    Checking kasumi-serving v0.1.0 (/Users/takemiyamakoto/dev/kasumi/crates/kasumi-serving)
    Checking kasumi-query v0.1.0 (/Users/takemiyamakoto/dev/kasumi/crates/kasumi-query)
    Checking kasumi-store v0.1.0 (/Users/takemiyamakoto/dev/kasumi/crates/kasumi-store)
    Checking kasumi-client v0.1.0 (/Users/takemiyamakoto/dev/kasumi/crates/kasumi-client)
    Checking kasumi-raft v0.1.0 (/Users/takemiyamakoto/dev/kasumi/crates/kasumi-raft)
    Checking kasumi-engine v0.1.0 (/Users/takemiyamakoto/dev/kasumi/crates/kasumi-engine)
    Checking kasumi-authority v0.1.0 (/Users/takemiyamakoto/dev/kasumi/crates/kasumi-authority)
warning: unused import: `PreparedOrderedCommand`
 --> crates/kasumi-engine/src/state.rs:6:41
  |
6 | use ordered_command::{ByteBoundCommand, PreparedOrderedCommand};
  |                                         ^^^^^^^^^^^^^^^^^^^^^^
  |
  = note: `#[warn(unused_imports)]` (part of `#[warn(unused)]`) on by default

error[E0599]: no method named `context` found for enum `std::option::Option<T>` in the current scope
   --> crates/kasumi-engine/src/ordered_command.rs:266:14
    |
263 |           let input = self
    |  _____________________-
264 | |             .input
265 | |             .take()
266 | |             .context("ordinary completion action repeated")?;
    | |_____________-^^^^^^^
    |
   ::: /Users/takemiyamakoto/.cargo/registry/src/index.crates.io-1949cf8c6b5b557f/anyhow-1.0.104/src/lib.rs:618:8
    |
618 |       fn context<C>(self, context: C) -> Result<T, Error>
    |          ------- the method is available for `std::option::Option<ByteBoundCommand<'_>>` here
    |
    = help: items from traits can only be used if the trait is in scope
help: trait `Context` which provides `context` is implemented but not in scope; perhaps you want to import it
    |
  3 + use anyhow::Context;
    |
help: there is a method `with_context` with a similar name
    |
266 |             .with_context("ordinary completion action repeated")?;
    |              +++++

For more information about this error, try `rustc --explain E0599`.
warning: `kasumi-engine` (lib) generated 1 warning
error: could not compile `kasumi-engine` (lib) due to 1 previous error; 1 warning emitted
Runner: 98.82s; exit=101; matching=845/845
