Command: cargo test --locked --offline --config profile.test.package.kasumi-kv.opt-level=3 --config profile.test.package.sha2.opt-level=3 -p kasumi-kv -p kasumi-store -p kasumi-raft -p kasumi-engine -p kasumi-authority --all-features --lib --no-fail-fast -- group_publication_ primary_query_adapter_ selected_primary_ snapshot_retained_decoder_ snapshot_prepared_child_ --nocapture
ISOLATED_SOURCE=/tmp/kasumi-source-cohort-validation-v1
CARGO_TARGET_DIR=/Users/takemiyamakoto/dev/kasumi/target/disk-backed-cache
   Compiling kasumi-store v0.1.0 (/private/tmp/kasumi-source-cohort-validation-v1/crates/kasumi-store)
warning: field `publication_generation` is never read
   --> crates/kasumi-store/src/node_disk.rs:446:5
    |
425 | struct State {
    |        ----- field in this struct
...
446 |     publication_generation: u64,
    |     ^^^^^^^^^^^^^^^^^^^^^^
    |
    = note: `#[warn(dead_code)]` (part of `#[warn(unused)]`) on by default

warning: method `reserve_publication_space` is never used
  --> crates/kasumi-store/src/node_disk/publication.rs:34:19
   |
29 | impl NodeDisk {
   | ------------- method in this implementation
...
34 |     pub(crate) fn reserve_publication_space(
   |                   ^^^^^^^^^^^^^^^^^^^^^^^^^

warning: methods `take_transaction`, `finish`, `cancel`, and `release` are never used
   --> crates/kasumi-store/src/node_disk/publication.rs:157:19
    |
133 | impl PublicationSpace {
    | --------------------- methods in this implementation
...
157 |     pub(crate) fn take_transaction(
    |                   ^^^^^^^^^^^^^^^^
...
219 |     pub(crate) fn finish(&mut self) -> io::Result<()> {
    |                   ^^^^^^
...
223 |     pub(crate) fn cancel(&mut self) -> io::Result<()> {
    |                   ^^^^^^
...
227 |     fn release(&mut self, pristine: bool) -> io::Result<()> {
    |        ^^^^^^^

warning: field `publication_generation` is never read
   --> crates/kasumi-store/src/node_file/segment_group.rs:274:5
    |
257 | struct Resources {
    |        --------- field in this struct
...
274 |     publication_generation: u64,
    |     ^^^^^^^^^^^^^^^^^^^^^^

warning: struct `PreparedGroupPublication` is never constructed
  --> crates/kasumi-store/src/node_file/segment_group/publication.rs:18:19
   |
18 | pub(crate) struct PreparedGroupPublication {
   |                   ^^^^^^^^^^^^^^^^^^^^^^^^

warning: methods `reserve_transaction`, `finish`, `cancel`, and `release` are never used
  --> crates/kasumi-store/src/node_file/segment_group/publication.rs:24:19
   |
23 | impl PreparedGroupPublication {
   | ----------------------------- methods in this implementation
24 |     pub(crate) fn reserve_transaction(&mut self, plan: &TransactionSpacePlan) -> io::Result<()> {
   |                   ^^^^^^^^^^^^^^^^^^^
...
31 |     pub(crate) fn finish(&mut self) -> io::Result<()> {
   |                   ^^^^^^
...
34 |     pub(crate) fn cancel(&mut self) -> io::Result<()> {
   |                   ^^^^^^
...
37 |     fn release(&mut self, pristine: bool) -> io::Result<()> {
   |        ^^^^^^^

warning: methods `prepare_publication_space` and `reserve_publication_transaction` are never used
   --> crates/kasumi-store/src/node_file/segment_group/publication.rs:85:19
    |
 81 | impl NodeSegmentGroup {
    | --------------------- methods in this implementation
...
 85 |     pub(crate) fn prepare_publication_space(
    |                   ^^^^^^^^^^^^^^^^^^^^^^^^^
...
139 |     fn reserve_publication_transaction(
    |        ^^^^^^^^^^^^^^^^^^^^^^^^^^^^^^^

   Compiling kasumi-raft v0.1.0 (/private/tmp/kasumi-source-cohort-validation-v1/crates/kasumi-raft)
warning: `kasumi-store` (lib) generated 7 warnings
warning: field `0` is never read
  --> crates/kasumi-raft/src/owned_prepared_restore.rs:24:33
   |
24 | struct CandidateRetirementPanic(std::sync::Mutex<Box<dyn std::any::Any + Send>>);
   |        ------------------------ ^^^^^^^^^^^^^^^^^^^^^^^^^^^^^^^^^^^^^^^^^^^^^^^
   |        |
   |        field in this struct
   |
   = help: consider removing this field
   = note: `#[warn(dead_code)]` (part of `#[warn(unused)]`) on by default

warning: methods `register_snapshot_capacity_waiter` and `prepare_snapshot` are never used
   --> crates/kasumi-raft/src/non_application_source_capacity.rs:93:19
    |
 92 | impl FixedProvider {
    | ------------------ methods in this implementation
 93 |     pub(crate) fn register_snapshot_capacity_waiter(&self, ready: &Waker) -> Result<()> {
    |                   ^^^^^^^^^^^^^^^^^^^^^^^^^^^^^^^^^
...
123 |     pub(crate) fn prepare_snapshot(&self) -> CapacityPreparation {
    |                   ^^^^^^^^^^^^^^^^

warning: variant `SnapshotPublication` is never constructed
  --> crates/kasumi-raft/src/selected_application/plan.rs:38:5
   |
33 | enum AppliedOrigin {
   |      ------------- variant in this enum
...
38 |     SnapshotPublication,
   |     ^^^^^^^^^^^^^^^^^^^
   |
   = note: `AppliedOrigin` has a derived impl for the trait `Clone`, but this is intentionally ignored during dead code analysis

warning: method `observe_snapshot_writes` is never used
   --> crates/kasumi-raft/src/selected_application/control_memory.rs:274:19
    |
263 | impl ControlMemory {
    | ------------------ method in this implementation
...
274 |     pub(super) fn observe_snapshot_writes(
    |                   ^^^^^^^^^^^^^^^^^^^^^^^

warning: associated functions `for_publication` and `at` are never used
  --> crates/kasumi-raft/src/selected_application/snapshot_source_envelope.rs:23:19
   |
18 | impl PreparedSnapshotSourceEnvelope {
   | ----------------------------------- associated functions in this implementation
...
23 |     pub(crate) fn for_publication(
   |                   ^^^^^^^^^^^^^^^
...
39 |     fn at(
   |        ^^

warning: function `write_effect` is never used
   --> crates/kasumi-raft/src/selected_application/snapshot_source_envelope.rs:235:4
    |
235 | fn write_effect<'a>(
    |    ^^^^^^^^^^^^

warning: function `prospective_bound` is never used
   --> crates/kasumi-raft/src/selected_application/snapshot_source_envelope.rs:253:4
    |
253 | fn prospective_bound(
    |    ^^^^^^^^^^^^^^^^^

warning: function `prospective_record` is never used
   --> crates/kasumi-raft/src/selected_application/snapshot_source_envelope.rs:279:4
    |
279 | fn prospective_record<'a>(
    |    ^^^^^^^^^^^^^^^^^^

warning: fields `joint_effects` and `context_identity` are never read
  --> crates/kasumi-raft/src/selected_application/closed_snapshot_source_envelope.rs:13:5
   |
10 | pub struct PreparedClosedSnapshotSourceEnvelope {
   |            ------------------------------------ fields in this struct
...
13 |     joint_effects: [u8; 32],
   |     ^^^^^^^^^^^^^
14 |     context_identity: [u8; 32],
   |     ^^^^^^^^^^^^^^^^
   |
   = note: `PreparedClosedSnapshotSourceEnvelope` has a derived impl for the trait `Clone`, but this is intentionally ignored during dead code analysis

warning: associated items `for_publication` and `require_producer` are never used
  --> crates/kasumi-raft/src/selected_application/closed_snapshot_source_envelope.rs:19:19
   |
18 | impl PreparedClosedSnapshotSourceEnvelope {
   | ----------------------------------------- associated items in this implementation
19 |     pub(crate) fn for_publication(
   |                   ^^^^^^^^^^^^^^^
...
60 |     pub(crate) fn require_producer(
   |                   ^^^^^^^^^^^^^^^^

warning: method `prepared_snapshot_publication` is never used
   --> crates/kasumi-raft/src/custody_machine.rs:168:19
    |
134 | impl CustodyMachine {
    | ------------------- method in this implementation
...
168 |     pub(crate) fn prepared_snapshot_publication(
    |                   ^^^^^^^^^^^^^^^^^^^^^^^^^^^^^

warning: field `0` is never read
   --> crates/kasumi-raft/src/custody_snapshot_preparation.rs:168:17
    |
168 |     Application(StorageHandle<TenantStorageSet>),
    |     ----------- ^^^^^^^^^^^^^^^^^^^^^^^^^^^^^^^
    |     |
    |     field in this variant
    |
    = note: `StoreOwner` has a derived impl for the trait `Clone`, but this is intentionally ignored during dead code analysis
help: consider changing the field to be of unit type to suppress this warning while preserving the field numbering, or remove the field
    |
168 -     Application(StorageHandle<TenantStorageSet>),
168 +     Application(()),
    |

warning: variant `Custody` is never constructed
   --> crates/kasumi-raft/src/custody_snapshot_preparation.rs:169:5
    |
167 | pub(crate) enum StoreOwner {
    |                 ---------- variant in this enum
168 |     Application(StorageHandle<TenantStorageSet>),
169 |     Custody(StorageHandle<CustodyStore>),
    |     ^^^^^^^
    |
    = note: `StoreOwner` has a derived impl for the trait `Clone`, but this is intentionally ignored during dead code analysis

warning: method `custody` is never used
   --> crates/kasumi-raft/src/custody_snapshot_preparation.rs:172:8
    |
171 | impl StoreOwner {
    | --------------- method in this implementation
172 |     fn custody(&self) -> &CustodyStore {
    |        ^^^^^^^

warning: associated items `for_application`, `for_custody`, `prepare`, `prepared_application_writes`, `publish`, and `meta` are never used
   --> crates/kasumi-raft/src/custody_snapshot_preparation.rs:189:19
    |
188 | impl PreparedCustodySnapshotPublication {
    | --------------------------------------- associated items in this implementation
189 |     pub(crate) fn for_application(
    |                   ^^^^^^^^^^^^^^^
...
201 |     pub(crate) fn for_custody(
    |                   ^^^^^^^^^^^
...
215 |     pub(crate) fn prepare(
    |                   ^^^^^^^
...
228 |     pub(crate) fn prepared_application_writes(
    |                   ^^^^^^^^^^^^^^^^^^^^^^^^^^^
...
247 |     pub(crate) fn publish(&mut self, control: &OwnedControlGuard) -> Result<()> {
    |                   ^^^^^^^
...
257 |     pub(crate) fn meta(&self) -> &openraft::SnapshotMeta<u64, crate::BasicNode> {
    |                   ^^^^

warning: variant `Open` is never constructed
   --> crates/kasumi-raft/src/custody_snapshot_preparation.rs:327:5
    |
326 | enum ImageRetirement {
    |      --------------- variant in this enum
327 |     Open,
    |     ^^^^
    |
    = note: `ImageRetirement` has a derived impl for the trait `Debug`, but this is intentionally ignored during dead code analysis

warning: field `0` is never read
   --> crates/kasumi-raft/src/custody_snapshot_preparation.rs:331:32
    |
331 | struct SnapshotRetirementPanic(std::sync::Mutex<Box<dyn std::any::Any + Send>>);
    |        ----------------------- ^^^^^^^^^^^^^^^^^^^^^^^^^^^^^^^^^^^^^^^^^^^^^^^
    |        |
    |        field in this struct
    |
    = help: consider removing this field

warning: fields `report` and `unwind` are never read
   --> crates/kasumi-raft/src/custody_records.rs:262:5
    |
255 | pub(crate) struct BuilderPreparation {
    |                   ------------------ fields in this struct
...
262 |     report: kasumi_types::drain::DrainReport,
    |     ^^^^^^
263 |     unwind: [Option<kasumi_types::drain::DrainIssueRef>; 2],
    |     ^^^^^^

warning: method `retire_staging` is never used
   --> crates/kasumi-raft/src/custody_records.rs:344:19
    |
265 | impl BuilderPreparation {
    | ----------------------- method in this implementation
...
344 |     pub(crate) fn retire_staging(&mut self) -> kasumi_types::drain::DrainResult {
    |                   ^^^^^^^^^^^^^^

warning: variants `Freezing` and `Prepared` are never constructed
  --> crates/kasumi-raft/src/snapshot_buffer.rs:36:5
   |
33 | enum Backing {
   |      ------- variants in this enum
...
36 |     Freezing(Option<Box<EncryptedSpool>>),
   |     ^^^^^^^^
37 |     Captured(SnapshotImage),
38 |     Prepared(prepared_child::PreparedChild),
   |     ^^^^^^^^
   |
   = note: `Backing` has a derived impl for the trait `Debug`, but this is intentionally ignored during dead code analysis

warning: variants `Freeze` and `Install` are never constructed
  --> crates/kasumi-raft/src/snapshot_buffer.rs:44:5
   |
41 | enum Completion {
   |      ---------- variants in this enum
...
44 |     Freeze,
   |     ^^^^^^
...
47 |     Install(DrainResult),
   |     ^^^^^^^
   |
   = note: `Completion` has a derived impl for the trait `Debug`, but this is intentionally ignored during dead code analysis

warning: variants `Freeze`, `Prepare`, and `Install` are never constructed
  --> crates/kasumi-raft/src/snapshot_buffer.rs:54:5
   |
51 | enum Kind {
   |      ---- variants in this enum
...
54 |     Freeze,
   |     ^^^^^^
55 |     Prepare,
   |     ^^^^^^^
56 |     Retire,
57 |     Install,
   |     ^^^^^^^
   |
   = note: `Kind` has a derived impl for the trait `Debug`, but this is intentionally ignored during dead code analysis

warning: methods `prepare_fixed_snapshot_capacity` and `register_snapshot_capacity_waiter` are never used
   --> crates/kasumi-raft/src/snapshot_buffer.rs:421:19
    |
340 | impl SnapshotBufferOwner {
    | ------------------------ methods in this implementation
...
421 |     pub(crate) fn prepare_fixed_snapshot_capacity(
    |                   ^^^^^^^^^^^^^^^^^^^^^^^^^^^^^^^
...
641 |     pub(crate) fn register_snapshot_capacity_waiter(&self, ready: &Waker) -> anyhow::Result<()> {
    |                   ^^^^^^^^^^^^^^^^^^^^^^^^^^^^^^^^^

warning: method `prepare_image` is never used
    --> crates/kasumi-raft/src/snapshot_buffer.rs:1568:25
     |
1513 | impl SnapshotBuffer {
     | ------------------- method in this implementation
...
1568 |     pub(crate) async fn prepare_image(&mut self) -> io::Result<SnapshotImage> {
     |                         ^^^^^^^^^^^^^

warning: variants `Pending` and `Refused` are never constructed
  --> crates/kasumi-raft/src/snapshot_buffer/prepared_child.rs:12:5
   |
10 | pub(crate) enum PreparedSnapshotCapacity {
   |                 ------------------------ variants in this enum
11 |     Ready(openraft::storage::capacity::PreparedCapacity),
12 |     Pending,
   |     ^^^^^^^
13 |     Refused(Box<dyn std::error::Error + Send + Sync>),
   |     ^^^^^^^
   |
   = note: `PreparedSnapshotCapacity` has a derived impl for the trait `Debug`, but this is intentionally ignored during dead code analysis

warning: fields `prepare_entered` and `refused` are never read
  --> crates/kasumi-raft/src/snapshot_buffer/prepared_child.rs:63:5
   |
60 | pub(super) struct PreparedChild {
   |                   ------------- fields in this struct
...
63 |     prepare_entered: bool,
   |     ^^^^^^^^^^^^^^^
...
66 |     refused: Option<anyhow::Error>,
   |     ^^^^^^^
   |
   = note: `PreparedChild` has a derived impl for the trait `Debug`, but this is intentionally ignored during dead code analysis

warning: associated items `new`, `prepare`, and `install` are never used
   --> crates/kasumi-raft/src/snapshot_buffer/prepared_child.rs:71:8
    |
 70 | impl PreparedChild {
    | ------------------ associated items in this implementation
 71 |     fn new(body: PreparedSnapshotBody) -> Self {
    |        ^^^
...
111 |     fn prepare(&mut self, owner: &SnapshotBufferOwner, ready: &Waker) -> PrepareResult {
    |        ^^^^^^^
...
229 |     fn install(&mut self, owner: &SnapshotBufferOwner) -> DrainResult {
    |        ^^^^^^^

warning: field `0` is never read
   --> crates/kasumi-raft/src/snapshot_buffer/prepared_child.rs:243:19
    |
243 | struct ChildPanic(Mutex<Box<dyn std::any::Any + Send>>);
    |        ---------- ^^^^^^^^^^^^^^^^^^^^^^^^^^^^^^^^^^^^
    |        |
    |        field in this struct
    |
    = help: consider removing this field

warning: methods `begin_prepared_body`, `prepare_body`, `cancel_body`, and `install_body` are never used
   --> crates/kasumi-raft/src/snapshot_buffer/prepared_child.rs:260:19
    |
256 | impl SnapshotBuffer {
    | ------------------- methods in this implementation
...
260 |     pub(crate) fn begin_prepared_body(
    |                   ^^^^^^^^^^^^^^^^^^^
...
283 |     pub(crate) async fn prepare_body(&mut self, ready: &Waker) -> PrepareResult {
    |                         ^^^^^^^^^^^^
...
324 |     pub(crate) async fn cancel_body(&mut self) -> DrainResult {
    |                         ^^^^^^^^^^^
...
334 |     pub(crate) async fn install_body(&mut self) -> DrainResult {
    |                         ^^^^^^^^^^^^

warning: variant `Retiring` is never constructed
   --> crates/kasumi-raft/src/snapshot_codec.rs:128:5
    |
123 | enum DecodePhase {
    |      ----------- variant in this enum
...
128 |     Retiring,
    |     ^^^^^^^^
    |
    = note: `DecodePhase` has a derived impl for the trait `Clone`, but this is intentionally ignored during dead code analysis

warning: fields `retiring_spool`, `report`, `images`, and `unwind` are never read
   --> crates/kasumi-raft/src/snapshot_codec.rs:138:5
    |
132 | pub(crate) struct SnapshotDecode {
    |                   -------------- fields in this struct
...
138 |     retiring_spool: Option<kasumi_store::RetainedSpool>,
    |     ^^^^^^^^^^^^^^
139 |     backend: Option<SnapshotImage>,
140 |     report: kasumi_types::drain::DrainReport,
    |     ^^^^^^
141 |     images: [crate::storage::owned_snapshot_body::ImageRetirement; 2],
    |     ^^^^^^
142 |     unwind: [Option<kasumi_types::drain::DrainIssueRef>; 3],
    |     ^^^^^^

warning: method `retire_staging` is never used
   --> crates/kasumi-raft/src/snapshot_codec.rs:342:19
    |
144 | impl SnapshotDecode {
    | ------------------- method in this implementation
...
342 |     pub(crate) fn retire_staging(&mut self) -> kasumi_types::drain::DrainResult {
    |                   ^^^^^^^^^^^^^^

warning: method `source_capacity_seed` is never used
   --> crates/kasumi-raft/src/snapshot_custody.rs:102:19
    |
 99 | impl SnapshotRetirement {
    | ----------------------- method in this implementation
...
102 |     pub(crate) fn source_capacity_seed(&self) -> &[u8] {
    |                   ^^^^^^^^^^^^^^^^^^^^

warning: method `prepare_engine_publication` is never used
    --> crates/kasumi-raft/src/storage.rs:1118:19
     |
1080 | impl PendingSnapshot {
     | -------------------- method in this implementation
...
1118 |     pub(crate) fn prepare_engine_publication<'backend>(
     |                   ^^^^^^^^^^^^^^^^^^^^^^^^^^

warning: enum `SnapshotPublicationPhase` is never used
    --> crates/kasumi-raft/src/storage.rs:1172:6
     |
1172 | enum SnapshotPublicationPhase {
     |      ^^^^^^^^^^^^^^^^^^^^^^^^

warning: struct `PreparedEngineSnapshotPublication` is never constructed
    --> crates/kasumi-raft/src/storage.rs:1178:19
     |
1178 | pub(crate) struct PreparedEngineSnapshotPublication<'backend> {
     |                   ^^^^^^^^^^^^^^^^^^^^^^^^^^^^^^^^^

warning: methods `source` and `publish` are never used
    --> crates/kasumi-raft/src/storage.rs:1188:19
     |
1187 | impl PreparedEngineSnapshotPublication<'_> {
     | ------------------------------------------ methods in this implementation
1188 |     pub(crate) fn source(&self) -> &crate::PreparedSnapshotSourceEnvelope {
     |                   ^^^^^^
...
1191 |     pub(crate) fn publish(&mut self, domains: &TenantStorageSet) -> Result<()> {
     |                   ^^^^^^^

warning: field `actor_role` is never read
    --> crates/kasumi-raft/src/storage.rs:1288:5
     |
1287 | pub struct StateMachine {
     |            ------------ field in this struct
1288 |     actor_role: crate::SourceActorRole,
     |     ^^^^^^^^^^
     |
     = note: `StateMachine` has a derived impl for the trait `Clone`, but this is intentionally ignored during dead code analysis

warning: method `require_gate` is never used
   --> crates/kasumi-raft/src/storage/control_gate.rs:114:19
    |
111 | impl OwnedControlGuard {
    | ---------------------- method in this implementation
...
114 |     pub(crate) fn require_gate(&self, gate: &ControlGateRef) -> anyhow::Result<()> {
    |                   ^^^^^^^^^^^^

warning: methods `ptr_eq` and `lock_owned` are never used
   --> crates/kasumi-raft/src/storage/control_gate_registry.rs:106:19
    |
105 | impl ControlGateRef {
    | ------------------- methods in this implementation
106 |     pub(crate) fn ptr_eq(&self, other: &Self) -> bool {
    |                   ^^^^^^
...
112 |     pub(crate) fn lock_owned(&self) -> Result<OwnedControlGuard, super::Poisoned> {
    |                   ^^^^^^^^^^

warning: enum `SnapshotBodyCapacity` is never used
 --> crates/kasumi-raft/src/storage/owned_snapshot_body.rs:7:17
  |
7 | pub(crate) enum SnapshotBodyCapacity {
  |                 ^^^^^^^^^^^^^^^^^^^^

warning: multiple variants are never constructed
  --> crates/kasumi-raft/src/storage/owned_snapshot_body.rs:14:5
   |
13 | enum Phase {
   |      ----- variants in this enum
14 |     Constructed,
   |     ^^^^^^^^^^^
15 |     Validating,
   |     ^^^^^^^^^^
16 |     Staging,
   |     ^^^^^^^
17 |     BuildingWrites,
   |     ^^^^^^^^^^^^^^
18 |     Certifying,
   |     ^^^^^^^^^^
19 |     Prepared,
   |     ^^^^^^^^
20 |     BindingSource,
   |     ^^^^^^^^^^^^^
21 |     Ready,
   |     ^^^^^
22 |     Publishing,
   |     ^^^^^^^^^^
23 |     Published,
   |     ^^^^^^^^^
   |
   = note: `Phase` has derived impls for the traits `Debug` and `Clone`, but these are intentionally ignored during dead code analysis

warning: fields `role`, `expected_meta`, `pending`, `source`, and `limit` are never read
  --> crates/kasumi-raft/src/storage/owned_snapshot_body.rs:28:5
   |
27 | pub(crate) struct PreparedApplicationSnapshot {
   |                   --------------------------- fields in this struct
28 |     role: crate::SourceActorRole,
   |     ^^^^
...
31 |     expected_meta: SnapshotMeta<u64, BasicNode>,
   |     ^^^^^^^^^^^^^
32 |     backend: crate::OwnedPreparedStateMachineRestore,
33 |     pending: Option<PendingSnapshot>,
   |     ^^^^^^^
34 |     writes: Option<PreparedSnapshotWrites>,
35 |     source: Option<crate::PreparedSnapshotSourceEnvelope>,
   |     ^^^^^^
...
44 |     limit: u64,
   |     ^^^^^

warning: multiple associated items are never used
   --> crates/kasumi-raft/src/storage/owned_snapshot_body.rs:60:19
    |
 57 | impl PreparedApplicationSnapshot {
    | -------------------------------- associated items in this implementation
...
 60 |     pub(crate) fn new(
    |                   ^^^
...
 95 |     pub(crate) fn prepare(&mut self) -> Result<()> {
    |                   ^^^^^^^
...
156 |     pub(crate) fn prepare_capacity(
    |                   ^^^^^^^^^^^^^^^^
...
210 |     pub(crate) fn publish(&mut self) -> Result<()> {
    |                   ^^^^^^^
...
300 |     pub(crate) fn control(&self) -> &control_gate::OwnedControlGuard {
    |                   ^^^^^^^
...
303 |     pub(crate) fn meta(&self) -> &SnapshotMeta<u64, BasicNode> {
    |                   ^^^^
...
306 |     pub(crate) fn source(&self) -> Option<&crate::PreparedSnapshotSourceEnvelope> {
    |                   ^^^^^^

warning: variants `Application` and `Custody` are never constructed
   --> crates/kasumi-raft/src/storage/owned_snapshot_body.rs:314:5
    |
313 | pub(crate) enum ClosedSnapshotRole {
    |                 ------------------ variants in this enum
314 |     Application(crate::SourceActorRole),
    |     ^^^^^^^^^^^
315 |     Custody,
    |     ^^^^^^^

warning: fields `role`, `expected_meta`, `source`, `application`, and `limit` are never read
   --> crates/kasumi-raft/src/storage/owned_snapshot_body.rs:319:5
    |
318 | pub(crate) struct PreparedClosedSnapshot {
    |                   ---------------------- fields in this struct
319 |     role: ClosedSnapshotRole,
    |     ^^^^
...
322 |     expected_meta: SnapshotMeta<u64, BasicNode>,
    |     ^^^^^^^^^^^^^
323 |     source: Option<crate::PreparedClosedSnapshotSourceEnvelope>,
    |     ^^^^^^
...
327 |     application: Option<(StorageHandle<dyn StateMachineBackend>, Arc<AtomicBool>)>,
    |     ^^^^^^^^^^^
...
333 |     limit: u64,
    |     ^^^^^

warning: multiple associated items are never used
   --> crates/kasumi-raft/src/storage/owned_snapshot_body.rs:346:19
    |
343 | impl PreparedClosedSnapshot {
    | --------------------------- associated items in this implementation
...
346 |     pub(crate) fn for_application(
    |                   ^^^^^^^^^^^^^^^
...
371 |     pub(crate) fn for_custody(
    |                   ^^^^^^^^^^^
...
389 |     fn new(
    |        ^^^
...
417 |     pub(crate) fn prepare(&mut self) -> Result<()> {
    |                   ^^^^^^^
...
448 |     pub(crate) fn prepare_capacity(
    |                   ^^^^^^^^^^^^^^^^
...
495 |     pub(crate) fn publish(&mut self) -> Result<()> {
    |                   ^^^^^^^
...
538 |     pub(crate) fn meta(&self) -> &SnapshotMeta<u64, BasicNode> {
    |                   ^^^^
...
544 |     pub(crate) fn control(&self) -> &control_gate::OwnedControlGuard {
    |                   ^^^^^^^

warning: associated function `from_seed` is never used
   --> crates/kasumi-raft/src/storage/owned_snapshot_body.rs:557:19
    |
556 | impl SnapshotRetirementCustody {
    | ------------------------------ associated function in this implementation
557 |     pub(crate) fn from_seed(
    |                   ^^^^^^^^^

warning: variants `Application` and `Closed` are never constructed
   --> crates/kasumi-raft/src/storage/owned_snapshot_body.rs:579:5
    |
578 | pub(crate) enum PreparedSnapshotBody {
    |                 -------------------- variants in this enum
579 |     Application(PreparedApplicationSnapshot),
    |     ^^^^^^^^^^^
580 |     Closed(PreparedClosedSnapshot),
    |     ^^^^^^
    |
    = note: `PreparedSnapshotBody` has a derived impl for the trait `Debug`, but this is intentionally ignored during dead code analysis

warning: methods `publication_succeeded`, `prepare`, `prepare_capacity`, `publish`, `meta`, and `control` are never used
   --> crates/kasumi-raft/src/storage/owned_snapshot_body.rs:583:19
    |
582 | impl PreparedSnapshotBody {
    | ------------------------- methods in this implementation
583 |     pub(crate) fn publication_succeeded(&self) -> bool {
    |                   ^^^^^^^^^^^^^^^^^^^^^
...
627 |     pub(crate) fn prepare(&mut self) -> Result<()> {
    |                   ^^^^^^^
...
633 |     pub(crate) fn prepare_capacity(
    |                   ^^^^^^^^^^^^^^^^
...
643 |     pub(crate) fn publish(&mut self) -> Result<()> {
    |                   ^^^^^^^
...
655 |     pub(crate) fn meta(&self) -> &SnapshotMeta<u64, BasicNode> {
    |                   ^^^^
...
667 |     pub(crate) fn control(&self) -> &control_gate::OwnedControlGuard {
    |                   ^^^^^^^

warning: field `0` is never read
   --> crates/kasumi-raft/src/storage/owned_snapshot_body.rs:681:32
    |
681 | struct SnapshotRetirementPanic(std::sync::Mutex<Box<dyn std::any::Any + Send>>);
    |        ----------------------- ^^^^^^^^^^^^^^^^^^^^^^^^^^^^^^^^^^^^^^^^^^^^^^^
    |        |
    |        field in this struct
    |
    = help: consider removing this field

warning: struct `ApplicationSnapshotInputs` is never constructed
 --> crates/kasumi-raft/src/storage/snapshot_seed.rs:9:19
  |
9 | pub(crate) struct ApplicationSnapshotInputs {
  |                   ^^^^^^^^^^^^^^^^^^^^^^^^^

warning: struct `CustodySnapshotInputs` is never constructed
  --> crates/kasumi-raft/src/storage/snapshot_seed.rs:20:19
   |
20 | pub(crate) struct CustodySnapshotInputs {
   |                   ^^^^^^^^^^^^^^^^^^^^^

warning: enum `Target` is never used
  --> crates/kasumi-raft/src/storage/snapshot_seed.rs:27:6
   |
27 | enum Target {
   |      ^^^^^^

warning: enum `Phase` is never used
  --> crates/kasumi-raft/src/storage/snapshot_seed.rs:41:6
   |
41 | enum Phase {
   |      ^^^^^

warning: struct `SnapshotSeed` is never constructed
  --> crates/kasumi-raft/src/storage/snapshot_seed.rs:49:19
   |
49 | pub(crate) struct SnapshotSeed {
   |                   ^^^^^^^^^^^^

warning: method `snapshot_inputs` is never used
  --> crates/kasumi-raft/src/storage/snapshot_seed.rs:78:19
   |
75 | impl StateMachine {
   | ----------------- method in this implementation
...
78 |     pub(crate) fn snapshot_inputs(
   |                   ^^^^^^^^^^^^^^^

warning: associated function `new` is never used
   --> crates/kasumi-raft/src/storage/snapshot_seed.rs:101:19
    |
100 | impl CustodySnapshotInputs {
    | -------------------------- associated function in this implementation
101 |     pub(crate) fn new(
    |                   ^^^

warning: multiple associated items are never used
   --> crates/kasumi-raft/src/storage/snapshot_seed.rs:122:19
    |
121 | impl SnapshotSeed {
    | ----------------- associated items in this implementation
122 |     pub(crate) fn application(
    |                   ^^^^^^^^^^^
...
159 |     pub(crate) fn custody(
    |                   ^^^^^^^
...
182 |     fn new(
    |        ^^^
...
214 |     pub(crate) fn prepare(&mut self) -> Result<PreparedSnapshotBody> {
    |                   ^^^^^^^
...
344 |     pub(crate) fn log(&self) -> &LogStore {
    |                   ^^^
...
347 |     pub(crate) fn expected(&self) -> &SnapshotMeta<u64, BasicNode> {
    |                   ^^^^^^^^
...
352 |     pub(crate) fn publish_applied(&mut self, body: &PreparedSnapshotBody) -> Result<()> {
    |                   ^^^^^^^^^^^^^^^
...
377 |     pub(crate) fn retire_staging(&mut self) -> DrainResult {
    |                   ^^^^^^^^^^^^^^
...
448 |     pub(crate) fn retire_candidate(&mut self) -> DrainResult {
    |                   ^^^^^^^^^^^^^^^^
...
457 |     pub(crate) fn take_retirement_custody(&mut self) -> SnapshotRetirementCustody {
    |                   ^^^^^^^^^^^^^^^^^^^^^^^

   Compiling kasumi-engine v0.1.0 (/private/tmp/kasumi-source-cohort-validation-v1/crates/kasumi-engine)
warning: `kasumi-raft` (lib) generated 59 warnings
warning: method `prepared_snapshot_publication` is never used
   --> crates/kasumi-raft/src/custody_machine.rs:168:19
    |
134 | impl CustodyMachine {
    | ------------------- method in this implementation
...
168 |     pub(crate) fn prepared_snapshot_publication(
    |                   ^^^^^^^^^^^^^^^^^^^^^^^^^^^^^
    |
    = note: `#[warn(dead_code)]` (part of `#[warn(unused)]`) on by default

warning: variant `Install` is never constructed
  --> crates/kasumi-raft/src/snapshot_buffer.rs:47:5
   |
41 | enum Completion {
   |      ---------- variant in this enum
...
47 |     Install(DrainResult),
   |     ^^^^^^^
   |
   = note: `Completion` has a derived impl for the trait `Debug`, but this is intentionally ignored during dead code analysis

warning: variant `Install` is never constructed
  --> crates/kasumi-raft/src/snapshot_buffer.rs:57:5
   |
51 | enum Kind {
   |      ---- variant in this enum
...
57 |     Install,
   |     ^^^^^^^
   |
   = note: `Kind` has a derived impl for the trait `Debug`, but this is intentionally ignored during dead code analysis

warning: method `install` is never used
   --> crates/kasumi-raft/src/snapshot_buffer/prepared_child.rs:229:8
    |
 70 | impl PreparedChild {
    | ------------------ method in this implementation
...
229 |     fn install(&mut self, owner: &SnapshotBufferOwner) -> DrainResult {
    |        ^^^^^^^

warning: method `install_body` is never used
   --> crates/kasumi-raft/src/snapshot_buffer/prepared_child.rs:334:25
    |
256 | impl SnapshotBuffer {
    | ------------------- method in this implementation
...
334 |     pub(crate) async fn install_body(&mut self) -> DrainResult {
    |                         ^^^^^^^^^^^^

warning: variants `Publishing` and `Published` are never constructed
  --> crates/kasumi-raft/src/storage/owned_snapshot_body.rs:22:5
   |
13 | enum Phase {
   |      ----- variants in this enum
...
22 |     Publishing,
   |     ^^^^^^^^^^
23 |     Published,
   |     ^^^^^^^^^
   |
   = note: `Phase` has derived impls for the traits `Debug` and `Clone`, but these are intentionally ignored during dead code analysis

warning: methods `publish` and `control` are never used
   --> crates/kasumi-raft/src/storage/owned_snapshot_body.rs:210:19
    |
 57 | impl PreparedApplicationSnapshot {
    | -------------------------------- methods in this implementation
...
210 |     pub(crate) fn publish(&mut self) -> Result<()> {
    |                   ^^^^^^^
...
300 |     pub(crate) fn control(&self) -> &control_gate::OwnedControlGuard {
    |                   ^^^^^^^

warning: field `application` is never read
   --> crates/kasumi-raft/src/storage/owned_snapshot_body.rs:327:5
    |
318 | pub(crate) struct PreparedClosedSnapshot {
    |                   ---------------------- field in this struct
...
327 |     application: Option<(StorageHandle<dyn StateMachineBackend>, Arc<AtomicBool>)>,
    |     ^^^^^^^^^^^

warning: associated items `for_application`, `for_custody`, `new`, `publish`, `meta`, and `control` are never used
   --> crates/kasumi-raft/src/storage/owned_snapshot_body.rs:346:19
    |
343 | impl PreparedClosedSnapshot {
    | --------------------------- associated items in this implementation
...
346 |     pub(crate) fn for_application(
    |                   ^^^^^^^^^^^^^^^
...
371 |     pub(crate) fn for_custody(
    |                   ^^^^^^^^^^^
...
389 |     fn new(
    |        ^^^
...
495 |     pub(crate) fn publish(&mut self) -> Result<()> {
    |                   ^^^^^^^
...
538 |     pub(crate) fn meta(&self) -> &SnapshotMeta<u64, BasicNode> {
    |                   ^^^^
...
544 |     pub(crate) fn control(&self) -> &control_gate::OwnedControlGuard {
    |                   ^^^^^^^

warning: variant `Closed` is never constructed
   --> crates/kasumi-raft/src/storage/owned_snapshot_body.rs:580:5
    |
578 | pub(crate) enum PreparedSnapshotBody {
    |                 -------------------- variant in this enum
579 |     Application(PreparedApplicationSnapshot),
580 |     Closed(PreparedClosedSnapshot),
    |     ^^^^^^
    |
    = note: `PreparedSnapshotBody` has a derived impl for the trait `Debug`, but this is intentionally ignored during dead code analysis

warning: methods `publication_succeeded`, `publish`, `meta`, and `control` are never used
   --> crates/kasumi-raft/src/storage/owned_snapshot_body.rs:583:19
    |
582 | impl PreparedSnapshotBody {
    | ------------------------- methods in this implementation
583 |     pub(crate) fn publication_succeeded(&self) -> bool {
    |                   ^^^^^^^^^^^^^^^^^^^^^
...
643 |     pub(crate) fn publish(&mut self) -> Result<()> {
    |                   ^^^^^^^
...
655 |     pub(crate) fn meta(&self) -> &SnapshotMeta<u64, BasicNode> {
    |                   ^^^^
...
667 |     pub(crate) fn control(&self) -> &control_gate::OwnedControlGuard {
    |                   ^^^^^^^

warning: methods `prepare` and `prepare_kind` are never used
   --> crates/kasumi-engine/src/application_sources.rs:756:19
    |
648 | impl SourceRootsRef {
    | ------------------- methods in this implementation
...
756 |     pub(crate) fn prepare(&self) -> Result<RootPreparation> {
    |                   ^^^^^^^
...
795 |     fn prepare_kind(&self, canonical: bool) -> Result<RootPreparation> {
    |        ^^^^^^^^^^^^
    |
    = note: `#[warn(dead_code)]` (part of `#[warn(unused)]`) on by default

warning: `kasumi-raft` (lib test) generated 24 warnings (13 duplicates)
warning: `kasumi-engine` (lib) generated 1 warning
   Compiling kasumi-authority v0.1.0 (/private/tmp/kasumi-source-cohort-validation-v1/crates/kasumi-authority)
error[E0277]: the trait bound `primary_tree::read::ReadFailure: std::error::Error` is not satisfied
  --> crates/kasumi-engine/src/primary_document_source.rs:90:20
   |
90 |     type Failure = ReadFailure;
   |                    ^^^^^^^^^^^ unsatisfied trait bound
   |
help: the trait `std::error::Error` is not implemented for `primary_tree::read::ReadFailure`
  --> crates/kasumi-engine/src/primary_read.rs:59:1
   |
59 | pub(crate) struct ReadFailure {
   | ^^^^^^^^^^^^^^^^^^^^^^^^^^^^^
note: required by a bound in `kasumi_query::CollectionRecords::Failure`
  --> crates/kasumi-query/src/index_input.rs:10:19
   |
10 |     type Failure: std::error::Error + Send + Sync + 'static;
   |                   ^^^^^^^^^^^^^^^^^ required by this bound in `CollectionRecords::Failure`

For more information about this error, try `rustc --explain E0277`.
error: could not compile `kasumi-engine` (lib test) due to 1 previous error
Runner: 101.40s; exit=101; matching=1585/1585
