Command: cargo test -p kasumi-engine --lib --all-features --locked --offline -- --nocapture memory_text_ memory_budget_events_ admission::tests:: admission::cache_relief admission::ordinary_protection admission::source_publication admission::protected_source_points primary_index_text_session_ primary_index_text_producer_ primary_index_text_journal_ protected_private_current_ primary_cache_publication_events_
ISOLATED_SOURCE=/tmp/kasumi-source-cohort-validation-v1
CARGO_TARGET_DIR=/Users/takemiyamakoto/dev/kasumi/target/disk-backed-cache
warning: method `last_sm_seq` is never used
  --> vendor/openraft-0.9.25/openraft/src/engine/engine_output.rs:35:19
   |
24 | / impl<C> EngineOutput<C>
25 | | where
26 | |     C: RaftTypeConfig,
   | |______________________- method in this implementation
...
35 |       pub(crate) fn last_sm_seq(&self) -> CommandSeq {
   |                     ^^^^^^^^^^^
   |
   = note: `#[warn(dead_code)]` (part of `#[warn(unused)]`) on by default

warning: method `accept_vote` is never used
  --> vendor/openraft-0.9.25/openraft/src/engine/handler/vote_handler/mod.rs:58:19
   |
45 | / impl<C> VoteHandler<'_, C>
46 | | where
47 | |     C: RaftTypeConfig,
   | |______________________- method in this implementation
...
58 |       pub(crate) fn accept_vote<T, E, F>(
   |                     ^^^^^^^^^^^

warning: field `database` is never read
  --> crates/kasumi-store/src/storage_opening/publication.rs:59:5
   |
56 | struct PublicationRequest {
   |        ------------------ field in this struct
...
59 |     database: StorageRegistration<DatabaseOwner>,
   |     ^^^^^^^^
   |
   = note: `#[warn(dead_code)]` (part of `#[warn(unused)]`) on by default

warning: `openraft` (lib) generated 2 warnings
warning: `kasumi-store` (lib) generated 1 warning
warning: method `get` is never used
  --> crates/kasumi-query/src/text_runtime_slot.rs:25:8
   |
19 | impl<T, W> Slot<T, W> {
   | --------------------- method in this implementation
...
25 |     fn get(&self) -> Option<Strong<T, W>> {
   |        ^^^
   |
   = note: `#[warn(dead_code)]` (part of `#[warn(unused)]`) on by default

warning: field `0` is never read
  --> crates/kasumi-raft/src/owned_prepared_restore.rs:25:33
   |
25 | struct CandidateRetirementPanic(std::sync::Mutex<Box<dyn std::any::Any + Send>>);
   |        ------------------------ ^^^^^^^^^^^^^^^^^^^^^^^^^^^^^^^^^^^^^^^^^^^^^^^
   |        |
   |        field in this struct
   |
   = help: consider removing this field
   = note: `#[warn(dead_code)]` (part of `#[warn(unused)]`) on by default

warning: method `prepared_snapshot_publication` is never used
   --> crates/kasumi-raft/src/custody_machine.rs:235:19
    |
135 | impl CustodyMachine {
    | ------------------- method in this implementation
...
235 |     pub(crate) fn prepared_snapshot_publication(
    |                   ^^^^^^^^^^^^^^^^^^^^^^^^^^^^^

warning: method `publish` is never used
   --> crates/kasumi-raft/src/custody_snapshot_preparation.rs:298:19
    |
188 | impl PreparedCustodySnapshotPublication {
    | --------------------------------------- method in this implementation
...
298 |     pub(crate) fn publish(&mut self, control: &OwnedControlGuard) -> Result<()> {
    |                   ^^^^^^^

warning: field `0` is never read
   --> crates/kasumi-raft/src/custody_snapshot_preparation.rs:382:32
    |
382 | struct SnapshotRetirementPanic(std::sync::Mutex<Box<dyn std::any::Any + Send>>);
    |        ----------------------- ^^^^^^^^^^^^^^^^^^^^^^^^^^^^^^^^^^^^^^^^^^^^^^^
    |        |
    |        field in this struct
    |
    = help: consider removing this field

warning: field `0` is never read
   --> crates/kasumi-raft/src/lifetime.rs:249:17
    |
249 |     Application(StorageHandle<kasumi_store::TenantStorageSet>),
    |     ----------- ^^^^^^^^^^^^^^^^^^^^^^^^^^^^^^^^^^^^^^^^^^^^^
    |     |
    |     field in this variant
    |
help: consider changing the field to be of unit type to suppress this warning while preserving the field numbering, or remove the field
    |
249 -     Application(StorageHandle<kasumi_store::TenantStorageSet>),
249 +     Application(()),
    |

warning: field `0` is never read
   --> crates/kasumi-raft/src/lifetime.rs:250:13
    |
250 |     Custody(StorageHandle<kasumi_store::CustodyStore>),
    |     ------- ^^^^^^^^^^^^^^^^^^^^^^^^^^^^^^^^^^^^^^^^^
    |     |
    |     field in this variant
    |
help: consider changing the field to be of unit type to suppress this warning while preserving the field numbering, or remove the field
    |
250 -     Custody(StorageHandle<kasumi_store::CustodyStore>),
250 +     Custody(()),
    |

warning: associated function `new` is never used
  --> crates/kasumi-raft/src/snapshot_buffer/prepared_child.rs:84:8
   |
83 | impl PreparedChild {
   | ------------------ associated function in this implementation
84 |     fn new(body: PreparedSnapshotBody) -> Self {
   |        ^^^

warning: field `0` is never read
   --> crates/kasumi-raft/src/snapshot_buffer/prepared_child.rs:307:19
    |
307 | struct ChildPanic(Mutex<Box<dyn std::any::Any + Send>>);
    |        ---------- ^^^^^^^^^^^^^^^^^^^^^^^^^^^^^^^^^^^^
    |        |
    |        field in this struct
    |
    = help: consider removing this field

warning: methods `begin_prepared_body` and `cancel_body` are never used
   --> crates/kasumi-raft/src/snapshot_buffer/prepared_child.rs:406:19
    |
320 | impl SnapshotBuffer {
    | ------------------- methods in this implementation
...
406 |     pub(crate) fn begin_prepared_body(
    |                   ^^^^^^^^^^^^^^^^^^^
...
470 |     pub(crate) async fn cancel_body(&mut self) -> DrainResult {
    |                         ^^^^^^^^^^^

warning: method `prepare_engine_publication` is never used
    --> crates/kasumi-raft/src/storage.rs:1121:19
     |
1083 | impl PendingSnapshot {
     | -------------------- method in this implementation
...
1121 |     pub(crate) fn prepare_engine_publication<'backend>(
     |                   ^^^^^^^^^^^^^^^^^^^^^^^^^^

warning: enum `SnapshotPublicationPhase` is never used
    --> crates/kasumi-raft/src/storage.rs:1175:6
     |
1175 | enum SnapshotPublicationPhase {
     |      ^^^^^^^^^^^^^^^^^^^^^^^^

warning: struct `PreparedEngineSnapshotPublication` is never constructed
    --> crates/kasumi-raft/src/storage.rs:1181:19
     |
1181 | pub(crate) struct PreparedEngineSnapshotPublication<'backend> {
     |                   ^^^^^^^^^^^^^^^^^^^^^^^^^^^^^^^^^

warning: methods `source` and `publish` are never used
    --> crates/kasumi-raft/src/storage.rs:1191:19
     |
1190 | impl PreparedEngineSnapshotPublication<'_> {
     | ------------------------------------------ methods in this implementation
1191 |     pub(crate) fn source(&self) -> &crate::PreparedSnapshotSourceEnvelope {
     |                   ^^^^^^
...
1194 |     pub(crate) fn publish(&mut self, domains: &TenantStorageSet) -> Result<()> {
     |                   ^^^^^^^

warning: method `context` is never used
   --> crates/kasumi-raft/src/storage/snapshot_conflict.rs:403:19
    |
134 | impl PreparedSnapshotConflict {
    | ----------------------------- method in this implementation
...
403 |     pub(crate) fn context(&self) -> &SnapshotAcceptanceContext<u64> {
    |                   ^^^^^^^

warning: method `source` is never used
   --> crates/kasumi-raft/src/storage/owned_snapshot_body.rs:328:19
    |
 59 | impl PreparedApplicationSnapshot {
    | -------------------------------- method in this implementation
...
328 |     pub(crate) fn source(&self) -> Option<&crate::PreparedSnapshotSourceEnvelope> {
    |                   ^^^^^^

warning: field `0` is never read
   --> crates/kasumi-raft/src/storage/owned_snapshot_body.rs:770:32
    |
770 | struct SnapshotRetirementPanic(std::sync::Mutex<Box<dyn std::any::Any + Send>>);
    |        ----------------------- ^^^^^^^^^^^^^^^^^^^^^^^^^^^^^^^^^^^^^^^^^^^^^^^
    |        |
    |        field in this struct
    |
    = help: consider removing this field

warning: methods `log` and `expected` are never used
   --> crates/kasumi-raft/src/storage/snapshot_seed.rs:461:19
    |
132 | impl SnapshotSeed {
    | ----------------- methods in this implementation
...
461 |     pub(crate) fn log(&self) -> &LogStore {
    |                   ^^^
...
464 |     pub(crate) fn expected(&self) -> &SnapshotMeta<u64, BasicNode> {
    |                   ^^^^^^^^

warning: `kasumi-query` (lib) generated 1 warning
warning: `kasumi-raft` (lib) generated 17 warnings
warning: unused import: `PublicationStamp`
    --> crates/kasumi-engine/src/application_sources.rs:2676:36
     |
2676 | pub(crate) use cache_publication::{PublicationStamp, PublicationWake};
     |                                    ^^^^^^^^^^^^^^^^
     |
     = note: `#[warn(unused_imports)]` (part of `#[warn(unused)]`) on by default

warning: methods `prepare` and `prepare_kind` are never used
   --> crates/kasumi-engine/src/application_sources.rs:763:19
    |
655 | impl SourceRootsRef {
    | ------------------- methods in this implementation
...
763 |     pub(crate) fn prepare(&self) -> Result<RootPreparation> {
    |                   ^^^^^^^
...
802 |     fn prepare_kind(&self, canonical: bool) -> Result<RootPreparation> {
    |        ^^^^^^^^^^^^
    |
    = note: `#[warn(dead_code)]` (part of `#[warn(unused)]`) on by default

warning: method `cache_publication_after` is never used
  --> crates/kasumi-engine/src/cache_publication_events.rs:71:25
   |
43 | impl SourceRootsRef {
   | ------------------- method in this implementation
...
71 |     pub(crate) async fn cache_publication_after(
   |                         ^^^^^^^^^^^^^^^^^^^^^^^

warning: field `idle_text_runtime` is never read
    --> crates/kasumi-engine/src/admission.rs:1044:5
     |
1040 | pub struct NodeAdmission {
     |            ------------- field in this struct
...
1044 |     idle_text_runtime: text_runtime::IdleCache,
     |     ^^^^^^^^^^^^^^^^^

warning: method `require_governor` is never used
    --> crates/kasumi-engine/src/admission.rs:1365:19
     |
1362 | impl Reservation {
     | ---------------- method in this implementation
...
1365 |     pub(crate) fn require_governor(&self, node: &Arc<NodeAdmission>) -> Result<()> {
     |                   ^^^^^^^^^^^^^^^^

warning: struct `CacheHeadroom` is never constructed
    --> crates/kasumi-engine/src/admission.rs:2497:19
     |
2497 | pub(crate) struct CacheHeadroom {
     |                   ^^^^^^^^^^^^^

warning: method `improves` is never used
    --> crates/kasumi-engine/src/admission.rs:2505:19
     |
2504 | impl CacheHeadroom {
     | ------------------ method in this implementation
2505 |     pub(crate) fn improves(self, prior: Self) -> bool {
     |                   ^^^^^^^^

warning: methods `cache_retention_ceiling_bytes`, `cache_headroom`, and `cache_relief_after` are never used
    --> crates/kasumi-engine/src/admission.rs:2517:19
     |
2513 | impl MemoryCore {
     | --------------- methods in this implementation
...
2517 |     pub(crate) fn cache_retention_ceiling_bytes(&self) -> u64 {
     |                   ^^^^^^^^^^^^^^^^^^^^^^^^^^^^^
...
2525 |     pub(crate) fn cache_headroom(&self) -> CacheHeadroom {
     |                   ^^^^^^^^^^^^^^
...
2570 |     pub(crate) async fn cache_relief_after(&self, prior: CacheHeadroom) -> CacheHeadroom {
     |                         ^^^^^^^^^^^^^^^^^^

warning: trait `ExistingGrantOperation` is never used
   --> crates/kasumi-engine/src/admission/snapshot_work.rs:122:18
    |
122 | pub(crate) trait ExistingGrantOperation: SnapshotOperation {
    |                  ^^^^^^^^^^^^^^^^^^^^^^

warning: enum `SnapshotPreparationFailure` is never used
   --> crates/kasumi-engine/src/admission/snapshot_work.rs:129:17
    |
129 | pub(crate) enum SnapshotPreparationFailure {
    |                 ^^^^^^^^^^^^^^^^^^^^^^^^^^

warning: method `error` is never used
   --> crates/kasumi-engine/src/admission/snapshot_work.rs:140:19
    |
139 | impl SnapshotPreparationFailure {
    | ------------------------------- method in this implementation
140 |     pub(crate) fn error(&self) -> Option<&Error> {
    |                   ^^^^^

warning: struct `SnapshotWorkRejected` is never constructed
   --> crates/kasumi-engine/src/admission/snapshot_work.rs:149:19
    |
149 | pub(crate) struct SnapshotWorkRejected<P> {
    |                   ^^^^^^^^^^^^^^^^^^^^

warning: methods `failure`, `error`, and `into_parts` are never used
   --> crates/kasumi-engine/src/admission/snapshot_work.rs:154:19
    |
153 | impl<P> SnapshotWorkRejected<P> {
    | ------------------------------- methods in this implementation
154 |     pub(crate) fn failure(&self) -> &SnapshotPreparationFailure {
    |                   ^^^^^^^
...
157 |     pub(crate) fn error(&self) -> Option<&Error> {
    |                   ^^^^^
...
160 |     pub(crate) fn into_parts(self) -> (P, SnapshotPreparationFailure) {
    |                   ^^^^^^^^^^

warning: variants `Running`, `Ready`, and `Failed` are never constructed
   --> crates/kasumi-engine/src/admission/snapshot_work.rs:192:5
    |
190 | enum PreparationPhase {
    |      ---------------- variants in this enum
191 |     Unused,
192 |     Running(std::thread::ThreadId),
    |     ^^^^^^^
193 |     Ready,
    |     ^^^^^
194 |     Failed,
    |     ^^^^^^
    |
    = note: `PreparationPhase` has a derived impl for the trait `Clone`, but this is intentionally ignored during dead code analysis

warning: method `prepare_inputs` is never used
   --> crates/kasumi-engine/src/admission/snapshot_work.rs:471:8
    |
455 | impl<O: SnapshotOperation> Owner<O> {
    | ----------------------------------- method in this implementation
...
471 |     fn prepare_inputs(&self)
    |        ^^^^^^^^^^^^^^

warning: methods `require_memory` and `wait_ready` are never used
   --> crates/kasumi-engine/src/admission/snapshot_work.rs:904:19
    |
903 | impl SnapshotWorkReport {
    | ----------------------- methods in this implementation
904 |     pub(crate) fn require_memory(&self, core: &Arc<MemoryCore>) -> Result<()> {
    |                   ^^^^^^^^^^^^^^
...
924 |     pub(crate) async fn wait_ready(&self) {
    |                         ^^^^^^^^^^

warning: method `prepare_snapshot_work_from_existing` is never used
    --> crates/kasumi-engine/src/admission/snapshot_work.rs:1105:19
     |
1096 | impl NodeAdmission {
     | ------------------ method in this implementation
...
1105 |     pub(crate) fn prepare_snapshot_work_from_existing<O: ExistingGrantOperation>(
     |                   ^^^^^^^^^^^^^^^^^^^^^^^^^^^^^^^^^^^

warning: trait `ScopedSnapshotOperation` is never used
  --> crates/kasumi-engine/src/admission/snapshot_work_scope.rs:10:18
   |
10 | pub(crate) trait ScopedSnapshotOperation: ExistingGrantOperation {
   |                  ^^^^^^^^^^^^^^^^^^^^^^^

warning: trait `ProspectiveSnapshotOperation` is never used
  --> crates/kasumi-engine/src/admission/snapshot_work_scope.rs:18:18
   |
18 | pub(crate) trait ProspectiveSnapshotOperation: ScopedSnapshotOperation {
   |                  ^^^^^^^^^^^^^^^^^^^^^^^^^^^^

warning: variants `Preparing` and `Work` are never constructed
  --> crates/kasumi-engine/src/admission/snapshot_work_scope.rs:24:5
   |
22 | enum Slot {
   |      ---- variants in this enum
23 |     Empty,
24 |     Preparing {
   |     ^^^^^^^^^
...
28 |     Work(SnapshotWorkReport),
   |     ^^^^

warning: field `next` is never read
  --> crates/kasumi-engine/src/admission/snapshot_work_scope.rs:32:5
   |
30 | struct State {
   |        ----- field in this struct
31 |     sealed: bool,
32 |     next: u64,
   |     ^^^^

warning: field `admission` is never read
  --> crates/kasumi-engine/src/admission/snapshot_work_scope.rs:43:5
   |
40 | struct Inner {
   |        ----- field in this struct
...
43 |     admission: Arc<NodeAdmission>,
   |     ^^^^^^^^^

warning: struct `Preparation` is never constructed
  --> crates/kasumi-engine/src/admission/snapshot_work_scope.rs:46:8
   |
46 | struct Preparation<'a> {
   |        ^^^^^^^^^^^

warning: multiple methods are never used
   --> crates/kasumi-engine/src/admission/snapshot_work_scope.rs:136:8
    |
 81 | impl SnapshotWorkScope {
    | ---------------------- methods in this implementation
...
136 |     fn begin(&self) -> Result<Preparation<'_>> {
    |        ^^^^^
...
169 |     pub(crate) fn prepare<O: ScopedSnapshotOperation>(
    |                   ^^^^^^^
...
221 |     pub(crate) fn prepare_prospective<O: ProspectiveSnapshotOperation>(
    |                   ^^^^^^^^^^^^^^^^^^^
...
229 |     pub(crate) fn require_open_memory(&self, core: &Arc<MemoryCore>) -> Result<()> {
    |                   ^^^^^^^^^^^^^^^^^^^
...
247 |     pub(crate) async fn when_sealed(&self) {
    |                         ^^^^^^^^^^^
...
290 |     pub(crate) fn take_completed(&self, report: &SnapshotWorkReport) -> Result<SnapshotWorkReport> {
    |                   ^^^^^^^^^^^^^^
...
321 |     pub(crate) fn visit(&self, mut visit: impl FnMut(SnapshotWorkId, SnapshotObservation<'_>)) {
    |                   ^^^^^

warning: variants `Preparing` and `Failed` are never constructed
  --> crates/kasumi-engine/src/admission/text_runtime.rs:25:5
   |
23 | enum Phase {
   |      ----- variants in this enum
24 |     Idle,
25 |     Preparing,
   |     ^^^^^^^^^
26 |     Failed,
   |     ^^^^^^
   |
   = note: `Phase` has a derived impl for the trait `Clone`, but this is intentionally ignored during dead code analysis

warning: fields `slot`, `phase`, `serial`, `next`, `thread`, and `report` are never read
  --> crates/kasumi-engine/src/admission/text_runtime.rs:29:5
   |
28 | struct RegistryState {
   |        ------------- fields in this struct
29 |     slot: TextRuntimeSlot<Reservation>,
   |     ^^^^
30 |     idle: idle::Slot,
31 |     phase: Phase,
   |     ^^^^^
32 |     serial: u64,
   |     ^^^^^^
33 |     next: u64,
   |     ^^^^
34 |     thread: Option<std::thread::ThreadId>,
   |     ^^^^^^
...
37 |     report: Option<SnapshotWorkReport>,
   |     ^^^^^^

warning: field `changed` is never read
  --> crates/kasumi-engine/src/admission/text_runtime.rs:41:5
   |
39 | pub(super) struct Registry {
   |                   -------- field in this struct
40 |     state: Mutex<RegistryState>,
41 |     changed: tokio::sync::Notify,
   |     ^^^^^^^

warning: method `fail` is never used
  --> crates/kasumi-engine/src/admission/text_runtime.rs:69:8
   |
43 | impl Registry {
   | ------------- method in this implementation
...
69 |     fn fail(&self, serial: u64) {
   |        ^^^^

warning: struct `Ticket` is never constructed
  --> crates/kasumi-engine/src/admission/text_runtime.rs:81:8
   |
81 | struct Ticket {
   |        ^^^^^^

warning: methods `entered`, `failed`, and `publish` are never used
   --> crates/kasumi-engine/src/admission/text_runtime.rs:87:8
    |
 86 | impl Ticket {
    | ----------- methods in this implementation
 87 |     fn entered(&self) {
    |        ^^^^^^^
...
101 |     fn failed(&mut self) {
    |        ^^^^^^
...
105 |     fn publish(&mut self, runtime: &Runtime, idle: &IdleCache) -> Result<()> {
    |        ^^^^^^^

warning: function `require_operation_grant` is never used
   --> crates/kasumi-engine/src/admission/text_runtime.rs:182:4
    |
182 | fn require_operation_grant(grant: &Reservation, core: &Arc<MemoryCore>) -> Result<()> {
    |    ^^^^^^^^^^^^^^^^^^^^^^^

warning: function `require_runtime` is never used
   --> crates/kasumi-engine/src/admission/text_runtime.rs:211:4
    |
211 | fn require_runtime(runtime: &Runtime, core: &Arc<MemoryCore>) -> Result<()> {
    |    ^^^^^^^^^^^^^^^

warning: enum `Acquisition` is never used
   --> crates/kasumi-engine/src/admission/text_runtime.rs:218:17
    |
218 | pub(crate) enum Acquisition {
    |                 ^^^^^^^^^^^

warning: enum `RequestFailure` is never used
   --> crates/kasumi-engine/src/admission/text_runtime.rs:224:17
    |
224 | pub(crate) enum RequestFailure {
    |                 ^^^^^^^^^^^^^^

warning: methods `preparation_failure` and `visit_diagnostics` are never used
   --> crates/kasumi-engine/src/admission/text_runtime.rs:229:19
    |
228 | impl RequestFailure {
    | ------------------- methods in this implementation
229 |     pub(crate) fn preparation_failure(&self) -> Option<&snapshot_work::SnapshotPreparationFailure> {
    |                   ^^^^^^^^^^^^^^^^^^^
...
235 |     pub(crate) fn visit_diagnostics(&self, visit: &mut dyn FnMut(&(dyn StdError + 'static))) {
    |                   ^^^^^^^^^^^^^^^^^

warning: struct `Wait` is never constructed
   --> crates/kasumi-engine/src/admission/text_runtime.rs:256:19
    |
256 | pub(crate) struct Wait {
    |                   ^^^^

warning: method `changed` is never used
   --> crates/kasumi-engine/src/admission/text_runtime.rs:264:25
    |
260 | impl Wait {
    | --------- method in this implementation
...
264 |     pub(crate) async fn changed(&self, scope: &SnapshotWorkScope) -> Result<()> {
    |                         ^^^^^^^

warning: struct `Plan` is never constructed
   --> crates/kasumi-engine/src/admission/text_runtime.rs:312:19
    |
312 | pub(crate) struct Plan {
    |                   ^^^^

warning: struct `Initialize` is never constructed
   --> crates/kasumi-engine/src/admission/text_runtime.rs:319:19
    |
319 | pub(crate) struct Initialize {
    |                   ^^^^^^^^^^

warning: enum `Failure` is never used
   --> crates/kasumi-engine/src/admission/text_runtime.rs:329:17
    |
329 | pub(crate) enum Failure {
    |                 ^^^^^^^

warning: struct `FailureWake` is never constructed
   --> crates/kasumi-engine/src/admission/text_runtime.rs:338:8
    |
338 | struct FailureWake {
    |        ^^^^^^^^^^^

warning: methods `request_text_runtime` and `request_text_runtime_inner` are never used
   --> crates/kasumi-engine/src/admission/text_runtime.rs:471:19
    |
470 | impl NodeAdmission {
    | ------------------ methods in this implementation
471 |     pub(crate) fn request_text_runtime(
    |                   ^^^^^^^^^^^^^^^^^^^^
...
483 |     fn request_text_runtime_inner(
    |        ^^^^^^^^^^^^^^^^^^^^^^^^^^

warning: methods `text_runtime_report` and `acknowledge_text_runtime_failure` are never used
   --> crates/kasumi-engine/src/admission/text_runtime.rs:621:19
    |
620 | impl MemoryCore {
    | --------------- methods in this implementation
621 |     pub(crate) fn text_runtime_report(&self) -> Option<SnapshotWorkReport> {
    |                   ^^^^^^^^^^^^^^^^^^^
...
631 |     pub(crate) fn acknowledge_text_runtime_failure(
    |                   ^^^^^^^^^^^^^^^^^^^^^^^^^^^^^^^^

warning: methods `retain_hit` and `retain_charged` are never used
   --> crates/kasumi-engine/src/admission/text_runtime_idle.rs:168:19
    |
104 | impl Cache {
    | ---------- methods in this implementation
...
168 |     pub(super) fn retain_hit(&self, runtime: &Runtime, core: &Arc<MemoryCore>) -> Result<()> {
    |                   ^^^^^^^^^^
...
183 |     pub(super) fn retain_charged(
    |                   ^^^^^^^^^^^^^^

warning: method `cache_capacity_after` is never used
  --> crates/kasumi-engine/src/admission/budget_events.rs:90:25
   |
 5 | impl MemoryCore {
   | --------------- method in this implementation
...
90 |     pub(crate) async fn cache_capacity_after(&self, prior: CacheHeadroom) -> CacheHeadroom {
   |                         ^^^^^^^^^^^^^^^^^^^^

warning: `kasumi-engine` (lib) generated 45 warnings (run `cargo fix --lib -p kasumi-engine` to apply 1 suggestion)
   Compiling kasumi-engine v0.1.0 (/private/tmp/kasumi-source-cohort-validation-v1/crates/kasumi-engine)
warning: unused import: `Retire`
  --> crates/kasumi-engine/src/primary_stage_cow.rs:12:78
   |
12 | use records::{CatalogEntry, CatalogId, CatalogMember, Manifest, ManifestRef, Retire, Root};
   |                                                                              ^^^^^^

warning: unused imports: `EditedCollection`, `OrderedEditFailure`, `PrimaryPublicationInventory`, and `VerifiedOrderedEdits`
   --> crates/kasumi-engine/src/primary_stage_cow.rs:460:5
    |
460 |     EditedCollection, OrderedEditFailure, PendingOrderedEdits, PrimaryPublicationInventory,
    |     ^^^^^^^^^^^^^^^^  ^^^^^^^^^^^^^^^^^^                       ^^^^^^^^^^^^^^^^^^^^^^^^^^^
461 |     VerifiedOrderedEdits,
    |     ^^^^^^^^^^^^^^^^^^^^

warning: unused import: `QueryWorkspace`
   --> crates/kasumi-engine/src/query_source_work.rs:235:37
    |
235 |     use kasumi_query::{QueryMemory, QueryWorkspace};
    |                                     ^^^^^^^^^^^^^^

warning: unused import: `stage::index as staged`
 --> crates/kasumi-engine/src/primary_stage_index_span_tests.rs:7:5
  |
7 |     stage::index as staged,
  |     ^^^^^^^^^^^^^^^^^^^^^^

warning: unused import: `AcceptedPublicationInventory`
   --> crates/kasumi-engine/src/primary_projection.rs:208:5
    |
208 |     AcceptedPublicationInventory, CollectionAction, CollectionPublication, DocumentChange,
    |     ^^^^^^^^^^^^^^^^^^^^^^^^^^^^

warning: unused import: `AcceptedIndexEdits`
   --> crates/kasumi-engine/src/primary_projection.rs:212:5
    |
212 |     AcceptedIndexEdits, FieldSlot, IndexChange, IndexInputFailure, IndexOperation, IndexRole,
    |     ^^^^^^^^^^^^^^^^^^

warning: field `grant` is never read
  --> crates/kasumi-engine/src/primary_stage_collection.rs:27:16
   |
13 | pub(crate) struct AcceptedPrimaryDraft {
   |                   -------------------- field in this struct
...
27 |     pub(super) grant: Reservation,
   |                ^^^^^
   |
   = note: `#[warn(dead_code)]` (part of `#[warn(unused)]`) on by default

warning: method `check_draft_graph` is never used
   --> crates/kasumi-engine/src/primary_stage_collection_verify.rs:328:19
    |
323 | impl PrimaryStage<'_, '_> {
    | ------------------------- method in this implementation
...
328 |     pub(crate) fn check_draft_graph(
    |                   ^^^^^^^^^^^^^^^^^

warning: method `proposed` is never used
  --> crates/kasumi-engine/src/primary_stage_ordered.rs:54:19
   |
38 | impl EditedCollection {
   | --------------------- method in this implementation
...
54 |     pub(crate) fn proposed(&self) -> Option<(Manifest, ManifestRef)> {
   |                   ^^^^^^^^

warning: field `resources` is never read
   --> crates/kasumi-engine/src/primary_stage_ordered.rs:146:5
    |
144 | pub(crate) struct OrderedEditFailure<'guard, 'engine> {
    |                   ------------------ field in this struct
145 |     original: anyhow::Error,
146 |     resources: OrderedResources<'guard, 'engine>,
    |     ^^^^^^^^^

warning: field `grant` is never read
  --> crates/kasumi-engine/src/primary_stage_index_rebuild.rs:72:16
   |
62 | pub(super) struct Parts {
   |                   ----- field in this struct
...
72 |     pub(super) grant: Reservation,
   |                ^^^^^

warning: field `grant` is never read
  --> crates/kasumi-engine/src/primary_stage_index_text_import.rs:51:5
   |
47 | struct Work {
   |        ---- field in this struct
...
51 |     grant: Reservation,
   |     ^^^^^

warning: method `reader` is never used
   --> crates/kasumi-engine/src/primary_stage_index_text_journal.rs:739:19
    |
728 | impl UnverifiedJournalSegment {
    | ----------------------------- method in this implementation
...
739 |     pub(crate) fn reader(&self) -> Result<&SegmentReader> {
    |                   ^^^^^^

warning: field `owner` is never read
   --> crates/kasumi-engine/src/primary_stage_index_text_journal.rs:791:5
    |
789 | struct OpenFailure {
    |        ----------- field in this struct
790 |     original: anyhow::Error,
791 |     owner: Mutex<UnverifiedJournalSegment>,
    |     ^^^^^

warning: function `close_failed_open` is never used
   --> crates/kasumi-engine/src/primary_stage_index_text_journal.rs:810:15
    |
810 | pub(crate) fn close_failed_open(error: &anyhow::Error) -> Result<bool> {
    |               ^^^^^^^^^^^^^^^^^

warning: field `grant` is never read
  --> crates/kasumi-engine/src/primary_stage_index_text_producer.rs:57:16
   |
48 | pub(super) struct TextParts {
   |                   --------- field in this struct
...
57 |     pub(super) grant: Reservation,
   |                ^^^^^

warning: method `request_cache_refill` is never used
  --> crates/kasumi-engine/src/primary_cache_warm.rs:45:19
   |
30 | impl SelectedPrimary {
   | -------------------- method in this implementation
...
45 |     pub(crate) fn request_cache_refill(self) -> std::result::Result<Self, ReadFailure> {
   |                   ^^^^^^^^^^^^^^^^^^^^

warning: method `request_cache_refill` is never used
   --> crates/kasumi-engine/src/primary_document_source.rs:177:19
    |
 88 | impl PrimaryDocumentSource {
    | -------------------------- method in this implementation
...
177 |     pub(crate) fn request_cache_refill(&self) -> ReadResult<(), ReadFailure> {
    |                   ^^^^^^^^^^^^^^^^^^^^

warning: field `plan` is never read
   --> crates/kasumi-engine/src/admission/text_runtime.rs:225:15
    |
225 |     Refused { plan: Plan, original: Error },
    |     -------   ^^^^
    |     |
    |     field in this variant

warning: method `preparation_failure` is never used
   --> crates/kasumi-engine/src/admission/text_runtime.rs:229:19
    |
228 | impl RequestFailure {
    | ------------------- method in this implementation
229 |     pub(crate) fn preparation_failure(&self) -> Option<&snapshot_work::SnapshotPreparationFailure> {
    |                   ^^^^^^^^^^^^^^^^^^^

warning: method `prepare_primary_document_source` is never used
    --> crates/kasumi-engine/src/service.rs:3196:8
     |
3192 | impl Database {
     | ------------- method in this implementation
...
3196 |     fn prepare_primary_document_source(
     |        ^^^^^^^^^^^^^^^^^^^^^^^^^^^^^^^

warning: `kasumi-engine` (lib test) generated 22 warnings (1 duplicate) (run `cargo fix --lib -p kasumi-engine --tests` to apply 6 suggestions)
    Finished `test` profile [unoptimized + debuginfo] target(s) in 37.42s
     Running unittests src/lib.rs (/Users/takemiyamakoto/dev/kasumi/target/disk-backed-cache/debug/deps/kasumi_engine-fe8ede86cb1fd23f)

running 112 tests
test admission::budget_events::tests::memory_budget_events_refused_floor_host_bound_and_revision_exhaustion_preserve_state ... ok
test admission::cache_relief_tests::cache_relief_post_cleanup_baseline_does_not_retry_on_unchanged_workspace_churn ... ok
test admission::budget_events::tests::memory_budget_events_growth_and_shrink_wake_all_once_and_unchanged_limit_does_not ... ok
test admission::cache_relief_tests::cache_relief_existing_sampler_recovery_wakes_without_another_reservation ... ok
test admission::budget_events::tests::memory_budget_events_shrink_keeps_active_original_bytes_until_positive_release ... ok
test admission::ordinary_protection_tests::ordinary_protection_refuses_byte_or_slot_overlap_without_mutating_existing_owners ... ok
test admission::cache_relief_tests::cache_relief_uses_exact_aggregate_cache_floor_and_retained_credit ... ok
test admission::budget_events::tests::memory_budget_events_default_cache_floor_tracks_same_current_limit ... ok
test admission::budget_events::tests::memory_budget_events_notify_after_unlock_allows_actual_callback_reentry ... ok
test admission::cache_relief_tests::cache_relief_released_credit_wakes_every_entered_database_waiter ... ok
test admission::budget_events::tests::memory_budget_events_same_core_facades_and_original_growth_use_effective_limit ... ok
test admission::budget_events::tests::memory_budget_events_actual_runtime_shrink_then_growth_keeps_original_owner ... ok
test admission::source_publication::protected_point_tests::production_capacity_tests::production_prepared_source_cancellation_retires_its_exact_unused_right ... ok
test admission::source_publication::protected_point_tests::history_abort_tests::prepared_history_cancellation_keeps_current_then_retry_can_commit ... ok
test admission::source_publication::protected_point_tests::history_abort_tests::history_abort_keeps_exact_cause_while_census_cancel_is_pending ... ok
test admission::source_publication::protected_point_tests::history_abort_tests::history_census_admission_refusal_preserves_current_without_entering_native ... ok
test admission::source_publication::protected_point_tests::production_capacity_tests::production_current_next_source_owners_reuse_positive_retirement_under_pressure ... ok
test admission::source_publication::protected_point_tests::history_abort_tests::history_refusal_and_actual_replacement_drop_panic_keep_distinct_originals ... ok
test admission::source_publication::protected_point_tests::protected_source_actual_encrypted_current_and_history_need_no_new_ordinary_grant ... ok
test admission::source_publication::protected_point_tests::production_capacity_tests::production_source_history_escape_refusal_restores_current_then_reuses_exact_lane ... ok
test admission::source_publication::protected_point_tests::log_source_publication_tests::sole_domain_publication_captures_without_application_access ... ok
test admission::source_publication::protected_point_tests::production_capacity_tests::production_source_selection_uses_exact_encrypted_root_and_preowned_small_shape ... ok

thread 'admission::source_publication::registered_tests::registered_source_both_local_suffix_panics_retain_original_and_fence_lane_reuse' (30217636) panicked at crates/kasumi-store/src/storage_opening/reads/source_pool.rs:389:17:
Box<dyn Any>
note: run with `RUST_BACKTRACE=1` environment variable to display a backtrace
test admission::source_publication::registered_tests::registered_source_busy_census_cancel_retries_without_replaying_native_cleanup ... ok
test admission::source_publication::registered_tests::registered_source_control_real_capacity_failure_survives_all_facades_until_explicit_ack ... ok
test admission::source_publication::registered_tests::registered_source_captured_finish_retries_only_actual_opening_contention ... ok
test admission::source_publication::protected_point_tests::log_source_publication_tests::paired_publication_captures_its_exact_replacement_before_later_writes ... ok
test admission::source_publication::protected_point_tests::log_source_publication_tests::source_publication_rejects_foreign_provider_before_any_write ... ok

thread 'admission::source_publication::registered_tests::registered_source_both_local_suffix_panics_retain_original_and_fence_lane_reuse' (30217636) panicked at crates/kasumi-store/src/storage_opening/reads/source_pool.rs:395:17:
Box<dyn Any>
test admission::source_publication::registered_tests::registered_source_both_local_suffix_panics_retain_original_and_fence_lane_reuse ... ok
test admission::source_publication::registered_tests::registered_source_funding_real_provider_counts_complete_layout_and_has_no_post_bank_reserve ... ok
test admission::source_publication::registered_tests::registered_source_history_finish_retries_only_actual_opening_contention ... ok
test admission::source_publication::protected_point_tests::protected_source_workspace_preparation_refusal_preserves_exact_captured_owner ... ok
test admission::source_publication::registered_tests::registered_source_history_native_slot_denial_cancels_whole_registered_request ... ok
test admission::source_publication::protected_point_tests::single_domain_source_points_tests::single_domain_current_next_roots_reuse_one_actual_backing_under_full_pressure ... ok
test admission::source_publication::allocation_tests::registered_source_actual_bank_account_report_and_control_tails_keep_exact_credit ... ok
test admission::source_publication::registered_tests::registered_source_native_success_survives_actual_committed_marker_contention_once ... ok
test admission::source_publication::registered_tests::registered_source_history_report_outlives_ordinary_cell_and_preserves_its_own_bytes ... ok
test admission::source_publication::registered_tests::registered_source_no_facade_close_recovers_actual_pool_and_both_prepared_readers ... ok
test admission::source_publication::registered_tests::registered_source_partial_queue_actual_registration_contention_retains_report_and_original ... ok
test admission::tests::cancelled_detached_worker_keeps_semaphore_and_reservation_until_exit ... ok
test admission::tests::completed_failure_keeps_original_report_and_inventory_charge_until_facade_drop ... ok
test admission::tests::empty_inventory_capacity_is_charged_until_actual_sealed_drain ... ok
test admission::tests::exhausted_startup_inventory_denies_before_charging_another_owner ... ok
test admission::tests::explicit_high_water_cannot_bypass_detected_memory_capacity ... ok
test admission::tests::fixed_bookkeeping_is_denied_before_its_allocation_when_budget_is_too_small ... ok
test admission::tests::fixed_charge_slots_reuse_capacity_without_forgetting_live_owners ... ok
test admission::tests::fixture_total_resolution_preserves_the_original_runtime_payload_boundary ... ok
test admission::tests::identifier_exhaustion_preserves_existing_charge_and_free_slot ... ok
test admission::tests::initial_bookkeeping_obeys_the_existing_low_water_startup_fence ... ok
test admission::tests::last_reservation_waits_for_paused_sampler_and_actual_source_destruction ... ok
test admission::tests::new_inventory_policies_are_required_without_legacy_aliases ... ok
test admission::tests::pressure_cancels_queries_but_never_changes_write_work_and_uses_hysteresis ... ok
test admission::tests::queued_rebuild_expands_its_existing_slot_and_rejects_growth_without_losing_charge ... ok
test admission::tests::real_process_rss_and_physical_capacity_are_measured ... ok
test admission::tests::replacement_facade_preserves_resident_charge_and_has_fresh_startup_fence ... ok
test admission::tests::reserved_audit_workspace_remains_usable_under_rss_pressure ... ok
test admission::tests::resident_admission_never_consumes_an_operation_slot ... ok
test admission::tests::result_release_rechecks_pressure_after_suspend_even_for_completed_work ... ok
test admission::tests::retained_cursor_releases_operation_slot_but_keeps_bytes_until_last_owner ... ok
test admission::tests::retained_reservation_governor_check_is_exact_and_never_resizes_credit ... ok

thread 'kasumi-rss' (30218081) panicked at crates/kasumi-engine/src/admission.rs:2440:21:
Box<dyn Any>
test admission::tests::sampler_panic_fences_fresh_admission_and_preserves_original_join_outcome ... ok
test admission::tests::shutdown_drain_waits_for_detached_work_to_release_its_registration ... ok
test admission::tests::snapshot_startup_inventory_is_charged_without_a_governor_cycle ... ok
test admission::tests::suspend_invalidates_old_measurement_and_slow_or_failed_probe_denies ... ok
test admission::tests::workspace_handoff_preserves_slot_owner_and_checks_only_replacement_growth ... ok
test admission::source_publication::tests::native_source_bank_exact_byte_boundary_preserves_cache_and_ordinary_headroom ... ok
test admission::source_publication::tests::native_source_bank_real_provider_two_lanes_capture_with_ordinary_bytes_full ... ok
test admission::source_publication::tests::native_source_binding_rejects_same_policy_foreign_core_without_fallback ... ok
test admission::text_runtime::idle::tests::memory_text_idle_constructor_quotes_shared_owner_and_preserves_exact_capacity ... ok
test admission::text_runtime::idle::tests::memory_text_idle_failed_upgrade_defers_actual_reservation_relief_until_unlock ... ok
test admission::source_publication::tests::native_source_busy_seal_resumes_only_after_positive_account_retirement ... ok
test admission::source_publication::tests::native_source_history_byte_denial_preserves_original_then_cancels_unentered_native_hold ... ok
test admission::source_publication::tests::native_source_prepared_rights_block_actual_opening_close_before_capture ... ok
test admission::source_publication::tests::native_source_history_slot_denial_retains_byte_grant_until_positive_cancel ... ok
test admission::text_runtime::tests::memory_text_runtime_registry_attaches_same_report_after_prestart_shutdown_race ... ok
test admission::source_publication::tests::native_source_history_transfers_actual_children_and_sealed_bank_keeps_only_fixed_credit ... ok
test admission::source_publication::registered_tests::registered_source_no_facade_recovers_precommit_and_native_committed_pending_local_exchange ... ok
test admission::source_publication::protected_point_tests::single_domain_source_points_tests::single_domain_source_loans_recheck_expiry_for_cached_records_and_absence ... ok
test admission::text_runtime::tests::memory_text_runtime_registry_prequotes_before_loader_under_actual_budget ... ok
test admission::source_publication::protected_point_tests::history_abort_tests::actual_history_capacity_refusals_restore_encrypted_current_and_allow_retry ... ok
test admission::text_runtime::idle::tests::memory_text_idle_active_runtime_keeps_original_credit_during_pressure ... ok
test admission::text_runtime::tests::memory_text_runtime_registry_refuses_foreign_and_sealed_scope_without_preparation ... ok
test admission::text_runtime::idle::tests::memory_text_idle_fixed_slot_and_operation_caps_do_not_evict_fitting_bytes ... ok
test admission::text_runtime::idle::tests::memory_text_idle_retains_all_fitting_runtime_across_queries_and_facades ... ok
test admission::text_runtime::idle::tests::memory_text_idle_stale_byte_refusal_does_not_evict_after_actual_release ... ok
test admission::text_runtime::tests::memory_text_runtime_registry_keeps_original_typed_failure_until_exact_acknowledgement ... ok
test admission::source_publication::allocation_tests::source_bank_and_account_actual_arc_and_backend_box_tails_remain_funded ... ok
test admission::text_runtime::tests::memory_text_runtime_registry_broadcasts_to_every_waiter_and_seal_wakes_locally ... ok

thread 'primary_tree::stage::index::text_directory::session::tests::primary_index_text_session_original_unwind_cannot_become_positive_join' (30218219) panicked at crates/kasumi-engine/src/primary_stage_index_text_session.rs:279:48:
Box<dyn Any>
test primary_tree::stage::index::text_directory::session::tests::primary_index_text_session_original_unwind_cannot_become_positive_join ... ok
test primary_tree::stage::index::text_directory::session::tests::primary_index_text_session_typed_destructive_error_returns_to_owned_cleanup ... ok
test primary_tree::stage::index::text_journal::ownership_tests::primary_index_text_journal_byte_views_keep_original_owner_for_close_retry ... ok
test primary_tree::stage::index::text_journal::ownership_tests::primary_index_text_journal_handle_registry_requires_positive_unwrap ... ok
test primary_tree::stage::index::text_journal::ownership_tests::primary_index_text_journal_original_diagnostic_retains_credit_after_close ... ok
test primary_tree::stage::index::text_journal::ownership_tests::primary_index_text_journal_simultaneous_visitor_and_access_errors_remain_original ... ok
test admission::text_runtime::idle::tests::memory_text_idle_stale_or_failed_sampling_keeps_already_admitted_runtime ... ok
test admission::text_runtime::tests::memory_text_runtime_registry_last_drop_and_upgrade_keep_exact_live_credit ... ok
test admission::text_runtime::tests::memory_text_runtime_registry_rechecks_original_cancellation_for_idle_busy_and_ready ... ok
test admission::text_runtime::tests::memory_text_runtime_registry_reentrant_initializer_cannot_wait_on_itself ... ok

thread 'tokio-rt-worker' (30218176) panicked at crates/kasumi-engine/src/admission/text_runtime_tests.rs:317:46:
Box<dyn Any>
test admission::text_runtime::tests::memory_text_runtime_registry_retains_loaded_dictionary_grant_and_original_panic_in_census ... ok
test admission::text_runtime::idle::tests::memory_text_idle_actual_byte_refusal_reclaims_only_idle_credit_and_can_fill_again ... ok
test admission::text_runtime::tests::memory_text_runtime_registry_shares_original_credit_and_releases_core ... ok
test admission::text_runtime::idle::tests::memory_text_idle_actual_rss_pressure_reclaims_without_an_idle_reload_loop ... ok
test admission::source_publication::protected_point_tests::protected_source_encrypted_loans_recheck_expiry_for_hits_misses_and_absence ... ok
test application_sources::tests::private_current_tests::protected_private_current_loan_cannot_mint_selected_descendant ... ok

thread 'application_sources::tests::private_current_tests::protected_private_current_cleanup_panic_never_becomes_complete' (30218211) panicked at crates/kasumi-engine/src/application_source_private_current.rs:368:37:
private current capacity cleanup entered
test application_sources::tests::private_current_tests::protected_private_current_cleanup_panic_never_becomes_complete ... ok
test application_sources::tests::private_current_tests::protected_private_current_refreshes_actual_storage_under_full_byte_refusal ... ok
test admission::source_publication::protected_point_tests::single_domain_source_points_tests::single_domain_binder_rejects_foreign_store_provider_native_and_ordinary_reader ... ok
test admission::source_publication::protected_point_tests::protected_source_binding_rejects_foreign_pair_provider_and_uncaptured_owner ... ok
test application_sources::tests::primary_read_tests::primary_cache_publication_events_are_actual_swaps_and_broadcast_after_guard ... ok
test state::primary_projection::tests::index_text_producer_tests::primary_index_text_producer_empty_rebuild_retains_explicit_zero_field_totals ... ok
test state::primary_projection::tests::index_text_producer_tests::primary_index_text_producer_work_refusal_retains_original_and_exact_abort ... ok
test state::primary_projection::tests::index_text_producer_tests::primary_index_text_producer_entered_control_refusal_retains_session_credit_through_cleanup ... ok
test state::primary_projection::tests::index_text_producer_tests::primary_index_text_producer_actual_baseline_rows_and_global_physical_statistics has been running for over 60 seconds
test state::primary_projection::tests::index_text_producer_tests::primary_index_text_producer_actual_baseline_rows_and_global_physical_statistics ... ok

test result: ok. 112 passed; 0 failed; 0 ignored; 0 measured; 770 filtered out; finished in 98.68s

Runner: 136.15s; exit=0; matching=1763/1763
