Command: cargo test --locked --offline --config profile.test.package.kasumi-kv.opt-level=3 --config profile.test.package.sha2.opt-level=3 -p kasumi-kv -p kasumi-store -p kasumi-engine -p kasumi-query --all-features --lib --no-fail-fast -- primary_collection_ primary_full_index_ primary_prospective_source_ primary_index_text_directory_ primary_index_text_import_ protected_primary_borrow_ ordinary_primary_point_backing_ logical_text_ primary_index_point_text_ admission::snapshot_work:: --nocapture
ISOLATED_SOURCE=/tmp/kasumi-source-cohort-validation-v1
CARGO_TARGET_DIR=/Users/takemiyamakoto/dev/kasumi/target/disk-backed-cache
warning: field `database` is never read
  --> crates/kasumi-store/src/storage_opening/publication.rs:59:5
   |
56 | struct PublicationRequest {
   |        ------------------ field in this struct
...
59 |     database: StorageRegistration<DatabaseOwner>,
   |     ^^^^^^^^
   |
   = note: `#[warn(dead_code)]` (part of `#[warn(unused)]`) on by default

warning: `kasumi-store` (lib) generated 1 warning
warning: method `last_sm_seq` is never used
  --> vendor/openraft-0.9.25/openraft/src/engine/engine_output.rs:35:19
   |
24 | / impl<C> EngineOutput<C>
25 | | where
26 | |     C: RaftTypeConfig,
   | |______________________- method in this implementation
...
35 |       pub(crate) fn last_sm_seq(&self) -> CommandSeq {
   |                     ^^^^^^^^^^^
   |
   = note: `#[warn(dead_code)]` (part of `#[warn(unused)]`) on by default

warning: method `accept_vote` is never used
  --> vendor/openraft-0.9.25/openraft/src/engine/handler/vote_handler/mod.rs:58:19
   |
45 | / impl<C> VoteHandler<'_, C>
46 | | where
47 | |     C: RaftTypeConfig,
   | |______________________- method in this implementation
...
58 |       pub(crate) fn accept_vote<T, E, F>(
   |                     ^^^^^^^^^^^

warning: `openraft` (lib) generated 2 warnings
warning: field `0` is never read
  --> crates/kasumi-raft/src/owned_prepared_restore.rs:25:33
   |
25 | struct CandidateRetirementPanic(std::sync::Mutex<Box<dyn std::any::Any + Send>>);
   |        ------------------------ ^^^^^^^^^^^^^^^^^^^^^^^^^^^^^^^^^^^^^^^^^^^^^^^
   |        |
   |        field in this struct
   |
   = help: consider removing this field
   = note: `#[warn(dead_code)]` (part of `#[warn(unused)]`) on by default

warning: method `prepared_snapshot_publication` is never used
   --> crates/kasumi-raft/src/custody_machine.rs:235:19
    |
135 | impl CustodyMachine {
    | ------------------- method in this implementation
...
235 |     pub(crate) fn prepared_snapshot_publication(
    |                   ^^^^^^^^^^^^^^^^^^^^^^^^^^^^^

warning: method `publish` is never used
   --> crates/kasumi-raft/src/custody_snapshot_preparation.rs:298:19
    |
188 | impl PreparedCustodySnapshotPublication {
    | --------------------------------------- method in this implementation
...
298 |     pub(crate) fn publish(&mut self, control: &OwnedControlGuard) -> Result<()> {
    |                   ^^^^^^^

warning: field `0` is never read
   --> crates/kasumi-raft/src/custody_snapshot_preparation.rs:382:32
    |
382 | struct SnapshotRetirementPanic(std::sync::Mutex<Box<dyn std::any::Any + Send>>);
    |        ----------------------- ^^^^^^^^^^^^^^^^^^^^^^^^^^^^^^^^^^^^^^^^^^^^^^^
    |        |
    |        field in this struct
    |
    = help: consider removing this field

warning: field `0` is never read
   --> crates/kasumi-raft/src/lifetime.rs:249:17
    |
249 |     Application(StorageHandle<kasumi_store::TenantStorageSet>),
    |     ----------- ^^^^^^^^^^^^^^^^^^^^^^^^^^^^^^^^^^^^^^^^^^^^^
    |     |
    |     field in this variant
    |
help: consider changing the field to be of unit type to suppress this warning while preserving the field numbering, or remove the field
    |
249 -     Application(StorageHandle<kasumi_store::TenantStorageSet>),
249 +     Application(()),
    |

warning: field `0` is never read
   --> crates/kasumi-raft/src/lifetime.rs:250:13
    |
250 |     Custody(StorageHandle<kasumi_store::CustodyStore>),
    |     ------- ^^^^^^^^^^^^^^^^^^^^^^^^^^^^^^^^^^^^^^^^^
    |     |
    |     field in this variant
    |
help: consider changing the field to be of unit type to suppress this warning while preserving the field numbering, or remove the field
    |
250 -     Custody(StorageHandle<kasumi_store::CustodyStore>),
250 +     Custody(()),
    |

warning: associated function `new` is never used
  --> crates/kasumi-raft/src/snapshot_buffer/prepared_child.rs:84:8
   |
83 | impl PreparedChild {
   | ------------------ associated function in this implementation
84 |     fn new(body: PreparedSnapshotBody) -> Self {
   |        ^^^

warning: field `0` is never read
   --> crates/kasumi-raft/src/snapshot_buffer/prepared_child.rs:307:19
    |
307 | struct ChildPanic(Mutex<Box<dyn std::any::Any + Send>>);
    |        ---------- ^^^^^^^^^^^^^^^^^^^^^^^^^^^^^^^^^^^^
    |        |
    |        field in this struct
    |
    = help: consider removing this field

warning: methods `begin_prepared_body` and `cancel_body` are never used
   --> crates/kasumi-raft/src/snapshot_buffer/prepared_child.rs:406:19
    |
320 | impl SnapshotBuffer {
    | ------------------- methods in this implementation
...
406 |     pub(crate) fn begin_prepared_body(
    |                   ^^^^^^^^^^^^^^^^^^^
...
470 |     pub(crate) async fn cancel_body(&mut self) -> DrainResult {
    |                         ^^^^^^^^^^^

warning: method `prepare_engine_publication` is never used
    --> crates/kasumi-raft/src/storage.rs:1121:19
     |
1083 | impl PendingSnapshot {
     | -------------------- method in this implementation
...
1121 |     pub(crate) fn prepare_engine_publication<'backend>(
     |                   ^^^^^^^^^^^^^^^^^^^^^^^^^^

warning: enum `SnapshotPublicationPhase` is never used
    --> crates/kasumi-raft/src/storage.rs:1175:6
     |
1175 | enum SnapshotPublicationPhase {
     |      ^^^^^^^^^^^^^^^^^^^^^^^^

warning: struct `PreparedEngineSnapshotPublication` is never constructed
    --> crates/kasumi-raft/src/storage.rs:1181:19
     |
1181 | pub(crate) struct PreparedEngineSnapshotPublication<'backend> {
     |                   ^^^^^^^^^^^^^^^^^^^^^^^^^^^^^^^^^

warning: methods `source` and `publish` are never used
    --> crates/kasumi-raft/src/storage.rs:1191:19
     |
1190 | impl PreparedEngineSnapshotPublication<'_> {
     | ------------------------------------------ methods in this implementation
1191 |     pub(crate) fn source(&self) -> &crate::PreparedSnapshotSourceEnvelope {
     |                   ^^^^^^
...
1194 |     pub(crate) fn publish(&mut self, domains: &TenantStorageSet) -> Result<()> {
     |                   ^^^^^^^

warning: method `context` is never used
   --> crates/kasumi-raft/src/storage/snapshot_conflict.rs:403:19
    |
134 | impl PreparedSnapshotConflict {
    | ----------------------------- method in this implementation
...
403 |     pub(crate) fn context(&self) -> &SnapshotAcceptanceContext<u64> {
    |                   ^^^^^^^

warning: method `source` is never used
   --> crates/kasumi-raft/src/storage/owned_snapshot_body.rs:328:19
    |
 59 | impl PreparedApplicationSnapshot {
    | -------------------------------- method in this implementation
...
328 |     pub(crate) fn source(&self) -> Option<&crate::PreparedSnapshotSourceEnvelope> {
    |                   ^^^^^^

warning: field `0` is never read
   --> crates/kasumi-raft/src/storage/owned_snapshot_body.rs:770:32
    |
770 | struct SnapshotRetirementPanic(std::sync::Mutex<Box<dyn std::any::Any + Send>>);
    |        ----------------------- ^^^^^^^^^^^^^^^^^^^^^^^^^^^^^^^^^^^^^^^^^^^^^^^
    |        |
    |        field in this struct
    |
    = help: consider removing this field

warning: methods `log` and `expected` are never used
   --> crates/kasumi-raft/src/storage/snapshot_seed.rs:461:19
    |
132 | impl SnapshotSeed {
    | ----------------- methods in this implementation
...
461 |     pub(crate) fn log(&self) -> &LogStore {
    |                   ^^^
...
464 |     pub(crate) fn expected(&self) -> &SnapshotMeta<u64, BasicNode> {
    |                   ^^^^^^^^

warning: `kasumi-raft` (lib) generated 17 warnings
warning: unused import: `ScopedSnapshotOperation`
    --> crates/kasumi-engine/src/admission/snapshot_work.rs:1263:54
     |
1263 | pub(crate) use scope::{ProspectiveSnapshotOperation, ScopedSnapshotOperation, SnapshotWorkScope};
     |                                                      ^^^^^^^^^^^^^^^^^^^^^^^
     |
     = note: `#[warn(unused_imports)]` (part of `#[warn(unused)]`) on by default

warning: methods `prepare` and `prepare_kind` are never used
   --> crates/kasumi-engine/src/application_sources.rs:760:19
    |
652 | impl SourceRootsRef {
    | ------------------- methods in this implementation
...
760 |     pub(crate) fn prepare(&self) -> Result<RootPreparation> {
    |                   ^^^^^^^
...
799 |     fn prepare_kind(&self, canonical: bool) -> Result<RootPreparation> {
    |        ^^^^^^^^^^^^
    |
    = note: `#[warn(dead_code)]` (part of `#[warn(unused)]`) on by default

warning: method `ptr_eq` is never used
   --> crates/kasumi-engine/src/application_source_ownership.rs:121:19
    |
104 | impl<T> Strong<T> {
    | ----------------- method in this implementation
...
121 |     pub(crate) fn ptr_eq(&self, other: &Self) -> bool {
    |                   ^^^^^^

warning: struct `CacheHeadroom` is never constructed
    --> crates/kasumi-engine/src/admission.rs:2327:19
     |
2327 | pub(crate) struct CacheHeadroom {
     |                   ^^^^^^^^^^^^^

warning: method `improves` is never used
    --> crates/kasumi-engine/src/admission.rs:2334:19
     |
2333 | impl CacheHeadroom {
     | ------------------ method in this implementation
2334 |     pub(crate) fn improves(self, prior: Self) -> bool {
     |                   ^^^^^^^^

warning: methods `cache_headroom` and `cache_relief_after` are never used
    --> crates/kasumi-engine/src/admission.rs:2343:19
     |
2342 | impl MemoryCore {
     | --------------- methods in this implementation
2343 |     pub(crate) fn cache_headroom(&self) -> CacheHeadroom {
     |                   ^^^^^^^^^^^^^^
...
2387 |     pub(crate) async fn cache_relief_after(&self, prior: CacheHeadroom) -> CacheHeadroom {
     |                         ^^^^^^^^^^^^^^^^^^

warning: trait `ExistingGrantOperation` is never used
   --> crates/kasumi-engine/src/admission/snapshot_work.rs:122:18
    |
122 | pub(crate) trait ExistingGrantOperation: SnapshotOperation {
    |                  ^^^^^^^^^^^^^^^^^^^^^^

warning: enum `SnapshotPreparationFailure` is never used
   --> crates/kasumi-engine/src/admission/snapshot_work.rs:129:17
    |
129 | pub(crate) enum SnapshotPreparationFailure {
    |                 ^^^^^^^^^^^^^^^^^^^^^^^^^^

warning: method `error` is never used
   --> crates/kasumi-engine/src/admission/snapshot_work.rs:140:19
    |
139 | impl SnapshotPreparationFailure {
    | ------------------------------- method in this implementation
140 |     pub(crate) fn error(&self) -> Option<&Error> {
    |                   ^^^^^

warning: struct `SnapshotWorkRejected` is never constructed
   --> crates/kasumi-engine/src/admission/snapshot_work.rs:149:19
    |
149 | pub(crate) struct SnapshotWorkRejected<P> {
    |                   ^^^^^^^^^^^^^^^^^^^^

warning: methods `failure`, `error`, and `into_parts` are never used
   --> crates/kasumi-engine/src/admission/snapshot_work.rs:154:19
    |
153 | impl<P> SnapshotWorkRejected<P> {
    | ------------------------------- methods in this implementation
154 |     pub(crate) fn failure(&self) -> &SnapshotPreparationFailure {
    |                   ^^^^^^^
...
157 |     pub(crate) fn error(&self) -> Option<&Error> {
    |                   ^^^^^
...
160 |     pub(crate) fn into_parts(self) -> (P, SnapshotPreparationFailure) {
    |                   ^^^^^^^^^^

warning: variants `Running`, `Ready`, and `Failed` are never constructed
   --> crates/kasumi-engine/src/admission/snapshot_work.rs:192:5
    |
190 | enum PreparationPhase {
    |      ---------------- variants in this enum
191 |     Unused,
192 |     Running(std::thread::ThreadId),
    |     ^^^^^^^
193 |     Ready,
    |     ^^^^^
194 |     Failed,
    |     ^^^^^^
    |
    = note: `PreparationPhase` has a derived impl for the trait `Clone`, but this is intentionally ignored during dead code analysis

warning: method `prepare_inputs` is never used
   --> crates/kasumi-engine/src/admission/snapshot_work.rs:471:8
    |
455 | impl<O: SnapshotOperation> Owner<O> {
    | ----------------------------------- method in this implementation
...
471 |     fn prepare_inputs(&self)
    |        ^^^^^^^^^^^^^^

warning: method `prepare_snapshot_work_from_existing` is never used
    --> crates/kasumi-engine/src/admission/snapshot_work.rs:1090:19
     |
1081 | impl NodeAdmission {
     | ------------------ method in this implementation
...
1090 |     pub(crate) fn prepare_snapshot_work_from_existing<O: ExistingGrantOperation>(
     |                   ^^^^^^^^^^^^^^^^^^^^^^^^^^^^^^^^^^^

warning: trait `ScopedSnapshotOperation` is never used
  --> crates/kasumi-engine/src/admission/snapshot_work_scope.rs:10:18
   |
10 | pub(crate) trait ScopedSnapshotOperation: ExistingGrantOperation {
   |                  ^^^^^^^^^^^^^^^^^^^^^^^

warning: trait `ProspectiveSnapshotOperation` is never used
  --> crates/kasumi-engine/src/admission/snapshot_work_scope.rs:18:18
   |
18 | pub(crate) trait ProspectiveSnapshotOperation: ScopedSnapshotOperation {
   |                  ^^^^^^^^^^^^^^^^^^^^^^^^^^^^

warning: variants `Preparing` and `Work` are never constructed
  --> crates/kasumi-engine/src/admission/snapshot_work_scope.rs:24:5
   |
22 | enum Slot {
   |      ---- variants in this enum
23 |     Empty,
24 |     Preparing {
   |     ^^^^^^^^^
...
28 |     Work(SnapshotWorkReport),
   |     ^^^^

warning: field `next` is never read
  --> crates/kasumi-engine/src/admission/snapshot_work_scope.rs:32:5
   |
30 | struct State {
   |        ----- field in this struct
31 |     sealed: bool,
32 |     next: u64,
   |     ^^^^

warning: field `admission` is never read
  --> crates/kasumi-engine/src/admission/snapshot_work_scope.rs:43:5
   |
40 | struct Inner {
   |        ----- field in this struct
...
43 |     admission: Arc<NodeAdmission>,
   |     ^^^^^^^^^

warning: struct `Preparation` is never constructed
  --> crates/kasumi-engine/src/admission/snapshot_work_scope.rs:46:8
   |
46 | struct Preparation<'a> {
   |        ^^^^^^^^^^^

warning: methods `begin`, `prepare`, `prepare_prospective`, `take_completed`, and `visit` are never used
   --> crates/kasumi-engine/src/admission/snapshot_work_scope.rs:136:8
    |
 81 | impl SnapshotWorkScope {
    | ---------------------- methods in this implementation
...
136 |     fn begin(&self) -> Result<Preparation<'_>> {
    |        ^^^^^
...
169 |     pub(crate) fn prepare<O: ScopedSnapshotOperation>(
    |                   ^^^^^^^
...
221 |     pub(crate) fn prepare_prospective<O: ProspectiveSnapshotOperation>(
    |                   ^^^^^^^^^^^^^^^^^^^
...
255 |     pub(crate) fn take_completed(&self, report: &SnapshotWorkReport) -> Result<SnapshotWorkReport> {
    |                   ^^^^^^^^^^^^^^
...
286 |     pub(crate) fn visit(&self, mut visit: impl FnMut(SnapshotWorkId, SnapshotObservation<'_>)) {
    |                   ^^^^^

warning: `kasumi-engine` (lib) generated 21 warnings (run `cargo fix --lib -p kasumi-engine` to apply 1 suggestion)
warning: `kasumi-store` (lib test) generated 1 warning (1 duplicate)
   Compiling kasumi-engine v0.1.0 (/private/tmp/kasumi-source-cohort-validation-v1/crates/kasumi-engine)
warning: unused import: `verify::CollectionCensus`
  --> crates/kasumi-engine/src/primary_stage_collection.rs:67:16
   |
67 | pub(crate) use verify::CollectionCensus;
   |                ^^^^^^^^^^^^^^^^^^^^^^^^
   |
   = note: `#[warn(unused_imports)]` (part of `#[warn(unused)]`) on by default

warning: unused imports: `EditedCollection`, `OrderedEditFailure`, `PrimaryPublicationInventory`, and `VerifiedOrderedEdits`
   --> crates/kasumi-engine/src/primary_stage_cow.rs:460:5
    |
460 |     EditedCollection, OrderedEditFailure, PendingOrderedEdits, PrimaryPublicationInventory,
    |     ^^^^^^^^^^^^^^^^  ^^^^^^^^^^^^^^^^^^                       ^^^^^^^^^^^^^^^^^^^^^^^^^^^
461 |     VerifiedOrderedEdits,
    |     ^^^^^^^^^^^^^^^^^^^^

warning: unused import: `QueryWorkspace`
   --> crates/kasumi-engine/src/query_source_work.rs:235:37
    |
235 |     use kasumi_query::{QueryMemory, QueryWorkspace};
    |                                     ^^^^^^^^^^^^^^

warning: unused import: `stage::index as staged`
 --> crates/kasumi-engine/src/primary_stage_index_span_tests.rs:7:5
  |
7 |     stage::index as staged,
  |     ^^^^^^^^^^^^^^^^^^^^^^

warning: unused import: `AcceptedPublicationInventory`
   --> crates/kasumi-engine/src/primary_projection.rs:208:5
    |
208 |     AcceptedPublicationInventory, CollectionAction, CollectionPublication, DocumentChange,
    |     ^^^^^^^^^^^^^^^^^^^^^^^^^^^^

warning: unused imports: `AcceptedIndexEdits` and `IndexChange`
   --> crates/kasumi-engine/src/primary_projection.rs:212:5
    |
212 |     AcceptedIndexEdits, FieldSlot, IndexChange, IndexInputFailure, IndexOperation, IndexRole,
    |     ^^^^^^^^^^^^^^^^^^             ^^^^^^^^^^^

warning: field `grant` is never read
  --> crates/kasumi-engine/src/primary_stage_collection.rs:27:16
   |
13 | pub(crate) struct AcceptedPrimaryDraft {
   |                   -------------------- field in this struct
...
27 |     pub(super) grant: Reservation,
   |                ^^^^^
   |
   = note: `#[warn(dead_code)]` (part of `#[warn(unused)]`) on by default

warning: method `proposed` is never used
  --> crates/kasumi-engine/src/primary_stage_ordered.rs:43:19
   |
27 | impl EditedCollection {
   | --------------------- method in this implementation
...
43 |     pub(crate) fn proposed(&self) -> Option<(Manifest, ManifestRef)> {
   |                   ^^^^^^^^

warning: field `resources` is never read
   --> crates/kasumi-engine/src/primary_stage_ordered.rs:135:5
    |
133 | pub(crate) struct OrderedEditFailure<'guard, 'engine> {
    |                   ------------------ field in this struct
134 |     original: anyhow::Error,
135 |     resources: OrderedResources<'guard, 'engine>,
    |     ^^^^^^^^^

warning: method `attempt` is never used
  --> crates/kasumi-engine/src/primary_stage_ordered_verify.rs:13:19
   |
 9 | impl<'guard, 'engine> VerifiedOrderedEdits<'guard, 'engine> {
   | ----------------------------------------------------------- method in this implementation
...
13 |     pub(crate) fn attempt(&self) -> Attempt {
   |                   ^^^^^^^

warning: field `grant` is never read
  --> crates/kasumi-engine/src/primary_stage_index_rebuild.rs:69:16
   |
59 | pub(super) struct Parts {
   |                   ----- field in this struct
...
69 |     pub(super) grant: Reservation,
   |                ^^^^^

warning: field `source` is never read
  --> crates/kasumi-engine/src/primary_stage_index_span.rs:67:5
   |
58 | pub(crate) struct VerifiedIndexSpan {
   |                   ----------------- field in this struct
...
67 |     source: SourceReader,
   |     ^^^^^^

warning: field `grant` is never read
  --> crates/kasumi-engine/src/primary_stage_index_text_import.rs:51:5
   |
47 | struct Work {
   |        ---- field in this struct
...
51 |     grant: Reservation,
   |     ^^^^^

warning: method `request_cache_refill` is never used
  --> crates/kasumi-engine/src/primary_cache_warm.rs:45:19
   |
30 | impl SelectedPrimary {
   | -------------------- method in this implementation
...
45 |     pub(crate) fn request_cache_refill(self) -> std::result::Result<Self, ReadFailure> {
   |                   ^^^^^^^^^^^^^^^^^^^^

warning: method `request_cache_refill` is never used
   --> crates/kasumi-engine/src/primary_document_source.rs:177:19
    |
 88 | impl PrimaryDocumentSource {
    | -------------------------- method in this implementation
...
177 |     pub(crate) fn request_cache_refill(&self) -> ReadResult<(), ReadFailure> {
    |                   ^^^^^^^^^^^^^^^^^^^^

warning: method `prepare_primary_document_source` is never used
    --> crates/kasumi-engine/src/service.rs:3196:8
     |
3192 | impl Database {
     | ------------- method in this implementation
...
3196 |     fn prepare_primary_document_source(
     |        ^^^^^^^^^^^^^^^^^^^^^^^^^^^^^^^

warning: `kasumi-engine` (lib test) generated 16 warnings (run `cargo fix --lib -p kasumi-engine --tests` to apply 6 suggestions)
    Finished `test` profile [unoptimized + debuginfo] target(s) in 1m 43s
     Running unittests src/lib.rs (/Users/takemiyamakoto/dev/kasumi/target/disk-backed-cache/debug/deps/kasumi_engine-d180437bf90b51b9)

running 56 tests

thread 'admission::snapshot_work::scope::tests::database_source_census_preparation_panic_keeps_original_and_reuses_exact_slot' (29778789) panicked at crates/kasumi-engine/src/admission/snapshot_work_scope_tests.rs:114:34:
Box<dyn Any>
note: run with `RUST_BACKTRACE=1` environment variable to display a backtrace

thread 'admission::snapshot_work::scope::tests::prospective_tests::database_prospective_source_provider_panic_retains_original_and_partial_backing' (29778798) panicked at crates/kasumi-engine/src/admission/snapshot_work_prospective_tests.rs:44:35:
Box<dyn Any>
test admission::snapshot_work::scope::tests::prospective_tests::database_prospective_source_reentrant_provider_skips_an_already_waiting_drain ... ok

thread 'tokio-rt-worker' (29778821) panicked at crates/kasumi-engine/src/admission/snapshot_work_tests.rs:149:31:
Box<dyn Any>
test admission::snapshot_work::scope::tests::prospective_tests::database_prospective_source_reentrant_provider_drain_retains_without_deadlock ... ok
test admission::snapshot_work::scope::tests::prospective_tests::database_prospective_source_provider_panic_retains_original_and_partial_backing ... ok
test admission::snapshot_work::scope::tests::database_source_census_reentrant_preparation_drain_retains_without_deadlock ... ok
test admission::snapshot_work::tests::admission_failure_precedes_inert_builder_and_returns_the_reserved_slot ... ok
test admission::snapshot_work::scope::tests::prospective_tests::database_prospective_source_census_retains_entered_provider_after_cancelled_drain ... ok
test admission::snapshot_work::scope::tests::database_source_census_waits_entered_preparation_after_cancelled_drain ... ok
test admission::snapshot_work::scope::tests::prospective_tests::database_prospective_source_failure_keeps_original_during_repeated_cleanup ... ok
test admission::snapshot_work::tests::actual_run_panic_retains_original_payload_resource_and_charge_without_cleanup ... ok
test admission::snapshot_work::scope::tests::database_source_census_preparation_completion_wakes_every_entered_drain ... ok
test admission::snapshot_work::scope::tests::database_source_census_preparation_panic_keeps_original_and_reuses_exact_slot ... ok
test admission::snapshot_work::scope::tests::database_source_census_seals_only_its_own_workers_on_shared_core ... ok
test admission::snapshot_work::scope::tests::database_source_census_retains_original_failure_through_cancelled_and_repeated_drain ... ok

thread 'admission::snapshot_work::tests::nested_owner_scopes_coalesce_wakes_and_unwind_leaves_registration_recoverable' (29778836) panicked at crates/kasumi-engine/src/admission/snapshot_work_tests.rs:1084:13:
original owner-scope unwind

thread 'admission::snapshot_work::tests::claim_executor_panic_keeps_original_output_and_census_until_successful_retry' (29778828) panicked at crates/kasumi-engine/src/admission/snapshot_work_tests.rs:1119:13:
preserve pending notification for claim preflight

thread 'admission::snapshot_work::tests::claim_revalidates_after_reentrant_executor_already_claims_the_output' (29778830) panicked at crates/kasumi-engine/src/admission/snapshot_work_tests.rs:1119:13:
preserve pending notification for claim preflight

thread 'admission::snapshot_work::tests::claim_executor_panic_keeps_original_output_and_census_until_successful_retry' (29778828) panicked at crates/kasumi-engine/src/admission/snapshot_work_tests.rs:919:9:
original deferred executor wake panic

thread 'admission::snapshot_work::tests::deferred_callback_panic_then_cancel_preserves_original_outcome_and_retry' (29778833) panicked at crates/kasumi-engine/src/admission/snapshot_work_tests.rs:919:9:
original deferred executor wake panic

thread 'admission::snapshot_work::tests::proxy_callback_panic_and_poison_preserve_borrowed_and_consumed_count_ownership' (29778839) panicked at crates/kasumi-engine/src/admission/snapshot_work_tests.rs:864:13:
fixture waiter poison

thread 'admission::snapshot_work::tests::proxy_callback_panic_and_poison_preserve_borrowed_and_consumed_count_ownership' (29778839) panicked at crates/kasumi-engine/src/admission/snapshot_work_tests.rs:792:9:
original executor wake panic

thread 'admission::snapshot_work::tests::proxy_callback_panic_and_poison_preserve_borrowed_and_consumed_count_ownership' (29778839) panicked at crates/kasumi-engine/src/admission/snapshot_work_tests.rs:792:9:
original executor wake panic
test admission::snapshot_work::scope::tests::database_source_census_stale_report_cannot_remove_reused_work_generation ... ok
test admission::snapshot_work::scope::tests::prospective_tests::database_prospective_source_backing_precedes_worker_start_in_the_same_owner ... ok
test admission::snapshot_work::tests::nested_owner_scopes_coalesce_wakes_and_unwind_leaves_registration_recoverable ... ok
test admission::snapshot_work::tests::cancelled_delivery_and_drain_join_the_actual_late_failure ... ok
test admission::snapshot_work::tests::claim_revalidates_after_reentrant_executor_already_claims_the_output ... ok
test admission::snapshot_work::tests::cancelled_finish_destroys_executor_waiter_after_unlock_and_before_next_poll ... ok
test admission::snapshot_work::tests::claim_executor_panic_keeps_original_output_and_census_until_successful_retry ... ok
test admission::snapshot_work::tests::proxy_callback_panic_and_poison_preserve_borrowed_and_consumed_count_ownership ... ok
test admission::snapshot_work::tests::foreign_core_and_one_byte_short_plan_are_denied_before_allocation ... ok
test admission::snapshot_work::tests::deferred_callback_panic_then_cancel_preserves_original_outcome_and_retry ... ok
test admission::snapshot_work::tests::retained_cleanup_can_resolve_without_losing_the_original_failure ... ok
test admission::snapshot_work::tests::ready_failure_retires_census_without_a_redundant_drain ... ok
test admission::snapshot_work::tests::snapshot_work_cleanup_borrows_the_same_inline_original_as_report ... ok
test admission::snapshot_work::tests::cleanup_and_discard_wakes_reenter_actual_completion_only_after_owner_unlock ... ok
test admission::snapshot_work::tests::concurrent_final_reports_cannot_reuse_credit_before_actual_owner_deallocation ... ok
test admission::snapshot_work::tests::successful_unclaimed_output_stays_owned_until_explicit_drain ... ok
test admission::snapshot_work::tests::synchronous_claim_retires_only_its_generation_and_keeps_transferred_output ... ok
test primary_tree::index::tests::logical_text_integer_keys_distinguish_every_large_adjacent_identity ... ok
test admission::snapshot_work::tests::proxy_waker_outlives_all_owner_views_and_keeps_credit_until_actual_deallocation ... ok
test primary_tree::index::tests::logical_text_metadata_leaf_roles_preserve_full_width_integer_values ... ok
test application_sources::tests::primary_reuse_tests::ordinary_primary_point_backing_growth_refusal_preserves_old_scratch_and_source ... ok
test application_sources::tests::primary_borrow_tests::protected_primary_borrow_rechecks_access_without_poisoning_canonical_selection ... ok
test application_sources::tests::primary_borrow_tests::protected_primary_borrow_reads_exact_history_under_full_byte_refusal_without_fork ... ok
test application_sources::tests::primary_borrow_tests::protected_primary_borrow_rejects_foreign_backing_and_keeps_original_receiver ... ok
ordinary reusable exact-source 256 point loans: 674.814958ms
test application_sources::tests::primary_reuse_tests::ordinary_primary_point_backing_reuses_exact_source_under_full_byte_refusal ... ok
test application_sources::tests::primary_borrow_tests::protected_primary_borrow_cannot_promote_ordinary_or_acquire_after_seal ... ok
test state::primary_projection::tests::collection_draft_tests::primary_collection_draft_actual_create_is_rebuild_and_empty_graph_still_owns_definition ... ok
Error: index abort page kind differs

Caused by:
    index abort page kind differs
test application_sources::tests::primary_stage_tests::index_objects::point::primary_index_point_text_row_map_keeps_adjacent_u64_identities_and_exact_release ... FAILED
test state::primary_projection::tests::collection_draft_tests::primary_collection_full_input_refuses_ordinary_edit_as_rebuild_without_staging ... ok

thread 'tokio-rt-worker' (29778970) panicked at crates/kasumi-engine/src/primary_prospective_tests.rs:348:17:
Box<dyn Any>
test application_sources::tests::primary_read_tests::prospective_tests::primary_prospective_source_panic_census_keeps_actual_owner_after_delivery_drop ... ok
test application_sources::tests::primary_stage_tests::index_text_import_tests::primary_index_text_import_partial_retains_original_and_resumes_counted_cleanup ... ok
test application_sources::tests::primary_read_tests::prospective_tests::primary_prospective_source_preparation_failure_never_starts_worker_or_loses_original ... ok
test application_sources::tests::primary_read_tests::prospective_tests::primary_prospective_source_entered_page_failure_keeps_exact_capture_and_report ... ok
test state::primary_projection::tests::full_index_tests::primary_full_index_join_refuses_another_actual_collection_draft_before_index_allocation ... ok
test application_sources::tests::primary_read_tests::prospective_tests::primary_prospective_source_refill_prepares_actual_capture_then_keeps_all_fitting_data_hot ... ok

thread 'application_sources::tests::primary_read_tests::prospective_tests::primary_prospective_source_opaque_point_callback_panic_never_certifies_cleanup' (29778885) panicked at crates/kasumi-engine/src/primary_prospective_tests.rs:259:13:
Box<dyn Any>
test application_sources::tests::primary_read_tests::prospective_tests::primary_prospective_source_opaque_point_callback_panic_never_certifies_cleanup ... ok
test state::primary_projection::tests::collection_draft_tests::primary_collection_draft_actual_preserve_baseline_keeps_distinct_input_and_stops_before_manifest ... ok
test state::primary_projection::tests::index_text_directory_tests::primary_index_text_directory_overlapping_failure_preserves_original_and_closes ... ok
test state::primary_projection::tests::index_text_directory_tests::primary_index_text_directory_encrypted_prefix_replace_delete_and_owned_ranges ... ok
test state::primary_projection::tests::index_text_directory_tests::primary_index_text_directory_real_shared_kernel_writer_and_encrypted_searcher ... ok
test application_sources::tests::primary_stage_tests::index_text_import_tests::primary_index_text_import_real_encrypted_tantivy_files_and_exact_abort ... ok
test state::primary_projection::tests::full_index_tests::primary_full_index_join_rechecks_primary_and_catalog_ownership_after_sealed_span ... ok
test state::primary_projection::tests::full_index_tests::primary_full_index_join_actual_preserve_baseline_and_rebuild_bind_same_primary_end ... ok

failures:

failures:
    application_sources::tests::primary_stage_tests::index_objects::point::primary_index_point_text_row_map_keeps_adjacent_u64_identities_and_exact_release

test result: FAILED. 55 passed; 1 failed; 0 ignored; 0 measured; 764 filtered out; finished in 49.10s

error: test failed, to rerun pass `-p kasumi-engine --lib`
     Running unittests src/lib.rs (/Users/takemiyamakoto/dev/kasumi/target/disk-backed-cache/debug/deps/kasumi_kv-221aa5373d25965b)

running 0 tests

test result: ok. 0 passed; 0 failed; 0 ignored; 0 measured; 598 filtered out; finished in 0.00s

     Running unittests src/lib.rs (/Users/takemiyamakoto/dev/kasumi/target/disk-backed-cache/debug/deps/kasumi_query-0d40c4557720709a)

running 0 tests

test result: ok. 0 passed; 0 failed; 0 ignored; 0 measured; 83 filtered out; finished in 0.00s

     Running unittests src/lib.rs (/Users/takemiyamakoto/dev/kasumi/target/disk-backed-cache/debug/deps/kasumi_store-4ef75ebdc018c368)

running 0 tests

test result: ok. 0 passed; 0 failed; 0 ignored; 0 measured; 768 filtered out; finished in 0.00s

error: 1 target failed:
    `-p kasumi-engine --lib`
Runner: 153.09s; exit=101; matching=1683/1683
