Command: cargo test --locked --offline --config profile.test.package.kasumi-kv.opt-level=3 --config profile.test.package.sha2.opt-level=3 -p kasumi-engine -p kasumi-raft -p kasumi-authority --all-features --lib -- service::construction::tests::foreign_equal_policy_core_is_rejected_before_bootstrap_or_raft_startup --exact
CARGO_TARGET_DIR=target/disk-backed-cache
warning: variant `Mutation` is never constructed
  --> crates/kasumi-engine/src/security_audit_jobs.rs:26:5
   |
24 | enum JobEffect {
   |      --------- variant in this enum
25 |     Read,
26 |     Mutation(&'static str),
   |     ^^^^^^^^
   |
   = note: `JobEffect` has a derived impl for the trait `Clone`, but this is intentionally ignored during dead code analysis
   = note: `#[warn(dead_code)]` (part of `#[warn(unused)]`) on by default

warning: struct `ReadPause` is never constructed
  --> crates/kasumi-engine/src/security_audit_jobs.rs:57:19
   |
57 | pub(super) struct ReadPause {
   |                   ^^^^^^^^^

warning: method `run_mutation` is never used
   --> crates/kasumi-engine/src/security_audit_jobs.rs:120:25
    |
 62 | impl SecurityAudit {
    | ------------------ method in this implementation
...
120 |     pub(super) async fn run_mutation<T, F, R>(&self, component: &'static str, run: R) -> Result<T>
    |                         ^^^^^^^^^^^^

warning: `kasumi-engine` (lib) generated 3 warnings
warning: field `panic` is never read
  --> crates/kasumi-engine/src/security_audit_jobs.rs:52:9
   |
48 | pub(super) struct RecordFault {
   |                   ----------- field in this struct
...
52 |     pub panic: bool,
   |         ^^^^^

warning: `kasumi-engine` (lib test) generated 4 warnings (3 duplicates)
    Finished `test` profile [unoptimized + debuginfo] target(s) in 1.67s
     Running unittests src/lib.rs (target/disk-backed-cache/debug/deps/kasumi_authority-1aa4395f2a3293d8)

running 0 tests

test result: ok. 0 passed; 0 failed; 0 ignored; 0 measured; 77 filtered out; finished in 0.00s

     Running unittests src/lib.rs (target/disk-backed-cache/debug/deps/kasumi_engine-74277fb015961557)

running 1 test
test service::construction::tests::foreign_equal_policy_core_is_rejected_before_bootstrap_or_raft_startup ... FAILED

failures:

---- service::construction::tests::foreign_equal_policy_core_is_rejected_before_bootstrap_or_raft_startup stdout ----

thread 'service::construction::tests::foreign_equal_policy_core_is_rejected_before_bootstrap_or_raft_startup' (18502475) panicked at crates/kasumi-engine/src/database_construction_tests.rs:142:9:
assertion `left == right` failed
  left: 121612524
 right: 121680972
note: run with `RUST_BACKTRACE=1` environment variable to display a backtrace


failures:
    service::construction::tests::foreign_equal_policy_core_is_rejected_before_bootstrap_or_raft_startup

test result: FAILED. 0 passed; 1 failed; 0 ignored; 0 measured; 598 filtered out; finished in 2.36s

error: test failed, to rerun pass `-p kasumi-engine --lib`
Runner: 4.31s; exit=101; matching=845/845
