Command: cargo test --locked --offline --config profile.test.package.kasumi-kv.opt-level=3 --config profile.test.package.sha2.opt-level=3 -p kasumi-kv -p kasumi-store -p kasumi-query -p kasumi-raft -p kasumi-engine -p kasumi-authority --all-features --lib --no-fail-fast -- index_key primary_shared_frontier_ primary_bulk_ --nocapture
ISOLATED_SOURCE=/tmp/kasumi-source-cohort-validation-v1
CARGO_TARGET_DIR=/Users/takemiyamakoto/dev/kasumi/target/disk-backed-cache
warning: field `database` is never read
  --> crates/kasumi-store/src/storage_opening/publication.rs:58:5
   |
55 | struct PublicationRequest {
   |        ------------------ field in this struct
...
58 |     database: StorageRegistration<DatabaseOwner>,
   |     ^^^^^^^^
   |
   = note: `#[warn(dead_code)]` (part of `#[warn(unused)]`) on by default

warning: `kasumi-store` (lib) generated 1 warning
warning: method `last_sm_seq` is never used
  --> vendor/openraft-0.9.25/openraft/src/engine/engine_output.rs:35:19
   |
24 | / impl<C> EngineOutput<C>
25 | | where
26 | |     C: RaftTypeConfig,
   | |______________________- method in this implementation
...
35 |       pub(crate) fn last_sm_seq(&self) -> CommandSeq {
   |                     ^^^^^^^^^^^
   |
   = note: `#[warn(dead_code)]` (part of `#[warn(unused)]`) on by default

warning: method `accept_vote` is never used
  --> vendor/openraft-0.9.25/openraft/src/engine/handler/vote_handler/mod.rs:58:19
   |
45 | / impl<C> VoteHandler<'_, C>
46 | | where
47 | |     C: RaftTypeConfig,
   | |______________________- method in this implementation
...
58 |       pub(crate) fn accept_vote<T, E, F>(
   |                     ^^^^^^^^^^^

warning: `openraft` (lib) generated 2 warnings
warning: field `0` is never read
  --> crates/kasumi-raft/src/owned_prepared_restore.rs:25:33
   |
25 | struct CandidateRetirementPanic(std::sync::Mutex<Box<dyn std::any::Any + Send>>);
   |        ------------------------ ^^^^^^^^^^^^^^^^^^^^^^^^^^^^^^^^^^^^^^^^^^^^^^^
   |        |
   |        field in this struct
   |
   = help: consider removing this field
   = note: `#[warn(dead_code)]` (part of `#[warn(unused)]`) on by default

warning: method `prepared_snapshot_publication` is never used
   --> crates/kasumi-raft/src/custody_machine.rs:235:19
    |
135 | impl CustodyMachine {
    | ------------------- method in this implementation
...
235 |     pub(crate) fn prepared_snapshot_publication(
    |                   ^^^^^^^^^^^^^^^^^^^^^^^^^^^^^

warning: method `publish` is never used
   --> crates/kasumi-raft/src/custody_snapshot_preparation.rs:298:19
    |
188 | impl PreparedCustodySnapshotPublication {
    | --------------------------------------- method in this implementation
...
298 |     pub(crate) fn publish(&mut self, control: &OwnedControlGuard) -> Result<()> {
    |                   ^^^^^^^

warning: field `0` is never read
   --> crates/kasumi-raft/src/custody_snapshot_preparation.rs:382:32
    |
382 | struct SnapshotRetirementPanic(std::sync::Mutex<Box<dyn std::any::Any + Send>>);
    |        ----------------------- ^^^^^^^^^^^^^^^^^^^^^^^^^^^^^^^^^^^^^^^^^^^^^^^
    |        |
    |        field in this struct
    |
    = help: consider removing this field

warning: field `0` is never read
   --> crates/kasumi-raft/src/lifetime.rs:249:17
    |
249 |     Application(StorageHandle<kasumi_store::TenantStorageSet>),
    |     ----------- ^^^^^^^^^^^^^^^^^^^^^^^^^^^^^^^^^^^^^^^^^^^^^
    |     |
    |     field in this variant
    |
help: consider changing the field to be of unit type to suppress this warning while preserving the field numbering, or remove the field
    |
249 -     Application(StorageHandle<kasumi_store::TenantStorageSet>),
249 +     Application(()),
    |

warning: field `0` is never read
   --> crates/kasumi-raft/src/lifetime.rs:250:13
    |
250 |     Custody(StorageHandle<kasumi_store::CustodyStore>),
    |     ------- ^^^^^^^^^^^^^^^^^^^^^^^^^^^^^^^^^^^^^^^^^
    |     |
    |     field in this variant
    |
help: consider changing the field to be of unit type to suppress this warning while preserving the field numbering, or remove the field
    |
250 -     Custody(StorageHandle<kasumi_store::CustodyStore>),
250 +     Custody(()),
    |

warning: associated function `new` is never used
  --> crates/kasumi-raft/src/snapshot_buffer/prepared_child.rs:84:8
   |
83 | impl PreparedChild {
   | ------------------ associated function in this implementation
84 |     fn new(body: PreparedSnapshotBody) -> Self {
   |        ^^^

warning: field `0` is never read
   --> crates/kasumi-raft/src/snapshot_buffer/prepared_child.rs:307:19
    |
307 | struct ChildPanic(Mutex<Box<dyn std::any::Any + Send>>);
    |        ---------- ^^^^^^^^^^^^^^^^^^^^^^^^^^^^^^^^^^^^
    |        |
    |        field in this struct
    |
    = help: consider removing this field

warning: methods `begin_prepared_body` and `cancel_body` are never used
   --> crates/kasumi-raft/src/snapshot_buffer/prepared_child.rs:406:19
    |
320 | impl SnapshotBuffer {
    | ------------------- methods in this implementation
...
406 |     pub(crate) fn begin_prepared_body(
    |                   ^^^^^^^^^^^^^^^^^^^
...
470 |     pub(crate) async fn cancel_body(&mut self) -> DrainResult {
    |                         ^^^^^^^^^^^

warning: method `prepare_engine_publication` is never used
    --> crates/kasumi-raft/src/storage.rs:1121:19
     |
1083 | impl PendingSnapshot {
     | -------------------- method in this implementation
...
1121 |     pub(crate) fn prepare_engine_publication<'backend>(
     |                   ^^^^^^^^^^^^^^^^^^^^^^^^^^

warning: enum `SnapshotPublicationPhase` is never used
    --> crates/kasumi-raft/src/storage.rs:1175:6
     |
1175 | enum SnapshotPublicationPhase {
     |      ^^^^^^^^^^^^^^^^^^^^^^^^

warning: struct `PreparedEngineSnapshotPublication` is never constructed
    --> crates/kasumi-raft/src/storage.rs:1181:19
     |
1181 | pub(crate) struct PreparedEngineSnapshotPublication<'backend> {
     |                   ^^^^^^^^^^^^^^^^^^^^^^^^^^^^^^^^^

warning: methods `source` and `publish` are never used
    --> crates/kasumi-raft/src/storage.rs:1191:19
     |
1190 | impl PreparedEngineSnapshotPublication<'_> {
     | ------------------------------------------ methods in this implementation
1191 |     pub(crate) fn source(&self) -> &crate::PreparedSnapshotSourceEnvelope {
     |                   ^^^^^^
...
1194 |     pub(crate) fn publish(&mut self, domains: &TenantStorageSet) -> Result<()> {
     |                   ^^^^^^^

warning: method `context` is never used
   --> crates/kasumi-raft/src/storage/snapshot_conflict.rs:403:19
    |
134 | impl PreparedSnapshotConflict {
    | ----------------------------- method in this implementation
...
403 |     pub(crate) fn context(&self) -> &SnapshotAcceptanceContext<u64> {
    |                   ^^^^^^^

warning: method `source` is never used
   --> crates/kasumi-raft/src/storage/owned_snapshot_body.rs:328:19
    |
 59 | impl PreparedApplicationSnapshot {
    | -------------------------------- method in this implementation
...
328 |     pub(crate) fn source(&self) -> Option<&crate::PreparedSnapshotSourceEnvelope> {
    |                   ^^^^^^

warning: field `0` is never read
   --> crates/kasumi-raft/src/storage/owned_snapshot_body.rs:770:32
    |
770 | struct SnapshotRetirementPanic(std::sync::Mutex<Box<dyn std::any::Any + Send>>);
    |        ----------------------- ^^^^^^^^^^^^^^^^^^^^^^^^^^^^^^^^^^^^^^^^^^^^^^^
    |        |
    |        field in this struct
    |
    = help: consider removing this field

warning: methods `log` and `expected` are never used
   --> crates/kasumi-raft/src/storage/snapshot_seed.rs:461:19
    |
132 | impl SnapshotSeed {
    | ----------------- methods in this implementation
...
461 |     pub(crate) fn log(&self) -> &LogStore {
    |                   ^^^
...
464 |     pub(crate) fn expected(&self) -> &SnapshotMeta<u64, BasicNode> {
    |                   ^^^^^^^^

   Compiling kasumi-query v0.1.0 (/private/tmp/kasumi-source-cohort-validation-v1/crates/kasumi-query)
warning: methods `fixture_install_snapshot` and `prepared_snapshot_publication` are never used
   --> crates/kasumi-raft/src/custody_machine.rs:139:25
    |
135 | impl CustodyMachine {
    | ------------------- methods in this implementation
...
139 |     pub(crate) async fn fixture_install_snapshot(
    |                         ^^^^^^^^^^^^^^^^^^^^^^^^
...
235 |     pub(crate) fn prepared_snapshot_publication(
    |                   ^^^^^^^^^^^^^^^^^^^^^^^^^^^^^
    |
    = note: `#[warn(dead_code)]` (part of `#[warn(unused)]`) on by default

warning: `kasumi-raft` (lib) generated 17 warnings
warning: `kasumi-raft` (lib test) generated 7 warnings (6 duplicates)
warning: `kasumi-store` (lib test) generated 1 warning (1 duplicate)
   Compiling kasumi-engine v0.1.0 (/private/tmp/kasumi-source-cohort-validation-v1/crates/kasumi-engine)
warning: methods `prepare` and `prepare_kind` are never used
   --> crates/kasumi-engine/src/application_sources.rs:756:19
    |
648 | impl SourceRootsRef {
    | ------------------- methods in this implementation
...
756 |     pub(crate) fn prepare(&self) -> Result<RootPreparation> {
    |                   ^^^^^^^
...
795 |     fn prepare_kind(&self, canonical: bool) -> Result<RootPreparation> {
    |        ^^^^^^^^^^^^
    |
    = note: `#[warn(dead_code)]` (part of `#[warn(unused)]`) on by default

warning: `kasumi-engine` (lib) generated 1 warning
   Compiling kasumi-authority v0.1.0 (/private/tmp/kasumi-source-cohort-validation-v1/crates/kasumi-authority)
warning: unused imports: `AcceptedPublicationInventory`, `CollectionPublication`, and `DocumentChange`
   --> crates/kasumi-engine/src/primary_projection.rs:208:5
    |
208 |     AcceptedPublicationInventory, CollectionAction, CollectionPublication, DocumentChange,
    |     ^^^^^^^^^^^^^^^^^^^^^^^^^^^^                    ^^^^^^^^^^^^^^^^^^^^^  ^^^^^^^^^^^^^^
    |
    = note: `#[warn(unused_imports)]` (part of `#[warn(unused)]`) on by default

warning: `kasumi-engine` (lib test) generated 1 warning (run `cargo fix --lib -p kasumi-engine --tests` to apply 1 suggestion)
    Finished `test` profile [unoptimized + debuginfo] target(s) in 6m 55s
     Running unittests src/lib.rs (/Users/takemiyamakoto/dev/kasumi/target/disk-backed-cache/debug/deps/kasumi_authority-e63a7f831ec29de9)

running 0 tests

test result: ok. 0 passed; 0 failed; 0 ignored; 0 measured; 78 filtered out; finished in 0.00s

     Running unittests src/lib.rs (/Users/takemiyamakoto/dev/kasumi/target/disk-backed-cache/debug/deps/kasumi_engine-707e7a92ed2be845)

running 11 tests
test application_sources::tests::primary_stage_tests::bulk_collections::primary_bulk_actual_frontier_allocation_stays_charged_through_dealloc ... ok

thread 'application_sources::tests::primary_stage_tests::bulk_collections::primary_bulk_swallowed_callback_panic_permanently_stops_writes' (27286272) panicked at crates/kasumi-engine/src/primary_stage_bulk_tests.rs:690:17:
Box<dyn Any>
note: run with `RUST_BACKTRACE=1` environment variable to display a backtrace
test application_sources::tests::primary_stage_tests::bulk_collections::primary_bulk_frontier_denial_precedes_backing_allocation_or_source_visit ... ok

thread 'application_sources::tests::primary_stage_tests::bulk_collections::primary_bulk_callback_error_survives_later_source_panic' (27286266) panicked at crates/kasumi-engine/src/primary_stage_bulk_tests.rs:143:13:
Box<dyn Any>
test application_sources::tests::primary_stage_tests::bulk_collections::primary_bulk_swallowed_callback_panic_permanently_stops_writes ... ok
test application_sources::tests::primary_stage_tests::bulk_collections::primary_bulk_empty_stream_has_definition_manifest_and_no_empty_page ... ok
test application_sources::tests::primary_stage_tests::bulk_collections::primary_bulk_swallowed_callback_stays_closed_and_keeps_independent_source_error ... ok
test application_sources::tests::primary_stage_tests::bulk_collections::primary_bulk_callback_error_survives_later_source_panic ... ok
test application_sources::tests::primary_stage_tests::bulk_collections::primary_shared_frontier_preserves_exact_subtree_between_changed_leaf_runs ... ok
test application_sources::tests::primary_stage_tests::bulk_collections::primary_bulk_rejects_order_identity_and_epoch_without_final_manifest ... ok
test application_sources::tests::primary_stage_tests::bulk_collections::primary_bulk_cancel_inside_large_dto_preserves_original_and_resumes_abort ... ok
test application_sources::tests::primary_stage_tests::bulk_collections::primary_bulk_real_frontier_three_levels_recursive_spill_and_final_collapse ... ok
test application_sources::tests::primary_stage_tests::bulk_collections::primary_bulk_two_level_mixed_stream_zero_version_and_old_pin ... ok

test result: ok. 11 passed; 0 failed; 0 ignored; 0 measured; 686 filtered out; finished in 48.86s

     Running unittests src/lib.rs (/Users/takemiyamakoto/dev/kasumi/target/disk-backed-cache/debug/deps/kasumi_kv-221aa5373d25965b)

running 0 tests

test result: ok. 0 passed; 0 failed; 0 ignored; 0 measured; 575 filtered out; finished in 0.00s

     Running unittests src/lib.rs (/Users/takemiyamakoto/dev/kasumi/target/disk-backed-cache/debug/deps/kasumi_query-98098ded30f605b4)

running 5 tests
test index_key::tests::differing_prefix_does_not_skip_tail_digest_utf8_or_canonical_validation ... ok
test index_key::tests::tail_read_failure_preserves_exact_original_despite_known_early_order ... ok
test index_key::tests::decimal_grammar_and_normalization_match_current_bigdecimal_parser ... ok
test index_key::tests::typed_tuple_order_long_strings_and_all_utf8_chunk_boundaries ... ok
test index_key::tests::exact_decimal_order_extrema_and_equal_spellings_match_oracle ... ok

test result: ok. 5 passed; 0 failed; 0 ignored; 0 measured; 71 filtered out; finished in 1.09s

     Running unittests src/lib.rs (/Users/takemiyamakoto/dev/kasumi/target/disk-backed-cache/debug/deps/kasumi_raft-80f97d1b4f50c7fa)

running 0 tests

test result: ok. 0 passed; 0 failed; 0 ignored; 0 measured; 249 filtered out; finished in 0.00s

     Running unittests src/lib.rs (/Users/takemiyamakoto/dev/kasumi/target/disk-backed-cache/debug/deps/kasumi_store-6fd2a1f28b2df75c)

running 0 tests

test result: ok. 0 passed; 0 failed; 0 ignored; 0 measured; 762 filtered out; finished in 0.00s

Runner: 465.38s; exit=0; matching=1625/1625
