Command: cargo test --locked --offline --config profile.test.package.kasumi-kv.opt-level=3 --config profile.test.package.sha2.opt-level=3 -p kasumi-kv -p kasumi-store -p kasumi-raft -p kasumi-engine --all-features --lib --no-fail-fast -- application_sources ordinary_completion application_source_custody selected_application::plan --nocapture
ISOLATED_SOURCE=/tmp/kasumi-source-cohort-validation-v1
CARGO_TARGET_DIR=/Users/takemiyamakoto/dev/kasumi/target/disk-backed-cache
    Finished `test` profile [unoptimized + debuginfo] target(s) in 0.60s
     Running unittests src/lib.rs (/Users/takemiyamakoto/dev/kasumi/target/disk-backed-cache/debug/deps/kasumi_engine-44db468831cfc59f)

running 111 tests
test application_sources::ownership::capacity::tests::source_lane_clean_history_cancel_restores_current_but_unknown_drop_does_not_free_it ... ok
test application_sources::ownership::capacity::tests::history_credit_uses_a_real_new_slot_before_lane_transfer_and_does_not_refill_on_refusal ... ok
test application_sources::ownership::capacity::tests::source_lane_growth_releases_funding_lock_before_actual_clock_callback_retires_credit ... ok
test application_sources::ownership::capacity::tests::source_lane_waits_for_the_actual_last_weak_credit_tail ... ok
test application_sources::ownership::capacity::tests::source_lane_growth_refusal_preserves_real_charge_and_assignments ... ok
test application_sources::ownership::capacity::tests::source_lane_growth_keeps_old_history_charge_and_grows_real_new_assignments ... ok
test application_sources::tests::cohort_tests::source_capacity_close_yields_to_actual_report_guard_then_retires_exact_owner ... ok
test application_sources::tests::allocation_tails::completion_allocations::ordinary_completion_constructor_quote_covers_actual_three_allocations ... ok
test application_sources::tests::cohort_tests::source_cohort_partial_admission_keeps_original_until_actual_fields_retire ... ok
test application_sources::tests::cohort_tests::source_cohort_close_retires_actual_capacity_and_workspaces_before_drained ... ok
test application_sources::tests::cohort_tests::source_cohort_pre_cell_cancellation_returns_actual_backing_and_unused_ticket ... ok
test application_sources::tests::cohort_tests::source_capacity_ready_owner_keeps_actual_cohort_until_accepted_flush_retirement ... ok
test application_sources::tests::cohort_tests::source_cohort_actual_entry_reuses_planning_right_then_captures_without_source_admission ... ok
test application_sources::tests::allocation_tails::source_root_weak_retains_shell_credit_after_payload_is_gone ... ok
test application_sources::tests::cohort_tests::source_cohort_real_capture_has_no_new_grant_under_complete_slot_refusal ... ok
test application_sources::tests::cohort_tests::source_cohort_unused_preparation_returns_exact_native_right_and_backing ... ok
test application_sources::tests::cohort_tests::source_constructor_adopts_actual_points_and_initial_seed_under_full_slot_refusal ... ok
test application_sources::tests::cohort_tests::source_constructor_preserves_exact_canonical_failure_and_actual_workspace ... ok
test application_sources::tests::cohort_tests::source_cohort_prior_control_failure_retains_exact_original_before_close_and_no_write ... ok
test application_sources::tests::cohort_tests::source_cohort_public_history_refusal_preserves_current_and_then_funds_real_reuse ... ok
test application_sources::tests::completion_tests::ordinary_completion_bound_frozen_branch_keeps_source_without_new_preparation ... ok
test application_sources::tests::allocation_tails::source_view_weak_retains_credit_after_unique_native_close ... ok
test application_sources::tests::completion_tests::ordinary_completion_drain_registers_before_busy_and_wakes_after_real_guard_release ... ok

thread 'application_sources::tests::completion_tests::ordinary_completion_capture_wake_unwind_retires_the_actual_counted_handle' (24827373) panicked at crates/kasumi-engine/src/application_source_completion_tests.rs:920:9:
Box<dyn Any>
note: run with `RUST_BACKTRACE=1` environment variable to display a backtrace
test application_sources::tests::completion_tests::ordinary_completion_is_last_selected_owner_through_real_outer_finish ... ok

thread 'application_sources::tests::completion_tests::ordinary_completion_outer_finish_panic_retains_original_response_after_facade_seal' (24827390) panicked at crates/kasumi-engine/src/application_source_completion_tests.rs:263:9:
Box<dyn Any>
test application_sources::tests::completion_tests::ordinary_completion_outer_finish_panic_retains_original_response_after_facade_seal ... ok
test application_sources::tests::point_retirement_tests::incoming_tests::incoming_actual_duplicate_preserves_panic_and_cancels_original_queue ... ok
test application_sources::tests::allocation_tails::completion_allocations::ordinary_completion_cell_and_credit_remain_funded_through_actual_deallocation ... ok
test application_sources::tests::primary_read_tests::primary_catalog_entry_is_fixed_canonical_and_context_explicit ... ok
test application_sources::tests::point_retirement_tests::incoming_tests::incoming_actual_points_clean_retirement_resumes_the_exact_original_unwind ... ok
test application_sources::tests::completion_tests::ordinary_completion_reuses_only_after_real_accept_reject_and_idempotent_finish ... ok
test application_sources::tests::completion_tests::ordinary_completion_cancelled_real_group_waiter_keeps_queued_source_and_original ... ok
test application_sources::tests::point_retirement_tests::selected_sources_actual_point_drop_panic_still_cancels_queued_reader ... ok
test application_sources::tests::point_retirement_tests::selected_sources_actual_point_drop_panic_preserves_capture_error_and_separate_payload ... ok
test application_sources::tests::allocation_tails::source_binding_box_retires_before_its_real_root_credit ... ok

thread 'application_sources::tests::completion_tests::ordinary_completion_capture_wake_unwind_retires_the_actual_counted_handle' (24827373) panicked at crates/kasumi-engine/src/application_source_completion_tests.rs:920:9:
Box<dyn Any>

thread 'application_sources::tests::completion_tests::ordinary_completion_capture_wake_unwind_retires_the_actual_counted_handle' (24827373) panicked at crates/kasumi-engine/src/application_source_completion_tests.rs:932:9:
Box<dyn Any>
stack backtrace:
   0:        0x1086b5104 - std[7648081134ee26d8]::backtrace_rs::backtrace::libunwind::trace
                               at /rustc/8bab26f4f68e0e26f0bb7960be334d5b520ea452/library/std/src/../../backtrace/src/backtrace/libunwind.rs:117:9
   1:        0x1086b5104 - std[7648081134ee26d8]::backtrace_rs::backtrace::trace_unsynchronized::<std[7648081134ee26d8]::sys::backtrace::_print_fmt::{closure#1}>
                               at /rustc/8bab26f4f68e0e26f0bb7960be334d5b520ea452/library/std/src/../../backtrace/src/backtrace/mod.rs:66:14
   2:        0x1086b5104 - std[7648081134ee26d8]::sys::backtrace::_print_fmt
                               at /rustc/8bab26f4f68e0e26f0bb7960be334d5b520ea452/library/std/src/sys/backtrace.rs:74:9
   3:        0x1086b5104 - <<std[7648081134ee26d8]::sys::backtrace::BacktraceLock>::print::DisplayBacktrace as core[318a34b566a36fe]::fmt::Display>::fmt
                               at /rustc/8bab26f4f68e0e26f0bb7960be334d5b520ea452/library/std/src/sys/backtrace.rs:44:26
   4:        0x1086cbbcc - <core[318a34b566a36fe]::fmt::rt::Argument>::fmt
                               at /rustc/8bab26f4f68e0e26f0bb7960be334d5b520ea452/library/core/src/fmt/rt.rs:152:76
   5:        0x1086cbbcc - core[318a34b566a36fe]::fmt::write
                               at /rustc/8bab26f4f68e0e26f0bb7960be334d5b520ea452/library/core/src/fmt/mod.rs:1687:22
   6:        0x1086baf84 - std[7648081134ee26d8]::io::default_write_fmt::<std[7648081134ee26d8]::sys::stdio::unix::Stderr>
                               at /rustc/8bab26f4f68e0e26f0bb7960be334d5b520ea452/library/std/src/io/mod.rs:622:11
   7:        0x1086baf84 - <std[7648081134ee26d8]::sys::stdio::unix::Stderr as std[7648081134ee26d8]::io::Write>::write_fmt
                               at /rustc/8bab26f4f68e0e26f0bb7960be334d5b520ea452/library/std/src/io/mod.rs:1977:13
   8:        0x108699854 - <std[7648081134ee26d8]::sys::backtrace::BacktraceLock>::print
                               at /rustc/8bab26f4f68e0e26f0bb7960be334d5b520ea452/library/std/src/sys/backtrace.rs:47:25
   9:        0x108699854 - std[7648081134ee26d8]::panicking::default_hook::{closure#0}
                               at /rustc/8bab26f4f68e0e26f0bb7960be334d5b520ea452/library/std/src/panicking.rs:292:27
  10:        0x1086ad6b0 - std[7648081134ee26d8]::panicking::default_hook
                               at /rustc/8bab26f4f68e0e26f0bb7960be334d5b520ea452/library/std/src/panicking.rs:319:9
  11:        0x1086ad9d8 - std[7648081134ee26d8]::panicking::panic_with_hook
                               at /rustc/8bab26f4f68e0e26f0bb7960be334d5b520ea452/library/std/src/panicking.rs:825:13
  12:        0x104b942ac - std[7648081134ee26d8]::panicking::begin_panic::<alloc[fd24334a81e9fcd2]::sync::Arc<kasumi_engine[ad032a02fa0a5487]::application_sources::tests::completion_tests::CompletionWakeOriginal>>::{closure#0}
                               at /rustc/8bab26f4f68e0e26f0bb7960be334d5b520ea452/library/std/src/panicking.rs:762:9
  13:        0x106b35cf4 - std[7648081134ee26d8]::sys::backtrace::__rust_end_short_backtrace::<std[7648081134ee26d8]::panicking::begin_panic<alloc[fd24334a81e9fcd2]::sync::Arc<kasumi_engine[ad032a02fa0a5487]::application_sources::tests::completion_tests::CompletionWakeOriginal>>::{closure#0}, !>
                               at /rustc/8bab26f4f68e0e26f0bb7960be334d5b520ea452/library/std/src/sys/backtrace.rs:182:18
  14:        0x1086d6ac4 - std[7648081134ee26d8]::panicking::begin_panic::<alloc[fd24334a81e9fcd2]::sync::Arc<kasumi_engine[ad032a02fa0a5487]::application_sources::tests::completion_tests::CompletionWakeOriginal>>
                               at /rustc/8bab26f4f68e0e26f0bb7960be334d5b520ea452/library/std/src/panicking.rs:761:5
  15:        0x105b90ec0 - std[7648081134ee26d8]::panic::panic_any::<alloc[fd24334a81e9fcd2]::sync::Arc<kasumi_engine[ad032a02fa0a5487]::application_sources::tests::completion_tests::CompletionWakeOriginal>>
                               at /rustc/8bab26f4f68e0e26f0bb7960be334d5b520ea452/library/std/src/panic.rs:260:5
  16:        0x105808420 - <kasumi_engine[ad032a02fa0a5487]::application_sources::tests::completion_tests::CompletionUnwindWake as alloc[fd24334a81e9fcd2]::task::Wake>::wake
                               at /private/tmp/kasumi-source-cohort-validation-v1/crates/kasumi-engine/src/application_source_completion_tests.rs:932:9
  17:        0x105932eb4 - alloc[fd24334a81e9fcd2]::task::raw_waker::wake::<kasumi_engine[ad032a02fa0a5487]::application_sources::tests::completion_tests::CompletionUnwindWake>
                               at /rustc/8bab26f4f68e0e26f0bb7960be334d5b520ea452/library/alloc/src/task.rs:198:9
  18:        0x1056be4e0 - <core[318a34b566a36fe]::task::wake::Waker>::wake
                               at /rustc/8bab26f4f68e0e26f0bb7960be334d5b520ea452/library/core/src/task/wake.rs:448:18
  19:        0x1049f0880 - <kasumi_engine[ad032a02fa0a5487]::application_sources::completion::OrdinarySourceCompletion>::wake::{closure#1}
                               at /private/tmp/kasumi-source-cohort-validation-v1/crates/kasumi-engine/src/application_source_completion.rs:165:79
  20:        0x104d39b90 - <core[318a34b566a36fe]::panic::unwind_safe::AssertUnwindSafe<<kasumi_engine[ad032a02fa0a5487]::application_sources::completion::OrdinarySourceCompletion>::wake::{closure#1}> as core[318a34b566a36fe]::ops::function::FnOnce<()>>::call_once
                               at /rustc/8bab26f4f68e0e26f0bb7960be334d5b520ea452/library/core/src/panic/unwind_safe.rs:275:9
  21:        0x104b59eec - std[7648081134ee26d8]::panicking::catch_unwind::do_call::<core[318a34b566a36fe]::panic::unwind_safe::AssertUnwindSafe<<kasumi_engine[ad032a02fa0a5487]::application_sources::completion::OrdinarySourceCompletion>::wake::{closure#1}>, ()>
                               at /rustc/8bab26f4f68e0e26f0bb7960be334d5b520ea452/library/std/src/panicking.rs:581:40
  22:        0x105b90f50 - ___rust_try
  23:        0x105b8f25c - std[7648081134ee26d8]::panicking::catch_unwind::<(), core[318a34b566a36fe]::panic::unwind_safe::AssertUnwindSafe<<kasumi_engine[ad032a02fa0a5487]::application_sources::completion::OrdinarySourceCompletion>::wake::{closure#1}>>
                               at /rustc/8bab26f4f68e0e26f0bb7960be334d5b520ea452/library/std/src/panicking.rs:544:19
  24:        0x105b8f25c - std[7648081134ee26d8]::panic::catch_unwind::<core[318a34b566a36fe]::panic::unwind_safe::AssertUnwindSafe<<kasumi_engine[ad032a02fa0a5487]::application_sources::completion::OrdinarySourceCompletion>::wake::{closure#1}>, ()>
                               at /rustc/8bab26f4f68e0e26f0bb7960be334d5b520ea452/library/std/src/panic.rs:359:14
  25:        0x106246368 - <kasumi_engine[ad032a02fa0a5487]::application_sources::completion::OrdinarySourceCompletion>::wake
                               at /private/tmp/kasumi-source-cohort-validation-v1/crates/kasumi-engine/src/application_source_completion.rs:165:17
  26:        0x1067411b4 - <kasumi_engine[ad032a02fa0a5487]::application_sources::completion::Guard as core[318a34b566a36fe]::ops::drop::Drop>::drop
                               at /private/tmp/kasumi-source-cohort-validation-v1/crates/kasumi-engine/src/application_source_completion.rs:70:20
  27:        0x10671f148 - core[318a34b566a36fe]::ptr::drop_glue::<kasumi_engine[ad032a02fa0a5487]::application_sources::completion::Guard>
                               at /rustc/8bab26f4f68e0e26f0bb7960be334d5b520ea452/library/core/src/ptr/mod.rs:825:1
  28:        0x10671efbc - core[318a34b566a36fe]::ptr::drop_glue::<kasumi_engine[ad032a02fa0a5487]::application_sources::completion::CompletionLoan>
                               at /rustc/8bab26f4f68e0e26f0bb7960be334d5b520ea452/library/core/src/ptr/mod.rs:825:1
  29:        0x106b57e74 - <kasumi_engine[ad032a02fa0a5487]::state::ordered_command::OrdinaryAction as kasumi_raft[9001a0f49508a2f8]::apply_completion::CompletionAction>::run
                               at /private/tmp/kasumi-source-cohort-validation-v1/crates/kasumi-engine/src/ordered_command.rs:275:5
  30:        0x106f64ebc - <kasumi_raft[9001a0f49508a2f8]::apply_publication::ApplyPublication as kasumi_raft[9001a0f49508a2f8]::apply_publication::ApplyPublisher>::with_completion::{closure#0}
                               at /private/tmp/kasumi-source-cohort-validation-v1/crates/kasumi-raft/src/apply_publication.rs:477:20
  31:        0x106f964bc - <<kasumi_raft[9001a0f49508a2f8]::apply_publication::ApplyPublication as kasumi_raft[9001a0f49508a2f8]::apply_publication::ApplyPublisher>::with_completion::{closure#0} as core[318a34b566a36fe]::ops::function::FnOnce<()>>::call_once
                               at /rustc/8bab26f4f68e0e26f0bb7960be334d5b520ea452/library/core/src/ops/function.rs:250:5
  32:        0x106e6d888 - <core[318a34b566a36fe]::panic::unwind_safe::AssertUnwindSafe<<kasumi_raft[9001a0f49508a2f8]::apply_publication::ApplyPublication as kasumi_raft[9001a0f49508a2f8]::apply_publication::ApplyPublisher>::with_completion::{closure#0}> as core[318a34b566a36fe]::ops::function::FnOnce<()>>::call_once
                               at /rustc/8bab26f4f68e0e26f0bb7960be334d5b520ea452/library/core/src/panic/unwind_safe.rs:275:9
  33:        0x106db6388 - std[7648081134ee26d8]::panicking::catch_unwind::do_call::<core[318a34b566a36fe]::panic::unwind_safe::AssertUnwindSafe<<kasumi_raft[9001a0f49508a2f8]::apply_publication::ApplyPublication as kasumi_raft[9001a0f49508a2f8]::apply_publication::ApplyPublisher>::with_completion::{closure#0}>, core[318a34b566a36fe]::result::Result<(), anyhow[ec8a847c544a36f6]::Error>>
                               at /rustc/8bab26f4f68e0e26f0bb7960be334d5b520ea452/library/std/src/panicking.rs:581:40
  34:        0x106cab7b0 - ___rust_try
  35:        0x106cab730 - std[7648081134ee26d8]::panicking::catch_unwind::<core[318a34b566a36fe]::result::Result<(), anyhow[ec8a847c544a36f6]::Error>, core[318a34b566a36fe]::panic::unwind_safe::AssertUnwindSafe<<kasumi_raft[9001a0f49508a2f8]::apply_publication::ApplyPublication as kasumi_raft[9001a0f49508a2f8]::apply_publication::ApplyPublisher>::with_completion::{closure#0}>>
                               at /rustc/8bab26f4f68e0e26f0bb7960be334d5b520ea452/library/std/src/panicking.rs:544:19
  36:        0x106cab730 - std[7648081134ee26d8]::panic::catch_unwind::<core[318a34b566a36fe]::panic::unwind_safe::AssertUnwindSafe<<kasumi_raft[9001a0f49508a2f8]::apply_publication::ApplyPublication as kasumi_raft[9001a0f49508a2f8]::apply_publication::ApplyPublisher>::with_completion::{closure#0}>, core[318a34b566a36fe]::result::Result<(), anyhow[ec8a847c544a36f6]::Error>>
                               at /rustc/8bab26f4f68e0e26f0bb7960be334d5b520ea452/library/std/src/panic.rs:359:14
  37:        0x106e68a04 - <kasumi_raft[9001a0f49508a2f8]::apply_publication::ApplyPublication as kasumi_raft[9001a0f49508a2f8]::apply_publication::ApplyPublisher>::with_completion
                               at /private/tmp/kasumi-source-cohort-validation-v1/crates/kasumi-raft/src/apply_publication.rs:476:22
  38:        0x106b5444c - kasumi_engine[ad032a02fa0a5487]::state::ordered_command::apply_ordinary
                               at /private/tmp/kasumi-source-cohort-validation-v1/crates/kasumi-engine/src/ordered_command.rs:291:21
  39:        0x106112ba0 - <kasumi_engine[ad032a02fa0a5487]::state::TenantEngine as kasumi_raft[9001a0f49508a2f8]::StateMachineBackend>::apply_with_publisher
                               at /private/tmp/kasumi-source-cohort-validation-v1/crates/kasumi-engine/src/state.rs:322:9
  40:        0x1058094ec - <kasumi_engine[ad032a02fa0a5487]::application_sources::tests::completion_tests::OrdinaryFixture>::apply::<kasumi_engine[ad032a02fa0a5487]::application_sources::tests::completion_tests::ordinary_completion_capture_wake_unwind_retires_the_actual_counted_handle::{closure#0}::{closure#1}>::{closure#0}
                               at /private/tmp/kasumi-source-cohort-validation-v1/crates/kasumi-engine/src/application_source_completion_tests.rs:76:29
  41:        0x105ec6a40 - kasumi_raft[9001a0f49508a2f8]::apply_publication::with_application_publisher_bound_observed_for_test::<<kasumi_engine[ad032a02fa0a5487]::application_sources::tests::completion_tests::OrdinaryFixture>::apply<kasumi_engine[ad032a02fa0a5487]::application_sources::tests::completion_tests::ordinary_completion_capture_wake_unwind_retires_the_actual_counted_handle::{closure#0}::{closure#1}>::{closure#0}, kasumi_engine[ad032a02fa0a5487]::application_sources::tests::completion_tests::ordinary_completion_capture_wake_unwind_retires_the_actual_counted_handle::{closure#0}::{closure#1}>::{closure#0}
                               at /private/tmp/kasumi-source-cohort-validation-v1/crates/kasumi-raft/src/apply_publication.rs:701:66
  42:        0x104d253cc - <core[318a34b566a36fe]::panic::unwind_safe::AssertUnwindSafe<kasumi_raft[9001a0f49508a2f8]::apply_publication::with_application_publisher_bound_observed_for_test<<kasumi_engine[ad032a02fa0a5487]::application_sources::tests::completion_tests::OrdinaryFixture>::apply<kasumi_engine[ad032a02fa0a5487]::application_sources::tests::completion_tests::ordinary_completion_capture_wake_unwind_retires_the_actual_counted_handle::{closure#0}::{closure#1}>::{closure#0}, kasumi_engine[ad032a02fa0a5487]::application_sources::tests::completion_tests::ordinary_completion_capture_wake_unwind_retires_the_actual_counted_handle::{closure#0}::{closure#1}>::{closure#0}> as core[318a34b566a36fe]::ops::function::FnOnce<()>>::call_once
                               at /rustc/8bab26f4f68e0e26f0bb7960be334d5b520ea452/library/core/src/panic/unwind_safe.rs:275:9
  43:        0x104b3a5b8 - std[7648081134ee26d8]::panicking::catch_unwind::do_call::<core[318a34b566a36fe]::panic::unwind_safe::AssertUnwindSafe<kasumi_raft[9001a0f49508a2f8]::apply_publication::with_application_publisher_bound_observed_for_test<<kasumi_engine[ad032a02fa0a5487]::application_sources::tests::completion_tests::OrdinaryFixture>::apply<kasumi_engine[ad032a02fa0a5487]::application_sources::tests::completion_tests::ordinary_completion_capture_wake_unwind_retires_the_actual_counted_handle::{closure#0}::{closure#1}>::{closure#0}, kasumi_engine[ad032a02fa0a5487]::application_sources::tests::completion_tests::ordinary_completion_capture_wake_unwind_retires_the_actual_counted_handle::{closure#0}::{closure#1}>::{closure#0}>, core[318a34b566a36fe]::result::Result<(), anyhow[ec8a847c544a36f6]::Error>>
                               at /rustc/8bab26f4f68e0e26f0bb7960be334d5b520ea452/library/std/src/panicking.rs:581:40
  44:        0x105b90f50 - ___rust_try
  45:        0x105b44fb4 - std[7648081134ee26d8]::panicking::catch_unwind::<core[318a34b566a36fe]::result::Result<(), anyhow[ec8a847c544a36f6]::Error>, core[318a34b566a36fe]::panic::unwind_safe::AssertUnwindSafe<kasumi_raft[9001a0f49508a2f8]::apply_publication::with_application_publisher_bound_observed_for_test<<kasumi_engine[ad032a02fa0a5487]::application_sources::tests::completion_tests::OrdinaryFixture>::apply<kasumi_engine[ad032a02fa0a5487]::application_sources::tests::completion_tests::ordinary_completion_capture_wake_unwind_retires_the_actual_counted_handle::{closure#0}::{closure#1}>::{closure#0}, kasumi_engine[ad032a02fa0a5487]::application_sources::tests::completion_tests::ordinary_completion_capture_wake_unwind_retires_the_actual_counted_handle::{closure#0}::{closure#1}>::{closure#0}>>
                               at /rustc/8bab26f4f68e0e26f0bb7960be334d5b520ea452/library/std/src/panicking.rs:544:19
  46:        0x105b44fb4 - std[7648081134ee26d8]::panic::catch_unwind::<core[318a34b566a36fe]::panic::unwind_safe::AssertUnwindSafe<kasumi_raft[9001a0f49508a2f8]::apply_publication::with_application_publisher_bound_observed_for_test<<kasumi_engine[ad032a02fa0a5487]::application_sources::tests::completion_tests::OrdinaryFixture>::apply<kasumi_engine[ad032a02fa0a5487]::application_sources::tests::completion_tests::ordinary_completion_capture_wake_unwind_retires_the_actual_counted_handle::{closure#0}::{closure#1}>::{closure#0}, kasumi_engine[ad032a02fa0a5487]::application_sources::tests::completion_tests::ordinary_completion_capture_wake_unwind_retires_the_actual_counted_handle::{closure#0}::{closure#1}>::{closure#0}>, core[318a34b566a36fe]::result::Result<(), anyhow[ec8a847c544a36f6]::Error>>
                               at /rustc/8bab26f4f68e0e26f0bb7960be334d5b520ea452/library/std/src/panic.rs:359:14
  47:        0x105ec00ec - kasumi_raft[9001a0f49508a2f8]::apply_publication::with_application_publisher_bound_observed_for_test::<<kasumi_engine[ad032a02fa0a5487]::application_sources::tests::completion_tests::OrdinaryFixture>::apply<kasumi_engine[ad032a02fa0a5487]::application_sources::tests::completion_tests::ordinary_completion_capture_wake_unwind_retires_the_actual_counted_handle::{closure#0}::{closure#1}>::{closure#0}, kasumi_engine[ad032a02fa0a5487]::application_sources::tests::completion_tests::ordinary_completion_capture_wake_unwind_retires_the_actual_counted_handle::{closure#0}::{closure#1}>
                               at /private/tmp/kasumi-source-cohort-validation-v1/crates/kasumi-raft/src/apply_publication.rs:701:9
  48:        0x10580871c - <kasumi_engine[ad032a02fa0a5487]::application_sources::tests::completion_tests::OrdinaryFixture>::apply::<kasumi_engine[ad032a02fa0a5487]::application_sources::tests::completion_tests::ordinary_completion_capture_wake_unwind_retires_the_actual_counted_handle::{closure#0}::{closure#1}>
                               at /private/tmp/kasumi-source-cohort-validation-v1/crates/kasumi-engine/src/application_source_completion_tests.rs:71:9
  49:        0x10580eab8 - kasumi_engine[ad032a02fa0a5487]::application_sources::tests::completion_tests::ordinary_completion_capture_wake_unwind_retires_the_actual_counted_handle::{closure#0}
                               at /private/tmp/kasumi-source-cohort-validation-v1/crates/kasumi-engine/src/application_source_completion_tests.rs:966:37
  50:        0x1057f3864 - <core[318a34b566a36fe]::pin::Pin<&mut dyn core[318a34b566a36fe]::future::future::Future<Output = core[318a34b566a36fe]::result::Result<(), anyhow[ec8a847c544a36f6]::Error>>> as core[318a34b566a36fe]::future::future::Future>::poll
                               at /rustc/8bab26f4f68e0e26f0bb7960be334d5b520ea452/library/core/src/future/future.rs:133:9
  51:        0x105cfc064 - <tokio[5174ebaad4a2e31e]::runtime::park::CachedParkThread>::block_on::<core[318a34b566a36fe]::pin::Pin<&mut dyn core[318a34b566a36fe]::future::future::Future<Output = core[318a34b566a36fe]::result::Result<(), anyhow[ec8a847c544a36f6]::Error>>>>::{closure#0}
                               at /Users/takemiyamakoto/.cargo/registry/src/index.crates.io-1949cf8c6b5b557f/tokio-1.53.1/src/runtime/park.rs:284:71
  52:        0x105cf3310 - tokio[5174ebaad4a2e31e]::task::coop::with_budget::<core[318a34b566a36fe]::task::poll::Poll<core[318a34b566a36fe]::result::Result<(), anyhow[ec8a847c544a36f6]::Error>>, <tokio[5174ebaad4a2e31e]::runtime::park::CachedParkThread>::block_on<core[318a34b566a36fe]::pin::Pin<&mut dyn core[318a34b566a36fe]::future::future::Future<Output = core[318a34b566a36fe]::result::Result<(), anyhow[ec8a847c544a36f6]::Error>>>>::{closure#0}>
                               at /Users/takemiyamakoto/.cargo/registry/src/index.crates.io-1949cf8c6b5b557f/tokio-1.53.1/src/task/coop/mod.rs:167:5
  53:        0x105cf3310 - tokio[5174ebaad4a2e31e]::task::coop::budget::<core[318a34b566a36fe]::task::poll::Poll<core[318a34b566a36fe]::result::Result<(), anyhow[ec8a847c544a36f6]::Error>>, <tokio[5174ebaad4a2e31e]::runtime::park::CachedParkThread>::block_on<core[318a34b566a36fe]::pin::Pin<&mut dyn core[318a34b566a36fe]::future::future::Future<Output = core[318a34b566a36fe]::result::Result<(), anyhow[ec8a847c544a36f6]::Error>>>>::{closure#0}>
                               at /Users/takemiyamakoto/.cargo/registry/src/index.crates.io-1949cf8c6b5b557f/tokio-1.53.1/src/task/coop/mod.rs:133:5
  54:        0x105cf3310 - <tokio[5174ebaad4a2e31e]::runtime::park::CachedParkThread>::block_on::<core[318a34b566a36fe]::pin::Pin<&mut dyn core[318a34b566a36fe]::future::future::Future<Output = core[318a34b566a36fe]::result::Result<(), anyhow[ec8a847c544a36f6]::Error>>>>
                               at /Users/takemiyamakoto/.cargo/registry/src/index.crates.io-1949cf8c6b5b557f/tokio-1.53.1/src/runtime/park.rs:284:31
  55:        0x1063f5ac0 - <tokio[5174ebaad4a2e31e]::runtime::context::blocking::BlockingRegionGuard>::block_on::<core[318a34b566a36fe]::pin::Pin<&mut dyn core[318a34b566a36fe]::future::future::Future<Output = core[318a34b566a36fe]::result::Result<(), anyhow[ec8a847c544a36f6]::Error>>>>
                               at /Users/takemiyamakoto/.cargo/registry/src/index.crates.io-1949cf8c6b5b557f/tokio-1.53.1/src/runtime/context/blocking.rs:66:14
  56:        0x1049e8378 - <tokio[5174ebaad4a2e31e]::runtime::scheduler::multi_thread::MultiThread>::block_on::<core[318a34b566a36fe]::pin::Pin<&mut dyn core[318a34b566a36fe]::future::future::Future<Output = core[318a34b566a36fe]::result::Result<(), anyhow[ec8a847c544a36f6]::Error>>>>::{closure#0}
                               at /Users/takemiyamakoto/.cargo/registry/src/index.crates.io-1949cf8c6b5b557f/tokio-1.53.1/src/runtime/scheduler/multi_thread/mod.rs:92:22
  57:        0x1064aa7ec - tokio[5174ebaad4a2e31e]::runtime::context::runtime::enter_runtime::<<tokio[5174ebaad4a2e31e]::runtime::scheduler::multi_thread::MultiThread>::block_on<core[318a34b566a36fe]::pin::Pin<&mut dyn core[318a34b566a36fe]::future::future::Future<Output = core[318a34b566a36fe]::result::Result<(), anyhow[ec8a847c544a36f6]::Error>>>>::{closure#0}, core[318a34b566a36fe]::result::Result<(), anyhow[ec8a847c544a36f6]::Error>>
                               at /Users/takemiyamakoto/.cargo/registry/src/index.crates.io-1949cf8c6b5b557f/tokio-1.53.1/src/runtime/context/runtime.rs:65:16
  58:        0x1049e076c - <tokio[5174ebaad4a2e31e]::runtime::scheduler::multi_thread::MultiThread>::block_on::<core[318a34b566a36fe]::pin::Pin<&mut dyn core[318a34b566a36fe]::future::future::Future<Output = core[318a34b566a36fe]::result::Result<(), anyhow[ec8a847c544a36f6]::Error>>>>
                               at /Users/takemiyamakoto/.cargo/registry/src/index.crates.io-1949cf8c6b5b557f/tokio-1.53.1/src/runtime/scheduler/multi_thread/mod.rs:91:9
  59:        0x106086178 - <tokio[5174ebaad4a2e31e]::runtime::runtime::Runtime>::block_on_inner::<core[318a34b566a36fe]::pin::Pin<&mut dyn core[318a34b566a36fe]::future::future::Future<Output = core[318a34b566a36fe]::result::Result<(), anyhow[ec8a847c544a36f6]::Error>>>>
                               at /Users/takemiyamakoto/.cargo/registry/src/index.crates.io-1949cf8c6b5b557f/tokio-1.53.1/src/runtime/runtime.rs:376:50
  60:        0x1060866e0 - <tokio[5174ebaad4a2e31e]::runtime::runtime::Runtime>::block_on::<core[318a34b566a36fe]::pin::Pin<&mut dyn core[318a34b566a36fe]::future::future::Future<Output = core[318a34b566a36fe]::result::Result<(), anyhow[ec8a847c544a36f6]::Error>>>>
                               at /Users/takemiyamakoto/.cargo/registry/src/index.crates.io-1949cf8c6b5b557f/tokio-1.53.1/src/runtime/runtime.rs:343:18
  61:        0x10580097c - kasumi_engine[ad032a02fa0a5487]::application_sources::tests::completion_tests::ordinary_completion_capture_wake_unwind_retires_the_actual_counted_handle
                               at /private/tmp/kasumi-source-cohort-validation-v1/crates/kasumi-engine/src/application_source_completion_tests.rs:1070:7
  62:        0x10580d038 - kasumi_engine[ad032a02fa0a5487]::application_sources::tests::completion_tests::ordinary_completion_capture_wake_unwind_retires_the_actual_counted_handle::{closure#0}
                               at /private/tmp/kasumi-source-cohort-validation-v1/crates/kasumi-engine/src/application_source_completion_tests.rs:936:89
  63:        0x1067bda58 - <kasumi_engine[ad032a02fa0a5487]::application_sources::tests::completion_tests::ordinary_completion_capture_wake_unwind_retires_the_actual_counted_handle::{closure#0} as core[318a34b566a36fe]::ops::function::FnOnce<()>>::call_once
                               at /rustc/8bab26f4f68e0e26f0bb7960be334d5b520ea452/library/core/src/ops/function.rs:250:5
  64:        0x106b5a0a8 - <fn() -> core[318a34b566a36fe]::result::Result<(), alloc[fd24334a81e9fcd2]::string::String> as core[318a34b566a36fe]::ops::function::FnOnce<()>>::call_once
                               at /rustc/8bab26f4f68e0e26f0bb7960be334d5b520ea452/library/core/src/ops/function.rs:250:5
  65:        0x106b5a0a8 - test[2c59eae1d55b8e96]::__rust_begin_short_backtrace::<core[318a34b566a36fe]::result::Result<(), alloc[fd24334a81e9fcd2]::string::String>, fn() -> core[318a34b566a36fe]::result::Result<(), alloc[fd24334a81e9fcd2]::string::String>>
                               at /rustc/8bab26f4f68e0e26f0bb7960be334d5b520ea452/library/test/src/lib.rs:724:18
  66:        0x106b654f0 - test[2c59eae1d55b8e96]::run_test_in_process::{closure#0}
                               at /rustc/8bab26f4f68e0e26f0bb7960be334d5b520ea452/library/test/src/lib.rs:747:74
  67:        0x106b654f0 - <core[318a34b566a36fe]::panic::unwind_safe::AssertUnwindSafe<test[2c59eae1d55b8e96]::run_test_in_process::{closure#0}> as core[318a34b566a36fe]::ops::function::FnOnce<()>>::call_once
                               at /rustc/8bab26f4f68e0e26f0bb7960be334d5b520ea452/library/core/src/panic/unwind_safe.rs:275:9
  68:        0x106b654f0 - std[7648081134ee26d8]::panicking::catch_unwind::do_call::<core[318a34b566a36fe]::panic::unwind_safe::AssertUnwindSafe<test[2c59eae1d55b8e96]::run_test_in_process::{closure#0}>, core[318a34b566a36fe]::result::Result<(), alloc[fd24334a81e9fcd2]::string::String>>
                               at /rustc/8bab26f4f68e0e26f0bb7960be334d5b520ea452/library/std/src/panicking.rs:581:40
  69:        0x106b654f0 - std[7648081134ee26d8]::panicking::catch_unwind::<core[318a34b566a36fe]::result::Result<(), alloc[fd24334a81e9fcd2]::string::String>, core[318a34b566a36fe]::panic::unwind_safe::AssertUnwindSafe<test[2c59eae1d55b8e96]::run_test_in_process::{closure#0}>>
                               at /rustc/8bab26f4f68e0e26f0bb7960be334d5b520ea452/library/std/src/panicking.rs:544:19
  70:        0x106b654f0 - std[7648081134ee26d8]::panic::catch_unwind::<core[318a34b566a36fe]::panic::unwind_safe::AssertUnwindSafe<test[2c59eae1d55b8e96]::run_test_in_process::{closure#0}>, core[318a34b566a36fe]::result::Result<(), alloc[fd24334a81e9fcd2]::string::String>>
                               at /rustc/8bab26f4f68e0e26f0bb7960be334d5b520ea452/library/std/src/panic.rs:359:14
  71:        0x106b654f0 - test[2c59eae1d55b8e96]::run_test_in_process
                               at /rustc/8bab26f4f68e0e26f0bb7960be334d5b520ea452/library/test/src/lib.rs:747:27
  72:        0x106b654f0 - test[2c59eae1d55b8e96]::run_test::{closure#0}
                               at /rustc/8bab26f4f68e0e26f0bb7960be334d5b520ea452/library/test/src/lib.rs:668:43
  73:        0x106b60378 - test[2c59eae1d55b8e96]::run_test::{closure#1}
                               at /rustc/8bab26f4f68e0e26f0bb7960be334d5b520ea452/library/test/src/lib.rs:698:41
  74:        0x106b60378 - std[7648081134ee26d8]::sys::backtrace::__rust_begin_short_backtrace::<test[2c59eae1d55b8e96]::run_test::{closure#1}, ()>
                               at /rustc/8bab26f4f68e0e26f0bb7960be334d5b520ea452/library/std/src/sys/backtrace.rs:166:18
  75:        0x106b67a48 - std[7648081134ee26d8]::thread::lifecycle::spawn_unchecked::<test[2c59eae1d55b8e96]::run_test::{closure#1}, ()>::{closure#1}::{closure#0}
                               at /rustc/8bab26f4f68e0e26f0bb7960be334d5b520ea452/library/std/src/thread/lifecycle.rs:70:13
  76:        0x106b67a48 - <core[318a34b566a36fe]::panic::unwind_safe::AssertUnwindSafe<std[7648081134ee26d8]::thread::lifecycle::spawn_unchecked<test[2c59eae1d55b8e96]::run_test::{closure#1}, ()>::{closure#1}::{closure#0}> as core[318a34b566a36fe]::ops::function::FnOnce<()>>::call_once
                               at /rustc/8bab26f4f68e0e26f0bb7960be334d5b520ea452/library/core/src/panic/unwind_safe.rs:275:9
  77:        0x106b67a48 - std[7648081134ee26d8]::panicking::catch_unwind::do_call::<core[318a34b566a36fe]::panic::unwind_safe::AssertUnwindSafe<std[7648081134ee26d8]::thread::lifecycle::spawn_unchecked<test[2c59eae1d55b8e96]::run_test::{closure#1}, ()>::{closure#1}::{closure#0}>, ()>
                               at /rustc/8bab26f4f68e0e26f0bb7960be334d5b520ea452/library/std/src/panicking.rs:581:40
  78:        0x106b67a48 - std[7648081134ee26d8]::panicking::catch_unwind::<(), core[318a34b566a36fe]::panic::unwind_safe::AssertUnwindSafe<std[7648081134ee26d8]::thread::lifecycle::spawn_unchecked<test[2c59eae1d55b8e96]::run_test::{closure#1}, ()>::{closure#1}::{closure#0}>>
                               at /rustc/8bab26f4f68e0e26f0bb7960be334d5b520ea452/library/std/src/panicking.rs:544:19
  79:        0x106b67a48 - std[7648081134ee26d8]::panic::catch_unwind::<core[318a34b566a36fe]::panic::unwind_safe::AssertUnwindSafe<std[7648081134ee26d8]::thread::lifecycle::spawn_unchecked<test[2c59eae1d55b8e96]::run_test::{closure#1}, ()>::{closure#1}::{closure#0}>, ()>
                               at /rustc/8bab26f4f68e0e26f0bb7960be334d5b520ea452/library/std/src/panic.rs:359:14
  80:        0x106b67a48 - std[7648081134ee26d8]::thread::lifecycle::spawn_unchecked::<test[2c59eae1d55b8e96]::run_test::{closure#1}, ()>::{closure#1}
                               at /rustc/8bab26f4f68e0e26f0bb7960be334d5b520ea452/library/std/src/thread/lifecycle.rs:68:26
  81:        0x106b67a48 - <std[7648081134ee26d8]::thread::lifecycle::spawn_unchecked<test[2c59eae1d55b8e96]::run_test::{closure#1}, ()>::{closure#1} as core[318a34b566a36fe]::ops::function::FnOnce<()>>::call_once::{shim:vtable#0}
                               at /rustc/8bab26f4f68e0e26f0bb7960be334d5b520ea452/library/core/src/ops/function.rs:250:5
  82:        0x1086b4620 - <alloc[fd24334a81e9fcd2]::boxed::Box<dyn core[318a34b566a36fe]::ops::function::FnOnce<(), Output = ()> + core[318a34b566a36fe]::marker::Send> as core[318a34b566a36fe]::ops::function::FnOnce<()>>::call_once
                               at /rustc/8bab26f4f68e0e26f0bb7960be334d5b520ea452/library/alloc/src/boxed.rs:2275:9
  83:        0x1086b4620 - <std[7648081134ee26d8]::sys::thread::unix::Thread>::new::thread_start
                               at /rustc/8bab26f4f68e0e26f0bb7960be334d5b520ea452/library/std/src/sys/thread/unix.rs:118:17
  84:        0x189d71d00 - __pthread_exit
test application_sources::tests::completion_tests::ordinary_completion_capture_wake_unwind_retires_the_actual_counted_handle ... ok
test application_sources::tests::point_retirement_tests::incoming_tests::incoming_actual_points_retain_exact_error_or_panic_and_remain_unknown_in_cell ... ok
test application_sources::tests::allocation_tails::completion_allocations::ordinary_completion_erased_binding_retires_before_its_actual_credit ... ok
test application_sources::tests::allocation_tails::source_view_unique_close_holds_cell_credit_while_arc_backing_retires ... ok
test application_sources::tests::primary_read_tests::selected_primary_actual_decode_denial_retains_complete_wire_without_lending ... ok
test application_sources::tests::primary_read_tests::selected_primary_actual_node_denial_precedes_lending_and_keeps_error_credit ... ok
test application_sources::tests::allocation_tails::source_root_and_credit_arcs_remain_funded_through_actual_deallocation ... ok
test application_sources::tests::primary_read_tests::selected_primary_callback_access_change_is_rechecked_before_success ... ok
test application_sources::tests::primary_read_tests::selected_primary_empty_tree_still_rechecks_current_storage_access ... ok
test application_sources::tests::primary_read_tests::selected_primary_failure_retains_original_reader_and_actual_workspace_until_drop ... ok
test application_sources::tests::primary_read_tests::selected_primary_headers_cross_leaf_boundaries_without_loading_document_chunks ... ok
test application_sources::tests::primary_read_tests::selected_primary_encrypted_branch_live_archive_absence_and_old_pin ... ok
test application_sources::tests::allocation_tails::source_cell_concurrent_strong_and_weak_drops_hold_the_actual_credit_tail ... ok
test application_sources::tests::primary_read_tests::selected_primary_headers_use_the_exact_old_root_and_preserve_cancellation ... ok
test application_sources::tests::primary_read_tests::selected_primary_page_corruption_and_foreign_registry_are_rejected ... ok
test application_sources::tests::primary_stage_tests::bulk_collections::primary_bulk_actual_frontier_allocation_stays_charged_through_dealloc ... ok
test application_sources::tests::primary_read_tests::selected_primary_overflow_corruption_and_missing_never_lend_partial_dto ... ok
test application_sources::tests::point_retirement_tests::incoming_tests::incoming_actual_points_preserve_each_pre_cell_rejection_with_drop_panic ... ok
test application_sources::tests::allocation_tails::source_failure_actual_error_aliases_hold_credit_through_owner_deallocation ... ok

thread 'application_sources::tests::primary_stage_tests::bulk_collections::primary_bulk_callback_error_survives_later_source_panic' (24828931) panicked at crates/kasumi-engine/src/primary_stage_bulk_tests.rs:143:13:
Box<dyn Any>

thread 'application_sources::tests::primary_read_tests::selected_primary_panic_payload_survives_as_original_failure_until_drop' (24828803) panicked at crates/kasumi-engine/src/primary_read_tests.rs:844:13:
Box<dyn Any>
test application_sources::tests::primary_stage_tests::bulk_collections::primary_bulk_frontier_denial_precedes_backing_allocation_or_source_visit ... ok
test application_sources::tests::primary_read_tests::selected_primary_panic_payload_survives_as_original_failure_until_drop ... ok
test application_sources::tests::primary_stage_tests::catalogs::primary_catalog_member_codec_is_fixed_and_contextual ... ok
test application_sources::tests::primary_stage_tests::bulk_collections::primary_bulk_callback_error_survives_later_source_panic ... ok

thread 'application_sources::tests::primary_stage_tests::bulk_collections::primary_bulk_swallowed_callback_panic_permanently_stops_writes' (24829110) panicked at crates/kasumi-engine/src/primary_stage_bulk_tests.rs:690:17:
Box<dyn Any>
test application_sources::tests::primary_stage_tests::bulk_collections::primary_bulk_empty_stream_has_definition_manifest_and_no_empty_page ... ok
test application_sources::tests::primary_read_tests::selected_primary_preserves_restored_zero_document_versions ... ok
test application_sources::tests::primary_stage_tests::bulk_collections::primary_bulk_swallowed_callback_panic_permanently_stops_writes ... ok
test application_sources::tests::primary_read_tests::selected_primary_rejects_catalog_manifest_and_selector_substitution ... ok
test application_sources::tests::primary_stage_tests::bulk_collections::primary_bulk_swallowed_callback_stays_closed_and_keeps_independent_source_error ... ok
test application_sources::tests::completion_tests::ordinary_completion_fault_checkpoints_preserve_exact_original_and_source_phase ... ok
test application_sources::tests::primary_stage_tests::bulk_collections::primary_bulk_rejects_order_identity_and_epoch_without_final_manifest ... ok
test application_sources::tests::primary_stage_tests::catalogs::primary_catalog_encrypted_finish_and_separate_abort_units_preserve_old_pin ... ok
test application_sources::tests::primary_stage_tests::catalogs::primary_catalog_partial_verifier_keeps_its_exact_pin ... ok
test application_sources::tests::primary_stage_tests::fixed_objects::primary_stage_fixed_objects_are_journaled_and_old_pin_survives_bounded_abort ... ok
test application_sources::tests::primary_stage_tests::catalogs::primary_catalog_real_admission_denial_precedes_append_effects ... ok
test application_sources::tests::primary_stage_tests::catalogs::primary_catalog_nonempty_totals_and_mapping_cow_preserve_membership ... ok
test application_sources::tests::primary_stage_tests::primary_stage_archive_and_definition_keep_exact_dto_and_kind_identity ... ok
test application_sources::tests::primary_stage_tests::fixed_objects::primary_stage_fixed_page_framing_refuses_even_with_matching_inventory_digest ... ok
test application_sources::tests::primary_stage_tests::fixed_objects::primary_stage_fixed_page_buffer_returns_for_following_multichunk_dto ... ok
test application_sources::tests::primary_stage_tests::bulk_collections::primary_bulk_cancel_inside_large_dto_preserves_original_and_resumes_abort ... ok
test application_sources::tests::quote_tests::source_quote_actual_engine_provider_token_is_preclaimed_and_request_is_pure ... ok
test application_sources::tests::primary_stage_tests::primary_stage_nonselection_readers_and_denied_begin_do_not_publish_or_write ... ok
test application_sources::tests::primary_stage_tests::fixed_objects::primary_stage_fixed_shape_refusal_creates_no_inventory_or_counter_change ... ok
test application_sources::tests::primary_stage_tests::primary_stage_native_bound_failure_keeps_original_diagnostic_through_positive_close ... ok
test application_sources::tests::quote_tests::source_quote_covered_planning_tracks_actual_rows_and_transferred_backing ... ok
test application_sources::tests::quote_tests::source_quote_reader_retained_amount_matches_actual_installed_provider_requests ... ok
publication_owner_layout expectation=72 challenge=72 receipt=216 plan=384 root_preparation=968 publication_preparation=984 source_roots=2224 cell_bytes=9280
test application_sources::tests::primary_stage_tests::fixed_objects::primary_stage_fixed_impossible_inventory_progress_refuses_without_erasing_custody ... ok
test application_sources::tests::quote_tests::source_quote_is_allocation_free_bound_and_covers_real_capture_peak ... ok
test application_sources::tests::primary_stage_tests::primary_stage_partial_high_water_and_abort_resume_are_atomic ... ok
test application_sources::tests::primary_stage_tests::catalogs::primary_catalog_empty_zero_work_and_first_finish_bind_actual_records ... ok
test application_sources::tests::primary_stage_tests::primary_stage_partial_attempt_resumes_after_actual_encrypted_reopen ... ok
test application_sources::tests::primary_stage_tests::primary_stage_rejects_payload_corruption_before_lending_and_keeps_old_pin_exact ... ok
test application_sources::tests::selected_sources_canonical_failure_closes_parent_preserves_original_and_issue ... ok
test application_sources::tests::selected_sources_capture_finalization_settles_handle_before_retirement ... ok
test application_sources::tests::selected_sources_alias_refusal_preserves_later_actual_native_close_failure ... ok
test application_sources::tests::selected_sources_maintenance_publication_requires_actual_scope_for_owner_and_growth ... ok
test application_sources::tests::selected_sources_actual_entry_hands_point_backing_to_capture_and_queue_cancellation ... ok
test application_sources::tests::selected_sources_failed_consuming_close_never_becomes_success_from_none ... ok
test application_sources::tests::selected_sources_fork_seal_closes_registered_child_before_releasing_permit ... ok
test application_sources::tests::selected_sources_fork_keeps_exact_old_native_generation_after_parent_retirement ... ok
test application_sources::tests::selected_sources_last_selected_handle_closes_during_ordinary_operation ... ok
Error: drain Retained; Raft startup[0]: raft stopped; Raft apply[0]: Raft apply failed; original failure retained; OpenRaft runtime[0]: raft shutdown failed (core: Some(StorageError(IO { source: StorageIOError { subject: Store, verb: Write, source: std::io::error::Error: Raft apply failed; original failure retained, backtrace: None } })), core join: None, ticker join: None, state machine: Some(Storage(IO { source: StorageIOError { subject: Store, verb: Write, source: std::io::error::Error: Raft apply failed; original failure retained, backtrace: None } })), snapshot builder: None, replications: [], auxiliary: [], incoming snapshot: None, unconsumed apply: None, pending snapshot: None)

Caused by:
    raft stopped
test application_sources::tests::selected_sources_actual_snapshot_install_and_encrypted_reopen_preserve_identity ... FAILED
test application_sources::tests::selected_sources_initial_install_fits_actual_rows_below_format_ceiling ... ok
test application_sources::tests::selected_sources_missing_prospective_callback_never_publishes_generation ... ok
test application_sources::tests::selected_sources_prospective_denial_preserves_cursor_generation_and_original_then_retries ... ok
test application_sources::tests::selected_sources_repeated_prospective_callback_is_sticky_and_cancels_queued_reader ... ok

thread 'application_sources::tests::selected_sources_unknown_capture_panic_without_view_never_drains_as_clean' (24831675) panicked at crates/kasumi-engine/src/application_sources_tests.rs:710:17:
Box<dyn Any>
test application_sources::tests::selected_sources_shutdown_closes_native_parent_with_metadata_alias_alive ... ok
test application_sources::tests::selected_sources_unknown_capture_panic_without_view_never_drains_as_clean ... ok
Error: drain Retained; Raft startup[0]: raft stopped; Raft apply[0]: Raft apply failed; original failure retained; OpenRaft runtime[0]: raft shutdown failed (core: Some(StorageError(IO { source: StorageIOError { subject: Store, verb: Write, source: std::io::error::Error: Raft apply failed; original failure retained, backtrace: None } })), core join: None, ticker join: None, state machine: Some(Storage(IO { source: StorageIOError { subject: Store, verb: Write, source: std::io::error::Error: Raft apply failed; original failure retained, backtrace: None } })), snapshot builder: None, replications: [], auxiliary: [], incoming snapshot: None, unconsumed apply: None, pending snapshot: None)

Caused by:
    raft stopped
test application_sources::tests::selected_sources_covered_capture_cannot_settle_after_serving_handoff ... FAILED
test application_sources::tests::selected_sources_routine_bounded_read_error_retires_with_original_report_alive ... ok
test application_sources::tests::primary_stage_tests::catalogs::primary_catalog_abort_missing_or_corrupt_owned_rows_retains_progress ... ok
Error: drain Retained; Raft startup[0]: raft stopped; Raft apply[0]: Raft apply failed; original failure retained; OpenRaft runtime[0]: raft shutdown failed (core: Some(StorageError(IO { source: StorageIOError { subject: Store, verb: Write, source: std::io::error::Error: Raft apply failed; original failure retained, backtrace: None } })), core join: None, ticker join: None, state machine: Some(Storage(IO { source: StorageIOError { subject: Store, verb: Write, source: std::io::error::Error: Raft apply failed; original failure retained, backtrace: None } })), snapshot builder: None, replications: [], auxiliary: [], incoming snapshot: None, unconsumed apply: None, pending snapshot: None)

Caused by:
    raft stopped
test application_sources::tests::selected_sources_real_local_startup_publishes_entry_and_drains_surviving_generation ... FAILED
test application_sources::tests::primary_stage_tests::fixed_objects::primary_stage_fixed_missing_or_corrupt_objects_refuse_before_abort_progress ... ok
test application_sources::tests::primary_stage_tests::bulk_collections::primary_bulk_real_frontier_three_levels_recursive_spill_and_final_collapse ... ok
test application_sources::tests::primary_stage_tests::bulk_collections::primary_bulk_two_level_mixed_stream_zero_version_and_old_pin has been running for over 60 seconds
test application_sources::tests::primary_stage_tests::catalogs::primary_catalog_append_refusals_preserve_durable_membership has been running for over 60 seconds
test application_sources::tests::primary_stage_tests::bulk_collections::primary_bulk_two_level_mixed_stream_zero_version_and_old_pin ... ok
test application_sources::tests::primary_stage_tests::catalogs::primary_catalog_verifier_refuses_mutations_and_pin_replacement has been running for over 60 seconds
test application_sources::tests::primary_stage_tests::catalogs::primary_catalog_append_refusals_preserve_durable_membership ... ok
test application_sources::tests::primary_stage_tests::catalogs::primary_catalog_verifier_refuses_mutations_and_pin_replacement ... ok
test application_sources::tests::primary_stage_tests::primary_stage_large_encrypted_object_and_old_selected_pin_survive_current_abort has been running for over 60 seconds
test application_sources::tests::primary_stage_tests::primary_stage_large_encrypted_object_and_old_selected_pin_survive_current_abort ... ok

failures:

failures:
    application_sources::tests::selected_sources_actual_snapshot_install_and_encrypted_reopen_preserve_identity
    application_sources::tests::selected_sources_covered_capture_cannot_settle_after_serving_handoff
    application_sources::tests::selected_sources_real_local_startup_publishes_entry_and_drains_surviving_generation

test result: FAILED. 108 passed; 3 failed; 0 ignored; 0 measured; 557 filtered out; finished in 108.92s

error: test failed, to rerun pass `-p kasumi-engine --lib`
     Running unittests src/lib.rs (/Users/takemiyamakoto/dev/kasumi/target/disk-backed-cache/debug/deps/kasumi_kv-221aa5373d25965b)

running 0 tests

test result: ok. 0 passed; 0 failed; 0 ignored; 0 measured; 555 filtered out; finished in 0.00s

     Running unittests src/lib.rs (/Users/takemiyamakoto/dev/kasumi/target/disk-backed-cache/debug/deps/kasumi_raft-8af78bc0d2a8574c)

running 42 tests
test selected_application::plan::ordinary_envelope::tests::borrowed_maximum_shape_matches_actual_cursor_schema_for_zero_single_and_joint_membership ... ok
test selected_application::plan::control_memory::tests::prospective_committed_scalar_is_covered_before_the_row_exists ... ok
test selected_application::plan::ordinary_envelope::tests::streamed_shape_quote_matches_actual_canonical_wire_and_number_channels ... ok
test selected_application::plan_tests::producer_wire_quote_covers_arbitrary_numbers_without_reclassifying_literal_markers ... ok
test selected_application::plan_tests::producer_wire_shape_overquotes_actual_decoder_for_escaped_unicode_and_nested_metadata ... ok
test selected_application::plan::control_memory::tests::actual_retirement_seed_and_prepared_write_bounds_are_not_selected_cursor_multipliers ... ok
test selected_application::plan::control_memory::tests::signed_initialization_uses_its_actual_closed_graph_and_writer_shape ... ok
test selected_application::plan::control_memory::tests::prospective_control_rows_are_not_silently_clipped_and_quote_math_is_checked ... ok
test selected_application::plan::constructor_envelope::tests::constructor_preserves_actual_capacity_refusal_and_retires_reader_before_retry ... ok
test selected_application::plan_tests::prospective_callback_prepares_before_real_producer_publication_and_keeps_original_refusal ... ok
test selected_application::plan::ordinary_envelope::tests::ordinary_shape_preserves_the_existing_maximum_control_record_ceiling ... ok
test selected_application::plan_tests::prospective_advancing_origin_refuses_real_exact_replay_before_application_effects ... ok
test selected_application::plan::constructor_envelope::tests::constructor_header_peak_refusal_preserves_current_dtos_and_durable_tail ... ok
test selected_application::plan_tests::prospective_covered_replay_quotes_actual_newer_cursor ... ok
test selected_application::plan_tests::prospective_covered_snapshot_uses_actual_five_record_proof ... ok
test selected_application::plan::control_memory::tests::real_prior_control_and_retained_writes_fit_constructor_operation_quote ... ok
test snapshot_buffer::application_source_custody_tests::application_source_binding_is_single_use_idle_and_before_acquisition ... ok
test snapshot_buffer::application_source_custody_tests::application_source_failed_claim_cannot_release_unclosed_idle_roots ... ok
test snapshot_buffer::application_source_custody_tests::application_source_failed_final_check_and_cancelled_cleanup_keep_unclaimed_group ... ok
test snapshot_buffer::application_source_custody_tests::application_source_failed_startup_waits_real_storage_lease_before_final_drain ... ok
test snapshot_buffer::application_source_custody_tests::application_source_final_check_precedes_group_delivery ... ok
test snapshot_buffer::application_source_custody_tests::application_source_idle_abandonment_and_cancelled_drain_keep_original_close ... ok
test snapshot_buffer::application_source_custody_tests::application_source_nonpositive_close_keeps_original_error_and_registry ... ok

thread 'snapshot_buffer::application_source_custody_tests::application_source_panicked_final_check_and_cancelled_cleanup_keep_unclaimed_group' (24843715) panicked at crates/kasumi-raft/src/application_source_custody_tests.rs:78:13:
Box<dyn Any>
note: run with `RUST_BACKTRACE=1` environment variable to display a backtrace
test snapshot_buffer::application_source_custody_tests::application_source_panicked_final_check_and_cancelled_cleanup_keep_unclaimed_group ... ok
test snapshot_buffer::application_source_custody_tests::application_source_pending_retirement_blocks_buffer_and_group_release ... ok
test snapshot_buffer::application_source_custody_tests::application_source_retained_startup_never_seals_writer_preparation ... ok
test snapshot_buffer::application_source_custody_tests::application_source_shutdown_during_final_check_cannot_deliver_group ... ok
test selected_application::plan::ordinary_envelope::tests::membership_growth_requires_expanded_quote_before_actual_internal_entry_publication ... ok
test selected_application::plan::constructor_envelope::tests::constructor_snapshot_seed_covers_exact_reconstruction_but_rejects_same_size_replacement ... ok
test selected_application::plan::ordinary_envelope::tests::ordinary_envelope_covers_actual_current_and_advancing_plans_but_not_covered_or_snapshot ... ok
test selected_application::plan::constructor_envelope::tests::constructor_covers_retained_uncommitted_membership_and_real_capture_without_new_grants ... ok
test selected_application::plan::constructor_envelope::tests::incoming_capacity_covers_each_intermediate_membership_without_adopting_replay_seed ... ok
test selected_application::plan::control_memory::tests::constructor_ignores_orphan_seeds_but_requires_actual_retirement_header_seeds ... ok
test selected_application::plan::ordinary_envelope::tests::ordinary_envelope_rejects_foreign_pair_and_changed_bootstrap_without_admission ... ok
test selected_application::plan::constructor_envelope::tests::constructor_rejects_foreign_workspace_and_noncanonical_or_disconnected_retained_headers ... ok
test selected_application::planning_session_tests::control_planning_sizes_ordinary_entry_from_required_rows_and_ignores_unused_snapshot ... ok
test selected_application::planning_session_tests::control_planning_covered_snapshot_keeps_five_record_capture_prepared ... ok
test selected_application::planning_session_tests::initial_planning_uses_actual_small_root_and_ignores_unused_snapshot_rows ... ok
test selected_application::planning_session_tests::initial_planning_binds_snapshot_five_records_and_rejects_later_cursor_change ... ok
test selected_application::planning_session_tests::initial_planning_snapshot_row_selection_does_not_accept_noncanonical_cursor ... ok
test selected_application::planning_session_tests::control_planning_reuses_historical_membership_and_rejects_exact_association_corruption ... ok
test selected_application::plan_tests::prospective_plan_rejects_later_actual_record_and_foreign_domain_pair ... ok

test result: ok. 42 passed; 0 failed; 0 ignored; 0 measured; 153 filtered out; finished in 11.16s

     Running unittests src/lib.rs (/Users/takemiyamakoto/dev/kasumi/target/disk-backed-cache/debug/deps/kasumi_store-4ef75ebdc018c368)

running 0 tests

test result: ok. 0 passed; 0 failed; 0 ignored; 0 measured; 726 filtered out; finished in 0.00s

error: 1 target failed:
    `-p kasumi-engine --lib`
Runner: 120.87s; exit=101; matching=1563/1563
