Command: cargo test -p kasumi-engine --lib --test contracts --test history --locked --offline --config profile.test.package.kasumi-kv.opt-level=3 --config profile.test.package.sha2.opt-level=3 -- --test-threads=1 query_memory lease_retention::tests document_source::tests query_shutdown snapshot_leases::workspace_tests actual_raft_writes_queries_and_snapshot_pagination coherent_snapshot_reads_span_collections_under_concurrent_commits_and_strict_audit snapshot_reads_reject_partial_queries_cursors_and_foreign_authority key_revocation_evicts_retained_coherent_leases_and_rejects_every_page archived_prefixes_keep_logical_reads_unique_indexes_and_dedup_after_restart
CARGO_TARGET_DIR=target/disk-backed-cache
   Compiling kasumi-query v0.1.0 (/Users/takemiyamakoto/dev/kasumi/crates/kasumi-query)
   Compiling kasumi-engine v0.1.0 (/Users/takemiyamakoto/dev/kasumi/crates/kasumi-engine)
warning: variant `Mutation` is never constructed
  --> crates/kasumi-engine/src/security_audit_jobs.rs:26:5
   |
24 | enum JobEffect {
   |      --------- variant in this enum
25 |     Read,
26 |     Mutation(&'static str),
   |     ^^^^^^^^
   |
   = note: `JobEffect` has a derived impl for the trait `Clone`, but this is intentionally ignored during dead code analysis
   = note: `#[warn(dead_code)]` (part of `#[warn(unused)]`) on by default

warning: struct `ReadPause` is never constructed
  --> crates/kasumi-engine/src/security_audit_jobs.rs:57:19
   |
57 | pub(super) struct ReadPause {
   |                   ^^^^^^^^^

warning: method `run_mutation` is never used
   --> crates/kasumi-engine/src/security_audit_jobs.rs:120:25
    |
 62 | impl SecurityAudit {
    | ------------------ method in this implementation
...
120 |     pub(super) async fn run_mutation<T, F, R>(&self, component: &'static str, run: R) -> Result<T>
    |                         ^^^^^^^^^^^^

warning: `kasumi-engine` (lib) generated 3 warnings
error[E0061]: this method takes 4 arguments but 3 arguments were supplied
   --> crates/kasumi-engine/tests/contracts.rs:966:14
    |
966 |               .execute(
    |  ______________^^^^^^^-
967 | |                 &state.document_source(&request.collection).unwrap(),
968 | |                 &request,
969 | |                 &state.state.limits,
970 | |             )
    | |_____________- argument #4 of type `&mut kasumi_query::workspace::QueryMemory<_>` is missing
    |
note: method defined here
   --> crates/kasumi-query/src/lib.rs:389:12
    |
389 |     pub fn execute<S: DocumentSource + ?Sized, W: QueryWorkspace>(
    |            ^^^^^^^
help: provide the argument
    |
966 |             .execute(
...
969 |                 &state.state.limits,
970 ~                 /* memory */,
971 ~             )
    |

error[E0061]: this method takes 4 arguments but 3 arguments were supplied
    --> crates/kasumi-engine/tests/contracts.rs:1073:14
     |
1073 |               .execute(
     |  ______________^^^^^^^-
1074 | |                 &previous.document_source(&request.collection).unwrap(),
1075 | |                 &request,
1076 | |                 &previous.state.limits,
1077 | |             )
     | |_____________- argument #4 of type `&mut kasumi_query::workspace::QueryMemory<_>` is missing
     |
note: method defined here
    --> crates/kasumi-query/src/lib.rs:389:12
     |
 389 |     pub fn execute<S: DocumentSource + ?Sized, W: QueryWorkspace>(
     |            ^^^^^^^
help: provide the argument
     |
1073 |             .execute(
 ...
1076 |                 &previous.state.limits,
1077 ~                 /* memory */,
1078 ~             )
     |

error[E0061]: this method takes 4 arguments but 3 arguments were supplied
    --> crates/kasumi-engine/tests/contracts.rs:1086:14
     |
1086 |               .execute(
     |  ______________^^^^^^^-
1087 | |                 &current.document_source(&request.collection).unwrap(),
1088 | |                 &request,
1089 | |                 &current.state.limits,
1090 | |             )
     | |_____________- argument #4 of type `&mut kasumi_query::workspace::QueryMemory<_>` is missing
     |
note: method defined here
    --> crates/kasumi-query/src/lib.rs:389:12
     |
 389 |     pub fn execute<S: DocumentSource + ?Sized, W: QueryWorkspace>(
     |            ^^^^^^^
help: provide the argument
     |
1086 |             .execute(
 ...
1089 |                 &current.state.limits,
1090 ~                 /* memory */,
1091 ~             )
     |

For more information about this error, try `rustc --explain E0061`.
error: could not compile `kasumi-engine` (test "contracts") due to 3 previous errors
warning: build failed, waiting for other jobs to finish...
error[E0624]: method `publish_generation` is private
   --> crates/kasumi-engine/src/snapshot_page_workspace_tests.rs:83:12
    |
 83 |     engine.publish_generation(Some(Arc::new(generation)));
    |            ^^^^^^^^^^^^^^^^^^ private method
    |
   ::: crates/kasumi-engine/src/state.rs:404:5
    |
404 |     fn publish_generation(&self, next: Option<Arc<Generation>>) {
    |     ----------------------------------------------------------- private method defined here

error[E0283]: type annotations needed
  --> crates/kasumi-engine/src/service_query_workspace_tests.rs:48:10
   |
41 |             "a".into(),
   |                 ---- type must be known at this point
...
48 |         .into_iter()
   |          ^^^^^^^^^
   |
   = note: multiple `impl`s satisfying `_: From<&str>` found in the following crates: `bytes`, `clap_builder`, `reqwest`:
           - impl From<&'static str> for bytes::bytes::Bytes;
           - impl From<&'static str> for clap_builder::builder::os_str::OsStr;
           - impl From<&'static str> for clap_builder::builder::str::Str;
           - impl From<&'static str> for clap_builder::builder::styled_str::StyledStr;
           - impl From<&'static str> for clap_builder::util::id::Id;
           - impl From<&'static str> for reqwest::async_impl::body::Body;
   = note: required for `&str` to implement `Into<_>`
help: try using a fully qualified path to specify the expected types
   |
40 ~         documents: <[(_, std::sync::Arc<kasumi_types::Document>); 1] as IntoIterator>::into_iter([(
41 |             "a".into(),
...
46 |             }),
47 ~         )])
   |

error[E0283]: type annotations needed
  --> crates/kasumi-engine/src/service_query_workspace_tests.rs:48:10
   |
48 |         .into_iter()
   |          ^^^^^^^^^
49 |         .collect(),
   |          ------- type must be known at this point
   |
   = note: multiple `impl`s satisfying `std::string::String: From<_>` found in the following crates: `alloc`, `clap_builder`, `email_address`, `tantivy_common`, `url`, `uuid`:
           - impl From<Box<str>> for std::string::String;
           - impl From<Url> for std::string::String;
           - impl From<char> for std::string::String;
           - impl From<clap_builder::builder::str::Str> for std::string::String;
           - impl From<clap_builder::util::id::Id> for std::string::String;
           - impl From<email_address::EmailAddress> for std::string::String;
           - impl From<tantivy_common::json_path_writer::JsonPathWriter> for std::string::String;
           - impl From<uuid::Uuid> for std::string::String;
   = note: required for `GenericOrdMap<std::string::String, std::sync::Arc<kasumi_types::Document>, ArcK>` to implement `FromIterator<(_, std::sync::Arc<kasumi_types::Document>)>`
note: required by a bound in `collect`
  --> /rustc/8bab26f4f68e0e26f0bb7960be334d5b520ea452/library/core/src/iter/traits/iterator.rs:2077:4
help: try using a fully qualified path to specify the expected types
   |
40 ~         documents: <[(_, std::sync::Arc<kasumi_types::Document>); 1] as IntoIterator>::into_iter([(
41 |             "a".into(),
...
46 |             }),
47 ~         )])
   |

error[E0061]: this method takes 4 arguments but 3 arguments were supplied
   --> crates/kasumi-engine/src/mutation_apply_tests.rs:165:10
    |
165 |           .execute(
    |  __________^^^^^^^-
166 | |             &generation.document_source(&query.collection).unwrap(),
167 | |             &query,
168 | |             &generation.state.limits,
169 | |         )
    | |_________- argument #4 of type `&mut kasumi_query::QueryMemory<_>` is missing
    |
note: method defined here
   --> crates/kasumi-query/src/lib.rs:389:12
    |
389 |     pub fn execute<S: DocumentSource + ?Sized, W: QueryWorkspace>(
    |            ^^^^^^^
help: provide the argument
    |
165 |         .execute(
...
168 |             &generation.state.limits,
169 ~             /* memory */,
170 ~         )
    |

Some errors have detailed explanations: E0061, E0283, E0624.
For more information about an error, try `rustc --explain E0061`.
error: could not compile `kasumi-engine` (lib test) due to 4 previous errors
Runner elapsed: 193.71s; exit: 101
