Command: cargo clippy -p kasumi-types -p kasumi-store -p kasumi-server --all-features --all-targets --locked --offline --no-deps -- -D warnings
CARGO_TARGET_DIR=target/disk-backed-cache
    Checking kasumi-clock v0.1.0 (/Users/takemiyamakoto/dev/kasumi/crates/kasumi-clock)
    Checking kasumi-kv v0.1.0 (/Users/takemiyamakoto/dev/kasumi/crates/kasumi-kv)
warning: method `matches_response_id` is never used
   --> vendor/rmcp-3.2.0/src/model.rs:251:19
    |
236 | impl NumberOrString {
    | ------------------- method in this implementation
...
251 |     pub(crate) fn matches_response_id(&self, response_id: &Self) -> bool {
    |                   ^^^^^^^^^^^^^^^^^^^
    |
    = note: `#[warn(dead_code)]` (part of `#[warn(unused)]`) on by default

warning: method `set_client_request_metadata` is never used
    --> vendor/rmcp-3.2.0/src/service.rs:1032:19
     |
 806 | impl<R: ServiceRole> Peer<R> {
     | ---------------------------- method in this implementation
...
1032 |     pub(crate) fn set_client_request_metadata(&self, metadata: ClientRequestMetadata) {
     |                   ^^^^^^^^^^^^^^^^^^^^^^^^^^^

warning: method `is_authorization_required` is never used
   --> vendor/rmcp-3.2.0/src/transport.rs:275:19
    |
249 | impl DynamicTransportError {
    | -------------------------- method in this implementation
...
275 |     pub(crate) fn is_authorization_required(&self) -> bool {
    |                   ^^^^^^^^^^^^^^^^^^^^^^^^^

warning: `rmcp` (lib) generated 3 warnings
    Checking kasumi-types v0.1.0 (/Users/takemiyamakoto/dev/kasumi/crates/kasumi-types)
error: usage of `size_of::<T>()` to obtain the size of `T` in bits
  --> crates/kasumi-types/src/control_topology_memory.rs:88:23
   |
88 |         backing(count(8 * size_of::<usize>())?)?,
   |                       ^^^^^^^^^^^^^^^^^^^^^^ help: consider using: `usize::BITS as usize`
   |
   = help: for further information visit https://rust-lang.github.io/rust-clippy/rust-1.97.0/index.html#manual_bits
   = note: `-D clippy::manual-bits` implied by `-D warnings`
   = help: to override `-D warnings` add `#[allow(clippy::manual_bits)]`

error: could not compile `kasumi-types` (lib test) due to 1 previous error
warning: build failed, waiting for other jobs to finish...
error: could not compile `kasumi-types` (lib) due to 1 previous error
Runner: 27.29s; exit=101; matching=722/722
