Command: cargo test --locked --offline --config profile.test.package.kasumi-kv.opt-level=3 --config profile.test.package.sha2.opt-level=3 -p kasumi-kv -p kasumi-store -p kasumi-raft -p kasumi-engine --all-features --lib --no-fail-fast -- public_restore_admits_resident_state_without_charging_permanent_stream_as_ram --nocapture
CARGO_TARGET_DIR=target/disk-backed-cache
    Finished `test` profile [unoptimized + debuginfo] target(s) in 0.72s
     Running unittests src/lib.rs (target/disk-backed-cache/debug/deps/kasumi_engine-44db468831cfc59f)

running 1 test
DEBUG kasumi_engine::restore_phase: restore phase timing event="restore_phase_started" phase="snapshot.terminal_setup" phase_id=1 elapsed_ms=0 outcome="started"
DEBUG kasumi_engine::restore_phase: restore phase timing event="restore_phase_ended" phase="snapshot.terminal_setup" phase_id=1 elapsed_ms=270 outcome="succeeded"
DEBUG kasumi_engine::restore_phase: restore phase timing event="restore_phase_started" phase="snapshot.terminal_batch" phase_id=2 elapsed_ms=0 outcome="started"
DEBUG kasumi_engine::restore_phase: restore terminal staging batch event="snapshot_terminal_batch" rows=8 bytes=147864
DEBUG kasumi_engine::restore_phase: restore phase timing event="restore_phase_ended" phase="snapshot.terminal_batch" phase_id=2 elapsed_ms=162 outcome="succeeded"
DEBUG kasumi_engine::restore_phase: restore phase timing event="restore_phase_started" phase="snapshot.terminal_batch" phase_id=3 elapsed_ms=0 outcome="started"
DEBUG kasumi_engine::restore_phase: restore terminal staging batch event="snapshot_terminal_batch" rows=8 bytes=147892
DEBUG kasumi_engine::restore_phase: restore phase timing event="restore_phase_ended" phase="snapshot.terminal_batch" phase_id=3 elapsed_ms=154 outcome="succeeded"
DEBUG kasumi_engine::restore_phase: restore phase timing event="restore_phase_started" phase="snapshot.terminal_batch" phase_id=4 elapsed_ms=0 outcome="started"
DEBUG kasumi_engine::restore_phase: restore terminal staging batch event="snapshot_terminal_batch" rows=8 bytes=147896
DEBUG kasumi_engine::restore_phase: restore phase timing event="restore_phase_ended" phase="snapshot.terminal_batch" phase_id=4 elapsed_ms=157 outcome="succeeded"
DEBUG kasumi_engine::restore_phase: restore phase timing event="restore_phase_started" phase="snapshot.terminal_batch" phase_id=5 elapsed_ms=0 outcome="started"
DEBUG kasumi_engine::restore_phase: restore terminal staging batch event="snapshot_terminal_batch" rows=8 bytes=147896
DEBUG kasumi_engine::restore_phase: restore phase timing event="restore_phase_ended" phase="snapshot.terminal_batch" phase_id=5 elapsed_ms=155 outcome="succeeded"
DEBUG kasumi_engine::restore_phase: restore phase timing event="restore_phase_started" phase="snapshot.terminal_batch" phase_id=6 elapsed_ms=0 outcome="started"
DEBUG kasumi_engine::restore_phase: restore terminal staging batch event="snapshot_terminal_batch" rows=8 bytes=147896
DEBUG kasumi_engine::restore_phase: restore phase timing event="restore_phase_ended" phase="snapshot.terminal_batch" phase_id=6 elapsed_ms=189 outcome="succeeded"
DEBUG kasumi_engine::restore_phase: restore phase timing event="restore_phase_started" phase="snapshot.terminal_batch" phase_id=7 elapsed_ms=0 outcome="started"
DEBUG kasumi_engine::restore_phase: restore terminal staging batch event="snapshot_terminal_batch" rows=8 bytes=147896
DEBUG kasumi_engine::restore_phase: restore phase timing event="restore_phase_ended" phase="snapshot.terminal_batch" phase_id=7 elapsed_ms=142 outcome="succeeded"
DEBUG kasumi_engine::restore_phase: restore phase timing event="restore_phase_started" phase="snapshot.terminal_batch" phase_id=8 elapsed_ms=0 outcome="started"
DEBUG kasumi_engine::restore_phase: restore terminal staging batch event="snapshot_terminal_batch" rows=8 bytes=147896
DEBUG kasumi_engine::restore_phase: restore phase timing event="restore_phase_ended" phase="snapshot.terminal_batch" phase_id=8 elapsed_ms=144 outcome="succeeded"
DEBUG kasumi_engine::restore_phase: restore phase timing event="restore_phase_started" phase="snapshot.terminal_batch" phase_id=9 elapsed_ms=0 outcome="started"
DEBUG kasumi_engine::restore_phase: restore terminal staging batch event="snapshot_terminal_batch" rows=8 bytes=147896
DEBUG kasumi_engine::restore_phase: restore phase timing event="restore_phase_ended" phase="snapshot.terminal_batch" phase_id=9 elapsed_ms=157 outcome="succeeded"
DEBUG kasumi_engine::restore_phase: restore phase timing event="restore_phase_started" phase="snapshot.terminal_batch" phase_id=10 elapsed_ms=0 outcome="started"
DEBUG kasumi_engine::restore_phase: restore terminal staging batch event="snapshot_terminal_batch" rows=8 bytes=147896
DEBUG kasumi_engine::restore_phase: restore phase timing event="restore_phase_ended" phase="snapshot.terminal_batch" phase_id=10 elapsed_ms=207 outcome="succeeded"
DEBUG kasumi_engine::restore_phase: restore phase timing event="restore_phase_started" phase="snapshot.terminal_batch" phase_id=11 elapsed_ms=0 outcome="started"
DEBUG kasumi_engine::restore_phase: restore terminal staging batch event="snapshot_terminal_batch" rows=8 bytes=147896
DEBUG kasumi_engine::restore_phase: restore phase timing event="restore_phase_ended" phase="snapshot.terminal_batch" phase_id=11 elapsed_ms=136 outcome="succeeded"
DEBUG kasumi_engine::restore_phase: restore phase timing event="restore_phase_started" phase="snapshot.terminal_batch" phase_id=12 elapsed_ms=0 outcome="started"
DEBUG kasumi_engine::restore_phase: restore terminal staging batch event="snapshot_terminal_batch" rows=8 bytes=147896
DEBUG kasumi_engine::restore_phase: restore phase timing event="restore_phase_ended" phase="snapshot.terminal_batch" phase_id=12 elapsed_ms=130 outcome="succeeded"
DEBUG kasumi_engine::restore_phase: restore phase timing event="restore_phase_started" phase="snapshot.terminal_batch" phase_id=13 elapsed_ms=0 outcome="started"
DEBUG kasumi_engine::restore_phase: restore terminal staging batch event="snapshot_terminal_batch" rows=8 bytes=147896
DEBUG kasumi_engine::restore_phase: restore phase timing event="restore_phase_ended" phase="snapshot.terminal_batch" phase_id=13 elapsed_ms=684 outcome="succeeded"
DEBUG kasumi_engine::restore_phase: restore phase timing event="restore_phase_started" phase="snapshot.terminal_batch" phase_id=14 elapsed_ms=0 outcome="started"
DEBUG kasumi_engine::restore_phase: restore terminal staging batch event="snapshot_terminal_batch" rows=8 bytes=147916
DEBUG kasumi_engine::restore_phase: restore phase timing event="restore_phase_ended" phase="snapshot.terminal_batch" phase_id=14 elapsed_ms=290 outcome="succeeded"
DEBUG kasumi_engine::restore_phase: restore phase timing event="restore_phase_started" phase="snapshot.terminal_batch" phase_id=15 elapsed_ms=0 outcome="started"
DEBUG kasumi_engine::restore_phase: restore terminal staging batch event="snapshot_terminal_batch" rows=8 bytes=147928
DEBUG kasumi_engine::restore_phase: restore phase timing event="restore_phase_ended" phase="snapshot.terminal_batch" phase_id=15 elapsed_ms=287 outcome="succeeded"
DEBUG kasumi_engine::restore_phase: restore phase timing event="restore_phase_started" phase="snapshot.terminal_batch" phase_id=16 elapsed_ms=0 outcome="started"
DEBUG kasumi_engine::restore_phase: restore terminal staging batch event="snapshot_terminal_batch" rows=8 bytes=147928
DEBUG kasumi_engine::restore_phase: restore phase timing event="restore_phase_ended" phase="snapshot.terminal_batch" phase_id=16 elapsed_ms=294 outcome="succeeded"
DEBUG kasumi_engine::restore_phase: restore phase timing event="restore_phase_started" phase="snapshot.terminal_batch" phase_id=17 elapsed_ms=0 outcome="started"
DEBUG kasumi_engine::restore_phase: restore terminal staging batch event="snapshot_terminal_batch" rows=8 bytes=147928
DEBUG kasumi_engine::restore_phase: restore phase timing event="restore_phase_ended" phase="snapshot.terminal_batch" phase_id=17 elapsed_ms=285 outcome="succeeded"
DEBUG kasumi_engine::restore_phase: restore phase timing event="restore_phase_started" phase="snapshot.terminal_batch" phase_id=18 elapsed_ms=0 outcome="started"
DEBUG kasumi_engine::restore_phase: restore terminal staging batch event="snapshot_terminal_batch" rows=8 bytes=147928
DEBUG kasumi_engine::restore_phase: restore phase timing event="restore_phase_ended" phase="snapshot.terminal_batch" phase_id=18 elapsed_ms=287 outcome="succeeded"
DEBUG kasumi_engine::restore_phase: restore phase timing event="restore_phase_started" phase="snapshot.terminal_batch" phase_id=19 elapsed_ms=0 outcome="started"
DEBUG kasumi_engine::restore_phase: restore terminal staging batch event="snapshot_terminal_batch" rows=8 bytes=147928
DEBUG kasumi_engine::restore_phase: restore phase timing event="restore_phase_ended" phase="snapshot.terminal_batch" phase_id=19 elapsed_ms=292 outcome="succeeded"
DEBUG kasumi_engine::restore_phase: restore phase timing event="restore_phase_started" phase="snapshot.terminal_batch" phase_id=20 elapsed_ms=0 outcome="started"
DEBUG kasumi_engine::restore_phase: restore terminal staging batch event="snapshot_terminal_batch" rows=8 bytes=147928
DEBUG kasumi_engine::restore_phase: restore phase timing event="restore_phase_ended" phase="snapshot.terminal_batch" phase_id=20 elapsed_ms=307 outcome="succeeded"
DEBUG kasumi_engine::restore_phase: restore phase timing event="restore_phase_started" phase="snapshot.terminal_batch" phase_id=21 elapsed_ms=0 outcome="started"
DEBUG kasumi_engine::restore_phase: restore terminal staging batch event="snapshot_terminal_batch" rows=8 bytes=147928
DEBUG kasumi_engine::restore_phase: restore phase timing event="restore_phase_ended" phase="snapshot.terminal_batch" phase_id=21 elapsed_ms=293 outcome="succeeded"
DEBUG kasumi_engine::restore_phase: restore phase timing event="restore_phase_started" phase="snapshot.terminal_batch" phase_id=22 elapsed_ms=0 outcome="started"
DEBUG kasumi_engine::restore_phase: restore terminal staging batch event="snapshot_terminal_batch" rows=8 bytes=147928
DEBUG kasumi_engine::restore_phase: restore phase timing event="restore_phase_ended" phase="snapshot.terminal_batch" phase_id=22 elapsed_ms=277 outcome="succeeded"
DEBUG kasumi_engine::restore_phase: restore phase timing event="restore_phase_started" phase="snapshot.terminal_batch" phase_id=23 elapsed_ms=0 outcome="started"
DEBUG kasumi_engine::restore_phase: restore terminal staging batch event="snapshot_terminal_batch" rows=8 bytes=147928
DEBUG kasumi_engine::restore_phase: restore phase timing event="restore_phase_ended" phase="snapshot.terminal_batch" phase_id=23 elapsed_ms=296 outcome="succeeded"
DEBUG kasumi_engine::restore_phase: restore phase timing event="restore_phase_started" phase="snapshot.terminal_batch" phase_id=24 elapsed_ms=0 outcome="started"
DEBUG kasumi_engine::restore_phase: restore terminal staging batch event="snapshot_terminal_batch" rows=8 bytes=147928
DEBUG kasumi_engine::restore_phase: restore phase timing event="restore_phase_ended" phase="snapshot.terminal_batch" phase_id=24 elapsed_ms=293 outcome="succeeded"
DEBUG kasumi_engine::restore_phase: restore phase timing event="restore_phase_started" phase="snapshot.terminal_batch" phase_id=25 elapsed_ms=0 outcome="started"
DEBUG kasumi_engine::restore_phase: restore terminal staging batch event="snapshot_terminal_batch" rows=8 bytes=147928
DEBUG kasumi_engine::restore_phase: restore phase timing event="restore_phase_ended" phase="snapshot.terminal_batch" phase_id=25 elapsed_ms=693 outcome="succeeded"
DEBUG kasumi_engine::restore_phase: restore phase timing event="restore_phase_started" phase="snapshot.terminal_batch" phase_id=26 elapsed_ms=0 outcome="started"
DEBUG kasumi_engine::restore_phase: restore terminal staging batch event="snapshot_terminal_batch" rows=8 bytes=147928
DEBUG kasumi_engine::restore_phase: restore phase timing event="restore_phase_ended" phase="snapshot.terminal_batch" phase_id=26 elapsed_ms=927 outcome="succeeded"
DEBUG kasumi_engine::restore_phase: restore phase timing event="restore_phase_started" phase="snapshot.terminal_batch" phase_id=27 elapsed_ms=0 outcome="started"
DEBUG kasumi_engine::restore_phase: restore terminal staging batch event="snapshot_terminal_batch" rows=8 bytes=147928
DEBUG kasumi_engine::restore_phase: restore phase timing event="restore_phase_ended" phase="snapshot.terminal_batch" phase_id=27 elapsed_ms=470 outcome="succeeded"
DEBUG kasumi_engine::restore_phase: restore phase timing event="restore_phase_started" phase="snapshot.terminal_batch" phase_id=28 elapsed_ms=0 outcome="started"
DEBUG kasumi_engine::restore_phase: restore terminal staging batch event="snapshot_terminal_batch" rows=8 bytes=147928
DEBUG kasumi_engine::restore_phase: restore phase timing event="restore_phase_ended" phase="snapshot.terminal_batch" phase_id=28 elapsed_ms=459 outcome="succeeded"
DEBUG kasumi_engine::restore_phase: restore phase timing event="restore_phase_started" phase="snapshot.terminal_batch" phase_id=29 elapsed_ms=0 outcome="started"
DEBUG kasumi_engine::restore_phase: restore terminal staging batch event="snapshot_terminal_batch" rows=8 bytes=147928
DEBUG kasumi_engine::restore_phase: restore phase timing event="restore_phase_ended" phase="snapshot.terminal_batch" phase_id=29 elapsed_ms=479 outcome="succeeded"
DEBUG kasumi_engine::restore_phase: restore phase timing event="restore_phase_started" phase="snapshot.terminal_batch" phase_id=30 elapsed_ms=0 outcome="started"
DEBUG kasumi_engine::restore_phase: restore terminal staging batch event="snapshot_terminal_batch" rows=8 bytes=147928
DEBUG kasumi_engine::restore_phase: restore phase timing event="restore_phase_ended" phase="snapshot.terminal_batch" phase_id=30 elapsed_ms=464 outcome="succeeded"
DEBUG kasumi_engine::restore_phase: restore phase timing event="restore_phase_started" phase="snapshot.terminal_batch" phase_id=31 elapsed_ms=0 outcome="started"
DEBUG kasumi_engine::restore_phase: restore terminal staging batch event="snapshot_terminal_batch" rows=8 bytes=147928
DEBUG kasumi_engine::restore_phase: restore phase timing event="restore_phase_ended" phase="snapshot.terminal_batch" phase_id=31 elapsed_ms=484 outcome="succeeded"
DEBUG kasumi_engine::restore_phase: restore phase timing event="restore_phase_started" phase="snapshot.terminal_batch" phase_id=32 elapsed_ms=0 outcome="started"
DEBUG kasumi_engine::restore_phase: restore terminal staging batch event="snapshot_terminal_batch" rows=8 bytes=147928
DEBUG kasumi_engine::restore_phase: restore phase timing event="restore_phase_ended" phase="snapshot.terminal_batch" phase_id=32 elapsed_ms=457 outcome="succeeded"
DEBUG kasumi_engine::restore_phase: restore phase timing event="restore_phase_started" phase="snapshot.terminal_batch" phase_id=33 elapsed_ms=0 outcome="started"
DEBUG kasumi_engine::restore_phase: restore terminal staging batch event="snapshot_terminal_batch" rows=8 bytes=147928
DEBUG kasumi_engine::restore_phase: restore phase timing event="restore_phase_ended" phase="snapshot.terminal_batch" phase_id=33 elapsed_ms=475 outcome="succeeded"
DEBUG kasumi_engine::restore_phase: restore phase timing event="restore_phase_started" phase="snapshot.terminal_batch" phase_id=34 elapsed_ms=0 outcome="started"
DEBUG kasumi_engine::restore_phase: restore terminal staging batch event="snapshot_terminal_batch" rows=8 bytes=147928
DEBUG kasumi_engine::restore_phase: restore phase timing event="restore_phase_ended" phase="snapshot.terminal_batch" phase_id=34 elapsed_ms=471 outcome="succeeded"
DEBUG kasumi_engine::restore_phase: restore phase timing event="restore_phase_started" phase="snapshot.terminal_batch" phase_id=35 elapsed_ms=0 outcome="started"
DEBUG kasumi_engine::restore_phase: restore terminal staging batch event="snapshot_terminal_batch" rows=8 bytes=147928
DEBUG kasumi_engine::restore_phase: restore phase timing event="restore_phase_ended" phase="snapshot.terminal_batch" phase_id=35 elapsed_ms=451 outcome="succeeded"
DEBUG kasumi_engine::restore_phase: restore phase timing event="restore_phase_started" phase="snapshot.terminal_batch" phase_id=36 elapsed_ms=0 outcome="started"
DEBUG kasumi_engine::restore_phase: restore terminal staging batch event="snapshot_terminal_batch" rows=8 bytes=147928
DEBUG kasumi_engine::restore_phase: restore phase timing event="restore_phase_ended" phase="snapshot.terminal_batch" phase_id=36 elapsed_ms=434 outcome="succeeded"
DEBUG kasumi_engine::restore_phase: restore phase timing event="restore_phase_started" phase="snapshot.terminal_batch" phase_id=37 elapsed_ms=0 outcome="started"
DEBUG kasumi_engine::restore_phase: restore terminal staging batch event="snapshot_terminal_batch" rows=8 bytes=147928
DEBUG kasumi_engine::restore_phase: restore phase timing event="restore_phase_ended" phase="snapshot.terminal_batch" phase_id=37 elapsed_ms=459 outcome="succeeded"
DEBUG kasumi_engine::restore_phase: restore phase timing event="restore_phase_started" phase="snapshot.terminal_batch" phase_id=38 elapsed_ms=0 outcome="started"
DEBUG kasumi_engine::restore_phase: restore terminal staging batch event="snapshot_terminal_batch" rows=8 bytes=147928
DEBUG kasumi_engine::restore_phase: restore phase timing event="restore_phase_ended" phase="snapshot.terminal_batch" phase_id=38 elapsed_ms=471 outcome="succeeded"
DEBUG kasumi_engine::restore_phase: restore phase timing event="restore_phase_started" phase="snapshot.terminal_batch" phase_id=39 elapsed_ms=0 outcome="started"
DEBUG kasumi_engine::restore_phase: restore terminal staging batch event="snapshot_terminal_batch" rows=8 bytes=147928
DEBUG kasumi_engine::restore_phase: restore phase timing event="restore_phase_ended" phase="snapshot.terminal_batch" phase_id=39 elapsed_ms=434 outcome="succeeded"
DEBUG kasumi_engine::restore_phase: restore phase timing event="restore_phase_started" phase="snapshot.terminal_batch" phase_id=40 elapsed_ms=0 outcome="started"
DEBUG kasumi_engine::restore_phase: restore terminal staging batch event="snapshot_terminal_batch" rows=8 bytes=147928
DEBUG kasumi_engine::restore_phase: restore phase timing event="restore_phase_ended" phase="snapshot.terminal_batch" phase_id=40 elapsed_ms=462 outcome="succeeded"
DEBUG kasumi_engine::restore_phase: restore phase timing event="restore_phase_started" phase="snapshot.terminal_batch" phase_id=41 elapsed_ms=0 outcome="started"
DEBUG kasumi_engine::restore_phase: restore terminal staging batch event="snapshot_terminal_batch" rows=8 bytes=147928
DEBUG kasumi_engine::restore_phase: restore phase timing event="restore_phase_ended" phase="snapshot.terminal_batch" phase_id=41 elapsed_ms=441 outcome="succeeded"
DEBUG kasumi_engine::restore_phase: restore phase timing event="restore_phase_started" phase="snapshot.terminal_batch" phase_id=42 elapsed_ms=0 outcome="started"
DEBUG kasumi_engine::restore_phase: restore terminal staging batch event="snapshot_terminal_batch" rows=8 bytes=147928
DEBUG kasumi_engine::restore_phase: restore phase timing event="restore_phase_ended" phase="snapshot.terminal_batch" phase_id=42 elapsed_ms=746 outcome="succeeded"
DEBUG kasumi_engine::restore_phase: restore phase timing event="restore_phase_started" phase="snapshot.terminal_batch" phase_id=43 elapsed_ms=0 outcome="started"
DEBUG kasumi_engine::restore_phase: restore terminal staging batch event="snapshot_terminal_batch" rows=8 bytes=147928
DEBUG kasumi_engine::restore_phase: restore phase timing event="restore_phase_ended" phase="snapshot.terminal_batch" phase_id=43 elapsed_ms=463 outcome="succeeded"
DEBUG kasumi_engine::restore_phase: restore phase timing event="restore_phase_started" phase="snapshot.terminal_batch" phase_id=44 elapsed_ms=0 outcome="started"
DEBUG kasumi_engine::restore_phase: restore terminal staging batch event="snapshot_terminal_batch" rows=8 bytes=147928
DEBUG kasumi_engine::restore_phase: restore phase timing event="restore_phase_ended" phase="snapshot.terminal_batch" phase_id=44 elapsed_ms=463 outcome="succeeded"
DEBUG kasumi_engine::restore_phase: restore phase timing event="restore_phase_started" phase="snapshot.terminal_batch" phase_id=45 elapsed_ms=0 outcome="started"
DEBUG kasumi_engine::restore_phase: restore terminal staging batch event="snapshot_terminal_batch" rows=8 bytes=147928
DEBUG kasumi_engine::restore_phase: restore phase timing event="restore_phase_ended" phase="snapshot.terminal_batch" phase_id=45 elapsed_ms=503 outcome="succeeded"
DEBUG kasumi_engine::restore_phase: restore phase timing event="restore_phase_started" phase="snapshot.terminal_batch" phase_id=46 elapsed_ms=0 outcome="started"
DEBUG kasumi_engine::restore_phase: restore terminal staging batch event="snapshot_terminal_batch" rows=8 bytes=147928
DEBUG kasumi_engine::restore_phase: restore phase timing event="restore_phase_ended" phase="snapshot.terminal_batch" phase_id=46 elapsed_ms=340 outcome="succeeded"
DEBUG kasumi_engine::restore_phase: restore phase timing event="restore_phase_started" phase="snapshot.terminal_batch" phase_id=47 elapsed_ms=0 outcome="started"
DEBUG kasumi_engine::restore_phase: restore terminal staging batch event="snapshot_terminal_batch" rows=8 bytes=147928
DEBUG kasumi_engine::restore_phase: restore phase timing event="restore_phase_ended" phase="snapshot.terminal_batch" phase_id=47 elapsed_ms=436 outcome="succeeded"
DEBUG kasumi_engine::restore_phase: restore phase timing event="restore_phase_started" phase="snapshot.terminal_batch" phase_id=48 elapsed_ms=0 outcome="started"
DEBUG kasumi_engine::restore_phase: restore terminal staging batch event="snapshot_terminal_batch" rows=8 bytes=147928
DEBUG kasumi_engine::restore_phase: restore phase timing event="restore_phase_ended" phase="snapshot.terminal_batch" phase_id=48 elapsed_ms=489 outcome="succeeded"
DEBUG kasumi_engine::restore_phase: restore phase timing event="restore_phase_started" phase="snapshot.terminal_batch" phase_id=49 elapsed_ms=0 outcome="started"
DEBUG kasumi_engine::restore_phase: restore terminal staging batch event="snapshot_terminal_batch" rows=8 bytes=147928
DEBUG kasumi_engine::restore_phase: restore phase timing event="restore_phase_ended" phase="snapshot.terminal_batch" phase_id=49 elapsed_ms=452 outcome="succeeded"
DEBUG kasumi_engine::restore_phase: restore phase timing event="restore_phase_started" phase="snapshot.terminal_batch" phase_id=50 elapsed_ms=0 outcome="started"
DEBUG kasumi_engine::restore_phase: restore terminal staging batch event="snapshot_terminal_batch" rows=8 bytes=147928
DEBUG kasumi_engine::restore_phase: restore phase timing event="restore_phase_ended" phase="snapshot.terminal_batch" phase_id=50 elapsed_ms=601 outcome="succeeded"
DEBUG kasumi_engine::restore_phase: restore phase timing event="restore_phase_started" phase="snapshot.terminal_batch" phase_id=51 elapsed_ms=0 outcome="started"
DEBUG kasumi_engine::restore_phase: restore terminal staging batch event="snapshot_terminal_batch" rows=8 bytes=147928
DEBUG kasumi_engine::restore_phase: restore phase timing event="restore_phase_ended" phase="snapshot.terminal_batch" phase_id=51 elapsed_ms=425 outcome="succeeded"
DEBUG kasumi_engine::restore_phase: restore phase timing event="restore_phase_started" phase="snapshot.terminal_batch" phase_id=52 elapsed_ms=0 outcome="started"
DEBUG kasumi_engine::restore_phase: restore terminal staging batch event="snapshot_terminal_batch" rows=8 bytes=147928
DEBUG kasumi_engine::restore_phase: restore phase timing event="restore_phase_ended" phase="snapshot.terminal_batch" phase_id=52 elapsed_ms=378 outcome="succeeded"
DEBUG kasumi_engine::restore_phase: restore phase timing event="restore_phase_started" phase="snapshot.terminal_batch" phase_id=53 elapsed_ms=0 outcome="started"
DEBUG kasumi_engine::restore_phase: restore terminal staging batch event="snapshot_terminal_batch" rows=8 bytes=147928
DEBUG kasumi_engine::restore_phase: restore phase timing event="restore_phase_ended" phase="snapshot.terminal_batch" phase_id=53 elapsed_ms=459 outcome="succeeded"
DEBUG kasumi_engine::restore_phase: restore phase timing event="restore_phase_started" phase="snapshot.terminal_batch" phase_id=54 elapsed_ms=0 outcome="started"
DEBUG kasumi_engine::restore_phase: restore terminal staging batch event="snapshot_terminal_batch" rows=8 bytes=147928
DEBUG kasumi_engine::restore_phase: restore phase timing event="restore_phase_ended" phase="snapshot.terminal_batch" phase_id=54 elapsed_ms=535 outcome="succeeded"
DEBUG kasumi_engine::restore_phase: restore phase timing event="restore_phase_started" phase="snapshot.terminal_batch" phase_id=55 elapsed_ms=0 outcome="started"
DEBUG kasumi_engine::restore_phase: restore terminal staging batch event="snapshot_terminal_batch" rows=8 bytes=147928
DEBUG kasumi_engine::restore_phase: restore phase timing event="restore_phase_ended" phase="snapshot.terminal_batch" phase_id=55 elapsed_ms=459 outcome="succeeded"
DEBUG kasumi_engine::restore_phase: restore phase timing event="restore_phase_started" phase="snapshot.terminal_batch" phase_id=56 elapsed_ms=0 outcome="started"
DEBUG kasumi_engine::restore_phase: restore terminal staging batch event="snapshot_terminal_batch" rows=8 bytes=147928
DEBUG kasumi_engine::restore_phase: restore phase timing event="restore_phase_ended" phase="snapshot.terminal_batch" phase_id=56 elapsed_ms=601 outcome="succeeded"
DEBUG kasumi_engine::restore_phase: restore phase timing event="restore_phase_started" phase="snapshot.terminal_batch" phase_id=57 elapsed_ms=0 outcome="started"
DEBUG kasumi_engine::restore_phase: restore terminal staging batch event="snapshot_terminal_batch" rows=8 bytes=147928
DEBUG kasumi_engine::restore_phase: restore phase timing event="restore_phase_ended" phase="snapshot.terminal_batch" phase_id=57 elapsed_ms=572 outcome="succeeded"
DEBUG kasumi_engine::restore_phase: restore phase timing event="restore_phase_started" phase="snapshot.terminal_batch" phase_id=58 elapsed_ms=0 outcome="started"
DEBUG kasumi_engine::restore_phase: restore terminal staging batch event="snapshot_terminal_batch" rows=8 bytes=147928
DEBUG kasumi_engine::restore_phase: restore phase timing event="restore_phase_ended" phase="snapshot.terminal_batch" phase_id=58 elapsed_ms=846 outcome="succeeded"
DEBUG kasumi_engine::restore_phase: restore phase timing event="restore_phase_started" phase="snapshot.terminal_batch" phase_id=59 elapsed_ms=0 outcome="started"
DEBUG kasumi_engine::restore_phase: restore terminal staging batch event="snapshot_terminal_batch" rows=8 bytes=147928
DEBUG kasumi_engine::restore_phase: restore phase timing event="restore_phase_ended" phase="snapshot.terminal_batch" phase_id=59 elapsed_ms=1724 outcome="succeeded"
DEBUG kasumi_engine::restore_phase: restore phase timing event="restore_phase_started" phase="snapshot.terminal_batch" phase_id=60 elapsed_ms=0 outcome="started"
DEBUG kasumi_engine::restore_phase: restore terminal staging batch event="snapshot_terminal_batch" rows=8 bytes=147928
DEBUG kasumi_engine::restore_phase: restore phase timing event="restore_phase_ended" phase="snapshot.terminal_batch" phase_id=60 elapsed_ms=828 outcome="succeeded"
DEBUG kasumi_engine::restore_phase: restore phase timing event="restore_phase_started" phase="snapshot.terminal_batch" phase_id=61 elapsed_ms=0 outcome="started"
DEBUG kasumi_engine::restore_phase: restore terminal staging batch event="snapshot_terminal_batch" rows=8 bytes=147928
DEBUG kasumi_engine::restore_phase: restore phase timing event="restore_phase_ended" phase="snapshot.terminal_batch" phase_id=61 elapsed_ms=584 outcome="succeeded"
DEBUG kasumi_engine::restore_phase: restore phase timing event="restore_phase_started" phase="snapshot.terminal_batch" phase_id=62 elapsed_ms=0 outcome="started"
DEBUG kasumi_engine::restore_phase: restore terminal staging batch event="snapshot_terminal_batch" rows=8 bytes=147928
DEBUG kasumi_engine::restore_phase: restore phase timing event="restore_phase_ended" phase="snapshot.terminal_batch" phase_id=62 elapsed_ms=615 outcome="succeeded"
DEBUG kasumi_engine::restore_phase: restore phase timing event="restore_phase_started" phase="snapshot.terminal_batch" phase_id=63 elapsed_ms=0 outcome="started"
DEBUG kasumi_engine::restore_phase: restore terminal staging batch event="snapshot_terminal_batch" rows=8 bytes=147928
DEBUG kasumi_engine::restore_phase: restore phase timing event="restore_phase_ended" phase="snapshot.terminal_batch" phase_id=63 elapsed_ms=592 outcome="succeeded"
DEBUG kasumi_engine::restore_phase: restore phase timing event="restore_phase_started" phase="snapshot.terminal_batch" phase_id=64 elapsed_ms=0 outcome="started"
DEBUG kasumi_engine::restore_phase: restore terminal staging batch event="snapshot_terminal_batch" rows=8 bytes=147928
DEBUG kasumi_engine::restore_phase: restore phase timing event="restore_phase_ended" phase="snapshot.terminal_batch" phase_id=64 elapsed_ms=734 outcome="succeeded"
DEBUG kasumi_engine::restore_phase: restore phase timing event="restore_phase_started" phase="snapshot.terminal_batch" phase_id=65 elapsed_ms=0 outcome="started"
DEBUG kasumi_engine::restore_phase: restore terminal staging batch event="snapshot_terminal_batch" rows=8 bytes=147928
DEBUG kasumi_engine::restore_phase: restore phase timing event="restore_phase_ended" phase="snapshot.terminal_batch" phase_id=65 elapsed_ms=691 outcome="succeeded"
DEBUG kasumi_engine::restore_phase: restore phase timing event="restore_phase_started" phase="public_restore.wait" phase_id=66 elapsed_ms=0 remaining_ms=59999 outcome="started"
DEBUG kasumi_engine::restore_phase: restore phase timing event="restore_phase_started" phase="public_restore.framing" phase_id=67 elapsed_ms=0 remaining_ms=59999 outcome="started"
DEBUG kasumi_engine::restore_phase: restore phase timing event="restore_phase_ended" phase="public_restore.framing" phase_id=67 elapsed_ms=937 remaining_ms=59062 outcome="succeeded"
DEBUG kasumi_engine::restore_phase: restore phase timing event="restore_phase_started" phase="public_restore.decode" phase_id=68 elapsed_ms=0 remaining_ms=59062 outcome="started"
DEBUG kasumi_engine::restore_phase: restore phase timing event="restore_phase_started" phase="snapshot.terminal_setup" phase_id=69 elapsed_ms=0 outcome="started"
DEBUG kasumi_engine::restore_phase: restore phase timing event="restore_phase_ended" phase="snapshot.terminal_setup" phase_id=69 elapsed_ms=255 outcome="succeeded"
DEBUG kasumi_engine::restore_phase: restore phase timing event="restore_phase_started" phase="snapshot.terminal_batch" phase_id=70 elapsed_ms=0 outcome="started"
DEBUG kasumi_engine::restore_phase: restore terminal staging batch event="snapshot_terminal_batch" rows=8 bytes=147864
DEBUG kasumi_engine::restore_phase: restore phase timing event="restore_phase_ended" phase="snapshot.terminal_batch" phase_id=70 elapsed_ms=290 outcome="succeeded"
DEBUG kasumi_engine::restore_phase: restore phase timing event="restore_phase_started" phase="snapshot.terminal_batch" phase_id=71 elapsed_ms=0 outcome="started"
DEBUG kasumi_engine::restore_phase: restore terminal staging batch event="snapshot_terminal_batch" rows=8 bytes=147892
DEBUG kasumi_engine::restore_phase: restore phase timing event="restore_phase_ended" phase="snapshot.terminal_batch" phase_id=71 elapsed_ms=484 outcome="succeeded"
DEBUG kasumi_engine::restore_phase: restore phase timing event="restore_phase_started" phase="snapshot.terminal_batch" phase_id=72 elapsed_ms=0 outcome="started"
DEBUG kasumi_engine::restore_phase: restore terminal staging batch event="snapshot_terminal_batch" rows=8 bytes=147896
test state::snapshot_bundle::tests::public_restore_admits_resident_state_without_charging_permanent_stream_as_ram has been running for over 60 seconds
DEBUG kasumi_engine::restore_phase: restore phase timing event="restore_phase_ended" phase="snapshot.terminal_batch" phase_id=72 elapsed_ms=533 outcome="succeeded"
DEBUG kasumi_engine::restore_phase: restore phase timing event="restore_phase_started" phase="snapshot.terminal_batch" phase_id=73 elapsed_ms=0 outcome="started"
DEBUG kasumi_engine::restore_phase: restore terminal staging batch event="snapshot_terminal_batch" rows=8 bytes=147896
DEBUG kasumi_engine::restore_phase: restore phase timing event="restore_phase_ended" phase="snapshot.terminal_batch" phase_id=73 elapsed_ms=509 outcome="succeeded"
DEBUG kasumi_engine::restore_phase: restore phase timing event="restore_phase_started" phase="snapshot.terminal_batch" phase_id=74 elapsed_ms=0 outcome="started"
DEBUG kasumi_engine::restore_phase: restore terminal staging batch event="snapshot_terminal_batch" rows=8 bytes=147896
DEBUG kasumi_engine::restore_phase: restore phase timing event="restore_phase_ended" phase="snapshot.terminal_batch" phase_id=74 elapsed_ms=655 outcome="succeeded"
DEBUG kasumi_engine::restore_phase: restore phase timing event="restore_phase_started" phase="snapshot.terminal_batch" phase_id=75 elapsed_ms=0 outcome="started"
DEBUG kasumi_engine::restore_phase: restore terminal staging batch event="snapshot_terminal_batch" rows=8 bytes=147896
DEBUG kasumi_engine::restore_phase: restore phase timing event="restore_phase_ended" phase="snapshot.terminal_batch" phase_id=75 elapsed_ms=606 outcome="succeeded"
DEBUG kasumi_engine::restore_phase: restore phase timing event="restore_phase_started" phase="snapshot.terminal_batch" phase_id=76 elapsed_ms=0 outcome="started"
DEBUG kasumi_engine::restore_phase: restore terminal staging batch event="snapshot_terminal_batch" rows=8 bytes=147896
DEBUG kasumi_engine::restore_phase: restore phase timing event="restore_phase_ended" phase="snapshot.terminal_batch" phase_id=76 elapsed_ms=506 outcome="succeeded"
DEBUG kasumi_engine::restore_phase: restore phase timing event="restore_phase_started" phase="snapshot.terminal_batch" phase_id=77 elapsed_ms=0 outcome="started"
DEBUG kasumi_engine::restore_phase: restore terminal staging batch event="snapshot_terminal_batch" rows=8 bytes=147896
DEBUG kasumi_engine::restore_phase: restore phase timing event="restore_phase_ended" phase="snapshot.terminal_batch" phase_id=77 elapsed_ms=535 outcome="succeeded"
DEBUG kasumi_engine::restore_phase: restore phase timing event="restore_phase_started" phase="snapshot.terminal_batch" phase_id=78 elapsed_ms=0 outcome="started"
DEBUG kasumi_engine::restore_phase: restore terminal staging batch event="snapshot_terminal_batch" rows=8 bytes=147896
DEBUG kasumi_engine::restore_phase: restore phase timing event="restore_phase_ended" phase="snapshot.terminal_batch" phase_id=78 elapsed_ms=592 outcome="succeeded"
DEBUG kasumi_engine::restore_phase: restore phase timing event="restore_phase_started" phase="snapshot.terminal_batch" phase_id=79 elapsed_ms=0 outcome="started"
DEBUG kasumi_engine::restore_phase: restore terminal staging batch event="snapshot_terminal_batch" rows=8 bytes=147896
DEBUG kasumi_engine::restore_phase: restore phase timing event="restore_phase_ended" phase="snapshot.terminal_batch" phase_id=79 elapsed_ms=390 outcome="succeeded"
DEBUG kasumi_engine::restore_phase: restore phase timing event="restore_phase_started" phase="snapshot.terminal_batch" phase_id=80 elapsed_ms=0 outcome="started"
DEBUG kasumi_engine::restore_phase: restore terminal staging batch event="snapshot_terminal_batch" rows=8 bytes=147896
DEBUG kasumi_engine::restore_phase: restore phase timing event="restore_phase_ended" phase="snapshot.terminal_batch" phase_id=80 elapsed_ms=101 outcome="succeeded"
DEBUG kasumi_engine::restore_phase: restore phase timing event="restore_phase_started" phase="snapshot.terminal_batch" phase_id=81 elapsed_ms=0 outcome="started"
DEBUG kasumi_engine::restore_phase: restore terminal staging batch event="snapshot_terminal_batch" rows=8 bytes=147896
DEBUG kasumi_engine::restore_phase: restore phase timing event="restore_phase_ended" phase="snapshot.terminal_batch" phase_id=81 elapsed_ms=1208 outcome="succeeded"
DEBUG kasumi_engine::restore_phase: restore phase timing event="restore_phase_started" phase="snapshot.terminal_batch" phase_id=82 elapsed_ms=0 outcome="started"
DEBUG kasumi_engine::restore_phase: restore terminal staging batch event="snapshot_terminal_batch" rows=8 bytes=147916
DEBUG kasumi_engine::restore_phase: restore phase timing event="restore_phase_ended" phase="snapshot.terminal_batch" phase_id=82 elapsed_ms=1055 outcome="succeeded"
DEBUG kasumi_engine::restore_phase: restore phase timing event="restore_phase_started" phase="snapshot.terminal_batch" phase_id=83 elapsed_ms=0 outcome="started"
DEBUG kasumi_engine::restore_phase: restore terminal staging batch event="snapshot_terminal_batch" rows=8 bytes=147928
DEBUG kasumi_engine::restore_phase: restore phase timing event="restore_phase_ended" phase="snapshot.terminal_batch" phase_id=83 elapsed_ms=1312 outcome="succeeded"
DEBUG kasumi_engine::restore_phase: restore phase timing event="restore_phase_started" phase="snapshot.terminal_batch" phase_id=84 elapsed_ms=0 outcome="started"
DEBUG kasumi_engine::restore_phase: restore terminal staging batch event="snapshot_terminal_batch" rows=8 bytes=147928
DEBUG kasumi_engine::restore_phase: restore phase timing event="restore_phase_ended" phase="snapshot.terminal_batch" phase_id=84 elapsed_ms=1501 outcome="succeeded"
DEBUG kasumi_engine::restore_phase: restore phase timing event="restore_phase_started" phase="snapshot.terminal_batch" phase_id=85 elapsed_ms=0 outcome="started"
DEBUG kasumi_engine::restore_phase: restore terminal staging batch event="snapshot_terminal_batch" rows=8 bytes=147928
DEBUG kasumi_engine::restore_phase: restore phase timing event="restore_phase_ended" phase="snapshot.terminal_batch" phase_id=85 elapsed_ms=1838 outcome="succeeded"
DEBUG kasumi_engine::restore_phase: restore phase timing event="restore_phase_started" phase="snapshot.terminal_batch" phase_id=86 elapsed_ms=0 outcome="started"
DEBUG kasumi_engine::restore_phase: restore terminal staging batch event="snapshot_terminal_batch" rows=8 bytes=147928
DEBUG kasumi_engine::restore_phase: restore phase timing event="restore_phase_ended" phase="snapshot.terminal_batch" phase_id=86 elapsed_ms=1838 outcome="succeeded"
DEBUG kasumi_engine::restore_phase: restore phase timing event="restore_phase_ended" phase="public_restore.wait" phase_id=66 elapsed_ms=60002 remaining_ms=0 outcome="unfinished"

thread 'state::snapshot_bundle::tests::public_restore_admits_resident_state_without_charging_permanent_stream_as_ram' (22479245) panicked at crates/kasumi-engine/src/snapshot_bundle.rs:1179:14:
called `Result::unwrap()` on an `Err` value: Error { code: Corruption, message: "backup verification deadline expired" }
note: run with `RUST_BACKTRACE=1` environment variable to display a backtrace
DEBUG kasumi_engine::restore_phase: restore phase timing event="restore_phase_ended" phase="public_restore.decode" phase_id=68 elapsed_ms=60974 remaining_ms=0 outcome="unfinished"
test state::snapshot_bundle::tests::public_restore_admits_resident_state_without_charging_permanent_stream_as_ram ... FAILED

failures:

failures:
    state::snapshot_bundle::tests::public_restore_admits_resident_state_without_charging_permanent_stream_as_ram

test result: FAILED. 0 passed; 1 failed; 0 ignored; 0 measured; 627 filtered out; finished in 116.97s

error: test failed, to rerun pass `-p kasumi-engine --lib`
     Running unittests src/lib.rs (target/disk-backed-cache/debug/deps/kasumi_kv-221aa5373d25965b)

running 0 tests

test result: ok. 0 passed; 0 failed; 0 ignored; 0 measured; 548 filtered out; finished in 0.00s

     Running unittests src/lib.rs (target/disk-backed-cache/debug/deps/kasumi_raft-8af78bc0d2a8574c)

running 0 tests

test result: ok. 0 passed; 0 failed; 0 ignored; 0 measured; 170 filtered out; finished in 0.00s

     Running unittests src/lib.rs (target/disk-backed-cache/debug/deps/kasumi_store-4ef75ebdc018c368)

running 0 tests

test result: ok. 0 passed; 0 failed; 0 ignored; 0 measured; 708 filtered out; finished in 0.00s

error: 1 target failed:
    `-p kasumi-engine --lib`
Runner: 117.80s; exit=101; matching=1528/1528
