Command: cargo test -p kasumi-engine --all-features --lib --locked --offline --config profile.test.package.kasumi-kv.opt-level=3 --config profile.test.package.sha2.opt-level=3 -- --test-threads=1 application_sources::tests:: primary_stage_
CARGO_TARGET_DIR=target/disk-backed-cache
   Compiling kasumi-store v0.1.0 (/Users/takemiyamakoto/dev/kasumi/crates/kasumi-store)
   Compiling kasumi-raft v0.1.0 (/Users/takemiyamakoto/dev/kasumi/crates/kasumi-raft)
   Compiling kasumi-engine v0.1.0 (/Users/takemiyamakoto/dev/kasumi/crates/kasumi-engine)
warning: variant `Mutation` is never constructed
  --> crates/kasumi-engine/src/security_audit_jobs.rs:26:5
   |
24 | enum JobEffect {
   |      --------- variant in this enum
25 |     Read,
26 |     Mutation(&'static str),
   |     ^^^^^^^^
   |
   = note: `JobEffect` has a derived impl for the trait `Clone`, but this is intentionally ignored during dead code analysis
   = note: `#[warn(dead_code)]` (part of `#[warn(unused)]`) on by default

warning: struct `ReadPause` is never constructed
  --> crates/kasumi-engine/src/security_audit_jobs.rs:57:19
   |
57 | pub(super) struct ReadPause {
   |                   ^^^^^^^^^

warning: method `run_mutation` is never used
   --> crates/kasumi-engine/src/security_audit_jobs.rs:120:25
    |
 62 | impl SecurityAudit {
    | ------------------ method in this implementation
...
120 |     pub(super) async fn run_mutation<T, F, R>(&self, component: &'static str, run: R) -> Result<T>
    |                         ^^^^^^^^^^^^

warning: `kasumi-engine` (lib) generated 3 warnings
error[E0596]: cannot borrow `covered` as mutable, as it is not declared as mutable
    --> crates/kasumi-engine/src/application_sources_tests.rs:1169:5
     |
1169 |     covered.capture_position(ApplicationBoundaryRef::Bootstrap(&fixture.image));
     |     ^^^^^^^ cannot borrow as mutable
     |
help: consider changing this to be mutable
     |
1168 |     let mut covered = fixture.roots.prepare()?;
     |         +++

error[E0596]: cannot borrow `exact` as mutable, as it is not declared as mutable
    --> crates/kasumi-engine/src/application_sources_tests.rs:1188:5
     |
1188 |     exact.capture_position(ApplicationBoundaryRef::Entry(&position));
     |     ^^^^^ cannot borrow as mutable
     |
help: consider changing this to be mutable
     |
1187 |     let mut exact = fixture.roots.prepare()?;
     |         +++

For more information about this error, try `rustc --explain E0596`.
error: could not compile `kasumi-engine` (lib test) due to 2 previous errors
Runner: 133.07s; exit=101; matching=771/771
