Command: cargo test -p kasumi-engine --all-features --lib --locked --offline --config profile.test.package.kasumi-kv.opt-level=3 --config profile.test.package.sha2.opt-level=3 -- --test-threads=1 application_sources::tests:: primary_stage_
CARGO_TARGET_DIR=target/disk-backed-cache
warning: variant `Mutation` is never constructed
  --> crates/kasumi-engine/src/security_audit_jobs.rs:26:5
   |
24 | enum JobEffect {
   |      --------- variant in this enum
25 |     Read,
26 |     Mutation(&'static str),
   |     ^^^^^^^^
   |
   = note: `JobEffect` has a derived impl for the trait `Clone`, but this is intentionally ignored during dead code analysis
   = note: `#[warn(dead_code)]` (part of `#[warn(unused)]`) on by default

warning: struct `ReadPause` is never constructed
  --> crates/kasumi-engine/src/security_audit_jobs.rs:57:19
   |
57 | pub(super) struct ReadPause {
   |                   ^^^^^^^^^

warning: method `run_mutation` is never used
   --> crates/kasumi-engine/src/security_audit_jobs.rs:120:25
    |
 62 | impl SecurityAudit {
    | ------------------ method in this implementation
...
120 |     pub(super) async fn run_mutation<T, F, R>(&self, component: &'static str, run: R) -> Result<T>
    |                         ^^^^^^^^^^^^

warning: `kasumi-engine` (lib) generated 3 warnings
   Compiling kasumi-engine v0.1.0 (/Users/takemiyamakoto/dev/kasumi/crates/kasumi-engine)
warning: field `panic` is never read
  --> crates/kasumi-engine/src/security_audit_jobs.rs:52:9
   |
48 | pub(super) struct RecordFault {
   |                   ----------- field in this struct
...
52 |     pub panic: bool,
   |         ^^^^^

warning: `kasumi-engine` (lib test) generated 4 warnings (3 duplicates)
    Finished `test` profile [unoptimized + debuginfo] target(s) in 1m 47s
     Running unittests src/lib.rs (target/disk-backed-cache/debug/deps/kasumi_engine-b15d1192089511a8)

running 31 tests
test application_sources::tests::allocation_tails::source_binding_box_retires_before_its_real_root_credit ... ok
test application_sources::tests::allocation_tails::source_cell_concurrent_strong_and_weak_drops_hold_the_actual_credit_tail ... ok
test application_sources::tests::allocation_tails::source_failure_actual_error_aliases_hold_credit_through_owner_deallocation ... ok
test application_sources::tests::allocation_tails::source_root_and_credit_arcs_remain_funded_through_actual_deallocation ... ok
test application_sources::tests::allocation_tails::source_root_weak_retains_shell_credit_after_payload_is_gone ... ok
test application_sources::tests::allocation_tails::source_view_unique_close_holds_cell_credit_while_arc_backing_retires ... ok
test application_sources::tests::allocation_tails::source_view_weak_retains_credit_after_unique_native_close ... ok
test application_sources::tests::primary_stage_tests::primary_stage_archive_and_definition_keep_exact_dto_and_kind_identity ... ok
test application_sources::tests::primary_stage_tests::primary_stage_large_encrypted_object_and_old_selected_pin_survive_current_abort ... ok
test application_sources::tests::primary_stage_tests::primary_stage_native_bound_failure_keeps_original_diagnostic_through_positive_close ... ok
test application_sources::tests::primary_stage_tests::primary_stage_nonselection_readers_and_denied_begin_do_not_publish_or_write ... ok
test application_sources::tests::primary_stage_tests::primary_stage_partial_attempt_resumes_after_actual_encrypted_reopen ... ok
test application_sources::tests::primary_stage_tests::primary_stage_partial_high_water_and_abort_resume_are_atomic ... ok
test application_sources::tests::primary_stage_tests::primary_stage_rejects_payload_corruption_before_lending_and_keeps_old_pin_exact ... ok
test application_sources::tests::selected_sources_actual_snapshot_install_and_encrypted_reopen_preserve_identity ... ok
test application_sources::tests::selected_sources_alias_refusal_preserves_later_actual_native_close_failure ... ok
test application_sources::tests::selected_sources_canonical_failure_closes_parent_preserves_original_and_issue ... ok
test application_sources::tests::selected_sources_capture_finalization_settles_handle_before_retirement ... ok
test application_sources::tests::selected_sources_covered_capture_cannot_settle_after_serving_handoff ... ok
test application_sources::tests::selected_sources_failed_consuming_close_never_becomes_success_from_none ... ok
test application_sources::tests::selected_sources_fork_keeps_exact_old_native_generation_after_parent_retirement ... ok
test application_sources::tests::selected_sources_fork_seal_closes_registered_child_before_releasing_permit ... ok
test application_sources::tests::selected_sources_last_selected_handle_closes_during_ordinary_operation ... ok
test application_sources::tests::selected_sources_maintenance_publication_requires_actual_scope_for_owner_and_growth ... ok
test application_sources::tests::selected_sources_missing_prospective_callback_never_publishes_generation ... ok
test application_sources::tests::selected_sources_prospective_denial_preserves_cursor_generation_and_original_then_retries ... ok
test application_sources::tests::selected_sources_real_local_startup_publishes_entry_and_drains_surviving_generation ... ok
test application_sources::tests::selected_sources_repeated_prospective_callback_is_sticky_and_cancels_queued_reader ... ok
test application_sources::tests::selected_sources_routine_bounded_read_error_retires_with_original_report_alive ... ok
test application_sources::tests::selected_sources_shutdown_closes_native_parent_with_metadata_alias_alive ... ok
test application_sources::tests::selected_sources_unknown_capture_panic_without_view_never_drains_as_clean ... ok

test result: ok. 31 passed; 0 failed; 0 ignored; 0 measured; 456 filtered out; finished in 97.95s

Runner: 206.02s; exit=0; matching=771/771
