Command: cargo test -p kasumi-raft --all-features --lib --locked --offline --config profile.test.package.kasumi-kv.opt-level=3 --config profile.test.package.sha2.opt-level=3 -- --test-threads=1 prospective_ producer_wire_shape_
CARGO_TARGET_DIR=target/disk-backed-cache
   Compiling kasumi-store v0.1.0 (/Users/takemiyamakoto/dev/kasumi/crates/kasumi-store)
   Compiling kasumi-raft v0.1.0 (/Users/takemiyamakoto/dev/kasumi/crates/kasumi-raft)
    Finished `test` profile [unoptimized + debuginfo] target(s) in 28.78s
     Running unittests src/lib.rs (target/disk-backed-cache/debug/deps/kasumi_raft-322a2bc95e307dbb)

running 5 tests
test selected_application::plan_tests::producer_wire_shape_overquotes_actual_decoder_for_escaped_unicode_and_nested_metadata ... FAILED
test selected_application::plan_tests::prospective_callback_prepares_before_real_producer_publication_and_keeps_original_refusal ... ok
test selected_application::plan_tests::prospective_covered_replay_quotes_actual_newer_cursor ... ok
test selected_application::plan_tests::prospective_covered_snapshot_uses_actual_five_record_proof ... ok
test selected_application::plan_tests::prospective_plan_rejects_later_actual_record_and_foreign_domain_pair ... ok

failures:

---- selected_application::plan_tests::producer_wire_shape_overquotes_actual_decoder_for_escaped_unicode_and_nested_metadata stdout ----
Error: invalid type: byte array, expected a bounded canonical metadata record at line 1 column 26


failures:
    selected_application::plan_tests::producer_wire_shape_overquotes_actual_decoder_for_escaped_unicode_and_nested_metadata

test result: FAILED. 4 passed; 1 failed; 0 ignored; 0 measured; 139 filtered out; finished in 6.58s

error: test failed, to rerun pass `-p kasumi-raft --lib`
Runner: 35.44s; exit=101; matching=771/771
