Command: cargo test -p kasumi-engine --all-features --lib --locked --offline --config profile.test.package.kasumi-kv.opt-level=3 --config profile.test.package.sha2.opt-level=3 -- --test-threads=1 admitted_full_backup_cancelled_caller_retains_exact_state_stream_producer_until_release
CARGO_TARGET_DIR=target/disk-backed-cache
warning: variant `Mutation` is never constructed
  --> crates/kasumi-engine/src/security_audit_jobs.rs:26:5
   |
24 | enum JobEffect {
   |      --------- variant in this enum
25 |     Read,
26 |     Mutation(&'static str),
   |     ^^^^^^^^
   |
   = note: `JobEffect` has a derived impl for the trait `Clone`, but this is intentionally ignored during dead code analysis
   = note: `#[warn(dead_code)]` (part of `#[warn(unused)]`) on by default

warning: struct `ReadPause` is never constructed
  --> crates/kasumi-engine/src/security_audit_jobs.rs:57:19
   |
57 | pub(super) struct ReadPause {
   |                   ^^^^^^^^^

warning: method `run_mutation` is never used
   --> crates/kasumi-engine/src/security_audit_jobs.rs:120:25
    |
 62 | impl SecurityAudit {
    | ------------------ method in this implementation
...
120 |     pub(super) async fn run_mutation<T, F, R>(&self, component: &'static str, run: R) -> Result<T>
    |                         ^^^^^^^^^^^^

warning: `kasumi-engine` (lib) generated 3 warnings
warning: field `panic` is never read
  --> crates/kasumi-engine/src/security_audit_jobs.rs:52:9
   |
48 | pub(super) struct RecordFault {
   |                   ----------- field in this struct
...
52 |     pub panic: bool,
   |         ^^^^^

warning: `kasumi-engine` (lib test) generated 4 warnings (3 duplicates)
    Finished `test` profile [unoptimized + debuginfo] target(s) in 0.75s
     Running unittests src/lib.rs (target/disk-backed-cache/debug/deps/kasumi_engine-b15d1192089511a8)

running 1 test
test service::database_worker_outcome_tests::admitted_full_backup_cancelled_caller_retains_exact_state_stream_producer_until_release ... FAILED

failures:

---- service::database_worker_outcome_tests::admitted_full_backup_cancelled_caller_retains_exact_state_stream_producer_until_release stdout ----
backup publication original failure before proof release: Error { code: UnknownOutcome, message: "write task failed; resolve or retry with the same idempotency key" }; raft metrics: Ref { inner: RwLockReadGuard(PhantomData<std::sync::poison::rwlock::RwLockReadGuard<'_, openraft::metrics::raft_metrics::RaftMetrics<u64, openraft::node::BasicNode>>>, RaftMetrics { running_state: Err(StorageError(IO { source: StorageIOError { subject: Store, verb: Write, source: std::io::error::Error: Raft apply failed; original failure retained, backtrace: None } })), id: 1, current_term: 1, vote: Vote { leader_id: LeaderId { term: 1, node_id: 1 }, committed: true }, last_log_index: Some(2), last_applied: Some(LogId { leader_id: LeaderId { term: 1, node_id: 1 }, index: 1 }), snapshot: None, purged: None, state: Shutdown, current_leader: Some(1), millis_since_quorum_ack: Some(0), membership_config: StoredMembership { log_id: Some(LogId { leader_id: LeaderId { term: 0, node_id: 0 }, index: 0 }), membership: Membership { configs: [{1}], nodes: {1: BasicNode { addr: "local" }} } }, replication: None }), has_changed: true }
Error: backup caller completed before the actual state-stream producer entered: Ok(Err(Error { code: UnknownOutcome, message: "backup publication was admitted but complete proof release failed; immutable artifacts may exist and no verified proof was released" })); retained original apply failure: Some("application publication and backend both failed; publication: ResourceExhausted: document source retention budget exhausted; backend: application publication failed; publisher retains its error: ResourceExhausted: document source retention budget exhausted")


failures:
    service::database_worker_outcome_tests::admitted_full_backup_cancelled_caller_retains_exact_state_stream_producer_until_release

test result: FAILED. 0 passed; 1 failed; 0 ignored; 0 measured; 486 filtered out; finished in 6.36s

error: test failed, to rerun pass `-p kasumi-engine --lib`
Runner: 7.19s; exit=101; matching=771/771
