    Checking smallvec v1.16.0
    Checking pin-project-lite v0.2.17
    Checking bytes v1.12.1
    Checking stable_deref_trait v1.2.1
    Checking scopeguard v1.2.0
    Checking futures-core v0.3.34
    Checking itoa v1.0.18
    Checking once_cell v1.21.4
    Checking subtle v2.6.1
    Checking equivalent v1.0.2
    Checking percent-encoding v2.3.2
    Checking writeable v0.6.4
    Checking getrandom v0.2.17
    Checking errno v0.3.14
    Checking zerofrom v0.1.8
    Checking socket2 v0.6.5
    Checking mio v1.2.3
    Checking rand_core v0.6.4
    Checking litemap v0.8.3
    Checking lock_api v0.4.14
    Checking memchr v2.8.3
    Checking zeroize v1.9.0
    Checking yoke v0.8.3
    Checking slab v0.4.12
    Checking signal-hook-registry v1.4.8
    Checking hashbrown v0.17.1
    Checking futures-sink v0.3.34
    Checking tracing-core v0.1.36
    Checking parking_lot_core v0.9.12
    Checking utf8_iter v1.0.4
   Compiling serde_core v1.0.229
    Checking http v1.5.0
    Checking icu_properties_data v2.3.0
    Checking crypto-common v0.1.7
    Checking icu_normalizer_data v2.3.0
    Checking futures-task v0.3.34
    Checking try-lock v0.2.5
    Checking tower-service v0.3.3
    Checking untrusted v0.9.0
    Checking zerovec v0.11.8
    Checking zerotrie v0.2.5
    Checking tracing v0.1.44
    Checking parking_lot v0.12.5
    Checking fnv v1.0.7
    Checking atomic-waker v1.1.2
    Checking indexmap v2.14.1
    Checking futures-util v0.3.34
    Checking thiserror v2.0.20
    Checking num-traits v0.2.19
    Checking httparse v1.10.1
    Checking ring v0.17.14
    Checking rustls-pki-types v1.15.1
    Checking form_urlencoded v1.2.2
    Checking want v0.3.1
    Checking http-body v1.1.0
    Checking tokio v1.53.1
    Checking futures-channel v0.3.34
    Checking minimal-lexical v0.2.1
    Checking httpdate v1.0.3
   Compiling num-conv v0.2.2
   Compiling time-core v0.1.9
    Checking digest v0.10.7
    Checking powerfmt v0.2.0
    Checking base64 v0.22.1
    Checking nom v7.1.3
    Checking deranged v0.5.8
    Checking ipnet v2.12.1
    Checking tinystr v0.8.4
    Checking potential_utf v0.1.6
   Compiling time-macros v0.2.32
    Checking sync_wrapper v1.0.2
    Checking bytemuck v1.25.2
   Compiling serde_json v1.0.151 (/Users/takemiyamakoto/dev/kasumi/vendor/serde_json-1.0.151)
    Checking tower-layer v0.3.3
    Checking sha2 v0.10.9
    Checking icu_collections v2.3.0
    Checking icu_locale_core v2.3.0
    Checking zmij v1.0.23
    Checking anyhow v1.0.104
    Checking getrandom v0.4.3
    Checking num-integer v0.1.47
    Checking rustls-webpki v0.103.15
    Checking safe_arch v0.7.4
    Checking bitmaps v3.2.1 (/Users/takemiyamakoto/dev/kasumi/vendor/bitmaps-3.2.1)
    Checking bitflags v2.13.1
    Checking serde v1.0.229
    Checking rand_core v0.9.5
    Checking http-body-util v0.1.5
    Checking inout v0.1.4
    Checking archery v1.2.3
    Checking num-bigint v0.4.8
    Checking wide v0.7.33
    Checking pin-project v1.1.13
    Checking uuid v1.26.0
    Checking rusticata-macros v4.1.0
    Checking time v0.3.55
    Checking rustls v0.23.43
    Checking icu_provider v2.3.1
    Checking cipher v0.4.4
    Checking kasumi-clock v0.1.0 (/Users/takemiyamakoto/dev/kasumi/crates/kasumi-clock)
    Checking webpki-roots v1.0.9
    Checking rand_xoshiro v0.7.0
    Checking universal-hash v0.5.1
    Checking opaque-debug v0.3.1
    Checking data-encoding v2.11.1
    Checking imbl-sized-chunks v0.1.3
    Checking ryu v1.0.23
    Checking lazy_static v1.5.0
    Checking rustix v1.1.4
    Checking chacha20 v0.9.1
    Checking icu_normalizer v2.3.0
    Checking icu_properties v2.3.0
    Checking aead v0.5.2
    Checking poly1305 v0.8.0
    Checking fastrand v2.5.0
    Checking hex v0.4.3
    Checking log v0.4.34
    Checking getrandom v0.3.4
    Checking kasumi-kv v0.1.0 (/Users/takemiyamakoto/dev/kasumi/crates/kasumi-kv)
    Checking serde_urlencoded v0.7.1
    Checking hmac v0.12.1
    Checking chacha20poly1305 v0.10.1
    Checking quick-xml v0.42.0
    Checking imbl v7.0.1
    Checking idna_adapter v1.2.2
    Checking tempfile v3.27.0
    Checking idna v1.1.0
    Checking asn1-rs v0.7.2
    Checking url v2.5.8
    Checking tokio-util v0.7.19
    Checking tokio-stream v0.1.19
    Checking tokio-rustls v0.26.5
    Checking kasumi-types v0.1.0 (/Users/takemiyamakoto/dev/kasumi/crates/kasumi-types)
    Checking h2 v0.4.19
    Checking tower v0.5.3
    Checking oid-registry v0.8.1
    Checking der-parser v10.0.0
    Checking x509-parser v0.18.1
    Checking tower-http v0.6.11
    Checking hyper v1.11.1
    Checking hyper-util v0.1.20
    Checking hyper-timeout v0.5.2
    Checking hyper-rustls v0.27.9
    Checking tonic v0.14.6
    Checking reqwest v0.12.28
    Checking kasumi-transport v0.1.0 (/Users/takemiyamakoto/dev/kasumi/crates/kasumi-transport)
    Checking kasumi-serving v0.1.0 (/Users/takemiyamakoto/dev/kasumi/crates/kasumi-serving)
    Checking kasumi-store v0.1.0 (/Users/takemiyamakoto/dev/kasumi/crates/kasumi-store)
error[E0624]: method `close_with` is private
   --> crates/kasumi-store/src/scratch_group.rs:113:38
    |
113 |               let outcome = root.spool.close_with(root_sync);
    |                                        ^^^^^^^^^^ private method
    |
   ::: crates/kasumi-store/src/retained_spool.rs:85:5
    |
 85 | /     pub(super) fn close_with(
 86 | |         &mut self,
 87 | |         sync: impl FnOnce(&mut EncryptedSpool) -> io::Result<()>,
 88 | |     ) -> BackendCloseOutcome {
    | |____________________________- private method defined here

For more information about this error, try `rustc --explain E0624`.
error: could not compile `kasumi-store` (lib) due to 1 previous error
