   Compiling kasumi-store v0.1.0 (/Users/takemiyamakoto/dev/kasumi/crates/kasumi-store)
    Finished `test` profile [unoptimized + debuginfo] target(s) in 13.99s
     Running unittests src/lib.rs (target/disk-backed-cache/debug/deps/kasumi_store-9e76b1ecb60de376)

running 47 tests
test node_file::segment_group::tests::crash_child ... ignored, subprocess helper; invoked with an owned temporary path
test node_file::segment_group::tests::names_have_exactly_the_kv_group_spelling ... ok
test node_file::segment_group::directory_arena_tests::directory_names_are_canonical_and_kind_bound ... ok
test node_file::segment_group::tests::direct_group_witness_retains_fixed_backing_until_final_identity_drop ... ok
test node_file::segment_group::tests::ready_publication_rewrites_only_the_first_sector ... ok
test node_file::segment_group::tests::journal_owned_empty_root_is_initialized_only_when_exact ... ok
test node_file::segment_group::tests::foreign_runtime_entry_fences_the_listing ... ok
test node_file::segment_group::tests::failed_descriptor_close_keeps_the_exact_owner_and_blocks_the_census ... ok
test node_file::segment_group::tests::native_entry_visitor_does_not_replay_callbacks_after_a_namespace_race ... ok
test node_file::segment_group::tests::offsets_follow_the_envelope_and_enforce_the_group_contract ... ok
test node_file::segment_group::tests::admitted_growth_pins_the_newest_segment_and_capacity_denial_has_no_effect ... ok
test node_file::tests::acknowledged_known_drained_file_waits_for_accepted_census_without_reopening ... ok
test node_file::tests::backend_close_reports_native_error_and_keeps_exact_file_and_original_outcome ... ok
test node_file::tests::backend_close_preserves_busy_owner_then_retires_before_positive_idempotent_close ... ok
test node_file::segment_group::tests::created_group_reopens_only_after_verifying_every_envelope ... ok
test node_file::tests::canonical_header_rejects_nil_identity_without_creating_a_file ... ok
test node_file::tests::crash_child ... ignored, subprocess helper; invoked with an owned temporary path
test node_file::tests::closed_prepared_node_file_cannot_acquire_a_new_descriptor ... ok
test node_file::segment_group::tests::failed_parent_sync_and_unconfirmed_unlink_fence_and_keep_every_charge ... ok
test node_file::segment_group::tests::interrupted_create_reopens_as_an_empty_file_finished_by_the_next_mutation ... ok
test node_file::tests::offset_io_preserves_header_and_retained_backend_cannot_outlive_close ... ok
test node_file::tests::failed_file_report_blocks_transfer_and_foreign_witnesses_do_not_move_custody ... ok
test node_file::segment_group::tests::sealed_group_witness_is_allocation_free_and_rejects_foreign_identity ... ok
test node_file::segment_group::directory_arena_tests::directory_arenas_reopen_through_the_bounded_descriptor_cache ... ok
test node_file::segment_group::tests::shared_native_backend_serves_every_file_kind_and_root_slot ... ok
test node_file::tests::reads_enforce_payload_bounds_even_for_empty_buffers ... ok
test node_file::segment_group::tests::unlink_confirmed_before_the_garbage_update_is_idempotent_after_restart ... ok
test node_file::tests::cleanup_custody_accepts_only_exact_recognized_headers_and_holds_the_inode_lock ... ok
test node_file::tests::retained_partial_opening_retries_node_close_after_pre_entry_contention ... ok
test node_file::tests::resize_drains_a_write_after_its_extent_check_before_truncating ... ok
test node_file::segment_group::tests::cleanup_claims_only_recognized_groups_and_resumes_after_an_interrupted_delete ... ok
test node_file::segment_group::tests::native_entry_visitor_stops_once_and_retires_its_cursor_without_fencing ... ok
test node_file::tests::unknown_native_close_cannot_mint_recovery_witness_or_retry_a_reused_descriptor ... ok
test node_file::tests::partial_envelopes_are_never_adopted_or_reinitialized ... ok
test node_file::tests::validated_descriptor_handoff_never_reopens_a_substituted_path ... ok
test node_file::tests::unrelated_clean_and_unclean_old_format_rejection_is_byte_exact ... ok
test node_file::segment_group::tests::census_equals_extents_after_crash_child_restart ... ok
test node_file::segment_group::tests::previous_formats_and_foreign_files_are_rejected_before_any_mutation ... ok
test node_file::segment_group::tests::registered_group_is_one_census_owner_until_its_failed_owners_are_accepted ... ok
test node_file::tests::recognized_store_recovers_after_actual_process_exit_without_close ... FAILED
test node_file::segment_group::tests::more_than_768_segments_reopen_and_evict_within_the_descriptor_budget has been running for over 60 seconds
test node_file::segment_group::tests::more_than_768_segments_reopen_and_evict_within_the_descriptor_budget ... ok
test node_file::tests::existing_header_requires_exact_canonical_fields_and_checksum has been running for over 60 seconds
test node_file::tests::initialization_requires_exact_journal_owned_empty_inode has been running for over 60 seconds
test node_file::tests::previous_node_format_is_rejected_without_changing_its_bytes has been running for over 60 seconds
test node_file::tests::retained_database_retries_node_close_after_lower_arc_pre_entry_contention has been running for over 60 seconds
test node_file::tests::retained_database_retries_node_close_only_after_proved_pre_entry_contention has been running for over 60 seconds
test node_file::tests::substituted_inode_stays_owner_failed_until_drain_and_census_then_reopens_last_ack has been running for over 60 seconds
error: test failed, to rerun pass `-p kasumi-store --lib`

Caused by:
  process didn't exit successfully: `/Users/takemiyamakoto/dev/kasumi/target/disk-backed-cache/debug/deps/kasumi_store-9e76b1ecb60de376 'node_file::' --show-output` (signal: 2, SIGINT: terminal interrupt signal)
