   Compiling kasumi-kv v0.1.0 (/Users/takemiyamakoto/dev/kasumi/crates/kasumi-kv)
    Finished `test` profile [unoptimized + debuginfo] target(s) in 4.95s
     Running tests/crash_recovery.rs (target/disk-backed-cache/debug/deps/crash_recovery-537e2fbd50f7f8dc)

running 9 tests
test closing_wakes_a_queued_writer_even_while_another_writer_is_held ... ok
test detected_corruption_fences_preexisting_snapshots ... ok
test retained_raw_read_keeps_its_output_admitted_until_drop ... FAILED
test batch_workspace_denial_leaves_all_published_versions_unchanged ... ok
test every_failed_commit_effect_recovers_a_whole_generation ... ok
test cached_reads_never_expose_any_failed_commit_effect ... ok
test many_live_keys_share_bounded_admission_slots_and_reopen ... ok
test cached_compaction_relocation_is_safe_at_every_failed_effect has been running for over 60 seconds
test every_failed_compaction_effect_reopens_all_live_values has been running for over 60 seconds
test every_failed_compaction_effect_reopens_all_live_values ... ok
test cached_compaction_relocation_is_safe_at_every_failed_effect ... ok

successes:

successes:
    batch_workspace_denial_leaves_all_published_versions_unchanged
    cached_compaction_relocation_is_safe_at_every_failed_effect
    cached_reads_never_expose_any_failed_commit_effect
    closing_wakes_a_queued_writer_even_while_another_writer_is_held
    detected_corruption_fences_preexisting_snapshots
    every_failed_commit_effect_recovers_a_whole_generation
    every_failed_compaction_effect_reopens_all_live_values
    many_live_keys_share_bounded_admission_slots_and_reopen

failures:

---- retained_raw_read_keeps_its_output_admitted_until_drop stdout ----

thread 'retained_raw_read_keeps_its_output_admitted_until_drop' (2236023) panicked at crates/kasumi-kv/tests/crash_recovery.rs:369:53:
called `Result::unwrap()` on an `Err` value: Storage(Core(CapacityDenied))
note: run with `RUST_BACKTRACE=1` environment variable to display a backtrace


failures:
    retained_raw_read_keeps_its_output_admitted_until_drop

test result: FAILED. 8 passed; 1 failed; 0 ignored; 0 measured; 0 filtered out; finished in 140.89s

error: test failed, to rerun pass `-p kasumi-kv --test crash_recovery`
