   Compiling kasumi-kv v0.1.0 (/Users/takemiyamakoto/dev/kasumi/crates/kasumi-kv)
    Finished `test` profile [unoptimized + debuginfo] target(s) in 7.62s
     Running unittests src/lib.rs (target/disk-backed-cache/debug/deps/kasumi_kv-e84af9029e220a8f)

running 22 tests
test directory::tests::packing::unchanged_and_terminal_plans_do_not_append_or_advance_generation ... ok
test directory::tests::packing::merging_across_unary_branches_removes_empty_ancestors_and_collapses_the_root ... ok
test directory::tests::packing::checksum_valid_malformed_shapes_and_nonadjacent_child_substitution_fail_closed ... ok
test directory::tests::packing::a_terminal_unary_root_chain_normalizes_without_appending_or_changing_logical_versions ... ok
test directory::tests::packing::pack_pair_rejects_foreign_or_stale_plans_without_poisoning_a_valid_retry ... ok
test directory::tests::packing::both_source_pages_and_their_parent_paths_are_revalidated_before_append ... ok
test directory::tests::packing::greedy_redistribution_with_longer_separator_can_split_the_parent ... ok
test directory::tests::packing::a_cross_parent_separator_split_propagates_multiple_carries_through_the_common_ancestor ... ok
test directory::tests::packing::continuation_reselects_after_its_key_is_deleted_and_the_current_root_shrinks ... ok
test directory::tests::packing::same_parent_leaf_and_internal_packing_preserves_logical_records_and_old_roots ... ok
test directory::tests::packing::a_merged_underfull_page_remains_eligible_for_its_next_neighbor ... ok
test directory::tests::packing::pack_plan_denial_precedes_reads_and_each_mutation_reservation_precedes_appends ... ok
test directory::tests::packing::cross_parent_pairs_rebuild_both_paths_at_a_distant_common_ancestor ... ok
test directory::tests::packing::complete_uneven_key_sweeps_match_dense_builder_at_every_reachable_level ... ok
test directory::tests::packing::before_and_after_append_or_sync_failures_keep_old_roots_and_poison_the_batch ... ok
test disk_state::tests::compact::density_with_long_keys_and_large_disk_values_fits_fixed_native_workspace ... ok
test disk_state::tests::compact::foreground_changes_restart_only_density_before_a_clean_completion ... ok
test disk_state::tests::compact::density_edges::foreground_root_collapse_reselects_density_without_repeating_evacuation ... ok
test disk_state::tests::compact::density_packs_sparse_internal_levels_and_preserves_pinned_versions ... ok
test disk_state::tests::compact::density_edges::deleting_the_exact_pending_density_row_reselects_its_successor ... ok
test disk_state::tests::compact::density_admission_denial_keeps_the_cursor_retryable_and_releases_workspace has been running for over 60 seconds
test disk_state::tests::compact::density_publication_effect_failures_reopen_at_an_unchanged_logical_snapshot has been running for over 60 seconds
test disk_state::tests::compact::density_publication_effect_failures_reopen_at_an_unchanged_logical_snapshot ... ok
test disk_state::tests::compact::density_admission_denial_keeps_the_cursor_retryable_and_releases_workspace ... ok

test result: ok. 22 passed; 0 failed; 0 ignored; 0 measured; 343 filtered out; finished in 187.95s

