    Checking kasumi-kv v0.1.0 (/Users/takemiyamakoto/dev/kasumi/crates/kasumi-kv)
error: manual `RangeInclusive::contains` implementation
  --> crates/kasumi-kv/src/directory_pack_tests.rs:92:13
   |
92 |     assert!(length >= 8 && length <= MAX_KEY_BYTES);
   |             ^^^^^^^^^^^^^^^^^^^^^^^^^^^^^^^^^^^^^^ help: use: `(8..=MAX_KEY_BYTES).contains(&length)`
   |
   = help: for further information visit https://rust-lang.github.io/rust-clippy/rust-1.97.0/index.html#manual_range_contains
   = note: `-D clippy::manual-range-contains` implied by `-D warnings`
   = help: to override `-D warnings` add `#[allow(clippy::manual_range_contains)]`

error: can be more succinctly written as a byte str
   --> crates/kasumi-kv/src/directory_pack_tests.rs:308:25
    |
308 |     for (id, prefix) in [b'a', b'b', b'c', b'c', b'c', b'd', b'e']
    |                         ^^^^^^^^^^^^^^^^^^^^^^^^^^^^^^^^^^^^^^^^^^ help: try: `*b"abcccde"`
    |
    = help: for further information visit https://rust-lang.github.io/rust-clippy/rust-1.97.0/index.html#byte_char_slices
    = note: `-D clippy::byte-char-slices` implied by `-D warnings`
    = help: to override `-D warnings` add `#[allow(clippy::byte_char_slices)]`

error: can be more succinctly written as a byte str
   --> crates/kasumi-kv/src/directory_pack_tests.rs:359:25
    |
359 |     for (id, prefix) in [b'a', b'b', b'c', b'c', b'c', b'd', b'e', b'f', b'g', b'h']
    |                         ^^^^^^^^^^^^^^^^^^^^^^^^^^^^^^^^^^^^^^^^^^^^^^^^^^^^^^^^^^^^ help: try: `*b"abcccdefgh"`
    |
    = help: for further information visit https://rust-lang.github.io/rust-clippy/rust-1.97.0/index.html#byte_char_slices

error: could not compile `kasumi-kv` (lib test) due to 3 previous errors
