   Compiling kasumi-kv v0.1.0 (/Users/takemiyamakoto/dev/kasumi/crates/kasumi-kv)
    Finished `test` profile [unoptimized + debuginfo] target(s) in 13.84s
     Running tests/commit_allocation.rs (target/disk-backed-cache/debug/deps/commit_allocation-27a3a8c41d98fb67)

running 4 tests
test largest_value_stages_and_commits_within_admitted_workspace ... ok
test denied_operation_vector_changes_nothing_and_releases_the_writer ... ok
test many_small_puts_stage_and_commit_within_admitted_workspace ... ok
test materialization_charge_is_decided_before_any_effect ... ok

test result: ok. 4 passed; 0 failed; 0 ignored; 0 measured; 0 filtered out; finished in 31.87s

     Running tests/crash_recovery.rs (target/disk-backed-cache/debug/deps/crash_recovery-537e2fbd50f7f8dc)

running 9 tests
test closing_wakes_a_queued_writer_even_while_another_writer_is_held ... ok
test retained_raw_read_keeps_its_output_admitted_until_drop ... ok
test detected_corruption_fences_preexisting_snapshots ... ok
test midbatch_admission_denial_rolls_back_every_provisional_version ... ok
test many_live_keys_share_bounded_admission_slots_and_reopen ... ok
test every_failed_commit_effect_recovers_a_whole_generation ... ok
test cached_reads_never_expose_any_failed_commit_effect ... ok
test cached_compaction_relocation_is_safe_at_every_failed_effect ... ok
test every_failed_compaction_effect_reopens_all_live_values ... ok

test result: ok. 9 passed; 0 failed; 0 ignored; 0 measured; 0 filtered out; finished in 0.24s

     Running tests/owner_fencing.rs (target/disk-backed-cache/debug/deps/owner_fencing-080d49128c77bb70)

running 9 tests
test unfenced_capacity_denial_has_no_effect_and_leaves_the_owner_usable ... ok
test failed_read_owner_check_is_sticky_for_every_snapshot_and_writer ... ok
test failed_pre_commit_owner_calls_fence_once_without_any_backend_effect ... ok
test settle_failure_fences_and_restart_truncates_the_unpublished_frame ... ok
test poisoned_close_is_fenced_and_never_replays_native_close ... ok
test unwinding_owner_failed_callback_cannot_unlatch_the_fence ... ok
test panicking_length_and_value_read_fence_once_and_keep_their_payloads ... ok
test panic_at_every_commit_effect_fences_once_and_reopens_a_whole_generation ... ok
test panic_at_every_compaction_effect_fences_once_and_reopens_every_live_value ... ok

test result: ok. 9 passed; 0 failed; 0 ignored; 0 measured; 0 filtered out; finished in 0.07s

     Running tests/transaction_rollback.rs (target/disk-backed-cache/debug/deps/transaction_rollback-dc57123eba679fb3)

running 8 tests
test denied_table_creation_and_overlay_range_roll_back_their_writers ... ok
test rejected_commit_input_settles_and_releases_the_writer ... ok
test table_handle_never_keeps_the_writer_gate_after_its_transaction_drops ... ok
test staging_owner_failure_keeps_the_batch_and_writer_gate_retained ... ok
test abort_after_a_staging_rollback_settles_and_disposes ... ok
test denied_second_of_three_inserts_rolls_back_the_whole_writer ... ok
test commit_growth_denial_settles_a_retained_writer_and_the_next_writer_commits ... ok
test frame_sync_failure_keeps_the_writer_retained_until_reopen_decides ... ok

test result: ok. 8 passed; 0 failed; 0 ignored; 0 measured; 0 filtered out; finished in 0.41s

