   Compiling kasumi-kv v0.1.0 (/Users/takemiyamakoto/dev/kasumi/crates/kasumi-kv)
    Finished `test` profile [unoptimized + debuginfo] target(s) in 16.11s
     Running unittests src/lib.rs (target/disk-backed-cache/debug/deps/kasumi_kv-e84af9029e220a8f)

running 45 tests
test cache::tests::load_checks_owner_on_hits_and_after_backend_reads ... ok
test cache::tests::denies_before_loading_when_storage_capacity_is_unavailable ... ok
test cache::tests::oversized_and_disabled_reads_use_only_request_admissions ... ok
test cache::tests::dropping_cache_keeps_pinned_value_and_accounting_leases_alive ... ok
test cache::tests::maintenance_fill_releases_denied_failed_or_expired_loads_without_policy_training ... ok
test cache::tests::failed_load_releases_buffer_and_does_not_install_a_value ... ok
test cache::tests::colliding_directory_removals_preserve_lookup_and_lru_links ... ok
test cache::tests::maintenance_fill_and_peek_do_not_train_policy_or_demand_counters ... ok
test cache::tests::maintenance_fill_checks_empty_cache_overhead_and_never_reads_without_headroom ... ok
test cache::tests::evicted_reader_pins_keep_their_original_bytes_charged ... ok
test cache::tests::complete_identities_survive_identical_hashes_and_relocation ... ok
test cache::tests::relocation_copy_accounts_for_evicted_but_pinned_output_bytes ... ok
test cache::tests::relocation_copy_capacity_denial_is_optional_and_retryable ... ok
test cache::tests::relocation_copy_denied_directory_growth_moves_without_retaining_extra_backing ... ok
test cache::tests::relocation_copy_of_a_cold_source_leaves_existing_cache_state_unchanged ... ok
test cache::tests::relocation_copy_keeps_both_addresses_and_original_output_charges ... ok
test cache::tests::budget_shrink_preserves_hot_entries_and_releases_directory_capacity ... ok
test cache::tests::relocation_copy_propagates_owner_failure_on_hits_and_during_reservation ... ok
test cache::tests::relocation_preserves_payload_frequency_recency_and_admission ... ok
test cache::tests::relocation_copy_under_pressure_moves_the_hot_identity_without_unrelated_eviction ... ok
test cache::tests::keeps_every_fitting_value_and_charges_the_directory ... ok
test cache::tests::shrinking_budget_cannot_forgive_outstanding_reader_pins ... ok
test cache::tests::pruning_unreachable_identities_shrinks_metadata_and_preserves_output_pins ... ok
test cache::tests::shared_relocation_last_alias_eviction_never_refunds_external_guards ... ok
test cache::tests::shared_relocation_keeps_every_fitting_identity_without_payload_headroom ... ok
test cache::tests::shared_relocation_budget_shrink_distinguishes_aliases_from_external_pins ... ok
test cache::tests::shared_relocation_chain_survives_rehash_moves_pruning_and_clear ... ok
test cache::tests::frequently_read_working_set_survives_a_historical_scan ... ok
test page_cache::tests::admitted_table_only_reader_records_page_retention_denial ... ok
test page_cache::tests::pages_and_values_retain_full_identity_under_one_shared_limit ... ok
test page_cache::tests::maintenance_private_reads_reuse_hits_without_retaining_or_training_misses ... ok
test page_cache::tests::fallback_uses_existing_output_and_never_installs_bad_pages ... ok
test page_cache::tests::private_view_checks_identity_owner_and_output_on_hits_and_raw_misses ... ok
test page_cache::tests::owner_is_checked_on_hits_and_after_io_including_uncached_fallback ... ok
test page_cache::tests::maintenance_reads_check_identity_and_owner_on_hits_and_all_miss_paths ... ok
test page_cache::tests::exact_physical_identity_and_owner_scope_never_alias ... ok
test disk_state::tests::compact::compaction_preserves_versions_pins_and_fitting_hot_values_through_reclamation ... ok
test cache::tests::long_mixed_collision_workload_preserves_directory_invariants ... ok
test page_cache::tests::every_fitting_page_stays_resident_and_append_does_not_warm ... ok
test page_cache::tests::private_view_reuses_committed_pages_without_admitting_intermediate_roots ... ok
test disk_state::tests::compact::relocated_snapshot_aliases_keep_one_fitting_payload_resident ... ok
test page_cache::tests::maintenance_published_reads_keep_all_fitting_pages_and_preserve_hot_pages_at_capacity ... ok
test page_cache::tests::scan_pressure_preserves_hot_pages_and_pins_survive_clear ... ok
test page_cache::tests::maintenance_reads_preserve_existing_frequency_and_recency_rank ... ok
test page_cache::tests::fitting_directory_repeats_without_page_io_and_checks_snapshot_headers ... ok

test result: ok. 45 passed; 0 failed; 0 ignored; 0 measured; 298 filtered out; finished in 19.02s

