   Compiling kasumi-kv v0.1.0 (/Users/takemiyamakoto/dev/kasumi/crates/kasumi-kv)
error[E0599]: no variant, associated function, or constant named `Read` found for enum `memory::GroupOp` in the current scope
   --> crates/kasumi-kv/src/arena.rs:587:33
    |
587 |             for op in [GroupOp::Read, GroupOp::Write, GroupOp::Sync] {
    |                                 ^^^^ variant, associated function, or constant not found in `memory::GroupOp`
    |
   ::: crates/kasumi-kv/src/group.rs:233:5
    |
233 |     pub(crate) enum GroupOp {
    |     ----------------------- variant, associated function, or constant `Read` not found for this enum

error[E0599]: no variant, associated function, or constant named `Read` found for enum `memory::GroupOp` in the current scope
   --> crates/kasumi-kv/src/arena.rs:592:50
    |
592 |                 group.fail(op, if op == GroupOp::Read { 2 } else { 1 }, timing);
    |                                                  ^^^^ variant, associated function, or constant not found in `memory::GroupOp`
    |
   ::: crates/kasumi-kv/src/group.rs:233:5
    |
233 |     pub(crate) enum GroupOp {
    |     ----------------------- variant, associated function, or constant `Read` not found for this enum

error[E0599]: no variant, associated function, or constant named `Read` found for enum `memory::GroupOp` in the current scope
   --> crates/kasumi-kv/src/arena.rs:594:30
    |
594 |                     GroupOp::Read => arena.read_page(page, &mut [0; DIRECTORY_PAGE_BYTES]),
    |                              ^^^^ variant, associated function, or constant not found in `memory::GroupOp`
    |
   ::: crates/kasumi-kv/src/group.rs:233:5
    |
233 |     pub(crate) enum GroupOp {
    |     ----------------------- variant, associated function, or constant `Read` not found for this enum

For more information about this error, try `rustc --explain E0599`.
error: could not compile `kasumi-kv` (lib test) due to 3 previous errors
