   Compiling kasumi-kv v0.1.0 (/Users/takemiyamakoto/dev/kasumi/crates/kasumi-kv)
    Finished `test` profile [unoptimized + debuginfo] target(s) in 33.11s
     Running unittests src/lib.rs (target/disk-backed-cache/debug/deps/kasumi_kv-e84af9029e220a8f)

running 39 tests
test arena::tests::io_stats_count_page_payloads_and_every_arena_sync_and_reset_on_reopen ... ok
test arena::tests::io_stats_exclude_failed_callbacks_even_when_their_effects_are_unknown ... ok
test arena::tests::io_stats_saturate_without_reservation_and_check_the_current_owner ... ok
test disk_state::tests::compact::value_byte_target_splits_one_leaf_and_foreground_changes_keep_the_cursor_sound ... FAILED
test segment::maintenance::tests::a_bad_later_source_is_detected_before_any_batch_append ... ok
test segment::maintenance::tests::a_cross_segment_batch_aborts_with_its_exact_count_and_can_retry ... ok
test segment::maintenance::tests::a_leaf_batch_crosses_segments_but_publishes_one_root_and_preserves_every_version ... ok
test disk_state::tests::compact::table_only_leaf_uses_one_directory_marker_and_preserves_birth_versions ... ok
test segment::maintenance::tests::checksum_valid_maintenance_metadata_must_be_canonical ... ok
test segment::maintenance::tests::complete_metadata_preflight_rejects_late_invalid_inputs_without_effects ... ok
test directory::tests::leaves::leaf_rewrite_revalidates_parent_and_leaf_digests_before_any_effect ... ok
test segment::maintenance::tests::directory_only_batches_bind_an_exact_root_without_a_logical_write ... ok
test segment::maintenance::tests::corrupt_source_fences_without_appending_or_erasing_evidence ... ok
test segment::maintenance::tests::force_roll_keeps_capacity_and_cannot_interrupt_a_prepared_batch ... ok
test segment::maintenance::tests::maintenance_count_and_encoded_bytes_have_exact_preflight_bounds ... ok
test disk_state::tests::compact::compaction_preserves_versions_pins_and_fitting_hot_values_through_reclamation ... ok
test segment::maintenance::tests::prior_segment_format_is_rejected_without_conversion ... ok
test segment::maintenance::tests::force_roll_effect_failures_fence_and_reopen_preserves_prior_commit ... ok
test arena::tests::io_stats_exclude_cache_hits_and_count_private_misses_and_appends ... ok
test segment::maintenance::tests::relocation_preserves_original_logical_version_and_source_bytes ... ok
test segment::maintenance::tests::replay_rejects_maintenance_user_mixes_and_repeated_directory_markers ... ok
test segment::maintenance::tests::root_only_replay_enforces_maintenance_and_exact_abort_count_caps ... ok
test segment::maintenance::tests::root_only_replay_rejects_bad_value_bytes_and_operation_counts ... ok
test directory::tests::leaves::leaf_plans_and_rewrites_admit_before_io_and_release_on_denial ... ok
test directory::tests::leaves::leaf_plans_find_boundaries_and_return_admitted_cursors_without_collecting_prior_keys ... ok
test segment::maintenance::tests::source_change_during_copy_cannot_produce_a_prepared_commit ... ok
test segment::maintenance::tests::maintenance_prepare_and_commit_faults_reopen_at_a_complete_boundary ... ok
test disk_state::tests::compact::a_fresh_leaf_with_no_old_locations_is_skipped_without_a_commit ... ok
test segment::maintenance::tests::relocation_and_abort_stream_long_values_through_fixed_windows ... ok
test directory::tests::leaves::leaf_rewrite_rejects_foreign_root_bad_shape_and_changed_value_bytes_before_append ... ok
test segment::maintenance::tests::batched_copy_and_publication_faults_recover_only_complete_batches ... ok
test directory::tests::leaves::leaf_rewrite_append_and_sync_failures_poison_without_changing_old_roots ... ok
test disk_state::tests::compact::compaction_admission_denial_is_retryable_without_skipping_a_key ... ok
test directory::tests::leaves::leaf_batch_rewrites_one_path_preserving_versions_counts_siblings_and_old_roots ... ok
test disk_state::tests::compact::relocation_and_unknown_publication_recover_a_value_larger_than_native_workspace ... ok
test segment::maintenance::tests::root_only_replay_checks_every_operation_without_retaining_key_records ... ok
test disk_state::tests::compact::foreground_changes_around_compaction_cursor_never_reintroduce_old_files ... ok
test disk_state::tests::compact::compaction_effect_failures_reopen_without_changing_logical_values ... ok
test disk_state::tests::compact::leaf_batches_write_one_path_per_leaf_instead_of_one_per_row has been running for over 60 seconds
test disk_state::tests::compact::leaf_batches_write_one_path_per_leaf_instead_of_one_per_row ... ok

failures:

---- disk_state::tests::compact::value_byte_target_splits_one_leaf_and_foreground_changes_keep_the_cursor_sound stdout ----

thread 'disk_state::tests::compact::value_byte_target_splits_one_leaf_and_foreground_changes_keep_the_cursor_sound' (677552) panicked at crates/kasumi-kv/src/disk_compact_tests.rs:423:10:
called `Result::unwrap()` on an `Err` value: CapacityDenied
note: run with `RUST_BACKTRACE=1` environment variable to display a backtrace


failures:
    disk_state::tests::compact::value_byte_target_splits_one_leaf_and_foreground_changes_keep_the_cursor_sound

test result: FAILED. 38 passed; 1 failed; 0 ignored; 0 measured; 293 filtered out; finished in 71.20s

error: test failed, to rerun pass `-p kasumi-kv --lib`
