   Compiling kasumi-kv v0.1.0 (/Users/takemiyamakoto/dev/kasumi/crates/kasumi-kv)
error[E0282]: type annotations needed for `Result<(), _>`
   --> crates/kasumi-kv/src/disk_compact_tests.rs:228:21
    |
228 |                 let result = (|| {
    |                     ^^^^^^
...
231 |                             return Ok(());
    |                                    ------ type must be known at this point
    |
help: consider giving `result` an explicit type, where the type for type parameter `E` is specified
    |
228 |                 let result: Result<_, E> = (|| {
    |                           ++++++++++++++

error[E0283]: type annotations needed for `Result<(), _>`
   --> crates/kasumi-kv/src/disk_compact_tests.rs:228:21
    |
228 |                 let result = (|| {
    |                     ^^^^^^
229 |                     for _ in 0..1000 {
230 |                         if state.compact_step(4)?.complete {
    |                                                 - type must be known at this point
    |
note: multiple `impl`s satisfying `_: From<core::CoreError>` found
   --> crates/kasumi-kv/src/tables.rs:127:1
    |
127 | impl From<CoreError> for StorageError {
    | ^^^^^^^^^^^^^^^^^^^^^^^^^^^^^^^^^^^^^
...
167 |         impl From<CoreError> for $name {
    |         ^^^^^^^^^^^^^^^^^^^^^^^^^^^^^^
...
175 | storage_wrapper!(DatabaseError);
    | ------------------------------- in this macro invocation
176 | storage_wrapper!(TransactionError);
    | ---------------------------------- in this macro invocation
177 | storage_wrapper!(CommitError);
    | ----------------------------- in this macro invocation
...
215 | impl From<CoreError> for TableError {
    | ^^^^^^^^^^^^^^^^^^^^^^^^^^^^^^^^^^^
    = note: this error originates in the macro `storage_wrapper` (in Nightly builds, run with -Z macro-backtrace for more info)
help: consider giving `result` an explicit type, where the placeholders `_` are specified
    |
228 |                 let result: Result<_, E> = (|| {
    |                           ++++++++++++++

Some errors have detailed explanations: E0282, E0283.
For more information about an error, try `rustc --explain E0282`.
error: could not compile `kasumi-kv` (lib test) due to 2 previous errors
