   Compiling kasumi-kv v0.1.0 (/Users/takemiyamakoto/dev/kasumi/crates/kasumi-kv)
    Finished `test` profile [unoptimized + debuginfo] target(s) in 42.37s
     Running unittests src/lib.rs (target/disk-backed-cache/debug/deps/kasumi_kv-e84af9029e220a8f)

running 239 tests
test cache::tests::denies_before_loading_when_storage_capacity_is_unavailable ... ok
test cache::tests::colliding_directory_removals_preserve_lookup_and_lru_links ... ok
test cache::tests::dropping_cache_keeps_pinned_value_and_accounting_leases_alive ... ok
test cache::tests::evicted_reader_pins_keep_their_original_bytes_charged ... ok
test cache::tests::complete_identities_survive_identical_hashes_and_relocation ... ok
test arena::tests::pending_arena_recovery_admission_and_owner_checks_precede_mutation ... ok
test cache::tests::budget_shrink_preserves_hot_entries_and_releases_directory_capacity ... ok
test cache::tests::failed_load_releases_buffer_and_does_not_install_a_value ... ok
test cache::tests::oversized_and_disabled_reads_use_only_request_admissions ... ok
test cache::tests::relocation_preserves_payload_frequency_recency_and_admission ... ok
test arena::tests::arena_reads_reject_wrong_identity_digest_and_failed_owner ... ok
test arena::tests::pending_arena_recovery_accepts_only_exact_header_prefixes ... ok
test cache::tests::load_checks_owner_on_hits_and_after_backend_reads ... ok
test cache::tests::keeps_every_fitting_value_and_charges_the_directory ... ok
test arena::tests::workspace_denial_before_first_arena_or_roll_has_no_effect_and_is_retryable ... ok
test arena::tests::failed_old_arena_sync_during_roll_allocates_no_new_identity ... ok
test arena::tests::pending_arena_recovery_faults_never_confirm_or_consume_page_offsets ... ok
test cache::tests::shrinking_budget_cannot_forgive_outstanding_reader_pins ... ok
test checked_group::tests::backend_failure_is_preserved_even_when_its_owner_expires ... ok
test checked_group::tests::expiry_before_a_streamed_entry_prevents_its_callback ... ok
test checked_group::tests::visitor_expiry_stops_before_another_callback ... ok
test checked_group::tests::expired_owner_never_enters_any_backend_call ... ok
test checked_group::tests::expiry_during_any_successful_backend_call_rejects_its_result ... ok
test checkpoint::tests::legacy_single_file_images_are_rejected ... ok
test checkpoint::tests::checkpoint_round_trips_sorted_entries_and_live_bytes ... ok
test cache::tests::frequently_read_working_set_survives_a_historical_scan ... ok
test checkpoint::tests::restart_loads_the_checkpoint_and_replays_only_later_batches ... ok
test arena::tests::confirmation_root_failures_poison_before_any_page_is_written ... ok
test checkpoint::tests::checkpoint_files_are_create_only_and_failed_writes_stay_unreferenced ... ok
test checkpoint::tests::digest_valid_edits_fail_closed_on_structure ... ok
test checkpoint::tests::reclaimed_segment_leaves_the_root_only_after_a_confirmed_unlink ... ok
test checkpoint::tests::writer_rejects_unsorted_or_uncovered_entries ... ok
test checkpoint::tests::root_reference_binds_length_and_digest ... ok
test checkpoint::tests::referenced_segments_must_be_live_and_intact ... ok
test arena::tests::owner_failure_inside_successful_roll_or_page_io_stops_later_effects ... ok
test core::tests::cache_hits_keep_owner_checks_snapshot_versions_and_read_bounds ... ok
test core::tests::cache_reopen_warms_in_bounded_steps_then_serves_only_memory ... ok
test core::tests::cache_compaction_preserves_hot_values_and_invalidates_reused_offsets ... ok
test core::tests::cache_never_serves_a_denied_or_uncertain_commit ... ok
test checkpoint::tests::unpublished_retirement_never_unlinks_a_segment_the_durable_checkpoint_uses ... ok
test checkpoint::tests::failed_write_fences_the_writer_and_leaves_an_orphan ... ok
test checkpoint::tests::every_flipped_byte_fails_closed ... ok
test core::tests::cache_warmup_retries_after_transient_admission_pressure ... ok
test core::tests::cache_warmup_counts_retained_tombstones_in_its_work_bound ... ok
test core::tests::committed_corruption_fails_closed_even_with_older_header ... ok
test core::tests::core_first_close_keeps_original_error_source ... ok
test core::tests::direct_constructor_panic_keeps_its_payload_and_closes ... ok
test core::tests::direct_constructor_close_panic_is_terminal_and_keeps_both_causes ... ok
test core::tests::cache_replacing_at_the_bound_keeps_the_entire_live_set_resident ... ok
test core::tests::denied_recovery_of_published_shadow_can_retry_without_data_loss ... ok
test core::tests::cache_pressure_keeps_durable_values_and_returns_to_full_residency ... ok
test arena::tests::arenas_roll_durably_and_reopen_never_reuses_a_page_identity ... ok
test core::tests::denied_shadow_headroom_leaves_committed_data_readable ... ok
test core::tests::cache_keeps_every_fitting_committed_value_without_disk_reads ... ok
test core::tests::denied_index_reservation_keeps_old_generation_and_backend_end ... ok
test core::tests::failed_direct_create_len_check_closes_the_exact_backend_once ... ok
test core::tests::external_owner_failure_cannot_report_absence_without_a_backend_read ... ok
test core::tests::durable_batches_reopen_with_ordered_snapshot_values ... ok
test core::tests::failed_direct_open_retains_the_open_and_close_errors ... ok
test core::tests::failed_mirror_sync_is_unknown_but_first_header_recovers_the_batch ... ok
test core::tests::failed_value_read_fences_every_snapshot_fact ... ok
test core::tests::failed_header_sync_has_unknown_outcome_and_reopen_decides ... ok
test core::tests::core_file_backend_sync_error_stays_failed_after_native_drain ... ok
test core::tests::one_corrupt_header_after_compaction_still_reopens_the_live_values ... ok
test core::tests::one_corrupt_header_cannot_roll_back_an_acknowledged_commit ... ok
test core::tests::phase_two_uses_the_same_workspace_reservation ... ok
test core::tests::poisoned_index_pool_rolls_back_and_fences_the_next_writer ... ok
test core::tests::poisoned_state_lock_fences_once_and_the_owner_still_drains ... ok
test arena::tests::arena_failures_poison_append_and_sync_without_reusing_offsets ... ok
test core::tests::core_file_backend_never_retries_entered_native_close ... ok
test core::tests::retrying_a_pre_effect_close_keeps_its_later_panic_and_original_error ... ok
test core::tests::same_host_reopen_persists_validated_volatile_generation ... ok
test core::tests::file_backend_sync_error_with_successful_native_close_is_drained ... ok
test core::tests::file_backend_close_waits_for_lock_before_native_attempt ... ok
test directory::tests::canonical_root_codec_binds_the_complete_reference_and_shape ... ok
test core::tests::predata_parent_sync_failure_retains_original_and_observes_close_once ... ok
test core::tests::table_birth_and_deletion_respect_older_snapshots ... ok
test directory::tests::capacity_denial_precedes_page_allocation_and_outputs_remain_admitted ... ok
test core::tests::named_create_does_not_adopt_file_inserted_after_parent_sync ... ok
test core::tests::file_backend_native_error_retains_prior_sync_error ... ok
test core::tests::file_backend_uncertain_close_retains_original_error_without_retry ... ok
test directory::tests::cow_denial_and_invalid_input_do_not_append_or_corrupt_prior_root ... ok
test directory::tests::cow_owner_failure_during_backend_io_cannot_return_publishable_root ... ok
test core::tests::named_create_rejects_final_symlink_without_opening_target ... ok
test directory::tests::directory_reader_and_builder_check_owner_after_backend_io ... ok
test directory::tests::empty_directory_and_owner_failure_are_checked_without_disk_reads ... ok
test core::tests::failed_create_preserves_open_error_and_uncertain_parent_close_report ... ok
test arena::tests::streamed_directory_reads_from_real_group_arenas_after_crash ... ok
test directory::tests::immutable_roots_preserve_old_versions_and_incarnation_is_checked ... ok
test core::tests::failed_parent_sync_leaves_create_uncertain_and_retry_cannot_adopt ... ok
test directory::tests::page_corruption_and_noncanonical_encodings_fail_closed ... ok
test directory::tests::refused_input_does_not_change_prefix_and_backend_failure_poisons_builder ... ok
test core::tests::new_named_file_syncs_parent_and_reopens_supplied_descriptor ... ok
test core::tests::supplied_descriptor_stays_on_original_file_after_name_replacement ... ok
test disk_state::tests::cache_hits_still_enforce_owner_and_snapshot_scope ... ok
test directory::tests::parent_sha_rejects_canonical_child_substitution_with_the_same_crc ... ok
test cache::tests::long_mixed_collision_workload_preserves_directory_invariants ... ok
test directory::tests::cow_validates_inherited_incarnation_version_and_separator_bounds ... ok
test disk_state::tests::durable_multi_table_commit_preserves_old_roots_and_ordered_prefixes ... ok
test directory::tests::ordered_successors_match_model_across_tables_and_missing_keys ... ok
test disk_state::tests::publication_panic_is_unknown_commit_and_reopen_selects_durable_batch ... ok
test disk_state::tests::recovery_uses_last_commit_position_before_a_later_abandoned_segment ... ok
test directory::tests::successor_branch_work_is_linear_in_fanout_including_redescent ... ok
test group::tests::close_is_fallible_and_one_shot ... ok
test group::tests::create_is_create_only_and_never_reuses_a_durable_name ... ok
test group::tests::create_without_parent_sync_is_lost_on_restart ... ok
test group::tests::injected_sync_after_effect_persists_but_reports_failure ... ok
test group::tests::name_sync_settles_unknown_creates_and_unlinks ... ok
test group::tests::names_are_deterministic_and_have_one_spelling ... ok
test group::tests::shared_backends_stream_entries_and_do_not_replay_a_stopped_visit ... ok
test group::tests::torn_root_write_keeps_the_prefix_only ... ok
test group::tests::unlink_is_complete_only_after_parent_sync ... ok
test group::tests::unsynchronized_bytes_are_lost_or_torn_on_restart ... ok
test page_cache::tests::admitted_table_only_reader_records_page_retention_denial ... ok
test directory::tests::cow_failed_appends_only_orphan_pages_and_poison_private_batch ... ok
test page_cache::tests::exact_physical_identity_and_owner_scope_never_alias ... ok
test page_cache::tests::fallback_uses_existing_output_and_never_installs_bad_pages ... ok
test page_cache::tests::every_fitting_page_stays_resident_and_append_does_not_warm ... ok
test page_cache::tests::owner_is_checked_on_hits_and_after_io_including_uncached_fallback ... ok
test page_cache::tests::pages_and_values_retain_full_identity_under_one_shared_limit ... ok
test page_cache::tests::private_view_checks_identity_owner_and_output_on_hits_and_raw_misses ... ok
test core::tests::repeated_overwrites_trigger_precommit_reclamation ... ok
test directory::tests::generation_warming_retains_final_split_pages_and_skips_private_orphans ... ok
test retained::tests::entered_uncertain_native_close_is_reported_once ... ok
test retained::tests::entered_would_block_is_terminal_for_retained_and_consuming_close ... ok
test retained::tests::failed_construction_still_owns_and_closes_its_original_backend ... ok
test retained::tests::opening_waits_for_the_exact_retained_reader_before_native_close ... ok
test retained::tests::retained_index_existence_observes_exact_snapshot_and_tombstones ... ok
test retained::tests::retained_read_disposal_rechecks_a_late_snapshot_descendant ... ok
test retained::tests::retained_reader_guard_wait_is_per_snapshot_not_database_wide ... ok
test retained::tests::retained_reader_waits_for_exact_table_range_and_guards_before_restart ... ok
test root::directory::tests::adjacent_slots_cannot_regress_directory_state_or_allocations ... ok
test root::directory::tests::checksum_valid_directory_fields_must_be_canonical ... ok
test root::directory::tests::directory_anchor_is_a_representable_commit_boundary ... ok
test root::directory::tests::directory_intents_are_never_reused_or_mistaken_for_orphans ... ok
test root::directory::tests::directory_publication_faults_select_one_complete_commit ... ok
test root::directory::tests::directory_publication_rejects_wrong_scope_versions_and_unconfirmed_arenas ... ok
test root::directory::tests::directory_root_and_anchor_round_trip_together ... ok
test root::tests::census_fails_closed_on_entries_that_are_not_group_files ... ok
test root::tests::census_preserves_callback_error_only_when_its_sentinel_returns ... ok
test root::tests::checksum_valid_field_changes_fail_closed ... ok
test root::tests::empty_initialization_is_mirrored_and_cannot_run_twice ... ok
test page_cache::tests::private_view_reuses_committed_pages_without_admitting_intermediate_roots ... ok
test root::tests::garbage_leaves_the_root_only_after_a_confirmed_unlink ... ok
test root::tests::garbage_unlink_follows_only_the_mirrored_selected_root ... ok
test root::tests::identifier_ceiling_roots_fail_closed_without_overflow ... ok
test root::tests::intents_and_census_follow_the_root ... ok
test root::tests::legacy_single_file_header_is_rejected ... ok
test root::tests::non_successor_publication_has_no_effect ... ok
test root::tests::full_garbage_list_is_a_recoverable_denial ... ok
test root::tests::publication_from_an_unmirrored_selection_keeps_one_intact_copy ... ok
test root::tests::publication_mirrors_and_selects_the_newest_generation ... ok
test root::tests::publication_refuses_a_predecessor_the_slots_do_not_select ... ok
test root::tests::publication_refuses_dropped_garbage_and_regressed_state ... ok
test root::tests::retired_root_is_never_treated_as_a_torn_or_missing_publication ... ok
test root::tests::retired_root_slots_are_rejected_even_beside_current_root ... ok
test root::tests::retirement_needs_a_checkpoint_that_no_longer_uses_the_segment ... ok
test root::tests::selection_after_a_restart_without_power_loss_survives_power_loss ... ok
test root::tests::slot_pairs_must_be_one_group_and_adjacent_publications ... ok
test root::tests::superblock_round_trips_every_field ... ok
test root::tests::torn_first_publication_is_an_empty_group_that_owns_no_files ... ok
test root::tests::torn_mirror_keeps_the_new_root_and_repair_restores_both_slots ... ok
test root::tests::torn_publication_selects_the_previous_root ... ok
test root::tests::unmirrored_new_root_beside_the_previous_generation_is_selected ... ok
test segment::tests::batch_spans_segments_and_is_visible_only_after_commit ... ok
test segment::tests::batches_round_trip_through_replay ... ok
test segment::tests::checksum_valid_field_changes_fail_closed ... ok
test segment::tests::commit_image_without_a_pending_batch_fails_closed ... ok
test segment::tests::commit_root_is_bound_to_preparation_and_chain ... ok
test segment::tests::damage_before_a_durable_commit_fails_closed ... ok
test segment::tests::damage_reaching_a_written_commit_is_never_a_torn_tail ... ok
test segment::tests::damaged_commit_followed_by_the_next_batch_fails_closed ... ok
test segment::tests::directory_anchor_must_match_exact_preceding_commit ... ok
test segment::tests::directory_preparation_failures_are_known_uncommitted ... ok
test segment::tests::directory_preparation_proves_prior_operations_were_synchronized ... ok
test root::tests::one_damaged_slot_never_rolls_back_and_two_fail_closed ... ok
test segment::tests::failed_commit_sync_is_unknown_until_reopen_decides ... ok
test segment::tests::failed_commit_write_is_unknown_and_reopen_hides_the_batch ... ok
test segment::tests::failed_name_sync_fences_the_take_over_before_confirming ... ok
test segment::tests::failed_record_write_is_a_known_rollback ... ok
test segment::tests::finish_rejects_wrong_incarnation_or_generation_before_commit ... ok
test segment::tests::intent_file_must_be_a_prefix_of_its_own_header ... ok
test segment::tests::interrupted_segment_creation_is_finished_under_its_intent ... ok
test segment::tests::interrupted_tail_discard_completes_on_retry ... ok
test segment::tests::invalid_batches_are_rejected_before_any_effect ... ok
test segment::tests::known_private_failure_can_abort_and_resume_without_reusing_batch_sequence ... ok
test page_cache::tests::scan_pressure_preserves_hot_pages_and_pins_survive_clear ... ok
test segment::tests::every_flipped_byte_of_a_sealed_segment_fails_closed ... ok
test segment::tests::operation_prepare_is_private_until_full_directory_root_commits ... ok
test segment::tests::outstanding_intent_seals_the_newest_segment_after_reopen ... ok
test segment::tests::prepared_workspace_covers_geometric_record_capacity_and_maximum_keys ... ok
test segment::tests::present_file_at_a_new_segment_identifier_fails_the_roll_untouched ... ok
test segment::tests::record_images_inside_a_value_never_count_as_records ... ok
test segment::tests::replay_keeps_exact_committed_directory_boundary_before_a_later_roll ... ok
test segment::tests::replay_start_must_lie_inside_the_log ... ok
test segment::tests::restart_without_power_loss_keeps_an_unsynchronized_intent_file ... ok
test segment::tests::restart_without_power_loss_keeps_what_replay_served ... ok
test segment::tests::retired_segment_format_is_rejected_without_fallback ... ok
test segment::tests::sealed_segment_truncated_at_a_record_boundary_fails_closed ... ok
test segment::tests::segment_header_substitution_and_legacy_images_fail_closed ... ok
test segment::tests::sequence_and_identifier_ceilings_never_overflow ... ok
test segment::tests::stale_prepared_abort_never_truncates_a_changed_tail ... ok
test segment::tests::stale_tail_discard_never_removes_a_later_batch ... ok
test segment::tests::take_over_makes_an_unsynchronized_name_durable_before_confirming ... ok
test segment::tests::torn_commit_record_leaves_the_batch_invisible ... ok
test segment::tests::torn_tail_is_discarded_and_appends_resume ... ok
test segment::tests::unconfirmed_segment_with_records_or_missing_segments_fail_closed ... ok
test segment::tests::writer_staging_retains_only_the_fixed_admitted_window ... ok
test tables::tests::cache_table_writes_retire_only_their_own_snapshot_before_replacement ... ok
test tables::tests::closing_wakes_a_writer_waiting_behind_an_active_writer ... ok
test tables::tests::key_only_delete_crash_replay_is_atomic_after_sync_failure ... ok
test tables::tests::key_only_delete_denied_pre_effect_does_not_stage_a_tombstone ... ok
test segment::tests::newest_segment_damage_is_torn_only_as_an_interrupted_final_commit ... ok
test tables::tests::key_only_delete_validates_key_and_obeys_staged_order ... ok
test tables::tests::range_sees_sorted_overlay_and_abort_discards_it ... ok
test tables::tests::reader_keeps_prior_committed_values_while_writer_publishes_new_generation ... ok
test disk_state::tests::every_commit_effect_recovers_one_complete_root_or_the_previous_root ... ok
test tables::tests::retain_prefix_handles_empty_and_all_ff_prefixes ... ok
test tables::tests::retain_prefix_merges_staged_values_tombstones_and_inserts ... ok
test tables::tests::sealed_facade_rejects_cache_work_while_native_reader_is_live ... ok
test tables::tests::staged_table_reads_and_open_fail_after_owner_failure ... ok
test tables::tests::table_reads_reject_oversized_keys_before_encoding ... ok
test tables::tests::table_type_and_rows_survive_reopen ... ok
test tables::tests::unproved_consuming_close_never_drops_its_backend_implicitly ... ok
test disk_state::tests::capacity_denial_after_prepare_aborts_and_allows_retry ... ok
test disk_state::tests::pressure_keeps_one_bound_and_refills_when_budget_grows ... ok
test tables::tests::key_only_delete_needs_no_old_value_headroom_and_preserves_pinned_reader ... ok
test directory::tests::cow_arena_cache_composition_retains_snapshots_and_reopens_durable_pages ... ok
test tables::tests::retain_prefix_does_not_read_large_committed_or_staged_neighbors ... ok
test directory::tests::cow_large_tree_mutation_keeps_fixed_workspace_and_path_sized_io ... ok
test disk_state::tests::reopen_and_reads_do_not_rebuild_a_resident_map_for_data_above_admitted_memory ... ok
test core::tests::encrypted_value_headroom_exceeds_plaintext_limit_but_stays_bounded ... ok
test core::tests::compaction_spans_multiple_bounded_frames has been running for over 60 seconds
test directory::tests::cow_maximum_keys_split_remove_pages_and_shrink_root has been running for over 60 seconds
test directory::tests::cow_mutations_and_snapshots_match_ordered_model has been running for over 60 seconds
test directory::tests::streaming_directory_exceeds_workspace_and_reopens_without_resident_keys has been running for over 60 seconds
test disk_state::tests::fitting_writes_are_immediately_resident_and_reopen_warms_without_misses has been running for over 60 seconds
test page_cache::tests::fitting_directory_repeats_without_page_io_and_checks_snapshot_headers has been running for over 60 seconds
test directory::tests::streaming_directory_exceeds_workspace_and_reopens_without_resident_keys ... ok
test segment::tests::largest_value_is_one_record_in_one_segment has been running for over 60 seconds
test page_cache::tests::fitting_directory_repeats_without_page_io_and_checks_snapshot_headers ... ok
test disk_state::tests::fitting_writes_are_immediately_resident_and_reopen_warms_without_misses ... ok
test directory::tests::cow_maximum_keys_split_remove_pages_and_shrink_root ... ok
test directory::tests::cow_mutations_and_snapshots_match_ordered_model ... ok
test segment::tests::largest_value_is_one_record_in_one_segment ... ok
test core::tests::compaction_spans_multiple_bounded_frames ... ok

test result: ok. 239 passed; 0 failed; 0 ignored; 0 measured; 0 filtered out; finished in 287.07s

