   Compiling kasumi-kv v0.1.0 (/Users/takemiyamakoto/dev/kasumi/crates/kasumi-kv)
    Finished `test` profile [unoptimized + debuginfo] target(s) in 17.52s
     Running unittests src/lib.rs (target/disk-backed-cache/debug/deps/kasumi_kv-e84af9029e220a8f)

running 32 tests
test cache::tests::publication_corrupt_chain_cleanup_is_bounded_and_fails_closed ... ok
test cache::tests::publication_chain_survives_collision_backshifts_and_complete_key_rehash ... ok
test cache::tests::publication_cleanup_after_owner_failure_preserves_entries_and_clears_marks ... ok
test cache::tests::publication_candidate_removal_requires_same_payload_and_preserves_external_guard ... ok
test root::directory::tests::directory_publication_rejects_wrong_scope_versions_and_unconfirmed_arenas ... ok
test cache::tests::publication_marks_deduplicate_without_admission_or_policy_changes_and_abort_cleanly ... ok
test cache::tests::publication_drop_cleanup_never_calls_admission_and_normal_clear_cleans_before_panic ... ok
test root::directory::tests::directory_retirement_rejects_stale_commit_or_publication_proof ... ok
test root::tests::non_successor_publication_has_no_effect ... ok
test cache::tests::publication_scope_rejects_unrelated_membership_changes_until_cleared ... ok
test root::tests::publication_mirrors_and_selects_the_newest_generation ... ok
test root::tests::publication_refuses_dropped_garbage_and_regressed_state ... ok
test root::tests::retired_root_is_never_treated_as_a_torn_or_missing_publication ... ok
test root::tests::publication_from_an_unmirrored_selection_keeps_one_intact_copy ... ok
test root::tests::slot_pairs_must_be_one_group_and_adjacent_publications ... ok
test root::tests::publication_refuses_a_predecessor_the_slots_do_not_select ... ok
test page_cache::tests::publication_private_reads_require_scope_and_recheck_owner_for_hits_and_misses ... ok
test root::tests::torn_first_publication_is_an_empty_group_that_owns_no_files ... ok
test segment::maintenance::tests::abort_rejects_fewer_records_wrong_batch_or_a_publication_at_the_exact_end ... ok
test root::tests::torn_publication_selects_the_previous_root ... ok
test page_cache::tests::publication_private_reads_mark_only_actual_hot_paths_and_never_retain_misses ... ok
test root::directory::tests::directory_publication_faults_select_one_complete_commit ... ok
test disk_state::tests::publication_panic_is_unknown_commit_and_reopen_selects_durable_batch ... ok
test disk_state::tests::publication_cache::pinned_old_root_and_replacement_remain_resident_when_the_union_fits ... ok
test disk_state::tests::publication_cache::corrupted_publication_candidate_fences_after_durable_commit_and_reopens_new_version ... ok
test disk_state::tests::publication_cache::retired_lookup_preserves_returned_payload_charge_until_last_guard_drops ... ok
test disk_state::tests::publication_cache::replacement_delete_and_repeated_put_preserve_exact_fit_without_warmup ... ok
test segment::maintenance::tests::batched_copy_and_publication_faults_recover_only_complete_batches ... ok
test disk_state::tests::publication_cache::publication_proof_preflight_denials_leave_cache_and_root_unchanged ... ok
test disk_state::tests::compact::relocation_and_unknown_publication_recover_a_value_larger_than_native_workspace ... ok
test disk_state::tests::publication_cache::changed_separator_tracks_redirected_path_and_root_collapse_without_warmup ... ok
test disk_state::tests::compact::density_publication_effect_failures_reopen_at_an_unchanged_logical_snapshot has been running for over 60 seconds
test disk_state::tests::compact::density_publication_effect_failures_reopen_at_an_unchanged_logical_snapshot ... ok

successes:

---- cache::tests::publication_drop_cleanup_never_calls_admission_and_normal_clear_cleans_before_panic stdout ----

thread 'cache::tests::publication_drop_cleanup_never_calls_admission_and_normal_clear_cleans_before_panic' (2731509) panicked at crates/kasumi-kv/src/cache.rs:1323:13:
admission check panic

---- cache::tests::publication_scope_rejects_unrelated_membership_changes_until_cleared stdout ----

thread 'cache::tests::publication_scope_rejects_unrelated_membership_changes_until_cleared' (2731511) panicked at crates/kasumi-kv/src/cache.rs:331:9:
publication candidates are active
note: run with `RUST_BACKTRACE=1` environment variable to display a backtrace

thread 'cache::tests::publication_scope_rejects_unrelated_membership_changes_until_cleared' (2731511) panicked at crates/kasumi-kv/src/cache.rs:349:9:
publication candidates are active

thread 'cache::tests::publication_scope_rejects_unrelated_membership_changes_until_cleared' (2731511) panicked at crates/kasumi-kv/src/cache.rs:671:9:
publication candidates are active

---- disk_state::tests::publication_panic_is_unknown_commit_and_reopen_selects_durable_batch stdout ----

thread 'disk_state::tests::publication_panic_is_unknown_commit_and_reopen_selects_durable_batch' (2731520) panicked at crates/kasumi-kv/src/disk_state_tests.rs:142:9:
publication unwind


successes:
    cache::tests::publication_candidate_removal_requires_same_payload_and_preserves_external_guard
    cache::tests::publication_chain_survives_collision_backshifts_and_complete_key_rehash
    cache::tests::publication_cleanup_after_owner_failure_preserves_entries_and_clears_marks
    cache::tests::publication_corrupt_chain_cleanup_is_bounded_and_fails_closed
    cache::tests::publication_drop_cleanup_never_calls_admission_and_normal_clear_cleans_before_panic
    cache::tests::publication_marks_deduplicate_without_admission_or_policy_changes_and_abort_cleanly
    cache::tests::publication_scope_rejects_unrelated_membership_changes_until_cleared
    disk_state::tests::compact::density_publication_effect_failures_reopen_at_an_unchanged_logical_snapshot
    disk_state::tests::compact::relocation_and_unknown_publication_recover_a_value_larger_than_native_workspace
    disk_state::tests::publication_cache::changed_separator_tracks_redirected_path_and_root_collapse_without_warmup
    disk_state::tests::publication_cache::corrupted_publication_candidate_fences_after_durable_commit_and_reopens_new_version
    disk_state::tests::publication_cache::pinned_old_root_and_replacement_remain_resident_when_the_union_fits
    disk_state::tests::publication_cache::publication_proof_preflight_denials_leave_cache_and_root_unchanged
    disk_state::tests::publication_cache::replacement_delete_and_repeated_put_preserve_exact_fit_without_warmup
    disk_state::tests::publication_cache::retired_lookup_preserves_returned_payload_charge_until_last_guard_drops
    disk_state::tests::publication_panic_is_unknown_commit_and_reopen_selects_durable_batch
    page_cache::tests::publication_private_reads_mark_only_actual_hot_paths_and_never_retain_misses
    page_cache::tests::publication_private_reads_require_scope_and_recheck_owner_for_hits_and_misses
    root::directory::tests::directory_publication_faults_select_one_complete_commit
    root::directory::tests::directory_publication_rejects_wrong_scope_versions_and_unconfirmed_arenas
    root::directory::tests::directory_retirement_rejects_stale_commit_or_publication_proof
    root::tests::non_successor_publication_has_no_effect
    root::tests::publication_from_an_unmirrored_selection_keeps_one_intact_copy
    root::tests::publication_mirrors_and_selects_the_newest_generation
    root::tests::publication_refuses_a_predecessor_the_slots_do_not_select
    root::tests::publication_refuses_dropped_garbage_and_regressed_state
    root::tests::retired_root_is_never_treated_as_a_torn_or_missing_publication
    root::tests::slot_pairs_must_be_one_group_and_adjacent_publications
    root::tests::torn_first_publication_is_an_empty_group_that_owns_no_files
    root::tests::torn_publication_selects_the_previous_root
    segment::maintenance::tests::abort_rejects_fewer_records_wrong_batch_or_a_publication_at_the_exact_end
    segment::maintenance::tests::batched_copy_and_publication_faults_recover_only_complete_batches

test result: ok. 32 passed; 0 failed; 0 ignored; 0 measured; 360 filtered out; finished in 65.29s

