   Compiling kasumi-kv v0.1.0 (/Users/takemiyamakoto/dev/kasumi/crates/kasumi-kv)
    Finished `test` profile [unoptimized + debuginfo] target(s) in 4.88s
     Running unittests src/lib.rs (target/disk-backed-cache/debug/deps/kasumi_kv-e84af9029e220a8f)

running 38 tests
test root::directory::tests::directory_anchor_is_a_representable_commit_boundary ... ok
test disk_state::tests::reclaim::snapshot_reservation_owner_failure_fences_later_writes_even_if_checks_recover ... ok
test root::directory::tests::decoded_directory_garbage_is_structural_and_still_needs_runtime_proof ... ok
test root::directory::tests::adjacent_slots_cannot_regress_directory_state_or_allocations ... ok
test directory::tests::walker_empty_table_only_and_cancellation_release_fixed_scratch ... ok
test root::directory::tests::directory_intents_are_never_reused_or_mistaken_for_orphans ... ok
test root::directory::tests::directory_retirement_accepts_only_proven_sealed_pre_anchor_files ... ok
test root::directory::tests::directory_garbage_uses_existing_mirrored_unlink_and_forget_protocol ... ok
test root::directory::tests::directory_publication_rejects_wrong_scope_versions_and_unconfirmed_arenas ... ok
test root::directory::tests::directory_retirement_batch_is_atomic_bounded_and_unique ... ok
test root::directory::tests::directory_retirement_rejects_stale_commit_or_publication_proof ... ok
test root::directory::tests::directory_root_and_anchor_round_trip_together ... ok
test snapshot_pins::tests::backing_is_admitted_before_allocation_and_constructor_failures_release_it ... ok
test snapshot_pins::tests::captures_deduplicate_roots_with_fixed_backing_and_reject_epoch_changes ... ok
test snapshot_pins::tests::charges_follow_pin_and_capture_lifetimes_after_registry_handle_is_dropped ... ok
test snapshot_pins::tests::clones_share_the_slot_charge_and_epoch_until_the_last_clone_drops ... ok
test snapshot_pins::tests::coverage_rejects_an_uncaptured_historical_root_and_recovers_after_its_drop ... ok
test snapshot_pins::tests::coverage_requires_exact_registry_identity_and_current_root_group ... ok
test snapshot_pins::tests::coverage_survives_retirement_of_captured_roots ... ok
test snapshot_pins::tests::epoch_exhaustion_fails_closed_without_wraparound_or_retained_pin_charge ... ok
test snapshot_pins::tests::equal_group_ids_do_not_authorize_foreign_pins_or_captures ... ok
test snapshot_pins::tests::coverage_survives_current_root_pin_churn_without_reserving_memory ... ok
test snapshot_pins::tests::owner_expiration_is_latched_but_drops_still_release_every_charge ... ok
test snapshot_pins::tests::owner_failure_during_reservation_never_publishes_a_pin ... ok
test snapshot_pins::tests::pin_and_capture_admission_denials_are_retryable_and_leave_no_slot_or_charge ... ok
test snapshot_pins::tests::poisoned_registry_fails_closed_and_final_pin_drop_still_reclaims_its_slot ... ok
test snapshot_pins::tests::visitation_callbacks_can_change_pins_without_reentering_the_lock ... ok
test root::directory::tests::directory_publication_faults_select_one_complete_commit ... ok
test directory::tests::walker_operational_failures_poison_after_partial_callbacks ... ok
test disk_state::tests::reclaim::denial_before_scan_is_retryable_and_releases_scratch ... FAILED
test disk_state::tests::reclaim::short_lived_current_readers_do_not_starve_reclamation ... FAILED
test disk_state::tests::reclaim::reclaim_keeps_snapshot_files_until_last_clone_and_output_charge_until_last_guard ... FAILED
test disk_state::tests::reclaim::changed_commit_cancels_scan_before_any_old_proof_can_publish ... ok
test root::directory::tests::checksum_valid_directory_fields_must_be_canonical ... ok
test directory::tests::walker_rejects_digest_scope_parent_range_and_generation_corruption ... ok
test disk_state::tests::reclaim::restart_rejects_checksum_valid_garbage_that_contains_reachable_child_pages ... ok
test directory::tests::walker_resumes_with_hard_work_limits_and_preserves_old_roots ... ok
test disk_state::tests::reclaim::failure_at_each_unlink_and_forget_effect_reopens_without_losing_selected_data ... ok

failures:

---- disk_state::tests::reclaim::denial_before_scan_is_retryable_and_releases_scratch stdout ----

thread 'disk_state::tests::reclaim::denial_before_scan_is_retryable_and_releases_scratch' (42182) panicked at crates/kasumi-kv/src/disk_reclaim_tests.rs:136:5:
assertion failed: reclaim_all(&mut state, false) >= 3

---- disk_state::tests::reclaim::short_lived_current_readers_do_not_starve_reclamation stdout ----

thread 'disk_state::tests::reclaim::short_lived_current_readers_do_not_starve_reclamation' (42186) panicked at crates/kasumi-kv/src/disk_reclaim_tests.rs:99:5:
assertion failed: reclaim_all(&mut state, true) >= 3

---- disk_state::tests::reclaim::reclaim_keeps_snapshot_files_until_last_clone_and_output_charge_until_last_guard stdout ----

thread 'disk_state::tests::reclaim::reclaim_keeps_snapshot_files_until_last_clone_and_output_charge_until_last_guard' (42184) panicked at crates/kasumi-kv/src/disk_reclaim_tests.rs:79:5:
assertion failed: reclaim_all(&mut state, false) >= 2


failures:
    disk_state::tests::reclaim::denial_before_scan_is_retryable_and_releases_scratch
    disk_state::tests::reclaim::reclaim_keeps_snapshot_files_until_last_clone_and_output_charge_until_last_guard
    disk_state::tests::reclaim::short_lived_current_readers_do_not_starve_reclamation

test result: FAILED. 35 passed; 3 failed; 0 ignored; 0 measured; 232 filtered out; finished in 0.76s

error: test failed, to rerun pass `-p kasumi-kv --lib`
