   Compiling kasumi-kv v0.1.0 (/Users/takemiyamakoto/dev/kasumi/crates/kasumi-kv)
    Finished `test` profile [unoptimized + debuginfo] target(s) in 13.28s
     Running unittests src/lib.rs (target/disk-backed-cache/debug/deps/kasumi_kv-e84af9029e220a8f)

running 83 tests
test cache::tests::dropping_cache_keeps_pinned_value_and_accounting_leases_alive ... ok
test cache::tests::candidate_version_exhaustion_and_failed_owner_fail_closed_without_removing_bytes ... ok
test cache::tests::candidate_alias_removal_preserves_shared_payload_and_external_output_admission ... ok
test cache::tests::denies_before_loading_when_storage_capacity_is_unavailable ... ok
test cache::tests::denied_maintenance_alias_does_not_move_source_or_evict_and_can_retry ... ok
test cache::tests::failed_load_releases_buffer_and_does_not_install_a_value ... ok
test cache::tests::evicted_reader_pins_keep_their_original_bytes_charged ... ok
test cache::tests::complete_identities_survive_identical_hashes_and_relocation ... ok
test cache::tests::get_peek_and_failed_optional_admission_leave_candidate_tokens_valid ... ok
test cache::tests::budget_shrink_preserves_hot_entries_and_releases_directory_capacity ... ok
test cache::tests::insertion_removal_clear_relocation_and_aliasing_invalidate_external_candidates ... ok
test cache::tests::colliding_directory_removals_preserve_lookup_and_lru_links ... ok
test cache::tests::load_checks_owner_on_hits_and_after_backend_reads ... ok
test cache::tests::candidate_pass_has_bounded_work_and_does_not_train_demand_policy ... ok
test cache::tests::maintenance_alias_checks_owner_on_hits_and_each_metadata_reservation ... ok
test cache::tests::conditional_candidate_removal_revisits_backward_shifted_and_wrapped_slots ... ok
test cache::tests::maintenance_alias_shares_one_payload_without_training_existing_policy ... ok
test cache::tests::maintenance_fill_checks_empty_cache_overhead_and_never_reads_without_headroom ... ok
test cache::tests::maintenance_fill_and_peek_do_not_train_policy_or_demand_counters ... ok
test cache::tests::maintenance_fill_releases_denied_failed_or_expired_loads_without_policy_training ... ok
test cache::tests::relocation_copy_accounts_for_evicted_but_pinned_output_bytes ... ok
test cache::tests::oversized_and_disabled_reads_use_only_request_admissions ... ok
test cache::tests::relocation_copy_capacity_denial_is_optional_and_retryable ... ok
test cache::tests::relocation_copy_denied_directory_growth_moves_without_retaining_extra_backing ... ok
test cache::tests::relocation_copy_keeps_both_addresses_and_original_output_charges ... ok
test cache::tests::relocation_copy_of_a_cold_source_leaves_existing_cache_state_unchanged ... ok
test cache::tests::keeps_every_fitting_value_and_charges_the_directory ... ok
test cache::tests::relocation_preserves_payload_frequency_recency_and_admission ... ok
test cache::tests::relocation_copy_under_pressure_moves_the_hot_identity_without_unrelated_eviction ... ok
test cache::tests::relocation_copy_propagates_owner_failure_on_hits_and_during_reservation ... ok
test cache::tests::pruning_unreachable_identities_shrinks_metadata_and_preserves_output_pins ... ok
test cache::tests::shrinking_budget_cannot_forgive_outstanding_reader_pins ... ok
test cache::tests::stale_cursor_position_foreign_cache_and_replaced_payload_cannot_remove_candidates ... ok
test cache::tests::shared_relocation_budget_shrink_distinguishes_aliases_from_external_pins ... ok
test cache::tests::shared_relocation_last_alias_eviction_never_refunds_external_guards ... ok
test cache::tests::trimming_retries_capacity_denial_then_invalidates_layout_without_policy_changes ... ok
test cache::tests::shared_relocation_keeps_every_fitting_identity_without_payload_headroom ... ok
test cache::tests::shared_relocation_chain_survives_rehash_moves_pruning_and_clear ... ok
test cache::tests::frequently_read_working_set_survives_a_historical_scan ... ok
test directory::tests::reachability::a_probe_below_the_first_separator_still_checks_the_child_minimum ... ok
test disk_state::tests::warming::compact_value_locator_does_not_expand_native_cache_identity_slots ... ok
test directory::tests::reachability::a_failed_path_read_is_not_a_proof_of_absence ... ok
test directory::tests::reachability::malformed_candidates_fail_even_for_empty_or_older_roots_before_io ... ok
test directory::tests::reachability::proof_denial_and_owner_expiry_precede_or_fence_reads ... ok
test directory::tests::reachability::membership_requires_the_complete_reference_and_matching_group ... ok
test disk_state::tests::warming_failures::warm_corruption_fences_before_removing_the_unproved_identity_or_mutating_source ... ok
test disk_state::tests::warming_failures::warm_proof_read_failure_fences_and_preserves_the_unproved_value ... ok
test page_cache::tests::admitted_table_only_reader_records_page_retention_denial ... ok
test disk_state::tests::warming_failures::warm_duplicate_pin_capacity_and_final_output_guard_keep_exact_charge_lifetimes ... ok
test directory::tests::reachability::cow_roots_distinguish_obsolete_shared_and_newer_candidates ... ok
test page_cache::tests::fallback_uses_existing_output_and_never_installs_bad_pages ... ok
test disk_state::tests::warming::pruning_a_dead_lookup_keeps_its_returned_output_charged_until_last_guard ... ok
test page_cache::tests::maintenance_private_reads_reuse_hits_without_retaining_or_training_misses ... ok
test page_cache::tests::exact_physical_identity_and_owner_scope_never_alias ... ok
test page_cache::tests::maintenance_reads_check_identity_and_owner_on_hits_and_all_miss_paths ... ok
test directory::tests::reachability::malformed_roots_and_ancestor_bounds_never_prove_absence ... ok
test page_cache::tests::owner_is_checked_on_hits_and_after_io_including_uncached_fallback ... ok
test page_cache::tests::pages_and_values_retain_full_identity_under_one_shared_limit ... ok
test page_cache::tests::private_view_checks_identity_owner_and_output_on_hits_and_raw_misses ... ok
test cache::tests::long_mixed_collision_workload_preserves_directory_invariants ... ok
test page_cache::tests::every_fitting_page_stays_resident_and_append_does_not_warm ... ok
test segment::locator::tests::cached_locator_accepts_put_at_segment_start_with_empty_key_and_value ... ok
test segment::locator::tests::cached_locator_checks_group_record_position_and_stored_checksums ... ok
test segment::locator::tests::cached_locator_put_with_long_suffix_checks_both_fixed_positions_without_scanning_key_magic ... ok
test disk_state::tests::warming::obsolete_relocation_alias_is_removed_without_copying_or_releasing_live_payload ... ok
test segment::locator::tests::cached_locator_rejects_bad_cached_payload_and_invalid_lengths_before_io ... ok
test segment::locator::tests::cached_locator_rejects_checksum_valid_noncanonical_envelopes ... ok
test segment::locator::tests::cached_locator_rejects_truncated_or_oversized_segment_and_preserves_io_failure ... ok
test disk_state::tests::warming_failures::warm_proof_admission_denial_retries_the_unproved_stale_identity ... ok
test disk_state::tests::warming::vanished_pin_and_reclaimed_files_reset_warm_before_any_stale_root_read ... ok
test disk_state::tests::warming_failures::warm_refill_and_cursor_denials_are_retryable_and_never_fence_the_owner ... ok
test segment::locator::tests::cached_locator_recovers_maximum_suffix_and_large_relocated_value_with_one_bounded_read ... ok
test page_cache::tests::private_view_reuses_committed_pages_without_admitting_intermediate_roots ... ok
test directory::tests::reachability::exact_membership_covers_leaf_internal_and_root_pages_with_one_path ... ok
test disk_state::tests::warming_failures::warm_metadata_shrink_denial_keeps_valid_backing_and_retries_on_the_next_pass ... ok
test disk_state::tests::warming::cold_refill_shares_relocated_snapshot_versions_when_only_one_payload_fits ... ok
test page_cache::tests::maintenance_published_reads_keep_all_fitting_pages_and_preserve_hot_pages_at_capacity ... ok
test page_cache::tests::scan_pressure_preserves_hot_pages_and_pins_survive_clear ... ok
test page_cache::tests::maintenance_reads_preserve_existing_frequency_and_recency_rank ... ok
test disk_state::tests::compact::residency_edges::obsolete_compaction_pages_cannot_displace_a_fitting_current_and_pinned_tree ... ok
test disk_state::tests::warming::independent_current_reader_churn_cannot_restart_a_stable_warm_pass ... ok
test disk_state::tests::warming::overwrite_delete_history_is_pruned_and_pin_drop_or_budget_growth_restores_residency ... ok
test page_cache::tests::fitting_directory_repeats_without_page_io_and_checks_snapshot_headers ... ok

test result: ok. 83 passed; 0 failed; 0 ignored; 0 measured; 322 filtered out; finished in 22.09s

