   Compiling kasumi-kv v0.1.0 (/Users/takemiyamakoto/dev/kasumi/crates/kasumi-kv)
    Finished `test` profile [unoptimized + debuginfo] target(s) in 5.38s
     Running unittests src/lib.rs (target/disk-backed-cache/debug/deps/kasumi_kv-e84af9029e220a8f)

running 22 tests
test cache::tests::stale_cursor_position_foreign_cache_and_replaced_payload_cannot_remove_candidates ... ok
test cache::tests::candidate_alias_removal_preserves_shared_payload_and_external_output_admission ... ok
test segment::locator::tests::cached_locator_accepts_put_at_segment_start_with_empty_key_and_value ... ok
test cache::tests::candidate_version_exhaustion_and_failed_owner_fail_closed_without_removing_bytes ... ok
test cache::tests::candidate_pass_has_bounded_work_and_does_not_train_demand_policy ... ok
test segment::locator::tests::cached_locator_checks_group_record_position_and_stored_checksums ... ok
test segment::locator::tests::cached_locator_put_with_long_suffix_checks_both_fixed_positions_without_scanning_key_magic ... ok
test segment::locator::tests::cached_locator_rejects_bad_cached_payload_and_invalid_lengths_before_io ... ok
test segment::locator::tests::cached_locator_rejects_checksum_valid_noncanonical_envelopes ... ok
test segment::locator::tests::cached_locator_rejects_truncated_or_oversized_segment_and_preserves_io_failure ... ok
test directory::tests::reachability::a_probe_below_the_first_separator_still_checks_the_child_minimum ... ok
test directory::tests::reachability::a_failed_path_read_is_not_a_proof_of_absence ... ok
test directory::tests::reachability::proof_denial_and_owner_expiry_precede_or_fence_reads ... ok
test directory::tests::reachability::membership_requires_the_complete_reference_and_matching_group ... ok
test directory::tests::reachability::malformed_candidates_fail_even_for_empty_or_older_roots_before_io ... ok
test directory::tests::reachability::cow_roots_distinguish_obsolete_shared_and_newer_candidates ... ok
test directory::tests::reachability::malformed_roots_and_ancestor_bounds_never_prove_absence ... ok
test segment::locator::tests::cached_locator_recovers_maximum_suffix_and_large_relocated_value_with_one_bounded_read ... ok
test directory::tests::reachability::exact_membership_covers_leaf_internal_and_root_pages_with_one_path ... ok
test disk_state::tests::compact::residency_edges::obsolete_compaction_pages_cannot_displace_a_fitting_current_and_pinned_tree ... ok
test disk_state::tests::pressure_keeps_one_bound_and_refills_when_budget_grows ... ok
test disk_state::tests::fitting_writes_are_immediately_resident_and_reopen_warms_without_misses ... ok

test result: ok. 22 passed; 0 failed; 0 ignored; 0 measured; 367 filtered out; finished in 6.00s

