    Checking kasumi-kv v0.1.0 (/Users/takemiyamakoto/dev/kasumi/crates/kasumi-kv)
error: field `restarted` is never read
  --> crates/kasumi-kv/src/cache.rs:86:16
   |
78 | pub(crate) struct CacheCandidateStep<K> {
   |                   ------------------ field in this struct
...
86 |     pub(crate) restarted: bool,
   |                ^^^^^^^^^
   |
   = note: `-D dead-code` implied by `-D warnings`
   = help: to override `-D warnings` add `#[expect(dead_code)]` or `#[allow(dead_code)]`

error: this `if` statement can be collapsed
   --> crates/kasumi-kv/src/disk_warm.rs:111:17
    |
111 | /                 if let Some(candidate) = step.candidate {
112 | |                     if !self.cached_identity_is_live(&candidate)? {
113 | |                         self.pins.validate_coverage(
114 | |                             self.warmup
...   |
129 | |                 }
    | |_________________^
    |
    = help: for further information visit https://rust-lang.github.io/rust-clippy/rust-1.97.0/index.html#collapsible_if
    = note: `-D clippy::collapsible-if` implied by `-D warnings`
    = help: to override `-D warnings` add `#[allow(clippy::collapsible_if)]`
help: collapse nested if block
    |
111 ~                 if let Some(candidate) = step.candidate
112 ~                     && !self.cached_identity_is_live(&candidate)? {
113 |                         self.pins.validate_coverage(
...
127 |                         }
128 ~                     }
    |

error: this `if` statement can be collapsed
   --> crates/kasumi-kv/src/disk_warm.rs:266:21
    |
266 | /                     if let Some(DirectoryValue::Row { value, batch_seq }) =
267 | |                         reader.get(root, DirectoryKey::row(logical.table, logical.key))?
268 | |                     {
269 | |                         if value == location {
...   |
277 | |                     }
    | |_____________________^
    |
    = help: for further information visit https://rust-lang.github.io/rust-clippy/rust-1.97.0/index.html#collapsible_if
help: collapse nested if block
    |
267 ~                         reader.get(root, DirectoryKey::row(logical.table, logical.key))?
268 ~                         && value == location {
269 |                             if batch_seq != logical.logical_batch_seq {
...
274 |                             return Ok(true);
275 ~                         }
    |

error: this `if` statement can be collapsed
  --> crates/kasumi-kv/src/segment_locator.rs:80:9
   |
80 | /         if let Some(logical_batch_seq) = inspect_envelope(
81 | |             candidate,
82 | |             group_id,
83 | |             LogPosition {
...  |
95 | |         }
   | |_________^
   |
   = help: for further information visit https://rust-lang.github.io/rust-clippy/rust-1.97.0/index.html#collapsible_if
help: collapse nested if block
   |
91 ~         )?
92 ~             && sequence.replace(logical_batch_seq).is_some() {
93 |                 return Err(CoreError::Corrupt("cached value envelope is ambiguous"));
94 ~             }
   |

error: could not compile `kasumi-kv` (lib) due to 4 previous errors
warning: build failed, waiting for other jobs to finish...
error: could not compile `kasumi-kv` (lib test) due to 3 previous errors
