    Checking foldhash v0.2.0
    Checking stable_deref_trait v1.2.1
    Checking allocator-api2 v0.2.21
    Checking serde_core v1.0.229
   Compiling libc v0.2.189
    Checking getrandom v0.2.17
    Checking futures-channel v0.3.34
    Checking futures-task v0.3.34
    Checking futures-io v0.3.34
    Checking thiserror v2.0.20
    Checking tracing-core v0.1.36
    Checking tokio v1.53.1
   Compiling time-macros v0.2.32
    Checking zeroize v1.9.0
    Checking form_urlencoded v1.2.2
    Checking ryu v1.0.23
   Compiling once_cell v1.21.4
    Checking hashbrown v0.17.1
   Compiling itoa v1.0.18
    Checking yoke v0.8.3
    Checking rand_core v0.10.1
   Compiling ptr_meta v0.3.2
    Checking tracing v0.1.44
    Checking rand_core v0.6.4
   Compiling jobserver v0.1.35
   Compiling errno v0.3.14
    Checking rustls-pki-types v1.15.1
    Checking futures-util v0.3.34
    Checking crossbeam-utils v0.8.22
    Checking getrandom v0.4.3
    Checking crypto-common v0.1.7
    Checking sync_wrapper v1.0.2
    Checking ipnet v2.12.1
   Compiling cc v1.4.5
   Compiling rustix v1.1.4
    Checking zerovec v0.11.8
    Checking zerotrie v0.2.5
    Checking regex-syntax v0.8.11
    Checking byteorder v1.5.0
   Compiling rancor v0.1.3
   Compiling crossbeam-epoch v0.9.20
    Checking zerocopy v0.8.56
   Compiling zmij v1.0.23
   Compiling ring v0.17.14
    Checking digest v0.10.7
    Checking bitflags v2.13.1
    Checking either v1.18.0
   Compiling simdutf8 v0.1.5
    Checking serde v1.0.229
    Checking serde_json v1.0.151 (/Users/takemiyamakoto/dev/kasumi/vendor/serde_json-1.0.151)
    Checking indexmap v2.14.1
    Checking deranged v0.5.8
   Compiling zstd-sys v2.1.0+zstd.1.5.7
    Checking tinystr v0.8.4
    Checking potential_utf v0.1.6
   Compiling crossbeam-deque v0.8.7
   Compiling bytecheck v0.8.3
    Checking uuid v1.26.0
   Compiling http v1.5.0
    Checking icu_collections v2.3.0
    Checking icu_locale_core v2.3.0
    Checking sha2 v0.10.9
    Checking serde_urlencoded v0.7.1
   Compiling rend v0.5.4
   Compiling rayon-core v1.13.0
   Compiling ureq-proto v0.6.1
    Checking time v0.3.55
   Compiling crc32fast v1.5.1
   Compiling xattr v1.6.1
   Compiling filetime v0.2.29
   Compiling munge v0.4.7
   Compiling csv-core v0.1.13
   Compiling encoding_rs v0.8.35
    Checking tokio-util v0.7.19
   Compiling percent-encoding v2.3.2
   Compiling flate2 v1.1.10
    Checking axum-core v0.5.6
    Checking tokio-stream v0.1.19
   Compiling tar v0.4.46
    Checking icu_provider v2.3.1
   Compiling rkyv v0.8.18
   Compiling rayon v1.12.0
   Compiling csv v1.4.0
    Checking h2 v0.4.19
    Checking tower v0.5.3
   Compiling encoding_rs_io v0.1.8
    Checking getrandom v0.3.4
    Checking icu_properties v2.3.0
    Checking icu_normalizer v2.3.0
    Checking serde_path_to_error v0.1.20
   Compiling strum v0.28.0
   Compiling memmap2 v0.9.11
    Checking aho-corasick v1.1.5
   Compiling glob v0.3.4
   Compiling crawdad v0.3.0
    Checking asn1-rs v0.7.2
   Compiling daachorse v4.0.0
    Checking imbl v7.0.1
    Checking crunchy v0.2.4
    Checking regex-automata v0.4.18
    Checking ownedbytes v0.9.0
    Checking idna_adapter v1.2.2
    Checking fastrand v2.5.0
    Checking utf8parse v0.2.2
    Checking core-foundation-sys v0.8.7
    Checking tantivy-common v0.11.0
    Checking bitpacking v0.9.3
    Checking ref-cast v1.0.27
    Checking idna v1.1.0
    Checking tempfile v3.27.0
    Checking der-parser v10.0.0
    Checking oid-registry v0.8.1
    Checking iana-time-zone v0.1.65
    Checking anstyle-parse v1.0.0
   Compiling prost v0.14.4
    Checking inout v0.1.4
    Checking colorchoice v1.0.5
    Checking utf8-ranges v1.0.5
    Checking anstyle v1.0.14
    Checking url v2.5.8
    Checking is_terminal_polyfill v1.70.2
    Checking hyper v1.11.1
    Checking anstyle-query v1.1.5
    Checking tantivy-fst v0.5.0
   Compiling prost-types v0.14.4
    Checking cipher v0.4.4
    Checking chrono v0.4.45
    Checking tantivy-bitpacker v0.10.0
    Checking typeid v1.0.3
    Checking regex v1.13.1
    Checking anstream v1.0.0
    Checking futures-executor v0.3.34
    Checking itertools v0.14.0
    Checking ppv-lite86 v0.2.21
    Checking universal-hash v0.5.1
    Checking kasumi-types v0.1.0 (/Users/takemiyamakoto/dev/kasumi/crates/kasumi-types)
   Compiling rustls v0.23.43
    Checking webpki-roots v1.0.9
    Checking num-rational v0.4.2
    Checking num-iter v0.1.46
    Checking num-complex v0.4.6
    Checking lindera-dictionary v5.3.0
    Checking clap_lex v1.1.0
    Checking strsim v0.11.1
    Checking arrayvec v0.7.8
    Checking tinyvec_macros v0.1.1
    Checking hyper-util v0.1.20
    Checking opaque-debug v0.3.1
    Checking murmurhash32 v0.3.1
    Checking rand_chacha v0.3.1
    Checking num v0.4.3
   Compiling prost-build v0.14.4
    Checking clap_builder v4.6.6
    Checking futures v0.3.34
    Checking rust_decimal v1.43.0
    Checking tinyvec v1.13.2
    Checking tantivy-stacker v0.7.0
    Checking poly1305 v0.8.0
    Checking erased-serde v0.4.10
    Checking tower-http v0.6.11
    Checking chacha20 v0.9.1
    Checking ahash v0.8.12
    Checking rustls-webpki v0.103.15
    Checking x509-parser v0.18.1
    Checking anyerror v0.1.13
    Checking aead v0.5.2
    Checking hashbrown v0.16.1
    Checking ordered-float v5.5.0
    Checking borrow-or-share v0.2.4
    Checking inventory v0.3.24
    Checking fastdivide v0.4.2
    Checking downcast-rs v2.0.2
    Checking utf8-width v0.1.9
    Checking bitflags v1.3.2
    Checking unsafe-libyaml v0.2.11
    Checking hyper-timeout v0.5.2
    Checking axum v0.8.9
    Checking bit-vec v0.8.0
    Checking typetag v0.2.23
   Compiling openraft-macros v0.9.25 (/Users/takemiyamakoto/dev/kasumi/vendor/openraft-0.9.25/macros)
    Checking fluent-uri v0.4.1
    Checking tantivy-query-grammar v0.26.0
    Checking clap v4.6.6
    Checking kanaria v0.2.0
    Checking chacha20poly1305 v0.10.1
    Checking serde_yaml_ng v0.10.0
    Checking byte-unit v5.2.5
    Checking bit-set v0.8.0
    Checking validit v0.2.6
    Checking lru v0.16.4 (/Users/takemiyamakoto/dev/kasumi/vendor/lru-0.16.4)
   Compiling tonic-prost-build v0.14.6
    Checking thiserror v1.0.69
    Checking arc-swap v1.9.2
    Checking bon v3.10.0
    Checking unicode-normalization v0.1.25
    Checking rand v0.8.8
    Checking fraction v0.17.0
    Checking derive_more v1.0.0
    Checking fs4 v0.13.1
    Checking kasumi-kv v0.1.0 (/Users/takemiyamakoto/dev/kasumi/crates/kasumi-kv)
    Checking tracing-futures v0.2.5
    Checking rust-stemmers v1.2.0
    Checking sketches-ddsketch v0.4.1
    Checking tantivy-tokenizer-api v0.7.0
    Checking hmac v0.12.1
    Checking crossbeam-channel v0.5.16
    Checking cobs v0.3.0
    Checking measure_time v0.9.0
   Compiling zstd-safe v7.3.0
    Checking quick-xml v0.42.0
    Checking htmlescape v0.3.1
    Checking tokio-rustls v0.26.5
    Checking micromap v0.3.0
    Checking maplit v1.0.2
    Checking outref v0.5.2
    Checking unicode-blocks v0.1.10
    Checking oneshot v0.1.13
    Checking levenshtein_automata v0.2.1
    Checking rustc-hash v2.1.3
    Checking census v0.4.2
    Checking vsimd v0.8.0
    Checking datasketches v0.2.0
    Checking unicode-segmentation v1.13.3
    Checking bytecount v0.6.9
    Checking hyper-rustls v0.27.9
    Checking lz4_flex v0.13.1
    Checking num-cmp v0.1.0
    Checking zstd v0.13.3
    Checking referencing v0.52.1
    Checking postcard v1.1.3
   Compiling kasumi-client v0.1.0 (/Users/takemiyamakoto/dev/kasumi/crates/kasumi-client)
    Checking openraft v0.9.25 (/Users/takemiyamakoto/dev/kasumi/vendor/openraft-0.9.25/openraft)
    Checking uuid-simd v0.8.0
    Checking fancy-regex v0.19.0
    Checking libm v0.2.16
    Checking tonic v0.14.6
    Checking unicode-general-category v1.1.0
    Checking email_address v0.2.9
    Checking jsonschema-regex v0.52.1
    Checking jsonschema-value v0.52.1
    Checking tantivy-sstable v0.7.0
    Checking base64 v0.23.1
    Checking reqwest v0.12.28
    Checking chacha20 v0.10.2
   Compiling ureq v3.4.0
    Checking bigdecimal v0.4.10
    Checking dyn-clone v1.0.20
   Compiling rmcp-macros v3.2.0
    Checking yasna v0.6.0
    Checking simple_asn1 v0.6.4
    Checking sharded-slab v0.1.7
    Checking sse-stream v0.2.6
    Checking jsonschema v0.52.1
    Checking rand v0.10.2
    Checking pem v4.0.0
    Checking schemars v1.2.2
    Checking tantivy-columnar v0.7.0
    Checking tracing-serde v0.2.0
    Checking pem v3.0.6
    Checking thread_local v1.1.10
    Checking rcgen v0.14.10
    Checking kasumi-transport v0.1.0 (/Users/takemiyamakoto/dev/kasumi/crates/kasumi-transport)
    Checking tonic-prost v0.14.6
    Checking jsonwebtoken v9.3.1
    Checking rmcp v3.2.0 (/Users/takemiyamakoto/dev/kasumi/vendor/rmcp-3.2.0)
    Checking tracing-subscriber v0.3.23
    Checking tantivy v0.26.1
    Checking kasumi-serving v0.1.0 (/Users/takemiyamakoto/dev/kasumi/crates/kasumi-serving)
   Compiling lindera-ipadic v5.3.0
    Checking kasumi-store v0.1.0 (/Users/takemiyamakoto/dev/kasumi/crates/kasumi-store)
warning: method `matches_response_id` is never used
   --> vendor/rmcp-3.2.0/src/model.rs:251:19
    |
236 | impl NumberOrString {
    | ------------------- method in this implementation
...
251 |     pub(crate) fn matches_response_id(&self, response_id: &Self) -> bool {
    |                   ^^^^^^^^^^^^^^^^^^^
    |
    = note: `#[warn(dead_code)]` (part of `#[warn(unused)]`) on by default

warning: method `set_client_request_metadata` is never used
    --> vendor/rmcp-3.2.0/src/service.rs:1032:19
     |
 806 | impl<R: ServiceRole> Peer<R> {
     | ---------------------------- method in this implementation
...
1032 |     pub(crate) fn set_client_request_metadata(&self, metadata: ClientRequestMetadata) {
     |                   ^^^^^^^^^^^^^^^^^^^^^^^^^^^

warning: method `is_authorization_required` is never used
   --> vendor/rmcp-3.2.0/src/transport.rs:275:19
    |
249 | impl DynamicTransportError {
    | -------------------------- method in this implementation
...
275 |     pub(crate) fn is_authorization_required(&self) -> bool {
    |                   ^^^^^^^^^^^^^^^^^^^^^^^^^

warning: `rmcp` (lib) generated 3 warnings
    Checking kasumi-raft v0.1.0 (/Users/takemiyamakoto/dev/kasumi/crates/kasumi-raft)
    Checking kasumi-authority v0.1.0 (/Users/takemiyamakoto/dev/kasumi/crates/kasumi-authority)
    Checking lindera v5.3.0
    Checking lindera-analysis v5.3.0
    Checking lindera-tantivy v5.0.1
    Checking kasumi-query v0.1.0 (/Users/takemiyamakoto/dev/kasumi/crates/kasumi-query)
    Checking kasumi-engine v0.1.0 (/Users/takemiyamakoto/dev/kasumi/crates/kasumi-engine)
    Checking kasumi-server v0.1.0 (/Users/takemiyamakoto/dev/kasumi/crates/kasumi-server)
error[E0599]: the associated function or constant `new` exists for struct `FilesystemBackupDestination`, but its trait bounds were not satisfied
   --> crates/kasumi-server/src/administration.rs:99:56
    |
 99 |             } => Arc::new(FilesystemBackupDestination::new(
    |                                                        ^^^ associated function or constant cannot be called on `FilesystemBackupDestination` due to unsatisfied trait bounds
    |
   ::: crates/kasumi-store/src/backup.rs:758:1
    |
758 | pub struct FilesystemBackupDestination {
    | -------------------------------------- doesn't satisfy 5 bounds
    |
note: if you're trying to build a new `FilesystemBackupDestination` consider using one of the following associated functions:
      FilesystemBackupDestination::enroll
      FilesystemBackupDestination::open_enrolled
   --> crates/kasumi-store/src/backup.rs:766:5
    |
766 | /     pub fn enroll(
767 | |         root: impl AsRef<Path>,
768 | |         max_bytes: usize,
769 | |         disk: Arc<crate::NodeDisk>,
770 | |         owner: &kasumi_types::TrustVerifierIdentity,
771 | |         namespace_id: Uuid,
772 | |     ) -> Result<Self> {
    | |_____________________^
...
785 | /     pub fn open_enrolled(
786 | |         root: impl AsRef<Path>,
787 | |         max_bytes: usize,
788 | |         disk: Arc<crate::NodeDisk>,
789 | |         binding: &kasumi_types::BackupNamespaceBinding,
790 | |     ) -> Result<Self> {
    | |_____________________^
    = note: the following trait bounds were not satisfied:
            `FilesystemBackupDestination: FixedOutput`
            which is required by `FilesystemBackupDestination: sha2::Digest`
            `FilesystemBackupDestination: Default`
            which is required by `FilesystemBackupDestination: sha2::Digest`
            `FilesystemBackupDestination: Update`
            which is required by `FilesystemBackupDestination: sha2::Digest`
            `FilesystemBackupDestination: HashMarker`
            which is required by `FilesystemBackupDestination: sha2::Digest`
            `&FilesystemBackupDestination: FixedOutput`
            which is required by `&FilesystemBackupDestination: sha2::Digest`
            `&FilesystemBackupDestination: Default`
            which is required by `&FilesystemBackupDestination: sha2::Digest`
            `&FilesystemBackupDestination: Update`
            which is required by `&FilesystemBackupDestination: sha2::Digest`
            `&FilesystemBackupDestination: HashMarker`
            which is required by `&FilesystemBackupDestination: sha2::Digest`
            `&mut FilesystemBackupDestination: FixedOutput`
            which is required by `&mut FilesystemBackupDestination: sha2::Digest`
            `&mut FilesystemBackupDestination: Default`
            which is required by `&mut FilesystemBackupDestination: sha2::Digest`
            `&mut FilesystemBackupDestination: Update`
            which is required by `&mut FilesystemBackupDestination: sha2::Digest`
            `&mut FilesystemBackupDestination: HashMarker`
            which is required by `&mut FilesystemBackupDestination: sha2::Digest`

For more information about this error, try `rustc --explain E0599`.
error: could not compile `kasumi-server` (lib) due to 1 previous error
