   Compiling kasumi-types v0.1.0 (/Users/takemiyamakoto/dev/kasumi/crates/kasumi-types)
warning: method `matches_response_id` is never used
   --> vendor/rmcp-3.2.0/src/model.rs:251:19
    |
236 | impl NumberOrString {
    | ------------------- method in this implementation
...
251 |     pub(crate) fn matches_response_id(&self, response_id: &Self) -> bool {
    |                   ^^^^^^^^^^^^^^^^^^^
    |
    = note: `#[warn(dead_code)]` (part of `#[warn(unused)]`) on by default

warning: method `set_client_request_metadata` is never used
    --> vendor/rmcp-3.2.0/src/service.rs:1032:19
     |
 806 | impl<R: ServiceRole> Peer<R> {
     | ---------------------------- method in this implementation
...
1032 |     pub(crate) fn set_client_request_metadata(&self, metadata: ClientRequestMetadata) {
     |                   ^^^^^^^^^^^^^^^^^^^^^^^^^^^

warning: method `is_authorization_required` is never used
   --> vendor/rmcp-3.2.0/src/transport.rs:275:19
    |
249 | impl DynamicTransportError {
    | -------------------------- method in this implementation
...
275 |     pub(crate) fn is_authorization_required(&self) -> bool {
    |                   ^^^^^^^^^^^^^^^^^^^^^^^^^

warning: `rmcp` (lib) generated 3 warnings
   Compiling kasumi-serving v0.1.0 (/Users/takemiyamakoto/dev/kasumi/crates/kasumi-serving)
   Compiling kasumi-query v0.1.0 (/Users/takemiyamakoto/dev/kasumi/crates/kasumi-query)
   Compiling kasumi-store v0.1.0 (/Users/takemiyamakoto/dev/kasumi/crates/kasumi-store)
   Compiling kasumi-client v0.1.0 (/Users/takemiyamakoto/dev/kasumi/crates/kasumi-client)
   Compiling kasumi-raft v0.1.0 (/Users/takemiyamakoto/dev/kasumi/crates/kasumi-raft)
   Compiling kasumi-engine v0.1.0 (/Users/takemiyamakoto/dev/kasumi/crates/kasumi-engine)
   Compiling kasumi-authority v0.1.0 (/Users/takemiyamakoto/dev/kasumi/crates/kasumi-authority)
   Compiling kasumi-server v0.1.0 (/Users/takemiyamakoto/dev/kasumi/crates/kasumi-server)
warning: linker stderr: ld: __eh_frame section too large (max 16MB) to encode dwarf unwind offsets in compact unwind table, performance of exception handling might be affected
  |
  = note: `#[warn(linker_messages)]` on by default

warning: `kasumi-server` (lib test) generated 1 warning
    Finished `test` profile [unoptimized + debuginfo] target(s) in 2m 15s
     Running unittests src/lib.rs (target/debug/deps/kasumi_server-cc7c9b9a2f2be7df)

running 1 test
[replicated fixture +41ns] waiting for lifecycle gate
[replicated fixture +184.75µs] acquired lifecycle gate
[replicated fixture +102.799375ms] prepared cluster storage
[replicated fixture +104.169291ms] binding mock KMS listener
[replicated fixture +104.341666ms] bound mock KMS listener
[replicated fixture +108.879875ms] generated 3 node identities
[replicated fixture +108.936958ms] creating recovery fixture
[replicated fixture +2.102509416s] recovery fixture ready
[replicated fixture +2.102570958s] configuring node 0
[replicated fixture +2.102775125s] node 0: configuring recovery credentials
[replicated fixture +2.298126291s] node 0: recovery credentials configured
[replicated fixture +2.298180291s] node 0: enrolling storage
[replicated fixture +3.727651583s] node 0: storage enrolled
[replicated fixture +3.72779525s] configuring node 1
[replicated fixture +3.727934416s] node 1: configuring recovery credentials
[replicated fixture +3.92775125s] node 1: recovery credentials configured
[replicated fixture +3.927799375s] node 1: enrolling storage
[replicated fixture +5.315357791s] node 1: storage enrolled
[replicated fixture +5.315425333s] configuring node 2
[replicated fixture +5.315581s] node 2: configuring recovery credentials
[replicated fixture +5.510074083s] node 2: recovery credentials configured
[replicated fixture +5.510126416s] node 2: enrolling storage
[replicated fixture +6.94923525s] node 2: storage enrolled
[replicated fixture +6.949316708s] all node configurations ready
[replicated fixture +6.949437166s] creating recovery request context
[replicated fixture +6.972212875s] request context ready
[replicated fixture +6.972447916s] node 0: opening runtime
[replicated fixture +7.500882875s] node 0: runtime opened
[replicated fixture +7.501000833s] node 0: server spawned
[replicated fixture +7.501054416s] node 1: opening runtime
[replicated fixture +7.885652875s] node 1: runtime opened
[replicated fixture +7.885758791s] node 1: server spawned
[replicated fixture +7.885810625s] node 2: opening runtime
[replicated fixture +8.370462708s] node 2: runtime opened
[replicated fixture +8.370564s] node 2: server spawned
[replicated fixture +8.370593041s] waiting for tenant registries
[replicated fixture +10.592557125s] tenant registries ready
[replicated fixture +10.594202708s] waiting for data leader
[replicated fixture +10.594251875s] data leader selected: node 0
[replicated fixture +10.594424791s] creating docs collection
[replicated fixture +11.062409791s] docs collection created
[replicated fixture +11.062446083s] writing initial document
[replicated fixture +11.373201s] initial document write resolved
[replicated fixture +11.373249291s] waiting for document replication
[replicated fixture +11.373302541s] document replicated
[replicated fixture +11.373320333s] suspending source database
[replicated fixture +11.571647541s] source suspend accepted
[replicated fixture +11.571717625s] starting backup
[replicated fixture +13.645901791s] backup command completed
[replicated fixture +13.645958291s] waiting for suspend replication
[replicated fixture +13.645981791s] suspend replicated
[replicated fixture +13.646005208s] verifying backup checkpoint
[replicated fixture +15.576094208s] backup checkpoint verification returned
[replicated fixture +15.576171875s] installing recovery targets
[replicated fixture +16.320724333s] recovery targets installed
[replicated fixture +16.320782166s] checking expired Initialize after owned target restart
target owned switch command=b7fd5131-7235-4959-8ee0-f478ff347c8f previous_phase=false previous_cap=None replica=false stores=false group=false custody=false serving=false
target owned switch command=b7fd5131-7235-4959-8ee0-f478ff347c8f previous_phase=false previous_cap=None replica=false stores=false group=false custody=false serving=false
target owned switch command=b7fd5131-7235-4959-8ee0-f478ff347c8f previous_phase=false previous_cap=None replica=false stores=false group=false custody=false serving=false
target owned switch command=dcb3d0e1-766f-4f8c-8e50-e8e1ecaea025 previous_phase=true previous_cap=Some(1790480823330) replica=false stores=true group=false custody=false serving=false

thread 'tokio-rt-worker' (46686832) has overflowed its stack
fatal runtime error: stack overflow, aborting
error: test failed, to rerun pass `-p kasumi-server --lib`

Caused by:
  process didn't exit successfully: `/Users/takemiyamakoto/dev/kasumi/target/debug/deps/kasumi_server-cc7c9b9a2f2be7df three_runtime_nodes_inspect_expired_initialize_on_another_elected_leader --nocapture` (signal: 6, SIGABRT: process abort signal)
