Cargo.lock: OK
Cargo.toml: OK
crates/kasumi-client/src/target.rs: OK
crates/kasumi-engine/src/bootstrap_target_quorum.rs: OK
crates/kasumi-engine/src/lib.rs: OK
crates/kasumi-engine/src/recovery_initial_inspection.rs: OK
crates/kasumi-engine/src/recovery_quorum.rs: OK
crates/kasumi-engine/src/recovery_receiver_tests.rs: OK
crates/kasumi-engine/src/recovery_service.rs: OK
crates/kasumi-engine/src/recovery_state.rs: OK
crates/kasumi-engine/src/service.rs: OK
crates/kasumi-engine/src/snapshot_recovery_tests.rs: OK
crates/kasumi-engine/src/target_initial_membership_service.rs: OK
crates/kasumi-engine/src/target_journal_dispatch.rs: OK
crates/kasumi-engine/src/target_signer.rs: OK
crates/kasumi-server/src/administration.rs: OK
crates/kasumi-server/src/audit_destination.rs: OK
crates/kasumi-server/src/backup_destination_installation.rs: OK
crates/kasumi-server/src/backup_destination_installation_tests.rs: OK
crates/kasumi-server/src/bin/kasumid.rs: OK
crates/kasumi-server/src/lib.rs: OK
crates/kasumi-server/src/local_recovery.rs: OK
crates/kasumi-server/src/persistent_disk.rs: OK
crates/kasumi-server/src/recovery_runtime.rs: OK
crates/kasumi-server/src/runtime.rs: OK
crates/kasumi-server/src/runtime_recovery_tests.rs: OK
crates/kasumi-server/src/runtime_serving_tests.rs: OK
crates/kasumi-server/src/signer_runtime.rs: OK
crates/kasumi-server/src/signer_runtime_tests.rs: OK
crates/kasumi-server/src/standalone.rs: OK
crates/kasumi-server/src/standalone_cli.rs: OK
crates/kasumi-server/src/target_phase_runtime.rs: OK
crates/kasumi-server/src/target_runtime.rs: OK
crates/kasumi-serving/src/target.rs: OK
crates/kasumi-store/src/serving_access.rs: OK
crates/kasumi-types/src/lib.rs: OK
crates/kasumi-types/src/lifecycle.rs: OK
crates/kasumi-types/src/recovery.rs: OK
crates/kasumi-types/src/target.rs: OK
crates/kasumi-types/src/target_initial_membership_status.rs: OK
crates/kasumi-types/src/target_runtime_protocol.rs: OK
rust-toolchain.toml: OK
