   Compiling kasumi-types v0.1.0 (/private/tmp/kasumi-production-drain-validation/crates/kasumi-types)
   Compiling kasumi-serving v0.1.0 (/private/tmp/kasumi-production-drain-validation/crates/kasumi-serving)
   Compiling kasumi-store v0.1.0 (/private/tmp/kasumi-production-drain-validation/crates/kasumi-store)
   Compiling kasumi-query v0.1.0 (/private/tmp/kasumi-production-drain-validation/crates/kasumi-query)
   Compiling kasumi-raft v0.1.0 (/private/tmp/kasumi-production-drain-validation/crates/kasumi-raft)
   Compiling kasumi-engine v0.1.0 (/private/tmp/kasumi-production-drain-validation/crates/kasumi-engine)
    Finished `test` profile [unoptimized + debuginfo] target(s) in 2m 09s
     Running tests/retirement.rs (/tmp/kasumi-production-root-target/debug/deps/retirement-59874a58f1b71cc1)

running 10 tests
test retirement_snapshot::actual_stopped_retirement_snapshot_has_no_retired_custody_marker ... ok
test retired_source_rotates_custody_without_reopening_data_or_rewriting_original_actor ... ok
test permanent_retirement_quota_fails_before_backup_io_and_exact_failure_replays ... ok
test durable_retirement_stop_defeats_inflight_backup_verification_and_survives_restart ... ok
test invisible_staged_identity_after_checkpoint_is_not_lost_by_retirement ... ok
test actual_retirement_seed_reopens_through_control_domain_without_loading_source_payload ... ok
test caller_checkpoint_observation_is_not_backup_authority ... ok
test post_checkpoint_payload_or_rejected_mutation_identity_blocks_retirement ... ok
test exact_retirement_seals_source_once_and_retains_proof_after_encrypted_restart ... ok
test retirement_snapshot::actual_retired_snapshot_only_replica_preserves_rotated_custody_after_encrypted_restart ... ok

test result: ok. 10 passed; 0 failed; 0 ignored; 0 measured; 0 filtered out; finished in 19.25s

     Running tests/schema_activation.rs (/tmp/kasumi-production-root-target/debug/deps/schema_activation-efa85994d6329a92)

running 13 tests
test first_release_schema_wire_requires_explicit_effect_and_lookup_dependencies ... ok
test atomic_bundle_publishes_all_indexes_once_and_preserves_read_generations ... ok
test incarnation_schema_data_and_current_authority_are_independent_fences ... ok
test rejection_is_permanent_and_never_publishes_an_earlier_valid_change ... ok
test schema_effect_digest_binds_dependencies_and_current_read_permission_is_required_on_replay ... ok
test text_and_structured_indexes_publish_together_after_existing_documents_validate ... ok
test record_metadata_and_serialized_budgets_fail_before_partial_activation ... ok
test schema_shape_immutable_mode_snapshot_validation_and_retained_quota ... ok
test ordered_schema_dependencies_reject_changed_document_phantom_snapshot_and_expired_deadline ... ok
test cold_schema_change_rejects_whole_bundle_and_scoped_status_rechecks_authority ... ok
test encrypted_schema_lookup_checks_current_fences_without_rewriting_original_effect ... ok
test encrypted_restart_and_full_restore_preserve_permanent_activation_receipts ... ok
test restored_permanent_schema_history_exceeds_the_former_lifetime_ceiling ... ok

test result: ok. 13 passed; 0 failed; 0 ignored; 0 measured; 0 filtered out; finished in 32.01s

