   Compiling kasumi-types v0.1.0 (/private/tmp/kasumi-production-streaming/crates/kasumi-types)
   Compiling kasumi-serving v0.1.0 (/private/tmp/kasumi-production-streaming/crates/kasumi-serving)
   Compiling kasumi-store v0.1.0 (/private/tmp/kasumi-production-streaming/crates/kasumi-store)
    Finished `test` profile [unoptimized + debuginfo] target(s) in 19.15s
     Running unittests src/lib.rs (/tmp/kasumi-production-streaming-target/debug/deps/kasumi_store-41ed7df4e6a1a1f2)

running 81 tests
test audit_archive::tests::existing_nonprivate_archive_directory_is_rejected_without_chmod ... ok
test audit_archive::owned::tests::exclusive_rename_preserves_an_existing_destination_and_the_source_inode ... ok
test backup::minio_live::actual_minio_tls_sigv4_encrypted_roundtrip_create_only_and_access_denial ... ignored, requires explicit KASUMI_MINIO_DOCKER_HOST, KASUMI_MINIO_DOCKER_CONFIG and KASUMI_MINIO_WORKDIR; official pinned image must be pre-pulled
test backup::s3_tests::aws_published_signature_v4_get_object_vector ... ok
test audit_archive::tests::historical_source_is_exact_and_does_not_reopen_a_live_generation ... ok
test audit_archive::tests::authentication_and_final_record_counts_precede_any_release ... ok
test audit_archive::tests::historical_verification_checks_the_original_clock_and_release_fence ... ok
test backup::sessions_s3::tests::signed_query_uses_aws_encoding_and_sorting ... ok
test backup::sessions_s3::tests::bounded_s3_xml_rejects_wrong_scope_order_truncation_and_entities ... ok
test backup::tests::destination_byte_limits_and_untrusted_format_are_rejected ... ok
test audit_archive::tests::object_symlink_cannot_read_or_overwrite_unrelated_files ... ok
test audit_archive::tests::reverse_archive_dependencies_are_bounded_and_require_exact_link_and_source_verification ... ok
test audit_archive::owned::tests::owned_publication_resolves_partial_writes_and_uncertain_rename_without_adopting_files ... ok
test audit_archive::tests::persisted_external_placement_never_falls_back_to_default_after_restart ... ok
test backup::s3_tests::s3_credentials_are_reloaded_as_one_atomic_bundle ... ok
test backup::s3_tests::s3_tls_round_trip_signed_session_token_create_only_and_bounded_download ... ok
test audit_archive::tests::verified_archive_is_private_immutable_contiguous_and_reopenable ... ok
test backup::tests::historical_backup_keeps_original_key_dependencies_after_rewrap ... ok
test backup::tests::removal_of_an_inactive_backup_key_dependency_breaks_authentication ... ok
test backup::tests::encrypted_bundle_round_trip_filesystem_reopen_and_tamper_rejection ... ok
test file_keys::tests::rejects_public_keyrings_symlinks_and_unsupported_formats ... ok
test keys::tests::transit_origin_path_and_wrapped_version_validation ... ok
test file_keys::tests::file_keyring_rotation_binding_fresh_reads_and_reopen ... ok
test keys::tests::transit_rejects_missing_trust_tls12_redirects_malformed_and_oversized_responses ... ok
test keys::tests::transit_reads_replaced_token_for_every_request_and_never_caches_failure ... ok
test file_keys::tests::standalone_catalog_binds_installation_tenant_and_generation ... ok
test backup_sessions::tests::session_keeps_historical_source_purpose_separate_from_current_access ... ok
test backup_sessions::tests::filesystem_cleanup_rejects_directory_symlink_substitution ... ok
test keys::tests::transit_tls_generation_fresh_decrypt_rewrap_context_and_revocation ... ok
test catalog_budget::catalog_byte_quota_rejects_initialization_rotation_and_rewrap_before_persistence ... ok
test catalog_budget::exact_catalog_boundary_leaves_room_for_worst_case_manifest_tenant_encoding ... ok
test backup_sessions::tests::completion_excludes_abort_and_corrupt_publication_never_grants_cleanup ... ok
test live_trust::tests::complete_file_reopen_retains_exact_trust_and_permanent_key_bindings ... ok
test live_trust::tests::encrypted_current_generation_fences_lease_admission_and_retained_responses ... ok
test live_trust::tests::encrypted_restart_and_clock_regression_restart_the_complete_retirement_drain ... ok
test scratch_disk::tests::pending_files_share_filesystem_promises_and_keep_recovery_reserve ... ok
test live_trust::tests::issuance_and_encoded_response_require_the_exact_active_signer_owner ... ok
test scratch_disk::tests::immutable_image_readers_retain_capacity_until_the_last_owner_drains ... ok
test live_trust::tests::exact_live_generation_rejects_historical_and_reused_key_forgery ... ok
test scratch_disk::tests::physical_directory_reopens_share_budget_and_cannot_change_it ... ok
test scratch_disk::tests::concurrent_spools_cannot_each_spend_the_aggregate_budget ... ok
test scratch_disk::tests::rejects_symlinks_and_overflowing_configuration ... ok
test scratch_disk::tests::pinned_directory_survives_path_substitution_without_using_replacement ... ok
test scratch_disk::tests::separate_governors_cannot_double_spend_filesystem_promises ... ok
test spool::tests::corrupted_or_reordered_blocks_fail_authentication ... ok
test scratch_disk::tests::truncation_and_rejected_growth_preserve_exact_file_charges ... ok
test spool::tests::encrypted_spool_seek_overwrite_and_bounds ... ok
test live_trust::tests::uncertain_activation_closes_old_owner_and_exact_receipt_recovers_from_encrypted_state ... ok
test live_trust::tests::stopped_stage_and_new_admin_requests_preserve_original_identity_and_reject_format_fallback ... ok
test storage_domains::tests::post_commit_domain_expiry_reports_uncertainty_and_retains_complete_write ... ok
test storage_domains::tests::combined_quota_and_substituted_catalog_binding_fail_before_publication ... ok
test tests::a_late_success_cannot_undo_an_explicit_seal ... ok
test tests::a_fresh_probe_covers_every_retained_version_and_revocation_seals_warm_state ... ok
test storage_domains::tests::control_reopens_without_any_application_key_probe_after_revocation ... ok
test tests::bounded_encrypted_reads_reject_payload_before_plaintext_allocation ... ok
test tests::atomic_batches_and_cross_namespace_isolation_survive_reopen ... ok
test audit_archive::tests::segment_capacity_is_bounded_and_positions_use_checked_u64 ... ok
test tests::canceled_shutdown_drains_blocked_probe_and_releases_the_database_file ... ok
test tests::completed_shutdown_allows_distinct_store_without_reviving_retained_handles ... ok
test storage_domains::tests::domains_require_distinct_actual_wrapping_policies_and_same_node ... ok
test tests::expiry_during_fsync_reports_unknown_outcome_and_preserves_committed_batch ... ok
test tests::delayed_probe_cannot_extend_a_lease_past_sixty_seconds_from_start ... ok
test tests::ciphertext_corruption_swapping_and_wrong_tenant_are_rejected ... ok
test tests::expiry_during_key_catalog_fsync_does_not_acknowledge_rotation ... ok
test tests::different_tenants_do_not_share_a_slow_key_service_open_gate ... ok
test tests::invalid_batch_does_not_apply_earlier_operations ... ok
test tests::names_keys_and_values_are_absent_from_disk_and_nonce_changes_on_overwrite ... ok
test tests::periodic_probes_start_every_twenty_seconds_despite_provider_latency ... ok
test tests::faulty_provider_rewrap_cannot_replace_data_keys_or_break_recovery ... ok
test tests::node_files_are_private_nofollow_and_keep_exclusive_database_ownership ... ok
test tests::expiry_watchdog_discards_keys_and_notifies_without_an_incoming_request ... ok
test tests::every_injected_commit_failure_recovers_whole_batch_or_previous_state ... ok
test tests::shutdown_fences_a_waiting_background_task_registration ... ok
test tests::rewrap_preserves_documents_after_retiring_old_wrapping_versions ... ok
test tests::sixty_second_suspend_aware_expiry_and_explicit_recovery ... ok
test tests::separate_node_stores_and_pinned_reads_share_one_scratch_budget ... ok
test tests::pinned_read_roots_and_streamed_namespace_publication_preserve_isolation ... ok
test keys::tests::transit_timeout_is_bounded_and_seals_existing_plaintext ... ok
test tests::wrapping_catalog_is_atomic_across_every_injected_commit_failure ... ok
test storage_domains::tests::every_interrupted_domain_transaction_recovers_whole_old_or_whole_new ... ok
test backup_sessions::tests::filesystem_abort_cleanup_is_bounded_repeatable_and_retains_control_and_other_namespaces ... ok

test result: ok. 80 passed; 0 failed; 1 ignored; 0 measured; 0 filtered out; finished in 14.92s

