   Compiling proc-macro2 v1.0.107
   Compiling quote v1.0.47
   Compiling unicode-ident v1.0.24
   Compiling syn v2.0.119
   Compiling syn v3.0.5
   Compiling libc v0.2.189
   Compiling cfg-if v1.0.4
   Compiling equivalent v1.0.2
   Compiling smallvec v1.16.0
   Compiling bytes v1.12.1
   Compiling hashbrown v0.17.1
   Compiling synstructure v0.13.2
   Compiling pin-project-lite v0.2.17
   Compiling parking_lot_core v0.9.12
   Compiling zerofrom-derive v0.1.7
   Compiling scopeguard v1.2.0
   Compiling lock_api v0.4.14
   Compiling zerofrom v0.1.8
   Compiling yoke-derive v0.8.2
   Compiling errno v0.3.14
   Compiling anyhow v1.0.104
   Compiling stable_deref_trait v1.2.1
   Compiling itoa v1.0.18
   Compiling futures-core v0.3.34
   Compiling yoke v0.8.3
   Compiling signal-hook-registry v1.4.8
   Compiling parking_lot v0.12.5
   Compiling mio v1.2.3
   Compiling socket2 v0.6.5
   Compiling tokio-macros v2.7.2
   Compiling tokio v1.53.1
   Compiling zerovec-derive v0.11.6
   Compiling once_cell v1.21.4
   Compiling memchr v2.8.3
   Compiling zerovec v0.11.8
   Compiling indexmap v2.14.2
   Compiling displaydoc v0.2.7
   Compiling find-msvc-tools v0.1.12
   Compiling shlex v2.0.1
   Compiling serde_core v1.0.229
   Compiling cc v1.4.5
   Compiling http v1.5.0
   Compiling getrandom v0.4.3
   Compiling ring v0.17.14
   Compiling tracing-core v0.1.36
   Compiling tracing-attributes v0.1.31
   Compiling either v1.18.0
   Compiling futures-sink v0.3.34
   Compiling version_check v0.9.5
   Compiling slab v0.4.12
   Compiling generic-array v0.14.7
   Compiling tokio-util v0.7.19
   Compiling itertools v0.14.0
   Compiling tracing v0.1.44
   Compiling http-body v1.1.0
   Compiling tinystr v0.8.4
   Compiling log v0.4.34
   Compiling litemap v0.8.3
   Compiling writeable v0.6.4
   Compiling icu_locale_core v2.3.0
   Compiling prost-derive v0.14.4
   Compiling zerotrie v0.2.5
   Compiling potential_utf v0.1.6
   Compiling getrandom v0.2.17
   Compiling icu_normalizer_data v2.3.0
   Compiling icu_properties_data v2.3.0
   Compiling typenum v1.20.1
   Compiling httparse v1.10.1
   Compiling tower-service v0.3.3
   Compiling bitflags v2.13.1
   Compiling utf8_iter v1.0.4
   Compiling untrusted v0.9.0
   Compiling futures-task v0.3.34
   Compiling futures-util v0.3.34
   Compiling icu_collections v2.3.0
   Compiling icu_provider v2.3.1
   Compiling pulldown-cmark v0.13.4
   Compiling percent-encoding v2.3.2
   Compiling try-lock v0.2.5
   Compiling zeroize v1.9.0
   Compiling fnv v1.0.7
   Compiling prettyplease v0.2.37
   Compiling rustix v1.1.4
   Compiling atomic-waker v1.1.2
   Compiling h2 v0.4.19
   Compiling rustls-pki-types v1.15.1
   Compiling want v0.3.1
   Compiling futures-channel v0.3.34
   Compiling foldhash v0.1.5
   Compiling unicase v2.9.0
   Compiling tower-layer v0.3.3
   Compiling rustls v0.23.44
   Compiling httpdate v1.0.3
   Compiling regex-syntax v0.8.11
   Compiling sync_wrapper v1.0.2
   Compiling regex-automata v0.4.18
   Compiling hyper v1.11.1
   Compiling prost v0.14.4
   Compiling hashbrown v0.15.5
   Compiling icu_properties v2.3.0
   Compiling icu_normalizer v2.3.0
   Compiling rustls-webpki v0.103.15
   Compiling block-buffer v0.10.4
   Compiling crypto-common v0.1.7
   Compiling http-body-util v0.1.5
   Compiling subtle v2.6.1
   Compiling bytemuck v1.25.2
   Compiling mime v0.3.17
   Compiling fastrand v2.5.0
   Compiling fixedbitset v0.5.7
   Compiling zmij v1.0.23
   Compiling tempfile v3.27.0
   Compiling petgraph v0.8.3
   Compiling axum-core v0.5.6
   Compiling safe_arch v0.7.4
   Compiling digest v0.10.7
   Compiling idna_adapter v1.2.2
   Compiling pulldown-cmark-to-cmark v22.0.1
   Compiling prost-types v0.14.4
   Compiling hyper-util v0.1.20
   Compiling regex v1.13.1
   Compiling tower v0.5.3
   Compiling cpufeatures v0.2.17
   Compiling pin-project-internal v1.1.13
   Compiling serde v1.0.229
   Compiling rand_core v0.9.5
   Compiling bitmaps v3.2.1
   Compiling heck v0.5.0
   Compiling multimap v0.10.1
   Compiling thiserror v2.0.20
   Compiling serde_json v1.0.151
   Compiling matchit v0.8.4
   Compiling axum v0.8.9
   Compiling prost-build v0.14.4
   Compiling imbl-sized-chunks v0.1.3
   Compiling rand_xoshiro v0.7.0
   Compiling pin-project v1.1.13
   Compiling sha2 v0.10.9
   Compiling hyper-timeout v0.5.2
   Compiling idna v1.1.0
   Compiling tokio-rustls v0.26.5
   Compiling wide v0.7.33
   Compiling tonic-build v0.14.6
   Compiling form_urlencoded v1.2.2
   Compiling tokio-stream v0.1.19
   Compiling async-trait v0.1.92
   Compiling thiserror-impl v2.0.20
   Compiling serde_derive v1.0.229
   Compiling archery v1.2.3
   Compiling protoc-bin-vendored-macos-aarch_64 v3.2.0
   Compiling protoc-bin-vendored-linux-x86_64 v3.2.0
   Compiling base64 v0.22.1
   Compiling protoc-bin-vendored-linux-x86_32 v3.2.0
   Compiling protoc-bin-vendored-linux-s390_64 v3.2.0
   Compiling protoc-bin-vendored-linux-ppcle_64 v3.2.0
   Compiling protoc-bin-vendored-macos-x86_64 v3.2.0
   Compiling protoc-bin-vendored-win32 v3.2.0
   Compiling protoc-bin-vendored-linux-aarch_64 v3.2.0
   Compiling protoc-bin-vendored v3.2.0
   Compiling tonic v0.14.6
   Compiling imbl v7.0.1
   Compiling uuid v1.26.0
   Compiling url v2.5.8
   Compiling tonic-prost-build v0.14.6
   Compiling kasumi-clock v0.1.0 (/private/tmp/kasumi-stock-sdk-consumer/crates/kasumi-clock)
   Compiling kasumi-types v0.1.0 (/private/tmp/kasumi-stock-sdk-consumer/crates/kasumi-types)
   Compiling kasumi-client v0.1.0 (/private/tmp/kasumi-stock-sdk-consumer/crates/kasumi-client)
   Compiling hex v0.4.3
   Compiling kasumi-serving v0.1.0 (/private/tmp/kasumi-stock-sdk-consumer/crates/kasumi-serving)
   Compiling tonic-prost v0.14.6
   Compiling kasumi-transport v0.1.0 (/private/tmp/kasumi-stock-sdk-consumer/crates/kasumi-transport)
    Finished `test` profile [unoptimized + debuginfo] target(s) in 1m 47s
