warning: method `matches_response_id` is never used
   --> vendor/rmcp-3.2.0/src/model.rs:251:19
    |
236 | impl NumberOrString {
    | ------------------- method in this implementation
...
251 |     pub(crate) fn matches_response_id(&self, response_id: &Self) -> bool {
    |                   ^^^^^^^^^^^^^^^^^^^
    |
    = note: `#[warn(dead_code)]` (part of `#[warn(unused)]`) on by default

warning: method `set_client_request_metadata` is never used
    --> vendor/rmcp-3.2.0/src/service.rs:1032:19
     |
 806 | impl<R: ServiceRole> Peer<R> {
     | ---------------------------- method in this implementation
...
1032 |     pub(crate) fn set_client_request_metadata(&self, metadata: ClientRequestMetadata) {
     |                   ^^^^^^^^^^^^^^^^^^^^^^^^^^^

warning: method `is_authorization_required` is never used
   --> vendor/rmcp-3.2.0/src/transport.rs:275:19
    |
249 | impl DynamicTransportError {
    | -------------------------- method in this implementation
...
275 |     pub(crate) fn is_authorization_required(&self) -> bool {
    |                   ^^^^^^^^^^^^^^^^^^^^^^^^^

warning: `rmcp` (lib) generated 3 warnings
   Compiling kasumi-server v0.1.0 (/Users/takemiyamakoto/dev/kasumi/crates/kasumi-server)
warning: linker stderr: ld: __eh_frame section too large (max 16MB) to encode dwarf unwind offsets in compact unwind table, performance of exception handling might be affected
  |
  = note: `#[warn(linker_messages)]` on by default

warning: `kasumi-server` (lib test) generated 1 warning
    Finished `test` profile [unoptimized + debuginfo] target(s) in 44.50s
     Running unittests src/lib.rs (target/debug/deps/kasumi_server-cc7c9b9a2f2be7df)

running 1 test
[replicated fixture +0ns] waiting for lifecycle gate
[replicated fixture +166.209µs] acquired lifecycle gate
[replicated fixture +128.451417ms] prepared cluster storage
[replicated fixture +129.972167ms] binding mock KMS listener
[replicated fixture +130.130709ms] bound mock KMS listener
[replicated fixture +136.073167ms] generated 3 node identities
[replicated fixture +136.128792ms] creating recovery fixture
[replicated fixture +2.385500042s] recovery fixture ready
[replicated fixture +2.385557125s] configuring node 0
[replicated fixture +2.38573275s] node 0: configuring recovery credentials
[replicated fixture +2.638926s] node 0: recovery credentials configured
[replicated fixture +2.6389805s] node 0: enrolling storage
[replicated fixture +4.202309959s] node 0: storage enrolled
[replicated fixture +4.202362959s] configuring node 1
[replicated fixture +4.202508625s] node 1: configuring recovery credentials
[replicated fixture +4.407515584s] node 1: recovery credentials configured
[replicated fixture +4.407561292s] node 1: enrolling storage
[replicated fixture +5.905838375s] node 1: storage enrolled
[replicated fixture +5.9058895s] configuring node 2
[replicated fixture +5.906040292s] node 2: configuring recovery credentials
[replicated fixture +6.119746292s] node 2: recovery credentials configured
[replicated fixture +6.119811959s] node 2: enrolling storage
[replicated fixture +7.585295084s] node 2: storage enrolled
[replicated fixture +7.585348375s] all node configurations ready
[replicated fixture +7.585415334s] creating recovery request context
[replicated fixture +7.6121315s] request context ready
[replicated fixture +7.612386459s] node 0: opening runtime
[replicated fixture +8.037210875s] node 0: runtime opened
[replicated fixture +8.037332792s] node 0: server spawned
[replicated fixture +8.037400709s] node 1: opening runtime
[replicated fixture +8.3768395s] node 1: runtime opened
[replicated fixture +8.376936334s] node 1: server spawned
[replicated fixture +8.376996167s] node 2: opening runtime
[replicated fixture +8.7853395s] node 2: runtime opened
[replicated fixture +8.785406792s] node 2: server spawned
[replicated fixture +8.785428959s] waiting for tenant registries
[replicated fixture +10.953588584s] tenant registries ready
[replicated fixture +10.953828917s] waiting for data leader
[replicated fixture +10.9538725s] data leader selected: node 0
[replicated fixture +10.953922s] creating docs collection
[replicated fixture +11.524373459s] docs collection created
[replicated fixture +11.524413417s] writing initial document
[replicated fixture +11.865697s] initial document write resolved
[replicated fixture +11.865756167s] waiting for document replication
[replicated fixture +11.865810167s] document replicated
[replicated fixture +11.865826625s] suspending source database
[replicated fixture +12.062825792s] source suspend accepted
[replicated fixture +12.062851125s] starting backup
[replicated fixture +14.136262042s] backup command completed
[replicated fixture +14.136297709s] waiting for suspend replication
[replicated fixture +14.136334542s] suspend replicated
[replicated fixture +14.136409167s] verifying backup checkpoint
[replicated fixture +15.7106905s] backup checkpoint verification returned
[replicated fixture +15.710721875s] installing recovery targets
[replicated fixture +16.377761625s] recovery targets installed
[replicated fixture +16.377797709s] checking expired Initialize after owned target restart
target owned switch command=14535c72-d2ed-4912-8913-4212d058e3a5 previous_phase=false previous_cap=None replica=false stores=false group=false custody=false serving=false
target owned switch command=14535c72-d2ed-4912-8913-4212d058e3a5 previous_phase=false previous_cap=None replica=false stores=false group=false custody=false serving=false
target owned switch command=14535c72-d2ed-4912-8913-4212d058e3a5 previous_phase=false previous_cap=None replica=false stores=false group=false custody=false serving=false
target owned switch command=38314cf5-5a2e-406d-988c-621dfde0919b previous_phase=true previous_cap=Some(1790477066399) replica=false stores=true group=false custody=false serving=false
target owned switch command=38314cf5-5a2e-406d-988c-621dfde0919b previous_phase=true previous_cap=Some(1790477066399) replica=false stores=true group=false custody=false serving=false
target owned switch command=38314cf5-5a2e-406d-988c-621dfde0919b previous_phase=true previous_cap=Some(1790477066399) replica=false stores=true group=false custody=false serving=false
target RPC execution command=38314cf5-5a2e-406d-988c-621dfde0919b error=UnknownOutcome: target outcome unresolved; recover the exact committed identity
recovery dispatch failed: phase=164c570f-e421-4310-adca-813d8d7bec96 sequence=10 input=Target { node_id: 1, request: TargetRuntimeRequest { tenant: "acme", command_id: 38314cf5-5a2e-406d-988c-621dfde0919b, not_after_ms: 1790477083880, step: Initialize(TargetQuorumInput { origin_sha256: "d325d441374be4b3326b4da9a558b8c311a6cb776a6ca14cfd0d1bb9e0fa76c0", materialized: {1: SignedTargetMaterialization { fact: TargetMaterializationFact { origin: TargetOrigin { authority_manifest_sha256: "83567823983953faf4e939353ba2c46f60a35eda2ab8ad37a966ff86b8fe5f57", materialization: LifecycleIntent { request: CommitLifecycleIntent { command_id: 14535c72-d2ed-4912-8913-4212d058e3a5, expected_policy_epoch: 1, installation_sha256: "5e4a9cef90407ec224e2b36f2477efdca92a1179a61074f5eb013d867dbb06db", authority_partition: "f01d54a3-2fcb-4d17-9353-cf2e938fe29c/0", tenant: "acme", source_incarnation: 0422b110-785c-4e5f-8f43-b3dfe40626aa, source_authority_epoch: 1, target_incarnation: ceeec36f-4d14-424e-9ec6-9e19b4e40bdb, checkpoint: FullBackupCheckpoint { tenant: "acme", source_incarnation: "0422b110-785c-4e5f-8f43-b3dfe40626aa", revision: 4, resident_sha256: "09d8fc5866428f4f7a63ed973e38c420c5caf68271cd344bb82041edd851c907", backup_id: 4295a2f9-350d-4820-8dc3-14099184c640, manifest_ciphertext_sha256: "d4592cb97b33f45c1103833caedd17f2db3b2aaadc53fc06b0ba77e9ce9b23ae", key_lineage_digest: "a9c57c80b648829179e2f523102c05defdd579e158da6423ba246ddeff99da5f" }, target_nodes: {1: LifecycleNode { node_id: 1, verifier: TrustVerifierIdentity { installation_id: c8dc6624-3602-4edf-843f-9b7b15fa84da, node_id: 1 }, principal: "runtime-node-1", certificate_sha256: "bc4e5984b4cb1b0e45a01d4a035e2296235bf89855efec78c0e75f5b059e5bf3", attestation_public_key: "8f4fa4564a4dcf130d836d6d296bb327bc4b5502d376267e9af4069e07119e1a" }, 2: LifecycleNode { node_id: 2, verifier: TrustVerifierIdentity { installation_id: b930b043-5b51-4785-b91d-330b55cb34a3, node_id: 2 }, principal: "runtime-node-2", certificate_sha256: "ed5aa18b7ab0bc4f468f00fc3471f0bb8efc39d0aa5b081de603e2a726c0446f", attestation_public_key: "f74d9950dbc775cc8ce0bc05dc941f763c8c7124c2fbe18462411851d8353439" }, 3: LifecycleNode { node_id: 3, verifier: TrustVerifierIdentity { installation_id: db37a5bd-87a9-415e-b958-8af77e76175d, node_id: 3 }, principal: "runtime-node-3", certificate_sha256: "7929bbfb8cb9332689a319b46a25f3636a07134336fe8549b6b152f779f54242", attestation_public_key: "6aa51985dc94f10744ba9fd1b388e646521f84999e6e461a66ab416966b24cac" }}, phase: Materialize, phase_input_sha256: "3b645cc60e269deec0108762f58c35217f32cb5acb43110b5fdaa3d0ea7ab791", resume_origin: None }, request_sha256: "c362dd198d58635b8540c422ef59fe3cbaaa971857de7e236755868371a0604c", control_incarnation: 66ee8863-902d-45c8-a9ff-be31531be153, installation_generation: 1, original_principal: "operator", original_credential_expires_at_ms: 1790477066399, accepted_at_ms: 1790476947215, revision: 12 }, input: TargetMaterializationInput { destination_alias: "primary", backup_id: 4295a2f9-350d-4820-8dc3-14099184c640, source_purpose_sha256: "6fec8df35db7afa419a1693344c10d3c843081cb698d586d5fa2c62ab50ee3f9", target_incarnation: ceeec36f-4d14-424e-9ec6-9e19b4e40bdb, voters: {1: TargetPeer { endpoint: "https://localhost:49160", failure_domain: "zone-0" }, 2: TargetPeer { endpoint: "https://localhost:49164", failure_domain: "zone-1" }, 3: TargetPeer { endpoint: "https://localhost:49168", failure_domain: "zone-2" }} } }, node_id: 1, bootstrap_sha256: "584432d5a9382dbf089b30c10d132f3068d112d0b40efd75791758cbbaa1ae4b", revision_base: 5 }, signature: "030d50d9f2996c8c0c3d2a9b405a306d90bdbda7150328422d97c57191c68373ae423b05c05c17581ecefcff2233a5e5714939c7b741d75bc99c479e7ba59903" }, 2: SignedTargetMaterialization { fact: TargetMaterializationFact { origin: TargetOrigin { authority_manifest_sha256: "83567823983953faf4e939353ba2c46f60a35eda2ab8ad37a966ff86b8fe5f57", materialization: LifecycleIntent { request: CommitLifecycleIntent { command_id: 14535c72-d2ed-4912-8913-4212d058e3a5, expected_policy_epoch: 1, installation_sha256: "5e4a9cef90407ec224e2b36f2477efdca92a1179a61074f5eb013d867dbb06db", authority_partition: "f01d54a3-2fcb-4d17-9353-cf2e938fe29c/0", tenant: "acme", source_incarnation: 0422b110-785c-4e5f-8f43-b3dfe40626aa, source_authority_epoch: 1, target_incarnation: ceeec36f-4d14-424e-9ec6-9e19b4e40bdb, checkpoint: FullBackupCheckpoint { tenant: "acme", source_incarnation: "0422b110-785c-4e5f-8f43-b3dfe40626aa", revision: 4, resident_sha256: "09d8fc5866428f4f7a63ed973e38c420c5caf68271cd344bb82041edd851c907", backup_id: 4295a2f9-350d-4820-8dc3-14099184c640, manifest_ciphertext_sha256: "d4592cb97b33f45c1103833caedd17f2db3b2aaadc53fc06b0ba77e9ce9b23ae", key_lineage_digest: "a9c57c80b648829179e2f523102c05defdd579e158da6423ba246ddeff99da5f" }, target_nodes: {1: LifecycleNode { node_id: 1, verifier: TrustVerifierIdentity { installation_id: c8dc6624-3602-4edf-843f-9b7b15fa84da, node_id: 1 }, principal: "runtime-node-1", certificate_sha256: "bc4e5984b4cb1b0e45a01d4a035e2296235bf89855efec78c0e75f5b059e5bf3", attestation_public_key: "8f4fa4564a4dcf130d836d6d296bb327bc4b5502d376267e9af4069e07119e1a" }, 2: LifecycleNode { node_id: 2, verifier: TrustVerifierIdentity { installation_id: b930b043-5b51-4785-b91d-330b55cb34a3, node_id: 2 }, principal: "runtime-node-2", certificate_sha256: "ed5aa18b7ab0bc4f468f00fc3471f0bb8efc39d0aa5b081de603e2a726c0446f", attestation_public_key: "f74d9950dbc775cc8ce0bc05dc941f763c8c7124c2fbe18462411851d8353439" }, 3: LifecycleNode { node_id: 3, verifier: TrustVerifierIdentity { installation_id: db37a5bd-87a9-415e-b958-8af77e76175d, node_id: 3 }, principal: "runtime-node-3", certificate_sha256: "7929bbfb8cb9332689a319b46a25f3636a07134336fe8549b6b152f779f54242", attestation_public_key: "6aa51985dc94f10744ba9fd1b388e646521f84999e6e461a66ab416966b24cac" }}, phase: Materialize, phase_input_sha256: "3b645cc60e269deec0108762f58c35217f32cb5acb43110b5fdaa3d0ea7ab791", resume_origin: None }, request_sha256: "c362dd198d58635b8540c422ef59fe3cbaaa971857de7e236755868371a0604c", control_incarnation: 66ee8863-902d-45c8-a9ff-be31531be153, installation_generation: 1, original_principal: "operator", original_credential_expires_at_ms: 1790477066399, accepted_at_ms: 1790476947215, revision: 12 }, input: TargetMaterializationInput { destination_alias: "primary", backup_id: 4295a2f9-350d-4820-8dc3-14099184c640, source_purpose_sha256: "6fec8df35db7afa419a1693344c10d3c843081cb698d586d5fa2c62ab50ee3f9", target_incarnation: ceeec36f-4d14-424e-9ec6-9e19b4e40bdb, voters: {1: TargetPeer { endpoint: "https://localhost:49160", failure_domain: "zone-0" }, 2: TargetPeer { endpoint: "https://localhost:49164", failure_domain: "zone-1" }, 3: TargetPeer { endpoint: "https://localhost:49168", failure_domain: "zone-2" }} } }, node_id: 2, bootstrap_sha256: "584432d5a9382dbf089b30c10d132f3068d112d0b40efd75791758cbbaa1ae4b", revision_base: 5 }, signature: "c388e7fe31af088bc740a9c500b76ec463b772747d92a27f226de75e53b8db7dee34046411ebc6451d7454d0c18caf1924ea8d96950d98e722900b180f174e0a" }, 3: SignedTargetMaterialization { fact: TargetMaterializationFact { origin: TargetOrigin { authority_manifest_sha256: "83567823983953faf4e939353ba2c46f60a35eda2ab8ad37a966ff86b8fe5f57", materialization: LifecycleIntent { request: CommitLifecycleIntent { command_id: 14535c72-d2ed-4912-8913-4212d058e3a5, expected_policy_epoch: 1, installation_sha256: "5e4a9cef90407ec224e2b36f2477efdca92a1179a61074f5eb013d867dbb06db", authority_partition: "f01d54a3-2fcb-4d17-9353-cf2e938fe29c/0", tenant: "acme", source_incarnation: 0422b110-785c-4e5f-8f43-b3dfe40626aa, source_authority_epoch: 1, target_incarnation: ceeec36f-4d14-424e-9ec6-9e19b4e40bdb, checkpoint: FullBackupCheckpoint { tenant: "acme", source_incarnation: "0422b110-785c-4e5f-8f43-b3dfe40626aa", revision: 4, resident_sha256: "09d8fc5866428f4f7a63ed973e38c420c5caf68271cd344bb82041edd851c907", backup_id: 4295a2f9-350d-4820-8dc3-14099184c640, manifest_ciphertext_sha256: "d4592cb97b33f45c1103833caedd17f2db3b2aaadc53fc06b0ba77e9ce9b23ae", key_lineage_digest: "a9c57c80b648829179e2f523102c05defdd579e158da6423ba246ddeff99da5f" }, target_nodes: {1: LifecycleNode { node_id: 1, verifier: TrustVerifierIdentity { installation_id: c8dc6624-3602-4edf-843f-9b7b15fa84da, node_id: 1 }, principal: "runtime-node-1", certificate_sha256: "bc4e5984b4cb1b0e45a01d4a035e2296235bf89855efec78c0e75f5b059e5bf3", attestation_public_key: "8f4fa4564a4dcf130d836d6d296bb327bc4b5502d376267e9af4069e07119e1a" }, 2: LifecycleNode { node_id: 2, verifier: TrustVerifierIdentity { installation_id: b930b043-5b51-4785-b91d-330b55cb34a3, node_id: 2 }, principal: "runtime-node-2", certificate_sha256: "ed5aa18b7ab0bc4f468f00fc3471f0bb8efc39d0aa5b081de603e2a726c0446f", attestation_public_key: "f74d9950dbc775cc8ce0bc05dc941f763c8c7124c2fbe18462411851d8353439" }, 3: LifecycleNode { node_id: 3, verifier: TrustVerifierIdentity { installation_id: db37a5bd-87a9-415e-b958-8af77e76175d, node_id: 3 }, principal: "runtime-node-3", certificate_sha256: "7929bbfb8cb9332689a319b46a25f3636a07134336fe8549b6b152f779f54242", attestation_public_key: "6aa51985dc94f10744ba9fd1b388e646521f84999e6e461a66ab416966b24cac" }}, phase: Materialize, phase_input_sha256: "3b645cc60e269deec0108762f58c35217f32cb5acb43110b5fdaa3d0ea7ab791", resume_origin: None }, request_sha256: "c362dd198d58635b8540c422ef59fe3cbaaa971857de7e236755868371a0604c", control_incarnation: 66ee8863-902d-45c8-a9ff-be31531be153, installation_generation: 1, original_principal: "operator", original_credential_expires_at_ms: 1790477066399, accepted_at_ms: 1790476947215, revision: 12 }, input: TargetMaterializationInput { destination_alias: "primary", backup_id: 4295a2f9-350d-4820-8dc3-14099184c640, source_purpose_sha256: "6fec8df35db7afa419a1693344c10d3c843081cb698d586d5fa2c62ab50ee3f9", target_incarnation: ceeec36f-4d14-424e-9ec6-9e19b4e40bdb, voters: {1: TargetPeer { endpoint: "https://localhost:49160", failure_domain: "zone-0" }, 2: TargetPeer { endpoint: "https://localhost:49164", failure_domain: "zone-1" }, 3: TargetPeer { endpoint: "https://localhost:49168", failure_domain: "zone-2" }} } }, node_id: 3, bootstrap_sha256: "584432d5a9382dbf089b30c10d132f3068d112d0b40efd75791758cbbaa1ae4b", revision_base: 5 }, signature: "e4379ba79838745825005b5fdcaad9e53e49404c6fef5b94a822566ad3b693485581bc1554b7d7d6cbfdafc8a349d7d521f57b49f08aaa39242b691902e6c604" }} }) } } error=UnknownOutcome: recovery effect may be committed; resolve its exact retained outcome without another dispatch
waiting for original immutable Initialize cap: 98170 ms
test runtime::lifecycle_tests::three_runtime_nodes_inspect_expired_initialize_after_owned_target_restart has been running for over 60 seconds
recovery dispatch failed: phase=164c570f-e421-4310-adca-813d8d7bec96 sequence=10 input=Target { node_id: 1, request: TargetRuntimeRequest { tenant: "acme", command_id: 38314cf5-5a2e-406d-988c-621dfde0919b, not_after_ms: 1790477083880, step: Initialize(TargetQuorumInput { origin_sha256: "d325d441374be4b3326b4da9a558b8c311a6cb776a6ca14cfd0d1bb9e0fa76c0", materialized: {1: SignedTargetMaterialization { fact: TargetMaterializationFact { origin: TargetOrigin { authority_manifest_sha256: "83567823983953faf4e939353ba2c46f60a35eda2ab8ad37a966ff86b8fe5f57", materialization: LifecycleIntent { request: CommitLifecycleIntent { command_id: 14535c72-d2ed-4912-8913-4212d058e3a5, expected_policy_epoch: 1, installation_sha256: "5e4a9cef90407ec224e2b36f2477efdca92a1179a61074f5eb013d867dbb06db", authority_partition: "f01d54a3-2fcb-4d17-9353-cf2e938fe29c/0", tenant: "acme", source_incarnation: 0422b110-785c-4e5f-8f43-b3dfe40626aa, source_authority_epoch: 1, target_incarnation: ceeec36f-4d14-424e-9ec6-9e19b4e40bdb, checkpoint: FullBackupCheckpoint { tenant: "acme", source_incarnation: "0422b110-785c-4e5f-8f43-b3dfe40626aa", revision: 4, resident_sha256: "09d8fc5866428f4f7a63ed973e38c420c5caf68271cd344bb82041edd851c907", backup_id: 4295a2f9-350d-4820-8dc3-14099184c640, manifest_ciphertext_sha256: "d4592cb97b33f45c1103833caedd17f2db3b2aaadc53fc06b0ba77e9ce9b23ae", key_lineage_digest: "a9c57c80b648829179e2f523102c05defdd579e158da6423ba246ddeff99da5f" }, target_nodes: {1: LifecycleNode { node_id: 1, verifier: TrustVerifierIdentity { installation_id: c8dc6624-3602-4edf-843f-9b7b15fa84da, node_id: 1 }, principal: "runtime-node-1", certificate_sha256: "bc4e5984b4cb1b0e45a01d4a035e2296235bf89855efec78c0e75f5b059e5bf3", attestation_public_key: "8f4fa4564a4dcf130d836d6d296bb327bc4b5502d376267e9af4069e07119e1a" }, 2: LifecycleNode { node_id: 2, verifier: TrustVerifierIdentity { installation_id: b930b043-5b51-4785-b91d-330b55cb34a3, node_id: 2 }, principal: "runtime-node-2", certificate_sha256: "ed5aa18b7ab0bc4f468f00fc3471f0bb8efc39d0aa5b081de603e2a726c0446f", attestation_public_key: "f74d9950dbc775cc8ce0bc05dc941f763c8c7124c2fbe18462411851d8353439" }, 3: LifecycleNode { node_id: 3, verifier: TrustVerifierIdentity { installation_id: db37a5bd-87a9-415e-b958-8af77e76175d, node_id: 3 }, principal: "runtime-node-3", certificate_sha256: "7929bbfb8cb9332689a319b46a25f3636a07134336fe8549b6b152f779f54242", attestation_public_key: "6aa51985dc94f10744ba9fd1b388e646521f84999e6e461a66ab416966b24cac" }}, phase: Materialize, phase_input_sha256: "3b645cc60e269deec0108762f58c35217f32cb5acb43110b5fdaa3d0ea7ab791", resume_origin: None }, request_sha256: "c362dd198d58635b8540c422ef59fe3cbaaa971857de7e236755868371a0604c", control_incarnation: 66ee8863-902d-45c8-a9ff-be31531be153, installation_generation: 1, original_principal: "operator", original_credential_expires_at_ms: 1790477066399, accepted_at_ms: 1790476947215, revision: 12 }, input: TargetMaterializationInput { destination_alias: "primary", backup_id: 4295a2f9-350d-4820-8dc3-14099184c640, source_purpose_sha256: "6fec8df35db7afa419a1693344c10d3c843081cb698d586d5fa2c62ab50ee3f9", target_incarnation: ceeec36f-4d14-424e-9ec6-9e19b4e40bdb, voters: {1: TargetPeer { endpoint: "https://localhost:49160", failure_domain: "zone-0" }, 2: TargetPeer { endpoint: "https://localhost:49164", failure_domain: "zone-1" }, 3: TargetPeer { endpoint: "https://localhost:49168", failure_domain: "zone-2" }} } }, node_id: 1, bootstrap_sha256: "584432d5a9382dbf089b30c10d132f3068d112d0b40efd75791758cbbaa1ae4b", revision_base: 5 }, signature: "030d50d9f2996c8c0c3d2a9b405a306d90bdbda7150328422d97c57191c68373ae423b05c05c17581ecefcff2233a5e5714939c7b741d75bc99c479e7ba59903" }, 2: SignedTargetMaterialization { fact: TargetMaterializationFact { origin: TargetOrigin { authority_manifest_sha256: "83567823983953faf4e939353ba2c46f60a35eda2ab8ad37a966ff86b8fe5f57", materialization: LifecycleIntent { request: CommitLifecycleIntent { command_id: 14535c72-d2ed-4912-8913-4212d058e3a5, expected_policy_epoch: 1, installation_sha256: "5e4a9cef90407ec224e2b36f2477efdca92a1179a61074f5eb013d867dbb06db", authority_partition: "f01d54a3-2fcb-4d17-9353-cf2e938fe29c/0", tenant: "acme", source_incarnation: 0422b110-785c-4e5f-8f43-b3dfe40626aa, source_authority_epoch: 1, target_incarnation: ceeec36f-4d14-424e-9ec6-9e19b4e40bdb, checkpoint: FullBackupCheckpoint { tenant: "acme", source_incarnation: "0422b110-785c-4e5f-8f43-b3dfe40626aa", revision: 4, resident_sha256: "09d8fc5866428f4f7a63ed973e38c420c5caf68271cd344bb82041edd851c907", backup_id: 4295a2f9-350d-4820-8dc3-14099184c640, manifest_ciphertext_sha256: "d4592cb97b33f45c1103833caedd17f2db3b2aaadc53fc06b0ba77e9ce9b23ae", key_lineage_digest: "a9c57c80b648829179e2f523102c05defdd579e158da6423ba246ddeff99da5f" }, target_nodes: {1: LifecycleNode { node_id: 1, verifier: TrustVerifierIdentity { installation_id: c8dc6624-3602-4edf-843f-9b7b15fa84da, node_id: 1 }, principal: "runtime-node-1", certificate_sha256: "bc4e5984b4cb1b0e45a01d4a035e2296235bf89855efec78c0e75f5b059e5bf3", attestation_public_key: "8f4fa4564a4dcf130d836d6d296bb327bc4b5502d376267e9af4069e07119e1a" }, 2: LifecycleNode { node_id: 2, verifier: TrustVerifierIdentity { installation_id: b930b043-5b51-4785-b91d-330b55cb34a3, node_id: 2 }, principal: "runtime-node-2", certificate_sha256: "ed5aa18b7ab0bc4f468f00fc3471f0bb8efc39d0aa5b081de603e2a726c0446f", attestation_public_key: "f74d9950dbc775cc8ce0bc05dc941f763c8c7124c2fbe18462411851d8353439" }, 3: LifecycleNode { node_id: 3, verifier: TrustVerifierIdentity { installation_id: db37a5bd-87a9-415e-b958-8af77e76175d, node_id: 3 }, principal: "runtime-node-3", certificate_sha256: "7929bbfb8cb9332689a319b46a25f3636a07134336fe8549b6b152f779f54242", attestation_public_key: "6aa51985dc94f10744ba9fd1b388e646521f84999e6e461a66ab416966b24cac" }}, phase: Materialize, phase_input_sha256: "3b645cc60e269deec0108762f58c35217f32cb5acb43110b5fdaa3d0ea7ab791", resume_origin: None }, request_sha256: "c362dd198d58635b8540c422ef59fe3cbaaa971857de7e236755868371a0604c", control_incarnation: 66ee8863-902d-45c8-a9ff-be31531be153, installation_generation: 1, original_principal: "operator", original_credential_expires_at_ms: 1790477066399, accepted_at_ms: 1790476947215, revision: 12 }, input: TargetMaterializationInput { destination_alias: "primary", backup_id: 4295a2f9-350d-4820-8dc3-14099184c640, source_purpose_sha256: "6fec8df35db7afa419a1693344c10d3c843081cb698d586d5fa2c62ab50ee3f9", target_incarnation: ceeec36f-4d14-424e-9ec6-9e19b4e40bdb, voters: {1: TargetPeer { endpoint: "https://localhost:49160", failure_domain: "zone-0" }, 2: TargetPeer { endpoint: "https://localhost:49164", failure_domain: "zone-1" }, 3: TargetPeer { endpoint: "https://localhost:49168", failure_domain: "zone-2" }} } }, node_id: 2, bootstrap_sha256: "584432d5a9382dbf089b30c10d132f3068d112d0b40efd75791758cbbaa1ae4b", revision_base: 5 }, signature: "c388e7fe31af088bc740a9c500b76ec463b772747d92a27f226de75e53b8db7dee34046411ebc6451d7454d0c18caf1924ea8d96950d98e722900b180f174e0a" }, 3: SignedTargetMaterialization { fact: TargetMaterializationFact { origin: TargetOrigin { authority_manifest_sha256: "83567823983953faf4e939353ba2c46f60a35eda2ab8ad37a966ff86b8fe5f57", materialization: LifecycleIntent { request: CommitLifecycleIntent { command_id: 14535c72-d2ed-4912-8913-4212d058e3a5, expected_policy_epoch: 1, installation_sha256: "5e4a9cef90407ec224e2b36f2477efdca92a1179a61074f5eb013d867dbb06db", authority_partition: "f01d54a3-2fcb-4d17-9353-cf2e938fe29c/0", tenant: "acme", source_incarnation: 0422b110-785c-4e5f-8f43-b3dfe40626aa, source_authority_epoch: 1, target_incarnation: ceeec36f-4d14-424e-9ec6-9e19b4e40bdb, checkpoint: FullBackupCheckpoint { tenant: "acme", source_incarnation: "0422b110-785c-4e5f-8f43-b3dfe40626aa", revision: 4, resident_sha256: "09d8fc5866428f4f7a63ed973e38c420c5caf68271cd344bb82041edd851c907", backup_id: 4295a2f9-350d-4820-8dc3-14099184c640, manifest_ciphertext_sha256: "d4592cb97b33f45c1103833caedd17f2db3b2aaadc53fc06b0ba77e9ce9b23ae", key_lineage_digest: "a9c57c80b648829179e2f523102c05defdd579e158da6423ba246ddeff99da5f" }, target_nodes: {1: LifecycleNode { node_id: 1, verifier: TrustVerifierIdentity { installation_id: c8dc6624-3602-4edf-843f-9b7b15fa84da, node_id: 1 }, principal: "runtime-node-1", certificate_sha256: "bc4e5984b4cb1b0e45a01d4a035e2296235bf89855efec78c0e75f5b059e5bf3", attestation_public_key: "8f4fa4564a4dcf130d836d6d296bb327bc4b5502d376267e9af4069e07119e1a" }, 2: LifecycleNode { node_id: 2, verifier: TrustVerifierIdentity { installation_id: b930b043-5b51-4785-b91d-330b55cb34a3, node_id: 2 }, principal: "runtime-node-2", certificate_sha256: "ed5aa18b7ab0bc4f468f00fc3471f0bb8efc39d0aa5b081de603e2a726c0446f", attestation_public_key: "f74d9950dbc775cc8ce0bc05dc941f763c8c7124c2fbe18462411851d8353439" }, 3: LifecycleNode { node_id: 3, verifier: TrustVerifierIdentity { installation_id: db37a5bd-87a9-415e-b958-8af77e76175d, node_id: 3 }, principal: "runtime-node-3", certificate_sha256: "7929bbfb8cb9332689a319b46a25f3636a07134336fe8549b6b152f779f54242", attestation_public_key: "6aa51985dc94f10744ba9fd1b388e646521f84999e6e461a66ab416966b24cac" }}, phase: Materialize, phase_input_sha256: "3b645cc60e269deec0108762f58c35217f32cb5acb43110b5fdaa3d0ea7ab791", resume_origin: None }, request_sha256: "c362dd198d58635b8540c422ef59fe3cbaaa971857de7e236755868371a0604c", control_incarnation: 66ee8863-902d-45c8-a9ff-be31531be153, installation_generation: 1, original_principal: "operator", original_credential_expires_at_ms: 1790477066399, accepted_at_ms: 1790476947215, revision: 12 }, input: TargetMaterializationInput { destination_alias: "primary", backup_id: 4295a2f9-350d-4820-8dc3-14099184c640, source_purpose_sha256: "6fec8df35db7afa419a1693344c10d3c843081cb698d586d5fa2c62ab50ee3f9", target_incarnation: ceeec36f-4d14-424e-9ec6-9e19b4e40bdb, voters: {1: TargetPeer { endpoint: "https://localhost:49160", failure_domain: "zone-0" }, 2: TargetPeer { endpoint: "https://localhost:49164", failure_domain: "zone-1" }, 3: TargetPeer { endpoint: "https://localhost:49168", failure_domain: "zone-2" }} } }, node_id: 3, bootstrap_sha256: "584432d5a9382dbf089b30c10d132f3068d112d0b40efd75791758cbbaa1ae4b", revision_base: 5 }, signature: "e4379ba79838745825005b5fdcaad9e53e49404c6fef5b94a822566ad3b693485581bc1554b7d7d6cbfdafc8a349d7d521f57b49f08aaa39242b691902e6c604" }} }) } } error=Conflict: original recovery dispatch is no longer eligible
target owned switch command=d01d2554-3764-492b-9e7b-8ca49c081e9f previous_phase=false previous_cap=None replica=false stores=false group=false custody=false serving=false
target owned switch command=d01d2554-3764-492b-9e7b-8ca49c081e9f previous_phase=false previous_cap=None replica=false stores=false group=false custody=false serving=false
target owned switch command=d01d2554-3764-492b-9e7b-8ca49c081e9f previous_phase=false previous_cap=None replica=false stores=false group=false custody=false serving=false
[replicated fixture +178.565965s] expired Initialize after owned target restart checked
test runtime::lifecycle_tests::three_runtime_nodes_inspect_expired_initialize_after_owned_target_restart ... ok

test result: ok. 1 passed; 0 failed; 0 ignored; 0 measured; 261 filtered out; finished in 178.70s

