    Finished `test` profile [unoptimized + debuginfo] target(s) in 0.36s
     Running unittests src/lib.rs (target/debug/deps/kasumi_engine-969cf34bf45c4a12)

running 18 tests
test target_journal::open_tests::paused_registry_handoff_cannot_publish_two_journal_mutation_owners ... ok
test target_journal::open_tests::journal_rejects_foreign_equal_policy_core_before_creating_or_reopening_head ... ok
test target_journal::open_tests::installed_empty_journal_reopens_only_its_exact_node_after_owner_drain ... ok
test target_journal::open_tests::corrupt_or_wrong_installed_journal_head_is_rejected_without_replacement ... ok
test target_journal::open_tests::marked_initial_dispatch_requires_exact_phase_attempt_and_lifecycle ... ok
test target_journal::open_tests::missing_journal_head_never_initializes_and_explicit_installation_cannot_repeat ... ok
test target_journal::open_tests::current_intent_and_generation_require_current_writer_bytes_on_reopen ... ok
test target_journal::open_tests::current_head_requires_exact_current_json_bytes ... ok
test target_journal::open_tests::terminal_reserve_failure_never_writes_an_accepted_dispatch ... ok
test target_journal::open_tests::serving_candidate_point_read_and_reopen_reject_alternate_json ... ok
test target_journal::open_tests::exact_dispatch_reservation_is_one_use_and_reopen_recounts_terminal_capacity ... ok
test target_journal::open_tests::previous_formats_and_corrupt_dispatch_or_accounting_fail_closed_on_reopen ... ok
test target_journal::open_tests::first_membership_terminal_requires_history_and_uses_original_reserved_capacity ... ok
test target_journal::open_tests::verified_initial_prebind_persists_reopens_and_rejects_substituted_accepted_row ... ok
test target_journal::open_tests::historical_initial_membership_requires_exact_control_journal_and_applied_custody ... ok
test target_journal::open_tests::first_membership_terminal_rejects_substitution_missing_custody_and_torn_accounting ... ok
test target_journal::open_tests::accepted_dispatch_derives_only_exact_signed_initial_membership ... ok
test target_journal::open_tests::first_prebind_rejects_partial_or_competing_raft_identity_without_repair ... ok

test result: ok. 18 passed; 0 failed; 0 ignored; 0 measured; 306 filtered out; finished in 4.39s

