   Compiling kasumi-types v0.1.0 (/Users/takemiyamakoto/dev/kasumi/crates/kasumi-types)
warning: method `matches_response_id` is never used
   --> vendor/rmcp-3.2.0/src/model.rs:251:19
    |
236 | impl NumberOrString {
    | ------------------- method in this implementation
...
251 |     pub(crate) fn matches_response_id(&self, response_id: &Self) -> bool {
    |                   ^^^^^^^^^^^^^^^^^^^
    |
    = note: `#[warn(dead_code)]` (part of `#[warn(unused)]`) on by default

warning: method `set_client_request_metadata` is never used
    --> vendor/rmcp-3.2.0/src/service.rs:1032:19
     |
 806 | impl<R: ServiceRole> Peer<R> {
     | ---------------------------- method in this implementation
...
1032 |     pub(crate) fn set_client_request_metadata(&self, metadata: ClientRequestMetadata) {
     |                   ^^^^^^^^^^^^^^^^^^^^^^^^^^^

warning: method `is_authorization_required` is never used
   --> vendor/rmcp-3.2.0/src/transport.rs:275:19
    |
249 | impl DynamicTransportError {
    | -------------------------- method in this implementation
...
275 |     pub(crate) fn is_authorization_required(&self) -> bool {
    |                   ^^^^^^^^^^^^^^^^^^^^^^^^^

warning: `rmcp` (lib) generated 3 warnings
   Compiling kasumi-serving v0.1.0 (/Users/takemiyamakoto/dev/kasumi/crates/kasumi-serving)
   Compiling kasumi-query v0.1.0 (/Users/takemiyamakoto/dev/kasumi/crates/kasumi-query)
   Compiling kasumi-store v0.1.0 (/Users/takemiyamakoto/dev/kasumi/crates/kasumi-store)
   Compiling kasumi-client v0.1.0 (/Users/takemiyamakoto/dev/kasumi/crates/kasumi-client)
   Compiling kasumi-raft v0.1.0 (/Users/takemiyamakoto/dev/kasumi/crates/kasumi-raft)
   Compiling kasumi-engine v0.1.0 (/Users/takemiyamakoto/dev/kasumi/crates/kasumi-engine)
   Compiling kasumi-authority v0.1.0 (/Users/takemiyamakoto/dev/kasumi/crates/kasumi-authority)
error[E0046]: not all trait items implemented, missing: `apply_metadata`
   --> crates/kasumi-authority/src/state.rs:965:1
    |
965 | impl StateMachineBackend for Backend {
    | ^^^^^^^^^^^^^^^^^^^^^^^^^^^^^^^^^^^^ missing `apply_metadata` in implementation
    |
    = help: implement the missing item: `fn apply_metadata(&self, _: &kasumi_raft::AppliedEntryContext) -> std::result::Result<(), anyhow::Error> { todo!() }`

For more information about this error, try `rustc --explain E0046`.
error: could not compile `kasumi-authority` (lib) due to 1 previous error
warning: build failed, waiting for other jobs to finish...
