   Compiling futures-util v0.3.34
   Compiling serde v1.0.229
   Compiling ring v0.17.14
   Compiling hyper v1.11.1
   Compiling serde_json v1.0.151 (/Users/takemiyamakoto/dev/kasumi/vendor/serde_json-1.0.151)
   Compiling url v2.5.8
   Compiling clap v4.6.6
   Compiling cobs v0.3.0
   Compiling serde_urlencoded v0.7.1
   Compiling anyerror v0.1.13
   Compiling postcard v1.1.3
   Compiling rustls-webpki v0.103.15
   Compiling hyper-util v0.1.20
   Compiling tower v0.5.3
   Compiling futures-executor v0.3.34
   Compiling validit v0.2.6
   Compiling kasumi-types v0.1.0 (/Users/takemiyamakoto/dev/kasumi/crates/kasumi-types)
   Compiling rustls v0.23.43
   Compiling futures v0.3.34
   Compiling hyper-timeout v0.5.2
   Compiling tower-http v0.6.11
   Compiling openraft v0.9.25 (/Users/takemiyamakoto/dev/kasumi/vendor/openraft-0.9.25/openraft)
   Compiling tonic v0.14.6
   Compiling tokio-rustls v0.26.5
   Compiling hyper-rustls v0.27.9
   Compiling kasumi-transport v0.1.0 (/Users/takemiyamakoto/dev/kasumi/crates/kasumi-transport)
   Compiling reqwest v0.12.28
   Compiling kasumi-serving v0.1.0 (/Users/takemiyamakoto/dev/kasumi/crates/kasumi-serving)
   Compiling kasumi-store v0.1.0 (/Users/takemiyamakoto/dev/kasumi/crates/kasumi-store)
   Compiling kasumi-raft v0.1.0 (/Users/takemiyamakoto/dev/kasumi/crates/kasumi-raft)
    Finished `test` profile [unoptimized + debuginfo] target(s) in 31.50s
     Running unittests src/lib.rs (target/debug/deps/kasumi_raft-e06a74e857a1ccfc)

running 1 test
test storage::tests::first_membership_snapshot_install_reopen_and_substitution_are_bound ... ok

test result: ok. 1 passed; 0 failed; 0 ignored; 0 measured; 89 filtered out; finished in 0.16s

