time="2026-09-08T21:42:57+09:00" level=info msg="Sending SIGINT to hostagent process 20520"
time="2026-09-08T21:42:57+09:00" level=info msg="Waiting for the host agent and the driver processes to shut down"
time="2026-09-08T21:42:57+09:00" level=info msg="[hostagent] Received SIGINT, shutting down the host agent"
time="2026-09-08T21:42:57+09:00" level=info msg="[hostagent] Shutting down the host agent"
time="2026-09-08T21:42:57+09:00" level=info msg="[hostagent] Shutting down VZ"
time="2026-09-08T21:42:59+09:00" level=info msg="[hostagent] [VZ] - vm state change: stopped"
time="2026-09-08T21:42:59+09:00" level=info msg="Waiting for the instance to shut down"
time="2026-09-08T21:42:59+09:00" level=info msg="The instance kasumi-production-arm64 has shut down"
time="2026-09-08T21:43:00+09:00" level=info msg="Instance `kasumi-production-arm64` configuration edited"
time="2026-09-08T21:43:00+09:00" level=info msg="Using the existing instance `kasumi-production-arm64`"
time="2026-09-08T21:43:00+09:00" level=info msg="Starting the instance `kasumi-production-arm64` with internal VM driver `vz`"
time="2026-09-08T21:43:00+09:00" level=info msg="[hostagent] TCP (except for SSH) and UDP port forwarding is disabled"
time="2026-09-08T21:43:00+09:00" level=info msg="[hostagent] hostagent socket created at /Users/mtakemiya/.lima/kasumi-production-arm64/ha.sock"
time="2026-09-08T21:43:00+09:00" level=info msg="[hostagent] Starting VZ (hint: to watch the boot progress, see `/Users/mtakemiya/.lima/kasumi-production-arm64/serial*.log`)"
time="2026-09-08T21:43:00+09:00" level=info msg="[hostagent] Setting up Rosetta share"
time="2026-09-08T21:43:01+09:00" level=info msg="[hostagent] [VZ] - vm state change: running"
time="2026-09-08T21:43:07+09:00" level=info msg="[hostagent] Started vsock forwarder: 127.0.0.1:62438 -> vsock:22 on VM"
time="2026-09-08T21:43:07+09:00" level=info msg="[hostagent] Detected SSH server is listening on the vsock port; changed 127.0.0.1:62438 to proxy for the vsock port"
time="2026-09-08T21:43:08+09:00" level=info msg="SSH Local Port: 62438"
time="2026-09-08T21:43:08+09:00" level=info msg="[hostagent] Waiting for the essential requirement 1 of 3: `ssh`"
time="2026-09-08T21:43:08+09:00" level=info msg="[hostagent] The essential requirement 1 of 3 is satisfied"
time="2026-09-08T21:43:08+09:00" level=info msg="[hostagent] Waiting for the essential requirement 2 of 3: `user session is ready for ssh`"
time="2026-09-08T21:43:12+09:00" level=info msg="[hostagent] The essential requirement 2 of 3 is satisfied"
time="2026-09-08T21:43:12+09:00" level=info msg="[hostagent] Waiting for the essential requirement 3 of 3: `Explicitly start ssh ControlMaster`"
time="2026-09-08T21:43:12+09:00" level=info msg="[hostagent] The essential requirement 3 of 3 is satisfied"
time="2026-09-08T21:43:12+09:00" level=info msg="[hostagent] Waiting for the guest agent to be running"
time="2026-09-08T21:43:12+09:00" level=info msg="[hostagent] Guest agent is running"
time="2026-09-08T21:43:12+09:00" level=info msg="[hostagent] Waiting for the final requirement 1 of 1: `boot scripts must have finished`"
time="2026-09-08T21:43:12+09:00" level=info msg="[hostagent] Time sync: guest agent is alive, starting time synchronization"
time="2026-09-08T21:43:12+09:00" level=info msg="[hostagent] The final requirement 1 of 1 is satisfied"
time="2026-09-08T21:43:12+09:00" level=info msg="READY. Run `limactl shell kasumi-production-arm64` to open the shell."
