
running 24 tests
test node_disk::directory::cursor::tests::alias_denial_and_cancellation_preserve_exact_cursor_and_directory_lifetimes ... ok
test node_disk::directory::cursor::tests::an_unenrolled_actual_entry_fences_and_failed_cursor_cannot_report_later_eof ... ok
test node_disk::directory::cursor::tests::cancellation_preserves_independent_close_error_and_explicit_close_cannot_report_success ... ok
test node_disk::directory::cursor::tests::census_workspace_cursor_limit_does_not_reduce_independent_directory_handle_limit ... ok
test node_disk::directory::cursor::tests::configured_name_boundary_is_read_without_truncation_or_native_name_copy ... ok
test node_disk::directory::cursor::tests::explicit_failed_partial_page_close_cannot_advertise_later_eof ... ok
test node_disk::directory::cursor::tests::managed_same_extent_rename_invalidates_scan_without_fencing_healthy_storage ... ok
test node_disk::directory::cursor::tests::repeated_independent_streams_borrow_bounded_names_and_retire_without_allocating ... ok
test node_disk::directory::cursor::tests::same_length_raw_sparse_materialization_rejects_changed_settled_extent ... ok
test node_disk::directory::cursor::tests::stream_fd_and_buffer_close_before_cursor_credit_and_before_directory_owner_drain ... ok
test node_disk::directory::cursor::tests::uncertain_stream_close_retains_the_actual_installed_owner_after_all_external_arcs_drop ... ok
test node_disk::fixed_map::tests::absent_insertion_rebuilds_before_effect_without_any_new_allocation ... ok
test node_disk::fixed_map::tests::empty_tombstones_require_drain_not_clear_and_reset_does_not_allocate ... ok
test node_disk::fixed_map::tests::failed_and_cancelled_real_census_preserve_old_enrollment_then_publish_complete_candidate ... ok
test node_disk::fixed_map::tests::native_entry_geometry_preserves_original_million_entry_and_handle_policy ... inode_pair_size=112 inode_pair_align=8 live_pair_size=24 live_pair_align=8 inode_two_banks_requested=947912736 live_two_banks_requested=409632 cfg_test_owner=1332145900 physical_allocator_RSS_fit=UNQUALIFIED
ok
test node_disk::fixed_map::tests::occupied_replacement_at_zero_growth_does_not_call_hashmap_insert ... ok
test node_disk::fixed_map::tests::panic_during_spare_copy_preserves_complete_published_active_map ... ok
test node_disk::fixed_map::tests::pinned_requested_bytes_cover_exact_two_bank_allocations_without_growth_factor ... ok
test node_disk::fixed_map::tests::repeated_churn_retains_every_logical_slot_without_allocating_or_reducing_limits ... ok
test node_disk::fixed_map::tests::smaller_census_stage_preserves_full_retained_quota_after_swap_and_cancel ... ok
test node_disk::ledger::tests::peak_cardinality_overflow_fails_before_allocation ... ok
test node_disk::ledger::tests::retained_and_replacement_bounds_preserve_independent_file_capacity ... ok
test node_disk::ledger::tests::typed_entries_never_reinterpret_another_inode_kind ... ok
test node_disk::ledger::tests::unified_identity_rejects_cross_kind_double_enrollment ... ok

test result: ok. 24 passed; 0 failed; 0 ignored; 0 measured; 5 filtered out; finished in 0.47s

