    Checking kasumi-types v0.1.0 (/private/tmp/kasumi-production-standalone/crates/kasumi-types)
    Checking kasumi-serving v0.1.0 (/private/tmp/kasumi-production-standalone/crates/kasumi-serving)
    Checking kasumi-query v0.1.0 (/private/tmp/kasumi-production-standalone/crates/kasumi-query)
    Checking kasumi-store v0.1.0 (/private/tmp/kasumi-production-standalone/crates/kasumi-store)
    Checking kasumi-client v0.1.0 (/private/tmp/kasumi-production-standalone/crates/kasumi-client)
    Checking kasumi-raft v0.1.0 (/private/tmp/kasumi-production-standalone/crates/kasumi-raft)
    Checking kasumi-engine v0.1.0 (/private/tmp/kasumi-production-standalone/crates/kasumi-engine)
    Checking kasumi-authority v0.1.0 (/private/tmp/kasumi-production-standalone/crates/kasumi-authority)
error: this `if` statement can be collapsed
    --> crates/kasumi-engine/src/recovery_state.rs:1689:9
     |
1689 | /         if let Some(id) = operation.route_publication {
1690 | |             if !matches!(
1691 | |                 (
1692 | |                     &phase(state, operation, id)?.input,
...    |
1702 | |         }
     | |_________^
     |
     = help: for further information visit https://rust-lang.github.io/rust-clippy/rust-1.97.0/index.html#collapsible_if
     = note: `-D clippy::collapsible-if` implied by `-D warnings`
     = help: to override `-D warnings` add `#[allow(clippy::collapsible_if)]`
help: collapse nested if block
     |
1689 ~         if let Some(id) = operation.route_publication
1690 ~             && !matches!(
1691 |                 (
 ...
1700 |                 return Err(conflict("route publication reference differs"));
1701 ~             }
     |

error: could not compile `kasumi-engine` (lib) due to 1 previous error
warning: build failed, waiting for other jobs to finish...
